Linux 6.12.87 (pi5-2) 	06/19/2026 	_aarch64_	(4 CPU)

09:29:08 PM  CPU    %usr   %nice    %sys %iowait    %irq   %soft  %steal  %guest  %gnice   %idle
09:29:09 PM  all    0.00    0.00    4.15    0.00    1.30   13.47    0.00    0.00    0.00   81.09
09:29:09 PM    0    0.00    0.00    2.97    0.00    3.96   18.81    0.00    0.00    0.00   74.26
09:29:09 PM    1    0.00    0.00    5.26    0.00    1.05   11.58    0.00    0.00    0.00   82.11
09:29:09 PM    2    0.00    0.00    3.16    0.00    0.00    9.47    0.00    0.00    0.00   87.37
09:29:09 PM    3    0.00    0.00    5.26    0.00    0.00   13.68    0.00    0.00    0.00   81.05

09:29:09 PM  CPU    %usr   %nice    %sys %iowait    %irq   %soft  %steal  %guest  %gnice   %idle
09:29:10 PM  all    0.52    0.00    6.70    0.00    2.06   17.78    0.00    0.00    0.00   72.94
09:29:10 PM    0    1.01    0.00    1.01    0.00    6.06   23.23    0.00    0.00    0.00   68.69
09:29:10 PM    1    0.00    0.00    7.22    0.00    0.00   12.37    0.00    0.00    0.00   80.41
09:29:10 PM    2    1.05    0.00    9.47    0.00    1.05   20.00    0.00    0.00    0.00   68.42
09:29:10 PM    3    0.00    0.00    9.28    0.00    1.03   15.46    0.00    0.00    0.00   74.23

09:29:10 PM  CPU    %usr   %nice    %sys %iowait    %irq   %soft  %steal  %guest  %gnice   %idle
09:29:11 PM  all    0.26    0.00    5.48    0.00    2.35   18.02    0.00    0.00    0.00   73.89
09:29:11 PM    0    0.00    0.00    1.01    0.00    5.05   23.23    0.00    0.00    0.00   70.71
09:29:11 PM    1    0.00    0.00    5.26    0.00    1.05   12.63    0.00    0.00    0.00   81.05
09:29:11 PM    2    0.00    0.00    9.57    0.00    2.13   20.21    0.00    0.00    0.00   68.09
09:29:11 PM    3    1.05    0.00    6.32    0.00    1.05   15.79    0.00    0.00    0.00   75.79

09:29:11 PM  CPU    %usr   %nice    %sys %iowait    %irq   %soft  %steal  %guest  %gnice   %idle
09:29:12 PM  all    0.26    0.00    6.32    0.26    2.11   17.89    0.00    0.00    0.00   73.16
09:29:12 PM    0    0.00    0.00    1.01    0.00    5.05   22.22    0.00    0.00    0.00   71.72
09:29:12 PM    1    0.00    0.00    8.33    0.00    1.04   14.58    0.00    0.00    0.00   76.04
09:29:12 PM    2    1.09    0.00   10.87    1.09    1.09   20.65    0.00    0.00    0.00   65.22
09:29:12 PM    3    0.00    0.00    5.38    0.00    1.08   13.98    0.00    0.00    0.00   79.57

09:29:12 PM  CPU    %usr   %nice    %sys %iowait    %irq   %soft  %steal  %guest  %gnice   %idle
09:29:13 PM  all    0.26    0.00    5.48    0.00    2.61   17.75    0.00    0.00    0.00   73.89
09:29:13 PM    0    0.00    0.00    2.02    0.00    6.06   23.23    0.00    0.00    0.00   68.69
09:29:13 PM    1    1.06    0.00    8.51    0.00    2.13   20.21    0.00    0.00    0.00   68.09
09:29:13 PM    2    0.00    0.00    6.38    0.00    1.06   15.96    0.00    0.00    0.00   76.60
09:29:13 PM    3    0.00    0.00    5.21    0.00    1.04   11.46    0.00    0.00    0.00   82.29

09:29:13 PM  CPU    %usr   %nice    %sys %iowait    %irq   %soft  %steal  %guest  %gnice   %idle
09:29:14 PM  all    0.26    0.00    6.54    0.00    2.09   17.54    0.00    0.00    0.00   73.56
09:29:14 PM    0    0.00    0.00    1.04    0.00    5.21   23.96    0.00    0.00    0.00   69.79
09:29:14 PM    1    0.00    0.00    8.89    0.00    1.11   22.22    0.00    0.00    0.00   67.78
09:29:14 PM    2    0.00    0.00    8.25    0.00    1.03   12.37    0.00    0.00    0.00   78.35
09:29:14 PM    3    1.01    0.00    8.08    0.00    1.01   12.12    0.00    0.00    0.00   77.78

09:29:14 PM  CPU    %usr   %nice    %sys %iowait    %irq   %soft  %steal  %guest  %gnice   %idle
09:29:15 PM  all    0.26    0.00    6.96    0.00    2.06   17.78    0.00    0.00    0.00   72.94
09:29:15 PM    0    0.00    0.00    1.00    0.00    5.00   23.00    0.00    0.00    0.00   71.00
09:29:15 PM    1    1.04    0.00    9.38    0.00    1.04   17.71    0.00    0.00    0.00   70.83
09:29:15 PM    2    0.00    0.00    7.22    0.00    1.03   13.40    0.00    0.00    0.00   78.35
09:29:15 PM    3    0.00    0.00   10.53    0.00    1.05   16.84    0.00    0.00    0.00   71.58

09:29:15 PM  CPU    %usr   %nice    %sys %iowait    %irq   %soft  %steal  %guest  %gnice   %idle
09:29:16 PM  all    0.51    0.00    7.18    0.00    2.31   17.44    0.00    0.00    0.00   72.56
09:29:16 PM    0    0.00    0.00    3.00    0.00    6.00   23.00    0.00    0.00    0.00   68.00
09:29:16 PM    1    1.04    0.00    7.29    0.00    1.04   14.58    0.00    0.00    0.00   76.04
09:29:16 PM    2    1.05    0.00   10.53    0.00    1.05   20.00    0.00    0.00    0.00   67.37
09:29:16 PM    3    0.00    0.00    8.08    0.00    1.01   12.12    0.00    0.00    0.00   78.79

09:29:16 PM  CPU    %usr   %nice    %sys %iowait    %irq   %soft  %steal  %guest  %gnice   %idle
09:29:17 PM  all    0.26    0.00    6.02    0.26    2.09   17.80    0.00    0.00    0.00   73.56
09:29:17 PM    0    0.00    0.00    1.02    0.00    5.10   23.47    0.00    0.00    0.00   70.41
09:29:17 PM    1    0.00    0.00    8.33    0.00    1.04   14.58    0.00    0.00    0.00   76.04
09:29:17 PM    2    1.04    0.00    7.29    1.04    1.04   14.58    0.00    0.00    0.00   75.00
09:29:17 PM    3    0.00    0.00    7.61    0.00    1.09   18.48    0.00    0.00    0.00   72.83

09:29:17 PM  CPU    %usr   %nice    %sys %iowait    %irq   %soft  %steal  %guest  %gnice   %idle
09:29:18 PM  all    0.00    0.00    6.23    0.00    2.08   18.18    0.00    0.00    0.00   73.51
09:29:18 PM    0    0.00    0.00    1.01    0.00    5.05   22.22    0.00    0.00    0.00   71.72
09:29:18 PM    1    0.00    0.00    9.28    0.00    1.03   16.49    0.00    0.00    0.00   73.20
09:29:18 PM    2    0.00    0.00    7.37    0.00    1.05   15.79    0.00    0.00    0.00   75.79
09:29:18 PM    3    0.00    0.00    7.45    0.00    1.06   18.09    0.00    0.00    0.00   73.40

09:29:18 PM  CPU    %usr   %nice    %sys %iowait    %irq   %soft  %steal  %guest  %gnice   %idle
09:29:19 PM  all    0.00    0.00    7.25    0.00    2.07   17.62    0.00    0.00    0.00   73.06
09:29:19 PM    0    0.00    0.00    0.00    0.00    5.05   22.22    0.00    0.00    0.00   72.73
09:29:19 PM    1    0.00    0.00    9.28    0.00    1.03   12.37    0.00    0.00    0.00   77.32
09:29:19 PM    2    0.00    0.00    8.42    0.00    1.05   16.84    0.00    0.00    0.00   73.68
09:29:19 PM    3    0.00    0.00   11.58    0.00    1.05   18.95    0.00    0.00    0.00   68.42

09:29:19 PM  CPU    %usr   %nice    %sys %iowait    %irq   %soft  %steal  %guest  %gnice   %idle
09:29:20 PM  all    0.26    0.00    5.73    0.00    2.34   17.71    0.00    0.00    0.00   73.96
09:29:20 PM    0    0.00    0.00    0.00    0.00    6.06   22.22    0.00    0.00    0.00   71.72
09:29:20 PM    1    1.04    0.00    8.33    0.00    1.04   17.71    0.00    0.00    0.00   71.88
09:29:20 PM    2    0.00    0.00    7.45    0.00    1.06   14.89    0.00    0.00    0.00   76.60
09:29:20 PM    3    0.00    0.00    7.37    0.00    1.05   15.79    0.00    0.00    0.00   75.79

09:29:20 PM  CPU    %usr   %nice    %sys %iowait    %irq   %soft  %steal  %guest  %gnice   %idle
09:29:21 PM  all    0.00    0.00    5.26    0.00    2.11   18.16    0.00    0.00    0.00   74.47
09:29:21 PM    0    0.00    0.00    1.01    0.00    5.05   22.22    0.00    0.00    0.00   71.72
09:29:21 PM    1    0.00    0.00    6.25    0.00    1.04   12.50    0.00    0.00    0.00   80.21
09:29:21 PM    2    0.00    0.00    9.68    0.00    1.08   21.51    0.00    0.00    0.00   67.74
09:29:21 PM    3    0.00    0.00    4.35    0.00    1.09   16.30    0.00    0.00    0.00   78.26

09:29:21 PM  CPU    %usr   %nice    %sys %iowait    %irq   %soft  %steal  %guest  %gnice   %idle
09:29:22 PM  all    0.52    0.00    5.74    0.00    2.09   17.75    0.00    0.00    0.00   73.89
09:29:22 PM    0    0.00    0.00    1.02    0.00    5.10   23.47    0.00    0.00    0.00   70.41
09:29:22 PM    1    1.06    0.00    7.45    0.00    1.06   18.09    0.00    0.00    0.00   72.34
09:29:22 PM    2    0.00    0.00    5.32    0.00    1.06   13.83    0.00    0.00    0.00   79.79
09:29:22 PM    3    1.03    0.00    9.28    0.00    1.03   15.46    0.00    0.00    0.00   73.20

09:29:22 PM  CPU    %usr   %nice    %sys %iowait    %irq   %soft  %steal  %guest  %gnice   %idle
09:29:23 PM  all    0.52    0.00    5.76    0.00    2.36   17.80    0.00    0.00    0.00   73.56
09:29:23 PM    0    1.00    0.00    2.00    0.00    6.00   23.00    0.00    0.00    0.00   68.00
09:29:23 PM    1    1.11    0.00    4.44    0.00    1.11   16.67    0.00    0.00    0.00   76.67
09:29:23 PM    2    0.00    0.00    8.33    0.00    1.04   15.62    0.00    0.00    0.00   75.00
09:29:23 PM    3    0.00    0.00    8.33    0.00    1.04   15.62    0.00    0.00    0.00   75.00

09:29:23 PM  CPU    %usr   %nice    %sys %iowait    %irq   %soft  %steal  %guest  %gnice   %idle
09:29:24 PM  all    0.00    0.00    6.53    0.00    1.83   17.75    0.00    0.00    0.00   73.89
09:29:24 PM    0    0.00    0.00    3.06    0.00    5.10   25.51    0.00    0.00    0.00   66.33
09:29:24 PM    1    0.00    0.00   10.53    0.00    1.05   21.05    0.00    0.00    0.00   67.37
09:29:24 PM    2    0.00    0.00    4.21    0.00    0.00    8.42    0.00    0.00    0.00   87.37
09:29:24 PM    3    0.00    0.00    8.42    0.00    1.05   15.79    0.00    0.00    0.00   74.74

09:29:24 PM  CPU    %usr   %nice    %sys %iowait    %irq   %soft  %steal  %guest  %gnice   %idle
09:29:25 PM  all    0.78    0.00    5.96    0.00    2.07   17.62    0.00    0.00    0.00   73.58
09:29:25 PM    0    0.00    0.00    1.00    0.00    5.00   22.00    0.00    0.00    0.00   72.00
09:29:25 PM    1    1.04    0.00    5.21    0.00    1.04   12.50    0.00    0.00    0.00   80.21
09:29:25 PM    2    1.00    0.00    8.00    0.00    1.00   11.00    0.00    0.00    0.00   79.00
09:29:25 PM    3    1.11    0.00   10.00    0.00    1.11   25.56    0.00    0.00    0.00   62.22

09:29:25 PM  CPU    %usr   %nice    %sys %iowait    %irq   %soft  %steal  %guest  %gnice   %idle
09:29:26 PM  all    0.26    0.00    5.48    0.00    2.35   18.02    0.00    0.00    0.00   73.89
09:29:26 PM    0    0.00    0.00    1.00    0.00    6.00   23.00    0.00    0.00    0.00   70.00
09:29:26 PM    1    0.00    0.00    7.69    0.00    1.10   19.78    0.00    0.00    0.00   71.43
09:29:26 PM    2    1.02    0.00    6.12    0.00    1.02   12.24    0.00    0.00    0.00   79.59
09:29:26 PM    3    0.00    0.00    7.45    0.00    1.06   17.02    0.00    0.00    0.00   74.47

09:29:26 PM  CPU    %usr   %nice    %sys %iowait    %irq   %soft  %steal  %guest  %gnice   %idle
09:29:27 PM  all    0.26    0.00    5.79    0.00    2.11   17.89    0.00    0.00    0.00   73.95
09:29:27 PM    0    0.00    0.00    0.00    0.00    5.15   21.65    0.00    0.00    0.00   73.20
09:29:27 PM    1    1.09    0.00    7.61    0.00    1.09   20.65    0.00    0.00    0.00   69.57
09:29:27 PM    2    0.00    0.00    6.19    0.00    1.03   11.34    0.00    0.00    0.00   81.44
09:29:27 PM    3    0.00    0.00    9.57    0.00    1.06   18.09    0.00    0.00    0.00   71.28

09:29:27 PM  CPU    %usr   %nice    %sys %iowait    %irq   %soft  %steal  %guest  %gnice   %idle
09:29:28 PM  all    0.27    0.00    5.32    0.00    1.86   17.82    0.00    0.00    0.00   74.73
09:29:28 PM    0    0.00    0.00    1.02    0.00    5.10   23.47    0.00    0.00    0.00   70.41
09:29:28 PM    1    1.09    0.00    6.52    0.00    1.09   17.39    0.00    0.00    0.00   73.91
09:29:28 PM    2    0.00    0.00    8.42    0.00    0.00   13.68    0.00    0.00    0.00   77.89
09:29:28 PM    3    0.00    0.00    5.49    0.00    1.10   16.48    0.00    0.00    0.00   76.92

09:29:28 PM  CPU    %usr   %nice    %sys %iowait    %irq   %soft  %steal  %guest  %gnice   %idle
09:29:29 PM  all    0.00    0.00    4.96    0.00    2.61   18.28    0.00    0.00    0.00   74.15
09:29:29 PM    0    0.00    0.00    0.00    0.00    6.00   22.00    0.00    0.00    0.00   72.00
09:29:29 PM    1    0.00    0.00    5.21    0.00    1.04   12.50    0.00    0.00    0.00   81.25
09:29:29 PM    2    0.00    0.00   11.24    0.00    2.25   30.34    0.00    0.00    0.00   56.18
09:29:29 PM    3    0.00    0.00    4.08    0.00    1.02    9.18    0.00    0.00    0.00   85.71

09:29:29 PM  CPU    %usr   %nice    %sys %iowait    %irq   %soft  %steal  %guest  %gnice   %idle
09:29:30 PM  all    0.27    0.00    4.51    0.00    2.12   18.30    0.00    0.00    0.00   74.80
09:29:30 PM    0    0.00    0.00    0.00    0.00    5.05   22.22    0.00    0.00    0.00   72.73
09:29:30 PM    1    1.08    0.00    8.60    0.00    1.08   20.43    0.00    0.00    0.00   68.82
09:29:30 PM    2    0.00    0.00    5.62    0.00    1.12   21.35    0.00    0.00    0.00   71.91
09:29:30 PM    3    0.00    0.00    4.17    0.00    1.04    9.38    0.00    0.00    0.00   85.42

09:29:30 PM  CPU    %usr   %nice    %sys %iowait    %irq   %soft  %steal  %guest  %gnice   %idle
09:29:31 PM  all    0.52    0.00    6.99    0.00    2.07   17.36    0.00    0.00    0.00   73.06
09:29:31 PM    0    0.00    0.00    0.00    0.00    5.10   21.43    0.00    0.00    0.00   73.47
09:29:31 PM    1    1.09    0.00   10.87    0.00    1.09   22.83    0.00    0.00    0.00   64.13
09:29:31 PM    2    0.00    0.00    8.16    0.00    1.02   11.22    0.00    0.00    0.00   79.59
09:29:31 PM    3    1.02    0.00    9.18    0.00    1.02   14.29    0.00    0.00    0.00   74.49

09:29:31 PM  CPU    %usr   %nice    %sys %iowait    %irq   %soft  %steal  %guest  %gnice   %idle
09:29:32 PM  all    0.51    0.00    6.92    0.00    2.31   17.95    0.00    0.00    0.00   72.31
09:29:32 PM    0    0.98    0.00    0.98    0.00    5.88   21.57    0.00    0.00    0.00   70.59
09:29:32 PM    1    0.00    0.00   11.70    0.00    2.13   23.40    0.00    0.00    0.00   62.77
09:29:32 PM    2    1.03    0.00    4.12    0.00    0.00    8.25    0.00    0.00    0.00   86.60
09:29:32 PM    3    0.00    0.00   11.34    0.00    1.03   18.56    0.00    0.00    0.00   69.07

09:29:32 PM  CPU    %usr   %nice    %sys %iowait    %irq   %soft  %steal  %guest  %gnice   %idle
09:29:33 PM  all    0.00    0.00    6.01    0.00    1.83   18.02    0.00    0.00    0.00   74.15
09:29:33 PM    0    0.00    0.00    1.02    0.00    5.10   23.47    0.00    0.00    0.00   70.41
09:29:33 PM    1    0.00    0.00    4.17    0.00    0.00    9.38    0.00    0.00    0.00   86.46
09:29:33 PM    2    0.00    0.00    8.25    0.00    1.03   15.46    0.00    0.00    0.00   75.26
09:29:33 PM    3    0.00    0.00   10.87    0.00    1.09   23.91    0.00    0.00    0.00   64.13

09:29:33 PM  CPU    %usr   %nice    %sys %iowait    %irq   %soft  %steal  %guest  %gnice   %idle
09:29:34 PM  all    0.26    0.00    5.54    0.00    2.37   17.68    0.00    0.00    0.00   74.14
09:29:34 PM    0    0.00    0.00    2.02    0.00    5.05   23.23    0.00    0.00    0.00   69.70
09:29:34 PM    1    0.00    0.00    3.06    0.00    1.02    6.12    0.00    0.00    0.00   89.80
09:29:34 PM    2    0.00    0.00    6.32    0.00    1.05   11.58    0.00    0.00    0.00   81.05
09:29:34 PM    3    1.15    0.00   11.49    0.00    2.30   31.03    0.00    0.00    0.00   54.02

09:29:34 PM  CPU    %usr   %nice    %sys %iowait    %irq   %soft  %steal  %guest  %gnice   %idle
09:29:35 PM  all    0.00    0.00    6.27    0.00    1.83   18.02    0.00    0.00    0.00   73.89
09:29:35 PM    0    0.00    0.00    0.00    0.00    5.05   22.22    0.00    0.00    0.00   72.73
09:29:35 PM    1    0.00    0.00   11.83    0.00    1.08   21.51    0.00    0.00    0.00   65.59
09:29:35 PM    2    0.00    0.00    9.28    0.00    1.03   16.49    0.00    0.00    0.00   73.20
09:29:35 PM    3    0.00    0.00    4.26    0.00    0.00   11.70    0.00    0.00    0.00   84.04

09:29:35 PM  CPU    %usr   %nice    %sys %iowait    %irq   %soft  %steal  %guest  %gnice   %idle
09:29:36 PM  all    0.52    0.00    5.70    0.00    2.59   17.88    0.00    0.00    0.00   73.32
09:29:36 PM    0    0.00    0.00    0.00    0.00    6.00   22.00    0.00    0.00    0.00   72.00
09:29:36 PM    1    0.00    0.00    8.25    0.00    1.03   13.40    0.00    0.00    0.00   77.32
09:29:36 PM    2    1.04    0.00    4.17    0.00    1.04   10.42    0.00    0.00    0.00   83.33
09:29:36 PM    3    1.08    0.00   10.75    0.00    2.15   25.81    0.00    0.00    0.00   60.22

09:29:36 PM  CPU    %usr   %nice    %sys %iowait    %irq   %soft  %steal  %guest  %gnice   %idle
09:29:37 PM  all    0.26    0.00    7.01    0.00    2.08   17.66    0.00    0.00    0.00   72.99
09:29:37 PM    0    0.00    0.00    2.02    0.00    5.05   23.23    0.00    0.00    0.00   69.70
09:29:37 PM    1    0.00    0.00   10.87    0.00    1.09   21.74    0.00    0.00    0.00   66.30
09:29:37 PM    2    0.00    0.00    6.38    0.00    1.06   13.83    0.00    0.00    0.00   78.72
09:29:37 PM    3    1.00    0.00    9.00    0.00    1.00   12.00    0.00    0.00    0.00   77.00

09:29:37 PM  CPU    %usr   %nice    %sys %iowait    %irq   %soft  %steal  %guest  %gnice   %idle
09:29:38 PM  all    0.00    0.00    6.51    0.00    2.08   17.97    0.00    0.00    0.00   73.44
09:29:38 PM    0    0.00    0.00    0.00    0.00    5.10   22.45    0.00    0.00    0.00   72.45
09:29:38 PM    1    0.00    0.00    9.57    0.00    1.06   20.21    0.00    0.00    0.00   69.15
09:29:38 PM    2    0.00    0.00    8.25    0.00    1.03   14.43    0.00    0.00    0.00   76.29
09:29:38 PM    3    0.00    0.00    8.42    0.00    1.05   14.74    0.00    0.00    0.00   75.79

09:29:38 PM  CPU    %usr   %nice    %sys %iowait    %irq   %soft  %steal  %guest  %gnice   %idle
09:29:39 PM  all    0.26    0.00    6.96    0.00    2.32   17.53    0.00    0.00    0.00   72.94
09:29:39 PM    0    0.00    0.00    2.02    0.00    6.06   24.24    0.00    0.00    0.00   67.68
09:29:39 PM    1    1.02    0.00    7.14    0.00    1.02   13.27    0.00    0.00    0.00   77.55
09:29:39 PM    2    0.00    0.00    7.45    0.00    1.06   15.96    0.00    0.00    0.00   75.53
09:29:39 PM    3    0.00    0.00   11.34    0.00    1.03   16.49    0.00    0.00    0.00   71.13

09:29:39 PM  CPU    %usr   %nice    %sys %iowait    %irq   %soft  %steal  %guest  %gnice   %idle
09:29:40 PM  all    0.26    0.00    6.49    0.00    2.08   17.40    0.00    0.00    0.00   73.77
09:29:40 PM    0    0.00    0.00    2.02    0.00    5.05   22.22    0.00    0.00    0.00   70.71
09:29:40 PM    1    0.00    0.00    9.68    0.00    1.08   19.35    0.00    0.00    0.00   69.89
09:29:40 PM    2    1.04    0.00    6.25    0.00    1.04   13.54    0.00    0.00    0.00   78.12
09:29:40 PM    3    0.00    0.00    8.25    0.00    1.03   14.43    0.00    0.00    0.00   76.29

09:29:40 PM  CPU    %usr   %nice    %sys %iowait    %irq   %soft  %steal  %guest  %gnice   %idle
09:29:41 PM  all    0.00    0.00    5.73    0.00    2.08   18.49    0.00    0.00    0.00   73.70
09:29:41 PM    0    0.00    0.00    0.00    0.00    5.05   22.22    0.00    0.00    0.00   72.73
09:29:41 PM    1    0.00    0.00    8.16    0.00    1.02   14.29    0.00    0.00    0.00   76.53
09:29:41 PM    2    0.00    0.00    5.38    0.00    1.08   16.13    0.00    0.00    0.00   77.42
09:29:41 PM    3    0.00    0.00    9.57    0.00    1.06   21.28    0.00    0.00    0.00   68.09

09:29:41 PM  CPU    %usr   %nice    %sys %iowait    %irq   %soft  %steal  %guest  %gnice   %idle
09:29:42 PM  all    0.26    0.00    7.25    0.00    2.07   17.36    0.00    0.00    0.00   73.06
09:29:42 PM    0    0.00    0.00    1.02    0.00    5.10   23.47    0.00    0.00    0.00   70.41
09:29:42 PM    1    1.02    0.00    8.16    0.00    1.02   12.24    0.00    0.00    0.00   77.55
09:29:42 PM    2    0.00    0.00   11.22    0.00    1.02   15.31    0.00    0.00    0.00   72.45
09:29:42 PM    3    0.00    0.00    8.70    0.00    1.09   18.48    0.00    0.00    0.00   71.74

09:29:42 PM  CPU    %usr   %nice    %sys %iowait    %irq   %soft  %steal  %guest  %gnice   %idle
09:29:43 PM  all    0.52    0.00    6.20    0.00    2.33   17.83    0.00    0.00    0.00   73.13
09:29:43 PM    0    0.00    0.00    3.00    0.00    6.00   25.00    0.00    0.00    0.00   66.00
09:29:43 PM    1    1.04    0.00   10.42    0.00    1.04   18.75    0.00    0.00    0.00   68.75
09:29:43 PM    2    0.00    0.00    7.37    0.00    1.05   14.74    0.00    0.00    0.00   76.84
09:29:43 PM    3    1.04    0.00    4.17    0.00    1.04   12.50    0.00    0.00    0.00   81.25

09:29:43 PM  CPU    %usr   %nice    %sys %iowait    %irq   %soft  %steal  %guest  %gnice   %idle
09:29:44 PM  all    0.52    0.00    6.04    0.00    2.10   17.59    0.00    0.00    0.00   73.75
09:29:44 PM    0    1.00    0.00    2.00    0.00    5.00   22.00    0.00    0.00    0.00   70.00
09:29:44 PM    1    1.05    0.00    8.42    0.00    1.05   15.79    0.00    0.00    0.00   73.68
09:29:44 PM    2    0.00    0.00    8.60    0.00    1.08   18.28    0.00    0.00    0.00   72.04
09:29:44 PM    3    0.00    0.00    5.38    0.00    1.08   13.98    0.00    0.00    0.00   79.57

09:29:44 PM  CPU    %usr   %nice    %sys %iowait    %irq   %soft  %steal  %guest  %gnice   %idle
09:29:45 PM  all    0.00    0.00    5.51    0.00    2.10   17.85    0.00    0.00    0.00   74.54
09:29:45 PM    0    0.00    0.00    2.06    0.00    5.15   24.74    0.00    0.00    0.00   68.04
09:29:45 PM    1    0.00    0.00    6.38    0.00    1.06   15.96    0.00    0.00    0.00   76.60
09:29:45 PM    2    0.00    0.00    8.51    0.00    1.06   18.09    0.00    0.00    0.00   72.34
09:29:45 PM    3    0.00    0.00    5.21    0.00    1.04   12.50    0.00    0.00    0.00   81.25

09:29:45 PM  CPU    %usr   %nice    %sys %iowait    %irq   %soft  %steal  %guest  %gnice   %idle
09:29:46 PM  all    0.26    0.00    5.50    0.00    2.09   18.06    0.00    0.00    0.00   74.08
09:29:46 PM    0    0.00    0.00    0.00    0.00    6.00   22.00    0.00    0.00    0.00   72.00
09:29:46 PM    1    0.00    0.00    7.53    0.00    1.08   18.28    0.00    0.00    0.00   73.12
09:29:46 PM    2    0.00    0.00    5.21    0.00    0.00   11.46    0.00    0.00    0.00   83.33
09:29:46 PM    3    1.08    0.00    9.68    0.00    1.08   20.43    0.00    0.00    0.00   67.74

09:29:46 PM  CPU    %usr   %nice    %sys %iowait    %irq   %soft  %steal  %guest  %gnice   %idle
09:29:47 PM  all    0.26    0.00    5.01    0.00    2.11   17.94    0.00    0.00    0.00   74.67
09:29:47 PM    0    0.00    0.00    2.02    0.00    5.05   23.23    0.00    0.00    0.00   69.70
09:29:47 PM    1    1.05    0.00    7.37    0.00    1.05   15.79    0.00    0.00    0.00   74.74
09:29:47 PM    2    0.00    0.00    4.21    0.00    1.05   12.63    0.00    0.00    0.00   82.11
09:29:47 PM    3    0.00    0.00    6.67    0.00    1.11   20.00    0.00    0.00    0.00   72.22

09:29:47 PM  CPU    %usr   %nice    %sys %iowait    %irq   %soft  %steal  %guest  %gnice   %idle
09:29:48 PM  all    0.00    0.00    5.80    0.00    1.85   17.94    0.00    0.00    0.00   74.41
09:29:48 PM    0    0.00    0.00    1.03    0.00    5.15   22.68    0.00    0.00    0.00   71.13
09:29:48 PM    1    0.00    0.00    5.21    0.00    1.04   12.50    0.00    0.00    0.00   81.25
09:29:48 PM    2    0.00    0.00    4.17    0.00    0.00    7.29    0.00    0.00    0.00   88.54
09:29:48 PM    3    0.00    0.00   13.33    0.00    1.11   30.00    0.00    0.00    0.00   55.56

09:29:48 PM  CPU    %usr   %nice    %sys %iowait    %irq   %soft  %steal  %guest  %gnice   %idle
09:29:49 PM  all    0.51    0.00    7.16    0.00    2.56   17.39    0.00    0.00    0.00   72.38
09:29:49 PM    0    0.00    0.00    0.00    0.00    6.00   23.00    0.00    0.00    0.00   71.00
09:29:49 PM    1    0.00    0.00   11.58    0.00    1.05   18.95    0.00    0.00    0.00   68.42
09:29:49 PM    2    1.01    0.00    8.08    0.00    1.01   11.11    0.00    0.00    0.00   78.79
09:29:49 PM    3    1.03    0.00    9.28    0.00    2.06   16.49    0.00    0.00    0.00   71.13

09:29:49 PM  CPU    %usr   %nice    %sys %iowait    %irq   %soft  %steal  %guest  %gnice   %idle
09:29:50 PM  all    0.00    0.00    5.77    0.00    2.10   17.85    0.00    0.00    0.00   74.28
09:29:50 PM    0    0.00    0.00    1.03    0.00    5.15   23.71    0.00    0.00    0.00   70.10
09:29:50 PM    1    0.00    0.00    6.25    0.00    1.04   12.50    0.00    0.00    0.00   80.21
09:29:50 PM    2    0.00    0.00    9.57    0.00    2.13   21.28    0.00    0.00    0.00   67.02
09:29:50 PM    3    0.00    0.00    6.38    0.00    0.00   13.83    0.00    0.00    0.00   79.79

09:29:50 PM  CPU    %usr   %nice    %sys %iowait    %irq   %soft  %steal  %guest  %gnice   %idle
09:29:51 PM  all    0.51    0.00    6.68    0.00    2.31   17.74    0.00    0.00    0.00   72.75
09:29:51 PM    0    0.00    0.00    2.02    0.00    5.05   23.23    0.00    0.00    0.00   69.70
09:29:51 PM    1    1.03    0.00    6.19    0.00    1.03   12.37    0.00    0.00    0.00   79.38
09:29:51 PM    2    1.04    0.00    9.38    0.00    1.04   17.71    0.00    0.00    0.00   70.83
09:29:51 PM    3    0.00    0.00    9.28    0.00    2.06   17.53    0.00    0.00    0.00   71.13

09:29:51 PM  CPU    %usr   %nice    %sys %iowait    %irq   %soft  %steal  %guest  %gnice   %idle
09:29:52 PM  all    0.00    0.00    5.31    0.00    1.86   18.04    0.00    0.00    0.00   74.80
09:29:52 PM    0    0.00    0.00    0.00    0.00    6.00   22.00    0.00    0.00    0.00   72.00
09:29:52 PM    1    0.00    0.00    6.67    0.00    1.11   20.00    0.00    0.00    0.00   72.22
09:29:52 PM    2    0.00    0.00    5.32    0.00    0.00   12.77    0.00    0.00    0.00   81.91
09:29:52 PM    3    0.00    0.00    9.68    0.00    0.00   17.20    0.00    0.00    0.00   73.12

09:29:52 PM  CPU    %usr   %nice    %sys %iowait    %irq   %soft  %steal  %guest  %gnice   %idle
09:29:53 PM  all    0.00    0.00    6.01    0.00    2.09   18.02    0.00    0.00    0.00   73.89
09:29:53 PM    0    0.00    0.00    1.02    0.00    5.10   23.47    0.00    0.00    0.00   70.41
09:29:53 PM    1    0.00    0.00    8.16    0.00    0.00   12.24    0.00    0.00    0.00   79.59
09:29:53 PM    2    0.00    0.00    8.33    0.00    1.04   13.54    0.00    0.00    0.00   77.08
09:29:53 PM    3    0.00    0.00    6.59    0.00    2.20   23.08    0.00    0.00    0.00   68.13

09:29:53 PM  CPU    %usr   %nice    %sys %iowait    %irq   %soft  %steal  %guest  %gnice   %idle
09:29:54 PM  all    0.26    0.00    6.96    0.00    2.32   17.53    0.00    0.00    0.00   72.94
09:29:54 PM    0    0.00    0.00    0.00    0.00    5.05   22.22    0.00    0.00    0.00   72.73
09:29:54 PM    1    0.00    0.00   10.75    0.00    2.15   20.43    0.00    0.00    0.00   66.67
09:29:54 PM    2    0.00    0.00    8.08    0.00    1.01   12.12    0.00    0.00    0.00   78.79
09:29:54 PM    3    1.03    0.00    9.28    0.00    1.03   15.46    0.00    0.00    0.00   73.20

09:29:54 PM  CPU    %usr   %nice    %sys %iowait    %irq   %soft  %steal  %guest  %gnice   %idle
09:29:55 PM  all    0.26    0.00    5.01    0.00    2.11   17.94    0.00    0.00    0.00   74.67
09:29:55 PM    0    0.00    0.00    1.02    0.00    5.10   23.47    0.00    0.00    0.00   70.41
09:29:55 PM    1    0.00    0.00    6.45    0.00    1.08   17.20    0.00    0.00    0.00   75.27
09:29:55 PM    2    1.04    0.00    7.29    0.00    1.04   14.58    0.00    0.00    0.00   76.04
09:29:55 PM    3    0.00    0.00    5.43    0.00    1.09   16.30    0.00    0.00    0.00   77.17

09:29:55 PM  CPU    %usr   %nice    %sys %iowait    %irq   %soft  %steal  %guest  %gnice   %idle
09:29:56 PM  all    0.52    0.00    6.48    0.00    2.07   18.13    0.00    0.00    0.00   72.80
09:29:56 PM    0    0.00    0.00    1.00    0.00    6.00   22.00    0.00    0.00    0.00   71.00
09:29:56 PM    1    1.06    0.00    8.51    0.00    1.06   19.15    0.00    0.00    0.00   70.21
09:29:56 PM    2    1.05    0.00   11.58    0.00    1.05   22.11    0.00    0.00    0.00   64.21
09:29:56 PM    3    0.00    0.00    5.15    0.00    0.00    9.28    0.00    0.00    0.00   85.57

09:29:56 PM  CPU    %usr   %nice    %sys %iowait    %irq   %soft  %steal  %guest  %gnice   %idle
09:29:57 PM  all    0.00    0.00    6.01    0.00    2.09   17.75    0.00    0.00    0.00   74.15
09:29:57 PM    0    0.00    0.00    0.00    0.00    5.05   22.22    0.00    0.00    0.00   72.73
09:29:57 PM    1    0.00    0.00    8.70    0.00    1.09   21.74    0.00    0.00    0.00   68.48
09:29:57 PM    2    0.00    0.00    8.42    0.00    1.05   15.79    0.00    0.00    0.00   74.74
09:29:57 PM    3    0.00    0.00    7.22    0.00    1.03   11.34    0.00    0.00    0.00   80.41

09:29:57 PM  CPU    %usr   %nice    %sys %iowait    %irq   %soft  %steal  %guest  %gnice   %idle
09:29:58 PM  all    0.53    0.00    5.53    0.00    2.37   17.63    0.00    0.00    0.00   73.95
09:29:58 PM    0    0.00    0.00    0.00    0.00    5.10   21.43    0.00    0.00    0.00   73.47
09:29:58 PM    1    0.00    0.00    6.45    0.00    1.08   13.98    0.00    0.00    0.00   78.49
09:29:58 PM    2    1.08    0.00   10.75    0.00    2.15   22.58    0.00    0.00    0.00   63.44
09:29:58 PM    3    1.04    0.00    5.21    0.00    1.04   12.50    0.00    0.00    0.00   80.21

09:29:58 PM  CPU    %usr   %nice    %sys %iowait    %irq   %soft  %steal  %guest  %gnice   %idle
09:29:59 PM  all    0.52    0.00    5.22    0.00    2.09   18.02    0.00    0.00    0.00   74.15
09:29:59 PM    0    0.00    0.00    1.00    0.00    6.00   23.00    0.00    0.00    0.00   70.00
09:29:59 PM    1    2.04    0.00    7.14    0.00    1.02   14.29    0.00    0.00    0.00   75.51
09:29:59 PM    2    0.00    0.00    5.32    0.00    0.00   12.77    0.00    0.00    0.00   81.91
09:29:59 PM    3    0.00    0.00    7.69    0.00    1.10   21.98    0.00    0.00    0.00   69.23

09:29:59 PM  CPU    %usr   %nice    %sys %iowait    %irq   %soft  %steal  %guest  %gnice   %idle
09:30:00 PM  all    0.00    0.00    6.53    0.00    2.09   18.02    0.00    0.00    0.00   73.37
09:30:00 PM    0    0.00    0.00    1.02    0.00    5.10   22.45    0.00    0.00    0.00   71.43
09:30:00 PM    1    0.00    0.00   13.04    0.00    1.09   25.00    0.00    0.00    0.00   60.87
09:30:00 PM    2    0.00    0.00    4.21    0.00    1.05   12.63    0.00    0.00    0.00   82.11
09:30:00 PM    3    0.00    0.00    8.16    0.00    1.02   12.24    0.00    0.00    0.00   78.57

09:30:00 PM  CPU    %usr   %nice    %sys %iowait    %irq   %soft  %steal  %guest  %gnice   %idle
09:30:01 PM  all    0.00    0.00    7.71    0.00    2.31   17.48    0.00    0.00    0.00   72.49
09:30:01 PM    0    0.00    0.00    1.01    0.00    5.05   23.23    0.00    0.00    0.00   70.71
09:30:01 PM    1    0.00    0.00    6.19    0.00    1.03   10.31    0.00    0.00    0.00   82.47
09:30:01 PM    2    0.00    0.00   13.54    0.00    2.08   20.83    0.00    0.00    0.00   63.54
09:30:01 PM    3    0.00    0.00   10.31    0.00    1.03   15.46    0.00    0.00    0.00   73.20

09:30:01 PM  CPU    %usr   %nice    %sys %iowait    %irq   %soft  %steal  %guest  %gnice   %idle
09:30:02 PM  all    0.26    0.00    6.48    0.00    2.33   17.36    0.00    0.00    0.00   73.58
09:30:02 PM    0    0.00    0.00    2.02    0.00    6.06   23.23    0.00    0.00    0.00   68.69
09:30:02 PM    1    0.00    0.00    8.42    0.00    1.05   15.79    0.00    0.00    0.00   74.74
09:30:02 PM    2    1.04    0.00    8.33    0.00    1.04   16.67    0.00    0.00    0.00   72.92
09:30:02 PM    3    0.00    0.00    7.29    0.00    1.04   13.54    0.00    0.00    0.00   78.12

09:30:02 PM  CPU    %usr   %nice    %sys %iowait    %irq   %soft  %steal  %guest  %gnice   %idle
09:30:03 PM  all    0.26    0.00    7.95    0.00    2.05   17.44    0.00    0.00    0.00   72.31
09:30:03 PM    0    0.00    0.00    3.03    0.00    5.05   24.24    0.00    0.00    0.00   67.68
09:30:03 PM    1    0.00    0.00    6.12    0.00    1.02   10.20    0.00    0.00    0.00   82.65
09:30:03 PM    2    0.00    0.00    8.33    0.00    1.04   14.58    0.00    0.00    0.00   76.04
09:30:03 PM    3    1.03    0.00   14.43    0.00    1.03   20.62    0.00    0.00    0.00   62.89

09:30:03 PM  CPU    %usr   %nice    %sys %iowait    %irq   %soft  %steal  %guest  %gnice   %idle
09:30:04 PM  all    0.00    0.00    6.75    0.00    2.08   17.66    0.00    0.00    0.00   73.51
09:30:04 PM    0    0.00    0.00    4.04    0.00    5.05   24.24    0.00    0.00    0.00   66.67
09:30:04 PM    1    0.00    0.00    6.25    0.00    1.04   12.50    0.00    0.00    0.00   80.21
09:30:04 PM    2    0.00    0.00    9.68    0.00    1.08   21.51    0.00    0.00    0.00   67.74
09:30:04 PM    3    0.00    0.00    7.22    0.00    1.03   12.37    0.00    0.00    0.00   79.38

09:30:04 PM  CPU    %usr   %nice    %sys %iowait    %irq   %soft  %steal  %guest  %gnice   %idle
09:30:05 PM  all    0.53    0.00    4.75    0.00    2.37   17.94    0.00    0.00    0.00   74.41
09:30:05 PM    0    0.00    0.00    1.01    0.00    6.06   23.23    0.00    0.00    0.00   69.70
09:30:05 PM    1    1.11    0.00    5.56    0.00    1.11   20.00    0.00    0.00    0.00   72.22
09:30:05 PM    2    1.05    0.00    6.32    0.00    1.05   13.68    0.00    0.00    0.00   77.89
09:30:05 PM    3    0.00    0.00    6.32    0.00    1.05   14.74    0.00    0.00    0.00   77.89

09:30:05 PM  CPU    %usr   %nice    %sys %iowait    %irq   %soft  %steal  %guest  %gnice   %idle
09:30:06 PM  all    0.26    0.00    6.99    0.00    1.81   17.88    0.00    0.00    0.00   73.06
09:30:06 PM    0    1.00    0.00    2.00    0.00    5.00   23.00    0.00    0.00    0.00   69.00
09:30:06 PM    1    0.00    0.00    7.22    0.00    0.00   11.34    0.00    0.00    0.00   81.44
09:30:06 PM    2    0.00    0.00   10.53    0.00    1.05   18.95    0.00    0.00    0.00   69.47
09:30:06 PM    3    0.00    0.00    8.51    0.00    1.06   18.09    0.00    0.00    0.00   72.34

09:30:06 PM  CPU    %usr   %nice    %sys %iowait    %irq   %soft  %steal  %guest  %gnice   %idle
09:30:07 PM  all    0.00    0.00    7.25    0.00    2.07   17.62    0.00    0.00    0.00   73.06
09:30:07 PM    0    0.00    0.00    1.03    0.00    5.15   22.68    0.00    0.00    0.00   71.13
09:30:07 PM    1    0.00    0.00    9.38    0.00    1.04   16.67    0.00    0.00    0.00   72.92
09:30:07 PM    2    0.00    0.00    9.09    0.00    1.01   13.13    0.00    0.00    0.00   76.77
09:30:07 PM    3    0.00    0.00    9.57    0.00    1.06   18.09    0.00    0.00    0.00   71.28

09:30:07 PM  CPU    %usr   %nice    %sys %iowait    %irq   %soft  %steal  %guest  %gnice   %idle
09:30:08 PM  all    0.00    0.00    6.48    0.00    2.33   17.36    0.00    0.00    0.00   73.83
09:30:08 PM    0    0.00    0.00    2.97    0.00    5.94   23.76    0.00    0.00    0.00   67.33
09:30:08 PM    1    0.00    0.00    8.33    0.00    1.04   14.58    0.00    0.00    0.00   76.04
09:30:08 PM    2    0.00    0.00    9.47    0.00    1.05   17.89    0.00    0.00    0.00   71.58
09:30:08 PM    3    0.00    0.00    5.32    0.00    1.06   12.77    0.00    0.00    0.00   80.85

Average:     CPU    %usr   %nice    %sys %iowait    %irq   %soft  %steal  %guest  %gnice   %idle
Average:     all    0.24    0.00    6.14    0.01    2.15   17.73    0.00    0.00    0.00   73.74
Average:       0    0.08    0.00    1.20    0.00    5.36   22.84    0.00    0.00    0.00   70.52
Average:       1    0.37    0.00    7.84    0.00    1.04   16.14    0.00    0.00    0.00   74.61
Average:       2    0.28    0.00    7.73    0.03    1.00   15.36    0.00    0.00    0.00   75.60
Average:       3    0.25    0.00    7.98    0.00    1.06   16.36    0.00    0.00    0.00   74.36
