Linux 6.12.87 (pi5-2) 	06/16/2026 	_aarch64_	(4 CPU)

10:09:22 PM  CPU    %usr   %nice    %sys %iowait    %irq   %soft  %steal  %guest  %gnice   %idle
10:09:23 PM  all    0.25    0.00    0.75    1.00    0.75    4.01    0.00    0.00    0.00   93.23
10:09:23 PM    0    0.00    0.00    0.00    0.00    3.06   16.33    0.00    0.00    0.00   80.61
10:09:23 PM    1    1.00    0.00    2.00    0.00    0.00    0.00    0.00    0.00    0.00   97.00
10:09:23 PM    2    0.00    0.00    0.99    0.00    0.00    0.00    0.00    0.00    0.00   99.01
10:09:23 PM    3    0.00    0.00    0.00    4.00    0.00    0.00    0.00    0.00    0.00   96.00

10:09:23 PM  CPU    %usr   %nice    %sys %iowait    %irq   %soft  %steal  %guest  %gnice   %idle
10:09:24 PM  all    0.00    0.00    1.26    0.00    1.01    5.28    0.00    0.00    0.00   92.46
10:09:24 PM    0    0.00    0.00    1.00    0.00    4.00   21.00    0.00    0.00    0.00   74.00
10:09:24 PM    1    0.00    0.00    2.02    0.00    0.00    0.00    0.00    0.00    0.00   97.98
10:09:24 PM    2    0.00    0.00    1.00    0.00    0.00    0.00    0.00    0.00    0.00   99.00
10:09:24 PM    3    0.00    0.00    1.01    0.00    0.00    0.00    0.00    0.00    0.00   98.99

10:09:24 PM  CPU    %usr   %nice    %sys %iowait    %irq   %soft  %steal  %guest  %gnice   %idle
10:09:25 PM  all    0.00    0.00    1.01    0.00    1.01    5.53    0.00    0.00    0.00   92.46
10:09:25 PM    0    0.00    0.00    0.00    0.00    4.04   22.22    0.00    0.00    0.00   73.74
10:09:25 PM    1    0.00    0.00    1.98    0.00    0.00    0.00    0.00    0.00    0.00   98.02
10:09:25 PM    2    0.00    0.00    1.01    0.00    0.00    0.00    0.00    0.00    0.00   98.99
10:09:25 PM    3    0.00    0.00    1.01    0.00    0.00    0.00    0.00    0.00    0.00   98.99

10:09:25 PM  CPU    %usr   %nice    %sys %iowait    %irq   %soft  %steal  %guest  %gnice   %idle
10:09:26 PM  all    0.00    0.00    1.00    0.00    1.50    5.49    0.00    0.00    0.00   92.02
10:09:26 PM    0    0.00    0.00    0.00    0.00    4.04   21.21    0.00    0.00    0.00   74.75
10:09:26 PM    1    0.00    0.00    1.00    0.00    1.00    0.00    0.00    0.00    0.00   98.00
10:09:26 PM    2    0.00    0.00    0.99    0.00    0.99    0.00    0.00    0.00    0.00   98.02
10:09:26 PM    3    0.00    0.00    1.98    0.00    0.00    0.99    0.00    0.00    0.00   97.03

10:09:26 PM  CPU    %usr   %nice    %sys %iowait    %irq   %soft  %steal  %guest  %gnice   %idle
10:09:27 PM  all    0.00    0.00    1.50    0.00    1.25    5.25    0.00    0.00    0.00   92.00
10:09:27 PM    0    0.00    0.00    0.00    0.00    4.04   21.21    0.00    0.00    0.00   74.75
10:09:27 PM    1    0.00    0.00    1.01    0.00    0.00    0.00    0.00    0.00    0.00   98.99
10:09:27 PM    2    0.00    0.00    1.98    0.00    0.00    0.00    0.00    0.00    0.00   98.02
10:09:27 PM    3    0.00    0.00    2.97    0.00    0.99    0.00    0.00    0.00    0.00   96.04

10:09:27 PM  CPU    %usr   %nice    %sys %iowait    %irq   %soft  %steal  %guest  %gnice   %idle
10:09:28 PM  all    0.00    0.00    1.25    0.00    1.00    5.26    0.00    0.00    0.00   92.48
10:09:28 PM    0    0.00    0.00    0.00    0.00    4.04   21.21    0.00    0.00    0.00   74.75
10:09:28 PM    1    0.00    0.00    1.98    0.00    0.00    0.00    0.00    0.00    0.00   98.02
10:09:28 PM    2    0.00    0.00    1.01    0.00    0.00    0.00    0.00    0.00    0.00   98.99
10:09:28 PM    3    0.00    0.00    2.00    0.00    0.00    0.00    0.00    0.00    0.00   98.00

10:09:28 PM  CPU    %usr   %nice    %sys %iowait    %irq   %soft  %steal  %guest  %gnice   %idle
10:09:29 PM  all    0.00    0.00    0.51    0.00    0.76    5.56    0.00    0.00    0.00   93.18
10:09:29 PM    0    0.00    0.00    0.00    0.00    3.03   22.22    0.00    0.00    0.00   74.75
10:09:29 PM    1    0.00    0.00    1.00    0.00    0.00    0.00    0.00    0.00    0.00   99.00
10:09:29 PM    2    0.00    0.00    1.00    0.00    0.00    0.00    0.00    0.00    0.00   99.00
10:09:29 PM    3    0.00    0.00    0.00    0.00    0.00    0.00    0.00    0.00    0.00  100.00

10:09:29 PM  CPU    %usr   %nice    %sys %iowait    %irq   %soft  %steal  %guest  %gnice   %idle
10:09:30 PM  all    0.25    0.00    0.76    0.00    1.01    5.32    0.00    0.00    0.00   92.66
10:09:30 PM    0    0.00    0.00    1.01    0.00    4.04   21.21    0.00    0.00    0.00   73.74
10:09:30 PM    1    0.00    0.00    0.00    0.00    0.00    0.00    0.00    0.00    0.00  100.00
10:09:30 PM    2    1.01    0.00    0.00    0.00    0.00    0.00    0.00    0.00    0.00   98.99
10:09:30 PM    3    0.00    0.00    2.02    0.00    0.00    0.00    0.00    0.00    0.00   97.98

10:09:30 PM  CPU    %usr   %nice    %sys %iowait    %irq   %soft  %steal  %guest  %gnice   %idle
10:09:31 PM  all    0.00    0.00    0.76    0.00    1.26    5.30    0.00    0.00    0.00   92.68
10:09:31 PM    0    0.00    0.00    0.00    0.00    4.04   21.21    0.00    0.00    0.00   74.75
10:09:31 PM    1    0.00    0.00    1.01    0.00    0.00    0.00    0.00    0.00    0.00   98.99
10:09:31 PM    2    0.00    0.00    1.01    0.00    0.00    0.00    0.00    0.00    0.00   98.99
10:09:31 PM    3    0.00    0.00    1.01    0.00    1.01    0.00    0.00    0.00    0.00   97.98

10:09:31 PM  CPU    %usr   %nice    %sys %iowait    %irq   %soft  %steal  %guest  %gnice   %idle
10:09:32 PM  all    0.25    0.00    1.24    0.00    1.49    5.21    0.00    0.00    0.00   91.81
10:09:32 PM    0    0.00    0.00    0.00    0.00    4.04   21.21    0.00    0.00    0.00   74.75
10:09:32 PM    1    0.98    0.00    0.98    0.00    0.98    0.00    0.00    0.00    0.00   97.06
10:09:32 PM    2    0.00    0.00    0.99    0.00    0.99    0.00    0.00    0.00    0.00   98.02
10:09:32 PM    3    0.00    0.00    2.97    0.00    0.00    0.00    0.00    0.00    0.00   97.03

10:09:32 PM  CPU    %usr   %nice    %sys %iowait    %irq   %soft  %steal  %guest  %gnice   %idle
10:09:33 PM  all    0.00    0.00    1.75    0.25    1.00    5.75    0.00    0.00    0.00   91.25
10:09:33 PM    0    0.00    0.00    0.00    0.00    4.04   22.22    0.00    0.00    0.00   73.74
10:09:33 PM    1    0.00    0.00    1.00    0.00    0.00    0.00    0.00    0.00    0.00   99.00
10:09:33 PM    2    0.00    0.00    1.98    0.00    0.00    0.99    0.00    0.00    0.00   97.03
10:09:33 PM    3    0.00    0.00    4.00    1.00    0.00    0.00    0.00    0.00    0.00   95.00

10:09:33 PM  CPU    %usr   %nice    %sys %iowait    %irq   %soft  %steal  %guest  %gnice   %idle
10:09:34 PM  all    0.00    0.00    1.25    0.00    1.00    5.26    0.00    0.00    0.00   92.48
10:09:34 PM    0    0.00    0.00    1.01    0.00    4.04   21.21    0.00    0.00    0.00   73.74
10:09:34 PM    1    0.00    0.00    0.00    0.00    0.00    0.00    0.00    0.00    0.00  100.00
10:09:34 PM    2    0.00    0.00    1.98    0.00    0.00    0.00    0.00    0.00    0.00   98.02
10:09:34 PM    3    0.00    0.00    2.02    0.00    0.00    0.00    0.00    0.00    0.00   97.98

10:09:34 PM  CPU    %usr   %nice    %sys %iowait    %irq   %soft  %steal  %guest  %gnice   %idle
10:09:35 PM  all    0.00    0.00    0.75    0.00    1.25    5.51    0.00    0.00    0.00   92.48
10:09:35 PM    0    0.00    0.00    0.00    0.00    4.00   22.00    0.00    0.00    0.00   74.00
10:09:35 PM    1    0.00    0.00    1.01    0.00    0.00    0.00    0.00    0.00    0.00   98.99
10:09:35 PM    2    0.00    0.00    1.00    0.00    0.00    0.00    0.00    0.00    0.00   99.00
10:09:35 PM    3    0.00    0.00    1.00    0.00    1.00    0.00    0.00    0.00    0.00   98.00

10:09:35 PM  CPU    %usr   %nice    %sys %iowait    %irq   %soft  %steal  %guest  %gnice   %idle
10:09:36 PM  all    0.25    0.00    1.25    0.25    0.75    5.26    0.00    0.00    0.00   92.23
10:09:36 PM    0    0.00    0.00    0.00    0.00    3.06   21.43    0.00    0.00    0.00   75.51
10:09:36 PM    1    0.00    0.00    1.00    0.00    0.00    0.00    0.00    0.00    0.00   99.00
10:09:36 PM    2    0.99    0.00    0.99    0.99    0.00    0.00    0.00    0.00    0.00   97.03
10:09:36 PM    3    0.00    0.00    3.00    0.00    0.00    0.00    0.00    0.00    0.00   97.00

10:09:36 PM  CPU    %usr   %nice    %sys %iowait    %irq   %soft  %steal  %guest  %gnice   %idle
10:09:37 PM  all    0.25    0.00    0.50    0.00    1.26    5.28    0.00    0.00    0.00   92.71
10:09:37 PM    0    0.00    0.00    0.00    0.00    4.08   21.43    0.00    0.00    0.00   74.49
10:09:37 PM    1    0.00    0.00    0.00    0.00    0.00    0.00    0.00    0.00    0.00  100.00
10:09:37 PM    2    0.00    0.00    0.99    0.00    0.99    0.00    0.00    0.00    0.00   98.02
10:09:37 PM    3    1.00    0.00    1.00    0.00    0.00    0.00    0.00    0.00    0.00   98.00

10:09:37 PM  CPU    %usr   %nice    %sys %iowait    %irq   %soft  %steal  %guest  %gnice   %idle
10:09:38 PM  all    0.25    0.00    1.00    0.00    1.00    5.51    0.00    0.00    0.00   92.23
10:09:38 PM    0    0.00    0.00    1.00    0.00    4.00   22.00    0.00    0.00    0.00   73.00
10:09:38 PM    1    1.00    0.00    2.00    0.00    0.00    0.00    0.00    0.00    0.00   97.00
10:09:38 PM    2    0.00    0.00    1.00    0.00    0.00    0.00    0.00    0.00    0.00   99.00
10:09:38 PM    3    0.00    0.00    0.00    0.00    0.00    0.00    0.00    0.00    0.00  100.00

10:09:38 PM  CPU    %usr   %nice    %sys %iowait    %irq   %soft  %steal  %guest  %gnice   %idle
10:09:39 PM  all    0.00    0.00    1.25    0.00    1.25    5.25    0.00    0.00    0.00   92.25
10:09:39 PM    0    0.00    0.00    0.00    0.00    4.04   21.21    0.00    0.00    0.00   74.75
10:09:39 PM    1    0.00    0.00    2.00    0.00    1.00    0.00    0.00    0.00    0.00   97.00
10:09:39 PM    2    0.00    0.00    1.98    0.00    0.00    0.00    0.00    0.00    0.00   98.02
10:09:39 PM    3    0.00    0.00    1.00    0.00    0.00    0.00    0.00    0.00    0.00   99.00

10:09:39 PM  CPU    %usr   %nice    %sys %iowait    %irq   %soft  %steal  %guest  %gnice   %idle
10:09:40 PM  all    0.25    0.00    0.25    0.00    1.26    5.29    0.00    0.00    0.00   92.95
10:09:40 PM    0    0.00    0.00    0.00    0.00    4.04   21.21    0.00    0.00    0.00   74.75
10:09:40 PM    1    0.00    0.00    0.00    0.00    0.00    0.00    0.00    0.00    0.00  100.00
10:09:40 PM    2    1.00    0.00    1.00    0.00    0.00    0.00    0.00    0.00    0.00   98.00
10:09:40 PM    3    0.00    0.00    0.00    0.00    1.01    0.00    0.00    0.00    0.00   98.99

10:09:40 PM  CPU    %usr   %nice    %sys %iowait    %irq   %soft  %steal  %guest  %gnice   %idle
10:09:41 PM  all    0.00    0.00    1.01    0.00    1.01    5.53    0.00    0.00    0.00   92.46
10:09:41 PM    0    0.00    0.00    1.01    0.00    4.04   22.22    0.00    0.00    0.00   72.73
10:09:41 PM    1    0.00    0.00    1.01    0.00    0.00    0.00    0.00    0.00    0.00   98.99
10:09:41 PM    2    0.00    0.00    1.00    0.00    0.00    0.00    0.00    0.00    0.00   99.00
10:09:41 PM    3    0.00    0.00    1.00    0.00    0.00    0.00    0.00    0.00    0.00   99.00

10:09:41 PM  CPU    %usr   %nice    %sys %iowait    %irq   %soft  %steal  %guest  %gnice   %idle
10:09:42 PM  all    0.00    0.00    1.00    0.00    1.00    5.26    0.00    0.00    0.00   92.73
10:09:42 PM    0    0.00    0.00    0.00    0.00    4.04   21.21    0.00    0.00    0.00   74.75
10:09:42 PM    1    0.00    0.00    1.98    0.00    0.00    0.00    0.00    0.00    0.00   98.02
10:09:42 PM    2    0.00    0.00    2.00    0.00    0.00    0.00    0.00    0.00    0.00   98.00
10:09:42 PM    3    0.00    0.00    0.00    0.00    0.00    0.00    0.00    0.00    0.00  100.00

10:09:42 PM  CPU    %usr   %nice    %sys %iowait    %irq   %soft  %steal  %guest  %gnice   %idle
10:09:43 PM  all    0.00    0.00    1.01    0.00    1.01    5.28    0.00    0.00    0.00   92.71
10:09:43 PM    0    0.00    0.00    0.00    0.00    3.06   21.43    0.00    0.00    0.00   75.51
10:09:43 PM    1    0.00    0.00    1.00    0.00    0.00    0.00    0.00    0.00    0.00   99.00
10:09:43 PM    2    0.00    0.00    2.00    0.00    1.00    0.00    0.00    0.00    0.00   97.00
10:09:43 PM    3    0.00    0.00    1.00    0.00    0.00    0.00    0.00    0.00    0.00   99.00

10:09:43 PM  CPU    %usr   %nice    %sys %iowait    %irq   %soft  %steal  %guest  %gnice   %idle
10:09:44 PM  all    0.25    0.00    1.01    0.00    1.26    5.53    0.00    0.00    0.00   91.96
10:09:44 PM    0    0.00    0.00    0.00    0.00    4.00   22.00    0.00    0.00    0.00   74.00
10:09:44 PM    1    0.00    0.00    0.00    0.00    1.01    0.00    0.00    0.00    0.00   98.99
10:09:44 PM    2    0.00    0.00    3.00    0.00    0.00    0.00    0.00    0.00    0.00   97.00
10:09:44 PM    3    1.01    0.00    1.01    0.00    0.00    0.00    0.00    0.00    0.00   97.98

10:09:44 PM  CPU    %usr   %nice    %sys %iowait    %irq   %soft  %steal  %guest  %gnice   %idle
10:09:45 PM  all    0.00    0.00    1.24    0.00    1.24    5.47    0.00    0.00    0.00   92.04
10:09:45 PM    0    0.00    0.00    0.00    0.00    4.04   21.21    0.00    0.00    0.00   74.75
10:09:45 PM    1    0.00    0.00    0.99    0.00    0.00    0.99    0.00    0.00    0.00   98.02
10:09:45 PM    2    0.00    0.00    2.97    0.00    0.00    0.00    0.00    0.00    0.00   97.03
10:09:45 PM    3    0.00    0.00    0.99    0.00    0.99    0.00    0.00    0.00    0.00   98.02

10:09:45 PM  CPU    %usr   %nice    %sys %iowait    %irq   %soft  %steal  %guest  %gnice   %idle
10:09:46 PM  all    0.25    0.00    0.25    0.00    1.02    5.33    0.00    0.00    0.00   93.15
10:09:46 PM    0    0.00    0.00    0.00    0.00    4.08   21.43    0.00    0.00    0.00   74.49
10:09:46 PM    1    0.00    0.00    0.00    0.00    0.00    0.00    0.00    0.00    0.00  100.00
10:09:46 PM    2    1.01    0.00    1.01    0.00    0.00    0.00    0.00    0.00    0.00   97.98
10:09:46 PM    3    0.00    0.00    0.00    0.00    0.00    0.00    0.00    0.00    0.00  100.00

10:09:46 PM  CPU    %usr   %nice    %sys %iowait    %irq   %soft  %steal  %guest  %gnice   %idle
10:09:47 PM  all    0.00    0.00    1.50    0.00    1.25    5.26    0.00    0.00    0.00   91.98
10:09:47 PM    0    0.00    0.00    0.00    0.00    4.04   21.21    0.00    0.00    0.00   74.75
10:09:47 PM    1    0.00    0.00    2.00    0.00    0.00    0.00    0.00    0.00    0.00   98.00
10:09:47 PM    2    0.00    0.00    2.00    0.00    1.00    0.00    0.00    0.00    0.00   97.00
10:09:47 PM    3    0.00    0.00    2.00    0.00    0.00    0.00    0.00    0.00    0.00   98.00

10:09:47 PM  CPU    %usr   %nice    %sys %iowait    %irq   %soft  %steal  %guest  %gnice   %idle
10:09:48 PM  all    0.00    0.00    0.75    0.00    1.00    5.51    0.00    0.00    0.00   92.73
10:09:48 PM    0    0.00    0.00    0.00    0.00    4.00   22.00    0.00    0.00    0.00   74.00
10:09:48 PM    1    0.00    0.00    1.00    0.00    0.00    0.00    0.00    0.00    0.00   99.00
10:09:48 PM    2    0.00    0.00    1.01    0.00    0.00    0.00    0.00    0.00    0.00   98.99
10:09:48 PM    3    0.00    0.00    1.00    0.00    0.00    0.00    0.00    0.00    0.00   99.00

10:09:48 PM  CPU    %usr   %nice    %sys %iowait    %irq   %soft  %steal  %guest  %gnice   %idle
10:09:49 PM  all    0.00    0.00    1.01    0.00    1.01    5.28    0.00    0.00    0.00   92.71
10:09:49 PM    0    0.00    0.00    0.00    0.00    3.06   21.43    0.00    0.00    0.00   75.51
10:09:49 PM    1    0.00    0.00    0.00    0.00    1.00    0.00    0.00    0.00    0.00   99.00
10:09:49 PM    2    0.00    0.00    3.00    0.00    0.00    0.00    0.00    0.00    0.00   97.00
10:09:49 PM    3    0.00    0.00    1.00    0.00    0.00    0.00    0.00    0.00    0.00   99.00

10:09:49 PM  CPU    %usr   %nice    %sys %iowait    %irq   %soft  %steal  %guest  %gnice   %idle
10:09:50 PM  all    0.25    0.00    0.75    0.00    1.01    5.28    0.00    0.00    0.00   92.71
10:09:50 PM    0    0.00    0.00    0.00    0.00    4.04   21.21    0.00    0.00    0.00   74.75
10:09:50 PM    1    0.00    0.00    1.01    0.00    0.00    0.00    0.00    0.00    0.00   98.99
10:09:50 PM    2    0.99    0.00    1.98    0.00    0.00    0.00    0.00    0.00    0.00   97.03
10:09:50 PM    3    0.00    0.00    0.00    0.00    0.00    0.00    0.00    0.00    0.00  100.00

10:09:50 PM  CPU    %usr   %nice    %sys %iowait    %irq   %soft  %steal  %guest  %gnice   %idle
10:09:51 PM  all    0.25    0.00    1.01    0.00    1.51    5.28    0.00    0.00    0.00   91.96
10:09:51 PM    0    0.00    0.00    1.01    0.00    4.04   21.21    0.00    0.00    0.00   73.74
10:09:51 PM    1    1.01    0.00    0.00    0.00    0.00    0.00    0.00    0.00    0.00   98.99
10:09:51 PM    2    0.00    0.00    2.00    0.00    1.00    0.00    0.00    0.00    0.00   97.00
10:09:51 PM    3    0.00    0.00    1.00    0.00    1.00    0.00    0.00    0.00    0.00   98.00

10:09:51 PM  CPU    %usr   %nice    %sys %iowait    %irq   %soft  %steal  %guest  %gnice   %idle
10:09:52 PM  all    0.00    0.00    1.00    0.00    1.00    5.51    0.00    0.00    0.00   92.48
10:09:52 PM    0    0.00    0.00    0.00    0.00    4.00   22.00    0.00    0.00    0.00   74.00
10:09:52 PM    1    0.00    0.00    0.00    0.00    0.00    0.00    0.00    0.00    0.00  100.00
10:09:52 PM    2    0.00    0.00    2.97    0.00    0.00    0.00    0.00    0.00    0.00   97.03
10:09:52 PM    3    0.00    0.00    1.01    0.00    0.00    0.00    0.00    0.00    0.00   98.99

10:09:52 PM  CPU    %usr   %nice    %sys %iowait    %irq   %soft  %steal  %guest  %gnice   %idle
10:09:53 PM  all    0.00    0.00    1.26    0.00    1.01    5.28    0.00    0.00    0.00   92.46
10:09:53 PM    0    0.00    0.00    0.00    0.00    4.04   21.21    0.00    0.00    0.00   74.75
10:09:53 PM    1    0.00    0.00    2.00    0.00    0.00    0.00    0.00    0.00    0.00   98.00
10:09:53 PM    2    0.00    0.00    2.02    0.00    0.00    0.00    0.00    0.00    0.00   97.98
10:09:53 PM    3    0.00    0.00    1.00    0.00    0.00    0.00    0.00    0.00    0.00   99.00

10:09:53 PM  CPU    %usr   %nice    %sys %iowait    %irq   %soft  %steal  %guest  %gnice   %idle
10:09:54 PM  all    0.50    0.00    1.25    0.00    1.00    5.26    0.00    0.00    0.00   91.98
10:09:54 PM    0    0.00    0.00    0.00    0.00    4.04   21.21    0.00    0.00    0.00   74.75
10:09:54 PM    1    0.99    0.00    1.98    0.00    0.00    0.00    0.00    0.00    0.00   97.03
10:09:54 PM    2    1.00    0.00    2.00    0.00    0.00    0.00    0.00    0.00    0.00   97.00
10:09:54 PM    3    0.00    0.00    1.01    0.00    0.00    0.00    0.00    0.00    0.00   98.99

10:09:54 PM  CPU    %usr   %nice    %sys %iowait    %irq   %soft  %steal  %guest  %gnice   %idle
10:09:55 PM  all    0.00    0.00    1.25    0.00    1.25    5.49    0.00    0.00    0.00   92.02
10:09:55 PM    0    0.00    0.00    0.00    0.00    3.03   22.22    0.00    0.00    0.00   74.75
10:09:55 PM    1    0.00    0.00    0.99    0.00    0.99    0.00    0.00    0.00    0.00   98.02
10:09:55 PM    2    0.00    0.00    2.00    0.00    1.00    0.00    0.00    0.00    0.00   97.00
10:09:55 PM    3    0.00    0.00    1.98    0.00    0.00    0.00    0.00    0.00    0.00   98.02

10:09:55 PM  CPU    %usr   %nice    %sys %iowait    %irq   %soft  %steal  %guest  %gnice   %idle
10:09:56 PM  all    0.00    0.00    1.01    0.00    1.01    5.28    0.00    0.00    0.00   92.71
10:09:56 PM    0    0.00    0.00    0.00    0.00    4.04   21.21    0.00    0.00    0.00   74.75
10:09:56 PM    1    0.00    0.00    1.98    0.00    0.00    0.00    0.00    0.00    0.00   98.02
10:09:56 PM    2    0.00    0.00    2.02    0.00    0.00    0.00    0.00    0.00    0.00   97.98
10:09:56 PM    3    0.00    0.00    0.00    0.00    0.00    0.00    0.00    0.00    0.00  100.00

10:09:56 PM  CPU    %usr   %nice    %sys %iowait    %irq   %soft  %steal  %guest  %gnice   %idle
10:09:57 PM  all    0.25    0.00    1.01    0.00    1.26    5.28    0.00    0.00    0.00   92.21
10:09:57 PM    0    0.00    0.00    0.00    0.00    4.08   21.43    0.00    0.00    0.00   74.49
10:09:57 PM    1    0.00    0.00    1.01    0.00    0.00    0.00    0.00    0.00    0.00   98.99
10:09:57 PM    2    0.99    0.00    1.98    0.00    0.00    0.00    0.00    0.00    0.00   97.03
10:09:57 PM    3    0.00    0.00    1.00    0.00    1.00    0.00    0.00    0.00    0.00   98.00

10:09:57 PM  CPU    %usr   %nice    %sys %iowait    %irq   %soft  %steal  %guest  %gnice   %idle
10:09:58 PM  all    0.00    0.00    1.01    0.00    1.01    5.28    0.00    0.00    0.00   92.71
10:09:58 PM    0    0.00    0.00    0.00    0.00    4.04   21.21    0.00    0.00    0.00   74.75
10:09:58 PM    1    0.00    0.00    1.00    0.00    0.00    0.00    0.00    0.00    0.00   99.00
10:09:58 PM    2    0.00    0.00    1.02    0.00    0.00    0.00    0.00    0.00    0.00   98.98
10:09:58 PM    3    0.00    0.00    1.98    0.00    0.00    0.00    0.00    0.00    0.00   98.02

10:09:58 PM  CPU    %usr   %nice    %sys %iowait    %irq   %soft  %steal  %guest  %gnice   %idle
10:09:59 PM  all    0.25    0.00    0.75    0.00    1.25    5.49    0.00    0.00    0.00   92.27
10:09:59 PM    0    0.00    0.00    0.00    0.00    4.00   22.00    0.00    0.00    0.00   74.00
10:09:59 PM    1    0.00    0.00    0.00    0.00    0.00    0.00    0.00    0.00    0.00  100.00
10:09:59 PM    2    0.98    0.00    1.96    0.00    0.98    0.00    0.00    0.00    0.00   96.08
10:09:59 PM    3    0.00    0.00    1.00    0.00    0.00    0.00    0.00    0.00    0.00   99.00

10:09:59 PM  CPU    %usr   %nice    %sys %iowait    %irq   %soft  %steal  %guest  %gnice   %idle
10:10:00 PM  all    0.00    0.00    1.01    0.00    1.01    5.29    0.00    0.00    0.00   92.70
10:10:00 PM    0    0.00    0.00    0.00    0.00    4.04   21.21    0.00    0.00    0.00   74.75
10:10:00 PM    1    0.00    0.00    2.00    0.00    0.00    0.00    0.00    0.00    0.00   98.00
10:10:00 PM    2    0.00    0.00    2.02    0.00    0.00    0.00    0.00    0.00    0.00   97.98
10:10:00 PM    3    0.00    0.00    0.00    0.00    0.00    0.00    0.00    0.00    0.00  100.00

10:10:00 PM  CPU    %usr   %nice    %sys %iowait    %irq   %soft  %steal  %guest  %gnice   %idle
10:10:01 PM  all    0.00    0.00    1.01    0.00    1.01    5.28    0.00    0.00    0.00   92.71
10:10:01 PM    0    0.00    0.00    0.00    0.00    3.09   21.65    0.00    0.00    0.00   75.26
10:10:01 PM    1    0.00    0.00    0.99    0.00    0.99    0.00    0.00    0.00    0.00   98.02
10:10:01 PM    2    0.00    0.00    1.00    0.00    0.00    0.00    0.00    0.00    0.00   99.00
10:10:01 PM    3    0.00    0.00    2.00    0.00    0.00    0.00    0.00    0.00    0.00   98.00

10:10:01 PM  CPU    %usr   %nice    %sys %iowait    %irq   %soft  %steal  %guest  %gnice   %idle
10:10:02 PM  all    0.25    0.00    0.75    0.00    1.01    5.53    0.00    0.00    0.00   92.46
10:10:02 PM    0    0.00    0.00    0.00    0.00    4.04   22.22    0.00    0.00    0.00   73.74
10:10:02 PM    1    0.00    0.00    0.00    0.00    0.00    0.00    0.00    0.00    0.00  100.00
10:10:02 PM    2    1.00    0.00    1.00    0.00    0.00    0.00    0.00    0.00    0.00   98.00
10:10:02 PM    3    0.00    0.00    1.98    0.00    0.00    0.00    0.00    0.00    0.00   98.02

10:10:02 PM  CPU    %usr   %nice    %sys %iowait    %irq   %soft  %steal  %guest  %gnice   %idle
10:10:03 PM  all    0.25    0.00    1.50    0.00    1.25    5.25    0.00    0.00    0.00   91.75
10:10:03 PM    0    0.00    0.00    0.00    0.00    4.08   21.43    0.00    0.00    0.00   74.49
10:10:03 PM    1    0.00    0.00    2.00    0.00    0.00    0.00    0.00    0.00    0.00   98.00
10:10:03 PM    2    0.00    0.00    1.98    0.00    0.00    0.00    0.00    0.00    0.00   98.02
10:10:03 PM    3    0.99    0.00    1.98    0.00    0.99    0.00    0.00    0.00    0.00   96.04

10:10:03 PM  CPU    %usr   %nice    %sys %iowait    %irq   %soft  %steal  %guest  %gnice   %idle
10:10:04 PM  all    0.25    0.00    0.50    0.00    1.01    5.29    0.00    0.00    0.00   92.95
10:10:04 PM    0    0.00    0.00    0.00    0.00    4.04   21.21    0.00    0.00    0.00   74.75
10:10:04 PM    1    0.00    0.00    0.00    0.00    0.00    0.00    0.00    0.00    0.00  100.00
10:10:04 PM    2    0.00    0.00    0.00    0.00    0.00    0.00    0.00    0.00    0.00  100.00
10:10:04 PM    3    1.01    0.00    2.02    0.00    0.00    0.00    0.00    0.00    0.00   96.97

10:10:04 PM  CPU    %usr   %nice    %sys %iowait    %irq   %soft  %steal  %guest  %gnice   %idle
10:10:05 PM  all    0.00    0.00    0.75    0.00    1.01    5.53    0.00    0.00    0.00   92.71
10:10:05 PM    0    0.00    0.00    0.00    0.00    4.00   22.00    0.00    0.00    0.00   74.00
10:10:05 PM    1    0.00    0.00    0.00    0.00    0.00    0.00    0.00    0.00    0.00  100.00
10:10:05 PM    2    0.00    0.00    0.00    0.00    0.00    0.00    0.00    0.00    0.00  100.00
10:10:05 PM    3    0.00    0.00    3.03    0.00    0.00    0.00    0.00    0.00    0.00   96.97

10:10:05 PM  CPU    %usr   %nice    %sys %iowait    %irq   %soft  %steal  %guest  %gnice   %idle
10:10:06 PM  all    0.25    0.00    1.26    0.00    1.26    5.28    0.00    0.00    0.00   91.96
10:10:06 PM    0    0.00    0.00    1.01    0.00    4.04   21.21    0.00    0.00    0.00   73.74
10:10:06 PM    1    0.00    0.00    1.01    0.00    0.00    0.00    0.00    0.00    0.00   98.99
10:10:06 PM    2    1.00    0.00    0.00    0.00    0.00    0.00    0.00    0.00    0.00   99.00
10:10:06 PM    3    0.00    0.00    3.00    0.00    1.00    0.00    0.00    0.00    0.00   96.00

10:10:06 PM  CPU    %usr   %nice    %sys %iowait    %irq   %soft  %steal  %guest  %gnice   %idle
10:10:07 PM  all    0.00    0.00    1.00    0.00    1.25    5.26    0.00    0.00    0.00   92.48
10:10:07 PM    0    0.00    0.00    0.00    0.00    4.04   21.21    0.00    0.00    0.00   74.75
10:10:07 PM    1    0.00    0.00    0.99    0.00    0.99    0.00    0.00    0.00    0.00   98.02
10:10:07 PM    2    0.00    0.00    0.99    0.00    0.00    0.00    0.00    0.00    0.00   99.01
10:10:07 PM    3    0.00    0.00    2.04    0.00    0.00    0.00    0.00    0.00    0.00   97.96

10:10:07 PM  CPU    %usr   %nice    %sys %iowait    %irq   %soft  %steal  %guest  %gnice   %idle
10:10:08 PM  all    0.50    0.00    1.00    0.00    1.00    5.51    0.00    0.00    0.00   91.98
10:10:08 PM    0    0.00    0.00    0.00    0.00    3.06   22.45    0.00    0.00    0.00   74.49
10:10:08 PM    1    1.00    0.00    1.00    0.00    0.00    0.00    0.00    0.00    0.00   98.00
10:10:08 PM    2    0.99    0.00    0.00    0.00    0.00    0.00    0.00    0.00    0.00   99.01
10:10:08 PM    3    0.00    0.00    3.00    0.00    1.00    0.00    0.00    0.00    0.00   96.00

10:10:08 PM  CPU    %usr   %nice    %sys %iowait    %irq   %soft  %steal  %guest  %gnice   %idle
10:10:09 PM  all    0.25    0.00    1.49    0.00    1.24    5.47    0.00    0.00    0.00   91.54
10:10:09 PM    0    1.00    0.00    0.00    0.00    4.00   21.00    0.00    0.00    0.00   74.00
10:10:09 PM    1    0.00    0.00    1.98    0.00    0.00    0.00    0.00    0.00    0.00   98.02
10:10:09 PM    2    0.00    0.00    0.00    0.00    0.98    0.98    0.00    0.00    0.00   98.04
10:10:09 PM    3    0.00    0.00    4.04    0.00    0.00    0.00    0.00    0.00    0.00   95.96

10:10:09 PM  CPU    %usr   %nice    %sys %iowait    %irq   %soft  %steal  %guest  %gnice   %idle
10:10:10 PM  all    0.00    0.00    1.50    0.00    1.00    5.51    0.00    0.00    0.00   91.98
10:10:10 PM    0    0.00    0.00    0.00    0.00    4.04   22.22    0.00    0.00    0.00   73.74
10:10:10 PM    1    0.00    0.00    1.01    0.00    0.00    0.00    0.00    0.00    0.00   98.99
10:10:10 PM    2    0.00    0.00    0.99    0.00    0.00    0.00    0.00    0.00    0.00   99.01
10:10:10 PM    3    0.00    0.00    4.00    0.00    0.00    0.00    0.00    0.00    0.00   96.00

10:10:10 PM  CPU    %usr   %nice    %sys %iowait    %irq   %soft  %steal  %guest  %gnice   %idle
10:10:11 PM  all    0.00    0.00    1.25    0.00    1.25    5.25    0.00    0.00    0.00   92.25
10:10:11 PM    0    0.00    0.00    0.00    0.00    4.04   21.21    0.00    0.00    0.00   74.75
10:10:11 PM    1    0.00    0.00    1.98    0.00    0.00    0.00    0.00    0.00    0.00   98.02
10:10:11 PM    2    0.00    0.00    0.00    0.00    0.00    0.00    0.00    0.00    0.00  100.00
10:10:11 PM    3    0.00    0.00    3.00    0.00    1.00    0.00    0.00    0.00    0.00   96.00

10:10:11 PM  CPU    %usr   %nice    %sys %iowait    %irq   %soft  %steal  %guest  %gnice   %idle
10:10:12 PM  all    0.00    0.00    0.50    0.00    1.01    5.29    0.00    0.00    0.00   93.20
10:10:12 PM    0    0.00    0.00    0.00    0.00    4.04   21.21    0.00    0.00    0.00   74.75
10:10:12 PM    1    0.00    0.00    0.00    0.00    0.00    0.00    0.00    0.00    0.00  100.00
10:10:12 PM    2    0.00    0.00    0.00    0.00    0.00    0.00    0.00    0.00    0.00  100.00
10:10:12 PM    3    0.00    0.00    2.02    0.00    0.00    0.00    0.00    0.00    0.00   97.98

10:10:12 PM  CPU    %usr   %nice    %sys %iowait    %irq   %soft  %steal  %guest  %gnice   %idle
10:10:13 PM  all    0.00    0.00    1.00    0.00    1.25    5.51    0.00    0.00    0.00   92.23
10:10:13 PM    0    0.00    0.00    0.00    0.00    4.00   22.00    0.00    0.00    0.00   74.00
10:10:13 PM    1    0.00    0.00    1.00    0.00    1.00    0.00    0.00    0.00    0.00   98.00
10:10:13 PM    2    0.00    0.00    0.00    0.00    0.00    0.00    0.00    0.00    0.00  100.00
10:10:13 PM    3    0.00    0.00    3.03    0.00    0.00    0.00    0.00    0.00    0.00   96.97

10:10:13 PM  CPU    %usr   %nice    %sys %iowait    %irq   %soft  %steal  %guest  %gnice   %idle
10:10:14 PM  all    0.25    0.00    0.75    0.00    1.01    5.53    0.00    0.00    0.00   92.46
10:10:14 PM    0    0.00    0.00    0.00    0.00    3.09   21.65    0.00    0.00    0.00   75.26
10:10:14 PM    1    0.98    0.00    0.98    0.00    0.00    0.98    0.00    0.00    0.00   97.06
10:10:14 PM    2    0.00    0.00    0.99    0.00    0.00    0.00    0.00    0.00    0.00   99.01
10:10:14 PM    3    0.00    0.00    1.02    0.00    1.02    0.00    0.00    0.00    0.00   97.96

10:10:14 PM  CPU    %usr   %nice    %sys %iowait    %irq   %soft  %steal  %guest  %gnice   %idle
10:10:15 PM  all    0.00    0.00    1.01    0.00    1.01    5.53    0.00    0.00    0.00   92.46
10:10:15 PM    0    0.00    0.00    0.00    0.00    4.00   22.00    0.00    0.00    0.00   74.00
10:10:15 PM    1    0.00    0.00    0.00    0.00    0.00    0.00    0.00    0.00    0.00  100.00
10:10:15 PM    2    0.00    0.00    0.00    0.00    0.00    0.00    0.00    0.00    0.00  100.00
10:10:15 PM    3    0.00    0.00    4.00    0.00    0.00    0.00    0.00    0.00    0.00   96.00

10:10:15 PM  CPU    %usr   %nice    %sys %iowait    %irq   %soft  %steal  %guest  %gnice   %idle
10:10:16 PM  all    0.25    0.00    1.24    0.00    1.00    5.47    0.00    0.00    0.00   92.04
10:10:16 PM    0    0.00    0.00    0.00    0.00    4.04   21.21    0.00    0.00    0.00   74.75
10:10:16 PM    1    0.00    0.00    1.98    0.00    0.00    0.00    0.00    0.00    0.00   98.02
10:10:16 PM    2    0.99    0.00    0.00    0.00    0.00    0.00    0.00    0.00    0.00   99.01
10:10:16 PM    3    0.00    0.00    2.97    0.00    0.00    0.99    0.00    0.00    0.00   96.04

10:10:16 PM  CPU    %usr   %nice    %sys %iowait    %irq   %soft  %steal  %guest  %gnice   %idle
10:10:17 PM  all    0.00    0.00    1.25    0.00    1.25    5.25    0.00    0.00    0.00   92.25
10:10:17 PM    0    0.00    0.00    0.00    0.00    4.04   21.21    0.00    0.00    0.00   74.75
10:10:17 PM    1    0.00    0.00    1.00    0.00    0.00    0.00    0.00    0.00    0.00   99.00
10:10:17 PM    2    0.00    0.00    0.99    0.00    0.00    0.00    0.00    0.00    0.00   99.01
10:10:17 PM    3    0.00    0.00    3.00    0.00    1.00    0.00    0.00    0.00    0.00   96.00

10:10:17 PM  CPU    %usr   %nice    %sys %iowait    %irq   %soft  %steal  %guest  %gnice   %idle
10:10:18 PM  all    0.00    0.00    0.76    0.00    1.01    5.54    0.00    0.00    0.00   92.70
10:10:18 PM    0    0.00    0.00    0.00    0.00    4.00   22.00    0.00    0.00    0.00   74.00
10:10:18 PM    1    0.00    0.00    1.01    0.00    0.00    0.00    0.00    0.00    0.00   98.99
10:10:18 PM    2    0.00    0.00    0.00    0.00    0.00    0.00    0.00    0.00    0.00  100.00
10:10:18 PM    3    0.00    0.00    2.04    0.00    0.00    0.00    0.00    0.00    0.00   97.96

10:10:18 PM  CPU    %usr   %nice    %sys %iowait    %irq   %soft  %steal  %guest  %gnice   %idle
10:10:19 PM  all    0.00    0.00    1.01    0.00    1.26    5.30    0.00    0.00    0.00   92.42
10:10:19 PM    0    0.00    0.00    1.01    0.00    4.04   21.21    0.00    0.00    0.00   73.74
10:10:19 PM    1    0.00    0.00    0.00    0.00    1.00    0.00    0.00    0.00    0.00   99.00
10:10:19 PM    2    0.00    0.00    1.01    0.00    0.00    0.00    0.00    0.00    0.00   98.99
10:10:19 PM    3    0.00    0.00    2.04    0.00    0.00    0.00    0.00    0.00    0.00   97.96

10:10:19 PM  CPU    %usr   %nice    %sys %iowait    %irq   %soft  %steal  %guest  %gnice   %idle
10:10:20 PM  all    0.00    0.00    1.25    0.00    1.25    5.25    0.00    0.00    0.00   92.25
10:10:20 PM    0    0.00    0.00    0.00    0.00    4.08   21.43    0.00    0.00    0.00   74.49
10:10:20 PM    1    0.00    0.00    0.99    0.00    0.00    0.00    0.00    0.00    0.00   99.01
10:10:20 PM    2    0.00    0.00    1.98    0.00    0.00    0.00    0.00    0.00    0.00   98.02
10:10:20 PM    3    0.00    0.00    2.00    0.00    1.00    0.00    0.00    0.00    0.00   97.00

10:10:20 PM  CPU    %usr   %nice    %sys %iowait    %irq   %soft  %steal  %guest  %gnice   %idle
10:10:21 PM  all    0.00    0.00    0.76    0.00    0.76    5.54    0.00    0.00    0.00   92.95
10:10:21 PM    0    0.00    0.00    0.00    0.00    3.09   22.68    0.00    0.00    0.00   74.23
10:10:21 PM    1    0.00    0.00    0.00    0.00    0.00    0.00    0.00    0.00    0.00  100.00
10:10:21 PM    2    0.00    0.00    1.00    0.00    0.00    0.00    0.00    0.00    0.00   99.00
10:10:21 PM    3    0.00    0.00    2.00    0.00    0.00    0.00    0.00    0.00    0.00   98.00

10:10:21 PM  CPU    %usr   %nice    %sys %iowait    %irq   %soft  %steal  %guest  %gnice   %idle
10:10:22 PM  all    0.25    0.00    1.50    0.00    1.00    5.51    0.00    0.00    0.00   91.73
10:10:22 PM    0    0.00    0.00    1.00    0.00    4.00   22.00    0.00    0.00    0.00   73.00
10:10:22 PM    1    0.00    0.00    0.00    0.00    0.00    0.00    0.00    0.00    0.00  100.00
10:10:22 PM    2    1.00    0.00    2.00    0.00    0.00    0.00    0.00    0.00    0.00   97.00
10:10:22 PM    3    0.00    0.00    3.00    0.00    0.00    0.00    0.00    0.00    0.00   97.00

Average:     CPU    %usr   %nice    %sys %iowait    %irq   %soft  %steal  %guest  %gnice   %idle
Average:     all    0.10    0.00    1.02    0.03    1.10    5.36    0.00    0.00    0.00   92.39
Average:       0    0.02    0.00    0.15    0.00    3.87   21.48    0.00    0.00    0.00   74.48
Average:       1    0.12    0.00    0.97    0.00    0.17    0.03    0.00    0.00    0.00   98.71
Average:       2    0.22    0.00    1.25    0.02    0.15    0.03    0.00    0.00    0.00   98.34
Average:       3    0.07    0.00    1.71    0.08    0.23    0.03    0.00    0.00    0.00   97.88
