Linux 7.0.0 (hp5) 	06/20/2026 	_x86_64_	(8 CPU)

04:32:37 AM  CPU    %usr   %nice    %sys %iowait    %irq   %soft  %steal  %guest  %gnice   %idle
04:32:38 AM  all    0.00    0.00    8.58    0.00    0.62   23.88    0.00    0.00    0.00   66.92
04:32:38 AM    0    0.00    0.00    0.00    0.00    1.00   55.00    0.00    0.00    0.00   44.00
04:32:38 AM    1    0.00    0.00    0.00    0.00    0.98   73.53    0.00    0.00    0.00   25.49
04:32:38 AM    2    0.00    0.00    4.90    0.00    0.98    4.90    0.00    0.00    0.00   89.22
04:32:38 AM    3    0.00    0.00   29.29    0.00    0.00   25.25    0.00    0.00    0.00   45.45
04:32:38 AM    4    0.00    0.00   14.14    0.00    0.00   13.13    0.00    0.00    0.00   72.73
04:32:38 AM    5    0.00    0.00    0.00    0.00    0.99    0.99    0.00    0.00    0.00   98.02
04:32:38 AM    6    0.00    0.00   21.00    0.00    1.00   16.00    0.00    0.00    0.00   62.00
04:32:38 AM    7    0.00    0.00    0.00    0.00    0.00    1.98    0.00    0.00    0.00   98.02

04:32:38 AM  CPU    %usr   %nice    %sys %iowait    %irq   %soft  %steal  %guest  %gnice   %idle
04:32:39 AM  all    0.00    0.00    8.53    0.00    0.13   22.21    0.00    0.00    0.00   69.13
04:32:39 AM    0    0.00    0.00    0.00    0.00    0.00   75.00    0.00    0.00    0.00   25.00
04:32:39 AM    1    0.00    0.00    0.00    0.00    0.00   40.40    0.00    0.00    0.00   59.60
04:32:39 AM    2    0.00    0.00   10.00    0.00    0.00    8.00    0.00    0.00    0.00   82.00
04:32:39 AM    3    0.00    0.00   25.25    0.00    1.01   22.22    0.00    0.00    0.00   51.52
04:32:39 AM    4    0.00    0.00    0.00    0.00    0.00    0.00    0.00    0.00    0.00  100.00
04:32:39 AM    5    0.00    0.00   14.14    0.00    0.00   13.13    0.00    0.00    0.00   72.73
04:32:39 AM    6    0.00    0.00   19.00    0.00    0.00   19.00    0.00    0.00    0.00   62.00
04:32:39 AM    7    0.00    0.00    0.00    0.00    0.00    0.00    0.00    0.00    0.00  100.00

04:32:39 AM  CPU    %usr   %nice    %sys %iowait    %irq   %soft  %steal  %guest  %gnice   %idle
04:32:40 AM  all    0.00    0.00   11.97    0.00    0.00   27.93    0.00    0.00    0.00   60.10
04:32:40 AM    0    0.00    0.00    0.00    0.00    0.00  100.00    0.00    0.00    0.00    0.00
04:32:40 AM    1    0.00    0.00    0.00    0.00    0.00   91.09    0.00    0.00    0.00    8.91
04:32:40 AM    2    0.00    0.00    0.00    0.00    0.00    0.00    0.00    0.00    0.00  100.00
04:32:40 AM    3    0.00    0.00    6.00    0.00    0.00    6.00    0.00    0.00    0.00   88.00
04:32:40 AM    4    0.00    0.00    0.00    0.00    0.00    0.00    0.00    0.00    0.00  100.00
04:32:40 AM    5    0.00    0.00   67.33    0.00    0.00   12.87    0.00    0.00    0.00   19.80
04:32:40 AM    6    0.00    0.00   22.22    0.00    0.00   13.13    0.00    0.00    0.00   64.65
04:32:40 AM    7    0.00    0.00    0.00    0.00    0.00    0.00    0.00    0.00    0.00  100.00

04:32:40 AM  CPU    %usr   %nice    %sys %iowait    %irq   %soft  %steal  %guest  %gnice   %idle
04:32:41 AM  all    0.13    0.00   10.89    0.00    0.13   23.90    0.00    0.00    0.00   64.96
04:32:41 AM    0    0.00    0.00    0.00    0.00    0.99   99.01    0.00    0.00    0.00    0.00
04:32:41 AM    1    1.01    0.00    1.01    0.00    0.00   27.27    0.00    0.00    0.00   70.71
04:32:41 AM    2    0.00    0.00   33.33    0.00    0.00   20.20    0.00    0.00    0.00   46.46
04:32:41 AM    3    0.00    0.00   29.00    0.00    0.00   26.00    0.00    0.00    0.00   45.00
04:32:41 AM    4    0.00    0.00    0.00    0.00    0.00    0.00    0.00    0.00    0.00  100.00
04:32:41 AM    5    0.00    0.00   24.24    0.00    0.00   18.18    0.00    0.00    0.00   57.58
04:32:41 AM    6    0.00    0.00    0.00    0.00    0.00    0.00    0.00    0.00    0.00  100.00
04:32:41 AM    7    0.00    0.00    0.00    0.00    0.00    0.00    0.00    0.00    0.00  100.00

04:32:41 AM  CPU    %usr   %nice    %sys %iowait    %irq   %soft  %steal  %guest  %gnice   %idle
04:32:42 AM  all    0.00    0.00   10.64    0.00    0.25   28.41    0.00    0.00    0.00   60.70
04:32:42 AM    0    0.00    0.00    0.00    0.00    0.00   69.70    0.00    0.00    0.00   30.30
04:32:42 AM    1    0.00    0.00    0.00    0.00    0.99   99.01    0.00    0.00    0.00    0.00
04:32:42 AM    2    0.00    0.00   33.00    0.00    0.00   12.00    0.00    0.00    0.00   55.00
04:32:42 AM    3    0.00    0.00    1.00    0.00    0.00    1.00    0.00    0.00    0.00   98.00
04:32:42 AM    4    0.00    0.00    0.00    0.00    0.00    1.00    0.00    0.00    0.00   99.00
04:32:42 AM    5    0.00    0.00   19.00    0.00    1.00   19.00    0.00    0.00    0.00   61.00
04:32:42 AM    6    0.00    0.00   19.00    0.00    0.00   11.00    0.00    0.00    0.00   70.00
04:32:42 AM    7    0.00    0.00   13.13    0.00    0.00   14.14    0.00    0.00    0.00   72.73

04:32:42 AM  CPU    %usr   %nice    %sys %iowait    %irq   %soft  %steal  %guest  %gnice   %idle
04:32:43 AM  all    0.00    0.00   12.61    0.00    0.37   28.59    0.00    0.00    0.00   58.43
04:32:43 AM    0    0.00    0.00    0.00    0.00    0.99   90.10    0.00    0.00    0.00    8.91
04:32:43 AM    1    0.00    0.00    0.00    0.00    0.00  100.00    0.00    0.00    0.00    0.00
04:32:43 AM    2    0.00    0.00   22.00    0.00    0.00   10.00    0.00    0.00    0.00   68.00
04:32:43 AM    3    0.00    0.00   17.82    0.00    0.99    9.90    0.00    0.00    0.00   71.29
04:32:43 AM    4    0.00    0.00   60.40    0.00    0.99   18.81    0.00    0.00    0.00   19.80
04:32:43 AM    5    0.00    0.00    0.00    0.00    0.00    0.00    0.00    0.00    0.00  100.00
04:32:43 AM    6    0.00    0.00    0.00    0.00    0.00    0.00    0.00    0.00    0.00  100.00
04:32:43 AM    7    0.00    0.00    0.00    0.00    0.00    0.00    0.00    0.00    0.00  100.00

04:32:43 AM  CPU    %usr   %nice    %sys %iowait    %irq   %soft  %steal  %guest  %gnice   %idle
04:32:44 AM  all    0.25    0.00   12.84    0.00    0.37   27.56    0.00    0.00    0.00   58.98
04:32:44 AM    0    1.00    0.00    1.00    0.00    0.00   78.00    0.00    0.00    0.00   20.00
04:32:44 AM    1    0.98    0.00    0.98    0.00    0.98   97.06    0.00    0.00    0.00    0.00
04:32:44 AM    2    0.00    0.00   27.00    0.00    1.00    8.00    0.00    0.00    0.00   64.00
04:32:44 AM    3    0.00    0.00   39.39    0.00    0.00   23.23    0.00    0.00    0.00   37.37
04:32:44 AM    4    0.00    0.00   17.17    0.00    0.00    3.03    0.00    0.00    0.00   79.80
04:32:44 AM    5    0.00    0.00    0.00    0.00    0.00    0.00    0.00    0.00    0.00  100.00
04:32:44 AM    6    0.00    0.00   18.00    0.00    1.00   10.00    0.00    0.00    0.00   71.00
04:32:44 AM    7    0.00    0.00    0.00    0.00    0.00    0.00    0.00    0.00    0.00  100.00

04:32:44 AM  CPU    %usr   %nice    %sys %iowait    %irq   %soft  %steal  %guest  %gnice   %idle
04:32:45 AM  all    0.00    0.00   12.88    0.00    0.00   28.12    0.00    0.00    0.00   59.00
04:32:45 AM    0    0.00    0.00    0.00    0.00    0.00   73.00    0.00    0.00    0.00   27.00
04:32:45 AM    1    0.00    0.00    0.00    0.00    0.00  100.00    0.00    0.00    0.00    0.00
04:32:45 AM    2    0.00    0.00    0.00    0.00    0.00    0.00    0.00    0.00    0.00  100.00
04:32:45 AM    3    0.00    0.00    1.98    0.00    0.00    1.98    0.00    0.00    0.00   96.04
04:32:45 AM    4    0.00    0.00   44.44    0.00    0.00   22.22    0.00    0.00    0.00   33.33
04:32:45 AM    5    0.00    0.00   39.00    0.00    0.00   28.00    0.00    0.00    0.00   33.00
04:32:45 AM    6    0.00    0.00    1.96    0.00    0.00    0.98    0.00    0.00    0.00   97.06
04:32:45 AM    7    0.00    0.00   16.16    0.00    0.00    0.00    0.00    0.00    0.00   83.84

04:32:45 AM  CPU    %usr   %nice    %sys %iowait    %irq   %soft  %steal  %guest  %gnice   %idle
04:32:46 AM  all    0.00    0.00   10.71    0.00    0.37   24.28    0.00    0.00    0.00   64.63
04:32:46 AM    0    0.00    0.00    0.00    0.00    0.99   72.28    0.00    0.00    0.00   26.73
04:32:46 AM    1    0.00    0.00    0.00    0.00    0.98   73.53    0.00    0.00    0.00   25.49
04:32:46 AM    2    0.00    0.00   13.00    0.00    0.00    9.00    0.00    0.00    0.00   78.00
04:32:46 AM    3    0.00    0.00   17.17    0.00    0.00   12.12    0.00    0.00    0.00   70.71
04:32:46 AM    4    0.00    0.00    0.00    0.00    0.00    0.00    0.00    0.00    0.00  100.00
04:32:46 AM    5    0.00    0.00    0.00    0.00    0.00    0.00    0.00    0.00    0.00  100.00
04:32:46 AM    6    0.00    0.00    0.00    0.00    0.00    0.00    0.00    0.00    0.00  100.00
04:32:46 AM    7    0.00    0.00   55.45    0.00    0.99   25.74    0.00    0.00    0.00   17.82

04:32:46 AM  CPU    %usr   %nice    %sys %iowait    %irq   %soft  %steal  %guest  %gnice   %idle
04:32:47 AM  all    0.00    0.00   11.01    0.00    0.00   28.66    0.00    0.00    0.00   60.33
04:32:47 AM    0    0.00    0.00    1.01    0.00    0.00   71.72    0.00    0.00    0.00   27.27
04:32:47 AM    1    0.00    0.00    1.01    0.00    0.00   98.99    0.00    0.00    0.00    0.00
04:32:47 AM    2    0.00    0.00   25.00    0.00    0.00   14.00    0.00    0.00    0.00   61.00
04:32:47 AM    3    0.00    0.00    8.00    0.00    0.00    1.00    0.00    0.00    0.00   91.00
04:32:47 AM    4    0.00    0.00   16.00    0.00    0.00   15.00    0.00    0.00    0.00   69.00
04:32:47 AM    5    0.00    0.00   34.34    0.00    0.00   27.27    0.00    0.00    0.00   38.38
04:32:47 AM    6    0.00    0.00    0.00    0.00    0.00    0.00    0.00    0.00    0.00  100.00
04:32:47 AM    7    0.00    0.00    2.97    0.00    0.00    2.97    0.00    0.00    0.00   94.06

04:32:47 AM  CPU    %usr   %nice    %sys %iowait    %irq   %soft  %steal  %guest  %gnice   %idle
04:32:48 AM  all    0.00    0.00   13.23    0.00    0.25   26.34    0.00    0.00    0.00   60.17
04:32:48 AM    0    0.00    0.00    0.00    0.00    0.99   99.01    0.00    0.00    0.00    0.00
04:32:48 AM    1    0.00    0.00    0.00    0.00    0.99   99.01    0.00    0.00    0.00    0.00
04:32:48 AM    2    0.00    0.00    0.00    0.00    0.00    0.00    0.00    0.00    0.00  100.00
04:32:48 AM    3    0.00    0.00   34.00    0.00    0.00    0.00    0.00    0.00    0.00   66.00
04:32:48 AM    4    0.00    0.00   16.00    0.00    0.00    5.00    0.00    0.00    0.00   79.00
04:32:48 AM    5    0.00    0.00    0.00    0.00    0.00    0.00    0.00    0.00    0.00  100.00
04:32:48 AM    6    0.00    0.00    0.00    0.00    0.00    0.00    0.00    0.00    0.00  100.00
04:32:48 AM    7    0.00    0.00   56.57    0.00    0.00    6.06    0.00    0.00    0.00   37.37

04:32:48 AM  CPU    %usr   %nice    %sys %iowait    %irq   %soft  %steal  %guest  %gnice   %idle
04:32:49 AM  all    0.00    0.00    9.36    0.00    0.12   25.59    0.00    0.00    0.00   64.92
04:32:49 AM    0    0.00    0.00    0.00    0.00    0.00  100.00    0.00    0.00    0.00    0.00
04:32:49 AM    1    0.00    0.00    0.00    0.00    0.00   33.00    0.00    0.00    0.00   67.00
04:32:49 AM    2    0.00    0.00   30.30    0.00    0.00   30.30    0.00    0.00    0.00   39.39
04:32:49 AM    3    0.00    0.00    0.99    0.00    0.00    0.99    0.00    0.00    0.00   98.02
04:32:49 AM    4    0.00    0.00   24.75    0.00    0.99   21.78    0.00    0.00    0.00   52.48
04:32:49 AM    5    0.00    0.00    0.00    0.00    0.00    0.00    0.00    0.00    0.00  100.00
04:32:49 AM    6    0.00    0.00   14.14    0.00    0.00   15.15    0.00    0.00    0.00   70.71
04:32:49 AM    7    0.00    0.00    5.00    0.00    0.00    4.00    0.00    0.00    0.00   91.00

04:32:49 AM  CPU    %usr   %nice    %sys %iowait    %irq   %soft  %steal  %guest  %gnice   %idle
04:32:50 AM  all    0.00    0.00   12.98    0.00    0.25   28.59    0.00    0.00    0.00   58.18
04:32:50 AM    0    0.00    0.00    0.00    0.00    0.99   99.01    0.00    0.00    0.00    0.00
04:32:50 AM    1    0.00    0.00    0.00    0.00    0.00  100.00    0.00    0.00    0.00    0.00
04:32:50 AM    2    0.00    0.00    0.00    0.00    0.00    0.00    0.00    0.00    0.00  100.00
04:32:50 AM    3    0.00    0.00   61.00    0.00    1.00   10.00    0.00    0.00    0.00   28.00
04:32:50 AM    4    0.00    0.00   32.00    0.00    0.00   15.00    0.00    0.00    0.00   53.00
04:32:50 AM    5    0.00    0.00    0.00    0.00    0.00    0.00    0.00    0.00    0.00  100.00
04:32:50 AM    6    0.00    0.00   11.00    0.00    0.00    5.00    0.00    0.00    0.00   84.00
04:32:50 AM    7    0.00    0.00    0.00    0.00    0.00    0.00    0.00    0.00    0.00  100.00

04:32:50 AM  CPU    %usr   %nice    %sys %iowait    %irq   %soft  %steal  %guest  %gnice   %idle
04:32:51 AM  all    0.00    0.00   10.47    0.00    0.37   25.56    0.00    0.00    0.00   63.59
04:32:51 AM    0    0.00    0.00    0.00    0.00    0.00   35.00    0.00    0.00    0.00   65.00
04:32:51 AM    1    0.00    0.00    0.00    0.00    0.99   99.01    0.00    0.00    0.00    0.00
04:32:51 AM    2    0.00    0.00   18.63    0.00    0.98   15.69    0.00    0.00    0.00   64.71
04:32:51 AM    3    0.00    0.00   17.00    0.00    0.00   16.00    0.00    0.00    0.00   67.00
04:32:51 AM    4    0.00    0.00   10.10    0.00    0.00    5.05    0.00    0.00    0.00   84.85
04:32:51 AM    5    0.00    0.00   14.00    0.00    1.00   14.00    0.00    0.00    0.00   71.00
04:32:51 AM    6    0.00    0.00   24.00    0.00    0.00   19.00    0.00    0.00    0.00   57.00
04:32:51 AM    7    0.00    0.00    0.00    0.00    0.00    0.00    0.00    0.00    0.00  100.00

04:32:51 AM  CPU    %usr   %nice    %sys %iowait    %irq   %soft  %steal  %guest  %gnice   %idle
04:32:52 AM  all    0.00    0.00   14.34    0.00    0.00   24.81    0.00    0.00    0.00   60.85
04:32:52 AM    0    0.00    0.00    0.00    0.00    0.00   99.00    0.00    0.00    0.00    1.00
04:32:52 AM    1    0.00    0.00    0.00    0.00    0.00   76.00    0.00    0.00    0.00   24.00
04:32:52 AM    2    0.00    0.00    0.00    0.00    0.00    0.00    0.00    0.00    0.00  100.00
04:32:52 AM    3    0.00    0.00    0.00    0.00    0.00    0.00    0.00    0.00    0.00  100.00
04:32:52 AM    4    0.00    0.00    0.00    0.00    0.00    0.00    0.00    0.00    0.00  100.00
04:32:52 AM    5    0.00    0.00   22.00    0.00    0.00   10.00    0.00    0.00    0.00   68.00
04:32:52 AM    6    0.00    0.00   44.00    0.00    0.00    8.00    0.00    0.00    0.00   48.00
04:32:52 AM    7    0.00    0.00   49.00    0.00    0.00    6.00    0.00    0.00    0.00   45.00

04:32:52 AM  CPU    %usr   %nice    %sys %iowait    %irq   %soft  %steal  %guest  %gnice   %idle
04:32:53 AM  all    0.00    0.00   12.30    0.00    0.25   27.48    0.00    0.00    0.00   59.97
04:32:53 AM    0    0.00    0.00    0.00    0.00    1.00   81.00    0.00    0.00    0.00   18.00
04:32:53 AM    1    0.00    0.00    0.00    0.00    0.00  100.00    0.00    0.00    0.00    0.00
04:32:53 AM    2    0.00    0.00    0.00    0.00    0.00    0.00    0.00    0.00    0.00  100.00
04:32:53 AM    3    0.00    0.00   40.40    0.00    0.00    3.03    0.00    0.00    0.00   56.57
04:32:53 AM    4    0.00    0.00    0.00    0.00    0.00    0.00    0.00    0.00    0.00  100.00
04:32:53 AM    5    0.00    0.00   11.11    0.00    0.00   11.11    0.00    0.00    0.00   77.78
04:32:53 AM    6    0.00    0.00   29.29    0.00    1.01   17.17    0.00    0.00    0.00   52.53
04:32:53 AM    7    0.00    0.00   18.00    0.00    0.00    7.00    0.00    0.00    0.00   75.00

04:32:53 AM  CPU    %usr   %nice    %sys %iowait    %irq   %soft  %steal  %guest  %gnice   %idle
04:32:54 AM  all    0.00    0.00   12.20    0.00    0.12   27.15    0.00    0.00    0.00   60.52
04:32:54 AM    0    0.00    0.00    0.00    0.00    0.00   92.00    0.00    0.00    0.00    8.00
04:32:54 AM    1    0.00    0.00    0.00    0.00    0.99   70.30    0.00    0.00    0.00   28.71
04:32:54 AM    2    0.00    0.00    0.00    0.00    0.00    0.00    0.00    0.00    0.00  100.00
04:32:54 AM    3    0.00    0.00   26.00    0.00    0.00    7.00    0.00    0.00    0.00   67.00
04:32:54 AM    4    0.00    0.00   20.00    0.00    0.00   14.00    0.00    0.00    0.00   66.00
04:32:54 AM    5    0.00    0.00   26.00    0.00    0.00   14.00    0.00    0.00    0.00   60.00
04:32:54 AM    6    0.00    0.00   26.00    0.00    0.00   20.00    0.00    0.00    0.00   54.00
04:32:54 AM    7    0.00    0.00    0.00    0.00    0.00    0.00    0.00    0.00    0.00  100.00

04:32:54 AM  CPU    %usr   %nice    %sys %iowait    %irq   %soft  %steal  %guest  %gnice   %idle
04:32:55 AM  all    0.00    0.00   12.31    0.00    0.13   23.99    0.00    0.00    0.00   63.57
04:32:55 AM    0    0.00    0.00    0.00    0.00    1.00   69.00    0.00    0.00    0.00   30.00
04:32:55 AM    1    0.00    0.00    0.00    0.00    0.00   87.00    0.00    0.00    0.00   13.00
04:32:55 AM    2    0.00    0.00   36.73    0.00    0.00   14.29    0.00    0.00    0.00   48.98
04:32:55 AM    3    0.00    0.00    0.00    0.00    0.00    0.00    0.00    0.00    0.00  100.00
04:32:55 AM    4    0.00    0.00    9.00    0.00    0.00   10.00    0.00    0.00    0.00   81.00
04:32:55 AM    5    0.00    0.00    0.00    0.00    0.00    0.00    0.00    0.00    0.00  100.00
04:32:55 AM    6    0.00    0.00   34.34    0.00    0.00    0.00    0.00    0.00    0.00   65.66
04:32:55 AM    7    0.00    0.00   19.19    0.00    0.00   11.11    0.00    0.00    0.00   69.70

04:32:55 AM  CPU    %usr   %nice    %sys %iowait    %irq   %soft  %steal  %guest  %gnice   %idle
04:32:56 AM  all    0.00    0.00   10.68    0.00    0.25   27.20    0.00    0.00    0.00   61.86
04:32:56 AM    0    0.00    0.00    0.00    0.00    0.00   70.30    0.00    0.00    0.00   29.70
04:32:56 AM    1    0.00    0.00    0.00    0.00    0.00   87.00    0.00    0.00    0.00   13.00
04:32:56 AM    2    0.00    0.00   29.00    0.00    0.00   16.00    0.00    0.00    0.00   55.00
04:32:56 AM    3    0.00    0.00   14.00    0.00    0.00   14.00    0.00    0.00    0.00   72.00
04:32:56 AM    4    0.00    0.00    5.00    0.00    0.00    4.00    0.00    0.00    0.00   91.00
04:32:56 AM    5    0.00    0.00   16.83    0.00    0.99   12.87    0.00    0.00    0.00   69.31
04:32:56 AM    6    0.00    0.00    0.98    0.00    0.00    2.94    0.00    0.00    0.00   96.08
04:32:56 AM    7    0.00    0.00   19.80    0.00    0.99   10.89    0.00    0.00    0.00   68.32

04:32:56 AM  CPU    %usr   %nice    %sys %iowait    %irq   %soft  %steal  %guest  %gnice   %idle
04:32:57 AM  all    0.00    0.00   12.22    0.00    0.25   25.81    0.00    0.00    0.00   61.72
04:32:57 AM    0    0.00    0.00    0.00    0.00    0.99   68.32    0.00    0.00    0.00   30.69
04:32:57 AM    1    0.00    0.00    0.00    0.00    0.99   99.01    0.00    0.00    0.00    0.00
04:32:57 AM    2    0.00    0.00   32.00    0.00    0.00   17.00    0.00    0.00    0.00   51.00
04:32:57 AM    3    0.00    0.00   17.00    0.00    0.00   15.00    0.00    0.00    0.00   68.00
04:32:57 AM    4    0.00    0.00    0.00    0.00    0.00    0.00    0.00    0.00    0.00  100.00
04:32:57 AM    5    0.00    0.00    9.00    0.00    0.00    5.00    0.00    0.00    0.00   86.00
04:32:57 AM    6    0.00    0.00   40.00    0.00    0.00    1.00    0.00    0.00    0.00   59.00
04:32:57 AM    7    0.00    0.00    0.00    0.00    0.00    0.00    0.00    0.00    0.00  100.00

04:32:57 AM  CPU    %usr   %nice    %sys %iowait    %irq   %soft  %steal  %guest  %gnice   %idle
04:32:58 AM  all    0.00    0.00   13.06    0.00    0.37   30.85    0.00    0.00    0.00   55.72
04:32:58 AM    0    0.00    0.00    0.00    0.00    0.00  100.00    0.00    0.00    0.00    0.00
04:32:58 AM    1    0.00    0.00    0.99    0.00    0.00   99.01    0.00    0.00    0.00    0.00
04:32:58 AM    2    0.00    0.00    9.90    0.00    0.99    4.95    0.00    0.00    0.00   84.16
04:32:58 AM    3    0.00    0.00   20.00    0.00    1.00    7.00    0.00    0.00    0.00   72.00
04:32:58 AM    4    0.00    0.00   19.80    0.00    0.99   11.88    0.00    0.00    0.00   67.33
04:32:58 AM    5    0.00    0.00   13.86    0.00    0.00    5.94    0.00    0.00    0.00   80.20
04:32:58 AM    6    0.00    0.00    0.00    0.00    0.00    0.00    0.00    0.00    0.00  100.00
04:32:58 AM    7    0.00    0.00   40.00    0.00    0.00   18.00    0.00    0.00    0.00   42.00

04:32:58 AM  CPU    %usr   %nice    %sys %iowait    %irq   %soft  %steal  %guest  %gnice   %idle
04:32:59 AM  all    0.00    0.00   11.21    0.00    0.13   24.94    0.00    0.00    0.00   63.73
04:32:59 AM    0    0.00    0.00    0.00    0.00    0.00  100.00    0.00    0.00    0.00    0.00
04:32:59 AM    1    0.00    0.00    0.00    0.00    1.00   65.00    0.00    0.00    0.00   34.00
04:32:59 AM    2    0.00    0.00   14.29    0.00    0.00   14.29    0.00    0.00    0.00   71.43
04:32:59 AM    3    0.00    0.00    2.97    0.00    0.00    2.97    0.00    0.00    0.00   94.06
04:32:59 AM    4    0.00    0.00    0.00    0.00    0.00    0.00    0.00    0.00    0.00  100.00
04:32:59 AM    5    0.00    0.00    0.00    0.00    0.00    0.00    0.00    0.00    0.00  100.00
04:32:59 AM    6    0.00    0.00   42.42    0.00    0.00    2.02    0.00    0.00    0.00   55.56
04:32:59 AM    7    0.00    0.00   30.61    0.00    0.00   15.31    0.00    0.00    0.00   54.08

04:32:59 AM  CPU    %usr   %nice    %sys %iowait    %irq   %soft  %steal  %guest  %gnice   %idle
04:33:00 AM  all    0.00    0.00   11.69    0.00    0.12   21.77    0.00    0.00    0.00   66.42
04:33:00 AM    0    0.00    0.00    0.00    0.00    0.99   99.01    0.00    0.00    0.00    0.00
04:33:00 AM    1    0.00    0.00    0.00    0.00    0.00   33.33    0.00    0.00    0.00   66.67
04:33:00 AM    2    0.00    0.00   26.73    0.00    0.00   22.77    0.00    0.00    0.00   50.50
04:33:00 AM    3    0.00    0.00    0.00    0.00    0.00    0.00    0.00    0.00    0.00  100.00
04:33:00 AM    4    0.00    0.00    0.00    0.00    0.00    0.00    0.00    0.00    0.00  100.00
04:33:00 AM    5    0.00    0.00    0.00    0.00    0.00    0.00    0.00    0.00    0.00  100.00
04:33:00 AM    6    0.00    0.00    0.00    0.00    0.00    0.00    0.00    0.00    0.00  100.00
04:33:00 AM    7    0.00    0.00   66.34    0.00    0.00   18.81    0.00    0.00    0.00   14.85

04:33:00 AM  CPU    %usr   %nice    %sys %iowait    %irq   %soft  %steal  %guest  %gnice   %idle
04:33:01 AM  all    0.00    0.00    9.52    0.00    0.13   24.19    0.00    0.00    0.00   66.17
04:33:01 AM    0    0.00    0.00    0.00    0.00    0.00  100.00    0.00    0.00    0.00    0.00
04:33:01 AM    1    0.00    0.00    0.00    0.00    0.00   29.70    0.00    0.00    0.00   70.30
04:33:01 AM    2    0.00    0.00    6.06    0.00    0.00    3.03    0.00    0.00    0.00   90.91
04:33:01 AM    3    0.00    0.00    0.00    0.00    0.00    0.00    0.00    0.00    0.00  100.00
04:33:01 AM    4    0.00    0.00   14.00    0.00    0.00   14.00    0.00    0.00    0.00   72.00
04:33:01 AM    5    0.00    0.00   23.23    0.00    0.00   15.15    0.00    0.00    0.00   61.62
04:33:01 AM    6    0.00    0.00    0.00    0.00    0.00    0.00    0.00    0.00    0.00  100.00
04:33:01 AM    7    0.00    0.00   33.33    0.00    1.01   31.31    0.00    0.00    0.00   34.34

04:33:01 AM  CPU    %usr   %nice    %sys %iowait    %irq   %soft  %steal  %guest  %gnice   %idle
04:33:02 AM  all    0.00    0.00   12.03    0.00    0.13   24.81    0.00    0.00    0.00   63.03
04:33:02 AM    0    0.00    0.00    0.00    0.00    1.00   65.00    0.00    0.00    0.00   34.00
04:33:02 AM    1    0.00    0.00    0.00    0.00    0.00  100.00    0.00    0.00    0.00    0.00
04:33:02 AM    2    0.00    0.00    0.00    0.00    0.00    0.00    0.00    0.00    0.00  100.00
04:33:02 AM    3    0.00    0.00    0.00    0.00    0.00    0.00    0.00    0.00    0.00  100.00
04:33:02 AM    4    0.00    0.00   10.10    0.00    0.00    8.08    0.00    0.00    0.00   81.82
04:33:02 AM    5    0.00    0.00   54.55    0.00    0.00   10.10    0.00    0.00    0.00   35.35
04:33:02 AM    6    0.00    0.00    0.00    0.00    0.00    0.00    0.00    0.00    0.00  100.00
04:33:02 AM    7    0.00    0.00   32.00    0.00    0.00   15.00    0.00    0.00    0.00   53.00

04:33:02 AM  CPU    %usr   %nice    %sys %iowait    %irq   %soft  %steal  %guest  %gnice   %idle
04:33:03 AM  all    0.00    0.00   11.44    0.00    0.12   25.12    0.00    0.00    0.00   63.31
04:33:03 AM    0    0.00    0.00    0.00    0.00    0.00   86.00    0.00    0.00    0.00   14.00
04:33:03 AM    1    0.00    0.00    0.00    0.00    0.99   77.23    0.00    0.00    0.00   21.78
04:33:03 AM    2    0.00    0.00    0.00    0.00    0.00    0.00    0.00    0.00    0.00  100.00
04:33:03 AM    3    0.00    0.00   13.00    0.00    0.00   14.00    0.00    0.00    0.00   73.00
04:33:03 AM    4    0.00    0.00   68.00    0.00    0.00   17.00    0.00    0.00    0.00   15.00
04:33:03 AM    5    0.00    0.00    0.00    0.00    0.00    0.00    0.00    0.00    0.00  100.00
04:33:03 AM    6    0.00    0.00    2.97    0.00    0.00    0.99    0.00    0.00    0.00   96.04
04:33:03 AM    7    0.00    0.00    8.00    0.00    0.00    6.00    0.00    0.00    0.00   86.00

04:33:03 AM  CPU    %usr   %nice    %sys %iowait    %irq   %soft  %steal  %guest  %gnice   %idle
04:33:04 AM  all    0.13    0.00   11.32    0.00    0.25   27.92    0.00    0.00    0.00   60.38
04:33:04 AM    0    1.00    0.00    1.00    0.00    0.00   69.00    0.00    0.00    0.00   29.00
04:33:04 AM    1    0.00    0.00    1.01    0.00    0.00   90.91    0.00    0.00    0.00    8.08
04:33:04 AM    2    0.00    0.00   22.22    0.00    0.00   12.12    0.00    0.00    0.00   65.66
04:33:04 AM    3    0.00    0.00   28.28    0.00    0.00    7.07    0.00    0.00    0.00   64.65
04:33:04 AM    4    0.00    0.00   14.00    0.00    1.00   16.00    0.00    0.00    0.00   69.00
04:33:04 AM    5    0.00    0.00    0.00    0.00    0.00    0.00    0.00    0.00    0.00  100.00
04:33:04 AM    6    0.00    0.00   20.20    0.00    1.01   21.21    0.00    0.00    0.00   57.58
04:33:04 AM    7    0.00    0.00    4.04    0.00    0.00    7.07    0.00    0.00    0.00   88.89

04:33:04 AM  CPU    %usr   %nice    %sys %iowait    %irq   %soft  %steal  %guest  %gnice   %idle
04:33:05 AM  all    0.00    0.00   11.55    0.00    0.37   22.61    0.00    0.00    0.00   65.47
04:33:05 AM    0    0.00    0.00    0.00    0.00    0.99   99.01    0.00    0.00    0.00    0.00
04:33:05 AM    1    0.00    0.00    0.00    0.00    0.00   39.00    0.00    0.00    0.00   61.00
04:33:05 AM    2    0.00    0.00   24.51    0.00    0.98    7.84    0.00    0.00    0.00   66.67
04:33:05 AM    3    0.00    0.00    0.00    0.00    0.00    0.00    0.00    0.00    0.00  100.00
04:33:05 AM    4    0.00    0.00    0.00    0.00    0.00    0.00    0.00    0.00    0.00  100.00
04:33:05 AM    5    0.00    0.00   34.00    0.00    0.00   10.00    0.00    0.00    0.00   56.00
04:33:05 AM    6    0.00    0.00    8.00    0.00    0.00    7.00    0.00    0.00    0.00   85.00
04:33:05 AM    7    0.00    0.00   25.74    0.00    0.99   17.82    0.00    0.00    0.00   55.45

04:33:05 AM  CPU    %usr   %nice    %sys %iowait    %irq   %soft  %steal  %guest  %gnice   %idle
04:33:06 AM  all    0.00    0.00   11.22    0.00    0.12   27.43    0.00    0.00    0.00   61.22
04:33:06 AM    0    0.00    0.00    0.00    0.00    0.00  100.00    0.00    0.00    0.00    0.00
04:33:06 AM    1    0.00    0.00    0.00    0.00    0.99   75.25    0.00    0.00    0.00   23.76
04:33:06 AM    2    0.00    0.00    0.00    0.00    0.00    1.00    0.00    0.00    0.00   99.00
04:33:06 AM    3    0.00    0.00   32.00    0.00    0.00   13.00    0.00    0.00    0.00   55.00
04:33:06 AM    4    0.00    0.00    3.00    0.00    0.00    3.00    0.00    0.00    0.00   94.00
04:33:06 AM    5    0.00    0.00   36.00    0.00    0.00   10.00    0.00    0.00    0.00   54.00
04:33:06 AM    6    0.00    0.00   15.84    0.00    0.00   13.86    0.00    0.00    0.00   70.30
04:33:06 AM    7    0.00    0.00    3.00    0.00    0.00    3.00    0.00    0.00    0.00   94.00

04:33:06 AM  CPU    %usr   %nice    %sys %iowait    %irq   %soft  %steal  %guest  %gnice   %idle
04:33:07 AM  all    0.12    0.00   10.25    0.00    0.25   23.00    0.00    0.00    0.00   66.38
04:33:07 AM    0    0.00    0.00    0.99    0.00    0.99   64.36    0.00    0.00    0.00   33.66
04:33:07 AM    1    1.00    0.00    1.00    0.00    0.00   73.00    0.00    0.00    0.00   25.00
04:33:07 AM    2    0.00    0.00    0.00    0.00    0.00    0.00    0.00    0.00    0.00  100.00
04:33:07 AM    3    0.00    0.00   26.73    0.00    0.99   19.80    0.00    0.00    0.00   52.48
04:33:07 AM    4    0.00    0.00   28.57    0.00    0.00   19.39    0.00    0.00    0.00   52.04
04:33:07 AM    5    0.00    0.00    0.00    0.00    0.00    0.00    0.00    0.00    0.00  100.00
04:33:07 AM    6    0.00    0.00    0.00    0.00    0.00    0.00    0.00    0.00    0.00  100.00
04:33:07 AM    7    0.00    0.00   25.00    0.00    0.00    7.00    0.00    0.00    0.00   68.00

04:33:07 AM  CPU    %usr   %nice    %sys %iowait    %irq   %soft  %steal  %guest  %gnice   %idle
04:33:08 AM  all    0.00    0.00   11.38    0.00    0.00   27.38    0.00    0.00    0.00   61.25
04:33:08 AM    0    0.00    0.00    0.00    0.00    0.00   91.92    0.00    0.00    0.00    8.08
04:33:08 AM    1    0.00    0.00    0.00    0.00    0.00   75.00    0.00    0.00    0.00   25.00
04:33:08 AM    2    0.00    0.00    8.00    0.00    0.00    0.00    0.00    0.00    0.00   92.00
04:33:08 AM    3    0.00    0.00   23.00    0.00    0.00   10.00    0.00    0.00    0.00   67.00
04:33:08 AM    4    0.00    0.00   14.85    0.00    0.00   13.86    0.00    0.00    0.00   71.29
04:33:08 AM    5    0.00    0.00    0.00    0.00    0.00    0.00    0.00    0.00    0.00  100.00
04:33:08 AM    6    0.00    0.00   17.17    0.00    0.00   13.13    0.00    0.00    0.00   69.70
04:33:08 AM    7    0.00    0.00   28.00    0.00    0.00   16.00    0.00    0.00    0.00   56.00

04:33:08 AM  CPU    %usr   %nice    %sys %iowait    %irq   %soft  %steal  %guest  %gnice   %idle
04:33:09 AM  all    0.00    0.00    8.01    0.00    0.38   22.15    0.00    0.00    0.00   69.46
04:33:09 AM    0    0.00    0.00    0.00    0.00    0.99   11.88    0.00    0.00    0.00   87.13
04:33:09 AM    1    0.00    0.00    0.00    0.00    0.99   99.01    0.00    0.00    0.00    0.00
04:33:09 AM    2    0.00    0.00   16.16    0.00    0.00   18.18    0.00    0.00    0.00   65.66
04:33:09 AM    3    0.00    0.00    0.00    0.00    0.00    0.00    0.00    0.00    0.00  100.00
04:33:09 AM    4    0.00    0.00    0.00    0.00    0.00    0.00    0.00    0.00    0.00  100.00
04:33:09 AM    5    0.00    0.00   15.15    0.00    1.01   12.12    0.00    0.00    0.00   71.72
04:33:09 AM    6    0.00    0.00   21.00    0.00    0.00   22.00    0.00    0.00    0.00   57.00
04:33:09 AM    7    0.00    0.00   12.12    0.00    0.00   13.13    0.00    0.00    0.00   74.75

04:33:09 AM  CPU    %usr   %nice    %sys %iowait    %irq   %soft  %steal  %guest  %gnice   %idle
04:33:10 AM  all    0.00    0.00   10.74    0.00    0.25   26.59    0.00    0.00    0.00   62.42
04:33:10 AM    0    0.00    0.00    0.00    0.00    0.00   84.85    0.00    0.00    0.00   15.15
04:33:10 AM    1    0.00    0.00    0.00    0.00    0.00   76.77    0.00    0.00    0.00   23.23
04:33:10 AM    2    0.00    0.00   51.52    0.00    0.00   23.23    0.00    0.00    0.00   25.25
04:33:10 AM    3    0.00    0.00    0.00    0.00    0.00    0.00    0.00    0.00    0.00  100.00
04:33:10 AM    4    0.00    0.00    0.00    0.00    0.00    0.00    0.00    0.00    0.00  100.00
04:33:10 AM    5    0.00    0.00    0.00    0.00    0.00    0.00    0.00    0.00    0.00  100.00
04:33:10 AM    6    0.00    0.00   20.00    0.00    1.00   15.00    0.00    0.00    0.00   64.00
04:33:10 AM    7    0.00    0.00   14.85    0.00    0.99   14.85    0.00    0.00    0.00   69.31

04:33:10 AM  CPU    %usr   %nice    %sys %iowait    %irq   %soft  %steal  %guest  %gnice   %idle
04:33:11 AM  all    0.12    0.00   11.00    0.00    0.00   26.62    0.00    0.00    0.00   62.25
04:33:11 AM    0    0.00    0.00    0.00    0.00    0.00   62.00    0.00    0.00    0.00   38.00
04:33:11 AM    1    0.99    0.00    0.99    0.00    0.00   98.02    0.00    0.00    0.00    0.00
04:33:11 AM    2    0.00    0.00    0.00    0.00    0.00    0.00    0.00    0.00    0.00  100.00
04:33:11 AM    3    0.00    0.00   25.25    0.00    0.00   13.13    0.00    0.00    0.00   61.62
04:33:11 AM    4    0.00    0.00   20.20    0.00    0.00    9.09    0.00    0.00    0.00   70.71
04:33:11 AM    5    0.00    0.00    0.00    0.00    0.00    0.00    0.00    0.00    0.00  100.00
04:33:11 AM    6    0.00    0.00   11.00    0.00    0.00    7.00    0.00    0.00    0.00   82.00
04:33:11 AM    7    0.00    0.00   31.31    0.00    0.00   23.23    0.00    0.00    0.00   45.45

04:33:11 AM  CPU    %usr   %nice    %sys %iowait    %irq   %soft  %steal  %guest  %gnice   %idle
04:33:12 AM  all    0.00    0.00   10.62    0.00    0.38   26.88    0.00    0.00    0.00   62.12
04:33:12 AM    0    0.00    0.00    0.00    0.00    0.99   81.19    0.00    0.00    0.00   17.82
04:33:12 AM    1    0.00    0.00    0.00    0.00    0.99   68.32    0.00    0.00    0.00   30.69
04:33:12 AM    2    0.00    0.00   12.12    0.00    0.00   11.11    0.00    0.00    0.00   76.77
04:33:12 AM    3    0.00    0.00   32.00    0.00    0.00   19.00    0.00    0.00    0.00   49.00
04:33:12 AM    4    0.00    0.00   17.00    0.00    1.00   13.00    0.00    0.00    0.00   69.00
04:33:12 AM    5    0.00    0.00   15.15    0.00    0.00   15.15    0.00    0.00    0.00   69.70
04:33:12 AM    6    0.00    0.00    9.00    0.00    0.00    6.00    0.00    0.00    0.00   85.00
04:33:12 AM    7    0.00    0.00    0.00    0.00    0.00    0.00    0.00    0.00    0.00  100.00

04:33:12 AM  CPU    %usr   %nice    %sys %iowait    %irq   %soft  %steal  %guest  %gnice   %idle
04:33:13 AM  all    0.00    0.00   11.21    0.00    0.12   24.53    0.00    0.00    0.00   64.13
04:33:13 AM    0    0.00    0.00    0.00    0.00    0.00   74.00    0.00    0.00    0.00   26.00
04:33:13 AM    1    0.00    0.00    0.00    0.00    0.00   76.00    0.00    0.00    0.00   24.00
04:33:13 AM    2    0.00    0.00    3.92    0.00    0.98    3.92    0.00    0.00    0.00   91.18
04:33:13 AM    3    0.00    0.00   13.00    0.00    0.00    3.00    0.00    0.00    0.00   84.00
04:33:13 AM    4    0.00    0.00   32.67    0.00    0.00   12.87    0.00    0.00    0.00   54.46
04:33:13 AM    5    0.00    0.00    0.00    0.00    0.00    0.00    0.00    0.00    0.00  100.00
04:33:13 AM    6    0.00    0.00   24.00    0.00    0.00   13.00    0.00    0.00    0.00   63.00
04:33:13 AM    7    0.00    0.00   16.00    0.00    0.00   14.00    0.00    0.00    0.00   70.00

04:33:13 AM  CPU    %usr   %nice    %sys %iowait    %irq   %soft  %steal  %guest  %gnice   %idle
04:33:14 AM  all    0.00    0.00   12.45    0.00    0.37   31.51    0.00    0.00    0.00   55.67
04:33:14 AM    0    0.00    0.00    0.98    0.00    0.98   98.04    0.00    0.00    0.00    0.00
04:33:14 AM    1    0.00    0.00    0.00    0.00    1.00   99.00    0.00    0.00    0.00    0.00
04:33:14 AM    2    0.00    0.00   17.00    0.00    0.00   10.00    0.00    0.00    0.00   73.00
04:33:14 AM    3    0.00    0.00   45.00    0.00    1.00   27.00    0.00    0.00    0.00   27.00
04:33:14 AM    4    0.00    0.00    0.00    0.00    0.00    0.00    0.00    0.00    0.00  100.00
04:33:14 AM    5    0.00    0.00    0.00    0.00    0.00    0.00    0.00    0.00    0.00  100.00
04:33:14 AM    6    0.00    0.00   37.00    0.00    0.00   17.00    0.00    0.00    0.00   46.00
04:33:14 AM    7    0.00    0.00    0.00    0.00    0.00    0.00    0.00    0.00    0.00  100.00

04:33:14 AM  CPU    %usr   %nice    %sys %iowait    %irq   %soft  %steal  %guest  %gnice   %idle
04:33:15 AM  all    0.13    0.00   10.05    0.00    0.13   28.52    0.00    0.00    0.00   61.18
04:33:15 AM    0    1.01    0.00    1.01    0.00    0.00   97.98    0.00    0.00    0.00    0.00
04:33:15 AM    1    0.00    0.00    0.00    0.00    0.00   71.00    0.00    0.00    0.00   29.00
04:33:15 AM    2    0.00    0.00    6.00    0.00    0.00    3.00    0.00    0.00    0.00   91.00
04:33:15 AM    3    0.00    0.00   20.20    0.00    0.00   19.19    0.00    0.00    0.00   60.61
04:33:15 AM    4    0.00    0.00    0.00    0.00    0.00    0.00    0.00    0.00    0.00  100.00
04:33:15 AM    5    0.00    0.00   30.61    0.00    0.00   24.49    0.00    0.00    0.00   44.90
04:33:15 AM    6    0.00    0.00    2.00    0.00    1.00    3.00    0.00    0.00    0.00   94.00
04:33:15 AM    7    0.00    0.00   21.00    0.00    0.00   10.00    0.00    0.00    0.00   69.00

04:33:15 AM  CPU    %usr   %nice    %sys %iowait    %irq   %soft  %steal  %guest  %gnice   %idle
04:33:16 AM  all    0.00    0.00   10.11    0.00    0.12   22.22    0.00    0.00    0.00   67.54
04:33:16 AM    0    0.00    0.00    0.00    0.00    0.99   99.01    0.00    0.00    0.00    0.00
04:33:16 AM    1    0.00    0.00    0.00    0.00    0.00   26.00    0.00    0.00    0.00   74.00
04:33:16 AM    2    0.00    0.00   39.00    0.00    0.00   14.00    0.00    0.00    0.00   47.00
04:33:16 AM    3    0.00    0.00   16.00    0.00    0.00   14.00    0.00    0.00    0.00   70.00
04:33:16 AM    4    0.00    0.00    0.00    0.00    0.00    0.00    0.00    0.00    0.00  100.00
04:33:16 AM    5    0.00    0.00    0.00    0.00    0.00    0.00    0.00    0.00    0.00  100.00
04:33:16 AM    6    0.00    0.00   26.26    0.00    0.00   24.24    0.00    0.00    0.00   49.49
04:33:16 AM    7    0.00    0.00    0.00    0.00    0.00    0.00    0.00    0.00    0.00  100.00

04:33:16 AM  CPU    %usr   %nice    %sys %iowait    %irq   %soft  %steal  %guest  %gnice   %idle
04:33:17 AM  all    0.00    0.00   12.25    0.00    0.12   27.62    0.00    0.00    0.00   60.00
04:33:17 AM    0    0.00    0.00    0.00    0.00    0.00   70.00    0.00    0.00    0.00   30.00
04:33:17 AM    1    0.00    0.00    0.00    0.00    0.00  100.00    0.00    0.00    0.00    0.00
04:33:17 AM    2    0.00    0.00   21.21    0.00    0.00    2.02    0.00    0.00    0.00   76.77
04:33:17 AM    3    0.00    0.00   14.00    0.00    1.00   14.00    0.00    0.00    0.00   71.00
04:33:17 AM    4    0.00    0.00   21.00    0.00    0.00   15.00    0.00    0.00    0.00   64.00
04:33:17 AM    5    0.00    0.00   25.00    0.00    0.00    6.00    0.00    0.00    0.00   69.00
04:33:17 AM    6    0.00    0.00   17.00    0.00    0.00   14.00    0.00    0.00    0.00   69.00
04:33:17 AM    7    0.00    0.00    0.00    0.00    0.00    0.00    0.00    0.00    0.00  100.00

04:33:17 AM  CPU    %usr   %nice    %sys %iowait    %irq   %soft  %steal  %guest  %gnice   %idle
04:33:18 AM  all    0.00    0.00   11.30    0.00    0.25   22.86    0.00    0.00    0.00   65.59
04:33:18 AM    0    0.00    0.00    0.00    0.00    0.00   40.00    0.00    0.00    0.00   60.00
04:33:18 AM    1    0.00    0.00    0.98    0.00    0.98   98.04    0.00    0.00    0.00    0.00
04:33:18 AM    2    0.00    0.00    0.00    0.00    0.00    0.00    0.00    0.00    0.00  100.00
04:33:18 AM    3    0.00    0.00   27.72    0.00    0.00   17.82    0.00    0.00    0.00   54.46
04:33:18 AM    4    0.00    0.00   37.00    0.00    0.00    7.00    0.00    0.00    0.00   56.00
04:33:18 AM    5    0.00    0.00    5.94    0.00    0.00    0.99    0.00    0.00    0.00   93.07
04:33:18 AM    6    0.00    0.00    4.00    0.00    0.00    4.00    0.00    0.00    0.00   92.00
04:33:18 AM    7    0.00    0.00   14.85    0.00    0.99   13.86    0.00    0.00    0.00   70.30

04:33:18 AM  CPU    %usr   %nice    %sys %iowait    %irq   %soft  %steal  %guest  %gnice   %idle
04:33:19 AM  all    0.00    0.00   10.29    0.00    0.25   27.73    0.00    0.00    0.00   61.73
04:33:19 AM    0    0.00    0.00    0.00    0.00    1.00   82.00    0.00    0.00    0.00   17.00
04:33:19 AM    1    0.00    0.00    0.00    0.00    0.00   79.80    0.00    0.00    0.00   20.20
04:33:19 AM    2    0.00    0.00   23.23    0.00    0.00   23.23    0.00    0.00    0.00   53.54
04:33:19 AM    3    0.00    0.00   10.20    0.00    0.00    5.10    0.00    0.00    0.00   84.69
04:33:19 AM    4    0.00    0.00   15.00    0.00    0.00   14.00    0.00    0.00    0.00   71.00
04:33:19 AM    5    0.00    0.00   18.81    0.00    0.99    9.90    0.00    0.00    0.00   70.30
04:33:19 AM    6    0.00    0.00   15.00    0.00    0.00    8.00    0.00    0.00    0.00   77.00
04:33:19 AM    7    0.00    0.00    0.00    0.00    0.00    0.00    0.00    0.00    0.00  100.00

04:33:19 AM  CPU    %usr   %nice    %sys %iowait    %irq   %soft  %steal  %guest  %gnice   %idle
04:33:20 AM  all    0.00    0.00   10.76    0.00    0.25   28.16    0.00    0.00    0.00   60.83
04:33:20 AM    0    0.00    0.00    0.00    0.00    0.00   93.00    0.00    0.00    0.00    7.00
04:33:20 AM    1    0.00    0.00    0.00    0.00    0.00   71.00    0.00    0.00    0.00   29.00
04:33:20 AM    2    0.00    0.00   20.79    0.00    0.99   19.80    0.00    0.00    0.00   58.42
04:33:20 AM    3    0.00    0.00   17.00    0.00    0.00   13.00    0.00    0.00    0.00   70.00
04:33:20 AM    4    0.00    0.00    0.00    0.00    0.00    0.00    0.00    0.00    0.00  100.00
04:33:20 AM    5    0.00    0.00    1.01    0.00    0.00    1.01    0.00    0.00    0.00   97.98
04:33:20 AM    6    0.00    0.00   25.00    0.00    1.00   16.00    0.00    0.00    0.00   58.00
04:33:20 AM    7    0.00    0.00   22.22    0.00    0.00   11.11    0.00    0.00    0.00   66.67

04:33:20 AM  CPU    %usr   %nice    %sys %iowait    %irq   %soft  %steal  %guest  %gnice   %idle
04:33:21 AM  all    0.00    0.00   11.72    0.00    0.37   25.06    0.00    0.00    0.00   62.84
04:33:21 AM    0    0.00    0.00    0.00    0.00    0.99   71.29    0.00    0.00    0.00   27.72
04:33:21 AM    1    0.00    0.00    0.00    0.00    0.99   79.21    0.00    0.00    0.00   19.80
04:33:21 AM    2    0.00    0.00   35.35    0.00    0.00   18.18    0.00    0.00    0.00   46.46
04:33:21 AM    3    0.00    0.00   29.70    0.00    0.99   16.83    0.00    0.00    0.00   52.48
04:33:21 AM    4    0.00    0.00   21.21    0.00    0.00    5.05    0.00    0.00    0.00   73.74
04:33:21 AM    5    0.00    0.00    0.00    0.00    0.00    0.00    0.00    0.00    0.00  100.00
04:33:21 AM    6    0.00    0.00    8.00    0.00    0.00    9.00    0.00    0.00    0.00   83.00
04:33:21 AM    7    0.00    0.00    0.00    0.00    0.00    0.00    0.00    0.00    0.00  100.00

04:33:21 AM  CPU    %usr   %nice    %sys %iowait    %irq   %soft  %steal  %guest  %gnice   %idle
04:33:22 AM  all    0.00    0.00   11.29    0.00    0.13   28.98    0.00    0.00    0.00   59.60
04:33:22 AM    0    0.00    0.00    0.00    0.00    0.00  100.00    0.00    0.00    0.00    0.00
04:33:22 AM    1    0.00    0.00    0.00    0.00    0.00   72.00    0.00    0.00    0.00   28.00
04:33:22 AM    2    0.00    0.00   14.14    0.00    0.00   14.14    0.00    0.00    0.00   71.72
04:33:22 AM    3    0.00    0.00    8.08    0.00    0.00    6.06    0.00    0.00    0.00   85.86
04:33:22 AM    4    0.00    0.00   24.75    0.00    0.99   13.86    0.00    0.00    0.00   60.40
04:33:22 AM    5    0.00    0.00   28.00    0.00    0.00    9.00    0.00    0.00    0.00   63.00
04:33:22 AM    6    0.00    0.00   13.00    0.00    0.00   14.00    0.00    0.00    0.00   73.00
04:33:22 AM    7    0.00    0.00    2.04    0.00    0.00    2.04    0.00    0.00    0.00   95.92

04:33:22 AM  CPU    %usr   %nice    %sys %iowait    %irq   %soft  %steal  %guest  %gnice   %idle
04:33:23 AM  all    0.00    0.00   10.79    0.00    0.13   27.73    0.00    0.00    0.00   61.36
04:33:23 AM    0    0.00    0.00    0.00    0.00    0.00   65.66    0.00    0.00    0.00   34.34
04:33:23 AM    1    0.00    0.00    0.00    0.00    1.00   99.00    0.00    0.00    0.00    0.00
04:33:23 AM    2    0.00    0.00    0.00    0.00    0.00    0.00    0.00    0.00    0.00  100.00
04:33:23 AM    3    0.00    0.00    0.00    0.00    0.00    0.00    0.00    0.00    0.00  100.00
04:33:23 AM    4    0.00    0.00   25.25    0.00    0.00   22.22    0.00    0.00    0.00   52.53
04:33:23 AM    5    0.00    0.00   19.00    0.00    0.00   11.00    0.00    0.00    0.00   70.00
04:33:23 AM    6    0.00    0.00    0.00    0.00    0.00    0.00    0.00    0.00    0.00  100.00
04:33:23 AM    7    0.00    0.00   42.42    0.00    0.00   24.24    0.00    0.00    0.00   33.33

04:33:23 AM  CPU    %usr   %nice    %sys %iowait    %irq   %soft  %steal  %guest  %gnice   %idle
04:33:24 AM  all    0.00    0.00   12.03    0.00    0.37   30.52    0.00    0.00    0.00   57.07
04:33:24 AM    0    0.00    0.00    0.00    0.00    0.99   83.17    0.00    0.00    0.00   15.84
04:33:24 AM    1    0.00    0.00    0.00    0.00    0.00  100.00    0.00    0.00    0.00    0.00
04:33:24 AM    2    0.00    0.00   41.18    0.00    0.98   19.61    0.00    0.00    0.00   38.24
04:33:24 AM    3    0.00    0.00   23.76    0.00    0.00   12.87    0.00    0.00    0.00   63.37
04:33:24 AM    4    0.00    0.00   22.00    0.00    0.00   19.00    0.00    0.00    0.00   59.00
04:33:24 AM    5    0.00    0.00    0.00    0.00    0.00    0.00    0.00    0.00    0.00  100.00
04:33:24 AM    6    0.00    0.00    0.00    0.00    0.00    0.00    0.00    0.00    0.00  100.00
04:33:24 AM    7    0.00    0.00    8.82    0.00    0.98    9.80    0.00    0.00    0.00   80.39

04:33:24 AM  CPU    %usr   %nice    %sys %iowait    %irq   %soft  %steal  %guest  %gnice   %idle
04:33:25 AM  all    0.13    0.00   11.04    0.00    0.25   25.60    0.00    0.00    0.00   62.99
04:33:25 AM    0    1.01    0.00    1.01    0.00    0.00   60.61    0.00    0.00    0.00   37.37
04:33:25 AM    1    0.00    0.00    0.00    0.00    0.99   99.01    0.00    0.00    0.00    0.00
04:33:25 AM    2    0.00    0.00   10.10    0.00    0.00   10.10    0.00    0.00    0.00   79.80
04:33:25 AM    3    0.00    0.00   17.35    0.00    0.00   16.33    0.00    0.00    0.00   66.33
04:33:25 AM    4    0.00    0.00   15.00    0.00    1.00   14.00    0.00    0.00    0.00   70.00
04:33:25 AM    5    0.00    0.00   45.00    0.00    0.00    4.00    0.00    0.00    0.00   51.00
04:33:25 AM    6    0.00    0.00    0.00    0.00    0.00    0.00    0.00    0.00    0.00  100.00
04:33:25 AM    7    0.00    0.00    0.00    0.00    0.00    0.00    0.00    0.00    0.00  100.00

04:33:25 AM  CPU    %usr   %nice    %sys %iowait    %irq   %soft  %steal  %guest  %gnice   %idle
04:33:26 AM  all    0.00    0.00   12.53    0.00    0.13   26.94    0.00    0.00    0.00   60.40
04:33:26 AM    0    0.00    0.00    0.00    0.00    0.99   76.24    0.00    0.00    0.00   22.77
04:33:26 AM    1    0.00    0.00    0.00    0.00    0.00   86.87    0.00    0.00    0.00   13.13
04:33:26 AM    2    0.00    0.00   11.00    0.00    0.00    8.00    0.00    0.00    0.00   81.00
04:33:26 AM    3    0.00    0.00   24.00    0.00    0.00   20.00    0.00    0.00    0.00   56.00
04:33:26 AM    4    0.00    0.00    0.00    0.00    0.00    0.00    0.00    0.00    0.00  100.00
04:33:26 AM    5    0.00    0.00    0.00    0.00    0.00    0.00    0.00    0.00    0.00  100.00
04:33:26 AM    6    0.00    0.00   28.28    0.00    0.00    8.08    0.00    0.00    0.00   63.64
04:33:26 AM    7    0.00    0.00   37.37    0.00    0.00   16.16    0.00    0.00    0.00   46.46

04:33:26 AM  CPU    %usr   %nice    %sys %iowait    %irq   %soft  %steal  %guest  %gnice   %idle
04:33:27 AM  all    0.00    0.00   13.09    0.00    0.12   30.30    0.00    0.00    0.00   56.48
04:33:27 AM    0    0.00    0.00    0.00    0.00    0.00  100.00    0.00    0.00    0.00    0.00
04:33:27 AM    1    0.00    0.00    0.00    0.00    0.00   83.00    0.00    0.00    0.00   17.00
04:33:27 AM    2    0.00    0.00   22.00    0.00    0.00   13.00    0.00    0.00    0.00   65.00
04:33:27 AM    3    0.00    0.00   35.00    0.00    1.00   14.00    0.00    0.00    0.00   50.00
04:33:27 AM    4    0.00    0.00    5.00    0.00    0.00    5.00    0.00    0.00    0.00   90.00
04:33:27 AM    5    0.00    0.00   20.79    0.00    0.00   12.87    0.00    0.00    0.00   66.34
04:33:27 AM    6    0.00    0.00    0.00    0.00    0.00    0.99    0.00    0.00    0.00   99.01
04:33:27 AM    7    0.00    0.00   22.00    0.00    0.00   14.00    0.00    0.00    0.00   64.00

04:33:27 AM  CPU    %usr   %nice    %sys %iowait    %irq   %soft  %steal  %guest  %gnice   %idle
04:33:28 AM  all    0.00    0.00   12.33    0.00    0.37   26.28    0.00    0.00    0.00   61.02
04:33:28 AM    0    0.00    0.00    0.00    0.00    0.99   68.32    0.00    0.00    0.00   30.69
04:33:28 AM    1    0.00    0.00    0.00    0.00    0.99   99.01    0.00    0.00    0.00    0.00
04:33:28 AM    2    0.00    0.00    0.00    0.00    0.00    0.00    0.00    0.00    0.00  100.00
04:33:28 AM    3    0.00    0.00    0.00    0.00    0.00    0.00    0.00    0.00    0.00  100.00
04:33:28 AM    4    0.00    0.00   14.00    0.00    0.00    7.00    0.00    0.00    0.00   79.00
04:33:28 AM    5    0.00    0.00    0.00    0.00    0.00    0.00    0.00    0.00    0.00  100.00
04:33:28 AM    6    0.00    0.00   38.61    0.00    0.99   17.82    0.00    0.00    0.00   42.57
04:33:28 AM    7    0.00    0.00   46.00    0.00    0.00   17.00    0.00    0.00    0.00   37.00

04:33:28 AM  CPU    %usr   %nice    %sys %iowait    %irq   %soft  %steal  %guest  %gnice   %idle
04:33:29 AM  all    0.00    0.00   12.61    0.00    0.00   29.46    0.00    0.00    0.00   57.93
04:33:29 AM    0    0.00    0.00    0.00    0.00    0.00  100.00    0.00    0.00    0.00    0.00
04:33:29 AM    1    0.00    0.00    0.00    0.00    0.00  100.00    0.00    0.00    0.00    0.00
04:33:29 AM    2    0.00    0.00    0.00    0.00    0.00    0.00    0.00    0.00    0.00  100.00
04:33:29 AM    3    0.00    0.00   58.00    0.00    0.00   15.00    0.00    0.00    0.00   27.00
04:33:29 AM    4    0.00    0.00    0.00    0.00    0.00    0.00    0.00    0.00    0.00  100.00
04:33:29 AM    5    0.00    0.00    0.00    0.00    0.00    0.00    0.00    0.00    0.00  100.00
04:33:29 AM    6    0.00    0.00   28.00    0.00    0.00   16.00    0.00    0.00    0.00   56.00
04:33:29 AM    7    0.00    0.00   15.00    0.00    0.00    5.00    0.00    0.00    0.00   80.00

04:33:29 AM  CPU    %usr   %nice    %sys %iowait    %irq   %soft  %steal  %guest  %gnice   %idle
04:33:30 AM  all    0.00    0.00   11.40    0.00    0.25   26.07    0.00    0.00    0.00   62.28
04:33:30 AM    0    0.00    0.00    0.00    0.00    0.00   47.47    0.00    0.00    0.00   52.53
04:33:30 AM    1    0.00    0.00    0.00    0.00    1.00   99.00    0.00    0.00    0.00    0.00
04:33:30 AM    2    0.00    0.00   14.14    0.00    0.00   14.14    0.00    0.00    0.00   71.72
04:33:30 AM    3    0.00    0.00    1.98    0.00    0.00    2.97    0.00    0.00    0.00   95.05
04:33:30 AM    4    0.00    0.00    9.00    0.00    0.00    8.00    0.00    0.00    0.00   83.00
04:33:30 AM    5    0.00    0.00    5.00    0.00    0.00    4.00    0.00    0.00    0.00   91.00
04:33:30 AM    6    0.00    0.00   33.67    0.00    0.00   25.51    0.00    0.00    0.00   40.82
04:33:30 AM    7    0.00    0.00   27.72    0.00    0.99    7.92    0.00    0.00    0.00   63.37

04:33:30 AM  CPU    %usr   %nice    %sys %iowait    %irq   %soft  %steal  %guest  %gnice   %idle
04:33:31 AM  all    0.00    0.00   12.17    0.00    0.13   29.49    0.00    0.00    0.00   58.22
04:33:31 AM    0    0.00    0.00    1.00    0.00    1.00   81.00    0.00    0.00    0.00   17.00
04:33:31 AM    1    0.00    0.00    1.00    0.00    0.00   99.00    0.00    0.00    0.00    0.00
04:33:31 AM    2    0.00    0.00   14.00    0.00    0.00    9.00    0.00    0.00    0.00   77.00
04:33:31 AM    3    0.00    0.00   22.22    0.00    0.00    9.09    0.00    0.00    0.00   68.69
04:33:31 AM    4    0.00    0.00    8.00    0.00    0.00    6.00    0.00    0.00    0.00   86.00
04:33:31 AM    5    0.00    0.00   11.00    0.00    0.00   10.00    0.00    0.00    0.00   79.00
04:33:31 AM    6    0.00    0.00   18.18    0.00    0.00   12.12    0.00    0.00    0.00   69.70
04:33:31 AM    7    0.00    0.00   22.22    0.00    0.00    9.09    0.00    0.00    0.00   68.69

04:33:31 AM  CPU    %usr   %nice    %sys %iowait    %irq   %soft  %steal  %guest  %gnice   %idle
04:33:32 AM  all    0.00    0.00   12.81    0.00    0.37   31.47    0.00    0.00    0.00   55.35
04:33:32 AM    0    0.00    0.00    0.00    0.00    0.00  100.00    0.00    0.00    0.00    0.00
04:33:32 AM    1    0.00    0.00    0.00    0.00    0.00  100.00    0.00    0.00    0.00    0.00
04:33:32 AM    2    0.00    0.00    6.93    0.00    0.99    4.95    0.00    0.00    0.00   87.13
04:33:32 AM    3    0.00    0.00    0.00    0.00    0.00    0.00    0.00    0.00    0.00  100.00
04:33:32 AM    4    0.00    0.00    9.00    0.00    0.00    5.00    0.00    0.00    0.00   86.00
04:33:32 AM    5    0.00    0.00   44.55    0.00    0.99   20.79    0.00    0.00    0.00   33.66
04:33:32 AM    6    0.00    0.00   18.81    0.00    0.99   11.88    0.00    0.00    0.00   68.32
04:33:32 AM    7    0.00    0.00   22.77    0.00    0.00    9.90    0.00    0.00    0.00   67.33

04:33:32 AM  CPU    %usr   %nice    %sys %iowait    %irq   %soft  %steal  %guest  %gnice   %idle
04:33:33 AM  all    0.00    0.00   11.58    0.00    0.25   29.39    0.00    0.00    0.00   58.78
04:33:33 AM    0    0.00    0.00    0.98    0.00    0.98   98.04    0.00    0.00    0.00    0.00
04:33:33 AM    1    0.00    0.00    0.00    0.00    0.99   82.18    0.00    0.00    0.00   16.83
04:33:33 AM    2    0.00    0.00   13.00    0.00    0.00   11.00    0.00    0.00    0.00   76.00
04:33:33 AM    3    0.00    0.00   33.00    0.00    0.00   15.00    0.00    0.00    0.00   52.00
04:33:33 AM    4    0.00    0.00   32.00    0.00    0.00   16.00    0.00    0.00    0.00   52.00
04:33:33 AM    5    0.00    0.00    0.00    0.00    0.00    0.00    0.00    0.00    0.00  100.00
04:33:33 AM    6    0.00    0.00    0.00    0.00    0.00    0.00    0.00    0.00    0.00  100.00
04:33:33 AM    7    0.00    0.00   14.14    0.00    0.00   11.11    0.00    0.00    0.00   74.75

04:33:33 AM  CPU    %usr   %nice    %sys %iowait    %irq   %soft  %steal  %guest  %gnice   %idle
04:33:34 AM  all    0.00    0.00   11.38    0.00    0.25   28.12    0.00    0.00    0.00   60.25
04:33:34 AM    0    0.00    0.00    0.00    0.00    0.00  100.00    0.00    0.00    0.00    0.00
04:33:34 AM    1    0.00    0.00    0.00    0.00    0.00   84.00    0.00    0.00    0.00   16.00
04:33:34 AM    2    0.00    0.00    0.00    0.00    0.00    0.00    0.00    0.00    0.00  100.00
04:33:34 AM    3    0.00    0.00   25.00    0.00    1.00   15.00    0.00    0.00    0.00   59.00
04:33:34 AM    4    0.00    0.00   35.00    0.00    1.00   12.00    0.00    0.00    0.00   52.00
04:33:34 AM    5    0.00    0.00    4.00    0.00    0.00    4.00    0.00    0.00    0.00   92.00
04:33:34 AM    6    0.00    0.00    0.00    0.00    0.00    0.00    0.00    0.00    0.00  100.00
04:33:34 AM    7    0.00    0.00   27.00    0.00    0.00   10.00    0.00    0.00    0.00   63.00

04:33:34 AM  CPU    %usr   %nice    %sys %iowait    %irq   %soft  %steal  %guest  %gnice   %idle
04:33:35 AM  all    0.13    0.00   11.39    0.00    0.25   27.28    0.00    0.00    0.00   60.95
04:33:35 AM    0    0.99    0.00    0.00    0.00    0.99   91.09    0.00    0.00    0.00    6.93
04:33:35 AM    1    0.00    0.00    0.00    0.00    1.00   71.00    0.00    0.00    0.00   28.00
04:33:35 AM    2    0.00    0.00   26.26    0.00    0.00   19.19    0.00    0.00    0.00   54.55
04:33:35 AM    3    0.00    0.00   43.00    0.00    0.00   17.00    0.00    0.00    0.00   40.00
04:33:35 AM    4    0.00    0.00    0.00    0.00    0.00    0.00    0.00    0.00    0.00  100.00
04:33:35 AM    5    0.00    0.00    9.09    0.00    0.00   10.10    0.00    0.00    0.00   80.81
04:33:35 AM    6    0.00    0.00   13.00    0.00    0.00    9.00    0.00    0.00    0.00   78.00
04:33:35 AM    7    0.00    0.00    0.00    0.00    0.00    0.00    0.00    0.00    0.00  100.00

04:33:35 AM  CPU    %usr   %nice    %sys %iowait    %irq   %soft  %steal  %guest  %gnice   %idle
04:33:36 AM  all    0.00    0.00   11.39    0.00    0.00   26.78    0.00    0.00    0.00   61.83
04:33:36 AM    0    0.00    0.00    1.01    0.00    0.00   87.88    0.00    0.00    0.00   11.11
04:33:36 AM    1    0.00    0.00    0.99    0.00    0.00   70.30    0.00    0.00    0.00   28.71
04:33:36 AM    2    0.00    0.00   30.30    0.00    0.00   22.22    0.00    0.00    0.00   47.47
04:33:36 AM    3    0.00    0.00   21.00    0.00    0.00   10.00    0.00    0.00    0.00   69.00
04:33:36 AM    4    0.00    0.00    0.00    0.00    0.00    0.00    0.00    0.00    0.00  100.00
04:33:36 AM    5    0.00    0.00    0.00    0.00    0.00    0.00    0.00    0.00    0.00  100.00
04:33:36 AM    6    0.00    0.00   38.38    0.00    0.00   24.24    0.00    0.00    0.00   37.37
04:33:36 AM    7    0.00    0.00    0.00    0.00    0.00    0.00    0.00    0.00    0.00  100.00

04:33:36 AM  CPU    %usr   %nice    %sys %iowait    %irq   %soft  %steal  %guest  %gnice   %idle
04:33:37 AM  all    0.00    0.00   10.28    0.00    0.38   27.32    0.00    0.00    0.00   62.03
04:33:37 AM    0    0.00    0.00    0.00    0.00    0.99   87.13    0.00    0.00    0.00   11.88
04:33:37 AM    1    0.00    0.00    0.00    0.00    0.00   73.47    0.00    0.00    0.00   26.53
04:33:37 AM    2    0.00    0.00   14.85    0.00    0.99   11.88    0.00    0.00    0.00   72.28
04:33:37 AM    3    0.00    0.00   37.37    0.00    1.01   23.23    0.00    0.00    0.00   38.38
04:33:37 AM    4    0.00    0.00    9.00    0.00    0.00    8.00    0.00    0.00    0.00   83.00
04:33:37 AM    5    0.00    0.00    0.00    0.00    0.00    0.00    0.00    0.00    0.00  100.00
04:33:37 AM    6    0.00    0.00   21.21    0.00    0.00   15.15    0.00    0.00    0.00   63.64
04:33:37 AM    7    0.00    0.00    0.00    0.00    0.00    0.00    0.00    0.00    0.00  100.00

Average:     CPU    %usr   %nice    %sys %iowait    %irq   %soft  %steal  %guest  %gnice   %idle
Average:     all    0.02    0.00   11.40    0.00    0.21   26.64    0.00    0.00    0.00   61.73
Average:       0    0.08    0.00    0.17    0.00    0.43   81.39    0.00    0.00    0.00   17.93
Average:       1    0.07    0.00    0.17    0.00    0.37   81.17    0.00    0.00    0.00   18.23
Average:       2    0.00    0.00   14.82    0.00    0.17    9.13    0.00    0.00    0.00   75.88
Average:       3    0.00    0.00   18.83    0.00    0.18   10.11    0.00    0.00    0.00   70.88
Average:       4    0.00    0.00   13.55    0.00    0.13    7.72    0.00    0.00    0.00   78.60
Average:       5    0.00    0.00   12.59    0.00    0.12    6.53    0.00    0.00    0.00   80.76
Average:       6    0.00    0.00   14.99    0.00    0.15    8.80    0.00    0.00    0.00   76.06
Average:       7    0.00    0.00   16.16    0.00    0.13    8.02    0.00    0.00    0.00   75.69
