Linux 6.12.87 (pi5-2) 	06/19/2026 	_aarch64_	(4 CPU)

09:13:17 PM  CPU    %usr   %nice    %sys %iowait    %irq   %soft  %steal  %guest  %gnice   %idle
09:13:18 PM  all    0.00    0.00    1.25    0.00    0.75    4.49    0.00    0.00    0.00   93.52
09:13:18 PM    0    0.00    0.00    1.00    0.00    3.00   14.00    0.00    0.00    0.00   82.00
09:13:18 PM    1    0.00    0.00    0.99    0.00    0.00    0.99    0.00    0.00    0.00   98.02
09:13:18 PM    2    0.00    0.00    2.97    0.00    0.00    1.98    0.00    0.00    0.00   95.05
09:13:18 PM    3    0.00    0.00    0.00    0.00    0.00    1.01    0.00    0.00    0.00   98.99

09:13:18 PM  CPU    %usr   %nice    %sys %iowait    %irq   %soft  %steal  %guest  %gnice   %idle
09:13:19 PM  all    0.00    0.00    1.01    0.00    1.01    5.54    0.00    0.00    0.00   92.44
09:13:19 PM    0    0.00    0.00    0.00    0.00    4.04   18.18    0.00    0.00    0.00   77.78
09:13:19 PM    1    0.00    0.00    1.01    0.00    0.00    1.01    0.00    0.00    0.00   97.98
09:13:19 PM    2    0.00    0.00    1.02    0.00    0.00    2.04    0.00    0.00    0.00   96.94
09:13:19 PM    3    0.00    0.00    1.98    0.00    0.00    0.99    0.00    0.00    0.00   97.03

09:13:19 PM  CPU    %usr   %nice    %sys %iowait    %irq   %soft  %steal  %guest  %gnice   %idle
09:13:20 PM  all    0.25    0.00    1.51    0.00    1.01    5.53    0.00    0.00    0.00   91.71
09:13:20 PM    0    1.01    0.00    0.00    0.00    4.04   18.18    0.00    0.00    0.00   76.77
09:13:20 PM    1    0.00    0.00    2.97    0.00    0.00    0.99    0.00    0.00    0.00   96.04
09:13:20 PM    2    0.00    0.00    2.02    0.00    0.00    2.02    0.00    0.00    0.00   95.96
09:13:20 PM    3    0.00    0.00    1.01    0.00    0.00    1.01    0.00    0.00    0.00   97.98

09:13:20 PM  CPU    %usr   %nice    %sys %iowait    %irq   %soft  %steal  %guest  %gnice   %idle
09:13:21 PM  all    0.00    0.00    0.50    0.00    1.26    6.05    0.00    0.00    0.00   92.19
09:13:21 PM    0    0.00    0.00    0.00    0.00    4.00   19.00    0.00    0.00    0.00   77.00
09:13:21 PM    1    0.00    0.00    0.00    0.00    0.00    1.02    0.00    0.00    0.00   98.98
09:13:21 PM    2    0.00    0.00    1.01    0.00    1.01    2.02    0.00    0.00    0.00   95.96
09:13:21 PM    3    0.00    0.00    1.00    0.00    0.00    2.00    0.00    0.00    0.00   97.00

09:13:21 PM  CPU    %usr   %nice    %sys %iowait    %irq   %soft  %steal  %guest  %gnice   %idle
09:13:22 PM  all    0.00    0.00    0.76    0.00    1.01    5.32    0.00    0.00    0.00   92.91
09:13:22 PM    0    0.00    0.00    0.00    0.00    4.08   18.37    0.00    0.00    0.00   77.55
09:13:22 PM    1    0.00    0.00    1.00    0.00    0.00    1.00    0.00    0.00    0.00   98.00
09:13:22 PM    2    0.00    0.00    2.02    0.00    0.00    2.02    0.00    0.00    0.00   95.96
09:13:22 PM    3    0.00    0.00    0.00    0.00    0.00    0.00    0.00    0.00    0.00  100.00

09:13:22 PM  CPU    %usr   %nice    %sys %iowait    %irq   %soft  %steal  %guest  %gnice   %idle
09:13:23 PM  all    0.25    0.00    0.76    0.00    1.01    5.54    0.00    0.00    0.00   92.44
09:13:23 PM    0    0.00    0.00    0.00    0.00    4.04   18.18    0.00    0.00    0.00   77.78
09:13:23 PM    1    0.00    0.00    0.00    0.00    0.00    1.02    0.00    0.00    0.00   98.98
09:13:23 PM    2    1.00    0.00    3.00    0.00    0.00    3.00    0.00    0.00    0.00   93.00
09:13:23 PM    3    0.00    0.00    0.00    0.00    0.00    0.00    0.00    0.00    0.00  100.00

09:13:23 PM  CPU    %usr   %nice    %sys %iowait    %irq   %soft  %steal  %guest  %gnice   %idle
09:13:24 PM  all    0.25    0.00    1.26    0.00    1.01    5.78    0.00    0.00    0.00   91.71
09:13:24 PM    0    0.00    0.00    0.00    0.00    4.04   18.18    0.00    0.00    0.00   77.78
09:13:24 PM    1    0.00    0.00    0.00    0.00    0.00    0.00    0.00    0.00    0.00  100.00
09:13:24 PM    2    1.00    0.00    5.00    0.00    0.00    4.00    0.00    0.00    0.00   90.00
09:13:24 PM    3    0.00    0.00    0.00    0.00    0.00    1.01    0.00    0.00    0.00   98.99

09:13:24 PM  CPU    %usr   %nice    %sys %iowait    %irq   %soft  %steal  %guest  %gnice   %idle
09:13:25 PM  all    0.00    0.00    1.25    0.00    1.00    5.51    0.00    0.00    0.00   92.23
09:13:25 PM    0    0.00    0.00    1.00    0.00    4.00   18.00    0.00    0.00    0.00   77.00
09:13:25 PM    1    0.00    0.00    0.00    0.00    0.00    0.00    0.00    0.00    0.00  100.00
09:13:25 PM    2    0.00    0.00    3.03    0.00    0.00    3.03    0.00    0.00    0.00   93.94
09:13:25 PM    3    0.00    0.00    1.00    0.00    0.00    1.00    0.00    0.00    0.00   98.00

09:13:25 PM  CPU    %usr   %nice    %sys %iowait    %irq   %soft  %steal  %guest  %gnice   %idle
09:13:26 PM  all    0.00    0.00    1.26    0.00    1.51    5.53    0.00    0.00    0.00   91.71
09:13:26 PM    0    0.00    0.00    0.00    0.00    4.08   18.37    0.00    0.00    0.00   77.55
09:13:26 PM    1    0.00    0.00    0.00    0.00    0.00    0.00    0.00    0.00    0.00  100.00
09:13:26 PM    2    0.00    0.00    4.00    0.00    1.00    3.00    0.00    0.00    0.00   92.00
09:13:26 PM    3    0.00    0.00    1.00    0.00    1.00    1.00    0.00    0.00    0.00   97.00

09:13:26 PM  CPU    %usr   %nice    %sys %iowait    %irq   %soft  %steal  %guest  %gnice   %idle
09:13:27 PM  all    0.00    0.00    0.50    0.00    1.01    6.03    0.00    0.00    0.00   92.46
09:13:27 PM    0    0.00    0.00    0.00    0.00    4.00   19.00    0.00    0.00    0.00   77.00
09:13:27 PM    1    0.00    0.00    0.00    0.00    0.00    0.00    0.00    0.00    0.00  100.00
09:13:27 PM    2    0.00    0.00    1.03    0.00    0.00    3.09    0.00    0.00    0.00   95.88
09:13:27 PM    3    0.00    0.00    0.99    0.00    0.00    1.98    0.00    0.00    0.00   97.03

09:13:27 PM  CPU    %usr   %nice    %sys %iowait    %irq   %soft  %steal  %guest  %gnice   %idle
09:13:28 PM  all    0.51    0.00    1.26    0.00    0.76    5.30    0.00    0.00    0.00   92.17
09:13:28 PM    0    0.00    0.00    0.00    0.00    3.09   18.56    0.00    0.00    0.00   78.35
09:13:28 PM    1    0.00    0.00    0.00    0.00    0.00    0.00    0.00    0.00    0.00  100.00
09:13:28 PM    2    1.00    0.00    4.00    0.00    0.00    3.00    0.00    0.00    0.00   92.00
09:13:28 PM    3    1.01    0.00    1.01    0.00    0.00    0.00    0.00    0.00    0.00   97.98

09:13:28 PM  CPU    %usr   %nice    %sys %iowait    %irq   %soft  %steal  %guest  %gnice   %idle
09:13:29 PM  all    0.00    0.00    1.01    0.00    1.01    5.78    0.00    0.00    0.00   92.21
09:13:29 PM    0    0.00    0.00    0.00    0.00    4.04   18.18    0.00    0.00    0.00   77.78
09:13:29 PM    1    0.00    0.00    0.00    0.00    0.00    0.99    0.00    0.00    0.00   99.01
09:13:29 PM    2    0.00    0.00    4.08    0.00    0.00    4.08    0.00    0.00    0.00   91.84
09:13:29 PM    3    0.00    0.00    0.00    0.00    0.00    0.00    0.00    0.00    0.00  100.00

09:13:29 PM  CPU    %usr   %nice    %sys %iowait    %irq   %soft  %steal  %guest  %gnice   %idle
09:13:30 PM  all    0.00    0.00    1.00    0.25    1.00    5.75    0.00    0.00    0.00   92.00
09:13:30 PM    0    0.00    0.00    0.00    0.99    3.96   18.81    0.00    0.00    0.00   76.24
09:13:30 PM    1    0.00    0.00    0.00    0.00    0.00    0.00    0.00    0.00    0.00  100.00
09:13:30 PM    2    0.00    0.00    4.04    0.00    0.00    4.04    0.00    0.00    0.00   91.92
09:13:30 PM    3    0.00    0.00    0.00    0.00    0.00    0.00    0.00    0.00    0.00  100.00

09:13:30 PM  CPU    %usr   %nice    %sys %iowait    %irq   %soft  %steal  %guest  %gnice   %idle
09:13:31 PM  all    0.00    0.00    1.50    0.00    1.25    5.50    0.00    0.00    0.00   91.75
09:13:31 PM    0    0.00    0.00    1.01    0.00    4.04   18.18    0.00    0.00    0.00   76.77
09:13:31 PM    1    0.00    0.00    0.00    0.00    0.00    0.00    0.00    0.00    0.00  100.00
09:13:31 PM    2    0.00    0.00    4.95    0.00    0.99    3.96    0.00    0.00    0.00   90.10
09:13:31 PM    3    0.00    0.00    0.00    0.00    0.00    0.00    0.00    0.00    0.00  100.00

09:13:31 PM  CPU    %usr   %nice    %sys %iowait    %irq   %soft  %steal  %guest  %gnice   %idle
09:13:32 PM  all    0.25    0.00    1.01    0.00    1.01    5.53    0.00    0.00    0.00   92.21
09:13:32 PM    0    1.00    0.00    0.00    0.00    4.00   18.00    0.00    0.00    0.00   77.00
09:13:32 PM    1    0.00    0.00    0.00    0.00    0.00    0.00    0.00    0.00    0.00  100.00
09:13:32 PM    2    0.00    0.00    4.04    0.00    0.00    4.04    0.00    0.00    0.00   91.92
09:13:32 PM    3    0.00    0.00    0.00    0.00    0.00    0.00    0.00    0.00    0.00  100.00

09:13:32 PM  CPU    %usr   %nice    %sys %iowait    %irq   %soft  %steal  %guest  %gnice   %idle
09:13:33 PM  all    0.25    0.00    0.51    0.00    1.01    5.56    0.00    0.00    0.00   92.68
09:13:33 PM    0    0.00    0.00    0.00    0.00    4.04   18.18    0.00    0.00    0.00   77.78
09:13:33 PM    1    0.99    0.00    0.00    0.00    0.00    0.00    0.00    0.00    0.00   99.01
09:13:33 PM    2    0.00    0.00    2.08    0.00    0.00    4.17    0.00    0.00    0.00   93.75
09:13:33 PM    3    0.00    0.00    0.00    0.00    0.00    0.00    0.00    0.00    0.00  100.00

09:13:33 PM  CPU    %usr   %nice    %sys %iowait    %irq   %soft  %steal  %guest  %gnice   %idle
09:13:34 PM  all    0.00    0.00    1.51    0.00    1.01    5.53    0.00    0.00    0.00   91.96
09:13:34 PM    0    0.00    0.00    0.00    0.00    4.04   19.19    0.00    0.00    0.00   76.77
09:13:34 PM    1    0.00    0.00    0.00    0.00    0.00    0.00    0.00    0.00    0.00  100.00
09:13:34 PM    2    0.00    0.00    5.05    0.00    0.00    3.03    0.00    0.00    0.00   91.92
09:13:34 PM    3    0.00    0.00    0.99    0.00    0.00    0.00    0.00    0.00    0.00   99.01

09:13:34 PM  CPU    %usr   %nice    %sys %iowait    %irq   %soft  %steal  %guest  %gnice   %idle
09:13:35 PM  all    0.00    0.00    0.76    0.00    1.01    5.79    0.00    0.00    0.00   92.44
09:13:35 PM    0    0.00    0.00    0.00    0.00    4.04   19.19    0.00    0.00    0.00   76.77
09:13:35 PM    1    0.00    0.00    0.00    0.00    0.00    0.00    0.00    0.00    0.00  100.00
09:13:35 PM    2    0.00    0.00    3.03    0.00    0.00    3.03    0.00    0.00    0.00   93.94
09:13:35 PM    3    0.00    0.00    0.00    0.00    0.00    1.01    0.00    0.00    0.00   98.99

09:13:35 PM  CPU    %usr   %nice    %sys %iowait    %irq   %soft  %steal  %guest  %gnice   %idle
09:13:36 PM  all    0.00    0.00    1.50    0.00    1.25    5.50    0.00    0.00    0.00   91.75
09:13:36 PM    0    0.00    0.00    0.00    0.00    4.04   18.18    0.00    0.00    0.00   77.78
09:13:36 PM    1    0.00    0.00    0.99    0.00    0.00    0.00    0.00    0.00    0.00   99.01
09:13:36 PM    2    0.00    0.00    4.00    0.00    1.00    3.00    0.00    0.00    0.00   92.00
09:13:36 PM    3    0.00    0.00    1.00    0.00    0.00    1.00    0.00    0.00    0.00   98.00

09:13:36 PM  CPU    %usr   %nice    %sys %iowait    %irq   %soft  %steal  %guest  %gnice   %idle
09:13:37 PM  all    0.25    0.00    1.01    0.00    1.01    5.53    0.00    0.00    0.00   92.21
09:13:37 PM    0    0.00    0.00    0.00    0.00    4.04   18.18    0.00    0.00    0.00   77.78
09:13:37 PM    1    0.99    0.00    0.00    0.00    0.00    0.00    0.00    0.00    0.00   99.01
09:13:37 PM    2    0.00    0.00    4.00    0.00    0.00    3.00    0.00    0.00    0.00   93.00
09:13:37 PM    3    0.00    0.00    0.00    0.00    0.00    1.02    0.00    0.00    0.00   98.98

09:13:37 PM  CPU    %usr   %nice    %sys %iowait    %irq   %soft  %steal  %guest  %gnice   %idle
09:13:38 PM  all    0.00    0.00    1.00    0.00    1.00    6.02    0.00    0.00    0.00   91.98
09:13:38 PM    0    0.00    0.00    0.00    0.00    4.04   18.18    0.00    0.00    0.00   77.78
09:13:38 PM    1    0.00    0.00    0.00    0.00    0.00    0.00    0.00    0.00    0.00  100.00
09:13:38 PM    2    0.00    0.00    2.02    0.00    0.00    4.04    0.00    0.00    0.00   93.94
09:13:38 PM    3    0.00    0.00    1.98    0.00    0.00    1.98    0.00    0.00    0.00   96.04

09:13:38 PM  CPU    %usr   %nice    %sys %iowait    %irq   %soft  %steal  %guest  %gnice   %idle
09:13:39 PM  all    0.00    0.00    1.26    0.00    0.75    5.53    0.00    0.00    0.00   92.46
09:13:39 PM    0    0.00    0.00    0.00    0.00    3.06   18.37    0.00    0.00    0.00   78.57
09:13:39 PM    1    0.00    0.00    0.99    0.00    0.00    0.00    0.00    0.00    0.00   99.01
09:13:39 PM    2    0.00    0.00    3.03    0.00    0.00    3.03    0.00    0.00    0.00   93.94
09:13:39 PM    3    0.00    0.00    1.00    0.00    0.00    1.00    0.00    0.00    0.00   98.00

09:13:39 PM  CPU    %usr   %nice    %sys %iowait    %irq   %soft  %steal  %guest  %gnice   %idle
09:13:40 PM  all    0.00    0.00    0.76    0.00    1.01    5.56    0.00    0.00    0.00   92.68
09:13:40 PM    0    0.00    0.00    0.00    0.00    4.04   18.18    0.00    0.00    0.00   77.78
09:13:40 PM    1    0.00    0.00    0.00    0.00    0.00    0.00    0.00    0.00    0.00  100.00
09:13:40 PM    2    0.00    0.00    2.04    0.00    0.00    3.06    0.00    0.00    0.00   94.90
09:13:40 PM    3    0.00    0.00    1.01    0.00    0.00    1.01    0.00    0.00    0.00   97.98

09:13:40 PM  CPU    %usr   %nice    %sys %iowait    %irq   %soft  %steal  %guest  %gnice   %idle
09:13:41 PM  all    0.00    0.00    1.49    0.00    1.49    5.72    0.00    0.00    0.00   91.29
09:13:41 PM    0    0.00    0.00    0.00    0.00    4.00   19.00    0.00    0.00    0.00   77.00
09:13:41 PM    1    0.00    0.00    0.00    0.00    0.99    0.00    0.00    0.00    0.00   99.01
09:13:41 PM    2    0.00    0.00    4.00    0.00    1.00    3.00    0.00    0.00    0.00   92.00
09:13:41 PM    3    0.00    0.00    1.98    0.00    0.00    0.99    0.00    0.00    0.00   97.03

09:13:41 PM  CPU    %usr   %nice    %sys %iowait    %irq   %soft  %steal  %guest  %gnice   %idle
09:13:42 PM  all    0.00    0.00    0.76    0.00    1.26    5.54    0.00    0.00    0.00   92.44
09:13:42 PM    0    0.00    0.00    0.00    0.00    4.04   18.18    0.00    0.00    0.00   77.78
09:13:42 PM    1    0.00    0.00    0.00    0.00    0.00    0.00    0.00    0.00    0.00  100.00
09:13:42 PM    2    0.00    0.00    3.03    0.00    0.00    3.03    0.00    0.00    0.00   93.94
09:13:42 PM    3    0.00    0.00    0.00    0.00    1.01    1.01    0.00    0.00    0.00   97.98

09:13:42 PM  CPU    %usr   %nice    %sys %iowait    %irq   %soft  %steal  %guest  %gnice   %idle
09:13:43 PM  all    0.50    0.00    1.50    1.50    1.00    5.49    0.00    0.00    0.00   90.02
09:13:43 PM    0    0.00    0.00    0.00    0.00    4.04   18.18    0.00    0.00    0.00   77.78
09:13:43 PM    1    0.98    0.00    0.98    0.00    0.00    0.00    0.00    0.00    0.00   98.04
09:13:43 PM    2    1.00    0.00    3.00    6.00    0.00    3.00    0.00    0.00    0.00   87.00
09:13:43 PM    3    0.00    0.00    2.00    0.00    0.00    1.00    0.00    0.00    0.00   97.00

09:13:43 PM  CPU    %usr   %nice    %sys %iowait    %irq   %soft  %steal  %guest  %gnice   %idle
09:13:44 PM  all    0.00    0.00    1.01    0.00    1.01    5.57    0.00    0.00    0.00   92.41
09:13:44 PM    0    0.00    0.00    0.00    0.00    4.08   18.37    0.00    0.00    0.00   77.55
09:13:44 PM    1    0.00    0.00    0.00    0.00    0.00    0.00    0.00    0.00    0.00  100.00
09:13:44 PM    2    0.00    0.00    3.06    0.00    0.00    3.06    0.00    0.00    0.00   93.88
09:13:44 PM    3    0.00    0.00    1.01    0.00    0.00    1.01    0.00    0.00    0.00   97.98

09:13:44 PM  CPU    %usr   %nice    %sys %iowait    %irq   %soft  %steal  %guest  %gnice   %idle
09:13:45 PM  all    0.00    0.00    1.26    0.00    1.01    5.78    0.00    0.00    0.00   91.96
09:13:45 PM    0    0.00    0.00    0.00    0.00    4.04   18.18    0.00    0.00    0.00   77.78
09:13:45 PM    1    0.00    0.00    0.00    0.00    0.00    0.00    0.00    0.00    0.00  100.00
09:13:45 PM    2    0.00    0.00    3.03    0.00    0.00    3.03    0.00    0.00    0.00   93.94
09:13:45 PM    3    0.00    0.00    1.98    0.00    0.00    1.98    0.00    0.00    0.00   96.04

09:13:45 PM  CPU    %usr   %nice    %sys %iowait    %irq   %soft  %steal  %guest  %gnice   %idle
09:13:46 PM  all    0.00    0.00    1.00    0.00    1.25    5.51    0.00    0.00    0.00   92.23
09:13:46 PM    0    0.00    0.00    0.00    0.00    4.04   18.18    0.00    0.00    0.00   77.78
09:13:46 PM    1    0.00    0.00    0.00    0.00    0.00    0.00    0.00    0.00    0.00  100.00
09:13:46 PM    2    0.00    0.00    3.00    0.00    1.00    3.00    0.00    0.00    0.00   93.00
09:13:46 PM    3    0.00    0.00    1.00    0.00    0.00    1.00    0.00    0.00    0.00   98.00

09:13:46 PM  CPU    %usr   %nice    %sys %iowait    %irq   %soft  %steal  %guest  %gnice   %idle
09:13:47 PM  all    0.25    0.00    1.25    0.00    1.00    5.76    0.00    0.00    0.00   91.73
09:13:47 PM    0    0.00    0.00    0.00    0.00    4.00   19.00    0.00    0.00    0.00   77.00
09:13:47 PM    1    0.00    0.00    0.00    0.00    0.00    0.00    0.00    0.00    0.00  100.00
09:13:47 PM    2    0.99    0.00    4.95    0.00    0.00    2.97    0.00    0.00    0.00   91.09
09:13:47 PM    3    0.00    0.00    0.00    0.00    0.00    1.02    0.00    0.00    0.00   98.98

09:13:47 PM  CPU    %usr   %nice    %sys %iowait    %irq   %soft  %steal  %guest  %gnice   %idle
09:13:48 PM  all    0.00    0.00    1.01    0.51    1.01    5.30    0.00    0.00    0.00   92.17
09:13:48 PM    0    0.00    0.00    0.00    0.00    4.08   18.37    0.00    0.00    0.00   77.55
09:13:48 PM    1    0.00    0.00    0.00    0.00    0.00    0.00    0.00    0.00    0.00  100.00
09:13:48 PM    2    0.00    0.00    2.02    2.02    0.00    2.02    0.00    0.00    0.00   93.94
09:13:48 PM    3    0.00    0.00    1.98    0.00    0.00    0.99    0.00    0.00    0.00   97.03

09:13:48 PM  CPU    %usr   %nice    %sys %iowait    %irq   %soft  %steal  %guest  %gnice   %idle
09:13:49 PM  all    0.00    0.00    1.01    0.00    1.01    5.78    0.00    0.00    0.00   92.21
09:13:49 PM    0    0.00    0.00    0.00    0.00    4.04   18.18    0.00    0.00    0.00   77.78
09:13:49 PM    1    0.00    0.00    0.99    0.00    0.00    1.98    0.00    0.00    0.00   97.03
09:13:49 PM    2    0.00    0.00    2.02    0.00    0.00    2.02    0.00    0.00    0.00   95.96
09:13:49 PM    3    0.00    0.00    1.01    0.00    0.00    1.01    0.00    0.00    0.00   97.98

09:13:49 PM  CPU    %usr   %nice    %sys %iowait    %irq   %soft  %steal  %guest  %gnice   %idle
09:13:50 PM  all    0.25    0.00    1.26    0.00    1.01    5.54    0.00    0.00    0.00   91.94
09:13:50 PM    0    0.00    0.00    0.00    0.00    4.04   18.18    0.00    0.00    0.00   77.78
09:13:50 PM    1    0.00    0.00    2.04    0.00    0.00    1.02    0.00    0.00    0.00   96.94
09:13:50 PM    2    0.99    0.00    2.97    0.00    0.00    2.97    0.00    0.00    0.00   93.07
09:13:50 PM    3    0.00    0.00    0.00    0.00    0.00    0.00    0.00    0.00    0.00  100.00

09:13:50 PM  CPU    %usr   %nice    %sys %iowait    %irq   %soft  %steal  %guest  %gnice   %idle
09:13:51 PM  all    0.00    0.00    0.51    0.00    1.01    5.81    0.00    0.00    0.00   92.68
09:13:51 PM    0    0.00    0.00    0.00    0.00    4.08   18.37    0.00    0.00    0.00   77.55
09:13:51 PM    1    0.00    0.00    0.00    0.00    0.00    2.00    0.00    0.00    0.00   98.00
09:13:51 PM    2    0.00    0.00    2.04    0.00    0.00    3.06    0.00    0.00    0.00   94.90
09:13:51 PM    3    0.00    0.00    0.00    0.00    0.00    0.00    0.00    0.00    0.00  100.00

09:13:51 PM  CPU    %usr   %nice    %sys %iowait    %irq   %soft  %steal  %guest  %gnice   %idle
09:13:52 PM  all    0.00    0.00    1.26    0.00    1.01    5.53    0.00    0.00    0.00   92.21
09:13:52 PM    0    0.00    0.00    0.00    0.00    3.06   18.37    0.00    0.00    0.00   78.57
09:13:52 PM    1    0.00    0.00    2.00    0.00    0.00    1.00    0.00    0.00    0.00   97.00
09:13:52 PM    2    0.00    0.00    3.00    0.00    1.00    3.00    0.00    0.00    0.00   93.00
09:13:52 PM    3    0.00    0.00    0.00    0.00    0.00    0.00    0.00    0.00    0.00  100.00

09:13:52 PM  CPU    %usr   %nice    %sys %iowait    %irq   %soft  %steal  %guest  %gnice   %idle
09:13:53 PM  all    0.00    0.00    0.76    0.00    1.01    5.56    0.00    0.00    0.00   92.68
09:13:53 PM    0    0.00    0.00    0.00    0.00    4.00   19.00    0.00    0.00    0.00   77.00
09:13:53 PM    1    0.00    0.00    0.00    0.00    0.00    0.00    0.00    0.00    0.00  100.00
09:13:53 PM    2    0.00    0.00    3.06    0.00    0.00    3.06    0.00    0.00    0.00   93.88
09:13:53 PM    3    0.00    0.00    0.00    0.00    0.00    0.00    0.00    0.00    0.00  100.00

09:13:53 PM  CPU    %usr   %nice    %sys %iowait    %irq   %soft  %steal  %guest  %gnice   %idle
09:13:54 PM  all    0.00    0.00    0.76    0.25    1.01    5.54    0.00    0.00    0.00   92.44
09:13:54 PM    0    0.00    0.00    0.00    1.00    4.00   18.00    0.00    0.00    0.00   77.00
09:13:54 PM    1    0.00    0.00    0.00    0.00    0.00    0.00    0.00    0.00    0.00  100.00
09:13:54 PM    2    0.00    0.00    3.09    0.00    0.00    4.12    0.00    0.00    0.00   92.78
09:13:54 PM    3    0.00    0.00    0.00    0.00    0.00    0.00    0.00    0.00    0.00  100.00

09:13:54 PM  CPU    %usr   %nice    %sys %iowait    %irq   %soft  %steal  %guest  %gnice   %idle
09:13:55 PM  all    0.00    0.00    1.01    0.00    1.01    5.53    0.00    0.00    0.00   92.46
09:13:55 PM    0    0.00    0.00    0.00    0.00    4.04   18.18    0.00    0.00    0.00   77.78
09:13:55 PM    1    0.00    0.00    0.00    0.00    0.00    0.00    0.00    0.00    0.00  100.00
09:13:55 PM    2    0.00    0.00    4.04    0.00    0.00    4.04    0.00    0.00    0.00   91.92
09:13:55 PM    3    0.00    0.00    0.00    0.00    0.00    0.00    0.00    0.00    0.00  100.00

09:13:55 PM  CPU    %usr   %nice    %sys %iowait    %irq   %soft  %steal  %guest  %gnice   %idle
09:13:56 PM  all    0.00    0.00    1.26    0.00    1.01    5.53    0.00    0.00    0.00   92.21
09:13:56 PM    0    0.00    0.00    0.00    0.00    4.04   18.18    0.00    0.00    0.00   77.78
09:13:56 PM    1    0.00    0.00    0.00    0.00    0.00    0.00    0.00    0.00    0.00  100.00
09:13:56 PM    2    0.00    0.00    5.05    0.00    0.00    4.04    0.00    0.00    0.00   90.91
09:13:56 PM    3    0.00    0.00    0.00    0.00    0.00    0.00    0.00    0.00    0.00  100.00

09:13:56 PM  CPU    %usr   %nice    %sys %iowait    %irq   %soft  %steal  %guest  %gnice   %idle
09:13:57 PM  all    0.25    0.00    1.50    0.00    1.25    5.50    0.00    0.00    0.00   91.50
09:13:57 PM    0    0.00    0.00    1.98    0.00    3.96   17.82    0.00    0.00    0.00   76.24
09:13:57 PM    1    0.00    0.00    0.00    0.00    0.00    0.00    0.00    0.00    0.00  100.00
09:13:57 PM    2    0.00    0.00    3.03    0.00    1.01    4.04    0.00    0.00    0.00   91.92
09:13:57 PM    3    0.99    0.00    0.99    0.00    0.00    0.00    0.00    0.00    0.00   98.02

09:13:57 PM  CPU    %usr   %nice    %sys %iowait    %irq   %soft  %steal  %guest  %gnice   %idle
09:13:58 PM  all    0.00    0.00    0.76    0.00    1.01    5.56    0.00    0.00    0.00   92.68
09:13:58 PM    0    0.00    0.00    0.00    0.00    4.04   18.18    0.00    0.00    0.00   77.78
09:13:58 PM    1    0.00    0.00    0.00    0.00    0.00    0.00    0.00    0.00    0.00  100.00
09:13:58 PM    2    0.00    0.00    3.09    0.00    0.00    4.12    0.00    0.00    0.00   92.78
09:13:58 PM    3    0.00    0.00    0.00    0.00    0.00    0.00    0.00    0.00    0.00  100.00

09:13:58 PM  CPU    %usr   %nice    %sys %iowait    %irq   %soft  %steal  %guest  %gnice   %idle
09:13:59 PM  all    0.00    0.00    0.51    0.00    1.01    5.32    0.00    0.00    0.00   93.16
09:13:59 PM    0    0.00    0.00    0.00    0.00    4.04   18.18    0.00    0.00    0.00   77.78
09:13:59 PM    1    0.00    0.00    0.00    0.00    0.00    0.00    0.00    0.00    0.00  100.00
09:13:59 PM    2    0.00    0.00    2.08    0.00    0.00    3.12    0.00    0.00    0.00   94.79
09:13:59 PM    3    0.00    0.00    0.00    0.00    0.00    0.00    0.00    0.00    0.00  100.00

09:13:59 PM  CPU    %usr   %nice    %sys %iowait    %irq   %soft  %steal  %guest  %gnice   %idle
09:14:00 PM  all    0.25    0.00    0.76    0.00    1.01    6.05    0.00    0.00    0.00   91.94
09:14:00 PM    0    0.00    0.00    0.00    0.00    4.04   19.19    0.00    0.00    0.00   76.77
09:14:00 PM    1    0.00    0.00    0.00    0.00    0.00    0.00    0.00    0.00    0.00  100.00
09:14:00 PM    2    1.00    0.00    3.00    0.00    0.00    4.00    0.00    0.00    0.00   92.00
09:14:00 PM    3    0.00    0.00    0.00    0.00    0.00    1.02    0.00    0.00    0.00   98.98

09:14:00 PM  CPU    %usr   %nice    %sys %iowait    %irq   %soft  %steal  %guest  %gnice   %idle
09:14:01 PM  all    0.00    0.00    1.25    0.00    1.50    5.50    0.00    0.00    0.00   91.75
09:14:01 PM    0    0.00    0.00    0.00    0.00    4.04   18.18    0.00    0.00    0.00   77.78
09:14:01 PM    1    0.00    0.00    0.00    0.00    0.00    0.00    0.00    0.00    0.00  100.00
09:14:01 PM    2    0.00    0.00    3.96    0.00    0.99    2.97    0.00    0.00    0.00   92.08
09:14:01 PM    3    0.00    0.00    1.00    0.00    1.00    1.00    0.00    0.00    0.00   97.00

09:14:01 PM  CPU    %usr   %nice    %sys %iowait    %irq   %soft  %steal  %guest  %gnice   %idle
09:14:02 PM  all    0.25    0.00    0.75    0.00    1.00    5.76    0.00    0.00    0.00   92.23
09:14:02 PM    0    0.00    0.00    0.00    0.00    4.04   18.18    0.00    0.00    0.00   77.78
09:14:02 PM    1    0.00    0.00    0.00    0.00    0.00    0.00    0.00    0.00    0.00  100.00
09:14:02 PM    2    0.00    0.00    1.02    0.00    0.00    2.04    0.00    0.00    0.00   96.94
09:14:02 PM    3    0.98    0.00    1.96    0.00    0.00    2.94    0.00    0.00    0.00   94.12

09:14:02 PM  CPU    %usr   %nice    %sys %iowait    %irq   %soft  %steal  %guest  %gnice   %idle
09:14:03 PM  all    0.00    0.00    1.01    0.00    0.76    5.56    0.00    0.00    0.00   92.68
09:14:03 PM    0    0.00    0.00    0.00    0.00    3.06   18.37    0.00    0.00    0.00   78.57
09:14:03 PM    1    0.00    0.00    0.00    0.00    0.00    0.00    0.00    0.00    0.00  100.00
09:14:03 PM    2    0.00    0.00    3.00    0.00    0.00    2.00    0.00    0.00    0.00   95.00
09:14:03 PM    3    0.00    0.00    1.02    0.00    0.00    2.04    0.00    0.00    0.00   96.94

09:14:03 PM  CPU    %usr   %nice    %sys %iowait    %irq   %soft  %steal  %guest  %gnice   %idle
09:14:04 PM  all    0.00    0.00    0.76    0.00    1.01    5.56    0.00    0.00    0.00   92.68
09:14:04 PM    0    0.00    0.00    0.00    0.00    4.04   18.18    0.00    0.00    0.00   77.78
09:14:04 PM    1    0.00    0.00    0.00    0.00    0.00    0.00    0.00    0.00    0.00  100.00
09:14:04 PM    2    0.00    0.00    1.02    0.00    0.00    2.04    0.00    0.00    0.00   96.94
09:14:04 PM    3    0.00    0.00    2.02    0.00    0.00    2.02    0.00    0.00    0.00   95.96

09:14:04 PM  CPU    %usr   %nice    %sys %iowait    %irq   %soft  %steal  %guest  %gnice   %idle
09:14:05 PM  all    0.00    0.00    1.01    0.00    1.01    5.78    0.00    0.00    0.00   92.21
09:14:05 PM    0    0.00    0.00    0.00    0.00    4.00   19.00    0.00    0.00    0.00   77.00
09:14:05 PM    1    0.00    0.00    0.00    0.00    0.00    0.00    0.00    0.00    0.00  100.00
09:14:05 PM    2    0.00    0.00    2.02    0.00    0.00    2.02    0.00    0.00    0.00   95.96
09:14:05 PM    3    0.00    0.00    2.02    0.00    0.00    2.02    0.00    0.00    0.00   95.96

09:14:05 PM  CPU    %usr   %nice    %sys %iowait    %irq   %soft  %steal  %guest  %gnice   %idle
09:14:06 PM  all    0.25    0.00    1.51    0.00    1.01    5.54    0.00    0.00    0.00   91.69
09:14:06 PM    0    0.00    0.00    1.02    0.00    4.08   18.37    0.00    0.00    0.00   76.53
09:14:06 PM    1    0.00    0.00    0.00    0.00    0.00    0.00    0.00    0.00    0.00  100.00
09:14:06 PM    2    0.99    0.00    2.97    0.00    0.00    1.98    0.00    0.00    0.00   94.06
09:14:06 PM    3    0.00    0.00    2.02    0.00    0.00    2.02    0.00    0.00    0.00   95.96

09:14:06 PM  CPU    %usr   %nice    %sys %iowait    %irq   %soft  %steal  %guest  %gnice   %idle
09:14:07 PM  all    0.25    0.00    0.76    0.00    1.01    5.54    0.00    0.00    0.00   92.44
09:14:07 PM    0    0.00    0.00    0.00    0.00    4.04   18.18    0.00    0.00    0.00   77.78
09:14:07 PM    1    0.00    0.00    0.00    0.00    0.00    0.00    0.00    0.00    0.00  100.00
09:14:07 PM    2    0.00    0.00    1.02    0.00    0.00    2.04    0.00    0.00    0.00   96.94
09:14:07 PM    3    1.00    0.00    2.00    0.00    0.00    2.00    0.00    0.00    0.00   95.00

09:14:07 PM  CPU    %usr   %nice    %sys %iowait    %irq   %soft  %steal  %guest  %gnice   %idle
09:14:08 PM  all    0.00    0.00    1.00    0.00    1.50    5.51    0.00    0.00    0.00   91.98
09:14:08 PM    0    0.00    0.00    0.00    0.00    4.04   18.18    0.00    0.00    0.00   77.78
09:14:08 PM    1    0.00    0.00    0.00    0.00    0.00    0.00    0.00    0.00    0.00  100.00
09:14:08 PM    2    0.00    0.00    1.01    0.00    1.01    2.02    0.00    0.00    0.00   95.96
09:14:08 PM    3    0.00    0.00    2.97    0.00    0.99    1.98    0.00    0.00    0.00   94.06

09:14:08 PM  CPU    %usr   %nice    %sys %iowait    %irq   %soft  %steal  %guest  %gnice   %idle
09:14:09 PM  all    0.00    0.00    1.00    0.00    1.00    5.76    0.00    0.00    0.00   92.23
09:14:09 PM    0    0.00    0.00    0.00    0.00    4.04   18.18    0.00    0.00    0.00   77.78
09:14:09 PM    1    0.00    0.00    0.00    0.00    0.00    0.00    0.00    0.00    0.00  100.00
09:14:09 PM    2    0.00    0.00    2.00    0.00    0.00    3.00    0.00    0.00    0.00   95.00
09:14:09 PM    3    0.00    0.00    2.00    0.00    0.00    2.00    0.00    0.00    0.00   96.00

09:14:09 PM  CPU    %usr   %nice    %sys %iowait    %irq   %soft  %steal  %guest  %gnice   %idle
09:14:10 PM  all    0.00    0.00    1.01    0.00    1.01    5.54    0.00    0.00    0.00   92.44
09:14:10 PM    0    0.00    0.00    0.00    0.00    4.04   18.18    0.00    0.00    0.00   77.78
09:14:10 PM    1    0.00    0.00    0.00    0.00    0.00    0.00    0.00    0.00    0.00  100.00
09:14:10 PM    2    0.00    0.00    1.02    0.00    0.00    2.04    0.00    0.00    0.00   96.94
09:14:10 PM    3    0.00    0.00    3.00    0.00    0.00    2.00    0.00    0.00    0.00   95.00

09:14:10 PM  CPU    %usr   %nice    %sys %iowait    %irq   %soft  %steal  %guest  %gnice   %idle
09:14:11 PM  all    0.25    0.00    1.25    0.00    1.00    6.02    0.00    0.00    0.00   91.48
09:14:11 PM    0    0.00    0.00    0.99    0.00    3.96   18.81    0.00    0.00    0.00   76.24
09:14:11 PM    1    0.99    0.00    0.00    0.00    0.00    0.99    0.00    0.00    0.00   98.02
09:14:11 PM    2    0.00    0.00    2.02    0.00    0.00    2.02    0.00    0.00    0.00   95.96
09:14:11 PM    3    0.00    0.00    2.04    0.00    0.00    2.04    0.00    0.00    0.00   95.92

09:14:11 PM  CPU    %usr   %nice    %sys %iowait    %irq   %soft  %steal  %guest  %gnice   %idle
09:14:12 PM  all    0.25    0.00    1.26    0.00    1.01    5.79    0.00    0.00    0.00   91.69
09:14:12 PM    0    0.00    0.00    1.01    0.00    4.04   18.18    0.00    0.00    0.00   76.77
09:14:12 PM    1    0.00    0.00    0.00    0.00    0.00    0.00    0.00    0.00    0.00  100.00
09:14:12 PM    2    0.00    0.00    2.04    0.00    0.00    2.04    0.00    0.00    0.00   95.92
09:14:12 PM    3    1.00    0.00    2.00    0.00    0.00    3.00    0.00    0.00    0.00   94.00

09:14:12 PM  CPU    %usr   %nice    %sys %iowait    %irq   %soft  %steal  %guest  %gnice   %idle
09:14:13 PM  all    0.00    0.00    0.76    0.00    1.01    5.54    0.00    0.00    0.00   92.70
09:14:13 PM    0    0.00    0.00    0.00    0.00    4.04   18.18    0.00    0.00    0.00   77.78
09:14:13 PM    1    0.00    0.00    0.00    0.00    0.00    0.00    0.00    0.00    0.00  100.00
09:14:13 PM    2    0.00    0.00    2.02    0.00    0.00    2.02    0.00    0.00    0.00   95.96
09:14:13 PM    3    0.00    0.00    1.01    0.00    0.00    2.02    0.00    0.00    0.00   96.97

09:14:13 PM  CPU    %usr   %nice    %sys %iowait    %irq   %soft  %steal  %guest  %gnice   %idle
09:14:14 PM  all    0.00    0.00    0.75    0.00    1.51    5.53    0.00    0.00    0.00   92.21
09:14:14 PM    0    0.00    0.00    0.00    0.00    4.04   18.18    0.00    0.00    0.00   77.78
09:14:14 PM    1    0.00    0.00    0.00    0.00    0.00    0.00    0.00    0.00    0.00  100.00
09:14:14 PM    2    0.00    0.00    2.00    0.00    1.00    2.00    0.00    0.00    0.00   95.00
09:14:14 PM    3    0.00    0.00    1.01    0.00    1.01    2.02    0.00    0.00    0.00   95.96

09:14:14 PM  CPU    %usr   %nice    %sys %iowait    %irq   %soft  %steal  %guest  %gnice   %idle
09:14:15 PM  all    0.25    0.00    0.51    0.00    0.76    5.57    0.00    0.00    0.00   92.91
09:14:15 PM    0    0.00    0.00    0.00    0.00    3.06   18.37    0.00    0.00    0.00   78.57
09:14:15 PM    1    0.00    0.00    0.00    0.00    0.00    0.00    0.00    0.00    0.00  100.00
09:14:15 PM    2    1.00    0.00    2.00    0.00    0.00    2.00    0.00    0.00    0.00   95.00
09:14:15 PM    3    0.00    0.00    0.00    0.00    0.00    2.06    0.00    0.00    0.00   97.94

09:14:15 PM  CPU    %usr   %nice    %sys %iowait    %irq   %soft  %steal  %guest  %gnice   %idle
09:14:16 PM  all    0.00    0.00    1.01    0.00    1.01    5.79    0.00    0.00    0.00   92.19
09:14:16 PM    0    0.00    0.00    0.00    0.00    4.04   19.19    0.00    0.00    0.00   76.77
09:14:16 PM    1    0.00    0.00    0.00    0.00    0.00    0.00    0.00    0.00    0.00  100.00
09:14:16 PM    2    0.00    0.00    1.02    0.00    0.00    2.04    0.00    0.00    0.00   96.94
09:14:16 PM    3    0.00    0.00    3.00    0.00    0.00    2.00    0.00    0.00    0.00   95.00

09:14:16 PM  CPU    %usr   %nice    %sys %iowait    %irq   %soft  %steal  %guest  %gnice   %idle
09:14:17 PM  all    0.50    0.00    1.25    0.00    1.00    5.76    0.00    0.00    0.00   91.48
09:14:17 PM    0    1.00    0.00    0.00    0.00    4.00   18.00    0.00    0.00    0.00   77.00
09:14:17 PM    1    0.00    0.00    0.00    0.00    0.00    0.00    0.00    0.00    0.00  100.00
09:14:17 PM    2    1.00    0.00    2.00    0.00    0.00    3.00    0.00    0.00    0.00   94.00
09:14:17 PM    3    0.00    0.00    3.00    0.00    0.00    2.00    0.00    0.00    0.00   95.00

Average:     CPU    %usr   %nice    %sys %iowait    %irq   %soft  %steal  %guest  %gnice   %idle
Average:     all    0.09    0.00    1.03    0.04    1.05    5.60    0.00    0.00    0.00   92.19
Average:       0    0.05    0.00    0.13    0.03    3.94   18.30    0.00    0.00    0.00   77.54
Average:       1    0.07    0.00    0.23    0.00    0.02    0.23    0.00    0.00    0.00   99.45
Average:       2    0.17    0.00    2.78    0.13    0.19    2.89    0.00    0.00    0.00   93.84
Average:       3    0.08    0.00    0.97    0.00    0.08    1.05    0.00    0.00    0.00   97.81
