Linux 7.0.9 (hp3) 	06/19/2026 	_x86_64_	(8 CPU)

11:12:16 PM  CPU    %usr   %nice    %sys %iowait    %irq   %soft  %steal  %guest  %gnice   %idle
11:12:17 PM  all    0.50    0.00    7.82    0.00    0.12   11.17    0.00    0.00    0.00   80.40
11:12:17 PM    0    2.00    0.00   31.00    0.00    0.00   45.00    0.00    0.00    0.00   22.00
11:12:17 PM    1    2.00    0.00   32.00    0.00    1.00   43.00    0.00    0.00    0.00   22.00
11:12:17 PM    2    0.00    0.00    0.00    0.00    0.00    0.98    0.00    0.00    0.00   99.02
11:12:17 PM    3    0.00    0.00    0.00    0.00    0.00    0.00    0.00    0.00    0.00  100.00
11:12:17 PM    4    0.00    0.00    0.00    0.00    0.00    0.98    0.00    0.00    0.00   99.02
11:12:17 PM    5    0.00    0.00    0.00    0.00    0.00    0.00    0.00    0.00    0.00  100.00
11:12:17 PM    6    0.00    0.00    0.00    0.00    0.00    0.00    0.00    0.00    0.00  100.00
11:12:17 PM    7    0.00    0.00    0.00    0.00    0.00    0.00    0.00    0.00    0.00  100.00

11:12:17 PM  CPU    %usr   %nice    %sys %iowait    %irq   %soft  %steal  %guest  %gnice   %idle
11:12:18 PM  all    0.75    0.00   10.01    0.00    0.00   14.27    0.00    0.00    0.00   74.97
11:12:18 PM    0    3.00    0.00   40.00    0.00    0.00   57.00    0.00    0.00    0.00    0.00
11:12:18 PM    1    3.00    0.00   40.00    0.00    0.00   57.00    0.00    0.00    0.00    0.00
11:12:18 PM    2    0.00    0.00    0.00    0.00    0.00    0.00    0.00    0.00    0.00  100.00
11:12:18 PM    3    0.00    0.00    0.00    0.00    0.00    0.00    0.00    0.00    0.00  100.00
11:12:18 PM    4    0.00    0.00    0.00    0.00    0.00    0.00    0.00    0.00    0.00  100.00
11:12:18 PM    5    0.00    0.00    0.00    0.00    0.00    0.00    0.00    0.00    0.00  100.00
11:12:18 PM    6    0.00    0.00    0.00    0.00    0.00    0.00    0.00    0.00    0.00  100.00
11:12:18 PM    7    0.00    0.00    0.00    0.00    0.00    0.00    0.00    0.00    0.00  100.00

11:12:18 PM  CPU    %usr   %nice    %sys %iowait    %irq   %soft  %steal  %guest  %gnice   %idle
11:12:19 PM  all    0.62    0.00    9.74    0.00    0.25   14.36    0.00    0.00    0.00   75.03
11:12:19 PM    0    2.97    0.00   38.61    0.00    0.99   56.44    0.00    0.00    0.00    0.99
11:12:19 PM    1    2.00    0.00   39.00    0.00    1.00   58.00    0.00    0.00    0.00    0.00
11:12:19 PM    2    0.00    0.00    0.00    0.00    0.00    0.00    0.00    0.00    0.00  100.00
11:12:19 PM    3    0.00    0.00    0.00    0.00    0.00    0.00    0.00    0.00    0.00  100.00
11:12:19 PM    4    0.00    0.00    0.00    0.00    0.00    0.00    0.00    0.00    0.00  100.00
11:12:19 PM    5    0.00    0.00    0.00    0.00    0.00    0.00    0.00    0.00    0.00  100.00
11:12:19 PM    6    0.00    0.00    0.00    0.00    0.00    0.00    0.00    0.00    0.00  100.00
11:12:19 PM    7    0.00    0.00    0.00    0.00    0.00    0.00    0.00    0.00    0.00  100.00

11:12:19 PM  CPU    %usr   %nice    %sys %iowait    %irq   %soft  %steal  %guest  %gnice   %idle
11:12:20 PM  all    0.62    0.00    9.85    0.00    0.00   14.46    0.00    0.00    0.00   75.06
11:12:20 PM    0    2.00    0.00   40.00    0.00    0.00   58.00    0.00    0.00    0.00    0.00
11:12:20 PM    1    3.00    0.00   39.00    0.00    0.00   58.00    0.00    0.00    0.00    0.00
11:12:20 PM    2    0.00    0.00    0.00    0.00    0.00    0.00    0.00    0.00    0.00  100.00
11:12:20 PM    3    0.00    0.00    0.00    0.00    0.00    0.00    0.00    0.00    0.00  100.00
11:12:20 PM    4    0.00    0.00    0.00    0.00    0.00    0.00    0.00    0.00    0.00  100.00
11:12:20 PM    5    0.00    0.00    0.00    0.00    0.00    0.00    0.00    0.00    0.00  100.00
11:12:20 PM    6    0.00    0.00    0.00    0.00    0.00    0.00    0.00    0.00    0.00  100.00
11:12:20 PM    7    0.00    0.00    0.00    0.00    0.00    0.00    0.00    0.00    0.00  100.00

11:12:20 PM  CPU    %usr   %nice    %sys %iowait    %irq   %soft  %steal  %guest  %gnice   %idle
11:12:21 PM  all    0.50    0.00    9.86    0.00    0.25   14.48    0.00    0.00    0.00   74.91
11:12:21 PM    0    2.00    0.00   39.00    0.00    1.00   58.00    0.00    0.00    0.00    0.00
11:12:21 PM    1    1.98    0.00   39.60    0.00    0.99   57.43    0.00    0.00    0.00    0.00
11:12:21 PM    2    0.00    0.00    0.00    0.00    0.00    0.00    0.00    0.00    0.00  100.00
11:12:21 PM    3    0.00    0.00    0.00    0.00    0.00    0.00    0.00    0.00    0.00  100.00
11:12:21 PM    4    0.00    0.00    0.00    0.00    0.00    0.00    0.00    0.00    0.00  100.00
11:12:21 PM    5    0.00    0.00    0.00    0.00    0.00    0.00    0.00    0.00    0.00  100.00
11:12:21 PM    6    0.00    0.00    0.00    0.00    0.00    0.00    0.00    0.00    0.00  100.00
11:12:21 PM    7    0.00    0.00    0.00    0.00    0.00    0.00    0.00    0.00    0.00  100.00

11:12:21 PM  CPU    %usr   %nice    %sys %iowait    %irq   %soft  %steal  %guest  %gnice   %idle
11:12:22 PM  all    0.88    0.00    9.90    0.00    0.00   14.16    0.00    0.00    0.00   75.06
11:12:22 PM    0    3.00    0.00   40.00    0.00    0.00   57.00    0.00    0.00    0.00    0.00
11:12:22 PM    1    4.04    0.00   39.39    0.00    0.00   56.57    0.00    0.00    0.00    0.00
11:12:22 PM    2    0.00    0.00    0.00    0.00    0.00    0.00    0.00    0.00    0.00  100.00
11:12:22 PM    3    0.00    0.00    0.00    0.00    0.00    0.00    0.00    0.00    0.00  100.00
11:12:22 PM    4    0.00    0.00    0.00    0.00    0.00    0.00    0.00    0.00    0.00  100.00
11:12:22 PM    5    0.00    0.00    0.00    0.00    0.00    0.00    0.00    0.00    0.00  100.00
11:12:22 PM    6    0.00    0.00    0.00    0.00    0.00    0.00    0.00    0.00    0.00  100.00
11:12:22 PM    7    0.00    0.00    0.00    0.00    0.00    0.00    0.00    0.00    0.00  100.00

11:12:22 PM  CPU    %usr   %nice    %sys %iowait    %irq   %soft  %steal  %guest  %gnice   %idle
11:12:23 PM  all    0.75    0.00    9.61    0.00    0.25   14.36    0.00    0.00    0.00   75.03
11:12:23 PM    0    4.00    0.00   38.00    0.00    1.00   57.00    0.00    0.00    0.00    0.00
11:12:23 PM    1    2.00    0.00   39.00    0.00    1.00   58.00    0.00    0.00    0.00    0.00
11:12:23 PM    2    0.00    0.00    0.00    0.00    0.00    0.00    0.00    0.00    0.00  100.00
11:12:23 PM    3    0.00    0.00    0.00    0.00    0.00    0.00    0.00    0.00    0.00  100.00
11:12:23 PM    4    0.00    0.00    0.00    0.00    0.00    0.00    0.00    0.00    0.00  100.00
11:12:23 PM    5    0.00    0.00    0.00    0.00    0.00    0.00    0.00    0.00    0.00  100.00
11:12:23 PM    6    0.00    0.00    0.00    0.00    0.00    0.00    0.00    0.00    0.00  100.00
11:12:23 PM    7    0.00    0.00    0.00    0.00    0.00    0.00    0.00    0.00    0.00  100.00

11:12:23 PM  CPU    %usr   %nice    %sys %iowait    %irq   %soft  %steal  %guest  %gnice   %idle
11:12:24 PM  all    0.63    0.00    9.89    0.00    0.00   14.39    0.00    0.00    0.00   75.09
11:12:24 PM    0    2.02    0.00   39.39    0.00    0.00   58.59    0.00    0.00    0.00    0.00
11:12:24 PM    1    3.00    0.00   40.00    0.00    0.00   57.00    0.00    0.00    0.00    0.00
11:12:24 PM    2    0.00    0.00    0.00    0.00    0.00    0.00    0.00    0.00    0.00  100.00
11:12:24 PM    3    0.00    0.00    0.00    0.00    0.00    0.00    0.00    0.00    0.00  100.00
11:12:24 PM    4    0.00    0.00    0.00    0.00    0.00    0.00    0.00    0.00    0.00  100.00
11:12:24 PM    5    0.00    0.00    0.00    0.00    0.00    0.00    0.00    0.00    0.00  100.00
11:12:24 PM    6    0.00    0.00    0.00    0.00    0.00    0.00    0.00    0.00    0.00  100.00
11:12:24 PM    7    0.00    0.00    0.00    0.00    0.00    0.00    0.00    0.00    0.00  100.00

11:12:24 PM  CPU    %usr   %nice    %sys %iowait    %irq   %soft  %steal  %guest  %gnice   %idle
11:12:25 PM  all    0.87    0.00    9.96    0.00    0.12   14.32    0.00    0.00    0.00   74.72
11:12:25 PM    0    3.92    0.00   39.22    0.00    0.98   55.88    0.00    0.00    0.00    0.00
11:12:25 PM    1    3.00    0.00   40.00    0.00    0.00   57.00    0.00    0.00    0.00    0.00
11:12:25 PM    2    0.00    0.00    0.00    0.00    0.00    0.00    0.00    0.00    0.00  100.00
11:12:25 PM    3    0.00    0.00    0.00    0.00    0.00    0.99    0.00    0.00    0.00   99.01
11:12:25 PM    4    0.00    0.00    0.00    0.00    0.00    0.00    0.00    0.00    0.00  100.00
11:12:25 PM    5    0.00    0.00    0.00    0.00    0.00    0.00    0.00    0.00    0.00  100.00
11:12:25 PM    6    0.00    0.00    0.00    0.00    0.00    0.00    0.00    0.00    0.00  100.00
11:12:25 PM    7    0.00    0.00    0.00    0.00    0.00    0.00    0.00    0.00    0.00  100.00

11:12:25 PM  CPU    %usr   %nice    %sys %iowait    %irq   %soft  %steal  %guest  %gnice   %idle
11:12:26 PM  all    0.50    0.00    9.86    0.00    0.12   14.36    0.00    0.00    0.00   75.16
11:12:26 PM    0    2.02    0.00   39.39    0.00    0.00   58.59    0.00    0.00    0.00    0.00
11:12:26 PM    1    2.00    0.00   40.00    0.00    1.00   57.00    0.00    0.00    0.00    0.00
11:12:26 PM    2    0.00    0.00    0.00    0.00    0.00    0.00    0.00    0.00    0.00  100.00
11:12:26 PM    3    0.00    0.00    0.00    0.00    0.00    0.00    0.00    0.00    0.00  100.00
11:12:26 PM    4    0.00    0.00    0.00    0.00    0.00    0.00    0.00    0.00    0.00  100.00
11:12:26 PM    5    0.00    0.00    0.00    0.00    0.00    0.00    0.00    0.00    0.00  100.00
11:12:26 PM    6    0.00    0.00    0.00    0.00    0.00    0.00    0.00    0.00    0.00  100.00
11:12:26 PM    7    0.00    0.00    0.00    0.00    0.00    0.00    0.00    0.00    0.00  100.00

11:12:26 PM  CPU    %usr   %nice    %sys %iowait    %irq   %soft  %steal  %guest  %gnice   %idle
11:12:27 PM  all    0.75    0.00    9.98    0.00    0.12   14.34    0.00    0.00    0.00   74.81
11:12:27 PM    0    2.97    0.00   39.60    0.00    0.99   56.44    0.00    0.00    0.00    0.00
11:12:27 PM    1    2.97    0.00   39.60    0.00    0.00   57.43    0.00    0.00    0.00    0.00
11:12:27 PM    2    0.00    0.00    0.00    0.00    0.00    0.00    0.00    0.00    0.00  100.00
11:12:27 PM    3    0.00    0.00    0.00    0.00    0.00    0.00    0.00    0.00    0.00  100.00
11:12:27 PM    4    0.00    0.00    0.00    0.00    0.00    0.00    0.00    0.00    0.00  100.00
11:12:27 PM    5    0.00    0.00    0.00    0.00    0.00    0.00    0.00    0.00    0.00  100.00
11:12:27 PM    6    0.00    0.00    0.00    0.00    0.00    0.00    0.00    0.00    0.00  100.00
11:12:27 PM    7    0.00    0.00    0.00    0.00    0.00    0.00    0.00    0.00    0.00  100.00

11:12:27 PM  CPU    %usr   %nice    %sys %iowait    %irq   %soft  %steal  %guest  %gnice   %idle
11:12:28 PM  all    0.75    0.00    9.77    0.00    0.13   14.16    0.00    0.00    0.00   75.19
11:12:28 PM    0    3.03    0.00   39.39    0.00    0.00   56.57    0.00    0.00    0.00    1.01
11:12:28 PM    1    3.00    0.00   39.00    0.00    1.00   57.00    0.00    0.00    0.00    0.00
11:12:28 PM    2    0.00    0.00    0.00    0.00    0.00    0.00    0.00    0.00    0.00  100.00
11:12:28 PM    3    0.00    0.00    0.00    0.00    0.00    0.00    0.00    0.00    0.00  100.00
11:12:28 PM    4    0.00    0.00    0.00    0.00    0.00    0.00    0.00    0.00    0.00  100.00
11:12:28 PM    5    0.00    0.00    0.00    0.00    0.00    0.00    0.00    0.00    0.00  100.00
11:12:28 PM    6    0.00    0.00    0.00    0.00    0.00    0.00    0.00    0.00    0.00  100.00
11:12:28 PM    7    0.00    0.00    0.00    0.00    0.00    0.00    0.00    0.00    0.00  100.00

11:12:28 PM  CPU    %usr   %nice    %sys %iowait    %irq   %soft  %steal  %guest  %gnice   %idle
11:12:29 PM  all    0.50    0.00   10.07    0.00    0.00   14.55    0.00    0.00    0.00   74.88
11:12:29 PM    0    2.00    0.00   40.00    0.00    0.00   58.00    0.00    0.00    0.00    0.00
11:12:29 PM    1    1.98    0.00   40.59    0.00    0.00   57.43    0.00    0.00    0.00    0.00
11:12:29 PM    2    0.00    0.00    0.00    0.00    0.00    0.00    0.00    0.00    0.00  100.00
11:12:29 PM    3    0.00    0.00    0.00    0.00    0.00    0.00    0.00    0.00    0.00  100.00
11:12:29 PM    4    0.00    0.00    0.00    0.00    0.00    0.98    0.00    0.00    0.00   99.02
11:12:29 PM    5    0.00    0.00    0.00    0.00    0.00    0.00    0.00    0.00    0.00  100.00
11:12:29 PM    6    0.00    0.00    0.00    0.00    0.00    0.00    0.00    0.00    0.00  100.00
11:12:29 PM    7    0.00    0.00    0.00    0.00    0.00    0.00    0.00    0.00    0.00  100.00

11:12:29 PM  CPU    %usr   %nice    %sys %iowait    %irq   %soft  %steal  %guest  %gnice   %idle
11:12:30 PM  all    0.75    0.00    9.86    0.00    0.12   14.36    0.00    0.00    0.00   74.91
11:12:30 PM    0    2.97    0.00   38.61    0.00    0.99   57.43    0.00    0.00    0.00    0.00
11:12:30 PM    1    3.00    0.00   40.00    0.00    0.00   57.00    0.00    0.00    0.00    0.00
11:12:30 PM    2    0.00    0.00    0.00    0.00    0.00    0.00    0.00    0.00    0.00  100.00
11:12:30 PM    3    0.00    0.00    0.00    0.00    0.00    0.00    0.00    0.00    0.00  100.00
11:12:30 PM    4    0.00    0.00    0.00    0.00    0.00    0.00    0.00    0.00    0.00  100.00
11:12:30 PM    5    0.00    0.00    0.00    0.00    0.00    0.00    0.00    0.00    0.00  100.00
11:12:30 PM    6    0.00    0.00    0.00    0.00    0.00    0.00    0.00    0.00    0.00  100.00
11:12:30 PM    7    0.00    0.00    0.00    0.00    0.00    0.00    0.00    0.00    0.00  100.00

11:12:30 PM  CPU    %usr   %nice    %sys %iowait    %irq   %soft  %steal  %guest  %gnice   %idle
11:12:31 PM  all    0.75    0.00    9.75    0.00    0.12   14.37    0.00    0.00    0.00   75.00
11:12:31 PM    0    3.00    0.00   39.00    0.00    0.00   58.00    0.00    0.00    0.00    0.00
11:12:31 PM    1    3.00    0.00   39.00    0.00    1.00   57.00    0.00    0.00    0.00    0.00
11:12:31 PM    2    0.00    0.00    0.00    0.00    0.00    0.00    0.00    0.00    0.00  100.00
11:12:31 PM    3    0.00    0.00    0.00    0.00    0.00    0.00    0.00    0.00    0.00  100.00
11:12:31 PM    4    0.00    0.00    0.00    0.00    0.00    0.00    0.00    0.00    0.00  100.00
11:12:31 PM    5    0.00    0.00    0.00    0.00    0.00    0.00    0.00    0.00    0.00  100.00
11:12:31 PM    6    0.00    0.00    0.00    0.00    0.00    0.00    0.00    0.00    0.00  100.00
11:12:31 PM    7    0.00    0.00    0.00    0.00    0.00    0.00    0.00    0.00    0.00  100.00

11:12:31 PM  CPU    %usr   %nice    %sys %iowait    %irq   %soft  %steal  %guest  %gnice   %idle
11:12:32 PM  all    0.62    0.00    9.99    0.00    0.12   14.23    0.00    0.00    0.00   75.03
11:12:32 PM    0    2.00    0.00   40.00    0.00    1.00   57.00    0.00    0.00    0.00    0.00
11:12:32 PM    1    3.00    0.00   40.00    0.00    0.00   57.00    0.00    0.00    0.00    0.00
11:12:32 PM    2    0.00    0.00    0.00    0.00    0.00    0.00    0.00    0.00    0.00  100.00
11:12:32 PM    3    0.00    0.00    0.00    0.00    0.00    0.00    0.00    0.00    0.00  100.00
11:12:32 PM    4    0.00    0.00    0.00    0.00    0.00    0.00    0.00    0.00    0.00  100.00
11:12:32 PM    5    0.00    0.00    0.00    0.00    0.00    0.00    0.00    0.00    0.00  100.00
11:12:32 PM    6    0.00    0.00    0.00    0.00    0.00    0.00    0.00    0.00    0.00  100.00
11:12:32 PM    7    0.00    0.00    0.00    0.00    0.00    0.00    0.00    0.00    0.00  100.00

11:12:32 PM  CPU    %usr   %nice    %sys %iowait    %irq   %soft  %steal  %guest  %gnice   %idle
11:12:33 PM  all    0.62    0.00    9.88    0.00    0.12   14.37    0.00    0.00    0.00   75.00
11:12:33 PM    0    2.00    0.00   40.00    0.00    0.00   58.00    0.00    0.00    0.00    0.00
11:12:33 PM    1    3.00    0.00   39.00    0.00    1.00   57.00    0.00    0.00    0.00    0.00
11:12:33 PM    2    0.00    0.00    0.00    0.00    0.00    0.00    0.00    0.00    0.00  100.00
11:12:33 PM    3    0.00    0.00    0.00    0.00    0.00    0.00    0.00    0.00    0.00  100.00
11:12:33 PM    4    0.00    0.00    0.00    0.00    0.00    0.00    0.00    0.00    0.00  100.00
11:12:33 PM    5    0.00    0.00    0.00    0.00    0.00    0.00    0.00    0.00    0.00  100.00
11:12:33 PM    6    0.00    0.00    0.00    0.00    0.00    0.00    0.00    0.00    0.00  100.00
11:12:33 PM    7    0.00    0.00    0.00    0.00    0.00    0.00    0.00    0.00    0.00  100.00

11:12:33 PM  CPU    %usr   %nice    %sys %iowait    %irq   %soft  %steal  %guest  %gnice   %idle
11:12:34 PM  all    0.75    0.00    9.74    0.00    0.12   14.48    0.00    0.00    0.00   74.91
11:12:34 PM    0    3.96    0.00   37.62    0.00    0.99   57.43    0.00    0.00    0.00    0.00
11:12:34 PM    1    2.02    0.00   40.40    0.00    0.00   57.58    0.00    0.00    0.00    0.00
11:12:34 PM    2    0.00    0.00    0.00    0.00    0.00    0.99    0.00    0.00    0.00   99.01
11:12:34 PM    3    0.00    0.00    0.00    0.00    0.00    0.00    0.00    0.00    0.00  100.00
11:12:34 PM    4    0.00    0.00    0.00    0.00    0.00    0.00    0.00    0.00    0.00  100.00
11:12:34 PM    5    0.00    0.00    0.00    0.00    0.00    0.00    0.00    0.00    0.00  100.00
11:12:34 PM    6    0.00    0.00    0.00    0.00    0.00    0.00    0.00    0.00    0.00  100.00
11:12:34 PM    7    0.00    0.00    0.00    0.00    0.00    0.00    0.00    0.00    0.00  100.00

11:12:34 PM  CPU    %usr   %nice    %sys %iowait    %irq   %soft  %steal  %guest  %gnice   %idle
11:12:35 PM  all    0.87    0.00    9.71    0.00    0.12   14.20    0.00    0.00    0.00   75.09
11:12:35 PM    0    3.03    0.00   39.39    0.00    0.00   57.58    0.00    0.00    0.00    0.00
11:12:35 PM    1    3.92    0.00   38.24    0.00    0.98   55.88    0.00    0.00    0.00    0.98
11:12:35 PM    2    0.00    0.00    0.00    0.00    0.00    0.00    0.00    0.00    0.00  100.00
11:12:35 PM    3    0.00    0.00    0.00    0.00    0.00    0.00    0.00    0.00    0.00  100.00
11:12:35 PM    4    0.00    0.00    0.00    0.00    0.00    0.00    0.00    0.00    0.00  100.00
11:12:35 PM    5    0.00    0.00    0.00    0.00    0.00    0.00    0.00    0.00    0.00  100.00
11:12:35 PM    6    0.00    0.00    0.00    0.00    0.00    0.00    0.00    0.00    0.00  100.00
11:12:35 PM    7    0.00    0.00    0.00    0.00    0.00    0.00    0.00    0.00    0.00  100.00

11:12:35 PM  CPU    %usr   %nice    %sys %iowait    %irq   %soft  %steal  %guest  %gnice   %idle
11:12:36 PM  all    0.63    0.00    9.90    0.00    0.00   14.41    0.00    0.00    0.00   75.06
11:12:36 PM    0    3.00    0.00   40.00    0.00    0.00   57.00    0.00    0.00    0.00    0.00
11:12:36 PM    1    2.02    0.00   39.39    0.00    0.00   58.59    0.00    0.00    0.00    0.00
11:12:36 PM    2    0.00    0.00    0.00    0.00    0.00    0.00    0.00    0.00    0.00  100.00
11:12:36 PM    3    0.00    0.00    0.00    0.00    0.00    0.00    0.00    0.00    0.00  100.00
11:12:36 PM    4    0.00    0.00    0.00    0.00    0.00    0.00    0.00    0.00    0.00  100.00
11:12:36 PM    5    0.00    0.00    0.00    0.00    0.00    0.00    0.00    0.00    0.00  100.00
11:12:36 PM    6    0.00    0.00    0.00    0.00    0.00    0.00    0.00    0.00    0.00  100.00
11:12:36 PM    7    0.00    0.00    0.00    0.00    0.00    0.00    0.00    0.00    0.00  100.00

11:12:36 PM  CPU    %usr   %nice    %sys %iowait    %irq   %soft  %steal  %guest  %gnice   %idle
11:12:37 PM  all    0.62    0.00    9.94    0.00    0.12   14.41    0.00    0.00    0.00   74.91
11:12:37 PM    0    1.98    0.00   39.60    0.00    0.99   57.43    0.00    0.00    0.00    0.00
11:12:37 PM    1    2.97    0.00   39.60    0.00    0.00   57.43    0.00    0.00    0.00    0.00
11:12:37 PM    2    0.00    0.00    0.00    0.00    0.00    0.00    0.00    0.00    0.00  100.00
11:12:37 PM    3    0.00    0.00    0.00    0.00    0.00    0.00    0.00    0.00    0.00  100.00
11:12:37 PM    4    0.00    0.00    0.00    0.00    0.00    0.00    0.00    0.00    0.00  100.00
11:12:37 PM    5    0.00    0.00    0.00    0.00    0.00    0.00    0.00    0.00    0.00  100.00
11:12:37 PM    6    0.00    0.00    0.00    0.00    0.00    0.00    0.00    0.00    0.00  100.00
11:12:37 PM    7    0.00    0.00    0.00    0.00    0.00    0.00    0.00    0.00    0.00  100.00

11:12:37 PM  CPU    %usr   %nice    %sys %iowait    %irq   %soft  %steal  %guest  %gnice   %idle
11:12:38 PM  all    0.75    0.00    9.75    0.00    0.12   14.37    0.00    0.00    0.00   75.00
11:12:38 PM    0    3.00    0.00   39.00    0.00    0.00   58.00    0.00    0.00    0.00    0.00
11:12:38 PM    1    3.00    0.00   39.00    0.00    1.00   57.00    0.00    0.00    0.00    0.00
11:12:38 PM    2    0.00    0.00    0.00    0.00    0.00    0.00    0.00    0.00    0.00  100.00
11:12:38 PM    3    0.00    0.00    0.00    0.00    0.00    0.00    0.00    0.00    0.00  100.00
11:12:38 PM    4    0.00    0.00    0.00    0.00    0.00    0.00    0.00    0.00    0.00  100.00
11:12:38 PM    5    0.00    0.00    0.00    0.00    0.00    0.00    0.00    0.00    0.00  100.00
11:12:38 PM    6    0.00    0.00    0.00    0.00    0.00    0.00    0.00    0.00    0.00  100.00
11:12:38 PM    7    0.00    0.00    0.00    0.00    0.00    0.00    0.00    0.00    0.00  100.00

11:12:38 PM  CPU    %usr   %nice    %sys %iowait    %irq   %soft  %steal  %guest  %gnice   %idle
11:12:39 PM  all    0.75    0.00    9.74    0.00    0.12   14.36    0.00    0.00    0.00   75.03
11:12:39 PM    0    3.00    0.00   39.00    0.00    1.00   57.00    0.00    0.00    0.00    0.00
11:12:39 PM    1    3.00    0.00   39.00    0.00    0.00   58.00    0.00    0.00    0.00    0.00
11:12:39 PM    2    0.00    0.00    0.00    0.00    0.00    0.00    0.00    0.00    0.00  100.00
11:12:39 PM    3    0.00    0.00    0.00    0.00    0.00    0.00    0.00    0.00    0.00  100.00
11:12:39 PM    4    0.00    0.00    0.00    0.00    0.00    0.00    0.00    0.00    0.00  100.00
11:12:39 PM    5    0.00    0.00    0.00    0.00    0.00    0.00    0.00    0.00    0.00  100.00
11:12:39 PM    6    0.00    0.00    0.00    0.00    0.00    0.00    0.00    0.00    0.00  100.00
11:12:39 PM    7    0.00    0.00    0.00    0.00    0.00    0.00    0.00    0.00    0.00  100.00

11:12:39 PM  CPU    %usr   %nice    %sys %iowait    %irq   %soft  %steal  %guest  %gnice   %idle
11:12:40 PM  all    0.50    0.00    9.88    0.00    0.12   14.50    0.00    0.00    0.00   75.00
11:12:40 PM    0    2.02    0.00   40.40    0.00    0.00   57.58    0.00    0.00    0.00    0.00
11:12:40 PM    1    2.00    0.00   39.00    0.00    1.00   58.00    0.00    0.00    0.00    0.00
11:12:40 PM    2    0.00    0.00    0.00    0.00    0.00    0.00    0.00    0.00    0.00  100.00
11:12:40 PM    3    0.00    0.00    0.00    0.00    0.00    0.99    0.00    0.00    0.00   99.01
11:12:40 PM    4    0.00    0.00    0.00    0.00    0.00    0.00    0.00    0.00    0.00  100.00
11:12:40 PM    5    0.00    0.00    0.00    0.00    0.00    0.00    0.00    0.00    0.00  100.00
11:12:40 PM    6    0.00    0.00    0.00    0.00    0.00    0.00    0.00    0.00    0.00  100.00
11:12:40 PM    7    0.00    0.00    0.00    0.00    0.00    0.00    0.00    0.00    0.00  100.00

11:12:40 PM  CPU    %usr   %nice    %sys %iowait    %irq   %soft  %steal  %guest  %gnice   %idle
11:12:41 PM  all    0.50    0.00    9.98    0.00    0.12   14.46    0.00    0.00    0.00   74.94
11:12:41 PM    0    1.98    0.00   39.60    0.00    0.99   57.43    0.00    0.00    0.00    0.00
11:12:41 PM    1    2.00    0.00   40.00    0.00    0.00   58.00    0.00    0.00    0.00    0.00
11:12:41 PM    2    0.00    0.00    0.00    0.00    0.00    0.00    0.00    0.00    0.00  100.00
11:12:41 PM    3    0.00    0.00    0.00    0.00    0.00    0.00    0.00    0.00    0.00  100.00
11:12:41 PM    4    0.00    0.00    0.00    0.00    0.00    0.00    0.00    0.00    0.00  100.00
11:12:41 PM    5    0.00    0.00    0.00    0.00    0.00    0.00    0.00    0.00    0.00  100.00
11:12:41 PM    6    0.00    0.00    0.00    0.00    0.00    0.00    0.00    0.00    0.00  100.00
11:12:41 PM    7    0.00    0.00    0.00    0.00    0.00    0.00    0.00    0.00    0.00  100.00

11:12:41 PM  CPU    %usr   %nice    %sys %iowait    %irq   %soft  %steal  %guest  %gnice   %idle
11:12:42 PM  all    0.87    0.00    9.96    0.00    0.00   14.20    0.00    0.00    0.00   74.97
11:12:42 PM    0    4.00    0.00   40.00    0.00    0.00   56.00    0.00    0.00    0.00    0.00
11:12:42 PM    1    2.97    0.00   39.60    0.00    0.00   57.43    0.00    0.00    0.00    0.00
11:12:42 PM    2    0.00    0.00    0.00    0.00    0.00    0.00    0.00    0.00    0.00  100.00
11:12:42 PM    3    0.00    0.00    0.00    0.00    0.00    0.00    0.00    0.00    0.00  100.00
11:12:42 PM    4    0.00    0.00    0.00    0.00    0.00    0.00    0.00    0.00    0.00  100.00
11:12:42 PM    5    0.00    0.00    0.00    0.00    0.00    0.00    0.00    0.00    0.00  100.00
11:12:42 PM    6    0.00    0.00    0.00    0.00    0.00    0.00    0.00    0.00    0.00  100.00
11:12:42 PM    7    0.00    0.00    0.00    0.00    0.00    0.00    0.00    0.00    0.00  100.00

11:12:42 PM  CPU    %usr   %nice    %sys %iowait    %irq   %soft  %steal  %guest  %gnice   %idle
11:12:43 PM  all    0.62    0.00    9.96    0.00    0.25   14.32    0.00    0.00    0.00   74.84
11:12:43 PM    0    2.00    0.00   40.00    0.00    0.00   58.00    0.00    0.00    0.00    0.00
11:12:43 PM    1    2.97    0.00   39.60    0.00    0.99   56.44    0.00    0.00    0.00    0.00
11:12:43 PM    2    0.00    0.00    0.00    0.00    0.00    0.00    0.00    0.00    0.00  100.00
11:12:43 PM    3    0.00    0.00    0.00    0.00    0.00    0.00    0.00    0.00    0.00  100.00
11:12:43 PM    4    0.00    0.00    0.00    0.00    0.99    0.00    0.00    0.00    0.00   99.01
11:12:43 PM    5    0.00    0.00    0.00    0.00    0.00    0.00    0.00    0.00    0.00  100.00
11:12:43 PM    6    0.00    0.00    0.00    0.00    0.00    0.00    0.00    0.00    0.00  100.00
11:12:43 PM    7    0.00    0.00    0.00    0.00    0.00    0.00    0.00    0.00    0.00  100.00

11:12:43 PM  CPU    %usr   %nice    %sys %iowait    %irq   %soft  %steal  %guest  %gnice   %idle
11:12:44 PM  all    0.63    0.00    9.76    0.00    0.13   14.39    0.00    0.00    0.00   75.09
11:12:44 PM    0    2.00    0.00   40.00    0.00    1.00   57.00    0.00    0.00    0.00    0.00
11:12:44 PM    1    3.03    0.00   38.38    0.00    0.00   58.59    0.00    0.00    0.00    0.00
11:12:44 PM    2    0.00    0.00    0.00    0.00    0.00    0.00    0.00    0.00    0.00  100.00
11:12:44 PM    3    0.00    0.00    0.00    0.00    0.00    0.00    0.00    0.00    0.00  100.00
11:12:44 PM    4    0.00    0.00    0.00    0.00    0.00    0.00    0.00    0.00    0.00  100.00
11:12:44 PM    5    0.00    0.00    0.00    0.00    0.00    0.00    0.00    0.00    0.00  100.00
11:12:44 PM    6    0.00    0.00    0.00    0.00    0.00    0.00    0.00    0.00    0.00  100.00
11:12:44 PM    7    0.00    0.00    0.00    0.00    0.00    0.00    0.00    0.00    0.00  100.00

11:12:44 PM  CPU    %usr   %nice    %sys %iowait    %irq   %soft  %steal  %guest  %gnice   %idle
11:12:45 PM  all    0.50    0.00   10.11    0.00    0.12   14.36    0.00    0.00    0.00   74.91
11:12:45 PM    0    2.00    0.00   40.00    0.00    0.00   58.00    0.00    0.00    0.00    0.00
11:12:45 PM    1    1.98    0.00   40.59    0.00    0.99   56.44    0.00    0.00    0.00    0.00
11:12:45 PM    2    0.00    0.00    0.00    0.00    0.00    0.00    0.00    0.00    0.00  100.00
11:12:45 PM    3    0.00    0.00    0.00    0.00    0.00    0.00    0.00    0.00    0.00  100.00
11:12:45 PM    4    0.00    0.00    0.00    0.00    0.00    0.00    0.00    0.00    0.00  100.00
11:12:45 PM    5    0.00    0.00    0.00    0.00    0.00    0.00    0.00    0.00    0.00  100.00
11:12:45 PM    6    0.00    0.00    0.00    0.00    0.00    0.00    0.00    0.00    0.00  100.00
11:12:45 PM    7    0.00    0.00    0.00    0.00    0.00    0.00    0.00    0.00    0.00  100.00

11:12:45 PM  CPU    %usr   %nice    %sys %iowait    %irq   %soft  %steal  %guest  %gnice   %idle
11:12:46 PM  all    0.74    0.00    9.80    0.00    0.12   14.39    0.00    0.00    0.00   74.94
11:12:46 PM    0    2.91    0.00   38.83    0.00    0.97   56.31    0.00    0.00    0.00    0.97
11:12:46 PM    1    3.03    0.00   39.39    0.00    0.00   57.58    0.00    0.00    0.00    0.00
11:12:46 PM    2    0.00    0.00    0.00    0.00    0.00    0.00    0.00    0.00    0.00  100.00
11:12:46 PM    3    0.00    0.00    0.00    0.00    0.00    0.00    0.00    0.00    0.00  100.00
11:12:46 PM    4    0.00    0.00    0.00    0.00    0.00    0.99    0.00    0.00    0.00   99.01
11:12:46 PM    5    0.00    0.00    0.00    0.00    0.00    0.00    0.00    0.00    0.00  100.00
11:12:46 PM    6    0.00    0.00    0.00    0.00    0.00    0.00    0.00    0.00    0.00  100.00
11:12:46 PM    7    0.00    0.00    0.00    0.00    0.00    0.00    0.00    0.00    0.00  100.00

11:12:46 PM  CPU    %usr   %nice    %sys %iowait    %irq   %soft  %steal  %guest  %gnice   %idle
11:12:47 PM  all    0.75    0.00    9.86    0.00    0.12   14.36    0.00    0.00    0.00   74.91
11:12:47 PM    0    3.00    0.00   39.00    0.00    0.00   58.00    0.00    0.00    0.00    0.00
11:12:47 PM    1    2.97    0.00   39.60    0.00    0.99   56.44    0.00    0.00    0.00    0.00
11:12:47 PM    2    0.00    0.00    0.00    0.00    0.00    0.00    0.00    0.00    0.00  100.00
11:12:47 PM    3    0.00    0.00    0.00    0.00    0.00    0.00    0.00    0.00    0.00  100.00
11:12:47 PM    4    0.00    0.00    0.00    0.00    0.00    0.00    0.00    0.00    0.00  100.00
11:12:47 PM    5    0.00    0.00    0.00    0.00    0.00    0.00    0.00    0.00    0.00  100.00
11:12:47 PM    6    0.00    0.00    0.00    0.00    0.00    0.00    0.00    0.00    0.00  100.00
11:12:47 PM    7    0.00    0.00    0.00    0.00    0.00    0.00    0.00    0.00    0.00  100.00

11:12:47 PM  CPU    %usr   %nice    %sys %iowait    %irq   %soft  %steal  %guest  %gnice   %idle
11:12:48 PM  all    0.50    0.00    9.90    0.00    0.13   14.41    0.00    0.00    0.00   75.06
11:12:48 PM    0    2.02    0.00   39.39    0.00    1.01   57.58    0.00    0.00    0.00    0.00
11:12:48 PM    1    2.00    0.00   40.00    0.00    0.00   58.00    0.00    0.00    0.00    0.00
11:12:48 PM    2    0.00    0.00    0.00    0.00    0.00    0.00    0.00    0.00    0.00  100.00
11:12:48 PM    3    0.00    0.00    0.00    0.00    0.00    0.00    0.00    0.00    0.00  100.00
11:12:48 PM    4    0.00    0.00    0.00    0.00    0.00    0.00    0.00    0.00    0.00  100.00
11:12:48 PM    5    0.00    0.00    0.00    0.00    0.00    0.00    0.00    0.00    0.00  100.00
11:12:48 PM    6    0.00    0.00    0.00    0.00    0.00    0.00    0.00    0.00    0.00  100.00
11:12:48 PM    7    0.00    0.00    0.00    0.00    0.00    0.00    0.00    0.00    0.00  100.00

11:12:48 PM  CPU    %usr   %nice    %sys %iowait    %irq   %soft  %steal  %guest  %gnice   %idle
11:12:49 PM  all    0.63    0.00    9.89    0.00    0.00   14.52    0.00    0.00    0.00   74.97
11:12:49 PM    0    2.00    0.00   40.00    0.00    0.00   58.00    0.00    0.00    0.00    0.00
11:12:49 PM    1    3.00    0.00   39.00    0.00    0.00   58.00    0.00    0.00    0.00    0.00
11:12:49 PM    2    0.00    0.00    0.00    0.00    0.00    0.00    0.00    0.00    0.00  100.00
11:12:49 PM    3    0.00    0.00    0.00    0.00    0.00    0.00    0.00    0.00    0.00  100.00
11:12:49 PM    4    0.00    0.00    0.00    0.00    0.00    0.00    0.00    0.00    0.00  100.00
11:12:49 PM    5    0.00    0.00    0.00    0.00    0.00    0.00    0.00    0.00    0.00  100.00
11:12:49 PM    6    0.00    0.00    0.00    0.00    0.00    0.00    0.00    0.00    0.00  100.00
11:12:49 PM    7    0.00    0.00    0.00    0.00    0.00    0.00    0.00    0.00    0.00  100.00

11:12:49 PM  CPU    %usr   %nice    %sys %iowait    %irq   %soft  %steal  %guest  %gnice   %idle
11:12:50 PM  all    0.62    0.00    9.73    0.12    0.12   14.46    0.00    0.00    0.00   74.94
11:12:50 PM    0    3.00    0.00   39.00    1.00    0.00   57.00    0.00    0.00    0.00    0.00
11:12:50 PM    1    2.00    0.00   39.00    0.00    1.00   58.00    0.00    0.00    0.00    0.00
11:12:50 PM    2    0.00    0.00    0.00    0.00    0.00    0.99    0.00    0.00    0.00   99.01
11:12:50 PM    3    0.00    0.00    0.00    0.00    0.00    0.00    0.00    0.00    0.00  100.00
11:12:50 PM    4    0.00    0.00    0.00    0.00    0.00    0.00    0.00    0.00    0.00  100.00
11:12:50 PM    5    0.00    0.00    0.00    0.00    0.00    0.00    0.00    0.00    0.00  100.00
11:12:50 PM    6    0.00    0.00    0.00    0.00    0.00    0.00    0.00    0.00    0.00  100.00
11:12:50 PM    7    0.00    0.00    0.00    0.00    0.00    0.00    0.00    0.00    0.00  100.00

11:12:50 PM  CPU    %usr   %nice    %sys %iowait    %irq   %soft  %steal  %guest  %gnice   %idle
11:12:51 PM  all    0.63    0.00    9.89    0.00    0.13   14.27    0.00    0.00    0.00   75.09
11:12:51 PM    0    3.00    0.00   39.00    0.00    1.00   57.00    0.00    0.00    0.00    0.00
11:12:51 PM    1    2.02    0.00   40.40    0.00    0.00   57.58    0.00    0.00    0.00    0.00
11:12:51 PM    2    0.00    0.00    0.00    0.00    0.00    0.00    0.00    0.00    0.00  100.00
11:12:51 PM    3    0.00    0.00    0.00    0.00    0.00    0.00    0.00    0.00    0.00  100.00
11:12:51 PM    4    0.00    0.00    0.00    0.00    0.00    0.00    0.00    0.00    0.00  100.00
11:12:51 PM    5    0.00    0.00    0.00    0.00    0.00    0.00    0.00    0.00    0.00  100.00
11:12:51 PM    6    0.00    0.00    0.00    0.00    0.00    0.00    0.00    0.00    0.00  100.00
11:12:51 PM    7    0.00    0.00    0.00    0.00    0.00    0.00    0.00    0.00    0.00  100.00

11:12:51 PM  CPU    %usr   %nice    %sys %iowait    %irq   %soft  %steal  %guest  %gnice   %idle
11:12:52 PM  all    0.62    0.00    9.88    0.00    0.00   14.37    0.00    0.00    0.00   75.12
11:12:52 PM    0    3.00    0.00   39.00    0.00    0.00   58.00    0.00    0.00    0.00    0.00
11:12:52 PM    1    2.02    0.00   40.40    0.00    0.00   57.58    0.00    0.00    0.00    0.00
11:12:52 PM    2    0.00    0.00    0.00    0.00    0.00    0.00    0.00    0.00    0.00  100.00
11:12:52 PM    3    0.00    0.00    0.00    0.00    0.00    0.00    0.00    0.00    0.00  100.00
11:12:52 PM    4    0.00    0.00    0.00    0.00    0.00    0.00    0.00    0.00    0.00  100.00
11:12:52 PM    5    0.00    0.00    0.00    0.00    0.00    0.00    0.00    0.00    0.00  100.00
11:12:52 PM    6    0.00    0.00    0.00    0.00    0.00    0.00    0.00    0.00    0.00  100.00
11:12:52 PM    7    0.00    0.00    0.00    0.00    0.00    0.00    0.00    0.00    0.00  100.00

11:12:52 PM  CPU    %usr   %nice    %sys %iowait    %irq   %soft  %steal  %guest  %gnice   %idle
11:12:53 PM  all    0.50    0.00   10.21    0.00    0.12   14.20    0.00    0.00    0.00   74.97
11:12:53 PM    0    2.02    0.00   40.40    0.00    0.00   57.58    0.00    0.00    0.00    0.00
11:12:53 PM    1    1.96    0.00   41.18    0.00    0.98   55.88    0.00    0.00    0.00    0.00
11:12:53 PM    2    0.00    0.00    0.00    0.00    0.00    0.00    0.00    0.00    0.00  100.00
11:12:53 PM    3    0.00    0.00    0.00    0.00    0.00    0.00    0.00    0.00    0.00  100.00
11:12:53 PM    4    0.00    0.00    0.00    0.00    0.00    0.00    0.00    0.00    0.00  100.00
11:12:53 PM    5    0.00    0.00    0.00    0.00    0.00    0.00    0.00    0.00    0.00  100.00
11:12:53 PM    6    0.00    0.00    0.00    0.00    0.00    0.00    0.00    0.00    0.00  100.00
11:12:53 PM    7    0.00    0.00    0.00    0.00    0.00    0.00    0.00    0.00    0.00  100.00

11:12:53 PM  CPU    %usr   %nice    %sys %iowait    %irq   %soft  %steal  %guest  %gnice   %idle
11:12:54 PM  all    0.37    0.00   10.21    0.00    0.12   14.45    0.00    0.00    0.00   74.84
11:12:54 PM    0    1.96    0.00   40.20    0.00    0.98   56.86    0.00    0.00    0.00    0.00
11:12:54 PM    1    1.01    0.00   41.41    0.00    0.00   57.58    0.00    0.00    0.00    0.00
11:12:54 PM    2    0.00    0.00    0.00    0.00    0.00    0.00    0.00    0.00    0.00  100.00
11:12:54 PM    3    0.00    0.00    0.00    0.00    0.00    0.99    0.00    0.00    0.00   99.01
11:12:54 PM    4    0.00    0.00    0.00    0.00    0.00    0.00    0.00    0.00    0.00  100.00
11:12:54 PM    5    0.00    0.00    0.00    0.00    0.00    0.00    0.00    0.00    0.00  100.00
11:12:54 PM    6    0.00    0.00    0.00    0.00    0.00    0.00    0.00    0.00    0.00  100.00
11:12:54 PM    7    0.00    0.00    0.00    0.00    0.00    0.00    0.00    0.00    0.00  100.00

11:12:54 PM  CPU    %usr   %nice    %sys %iowait    %irq   %soft  %steal  %guest  %gnice   %idle
11:12:55 PM  all    0.37    0.00   10.24    0.00    0.25   14.23    0.00    0.00    0.00   74.91
11:12:55 PM    0    1.00    0.00   41.00    0.00    1.00   57.00    0.00    0.00    0.00    0.00
11:12:55 PM    1    1.98    0.00   40.59    0.00    0.99   56.44    0.00    0.00    0.00    0.00
11:12:55 PM    2    0.00    0.00    0.00    0.00    0.00    0.00    0.00    0.00    0.00  100.00
11:12:55 PM    3    0.00    0.00    0.00    0.00    0.00    0.00    0.00    0.00    0.00  100.00
11:12:55 PM    4    0.00    0.00    0.00    0.00    0.00    0.00    0.00    0.00    0.00  100.00
11:12:55 PM    5    0.00    0.00    0.00    0.00    0.00    0.00    0.00    0.00    0.00  100.00
11:12:55 PM    6    0.00    0.00    0.00    0.00    0.00    0.00    0.00    0.00    0.00  100.00
11:12:55 PM    7    0.00    0.00    0.00    0.00    0.00    0.00    0.00    0.00    0.00  100.00

11:12:55 PM  CPU    %usr   %nice    %sys %iowait    %irq   %soft  %steal  %guest  %gnice   %idle
11:12:56 PM  all    0.37    0.00   10.22    0.00    0.00   14.34    0.00    0.00    0.00   75.06
11:12:56 PM    0    1.98    0.00   39.60    0.00    0.00   57.43    0.00    0.00    0.00    0.99
11:12:56 PM    1    1.00    0.00   42.00    0.00    0.00   57.00    0.00    0.00    0.00    0.00
11:12:56 PM    2    0.00    0.00    0.00    0.00    0.00    0.00    0.00    0.00    0.00  100.00
11:12:56 PM    3    0.00    0.00    0.00    0.00    0.00    0.00    0.00    0.00    0.00  100.00
11:12:56 PM    4    0.00    0.00    0.00    0.00    0.00    0.00    0.00    0.00    0.00  100.00
11:12:56 PM    5    0.00    0.00    0.00    0.00    0.00    0.00    0.00    0.00    0.00  100.00
11:12:56 PM    6    0.00    0.00    0.00    0.00    0.00    0.00    0.00    0.00    0.00  100.00
11:12:56 PM    7    0.00    0.00    0.00    0.00    0.00    0.00    0.00    0.00    0.00  100.00

11:12:56 PM  CPU    %usr   %nice    %sys %iowait    %irq   %soft  %steal  %guest  %gnice   %idle
11:12:57 PM  all    0.62    0.00    9.88    0.00    0.12   14.25    0.00    0.00    0.00   75.12
11:12:57 PM    0    2.02    0.00   40.40    0.00    0.00   57.58    0.00    0.00    0.00    0.00
11:12:57 PM    1    3.00    0.00   39.00    0.00    1.00   57.00    0.00    0.00    0.00    0.00
11:12:57 PM    2    0.00    0.00    0.00    0.00    0.00    0.00    0.00    0.00    0.00  100.00
11:12:57 PM    3    0.00    0.00    0.00    0.00    0.00    0.00    0.00    0.00    0.00  100.00
11:12:57 PM    4    0.00    0.00    0.00    0.00    0.00    0.00    0.00    0.00    0.00  100.00
11:12:57 PM    5    0.00    0.00    0.00    0.00    0.00    0.00    0.00    0.00    0.00  100.00
11:12:57 PM    6    0.00    0.00    0.00    0.00    0.00    0.00    0.00    0.00    0.00  100.00
11:12:57 PM    7    0.00    0.00    0.00    0.00    0.00    0.00    0.00    0.00    0.00  100.00

11:12:57 PM  CPU    %usr   %nice    %sys %iowait    %irq   %soft  %steal  %guest  %gnice   %idle
11:12:58 PM  all    0.75    0.00    9.95    0.00    0.25   14.43    0.00    0.00    0.00   74.63
11:12:58 PM    0    2.97    0.00   39.60    0.00    0.99   56.44    0.00    0.00    0.00    0.00
11:12:58 PM    1    2.97    0.00   39.60    0.00    0.00   57.43    0.00    0.00    0.00    0.00
11:12:58 PM    2    0.00    0.00    0.00    0.00    0.00    0.00    0.00    0.00    0.00  100.00
11:12:58 PM    3    0.00    0.00    0.00    0.00    0.99    0.00    0.00    0.00    0.00   99.01
11:12:58 PM    4    0.00    0.00    0.00    0.00    0.00    0.99    0.00    0.00    0.00   99.01
11:12:58 PM    5    0.00    0.00    0.00    0.00    0.00    0.00    0.00    0.00    0.00  100.00
11:12:58 PM    6    0.00    0.00    0.00    0.00    0.00    0.00    0.00    0.00    0.00  100.00
11:12:58 PM    7    0.00    0.00    0.00    0.00    0.00    0.00    0.00    0.00    0.00  100.00

11:12:58 PM  CPU    %usr   %nice    %sys %iowait    %irq   %soft  %steal  %guest  %gnice   %idle
11:12:59 PM  all    0.50    0.00   10.00    0.00    0.12   14.25    0.00    0.00    0.00   75.12
11:12:59 PM    0    2.02    0.00   40.40    0.00    0.00   57.58    0.00    0.00    0.00    0.00
11:12:59 PM    1    2.00    0.00   40.00    0.00    1.00   57.00    0.00    0.00    0.00    0.00
11:12:59 PM    2    0.00    0.00    0.00    0.00    0.00    0.00    0.00    0.00    0.00  100.00
11:12:59 PM    3    0.00    0.00    0.00    0.00    0.00    0.00    0.00    0.00    0.00  100.00
11:12:59 PM    4    0.00    0.00    0.00    0.00    0.00    0.00    0.00    0.00    0.00  100.00
11:12:59 PM    5    0.00    0.00    0.00    0.00    0.00    0.00    0.00    0.00    0.00  100.00
11:12:59 PM    6    0.00    0.00    0.00    0.00    0.00    0.00    0.00    0.00    0.00  100.00
11:12:59 PM    7    0.00    0.00    0.00    0.00    0.00    0.00    0.00    0.00    0.00  100.00

11:12:59 PM  CPU    %usr   %nice    %sys %iowait    %irq   %soft  %steal  %guest  %gnice   %idle
11:13:00 PM  all    0.75    0.00    9.76    0.00    0.13   14.27    0.00    0.00    0.00   75.09
11:13:00 PM    0    3.00    0.00   39.00    0.00    1.00   57.00    0.00    0.00    0.00    0.00
11:13:00 PM    1    3.03    0.00   39.39    0.00    0.00   57.58    0.00    0.00    0.00    0.00
11:13:00 PM    2    0.00    0.00    0.00    0.00    0.00    0.00    0.00    0.00    0.00  100.00
11:13:00 PM    3    0.00    0.00    0.00    0.00    0.00    0.00    0.00    0.00    0.00  100.00
11:13:00 PM    4    0.00    0.00    0.00    0.00    0.00    0.00    0.00    0.00    0.00  100.00
11:13:00 PM    5    0.00    0.00    0.00    0.00    0.00    0.00    0.00    0.00    0.00  100.00
11:13:00 PM    6    0.00    0.00    0.00    0.00    0.00    0.00    0.00    0.00    0.00  100.00
11:13:00 PM    7    0.00    0.00    0.00    0.00    0.00    0.00    0.00    0.00    0.00  100.00

11:13:00 PM  CPU    %usr   %nice    %sys %iowait    %irq   %soft  %steal  %guest  %gnice   %idle
11:13:01 PM  all    0.62    0.00    9.85    0.00    0.12   14.46    0.00    0.00    0.00   74.94
11:13:01 PM    0    2.97    0.00   39.60    0.00    0.00   57.43    0.00    0.00    0.00    0.00
11:13:01 PM    1    2.00    0.00   39.00    0.00    1.00   58.00    0.00    0.00    0.00    0.00
11:13:01 PM    2    0.00    0.00    0.00    0.00    0.00    0.00    0.00    0.00    0.00  100.00
11:13:01 PM    3    0.00    0.00    0.00    0.00    0.00    0.00    0.00    0.00    0.00  100.00
11:13:01 PM    4    0.00    0.00    0.00    0.00    0.00    0.00    0.00    0.00    0.00  100.00
11:13:01 PM    5    0.00    0.00    0.00    0.00    0.00    0.00    0.00    0.00    0.00  100.00
11:13:01 PM    6    0.00    0.00    0.00    0.00    0.00    0.00    0.00    0.00    0.00  100.00
11:13:01 PM    7    0.00    0.00    0.00    0.00    0.00    0.00    0.00    0.00    0.00  100.00

11:13:01 PM  CPU    %usr   %nice    %sys %iowait    %irq   %soft  %steal  %guest  %gnice   %idle
11:13:02 PM  all    0.50    0.00    9.98    0.00    0.12   14.34    0.00    0.00    0.00   75.06
11:13:02 PM    0    2.00    0.00   40.00    0.00    1.00   57.00    0.00    0.00    0.00    0.00
11:13:02 PM    1    1.98    0.00   39.60    0.00    0.00   57.43    0.00    0.00    0.00    0.99
11:13:02 PM    2    0.00    0.00    0.00    0.00    0.00    0.00    0.00    0.00    0.00  100.00
11:13:02 PM    3    0.00    0.00    0.00    0.00    0.00    0.00    0.00    0.00    0.00  100.00
11:13:02 PM    4    0.00    0.00    0.00    0.00    0.00    0.00    0.00    0.00    0.00  100.00
11:13:02 PM    5    0.00    0.00    0.00    0.00    0.00    0.00    0.00    0.00    0.00  100.00
11:13:02 PM    6    0.00    0.00    0.00    0.00    0.00    0.00    0.00    0.00    0.00  100.00
11:13:02 PM    7    0.00    0.00    0.00    0.00    0.00    0.00    0.00    0.00    0.00  100.00

11:13:02 PM  CPU    %usr   %nice    %sys %iowait    %irq   %soft  %steal  %guest  %gnice   %idle
11:13:03 PM  all    0.75    0.00    9.96    0.00    0.12   14.32    0.00    0.00    0.00   74.84
11:13:03 PM    0    3.00    0.00   40.00    0.00    0.00   57.00    0.00    0.00    0.00    0.00
11:13:03 PM    1    2.97    0.00   39.60    0.00    0.99   56.44    0.00    0.00    0.00    0.00
11:13:03 PM    2    0.00    0.00    0.00    0.00    0.00    0.99    0.00    0.00    0.00   99.01
11:13:03 PM    3    0.00    0.00    0.00    0.00    0.00    0.00    0.00    0.00    0.00  100.00
11:13:03 PM    4    0.00    0.00    0.00    0.00    0.00    0.00    0.00    0.00    0.00  100.00
11:13:03 PM    5    0.00    0.00    0.00    0.00    0.00    0.00    0.00    0.00    0.00  100.00
11:13:03 PM    6    0.00    0.00    0.00    0.00    0.00    0.00    0.00    0.00    0.00  100.00
11:13:03 PM    7    0.00    0.00    0.00    0.00    0.00    0.00    0.00    0.00    0.00  100.00

11:13:03 PM  CPU    %usr   %nice    %sys %iowait    %irq   %soft  %steal  %guest  %gnice   %idle
11:13:04 PM  all    0.75    0.00    9.62    0.00    0.12   14.37    0.00    0.00    0.00   75.12
11:13:04 PM    0    3.00    0.00   39.00    0.00    1.00   57.00    0.00    0.00    0.00    0.00
11:13:04 PM    1    3.03    0.00   38.38    0.00    0.00   58.59    0.00    0.00    0.00    0.00
11:13:04 PM    2    0.00    0.00    0.00    0.00    0.00    0.00    0.00    0.00    0.00  100.00
11:13:04 PM    3    0.00    0.00    0.00    0.00    0.00    0.00    0.00    0.00    0.00  100.00
11:13:04 PM    4    0.00    0.00    0.00    0.00    0.00    0.00    0.00    0.00    0.00  100.00
11:13:04 PM    5    0.00    0.00    0.00    0.00    0.00    0.00    0.00    0.00    0.00  100.00
11:13:04 PM    6    0.00    0.00    0.00    0.00    0.00    0.00    0.00    0.00    0.00  100.00
11:13:04 PM    7    0.00    0.00    0.00    0.00    0.00    0.00    0.00    0.00    0.00  100.00

11:13:04 PM  CPU    %usr   %nice    %sys %iowait    %irq   %soft  %steal  %guest  %gnice   %idle
11:13:05 PM  all    0.87    0.00    9.74    0.00    0.12   14.36    0.00    0.00    0.00   74.91
11:13:05 PM    0    4.00    0.00   39.00    0.00    0.00   57.00    0.00    0.00    0.00    0.00
11:13:05 PM    1    2.97    0.00   38.61    0.00    0.99   57.43    0.00    0.00    0.00    0.00
11:13:05 PM    2    0.00    0.00    0.00    0.00    0.00    0.00    0.00    0.00    0.00  100.00
11:13:05 PM    3    0.00    0.00    0.00    0.00    0.00    0.00    0.00    0.00    0.00  100.00
11:13:05 PM    4    0.00    0.00    0.00    0.00    0.00    0.00    0.00    0.00    0.00  100.00
11:13:05 PM    5    0.00    0.00    0.00    0.00    0.00    0.00    0.00    0.00    0.00  100.00
11:13:05 PM    6    0.00    0.00    0.00    0.00    0.00    0.00    0.00    0.00    0.00  100.00
11:13:05 PM    7    0.00    0.00    0.00    0.00    0.00    0.00    0.00    0.00    0.00  100.00

11:13:05 PM  CPU    %usr   %nice    %sys %iowait    %irq   %soft  %steal  %guest  %gnice   %idle
11:13:06 PM  all    0.75    0.00    9.83    0.00    0.12   14.43    0.00    0.00    0.00   74.88
11:13:06 PM    0    2.97    0.00   38.61    0.00    0.99   57.43    0.00    0.00    0.00    0.00
11:13:06 PM    1    2.97    0.00   39.60    0.00    0.00   57.43    0.00    0.00    0.00    0.00
11:13:06 PM    2    0.00    0.00    0.00    0.00    0.00    0.00    0.00    0.00    0.00  100.00
11:13:06 PM    3    0.00    0.00    0.00    0.00    0.00    0.00    0.00    0.00    0.00  100.00
11:13:06 PM    4    0.00    0.00    0.00    0.00    0.00    0.00    0.00    0.00    0.00  100.00
11:13:06 PM    5    0.00    0.00    0.00    0.00    0.00    0.00    0.00    0.00    0.00  100.00
11:13:06 PM    6    0.00    0.00    0.00    0.00    0.00    0.00    0.00    0.00    0.00  100.00
11:13:06 PM    7    0.00    0.00    0.00    0.00    0.00    0.00    0.00    0.00    0.00  100.00

11:13:06 PM  CPU    %usr   %nice    %sys %iowait    %irq   %soft  %steal  %guest  %gnice   %idle
11:13:07 PM  all    0.50    0.00    9.88    0.00    0.25   14.37    0.00    0.00    0.00   75.00
11:13:07 PM    0    2.02    0.00   40.40    0.00    0.00   57.58    0.00    0.00    0.00    0.00
11:13:07 PM    1    2.00    0.00   39.00    0.00    1.00   58.00    0.00    0.00    0.00    0.00
11:13:07 PM    2    0.00    0.00    0.00    0.00    0.99    0.00    0.00    0.00    0.00   99.01
11:13:07 PM    3    0.00    0.00    0.00    0.00    0.00    0.00    0.00    0.00    0.00  100.00
11:13:07 PM    4    0.00    0.00    0.00    0.00    0.00    0.00    0.00    0.00    0.00  100.00
11:13:07 PM    5    0.00    0.00    0.00    0.00    0.00    0.00    0.00    0.00    0.00  100.00
11:13:07 PM    6    0.00    0.00    0.00    0.00    0.00    0.00    0.00    0.00    0.00  100.00
11:13:07 PM    7    0.00    0.00    0.00    0.00    0.00    0.00    0.00    0.00    0.00  100.00

11:13:07 PM  CPU    %usr   %nice    %sys %iowait    %irq   %soft  %steal  %guest  %gnice   %idle
11:13:08 PM  all    0.75    0.00    9.84    0.00    0.12   14.32    0.00    0.00    0.00   74.97
11:13:08 PM    0    2.94    0.00   39.22    0.00    0.98   56.86    0.00    0.00    0.00    0.00
11:13:08 PM    1    3.03    0.00   39.39    0.00    0.00   57.58    0.00    0.00    0.00    0.00
11:13:08 PM    2    0.00    0.00    0.00    0.00    0.00    0.00    0.00    0.00    0.00  100.00
11:13:08 PM    3    0.00    0.00    0.00    0.00    0.00    0.00    0.00    0.00    0.00  100.00
11:13:08 PM    4    0.00    0.00    0.00    0.00    0.00    0.00    0.00    0.00    0.00  100.00
11:13:08 PM    5    0.00    0.00    0.00    0.00    0.00    0.00    0.00    0.00    0.00  100.00
11:13:08 PM    6    0.00    0.00    0.00    0.00    0.00    0.00    0.00    0.00    0.00  100.00
11:13:08 PM    7    0.00    0.00    0.00    0.00    0.00    0.00    0.00    0.00    0.00  100.00

11:13:08 PM  CPU    %usr   %nice    %sys %iowait    %irq   %soft  %steal  %guest  %gnice   %idle
11:13:09 PM  all    0.75    0.00    9.88    0.00    0.00   14.37    0.00    0.00    0.00   75.00
11:13:09 PM    0    3.06    0.00   39.80    0.00    0.00   57.14    0.00    0.00    0.00    0.00
11:13:09 PM    1    2.97    0.00   39.60    0.00    0.00   57.43    0.00    0.00    0.00    0.00
11:13:09 PM    2    0.00    0.00    0.00    0.00    0.00    0.00    0.00    0.00    0.00  100.00
11:13:09 PM    3    0.00    0.00    0.00    0.00    0.00    0.00    0.00    0.00    0.00  100.00
11:13:09 PM    4    0.00    0.00    0.00    0.00    0.00    0.99    0.00    0.00    0.00   99.01
11:13:09 PM    5    0.00    0.00    0.00    0.00    0.00    0.00    0.00    0.00    0.00  100.00
11:13:09 PM    6    0.00    0.00    0.00    0.00    0.00    0.00    0.00    0.00    0.00  100.00
11:13:09 PM    7    0.00    0.00    0.00    0.00    0.00    0.00    0.00    0.00    0.00  100.00

11:13:09 PM  CPU    %usr   %nice    %sys %iowait    %irq   %soft  %steal  %guest  %gnice   %idle
11:13:10 PM  all    0.50    0.00   10.00    0.00    0.12   14.37    0.00    0.00    0.00   75.00
11:13:10 PM    0    1.98    0.00   40.59    0.00    0.00   57.43    0.00    0.00    0.00    0.00
11:13:10 PM    1    2.02    0.00   39.39    0.00    1.01   57.58    0.00    0.00    0.00    0.00
11:13:10 PM    2    0.00    0.00    0.00    0.00    0.00    0.00    0.00    0.00    0.00  100.00
11:13:10 PM    3    0.00    0.00    0.00    0.00    0.00    0.00    0.00    0.00    0.00  100.00
11:13:10 PM    4    0.00    0.00    0.00    0.00    0.00    0.00    0.00    0.00    0.00  100.00
11:13:10 PM    5    0.00    0.00    0.00    0.00    0.00    0.00    0.00    0.00    0.00  100.00
11:13:10 PM    6    0.00    0.00    0.00    0.00    0.00    0.00    0.00    0.00    0.00  100.00
11:13:10 PM    7    0.00    0.00    0.00    0.00    0.00    0.00    0.00    0.00    0.00  100.00

11:13:10 PM  CPU    %usr   %nice    %sys %iowait    %irq   %soft  %steal  %guest  %gnice   %idle
11:13:11 PM  all    0.62    0.00    9.88    0.00    0.12   14.37    0.00    0.00    0.00   75.00
11:13:11 PM    0    2.02    0.00   39.39    0.00    1.01   57.58    0.00    0.00    0.00    0.00
11:13:11 PM    1    2.97    0.00   39.60    0.00    0.00   57.43    0.00    0.00    0.00    0.00
11:13:11 PM    2    0.00    0.00    0.00    0.00    0.00    0.00    0.00    0.00    0.00  100.00
11:13:11 PM    3    0.00    0.00    0.00    0.00    0.00    0.00    0.00    0.00    0.00  100.00
11:13:11 PM    4    0.00    0.00    0.00    0.00    0.00    0.00    0.00    0.00    0.00  100.00
11:13:11 PM    5    0.00    0.00    0.00    0.00    0.00    0.00    0.00    0.00    0.00  100.00
11:13:11 PM    6    0.00    0.00    0.00    0.00    0.00    0.00    0.00    0.00    0.00  100.00
11:13:11 PM    7    0.00    0.00    0.00    0.00    0.00    0.00    0.00    0.00    0.00  100.00

11:13:11 PM  CPU    %usr   %nice    %sys %iowait    %irq   %soft  %steal  %guest  %gnice   %idle
11:13:12 PM  all    0.87    0.00    9.84    0.00    0.12   14.20    0.00    0.00    0.00   74.97
11:13:12 PM    0    3.96    0.00   39.60    0.00    0.00   56.44    0.00    0.00    0.00    0.00
11:13:12 PM    1    3.00    0.00   39.00    0.00    1.00   56.00    0.00    0.00    0.00    1.00
11:13:12 PM    2    0.00    0.00    0.00    0.00    0.00    0.00    0.00    0.00    0.00  100.00
11:13:12 PM    3    0.00    0.00    0.00    0.00    0.00    0.99    0.00    0.00    0.00   99.01
11:13:12 PM    4    0.00    0.00    0.00    0.00    0.00    0.00    0.00    0.00    0.00  100.00
11:13:12 PM    5    0.00    0.00    0.00    0.00    0.00    0.00    0.00    0.00    0.00  100.00
11:13:12 PM    6    0.00    0.00    0.00    0.00    0.00    0.00    0.00    0.00    0.00  100.00
11:13:12 PM    7    0.00    0.00    0.00    0.00    0.00    0.00    0.00    0.00    0.00  100.00

11:13:12 PM  CPU    %usr   %nice    %sys %iowait    %irq   %soft  %steal  %guest  %gnice   %idle
11:13:13 PM  all    0.62    0.00    9.88    0.00    0.12   14.37    0.00    0.00    0.00   75.00
11:13:13 PM    0    2.00    0.00   39.00    0.00    1.00   58.00    0.00    0.00    0.00    0.00
11:13:13 PM    1    3.00    0.00   40.00    0.00    0.00   57.00    0.00    0.00    0.00    0.00
11:13:13 PM    2    0.00    0.00    0.00    0.00    0.00    0.00    0.00    0.00    0.00  100.00
11:13:13 PM    3    0.00    0.00    0.00    0.00    0.00    0.00    0.00    0.00    0.00  100.00
11:13:13 PM    4    0.00    0.00    0.00    0.00    0.00    0.00    0.00    0.00    0.00  100.00
11:13:13 PM    5    0.00    0.00    0.00    0.00    0.00    0.00    0.00    0.00    0.00  100.00
11:13:13 PM    6    0.00    0.00    0.00    0.00    0.00    0.00    0.00    0.00    0.00  100.00
11:13:13 PM    7    0.00    0.00    0.00    0.00    0.00    0.00    0.00    0.00    0.00  100.00

11:13:13 PM  CPU    %usr   %nice    %sys %iowait    %irq   %soft  %steal  %guest  %gnice   %idle
11:13:14 PM  all    0.63    0.00    9.76    0.00    0.00   14.52    0.00    0.00    0.00   75.09
11:13:14 PM    0    3.03    0.00   38.38    0.00    0.00   58.59    0.00    0.00    0.00    0.00
11:13:14 PM    1    2.00    0.00   40.00    0.00    0.00   58.00    0.00    0.00    0.00    0.00
11:13:14 PM    2    0.00    0.00    0.00    0.00    0.00    0.00    0.00    0.00    0.00  100.00
11:13:14 PM    3    0.00    0.00    0.00    0.00    0.00    0.00    0.00    0.00    0.00  100.00
11:13:14 PM    4    0.00    0.00    0.00    0.00    0.00    0.00    0.00    0.00    0.00  100.00
11:13:14 PM    5    0.00    0.00    0.00    0.00    0.00    0.00    0.00    0.00    0.00  100.00
11:13:14 PM    6    0.00    0.00    0.00    0.00    0.00    0.00    0.00    0.00    0.00  100.00
11:13:14 PM    7    0.00    0.00    0.00    0.00    0.00    0.00    0.00    0.00    0.00  100.00

11:13:14 PM  CPU    %usr   %nice    %sys %iowait    %irq   %soft  %steal  %guest  %gnice   %idle
11:13:15 PM  all    0.75    0.00    9.98    0.00    0.25   14.21    0.00    0.00    0.00   74.81
11:13:15 PM    0    2.97    0.00   39.60    0.00    0.99   56.44    0.00    0.00    0.00    0.00
11:13:15 PM    1    2.97    0.00   39.60    0.00    0.99   56.44    0.00    0.00    0.00    0.00
11:13:15 PM    2    0.00    0.00    0.00    0.00    0.00    0.00    0.00    0.00    0.00  100.00
11:13:15 PM    3    0.00    0.00    0.00    0.00    0.00    0.00    0.00    0.00    0.00  100.00
11:13:15 PM    4    0.00    0.00    0.00    0.00    0.00    0.00    0.00    0.00    0.00  100.00
11:13:15 PM    5    0.00    0.00    0.00    0.00    0.00    0.00    0.00    0.00    0.00  100.00
11:13:15 PM    6    0.00    0.00    0.00    0.00    0.00    0.00    0.00    0.00    0.00  100.00
11:13:15 PM    7    0.00    0.00    0.00    0.00    0.00    0.00    0.00    0.00    0.00  100.00

11:13:15 PM  CPU    %usr   %nice    %sys %iowait    %irq   %soft  %steal  %guest  %gnice   %idle
11:13:16 PM  all    0.62    0.00    9.69    0.00    0.00   14.41    0.00    0.00    0.00   75.28
11:13:16 PM    0    2.97    0.00   38.61    0.00    0.00   57.43    0.00    0.00    0.00    0.99
11:13:16 PM    1    2.02    0.00   39.39    0.00    0.00   58.59    0.00    0.00    0.00    0.00
11:13:16 PM    2    0.00    0.00    0.00    0.00    0.00    0.00    0.00    0.00    0.00  100.00
11:13:16 PM    3    0.00    0.00    0.00    0.00    0.00    0.00    0.00    0.00    0.00  100.00
11:13:16 PM    4    0.00    0.00    0.00    0.00    0.00    0.00    0.00    0.00    0.00  100.00
11:13:16 PM    5    0.00    0.00    0.00    0.00    0.00    0.00    0.00    0.00    0.00  100.00
11:13:16 PM    6    0.00    0.00    0.00    0.00    0.00    0.00    0.00    0.00    0.00  100.00
11:13:16 PM    7    0.00    0.00    0.00    0.00    0.00    0.00    0.00    0.00    0.00  100.00

Average:     CPU    %usr   %nice    %sys %iowait    %irq   %soft  %steal  %guest  %gnice   %idle
Average:     all    0.65    0.00    9.85    0.00    0.11   14.30    0.00    0.00    0.00   75.08
Average:       0    2.63    0.00   39.36    0.02    0.43   57.11    0.00    0.00    0.00    0.45
Average:       1    2.56    0.00   39.48    0.00    0.43   57.11    0.00    0.00    0.00    0.42
Average:       2    0.00    0.00    0.00    0.00    0.02    0.07    0.00    0.00    0.00   99.92
Average:       3    0.00    0.00    0.00    0.00    0.02    0.07    0.00    0.00    0.00   99.92
Average:       4    0.00    0.00    0.00    0.00    0.02    0.08    0.00    0.00    0.00   99.90
Average:       5    0.00    0.00    0.00    0.00    0.00    0.00    0.00    0.00    0.00  100.00
Average:       6    0.00    0.00    0.00    0.00    0.00    0.00    0.00    0.00    0.00  100.00
Average:       7    0.00    0.00    0.00    0.00    0.00    0.00    0.00    0.00    0.00  100.00
