Linux 7.0.9 (hp3) 	06/19/2026 	_x86_64_	(8 CPU)

10:47:18 PM  CPU    %usr   %nice    %sys %iowait    %irq   %soft  %steal  %guest  %gnice   %idle
10:47:19 PM  all    0.87    0.00   11.49    0.00    0.25    6.87    0.00    0.00    0.00   80.52
10:47:19 PM    0    3.00    0.00   46.00    0.00    1.00   28.00    0.00    0.00    0.00   22.00
10:47:19 PM    1    4.00    0.00   46.00    0.00    1.00   27.00    0.00    0.00    0.00   22.00
10:47:19 PM    2    0.00    0.00    0.00    0.00    0.00    0.00    0.00    0.00    0.00  100.00
10:47:19 PM    3    0.00    0.00    0.00    0.00    0.00    0.00    0.00    0.00    0.00  100.00
10:47:19 PM    4    0.00    0.00    0.00    0.00    0.00    0.00    0.00    0.00    0.00  100.00
10:47:19 PM    5    0.00    0.00    0.00    0.00    0.00    0.00    0.00    0.00    0.00  100.00
10:47:19 PM    6    0.00    0.00    0.00    0.00    0.00    0.00    0.00    0.00    0.00  100.00
10:47:19 PM    7    0.00    0.00    0.00    0.00    0.00    0.00    0.00    0.00    0.00  100.00

10:47:19 PM  CPU    %usr   %nice    %sys %iowait    %irq   %soft  %steal  %guest  %gnice   %idle
10:47:20 PM  all    1.37    0.00   14.34    0.00    0.00    8.98    0.00    0.00    0.00   75.31
10:47:20 PM    0    6.00    0.00   57.00    0.00    0.00   36.00    0.00    0.00    0.00    1.00
10:47:20 PM    1    5.05    0.00   58.59    0.00    0.00   36.36    0.00    0.00    0.00    0.00
10:47:20 PM    2    0.00    0.00    0.00    0.00    0.00    0.00    0.00    0.00    0.00  100.00
10:47:20 PM    3    0.00    0.00    0.00    0.00    0.00    0.00    0.00    0.00    0.00  100.00
10:47:20 PM    4    0.00    0.00    0.00    0.00    0.00    0.00    0.00    0.00    0.00  100.00
10:47:20 PM    5    0.00    0.00    0.00    0.00    0.00    0.00    0.00    0.00    0.00  100.00
10:47:20 PM    6    0.00    0.00    0.00    0.00    0.00    0.00    0.00    0.00    0.00  100.00
10:47:20 PM    7    0.00    0.00    0.00    0.00    0.00    0.00    0.00    0.00    0.00  100.00

10:47:20 PM  CPU    %usr   %nice    %sys %iowait    %irq   %soft  %steal  %guest  %gnice   %idle
10:47:21 PM  all    1.25    0.00   14.61    0.00    0.25    8.99    0.00    0.00    0.00   74.91
10:47:21 PM    0    4.95    0.00   60.40    0.00    0.99   33.66    0.00    0.00    0.00    0.00
10:47:21 PM    1    5.00    0.00   56.00    0.00    1.00   38.00    0.00    0.00    0.00    0.00
10:47:21 PM    2    0.00    0.00    0.00    0.00    0.00    0.00    0.00    0.00    0.00  100.00
10:47:21 PM    3    0.00    0.00    0.00    0.00    0.00    0.00    0.00    0.00    0.00  100.00
10:47:21 PM    4    0.00    0.00    0.00    0.00    0.00    0.00    0.00    0.00    0.00  100.00
10:47:21 PM    5    0.00    0.00    0.00    0.00    0.00    0.00    0.00    0.00    0.00  100.00
10:47:21 PM    6    0.00    0.00    0.00    0.00    0.00    0.00    0.00    0.00    0.00  100.00
10:47:21 PM    7    0.00    0.00    0.00    0.00    0.00    0.00    0.00    0.00    0.00  100.00

10:47:21 PM  CPU    %usr   %nice    %sys %iowait    %irq   %soft  %steal  %guest  %gnice   %idle
10:47:22 PM  all    1.38    0.00   14.50    0.00    0.00    9.12    0.00    0.00    0.00   75.00
10:47:22 PM    0    5.05    0.00   60.61    0.00    0.00   34.34    0.00    0.00    0.00    0.00
10:47:22 PM    1    5.94    0.00   55.45    0.00    0.00   38.61    0.00    0.00    0.00    0.00
10:47:22 PM    2    0.00    0.00    0.00    0.00    0.00    0.00    0.00    0.00    0.00  100.00
10:47:22 PM    3    0.00    0.00    0.00    0.00    0.00    0.00    0.00    0.00    0.00  100.00
10:47:22 PM    4    0.00    0.00    0.00    0.00    0.00    0.00    0.00    0.00    0.00  100.00
10:47:22 PM    5    0.00    0.00    0.00    0.00    0.00    0.00    0.00    0.00    0.00  100.00
10:47:22 PM    6    0.00    0.00    0.00    0.00    0.00    0.00    0.00    0.00    0.00  100.00
10:47:22 PM    7    0.00    0.00    0.00    0.00    0.00    0.00    0.00    0.00    0.00  100.00

10:47:22 PM  CPU    %usr   %nice    %sys %iowait    %irq   %soft  %steal  %guest  %gnice   %idle
10:47:23 PM  all    1.37    0.00   14.48    0.00    0.25    8.86    0.00    0.00    0.00   75.03
10:47:23 PM    0    5.00    0.00   57.00    0.00    1.00   37.00    0.00    0.00    0.00    0.00
10:47:23 PM    1    5.94    0.00   58.42    0.00    0.99   33.66    0.00    0.00    0.00    0.99
10:47:23 PM    2    0.00    0.00    0.00    0.00    0.00    0.00    0.00    0.00    0.00  100.00
10:47:23 PM    3    0.00    0.00    0.00    0.00    0.00    0.00    0.00    0.00    0.00  100.00
10:47:23 PM    4    0.00    0.00    0.00    0.00    0.00    0.00    0.00    0.00    0.00  100.00
10:47:23 PM    5    0.00    0.00    0.00    0.00    0.00    0.00    0.00    0.00    0.00  100.00
10:47:23 PM    6    0.00    0.00    0.00    0.00    0.00    0.00    0.00    0.00    0.00  100.00
10:47:23 PM    7    0.00    0.00    0.00    0.00    0.00    0.00    0.00    0.00    0.00  100.00

10:47:23 PM  CPU    %usr   %nice    %sys %iowait    %irq   %soft  %steal  %guest  %gnice   %idle
10:47:24 PM  all    1.13    0.00   14.64    0.00    0.00    9.14    0.00    0.00    0.00   75.09
10:47:24 PM    0    5.00    0.00   56.00    0.00    0.00   39.00    0.00    0.00    0.00    0.00
10:47:24 PM    1    4.04    0.00   61.62    0.00    0.00   34.34    0.00    0.00    0.00    0.00
10:47:24 PM    2    0.00    0.00    0.00    0.00    0.00    0.00    0.00    0.00    0.00  100.00
10:47:24 PM    3    0.00    0.00    0.00    0.00    0.00    0.00    0.00    0.00    0.00  100.00
10:47:24 PM    4    0.00    0.00    0.00    0.00    0.00    0.00    0.00    0.00    0.00  100.00
10:47:24 PM    5    0.00    0.00    0.00    0.00    0.00    0.00    0.00    0.00    0.00  100.00
10:47:24 PM    6    0.00    0.00    0.00    0.00    0.00    0.00    0.00    0.00    0.00  100.00
10:47:24 PM    7    0.00    0.00    0.00    0.00    0.00    0.00    0.00    0.00    0.00  100.00

10:47:24 PM  CPU    %usr   %nice    %sys %iowait    %irq   %soft  %steal  %guest  %gnice   %idle
10:47:25 PM  all    1.37    0.00   14.41    0.00    0.25    9.07    0.00    0.00    0.00   74.91
10:47:25 PM    0    4.95    0.00   55.45    0.00    0.99   38.61    0.00    0.00    0.00    0.00
10:47:25 PM    1    5.94    0.00   59.41    0.00    0.99   33.66    0.00    0.00    0.00    0.00
10:47:25 PM    2    0.00    0.00    0.00    0.00    0.00    0.00    0.00    0.00    0.00  100.00
10:47:25 PM    3    0.00    0.00    0.00    0.00    0.00    0.00    0.00    0.00    0.00  100.00
10:47:25 PM    4    0.00    0.00    0.00    0.00    0.00    0.00    0.00    0.00    0.00  100.00
10:47:25 PM    5    0.00    0.00    0.00    0.00    0.00    0.00    0.00    0.00    0.00  100.00
10:47:25 PM    6    0.00    0.00    0.00    0.00    0.00    0.00    0.00    0.00    0.00  100.00
10:47:25 PM    7    0.00    0.00    0.00    0.00    0.00    0.00    0.00    0.00    0.00  100.00

10:47:25 PM  CPU    %usr   %nice    %sys %iowait    %irq   %soft  %steal  %guest  %gnice   %idle
10:47:26 PM  all    1.38    0.00   14.39    0.00    0.00    9.14    0.00    0.00    0.00   75.09
10:47:26 PM    0    5.00    0.00   56.00    0.00    0.00   39.00    0.00    0.00    0.00    0.00
10:47:26 PM    1    6.06    0.00   59.60    0.00    0.00   34.34    0.00    0.00    0.00    0.00
10:47:26 PM    2    0.00    0.00    0.00    0.00    0.00    0.00    0.00    0.00    0.00  100.00
10:47:26 PM    3    0.00    0.00    0.00    0.00    0.00    0.00    0.00    0.00    0.00  100.00
10:47:26 PM    4    0.00    0.00    0.00    0.00    0.00    0.00    0.00    0.00    0.00  100.00
10:47:26 PM    5    0.00    0.00    0.00    0.00    0.00    0.00    0.00    0.00    0.00  100.00
10:47:26 PM    6    0.00    0.00    0.00    0.00    0.00    0.00    0.00    0.00    0.00  100.00
10:47:26 PM    7    0.00    0.00    0.00    0.00    0.00    0.00    0.00    0.00    0.00  100.00

10:47:26 PM  CPU    %usr   %nice    %sys %iowait    %irq   %soft  %steal  %guest  %gnice   %idle
10:47:27 PM  all    1.12    0.00   14.69    0.00    0.25    9.09    0.00    0.00    0.00   74.84
10:47:27 PM    0    4.00    0.00   56.00    0.00    1.00   39.00    0.00    0.00    0.00    0.00
10:47:27 PM    1    4.90    0.00   60.78    0.00    0.98   33.33    0.00    0.00    0.00    0.00
10:47:27 PM    2    0.00    0.00    0.00    0.00    0.00    0.00    0.00    0.00    0.00  100.00
10:47:27 PM    3    0.00    0.00    0.00    0.00    0.00    0.00    0.00    0.00    0.00  100.00
10:47:27 PM    4    0.00    0.00    0.00    0.00    0.00    0.00    0.00    0.00    0.00  100.00
10:47:27 PM    5    0.00    0.00    0.00    0.00    0.00    0.00    0.00    0.00    0.00  100.00
10:47:27 PM    6    0.00    0.00    0.00    0.00    0.00    0.00    0.00    0.00    0.00  100.00
10:47:27 PM    7    0.00    0.00    0.00    0.00    0.00    0.00    0.00    0.00    0.00  100.00

10:47:27 PM  CPU    %usr   %nice    %sys %iowait    %irq   %soft  %steal  %guest  %gnice   %idle
10:47:28 PM  all    1.38    0.00   14.50    0.00    0.00    9.00    0.00    0.00    0.00   75.12
10:47:28 PM    0    6.00    0.00   59.00    0.00    0.00   35.00    0.00    0.00    0.00    0.00
10:47:28 PM    1    5.05    0.00   57.58    0.00    0.00   37.37    0.00    0.00    0.00    0.00
10:47:28 PM    2    0.00    0.00    0.00    0.00    0.00    0.00    0.00    0.00    0.00  100.00
10:47:28 PM    3    0.00    0.00    0.00    0.00    0.00    0.00    0.00    0.00    0.00  100.00
10:47:28 PM    4    0.00    0.00    0.00    0.00    0.00    0.00    0.00    0.00    0.00  100.00
10:47:28 PM    5    0.00    0.00    0.00    0.00    0.00    0.00    0.00    0.00    0.00  100.00
10:47:28 PM    6    0.00    0.00    0.00    0.00    0.00    0.00    0.00    0.00    0.00  100.00
10:47:28 PM    7    0.00    0.00    0.00    0.00    0.00    0.00    0.00    0.00    0.00  100.00

10:47:28 PM  CPU    %usr   %nice    %sys %iowait    %irq   %soft  %steal  %guest  %gnice   %idle
10:47:29 PM  all    1.12    0.00   14.75    0.00    0.12    9.00    0.00    0.00    0.00   75.00
10:47:29 PM    0    5.00    0.00   61.00    0.00    1.00   33.00    0.00    0.00    0.00    0.00
10:47:29 PM    1    4.00    0.00   57.00    0.00    0.00   39.00    0.00    0.00    0.00    0.00
10:47:29 PM    2    0.00    0.00    0.00    0.00    0.00    0.00    0.00    0.00    0.00  100.00
10:47:29 PM    3    0.00    0.00    0.00    0.00    0.00    0.00    0.00    0.00    0.00  100.00
10:47:29 PM    4    0.00    0.00    0.00    0.00    0.00    0.00    0.00    0.00    0.00  100.00
10:47:29 PM    5    0.00    0.00    0.00    0.00    0.00    0.00    0.00    0.00    0.00  100.00
10:47:29 PM    6    0.00    0.00    0.00    0.00    0.00    0.00    0.00    0.00    0.00  100.00
10:47:29 PM    7    0.00    0.00    0.00    0.00    0.00    0.00    0.00    0.00    0.00  100.00

10:47:29 PM  CPU    %usr   %nice    %sys %iowait    %irq   %soft  %steal  %guest  %gnice   %idle
10:47:30 PM  all    1.13    0.00   14.64    0.00    0.13    9.01    0.00    0.00    0.00   75.09
10:47:30 PM    0    5.05    0.00   60.61    0.00    0.00   34.34    0.00    0.00    0.00    0.00
10:47:30 PM    1    4.00    0.00   57.00    0.00    1.00   38.00    0.00    0.00    0.00    0.00
10:47:30 PM    2    0.00    0.00    0.00    0.00    0.00    0.00    0.00    0.00    0.00  100.00
10:47:30 PM    3    0.00    0.00    0.00    0.00    0.00    0.00    0.00    0.00    0.00  100.00
10:47:30 PM    4    0.00    0.00    0.00    0.00    0.00    0.00    0.00    0.00    0.00  100.00
10:47:30 PM    5    0.00    0.00    0.00    0.00    0.00    0.00    0.00    0.00    0.00  100.00
10:47:30 PM    6    0.00    0.00    0.00    0.00    0.00    0.00    0.00    0.00    0.00  100.00
10:47:30 PM    7    0.00    0.00    0.00    0.00    0.00    0.00    0.00    0.00    0.00  100.00

10:47:30 PM  CPU    %usr   %nice    %sys %iowait    %irq   %soft  %steal  %guest  %gnice   %idle
10:47:31 PM  all    1.25    0.00   14.61    0.00    0.12    9.11    0.00    0.00    0.00   74.91
10:47:31 PM    0    4.95    0.00   56.44    0.00    0.99   37.62    0.00    0.00    0.00    0.00
10:47:31 PM    1    5.00    0.00   60.00    0.00    0.00   35.00    0.00    0.00    0.00    0.00
10:47:31 PM    2    0.00    0.00    0.00    0.00    0.00    0.00    0.00    0.00    0.00  100.00
10:47:31 PM    3    0.00    0.00    0.00    0.00    0.00    0.00    0.00    0.00    0.00  100.00
10:47:31 PM    4    0.00    0.00    0.00    0.00    0.00    0.00    0.00    0.00    0.00  100.00
10:47:31 PM    5    0.00    0.00    0.00    0.00    0.00    0.00    0.00    0.00    0.00  100.00
10:47:31 PM    6    0.00    0.00    0.00    0.00    0.00    0.00    0.00    0.00    0.00  100.00
10:47:31 PM    7    0.00    0.00    0.00    0.00    0.00    0.00    0.00    0.00    0.00  100.00

10:47:31 PM  CPU    %usr   %nice    %sys %iowait    %irq   %soft  %steal  %guest  %gnice   %idle
10:47:32 PM  all    1.25    0.00   14.39    0.00    0.13    9.14    0.00    0.00    0.00   75.09
10:47:32 PM    0    5.00    0.00   56.00    0.00    0.00   39.00    0.00    0.00    0.00    0.00
10:47:32 PM    1    5.05    0.00   59.60    0.00    1.01   34.34    0.00    0.00    0.00    0.00
10:47:32 PM    2    0.00    0.00    0.00    0.00    0.00    0.00    0.00    0.00    0.00  100.00
10:47:32 PM    3    0.00    0.00    0.00    0.00    0.00    0.00    0.00    0.00    0.00  100.00
10:47:32 PM    4    0.00    0.00    0.00    0.00    0.00    0.00    0.00    0.00    0.00  100.00
10:47:32 PM    5    0.00    0.00    0.00    0.00    0.00    0.00    0.00    0.00    0.00  100.00
10:47:32 PM    6    0.00    0.00    0.00    0.00    0.00    0.00    0.00    0.00    0.00  100.00
10:47:32 PM    7    0.00    0.00    0.00    0.00    0.00    0.00    0.00    0.00    0.00  100.00

10:47:32 PM  CPU    %usr   %nice    %sys %iowait    %irq   %soft  %steal  %guest  %gnice   %idle
10:47:33 PM  all    1.49    0.00   14.30    0.00    0.25    8.96    0.00    0.00    0.00   75.00
10:47:33 PM    0    6.00    0.00   55.00    0.00    1.00   38.00    0.00    0.00    0.00    0.00
10:47:33 PM    1    5.94    0.00   59.41    0.00    0.99   33.66    0.00    0.00    0.00    0.00
10:47:33 PM    2    0.00    0.00    0.00    0.00    0.00    0.00    0.00    0.00    0.00  100.00
10:47:33 PM    3    0.00    0.00    0.00    0.00    0.00    0.00    0.00    0.00    0.00  100.00
10:47:33 PM    4    0.00    0.00    0.00    0.00    0.00    0.00    0.00    0.00    0.00  100.00
10:47:33 PM    5    0.00    0.00    0.00    0.00    0.00    0.00    0.00    0.00    0.00  100.00
10:47:33 PM    6    0.00    0.00    0.00    0.00    0.00    0.00    0.00    0.00    0.00  100.00
10:47:33 PM    7    0.00    0.00    0.00    0.00    0.00    0.00    0.00    0.00    0.00  100.00

10:47:33 PM  CPU    %usr   %nice    %sys %iowait    %irq   %soft  %steal  %guest  %gnice   %idle
10:47:34 PM  all    1.12    0.00   14.73    0.00    0.12    9.11    0.00    0.00    0.00   74.91
10:47:34 PM    0    3.96    0.00   56.44    0.00    0.99   38.61    0.00    0.00    0.00    0.00
10:47:34 PM    1    5.00    0.00   61.00    0.00    0.00   34.00    0.00    0.00    0.00    0.00
10:47:34 PM    2    0.00    0.00    0.00    0.00    0.00    0.00    0.00    0.00    0.00  100.00
10:47:34 PM    3    0.00    0.00    0.00    0.00    0.00    0.00    0.00    0.00    0.00  100.00
10:47:34 PM    4    0.00    0.00    0.00    0.00    0.00    0.00    0.00    0.00    0.00  100.00
10:47:34 PM    5    0.00    0.00    0.00    0.00    0.00    0.00    0.00    0.00    0.00  100.00
10:47:34 PM    6    0.00    0.00    0.00    0.00    0.00    0.00    0.00    0.00    0.00  100.00
10:47:34 PM    7    0.00    0.00    0.00    0.00    0.00    0.00    0.00    0.00    0.00  100.00

10:47:34 PM  CPU    %usr   %nice    %sys %iowait    %irq   %soft  %steal  %guest  %gnice   %idle
10:47:35 PM  all    1.12    0.00   14.48    0.00    0.12    9.24    0.00    0.00    0.00   75.03
10:47:35 PM    0    5.05    0.00   59.60    0.00    0.00   35.35    0.00    0.00    0.00    0.00
10:47:35 PM    1    4.00    0.00   57.00    0.00    1.00   38.00    0.00    0.00    0.00    0.00
10:47:35 PM    2    0.00    0.00    0.00    0.00    0.00    0.00    0.00    0.00    0.00  100.00
10:47:35 PM    3    0.00    0.00    0.00    0.00    0.00    0.00    0.00    0.00    0.00  100.00
10:47:35 PM    4    0.00    0.00    0.00    0.00    0.00    0.99    0.00    0.00    0.00   99.01
10:47:35 PM    5    0.00    0.00    0.00    0.00    0.00    0.00    0.00    0.00    0.00  100.00
10:47:35 PM    6    0.00    0.00    0.00    0.00    0.00    0.00    0.00    0.00    0.00  100.00
10:47:35 PM    7    0.00    0.00    0.00    0.00    0.00    0.00    0.00    0.00    0.00  100.00

10:47:35 PM  CPU    %usr   %nice    %sys %iowait    %irq   %soft  %steal  %guest  %gnice   %idle
10:47:36 PM  all    1.12    0.00   14.62    0.00    0.12    9.12    0.00    0.00    0.00   75.00
10:47:36 PM    0    5.00    0.00   60.00    0.00    1.00   34.00    0.00    0.00    0.00    0.00
10:47:36 PM    1    4.00    0.00   57.00    0.00    0.00   39.00    0.00    0.00    0.00    0.00
10:47:36 PM    2    0.00    0.00    0.00    0.00    0.00    0.00    0.00    0.00    0.00  100.00
10:47:36 PM    3    0.00    0.00    0.00    0.00    0.00    0.00    0.00    0.00    0.00  100.00
10:47:36 PM    4    0.00    0.00    0.00    0.00    0.00    0.00    0.00    0.00    0.00  100.00
10:47:36 PM    5    0.00    0.00    0.00    0.00    0.00    0.00    0.00    0.00    0.00  100.00
10:47:36 PM    6    0.00    0.00    0.00    0.00    0.00    0.00    0.00    0.00    0.00  100.00
10:47:36 PM    7    0.00    0.00    0.00    0.00    0.00    0.00    0.00    0.00    0.00  100.00

10:47:36 PM  CPU    %usr   %nice    %sys %iowait    %irq   %soft  %steal  %guest  %gnice   %idle
10:47:37 PM  all    1.37    0.00   14.57    0.00    0.12    9.22    0.00    0.00    0.00   74.72
10:47:37 PM    0    5.94    0.00   60.40    0.00    0.00   33.66    0.00    0.00    0.00    0.00
10:47:37 PM    1    4.95    0.00   55.45    0.00    0.99   38.61    0.00    0.00    0.00    0.00
10:47:37 PM    2    0.00    0.00    0.00    0.00    0.00    0.00    0.00    0.00    0.00  100.00
10:47:37 PM    3    0.00    0.00    0.00    0.00    0.00    0.00    0.00    0.00    0.00  100.00
10:47:37 PM    4    0.00    0.00    0.00    0.00    0.00    0.00    0.00    0.00    0.00  100.00
10:47:37 PM    5    0.00    0.00    0.00    0.00    0.00    0.00    0.00    0.00    0.00  100.00
10:47:37 PM    6    0.00    0.00    0.00    0.00    0.00    0.99    0.00    0.00    0.00   99.01
10:47:37 PM    7    0.00    0.00    0.00    0.00    0.00    0.00    0.00    0.00    0.00  100.00

10:47:37 PM  CPU    %usr   %nice    %sys %iowait    %irq   %soft  %steal  %guest  %gnice   %idle
10:47:38 PM  all    1.25    0.00   14.61    0.00    0.12    9.11    0.00    0.00    0.00   74.91
10:47:38 PM    0    5.00    0.00   60.00    0.00    1.00   34.00    0.00    0.00    0.00    0.00
10:47:38 PM    1    5.00    0.00   57.00    0.00    0.00   38.00    0.00    0.00    0.00    0.00
10:47:38 PM    2    0.00    0.00    0.00    0.00    0.00    0.99    0.00    0.00    0.00   99.01
10:47:38 PM    3    0.00    0.00    0.00    0.00    0.00    0.00    0.00    0.00    0.00  100.00
10:47:38 PM    4    0.00    0.00    0.00    0.00    0.00    0.00    0.00    0.00    0.00  100.00
10:47:38 PM    5    0.00    0.00    0.00    0.00    0.00    0.00    0.00    0.00    0.00  100.00
10:47:38 PM    6    0.00    0.00    0.00    0.00    0.00    0.00    0.00    0.00    0.00  100.00
10:47:38 PM    7    0.00    0.00    0.00    0.00    0.00    0.00    0.00    0.00    0.00  100.00

10:47:38 PM  CPU    %usr   %nice    %sys %iowait    %irq   %soft  %steal  %guest  %gnice   %idle
10:47:39 PM  all    1.25    0.00   14.50    0.00    0.25    9.00    0.00    0.00    0.00   75.00
10:47:39 PM    0    6.00    0.00   60.00    0.00    1.00   33.00    0.00    0.00    0.00    0.00
10:47:39 PM    1    4.00    0.00   56.00    0.00    1.00   39.00    0.00    0.00    0.00    0.00
10:47:39 PM    2    0.00    0.00    0.00    0.00    0.00    0.00    0.00    0.00    0.00  100.00
10:47:39 PM    3    0.00    0.00    0.00    0.00    0.00    0.00    0.00    0.00    0.00  100.00
10:47:39 PM    4    0.00    0.00    0.00    0.00    0.00    0.00    0.00    0.00    0.00  100.00
10:47:39 PM    5    0.00    0.00    0.00    0.00    0.00    0.00    0.00    0.00    0.00  100.00
10:47:39 PM    6    0.00    0.00    0.00    0.00    0.00    0.00    0.00    0.00    0.00  100.00
10:47:39 PM    7    0.00    0.00    0.00    0.00    0.00    0.00    0.00    0.00    0.00  100.00

10:47:39 PM  CPU    %usr   %nice    %sys %iowait    %irq   %soft  %steal  %guest  %gnice   %idle
10:47:40 PM  all    1.25    0.00   14.54    0.00    0.00    9.02    0.00    0.00    0.00   75.19
10:47:40 PM    0    5.05    0.00   60.61    0.00    0.00   34.34    0.00    0.00    0.00    0.00
10:47:40 PM    1    5.05    0.00   56.57    0.00    0.00   38.38    0.00    0.00    0.00    0.00
10:47:40 PM    2    0.00    0.00    0.00    0.00    0.00    0.00    0.00    0.00    0.00  100.00
10:47:40 PM    3    0.00    0.00    0.00    0.00    0.00    0.00    0.00    0.00    0.00  100.00
10:47:40 PM    4    0.00    0.00    0.00    0.00    0.00    0.00    0.00    0.00    0.00  100.00
10:47:40 PM    5    0.00    0.00    0.00    0.00    0.00    0.00    0.00    0.00    0.00  100.00
10:47:40 PM    6    0.00    0.00    0.00    0.00    0.00    0.00    0.00    0.00    0.00  100.00
10:47:40 PM    7    0.00    0.00    0.00    0.00    0.00    0.00    0.00    0.00    0.00  100.00

10:47:40 PM  CPU    %usr   %nice    %sys %iowait    %irq   %soft  %steal  %guest  %gnice   %idle
10:47:41 PM  all    1.25    0.00   14.46    0.00    0.25    9.10    0.00    0.00    0.00   74.94
10:47:41 PM    0    5.94    0.00   57.43    0.00    0.99   35.64    0.00    0.00    0.00    0.00
10:47:41 PM    1    3.96    0.00   57.43    0.00    0.99   36.63    0.00    0.00    0.00    0.99
10:47:41 PM    2    0.00    0.00    0.00    0.00    0.00    0.00    0.00    0.00    0.00  100.00
10:47:41 PM    3    0.00    0.00    0.00    0.00    0.00    0.00    0.00    0.00    0.00  100.00
10:47:41 PM    4    0.00    0.00    0.00    0.00    0.00    0.00    0.00    0.00    0.00  100.00
10:47:41 PM    5    0.00    0.00    0.00    0.00    0.00    0.00    0.00    0.00    0.00  100.00
10:47:41 PM    6    0.00    0.00    0.00    0.00    0.00    0.00    0.00    0.00    0.00  100.00
10:47:41 PM    7    0.00    0.00    0.00    0.00    0.00    0.00    0.00    0.00    0.00  100.00

10:47:41 PM  CPU    %usr   %nice    %sys %iowait    %irq   %soft  %steal  %guest  %gnice   %idle
10:47:42 PM  all    1.36    0.00   14.64    0.00    0.12    8.93    0.00    0.00    0.00   74.94
10:47:42 PM    0    5.00    0.00   57.00    0.00    0.00   38.00    0.00    0.00    0.00    0.00
10:47:42 PM    1    5.88    0.00   59.80    0.00    0.98   33.33    0.00    0.00    0.00    0.00
10:47:42 PM    2    0.00    0.00    0.00    0.00    0.00    0.00    0.00    0.00    0.00  100.00
10:47:42 PM    3    0.00    0.00    0.00    0.00    0.00    0.00    0.00    0.00    0.00  100.00
10:47:42 PM    4    0.00    0.00    0.00    0.00    0.00    0.00    0.00    0.00    0.00  100.00
10:47:42 PM    5    0.00    0.00    0.00    0.00    0.00    0.00    0.00    0.00    0.00  100.00
10:47:42 PM    6    0.00    0.00    0.00    0.00    0.00    0.00    0.00    0.00    0.00  100.00
10:47:42 PM    7    0.00    0.00    0.00    0.00    0.00    0.00    0.00    0.00    0.00  100.00

10:47:42 PM  CPU    %usr   %nice    %sys %iowait    %irq   %soft  %steal  %guest  %gnice   %idle
10:47:43 PM  all    1.38    0.00   14.39    0.00    0.13    9.01    0.00    0.00    0.00   75.09
10:47:43 PM    0    6.00    0.00   59.00    0.00    1.00   34.00    0.00    0.00    0.00    0.00
10:47:43 PM    1    5.05    0.00   56.57    0.00    0.00   38.38    0.00    0.00    0.00    0.00
10:47:43 PM    2    0.00    0.00    0.00    0.00    0.00    0.00    0.00    0.00    0.00  100.00
10:47:43 PM    3    0.00    0.00    0.00    0.00    0.00    0.00    0.00    0.00    0.00  100.00
10:47:43 PM    4    0.00    0.00    0.00    0.00    0.00    0.00    0.00    0.00    0.00  100.00
10:47:43 PM    5    0.00    0.00    0.00    0.00    0.00    0.00    0.00    0.00    0.00  100.00
10:47:43 PM    6    0.00    0.00    0.00    0.00    0.00    0.00    0.00    0.00    0.00  100.00
10:47:43 PM    7    0.00    0.00    0.00    0.00    0.00    0.00    0.00    0.00    0.00  100.00

10:47:43 PM  CPU    %usr   %nice    %sys %iowait    %irq   %soft  %steal  %guest  %gnice   %idle
10:47:44 PM  all    1.25    0.00   14.61    0.00    0.12    9.11    0.00    0.00    0.00   74.91
10:47:44 PM    0    5.00    0.00   61.00    0.00    0.00   34.00    0.00    0.00    0.00    0.00
10:47:44 PM    1    4.95    0.00   55.45    0.00    0.99   38.61    0.00    0.00    0.00    0.00
10:47:44 PM    2    0.00    0.00    0.00    0.00    0.00    0.00    0.00    0.00    0.00  100.00
10:47:44 PM    3    0.00    0.00    0.00    0.00    0.00    0.00    0.00    0.00    0.00  100.00
10:47:44 PM    4    0.00    0.00    0.00    0.00    0.00    0.00    0.00    0.00    0.00  100.00
10:47:44 PM    5    0.00    0.00    0.00    0.00    0.00    0.00    0.00    0.00    0.00  100.00
10:47:44 PM    6    0.00    0.00    0.00    0.00    0.00    0.00    0.00    0.00    0.00  100.00
10:47:44 PM    7    0.00    0.00    0.00    0.00    0.00    0.00    0.00    0.00    0.00  100.00

10:47:44 PM  CPU    %usr   %nice    %sys %iowait    %irq   %soft  %steal  %guest  %gnice   %idle
10:47:45 PM  all    1.37    0.00   14.48    0.00    0.12    8.99    0.00    0.00    0.00   75.03
10:47:45 PM    0    5.88    0.00   58.82    0.00    0.98   33.33    0.00    0.00    0.00    0.98
10:47:45 PM    1    5.05    0.00   56.57    0.00    0.00   38.38    0.00    0.00    0.00    0.00
10:47:45 PM    2    0.00    0.00    0.00    0.00    0.00    0.00    0.00    0.00    0.00  100.00
10:47:45 PM    3    0.00    0.00    0.00    0.00    0.00    0.00    0.00    0.00    0.00  100.00
10:47:45 PM    4    0.00    0.00    0.00    0.00    0.00    0.00    0.00    0.00    0.00  100.00
10:47:45 PM    5    0.00    0.00    0.00    0.00    0.00    0.00    0.00    0.00    0.00  100.00
10:47:45 PM    6    0.00    0.00    0.00    0.00    0.00    0.00    0.00    0.00    0.00  100.00
10:47:45 PM    7    0.00    0.00    0.00    0.00    0.00    0.00    0.00    0.00    0.00  100.00

10:47:45 PM  CPU    %usr   %nice    %sys %iowait    %irq   %soft  %steal  %guest  %gnice   %idle
10:47:46 PM  all    1.13    0.00   14.55    0.00    0.13    8.91    0.00    0.00    0.00   75.28
10:47:46 PM    0    4.08    0.00   57.14    0.00    0.00   38.78    0.00    0.00    0.00    0.00
10:47:46 PM    1    5.05    0.00   60.61    0.00    1.01   33.33    0.00    0.00    0.00    0.00
10:47:46 PM    2    0.00    0.00    0.00    0.00    0.00    0.00    0.00    0.00    0.00  100.00
10:47:46 PM    3    0.00    0.00    0.00    0.00    0.00    0.00    0.00    0.00    0.00  100.00
10:47:46 PM    4    0.00    0.00    0.00    0.00    0.00    0.00    0.00    0.00    0.00  100.00
10:47:46 PM    5    0.00    0.00    0.00    0.00    0.00    0.00    0.00    0.00    0.00  100.00
10:47:46 PM    6    0.00    0.00    0.00    0.00    0.00    0.00    0.00    0.00    0.00  100.00
10:47:46 PM    7    0.00    0.00    0.00    0.00    0.00    0.00    0.00    0.00    0.00  100.00

10:47:46 PM  CPU    %usr   %nice    %sys %iowait    %irq   %soft  %steal  %guest  %gnice   %idle
10:47:47 PM  all    1.50    0.00   14.36    0.00    0.12    9.11    0.00    0.00    0.00   74.91
10:47:47 PM    0    5.94    0.00   54.46    0.00    0.99   38.61    0.00    0.00    0.00    0.00
10:47:47 PM    1    6.00    0.00   60.00    0.00    0.00   34.00    0.00    0.00    0.00    0.00
10:47:47 PM    2    0.00    0.00    0.00    0.00    0.00    0.00    0.00    0.00    0.00  100.00
10:47:47 PM    3    0.00    0.00    0.00    0.00    0.00    0.00    0.00    0.00    0.00  100.00
10:47:47 PM    4    0.00    0.00    0.00    0.00    0.00    0.00    0.00    0.00    0.00  100.00
10:47:47 PM    5    0.00    0.00    0.00    0.00    0.00    0.00    0.00    0.00    0.00  100.00
10:47:47 PM    6    0.00    0.00    0.00    0.00    0.00    0.00    0.00    0.00    0.00  100.00
10:47:47 PM    7    0.00    0.00    0.00    0.00    0.00    0.00    0.00    0.00    0.00  100.00

10:47:47 PM  CPU    %usr   %nice    %sys %iowait    %irq   %soft  %steal  %guest  %gnice   %idle
10:47:48 PM  all    1.12    0.00   14.73    0.00    0.12    9.11    0.00    0.00    0.00   74.91
10:47:48 PM    0    5.00    0.00   60.00    0.00    0.00   35.00    0.00    0.00    0.00    0.00
10:47:48 PM    1    3.96    0.00   57.43    0.00    0.99   37.62    0.00    0.00    0.00    0.00
10:47:48 PM    2    0.00    0.00    0.00    0.00    0.00    0.00    0.00    0.00    0.00  100.00
10:47:48 PM    3    0.00    0.00    0.00    0.00    0.00    0.00    0.00    0.00    0.00  100.00
10:47:48 PM    4    0.00    0.00    0.00    0.00    0.00    0.00    0.00    0.00    0.00  100.00
10:47:48 PM    5    0.00    0.00    0.00    0.00    0.00    0.00    0.00    0.00    0.00  100.00
10:47:48 PM    6    0.00    0.00    0.00    0.00    0.00    0.00    0.00    0.00    0.00  100.00
10:47:48 PM    7    0.00    0.00    0.00    0.00    0.00    0.00    0.00    0.00    0.00  100.00

10:47:48 PM  CPU    %usr   %nice    %sys %iowait    %irq   %soft  %steal  %guest  %gnice   %idle
10:47:49 PM  all    1.25    0.00   14.62    0.00    0.12    9.00    0.00    0.00    0.00   75.00
10:47:49 PM    0    4.95    0.00   60.40    0.00    0.99   33.66    0.00    0.00    0.00    0.00
10:47:49 PM    1    5.05    0.00   56.57    0.00    0.00   38.38    0.00    0.00    0.00    0.00
10:47:49 PM    2    0.00    0.00    0.00    0.00    0.00    0.00    0.00    0.00    0.00  100.00
10:47:49 PM    3    0.00    0.00    0.00    0.00    0.00    0.00    0.00    0.00    0.00  100.00
10:47:49 PM    4    0.00    0.00    0.00    0.00    0.00    0.00    0.00    0.00    0.00  100.00
10:47:49 PM    5    0.00    0.00    0.00    0.00    0.00    0.00    0.00    0.00    0.00  100.00
10:47:49 PM    6    0.00    0.00    0.00    0.00    0.00    0.00    0.00    0.00    0.00  100.00
10:47:49 PM    7    0.00    0.00    0.00    0.00    0.00    0.00    0.00    0.00    0.00  100.00

10:47:49 PM  CPU    %usr   %nice    %sys %iowait    %irq   %soft  %steal  %guest  %gnice   %idle
10:47:50 PM  all    1.25    0.00   14.50    0.00    0.25    9.00    0.00    0.00    0.00   75.00
10:47:50 PM    0    5.05    0.00   60.61    0.00    1.01   33.33    0.00    0.00    0.00    0.00
10:47:50 PM    1    4.95    0.00   55.45    0.00    0.99   38.61    0.00    0.00    0.00    0.00
10:47:50 PM    2    0.00    0.00    0.00    0.00    0.00    0.00    0.00    0.00    0.00  100.00
10:47:50 PM    3    0.00    0.00    0.00    0.00    0.00    0.00    0.00    0.00    0.00  100.00
10:47:50 PM    4    0.00    0.00    0.00    0.00    0.00    0.00    0.00    0.00    0.00  100.00
10:47:50 PM    5    0.00    0.00    0.00    0.00    0.00    0.00    0.00    0.00    0.00  100.00
10:47:50 PM    6    0.00    0.00    0.00    0.00    0.00    0.00    0.00    0.00    0.00  100.00
10:47:50 PM    7    0.00    0.00    0.00    0.00    0.00    0.00    0.00    0.00    0.00  100.00

10:47:50 PM  CPU    %usr   %nice    %sys %iowait    %irq   %soft  %steal  %guest  %gnice   %idle
10:47:51 PM  all    1.24    0.00   14.55    0.00    0.12    9.08    0.00    0.00    0.00   75.00
10:47:51 PM    0    5.00    0.00   61.00    0.00    0.00   34.00    0.00    0.00    0.00    0.00
10:47:51 PM    1    4.95    0.00   55.45    0.00    0.99   38.61    0.00    0.00    0.00    0.00
10:47:51 PM    2    0.00    0.00    0.00    0.00    0.00    0.00    0.00    0.00    0.00  100.00
10:47:51 PM    3    0.00    0.00    0.00    0.00    0.00    0.00    0.00    0.00    0.00  100.00
10:47:51 PM    4    0.00    0.00    0.00    0.00    0.00    0.00    0.00    0.00    0.00  100.00
10:47:51 PM    5    0.00    0.00    0.00    0.00    0.00    0.00    0.00    0.00    0.00  100.00
10:47:51 PM    6    0.00    0.00    0.00    0.00    0.00    0.00    0.00    0.00    0.00  100.00
10:47:51 PM    7    0.00    0.00    0.00    0.00    0.00    0.00    0.00    0.00    0.00  100.00

10:47:51 PM  CPU    %usr   %nice    %sys %iowait    %irq   %soft  %steal  %guest  %gnice   %idle
10:47:52 PM  all    1.50    0.00   14.36    0.00    0.12    8.99    0.00    0.00    0.00   75.03
10:47:52 PM    0    5.94    0.00   59.41    0.00    0.99   33.66    0.00    0.00    0.00    0.00
10:47:52 PM    1    6.06    0.00   55.56    0.00    0.00   38.38    0.00    0.00    0.00    0.00
10:47:52 PM    2    0.00    0.00    0.00    0.00    0.00    0.00    0.00    0.00    0.00  100.00
10:47:52 PM    3    0.00    0.00    0.00    0.00    0.00    0.00    0.00    0.00    0.00  100.00
10:47:52 PM    4    0.00    0.00    0.00    0.00    0.00    0.00    0.00    0.00    0.00  100.00
10:47:52 PM    5    0.00    0.00    0.00    0.00    0.00    0.00    0.00    0.00    0.00  100.00
10:47:52 PM    6    0.00    0.00    0.00    0.00    0.00    0.00    0.00    0.00    0.00  100.00
10:47:52 PM    7    0.00    0.00    0.00    0.00    0.00    0.00    0.00    0.00    0.00  100.00

10:47:52 PM  CPU    %usr   %nice    %sys %iowait    %irq   %soft  %steal  %guest  %gnice   %idle
10:47:53 PM  all    1.62    0.00   14.34    0.00    0.12    8.85    0.00    0.00    0.00   75.06
10:47:53 PM    0    7.00    0.00   57.00    0.00    0.00   36.00    0.00    0.00    0.00    0.00
10:47:53 PM    1    5.94    0.00   57.43    0.00    0.99   34.65    0.00    0.00    0.00    0.99
10:47:53 PM    2    0.00    0.00    0.00    0.00    0.00    0.00    0.00    0.00    0.00  100.00
10:47:53 PM    3    0.00    0.00    0.00    0.00    0.00    0.00    0.00    0.00    0.00  100.00
10:47:53 PM    4    0.00    0.00    0.00    0.00    0.00    0.00    0.00    0.00    0.00  100.00
10:47:53 PM    5    0.00    0.00    0.00    0.00    0.00    0.00    0.00    0.00    0.00  100.00
10:47:53 PM    6    0.00    0.00    0.00    0.00    0.00    0.00    0.00    0.00    0.00  100.00
10:47:53 PM    7    0.00    0.00    0.00    0.00    0.00    0.00    0.00    0.00    0.00  100.00

10:47:53 PM  CPU    %usr   %nice    %sys %iowait    %irq   %soft  %steal  %guest  %gnice   %idle
10:47:54 PM  all    1.38    0.00   14.52    0.00    0.13    9.01    0.00    0.00    0.00   74.97
10:47:54 PM    0    6.00    0.00   58.00    0.00    1.00   35.00    0.00    0.00    0.00    0.00
10:47:54 PM    1    5.05    0.00   57.58    0.00    0.00   37.37    0.00    0.00    0.00    0.00
10:47:54 PM    2    0.00    0.00    0.00    0.00    0.00    0.00    0.00    0.00    0.00  100.00
10:47:54 PM    3    0.00    0.00    0.00    0.00    0.00    0.00    0.00    0.00    0.00  100.00
10:47:54 PM    4    0.00    0.00    1.00    0.00    0.00    0.00    0.00    0.00    0.00   99.00
10:47:54 PM    5    0.00    0.00    0.00    0.00    0.00    0.00    0.00    0.00    0.00  100.00
10:47:54 PM    6    0.00    0.00    0.00    0.00    0.00    0.00    0.00    0.00    0.00  100.00
10:47:54 PM    7    0.00    0.00    0.00    0.00    0.00    0.00    0.00    0.00    0.00  100.00

10:47:54 PM  CPU    %usr   %nice    %sys %iowait    %irq   %soft  %steal  %guest  %gnice   %idle
10:47:55 PM  all    1.50    0.00   14.34    0.00    0.00    9.23    0.00    0.00    0.00   74.94
10:47:55 PM    0    6.00    0.00   60.00    0.00    0.00   34.00    0.00    0.00    0.00    0.00
10:47:55 PM    1    6.00    0.00   55.00    0.00    0.00   39.00    0.00    0.00    0.00    0.00
10:47:55 PM    2    0.00    0.00    0.00    0.00    0.00    0.00    0.00    0.00    0.00  100.00
10:47:55 PM    3    0.00    0.00    0.00    0.00    0.00    0.00    0.00    0.00    0.00  100.00
10:47:55 PM    4    0.00    0.00    0.00    0.00    0.00    0.98    0.00    0.00    0.00   99.02
10:47:55 PM    5    0.00    0.00    0.00    0.00    0.00    0.00    0.00    0.00    0.00  100.00
10:47:55 PM    6    0.00    0.00    0.00    0.00    0.00    0.00    0.00    0.00    0.00  100.00
10:47:55 PM    7    0.00    0.00    0.00    0.00    0.00    0.00    0.00    0.00    0.00  100.00

10:47:55 PM  CPU    %usr   %nice    %sys %iowait    %irq   %soft  %steal  %guest  %gnice   %idle
10:47:56 PM  all    1.25    0.00   14.29    0.00    0.25    9.02    0.00    0.00    0.00   75.19
10:47:56 PM    0    5.05    0.00   59.60    0.00    1.01   34.34    0.00    0.00    0.00    0.00
10:47:56 PM    1    5.05    0.00   55.56    0.00    1.01   38.38    0.00    0.00    0.00    0.00
10:47:56 PM    2    0.00    0.00    0.00    0.00    0.00    0.00    0.00    0.00    0.00  100.00
10:47:56 PM    3    0.00    0.00    0.00    0.00    0.00    0.00    0.00    0.00    0.00  100.00
10:47:56 PM    4    0.00    0.00    0.00    0.00    0.00    0.00    0.00    0.00    0.00  100.00
10:47:56 PM    5    0.00    0.00    0.00    0.00    0.00    0.00    0.00    0.00    0.00  100.00
10:47:56 PM    6    0.00    0.00    0.00    0.00    0.00    0.00    0.00    0.00    0.00  100.00
10:47:56 PM    7    0.00    0.00    0.00    0.00    0.00    0.00    0.00    0.00    0.00  100.00

10:47:56 PM  CPU    %usr   %nice    %sys %iowait    %irq   %soft  %steal  %guest  %gnice   %idle
10:47:57 PM  all    1.49    0.00   14.27    0.00    0.12    9.55    0.00    0.00    0.00   74.57
10:47:57 PM    0    5.94    0.00   55.45    0.00    0.00   38.61    0.00    0.00    0.00    0.00
10:47:57 PM    1    5.88    0.00   57.84    0.00    0.98   35.29    0.00    0.00    0.00    0.00
10:47:57 PM    2    0.00    0.00    0.00    0.00    0.00    0.99    0.00    0.00    0.00   99.01
10:47:57 PM    3    0.00    0.00    0.00    0.00    0.00    0.00    0.00    0.00    0.00  100.00
10:47:57 PM    4    0.00    0.00    0.00    0.00    0.00    0.00    0.00    0.00    0.00  100.00
10:47:57 PM    5    0.00    0.00    0.00    0.00    0.00    0.00    0.00    0.00    0.00  100.00
10:47:57 PM    6    0.00    0.00    0.00    0.00    0.00    0.99    0.00    0.00    0.00   99.01
10:47:57 PM    7    0.00    0.00    0.00    0.00    0.00    0.00    0.00    0.00    0.00  100.00

10:47:57 PM  CPU    %usr   %nice    %sys %iowait    %irq   %soft  %steal  %guest  %gnice   %idle
10:47:58 PM  all    1.12    0.00   14.62    0.00    0.12    9.12    0.00    0.00    0.00   75.00
10:47:58 PM    0    3.96    0.00   56.44    0.00    0.99   38.61    0.00    0.00    0.00    0.00
10:47:58 PM    1    5.05    0.00   60.61    0.00    0.00   34.34    0.00    0.00    0.00    0.00
10:47:58 PM    2    0.00    0.00    0.00    0.00    0.00    0.00    0.00    0.00    0.00  100.00
10:47:58 PM    3    0.00    0.00    0.00    0.00    0.00    0.00    0.00    0.00    0.00  100.00
10:47:58 PM    4    0.00    0.00    0.00    0.00    0.00    0.00    0.00    0.00    0.00  100.00
10:47:58 PM    5    0.00    0.00    0.00    0.00    0.00    0.00    0.00    0.00    0.00  100.00
10:47:58 PM    6    0.00    0.00    0.00    0.00    0.00    0.00    0.00    0.00    0.00  100.00
10:47:58 PM    7    0.00    0.00    0.00    0.00    0.00    0.00    0.00    0.00    0.00  100.00

10:47:58 PM  CPU    %usr   %nice    %sys %iowait    %irq   %soft  %steal  %guest  %gnice   %idle
10:47:59 PM  all    1.38    0.00   14.39    0.00    0.25    8.89    0.00    0.00    0.00   75.09
10:47:59 PM    0    5.05    0.00   55.56    0.00    1.01   38.38    0.00    0.00    0.00    0.00
10:47:59 PM    1    6.00    0.00   60.00    0.00    1.00   33.00    0.00    0.00    0.00    0.00
10:47:59 PM    2    0.00    0.00    0.00    0.00    0.00    0.00    0.00    0.00    0.00  100.00
10:47:59 PM    3    0.00    0.00    0.00    0.00    0.00    0.00    0.00    0.00    0.00  100.00
10:47:59 PM    4    0.00    0.00    0.00    0.00    0.00    0.00    0.00    0.00    0.00  100.00
10:47:59 PM    5    0.00    0.00    0.00    0.00    0.00    0.00    0.00    0.00    0.00  100.00
10:47:59 PM    6    0.00    0.00    0.00    0.00    0.00    0.00    0.00    0.00    0.00  100.00
10:47:59 PM    7    0.00    0.00    0.00    0.00    0.00    0.00    0.00    0.00    0.00  100.00

10:47:59 PM  CPU    %usr   %nice    %sys %iowait    %irq   %soft  %steal  %guest  %gnice   %idle
10:48:00 PM  all    1.25    0.00   14.37    0.00    0.12    9.12    0.00    0.00    0.00   75.12
10:48:00 PM    0    4.04    0.00   56.57    0.00    0.00   39.39    0.00    0.00    0.00    0.00
10:48:00 PM    1    6.00    0.00   59.00    0.00    1.00   34.00    0.00    0.00    0.00    0.00
10:48:00 PM    2    0.00    0.00    0.00    0.00    0.00    0.00    0.00    0.00    0.00  100.00
10:48:00 PM    3    0.00    0.00    0.00    0.00    0.00    0.00    0.00    0.00    0.00  100.00
10:48:00 PM    4    0.00    0.00    0.00    0.00    0.00    0.00    0.00    0.00    0.00  100.00
10:48:00 PM    5    0.00    0.00    0.00    0.00    0.00    0.00    0.00    0.00    0.00  100.00
10:48:00 PM    6    0.00    0.00    0.00    0.00    0.00    0.00    0.00    0.00    0.00  100.00
10:48:00 PM    7    0.00    0.00    0.00    0.00    0.00    0.00    0.00    0.00    0.00  100.00

10:48:00 PM  CPU    %usr   %nice    %sys %iowait    %irq   %soft  %steal  %guest  %gnice   %idle
10:48:01 PM  all    1.37    0.00   14.48    0.00    0.12    9.11    0.00    0.00    0.00   74.91
10:48:01 PM    0    4.95    0.00   56.44    0.00    0.99   37.62    0.00    0.00    0.00    0.00
10:48:01 PM    1    6.00    0.00   59.00    0.00    0.00   35.00    0.00    0.00    0.00    0.00
10:48:01 PM    2    0.00    0.00    0.00    0.00    0.00    0.00    0.00    0.00    0.00  100.00
10:48:01 PM    3    0.00    0.00    0.00    0.00    0.00    0.00    0.00    0.00    0.00  100.00
10:48:01 PM    4    0.00    0.00    0.00    0.00    0.00    0.00    0.00    0.00    0.00  100.00
10:48:01 PM    5    0.00    0.00    0.00    0.00    0.00    0.00    0.00    0.00    0.00  100.00
10:48:01 PM    6    0.00    0.00    0.00    0.00    0.00    0.00    0.00    0.00    0.00  100.00
10:48:01 PM    7    0.00    0.00    0.00    0.00    0.00    0.00    0.00    0.00    0.00  100.00

10:48:01 PM  CPU    %usr   %nice    %sys %iowait    %irq   %soft  %steal  %guest  %gnice   %idle
10:48:02 PM  all    1.38    0.00   14.39    0.00    0.25    8.89    0.00    0.00    0.00   75.09
10:48:02 PM    0    6.00    0.00   55.00    0.00    1.00   38.00    0.00    0.00    0.00    0.00
10:48:02 PM    1    5.00    0.00   60.00    0.00    1.00   33.00    0.00    0.00    0.00    1.00
10:48:02 PM    2    0.00    0.00    0.00    0.00    0.00    0.00    0.00    0.00    0.00  100.00
10:48:02 PM    3    0.00    0.00    0.00    0.00    0.00    0.00    0.00    0.00    0.00  100.00
10:48:02 PM    4    0.00    0.00    0.00    0.00    0.00    0.00    0.00    0.00    0.00  100.00
10:48:02 PM    5    0.00    0.00    0.00    0.00    0.00    0.00    0.00    0.00    0.00  100.00
10:48:02 PM    6    0.00    0.00    0.00    0.00    0.00    0.00    0.00    0.00    0.00  100.00
10:48:02 PM    7    0.00    0.00    0.00    0.00    0.00    0.00    0.00    0.00    0.00  100.00

10:48:02 PM  CPU    %usr   %nice    %sys %iowait    %irq   %soft  %steal  %guest  %gnice   %idle
10:48:03 PM  all    1.37    0.00   14.48    0.00    0.12    9.11    0.00    0.00    0.00   74.91
10:48:03 PM    0    5.00    0.00   56.00    0.00    0.00   39.00    0.00    0.00    0.00    0.00
10:48:03 PM    1    5.94    0.00   59.41    0.00    0.99   33.66    0.00    0.00    0.00    0.00
10:48:03 PM    2    0.00    0.00    0.00    0.00    0.00    0.00    0.00    0.00    0.00  100.00
10:48:03 PM    3    0.00    0.00    0.00    0.00    0.00    0.00    0.00    0.00    0.00  100.00
10:48:03 PM    4    0.00    0.00    0.00    0.00    0.00    0.00    0.00    0.00    0.00  100.00
10:48:03 PM    5    0.00    0.00    0.00    0.00    0.00    0.00    0.00    0.00    0.00  100.00
10:48:03 PM    6    0.00    0.00    0.00    0.00    0.00    0.00    0.00    0.00    0.00  100.00
10:48:03 PM    7    0.00    0.00    0.00    0.00    0.00    0.00    0.00    0.00    0.00  100.00

10:48:03 PM  CPU    %usr   %nice    %sys %iowait    %irq   %soft  %steal  %guest  %gnice   %idle
10:48:04 PM  all    1.25    0.00   14.50    0.00    0.12    9.12    0.00    0.00    0.00   75.00
10:48:04 PM    0    4.00    0.00   56.00    0.00    1.00   39.00    0.00    0.00    0.00    0.00
10:48:04 PM    1    6.00    0.00   60.00    0.00    0.00   34.00    0.00    0.00    0.00    0.00
10:48:04 PM    2    0.00    0.00    0.00    0.00    0.00    0.00    0.00    0.00    0.00  100.00
10:48:04 PM    3    0.00    0.00    0.00    0.00    0.00    0.00    0.00    0.00    0.00  100.00
10:48:04 PM    4    0.00    0.00    0.00    0.00    0.00    0.00    0.00    0.00    0.00  100.00
10:48:04 PM    5    0.00    0.00    0.00    0.00    0.00    0.00    0.00    0.00    0.00  100.00
10:48:04 PM    6    0.00    0.00    0.00    0.00    0.00    0.00    0.00    0.00    0.00  100.00
10:48:04 PM    7    0.00    0.00    0.00    0.00    0.00    0.00    0.00    0.00    0.00  100.00

10:48:04 PM  CPU    %usr   %nice    %sys %iowait    %irq   %soft  %steal  %guest  %gnice   %idle
10:48:05 PM  all    1.50    0.00   14.36    0.00    0.12    8.99    0.00    0.00    0.00   75.03
10:48:05 PM    0    6.00    0.00   58.00    0.00    0.00   36.00    0.00    0.00    0.00    0.00
10:48:05 PM    1    6.00    0.00   57.00    0.00    1.00   36.00    0.00    0.00    0.00    0.00
10:48:05 PM    2    0.00    0.00    0.00    0.00    0.00    0.00    0.00    0.00    0.00  100.00
10:48:05 PM    3    0.00    0.00    0.00    0.00    0.00    0.00    0.00    0.00    0.00  100.00
10:48:05 PM    4    0.00    0.00    0.00    0.00    0.00    0.00    0.00    0.00    0.00  100.00
10:48:05 PM    5    0.00    0.00    0.00    0.00    0.00    0.00    0.00    0.00    0.00  100.00
10:48:05 PM    6    0.00    0.00    0.00    0.00    0.00    0.00    0.00    0.00    0.00  100.00
10:48:05 PM    7    0.00    0.00    0.00    0.00    0.00    0.00    0.00    0.00    0.00  100.00

10:48:05 PM  CPU    %usr   %nice    %sys %iowait    %irq   %soft  %steal  %guest  %gnice   %idle
10:48:06 PM  all    1.38    0.00   14.27    0.00    0.13    9.14    0.00    0.00    0.00   75.09
10:48:06 PM    0    6.00    0.00   58.00    0.00    1.00   35.00    0.00    0.00    0.00    0.00
10:48:06 PM    1    5.05    0.00   56.57    0.00    0.00   38.38    0.00    0.00    0.00    0.00
10:48:06 PM    2    0.00    0.00    0.00    0.00    0.00    0.00    0.00    0.00    0.00  100.00
10:48:06 PM    3    0.00    0.00    0.00    0.00    0.00    0.00    0.00    0.00    0.00  100.00
10:48:06 PM    4    0.00    0.00    0.00    0.00    0.00    0.00    0.00    0.00    0.00  100.00
10:48:06 PM    5    0.00    0.00    0.00    0.00    0.00    0.00    0.00    0.00    0.00  100.00
10:48:06 PM    6    0.00    0.00    0.00    0.00    0.00    0.00    0.00    0.00    0.00  100.00
10:48:06 PM    7    0.00    0.00    0.00    0.00    0.00    0.00    0.00    0.00    0.00  100.00

10:48:06 PM  CPU    %usr   %nice    %sys %iowait    %irq   %soft  %steal  %guest  %gnice   %idle
10:48:07 PM  all    1.25    0.00   14.23    0.00    0.25    9.24    0.00    0.00    0.00   75.03
10:48:07 PM    0    4.95    0.00   58.42    0.00    0.99   34.65    0.00    0.00    0.00    0.99
10:48:07 PM    1    5.00    0.00   55.00    0.00    1.00   39.00    0.00    0.00    0.00    0.00
10:48:07 PM    2    0.00    0.00    0.00    0.00    0.00    0.00    0.00    0.00    0.00  100.00
10:48:07 PM    3    0.00    0.00    0.00    0.00    0.00    0.00    0.00    0.00    0.00  100.00
10:48:07 PM    4    0.00    0.00    0.00    0.00    0.00    0.00    0.00    0.00    0.00  100.00
10:48:07 PM    5    0.00    0.00    0.00    0.00    0.00    0.00    0.00    0.00    0.00  100.00
10:48:07 PM    6    0.00    0.00    0.00    0.00    0.00    0.00    0.00    0.00    0.00  100.00
10:48:07 PM    7    0.00    0.00    0.00    0.00    0.00    0.00    0.00    0.00    0.00  100.00

10:48:07 PM  CPU    %usr   %nice    %sys %iowait    %irq   %soft  %steal  %guest  %gnice   %idle
10:48:08 PM  all    1.12    0.00   14.50    0.00    0.25    9.12    0.00    0.00    0.00   75.00
10:48:08 PM    0    4.00    0.00   61.00    0.00    1.00   34.00    0.00    0.00    0.00    0.00
10:48:08 PM    1    5.00    0.00   55.00    0.00    1.00   39.00    0.00    0.00    0.00    0.00
10:48:08 PM    2    0.00    0.00    0.00    0.00    0.00    0.00    0.00    0.00    0.00  100.00
10:48:08 PM    3    0.00    0.00    0.00    0.00    0.00    0.00    0.00    0.00    0.00  100.00
10:48:08 PM    4    0.00    0.00    0.00    0.00    0.00    0.00    0.00    0.00    0.00  100.00
10:48:08 PM    5    0.00    0.00    0.00    0.00    0.00    0.00    0.00    0.00    0.00  100.00
10:48:08 PM    6    0.00    0.00    0.00    0.00    0.00    0.00    0.00    0.00    0.00  100.00
10:48:08 PM    7    0.00    0.00    0.00    0.00    0.00    0.00    0.00    0.00    0.00  100.00

10:48:08 PM  CPU    %usr   %nice    %sys %iowait    %irq   %soft  %steal  %guest  %gnice   %idle
10:48:09 PM  all    1.38    0.00   14.50    0.00    0.00    9.12    0.00    0.00    0.00   75.00
10:48:09 PM    0    6.00    0.00   60.00    0.00    0.00   34.00    0.00    0.00    0.00    0.00
10:48:09 PM    1    5.00    0.00   56.00    0.00    0.00   39.00    0.00    0.00    0.00    0.00
10:48:09 PM    2    0.00    0.00    0.00    0.00    0.00    0.00    0.00    0.00    0.00  100.00
10:48:09 PM    3    0.00    0.00    0.00    0.00    0.00    0.00    0.00    0.00    0.00  100.00
10:48:09 PM    4    0.00    0.00    0.00    0.00    0.00    0.00    0.00    0.00    0.00  100.00
10:48:09 PM    5    0.00    0.00    0.00    0.00    0.00    0.00    0.00    0.00    0.00  100.00
10:48:09 PM    6    0.00    0.00    0.00    0.00    0.00    0.00    0.00    0.00    0.00  100.00
10:48:09 PM    7    0.00    0.00    0.00    0.00    0.00    0.00    0.00    0.00    0.00  100.00

10:48:09 PM  CPU    %usr   %nice    %sys %iowait    %irq   %soft  %steal  %guest  %gnice   %idle
10:48:10 PM  all    1.25    0.00   14.61    0.00    0.25    8.99    0.00    0.00    0.00   74.91
10:48:10 PM    0    4.95    0.00   60.40    0.00    0.99   33.66    0.00    0.00    0.00    0.00
10:48:10 PM    1    5.00    0.00   56.00    0.00    1.00   38.00    0.00    0.00    0.00    0.00
10:48:10 PM    2    0.00    0.00    0.00    0.00    0.00    0.00    0.00    0.00    0.00  100.00
10:48:10 PM    3    0.00    0.00    0.00    0.00    0.00    0.00    0.00    0.00    0.00  100.00
10:48:10 PM    4    0.00    0.00    0.00    0.00    0.00    0.00    0.00    0.00    0.00  100.00
10:48:10 PM    5    0.00    0.00    0.00    0.00    0.00    0.00    0.00    0.00    0.00  100.00
10:48:10 PM    6    0.00    0.00    0.00    0.00    0.00    0.00    0.00    0.00    0.00  100.00
10:48:10 PM    7    0.00    0.00    0.00    0.00    0.00    0.00    0.00    0.00    0.00  100.00

10:48:10 PM  CPU    %usr   %nice    %sys %iowait    %irq   %soft  %steal  %guest  %gnice   %idle
10:48:11 PM  all    1.38    0.00   14.39    0.00    0.00    9.14    0.00    0.00    0.00   75.09
10:48:11 PM    0    5.05    0.00   60.61    0.00    0.00   34.34    0.00    0.00    0.00    0.00
10:48:11 PM    1    6.00    0.00   55.00    0.00    0.00   39.00    0.00    0.00    0.00    0.00
10:48:11 PM    2    0.00    0.00    0.00    0.00    0.00    0.00    0.00    0.00    0.00  100.00
10:48:11 PM    3    0.00    0.00    0.00    0.00    0.00    0.00    0.00    0.00    0.00  100.00
10:48:11 PM    4    0.00    0.00    0.00    0.00    0.00    0.00    0.00    0.00    0.00  100.00
10:48:11 PM    5    0.00    0.00    0.00    0.00    0.00    0.00    0.00    0.00    0.00  100.00
10:48:11 PM    6    0.00    0.00    0.00    0.00    0.00    0.00    0.00    0.00    0.00  100.00
10:48:11 PM    7    0.00    0.00    0.00    0.00    0.00    0.00    0.00    0.00    0.00  100.00

10:48:11 PM  CPU    %usr   %nice    %sys %iowait    %irq   %soft  %steal  %guest  %gnice   %idle
10:48:12 PM  all    1.37    0.00   14.43    0.00    0.25    9.08    0.00    0.00    0.00   74.88
10:48:12 PM    0    4.95    0.00   60.40    0.00    0.99   33.66    0.00    0.00    0.00    0.00
10:48:12 PM    1    5.94    0.00   54.46    0.00    0.99   38.61    0.00    0.00    0.00    0.00
10:48:12 PM    2    0.00    0.00    0.00    0.00    0.00    0.00    0.00    0.00    0.00  100.00
10:48:12 PM    3    0.00    0.00    0.00    0.00    0.00    0.00    0.00    0.00    0.00  100.00
10:48:12 PM    4    0.00    0.00    0.00    0.00    0.00    0.00    0.00    0.00    0.00  100.00
10:48:12 PM    5    0.00    0.00    0.00    0.00    0.00    0.00    0.00    0.00    0.00  100.00
10:48:12 PM    6    0.00    0.00    0.00    0.00    0.00    0.00    0.00    0.00    0.00  100.00
10:48:12 PM    7    0.00    0.00    0.00    0.00    0.00    0.00    0.00    0.00    0.00  100.00

10:48:12 PM  CPU    %usr   %nice    %sys %iowait    %irq   %soft  %steal  %guest  %gnice   %idle
10:48:13 PM  all    1.12    0.00   14.61    0.00    0.37    9.11    0.00    0.00    0.00   74.78
10:48:13 PM    0    5.05    0.00   60.61    0.00    0.00   34.34    0.00    0.00    0.00    0.00
10:48:13 PM    1    4.00    0.00   57.00    0.00    1.00   38.00    0.00    0.00    0.00    0.00
10:48:13 PM    2    0.00    0.00    0.00    0.00    0.00    0.00    0.00    0.00    0.00  100.00
10:48:13 PM    3    0.00    0.00    0.00    0.00    0.00    0.00    0.00    0.00    0.00  100.00
10:48:13 PM    4    0.00    0.00    0.00    0.00    0.99    0.99    0.00    0.00    0.00   98.02
10:48:13 PM    5    0.00    0.00    0.00    0.00    0.00    0.00    0.00    0.00    0.00  100.00
10:48:13 PM    6    0.00    0.00    0.00    0.00    0.99    0.00    0.00    0.00    0.00   99.01
10:48:13 PM    7    0.00    0.00    0.00    0.00    0.00    0.00    0.00    0.00    0.00  100.00

10:48:13 PM  CPU    %usr   %nice    %sys %iowait    %irq   %soft  %steal  %guest  %gnice   %idle
10:48:14 PM  all    1.62    0.00   14.07    0.00    0.12    8.97    0.00    0.00    0.00   75.22
10:48:14 PM    0    6.00    0.00   57.00    0.00    1.00   36.00    0.00    0.00    0.00    0.00
10:48:14 PM    1    7.00    0.00   56.00    0.00    0.00   36.00    0.00    0.00    0.00    1.00
10:48:14 PM    2    0.00    0.00    0.00    0.00    0.00    0.00    0.00    0.00    0.00  100.00
10:48:14 PM    3    0.00    0.00    0.00    0.00    0.00    0.00    0.00    0.00    0.00  100.00
10:48:14 PM    4    0.00    0.00    0.00    0.00    0.00    0.00    0.00    0.00    0.00  100.00
10:48:14 PM    5    0.00    0.00    0.00    0.00    0.00    0.00    0.00    0.00    0.00  100.00
10:48:14 PM    6    0.00    0.00    0.00    0.00    0.00    0.00    0.00    0.00    0.00  100.00
10:48:14 PM    7    0.00    0.00    0.00    0.00    0.00    0.00    0.00    0.00    0.00  100.00

10:48:14 PM  CPU    %usr   %nice    %sys %iowait    %irq   %soft  %steal  %guest  %gnice   %idle
10:48:15 PM  all    1.25    0.00   14.46    0.00    0.25    9.23    0.00    0.00    0.00   74.81
10:48:15 PM    0    4.95    0.00   55.45    0.00    0.99   38.61    0.00    0.00    0.00    0.00
10:48:15 PM    1    5.00    0.00   60.00    0.00    1.00   34.00    0.00    0.00    0.00    0.00
10:48:15 PM    2    0.00    0.00    0.00    0.00    0.00    0.99    0.00    0.00    0.00   99.01
10:48:15 PM    3    0.00    0.00    0.00    0.00    0.00    0.00    0.00    0.00    0.00  100.00
10:48:15 PM    4    0.00    0.00    0.00    0.00    0.00    0.00    0.00    0.00    0.00  100.00
10:48:15 PM    5    0.00    0.00    0.00    0.00    0.00    0.00    0.00    0.00    0.00  100.00
10:48:15 PM    6    0.00    0.00    0.00    0.00    0.00    0.00    0.00    0.00    0.00  100.00
10:48:15 PM    7    0.00    0.00    0.00    0.00    0.00    0.00    0.00    0.00    0.00  100.00

10:48:15 PM  CPU    %usr   %nice    %sys %iowait    %irq   %soft  %steal  %guest  %gnice   %idle
10:48:16 PM  all    1.25    0.00   14.59    0.00    0.12    9.10    0.00    0.00    0.00   74.94
10:48:16 PM    0    5.05    0.00   56.57    0.00    0.00   38.38    0.00    0.00    0.00    0.00
10:48:16 PM    1    4.95    0.00   60.40    0.00    0.99   33.66    0.00    0.00    0.00    0.00
10:48:16 PM    2    0.00    0.00    0.00    0.00    0.00    0.00    0.00    0.00    0.00  100.00
10:48:16 PM    3    0.00    0.00    0.00    0.00    0.00    0.00    0.00    0.00    0.00  100.00
10:48:16 PM    4    0.00    0.00    0.00    0.00    0.00    0.00    0.00    0.00    0.00  100.00
10:48:16 PM    5    0.00    0.00    0.00    0.00    0.00    0.00    0.00    0.00    0.00  100.00
10:48:16 PM    6    0.00    0.00    0.00    0.00    0.00    0.98    0.00    0.00    0.00   99.02
10:48:16 PM    7    0.00    0.00    0.00    0.00    0.00    0.00    0.00    0.00    0.00  100.00

10:48:16 PM  CPU    %usr   %nice    %sys %iowait    %irq   %soft  %steal  %guest  %gnice   %idle
10:48:17 PM  all    1.25    0.00   14.52    0.00    0.13    9.14    0.00    0.00    0.00   74.97
10:48:17 PM    0    4.95    0.00   55.45    0.00    0.99   38.61    0.00    0.00    0.00    0.00
10:48:17 PM    1    5.05    0.00   60.61    0.00    0.00   34.34    0.00    0.00    0.00    0.00
10:48:17 PM    2    0.00    0.00    0.00    0.00    0.00    0.00    0.00    0.00    0.00  100.00
10:48:17 PM    3    0.00    0.00    0.00    0.00    0.00    0.00    0.00    0.00    0.00  100.00
10:48:17 PM    4    0.00    0.00    0.00    0.00    0.00    0.00    0.00    0.00    0.00  100.00
10:48:17 PM    5    0.00    0.00    0.00    0.00    0.00    0.00    0.00    0.00    0.00  100.00
10:48:17 PM    6    0.00    0.00    0.00    0.00    0.00    0.00    0.00    0.00    0.00  100.00
10:48:17 PM    7    0.00    0.00    0.00    0.00    0.00    0.00    0.00    0.00    0.00  100.00

10:48:17 PM  CPU    %usr   %nice    %sys %iowait    %irq   %soft  %steal  %guest  %gnice   %idle
10:48:18 PM  all    1.37    0.00   14.34    0.00    0.25    9.10    0.00    0.00    0.00   74.94
10:48:18 PM    0    5.00    0.00   55.00    0.00    1.00   39.00    0.00    0.00    0.00    0.00
10:48:18 PM    1    5.94    0.00   59.41    0.00    0.99   33.66    0.00    0.00    0.00    0.00
10:48:18 PM    2    0.00    0.00    0.00    0.00    0.00    0.00    0.00    0.00    0.00  100.00
10:48:18 PM    3    0.00    0.00    0.00    0.00    0.00    0.00    0.00    0.00    0.00  100.00
10:48:18 PM    4    0.00    0.00    0.00    0.00    0.00    0.00    0.00    0.00    0.00  100.00
10:48:18 PM    5    0.00    0.00    0.00    0.00    0.00    0.00    0.00    0.00    0.00  100.00
10:48:18 PM    6    0.00    0.00    0.00    0.00    0.00    0.00    0.00    0.00    0.00  100.00
10:48:18 PM    7    0.00    0.00    0.00    0.00    0.00    0.00    0.00    0.00    0.00  100.00

Average:     CPU    %usr   %nice    %sys %iowait    %irq   %soft  %steal  %guest  %gnice   %idle
Average:     all    1.30    0.00   14.43    0.00    0.15    9.04    0.00    0.00    0.00   75.09
Average:       0    5.18    0.00   57.91    0.00    0.58   35.91    0.00    0.00    0.00    0.42
Average:       1    5.20    0.00   57.55    0.00    0.57   36.24    0.00    0.00    0.00    0.45
Average:       2    0.00    0.00    0.00    0.00    0.00    0.05    0.00    0.00    0.00   99.95
Average:       3    0.00    0.00    0.00    0.00    0.00    0.00    0.00    0.00    0.00  100.00
Average:       4    0.00    0.00    0.02    0.00    0.02    0.05    0.00    0.00    0.00   99.92
Average:       5    0.00    0.00    0.00    0.00    0.00    0.00    0.00    0.00    0.00  100.00
Average:       6    0.00    0.00    0.00    0.00    0.02    0.05    0.00    0.00    0.00   99.93
Average:       7    0.00    0.00    0.00    0.00    0.00    0.00    0.00    0.00    0.00  100.00
