Linux 6.12.87 (pi5-2) 	06/19/2026 	_aarch64_	(4 CPU)

09:43:52 PM  CPU    %usr   %nice    %sys %iowait    %irq   %soft  %steal  %guest  %gnice   %idle
09:43:53 PM  all    0.25    0.00    0.25    0.00    0.75    4.27    0.00    0.00    0.00   94.47
09:43:53 PM    0    0.00    0.00    1.01    0.00    3.03   14.14    0.00    0.00    0.00   81.82
09:43:53 PM    1    0.00    0.00    0.00    0.00    0.00    0.00    0.00    0.00    0.00  100.00
09:43:53 PM    2    0.00    0.00    0.00    0.00    0.00    2.02    0.00    0.00    0.00   97.98
09:43:53 PM    3    1.00    0.00    0.00    0.00    0.00    1.00    0.00    0.00    0.00   98.00

09:43:53 PM  CPU    %usr   %nice    %sys %iowait    %irq   %soft  %steal  %guest  %gnice   %idle
09:43:54 PM  all    1.00    0.00    0.75    0.00    1.00    5.76    0.00    0.00    0.00   91.48
09:43:54 PM    0    0.00    0.00    0.00    0.00    4.04   19.19    0.00    0.00    0.00   76.77
09:43:54 PM    1    2.00    0.00    0.00    0.00    0.00    1.00    0.00    0.00    0.00   97.00
09:43:54 PM    2    0.99    0.00    1.98    0.00    0.00    0.99    0.00    0.00    0.00   96.04
09:43:54 PM    3    1.01    0.00    1.01    0.00    0.00    2.02    0.00    0.00    0.00   95.96

09:43:54 PM  CPU    %usr   %nice    %sys %iowait    %irq   %soft  %steal  %guest  %gnice   %idle
09:43:55 PM  all    0.00    0.00    1.25    0.00    1.25    5.99    0.00    0.00    0.00   91.52
09:43:55 PM    0    0.00    0.00    0.00    0.00    4.00   20.00    0.00    0.00    0.00   76.00
09:43:55 PM    1    0.00    0.00    1.00    0.00    0.00    1.00    0.00    0.00    0.00   98.00
09:43:55 PM    2    0.00    0.00    1.01    0.00    0.00    1.01    0.00    0.00    0.00   97.98
09:43:55 PM    3    0.00    0.00    2.94    0.00    0.98    1.96    0.00    0.00    0.00   94.12

09:43:55 PM  CPU    %usr   %nice    %sys %iowait    %irq   %soft  %steal  %guest  %gnice   %idle
09:43:56 PM  all    0.00    0.00    1.01    0.25    1.01    5.78    0.00    0.00    0.00   91.96
09:43:56 PM    0    0.00    0.00    0.00    0.00    4.04   19.19    0.00    0.00    0.00   76.77
09:43:56 PM    1    0.00    0.00    1.00    1.00    0.00    1.00    0.00    0.00    0.00   97.00
09:43:56 PM    2    0.00    0.00    1.00    0.00    0.00    1.00    0.00    0.00    0.00   98.00
09:43:56 PM    3    0.00    0.00    2.02    0.00    0.00    2.02    0.00    0.00    0.00   95.96

09:43:56 PM  CPU    %usr   %nice    %sys %iowait    %irq   %soft  %steal  %guest  %gnice   %idle
09:43:57 PM  all    0.00    0.00    0.50    0.00    1.50    5.76    0.00    0.00    0.00   92.23
09:43:57 PM    0    0.00    0.00    0.00    0.00    4.04   19.19    0.00    0.00    0.00   76.77
09:43:57 PM    1    0.00    0.00    0.99    0.00    0.99    0.99    0.00    0.00    0.00   97.03
09:43:57 PM    2    0.00    0.00    0.99    0.00    0.99    0.99    0.00    0.00    0.00   97.03
09:43:57 PM    3    0.00    0.00    0.00    0.00    0.00    2.04    0.00    0.00    0.00   97.96

09:43:57 PM  CPU    %usr   %nice    %sys %iowait    %irq   %soft  %steal  %guest  %gnice   %idle
09:43:58 PM  all    0.00    0.00    0.76    0.00    1.01    5.56    0.00    0.00    0.00   92.68
09:43:58 PM    0    0.00    0.00    0.00    0.00    4.04   19.19    0.00    0.00    0.00   76.77
09:43:58 PM    1    0.00    0.00    1.00    0.00    0.00    1.00    0.00    0.00    0.00   98.00
09:43:58 PM    2    0.00    0.00    0.00    0.00    0.00    1.01    0.00    0.00    0.00   98.99
09:43:58 PM    3    0.00    0.00    2.04    0.00    0.00    1.02    0.00    0.00    0.00   96.94

09:43:58 PM  CPU    %usr   %nice    %sys %iowait    %irq   %soft  %steal  %guest  %gnice   %idle
09:43:59 PM  all    0.25    0.00    1.50    0.00    1.00    6.02    0.00    0.00    0.00   91.23
09:43:59 PM    0    0.00    0.00    0.00    0.00    4.04   20.20    0.00    0.00    0.00   75.76
09:43:59 PM    1    0.00    0.00    2.97    0.00    0.00    0.99    0.00    0.00    0.00   96.04
09:43:59 PM    2    0.00    0.00    1.02    0.00    0.00    1.02    0.00    0.00    0.00   97.96
09:43:59 PM    3    0.99    0.00    1.98    0.00    0.00    1.98    0.00    0.00    0.00   95.05

09:43:59 PM  CPU    %usr   %nice    %sys %iowait    %irq   %soft  %steal  %guest  %gnice   %idle
09:44:00 PM  all    0.00    0.00    0.51    0.00    0.76    5.82    0.00    0.00    0.00   92.91
09:44:00 PM    0    0.00    0.00    0.00    0.00    3.06   19.39    0.00    0.00    0.00   77.55
09:44:00 PM    1    0.00    0.00    0.00    0.00    0.00    1.01    0.00    0.00    0.00   98.99
09:44:00 PM    2    0.00    0.00    1.02    0.00    0.00    2.04    0.00    0.00    0.00   96.94
09:44:00 PM    3    0.00    0.00    1.00    0.00    0.00    1.00    0.00    0.00    0.00   98.00

09:44:00 PM  CPU    %usr   %nice    %sys %iowait    %irq   %soft  %steal  %guest  %gnice   %idle
09:44:01 PM  all    0.25    0.00    0.51    0.00    1.01    5.81    0.00    0.00    0.00   92.42
09:44:01 PM    0    0.00    0.00    0.00    0.00    4.08   19.39    0.00    0.00    0.00   76.53
09:44:01 PM    1    0.00    0.00    1.01    0.00    0.00    1.01    0.00    0.00    0.00   97.98
09:44:01 PM    2    1.00    0.00    1.00    0.00    0.00    2.00    0.00    0.00    0.00   96.00
09:44:01 PM    3    0.00    0.00    0.00    0.00    0.00    1.01    0.00    0.00    0.00   98.99

09:44:01 PM  CPU    %usr   %nice    %sys %iowait    %irq   %soft  %steal  %guest  %gnice   %idle
09:44:02 PM  all    0.00    0.00    1.01    0.00    1.01    6.05    0.00    0.00    0.00   91.94
09:44:02 PM    0    0.00    0.00    1.00    0.00    4.00   20.00    0.00    0.00    0.00   75.00
09:44:02 PM    1    0.00    0.00    1.00    0.00    0.00    1.00    0.00    0.00    0.00   98.00
09:44:02 PM    2    0.00    0.00    1.02    0.00    0.00    2.04    0.00    0.00    0.00   96.94
09:44:02 PM    3    0.00    0.00    1.01    0.00    0.00    1.01    0.00    0.00    0.00   97.98

09:44:02 PM  CPU    %usr   %nice    %sys %iowait    %irq   %soft  %steal  %guest  %gnice   %idle
09:44:03 PM  all    0.00    0.00    0.75    0.00    1.25    5.76    0.00    0.00    0.00   92.23
09:44:03 PM    0    0.00    0.00    0.00    0.00    4.08   20.41    0.00    0.00    0.00   75.51
09:44:03 PM    1    0.00    0.00    1.00    0.00    0.00    1.00    0.00    0.00    0.00   98.00
09:44:03 PM    2    0.00    0.00    1.00    0.00    0.00    1.00    0.00    0.00    0.00   98.00
09:44:03 PM    3    0.00    0.00    0.99    0.00    0.99    0.99    0.00    0.00    0.00   97.03

09:44:03 PM  CPU    %usr   %nice    %sys %iowait    %irq   %soft  %steal  %guest  %gnice   %idle
09:44:04 PM  all    0.25    0.00    1.00    0.00    1.00    6.02    0.00    0.00    0.00   91.73
09:44:04 PM    0    0.00    0.00    1.01    0.00    4.04   21.21    0.00    0.00    0.00   73.74
09:44:04 PM    1    0.00    0.00    1.01    0.00    0.00    1.01    0.00    0.00    0.00   97.98
09:44:04 PM    2    0.00    0.00    1.98    0.00    0.00    0.99    0.00    0.00    0.00   97.03
09:44:04 PM    3    1.00    0.00    0.00    0.00    0.00    1.00    0.00    0.00    0.00   98.00

09:44:04 PM  CPU    %usr   %nice    %sys %iowait    %irq   %soft  %steal  %guest  %gnice   %idle
09:44:05 PM  all    0.00    0.00    0.76    0.00    1.01    5.79    0.00    0.00    0.00   92.44
09:44:05 PM    0    0.00    0.00    1.01    0.00    4.04   20.20    0.00    0.00    0.00   74.75
09:44:05 PM    1    0.00    0.00    1.00    0.00    0.00    1.00    0.00    0.00    0.00   98.00
09:44:05 PM    2    0.00    0.00    0.00    0.00    0.00    1.02    0.00    0.00    0.00   98.98
09:44:05 PM    3    0.00    0.00    1.00    0.00    0.00    1.00    0.00    0.00    0.00   98.00

09:44:05 PM  CPU    %usr   %nice    %sys %iowait    %irq   %soft  %steal  %guest  %gnice   %idle
09:44:06 PM  all    0.00    0.00    0.75    0.00    1.50    6.02    0.00    0.00    0.00   91.73
09:44:06 PM    0    0.00    0.00    0.00    0.00    4.08   21.43    0.00    0.00    0.00   74.49
09:44:06 PM    1    0.00    0.00    0.99    0.00    0.99    0.99    0.00    0.00    0.00   97.03
09:44:06 PM    2    0.00    0.00    0.99    0.00    0.99    0.99    0.00    0.00    0.00   97.03
09:44:06 PM    3    0.00    0.00    1.01    0.00    0.00    1.01    0.00    0.00    0.00   97.98

09:44:06 PM  CPU    %usr   %nice    %sys %iowait    %irq   %soft  %steal  %guest  %gnice   %idle
09:44:07 PM  all    0.00    0.00    0.25    0.00    1.01    5.81    0.00    0.00    0.00   92.93
09:44:07 PM    0    0.00    0.00    0.00    0.00    4.08   20.41    0.00    0.00    0.00   75.51
09:44:07 PM    1    0.00    0.00    0.00    0.00    0.00    1.01    0.00    0.00    0.00   98.99
09:44:07 PM    2    0.00    0.00    1.00    0.00    0.00    1.00    0.00    0.00    0.00   98.00
09:44:07 PM    3    0.00    0.00    0.00    0.00    0.00    1.01    0.00    0.00    0.00   98.99

09:44:07 PM  CPU    %usr   %nice    %sys %iowait    %irq   %soft  %steal  %guest  %gnice   %idle
09:44:08 PM  all    0.00    0.00    1.00    0.00    1.00    6.02    0.00    0.00    0.00   91.98
09:44:08 PM    0    0.00    0.00    1.00    0.00    4.00   21.00    0.00    0.00    0.00   74.00
09:44:08 PM    1    0.00    0.00    1.00    0.00    0.00    1.00    0.00    0.00    0.00   98.00
09:44:08 PM    2    0.00    0.00    1.01    0.00    0.00    1.01    0.00    0.00    0.00   97.98
09:44:08 PM    3    0.00    0.00    1.00    0.00    0.00    1.00    0.00    0.00    0.00   98.00

09:44:08 PM  CPU    %usr   %nice    %sys %iowait    %irq   %soft  %steal  %guest  %gnice   %idle
09:44:09 PM  all    0.00    0.00    0.76    0.00    1.01    5.81    0.00    0.00    0.00   92.42
09:44:09 PM    0    0.00    0.00    0.00    0.00    4.12   20.62    0.00    0.00    0.00   75.26
09:44:09 PM    1    0.00    0.00    0.00    0.00    0.00    1.02    0.00    0.00    0.00   98.98
09:44:09 PM    2    0.00    0.00    1.00    0.00    0.00    1.00    0.00    0.00    0.00   98.00
09:44:09 PM    3    0.00    0.00    1.98    0.00    0.00    0.99    0.00    0.00    0.00   97.03

09:44:09 PM  CPU    %usr   %nice    %sys %iowait    %irq   %soft  %steal  %guest  %gnice   %idle
09:44:10 PM  all    0.25    0.00    1.26    0.00    1.01    5.53    0.00    0.00    0.00   91.96
09:44:10 PM    0    0.00    0.00    1.01    0.00    4.04   19.19    0.00    0.00    0.00   75.76
09:44:10 PM    1    0.00    0.00    0.99    0.00    0.00    0.00    0.00    0.00    0.00   99.01
09:44:10 PM    2    1.00    0.00    1.00    0.00    0.00    1.00    0.00    0.00    0.00   97.00
09:44:10 PM    3    0.00    0.00    2.04    0.00    0.00    2.04    0.00    0.00    0.00   95.92

09:44:10 PM  CPU    %usr   %nice    %sys %iowait    %irq   %soft  %steal  %guest  %gnice   %idle
09:44:11 PM  all    0.00    0.00    1.00    0.00    1.25    5.76    0.00    0.00    0.00   91.98
09:44:11 PM    0    0.00    0.00    0.00    0.00    4.04   19.19    0.00    0.00    0.00   76.77
09:44:11 PM    1    0.00    0.00    0.00    0.00    0.00    0.00    0.00    0.00    0.00  100.00
09:44:11 PM    2    0.00    0.00    1.00    0.00    0.00    1.00    0.00    0.00    0.00   98.00
09:44:11 PM    3    0.00    0.00    3.00    0.00    1.00    3.00    0.00    0.00    0.00   93.00

09:44:11 PM  CPU    %usr   %nice    %sys %iowait    %irq   %soft  %steal  %guest  %gnice   %idle
09:44:12 PM  all    0.00    0.00    1.25    0.00    1.00    6.00    0.00    0.00    0.00   91.75
09:44:12 PM    0    0.00    0.00    0.00    0.00    4.00   20.00    0.00    0.00    0.00   76.00
09:44:12 PM    1    0.00    0.00    0.00    0.00    0.00    0.00    0.00    0.00    0.00  100.00
09:44:12 PM    2    0.00    0.00    1.00    0.00    0.00    1.00    0.00    0.00    0.00   98.00
09:44:12 PM    3    0.00    0.00    3.96    0.00    0.00    2.97    0.00    0.00    0.00   93.07

09:44:12 PM  CPU    %usr   %nice    %sys %iowait    %irq   %soft  %steal  %guest  %gnice   %idle
09:44:13 PM  all    0.00    0.00    0.76    0.00    1.01    5.79    0.00    0.00    0.00   92.44
09:44:13 PM    0    0.00    0.00    0.00    0.00    4.04   19.19    0.00    0.00    0.00   76.77
09:44:13 PM    1    0.00    0.00    1.00    0.00    0.00    1.00    0.00    0.00    0.00   98.00
09:44:13 PM    2    0.00    0.00    0.00    0.00    0.00    0.00    0.00    0.00    0.00  100.00
09:44:13 PM    3    0.00    0.00    2.04    0.00    0.00    3.06    0.00    0.00    0.00   94.90

09:44:13 PM  CPU    %usr   %nice    %sys %iowait    %irq   %soft  %steal  %guest  %gnice   %idle
09:44:14 PM  all    0.00    0.00    1.01    0.00    0.76    5.56    0.00    0.00    0.00   92.68
09:44:14 PM    0    0.00    0.00    0.00    0.00    3.06   19.39    0.00    0.00    0.00   77.55
09:44:14 PM    1    0.00    0.00    0.00    0.00    0.00    1.01    0.00    0.00    0.00   98.99
09:44:14 PM    2    0.00    0.00    0.00    0.00    0.00    0.00    0.00    0.00    0.00  100.00
09:44:14 PM    3    0.00    0.00    4.00    0.00    0.00    2.00    0.00    0.00    0.00   94.00

09:44:14 PM  CPU    %usr   %nice    %sys %iowait    %irq   %soft  %steal  %guest  %gnice   %idle
09:44:15 PM  all    0.00    0.00    0.50    0.00    1.01    5.79    0.00    0.00    0.00   92.70
09:44:15 PM    0    0.00    0.00    0.00    0.00    4.04   19.19    0.00    0.00    0.00   76.77
09:44:15 PM    1    0.00    0.00    0.00    0.00    0.00    1.01    0.00    0.00    0.00   98.99
09:44:15 PM    2    0.00    0.00    0.00    0.00    0.00    0.00    0.00    0.00    0.00  100.00
09:44:15 PM    3    0.00    0.00    2.02    0.00    0.00    3.03    0.00    0.00    0.00   94.95

09:44:15 PM  CPU    %usr   %nice    %sys %iowait    %irq   %soft  %steal  %guest  %gnice   %idle
09:44:16 PM  all    0.00    0.00    1.01    0.00    1.01    5.78    0.00    0.00    0.00   92.21
09:44:16 PM    0    0.00    0.00    1.00    0.00    4.00   19.00    0.00    0.00    0.00   76.00
09:44:16 PM    1    0.00    0.00    0.00    0.00    0.00    1.02    0.00    0.00    0.00   98.98
09:44:16 PM    2    0.00    0.00    0.00    0.00    0.00    0.00    0.00    0.00    0.00  100.00
09:44:16 PM    3    0.00    0.00    3.00    0.00    0.00    3.00    0.00    0.00    0.00   94.00

09:44:16 PM  CPU    %usr   %nice    %sys %iowait    %irq   %soft  %steal  %guest  %gnice   %idle
09:44:17 PM  all    0.00    0.00    1.00    0.00    1.25    5.76    0.00    0.00    0.00   91.98
09:44:17 PM    0    0.00    0.00    0.00    0.00    4.00   20.00    0.00    0.00    0.00   76.00
09:44:17 PM    1    0.00    0.00    1.00    0.00    0.00    1.00    0.00    0.00    0.00   98.00
09:44:17 PM    2    0.00    0.00    0.00    0.00    0.00    0.00    0.00    0.00    0.00  100.00
09:44:17 PM    3    0.00    0.00    3.03    0.00    1.01    2.02    0.00    0.00    0.00   93.94

09:44:17 PM  CPU    %usr   %nice    %sys %iowait    %irq   %soft  %steal  %guest  %gnice   %idle
09:44:18 PM  all    0.00    0.00    0.75    0.00    1.25    5.76    0.00    0.00    0.00   92.23
09:44:18 PM    0    0.00    0.00    0.00    0.00    4.04   19.19    0.00    0.00    0.00   76.77
09:44:18 PM    1    0.00    0.00    0.99    0.00    0.99    0.99    0.00    0.00    0.00   97.03
09:44:18 PM    2    0.00    0.00    0.00    0.00    0.00    0.00    0.00    0.00    0.00  100.00
09:44:18 PM    3    0.00    0.00    2.02    0.00    0.00    3.03    0.00    0.00    0.00   94.95

09:44:18 PM  CPU    %usr   %nice    %sys %iowait    %irq   %soft  %steal  %guest  %gnice   %idle
09:44:19 PM  all    0.00    0.00    1.01    0.00    1.01    5.78    0.00    0.00    0.00   92.21
09:44:19 PM    0    0.00    0.00    0.00    0.00    4.04   19.19    0.00    0.00    0.00   76.77
09:44:19 PM    1    0.00    0.00    1.00    0.00    0.00    1.00    0.00    0.00    0.00   98.00
09:44:19 PM    2    0.00    0.00    0.00    0.00    0.00    0.00    0.00    0.00    0.00  100.00
09:44:19 PM    3    0.00    0.00    3.03    0.00    0.00    3.03    0.00    0.00    0.00   93.94

09:44:19 PM  CPU    %usr   %nice    %sys %iowait    %irq   %soft  %steal  %guest  %gnice   %idle
09:44:20 PM  all    0.00    0.00    0.76    0.00    1.01    5.54    0.00    0.00    0.00   92.70
09:44:20 PM    0    0.00    0.00    0.00    0.00    4.04   19.19    0.00    0.00    0.00   76.77
09:44:20 PM    1    0.00    0.00    0.00    0.00    0.00    0.00    0.00    0.00    0.00  100.00
09:44:20 PM    2    0.00    0.00    0.00    0.00    0.00    0.00    0.00    0.00    0.00  100.00
09:44:20 PM    3    0.00    0.00    3.06    0.00    0.00    3.06    0.00    0.00    0.00   93.88

09:44:20 PM  CPU    %usr   %nice    %sys %iowait    %irq   %soft  %steal  %guest  %gnice   %idle
09:44:21 PM  all    0.00    0.00    1.00    0.25    1.00    5.76    0.00    0.00    0.00   91.98
09:44:21 PM    0    0.00    0.00    0.00    1.01    4.04   19.19    0.00    0.00    0.00   75.76
09:44:21 PM    1    0.00    0.00    0.00    0.00    0.00    0.00    0.00    0.00    0.00  100.00
09:44:21 PM    2    0.00    0.00    0.00    0.00    0.00    0.00    0.00    0.00    0.00  100.00
09:44:21 PM    3    0.00    0.00    4.00    0.00    0.00    4.00    0.00    0.00    0.00   92.00

09:44:21 PM  CPU    %usr   %nice    %sys %iowait    %irq   %soft  %steal  %guest  %gnice   %idle
09:44:22 PM  all    0.25    0.00    0.00    0.00    1.26    5.81    0.00    0.00    0.00   92.68
09:44:22 PM    0    0.00    0.00    0.00    0.00    4.00   20.00    0.00    0.00    0.00   76.00
09:44:22 PM    1    0.00    0.00    0.00    0.00    0.00    0.00    0.00    0.00    0.00  100.00
09:44:22 PM    2    0.99    0.00    0.00    0.00    0.00    0.00    0.00    0.00    0.00   99.01
09:44:22 PM    3    0.00    0.00    0.00    0.00    1.05    3.16    0.00    0.00    0.00   95.79

09:44:22 PM  CPU    %usr   %nice    %sys %iowait    %irq   %soft  %steal  %guest  %gnice   %idle
09:44:23 PM  all    0.00    0.00    0.76    0.00    0.76    5.79    0.00    0.00    0.00   92.70
09:44:23 PM    0    0.00    0.00    0.00    0.00    3.06   19.39    0.00    0.00    0.00   77.55
09:44:23 PM    1    0.00    0.00    0.00    0.00    0.00    0.00    0.00    0.00    0.00  100.00
09:44:23 PM    2    0.00    0.00    0.00    0.00    0.00    0.00    0.00    0.00    0.00  100.00
09:44:23 PM    3    0.00    0.00    3.03    0.00    0.00    4.04    0.00    0.00    0.00   92.93

09:44:23 PM  CPU    %usr   %nice    %sys %iowait    %irq   %soft  %steal  %guest  %gnice   %idle
09:44:24 PM  all    0.00    0.00    0.76    0.00    1.01    5.54    0.00    0.00    0.00   92.70
09:44:24 PM    0    0.00    0.00    0.00    0.00    4.04   19.19    0.00    0.00    0.00   76.77
09:44:24 PM    1    0.00    0.00    0.00    0.00    0.00    0.00    0.00    0.00    0.00  100.00
09:44:24 PM    2    0.00    0.00    0.00    0.00    0.00    0.00    0.00    0.00    0.00  100.00
09:44:24 PM    3    0.00    0.00    3.06    0.00    0.00    3.06    0.00    0.00    0.00   93.88

09:44:24 PM  CPU    %usr   %nice    %sys %iowait    %irq   %soft  %steal  %guest  %gnice   %idle
09:44:25 PM  all    0.00    0.00    1.01    0.00    1.01    5.78    0.00    0.00    0.00   92.21
09:44:25 PM    0    0.00    0.00    0.00    0.00    4.04   19.19    0.00    0.00    0.00   76.77
09:44:25 PM    1    0.00    0.00    0.00    0.00    0.00    0.00    0.00    0.00    0.00  100.00
09:44:25 PM    2    0.00    0.00    0.00    0.00    0.00    0.00    0.00    0.00    0.00  100.00
09:44:25 PM    3    0.00    0.00    4.04    0.00    0.00    4.04    0.00    0.00    0.00   91.92

09:44:25 PM  CPU    %usr   %nice    %sys %iowait    %irq   %soft  %steal  %guest  %gnice   %idle
09:44:26 PM  all    0.00    0.00    1.01    0.00    1.01    5.57    0.00    0.00    0.00   92.41
09:44:26 PM    0    0.00    0.00    0.00    0.00    4.08   19.39    0.00    0.00    0.00   76.53
09:44:26 PM    1    0.00    0.00    0.00    0.00    0.00    0.00    0.00    0.00    0.00  100.00
09:44:26 PM    2    0.00    0.00    1.01    0.00    0.00    0.00    0.00    0.00    0.00   98.99
09:44:26 PM    3    0.00    0.00    3.03    0.00    0.00    3.03    0.00    0.00    0.00   93.94

09:44:26 PM  CPU    %usr   %nice    %sys %iowait    %irq   %soft  %steal  %guest  %gnice   %idle
09:44:27 PM  all    0.00    0.00    0.76    0.00    1.26    5.54    0.00    0.00    0.00   92.44
09:44:27 PM    0    0.00    0.00    0.00    0.00    4.04   19.19    0.00    0.00    0.00   76.77
09:44:27 PM    1    0.00    0.00    0.00    0.00    0.00    0.00    0.00    0.00    0.00  100.00
09:44:27 PM    2    0.00    0.00    0.00    0.00    0.00    0.00    0.00    0.00    0.00  100.00
09:44:27 PM    3    0.00    0.00    3.06    0.00    1.02    3.06    0.00    0.00    0.00   92.86

09:44:27 PM  CPU    %usr   %nice    %sys %iowait    %irq   %soft  %steal  %guest  %gnice   %idle
09:44:28 PM  all    0.00    0.00    0.50    0.00    1.01    6.03    0.00    0.00    0.00   92.46
09:44:28 PM    0    0.00    0.00    0.00    0.00    4.00   20.00    0.00    0.00    0.00   76.00
09:44:28 PM    1    0.00    0.00    0.00    0.00    0.00    0.00    0.00    0.00    0.00  100.00
09:44:28 PM    2    0.00    0.00    0.00    0.00    0.00    0.00    0.00    0.00    0.00  100.00
09:44:28 PM    3    0.00    0.00    2.04    0.00    0.00    4.08    0.00    0.00    0.00   93.88

09:44:28 PM  CPU    %usr   %nice    %sys %iowait    %irq   %soft  %steal  %guest  %gnice   %idle
09:44:29 PM  all    0.76    0.00    0.51    0.00    1.01    5.57    0.00    0.00    0.00   92.15
09:44:29 PM    0    1.01    0.00    0.00    0.00    4.04   19.19    0.00    0.00    0.00   75.76
09:44:29 PM    1    0.99    0.00    0.99    0.00    0.00    0.00    0.00    0.00    0.00   98.02
09:44:29 PM    2    0.00    0.00    0.00    0.00    0.00    0.00    0.00    0.00    0.00  100.00
09:44:29 PM    3    1.04    0.00    1.04    0.00    0.00    3.12    0.00    0.00    0.00   94.79

09:44:29 PM  CPU    %usr   %nice    %sys %iowait    %irq   %soft  %steal  %guest  %gnice   %idle
09:44:30 PM  all    0.00    0.00    0.75    0.00    1.01    5.78    0.00    0.00    0.00   92.46
09:44:30 PM    0    0.00    0.00    0.00    0.00    4.04   19.19    0.00    0.00    0.00   76.77
09:44:30 PM    1    0.00    0.00    0.00    0.00    0.00    0.00    0.00    0.00    0.00  100.00
09:44:30 PM    2    0.00    0.00    0.00    0.00    0.00    0.00    0.00    0.00    0.00  100.00
09:44:30 PM    3    0.00    0.00    3.03    0.00    0.00    4.04    0.00    0.00    0.00   92.93

09:44:30 PM  CPU    %usr   %nice    %sys %iowait    %irq   %soft  %steal  %guest  %gnice   %idle
09:44:31 PM  all    0.00    0.00    0.51    0.00    1.01    5.56    0.00    0.00    0.00   92.93
09:44:31 PM    0    0.00    0.00    0.00    0.00    3.06   19.39    0.00    0.00    0.00   77.55
09:44:31 PM    1    0.00    0.00    0.00    0.00    0.00    0.00    0.00    0.00    0.00  100.00
09:44:31 PM    2    0.00    0.00    0.00    0.00    0.00    0.00    0.00    0.00    0.00  100.00
09:44:31 PM    3    0.00    0.00    2.04    0.00    1.02    3.06    0.00    0.00    0.00   93.88

09:44:31 PM  CPU    %usr   %nice    %sys %iowait    %irq   %soft  %steal  %guest  %gnice   %idle
09:44:32 PM  all    0.00    0.00    1.25    0.00    1.00    5.76    0.00    0.00    0.00   91.98
09:44:32 PM    0    0.00    0.00    0.00    0.00    4.04   19.19    0.00    0.00    0.00   76.77
09:44:32 PM    1    0.00    0.00    0.00    0.00    0.00    0.00    0.00    0.00    0.00  100.00
09:44:32 PM    2    0.00    0.00    0.00    0.00    0.00    0.00    0.00    0.00    0.00  100.00
09:44:32 PM    3    0.00    0.00    5.00    0.00    0.00    4.00    0.00    0.00    0.00   91.00

09:44:32 PM  CPU    %usr   %nice    %sys %iowait    %irq   %soft  %steal  %guest  %gnice   %idle
09:44:33 PM  all    0.50    0.00    1.25    0.00    1.00    5.76    0.00    0.00    0.00   91.48
09:44:33 PM    0    0.00    0.00    0.99    0.00    3.96   19.80    0.00    0.00    0.00   75.25
09:44:33 PM    1    0.00    0.00    0.00    0.00    0.00    0.00    0.00    0.00    0.00  100.00
09:44:33 PM    2    1.00    0.00    0.00    0.00    0.00    0.00    0.00    0.00    0.00   99.00
09:44:33 PM    3    1.01    0.00    4.04    0.00    0.00    3.03    0.00    0.00    0.00   91.92

09:44:33 PM  CPU    %usr   %nice    %sys %iowait    %irq   %soft  %steal  %guest  %gnice   %idle
09:44:34 PM  all    0.00    0.00    0.75    0.00    1.01    5.78    0.00    0.00    0.00   92.46
09:44:34 PM    0    0.00    0.00    0.00    0.00    4.04   19.19    0.00    0.00    0.00   76.77
09:44:34 PM    1    0.00    0.00    0.00    0.00    0.00    0.00    0.00    0.00    0.00  100.00
09:44:34 PM    2    0.00    0.00    0.00    0.00    0.00    0.00    0.00    0.00    0.00  100.00
09:44:34 PM    3    0.00    0.00    3.03    0.00    0.00    4.04    0.00    0.00    0.00   92.93

09:44:34 PM  CPU    %usr   %nice    %sys %iowait    %irq   %soft  %steal  %guest  %gnice   %idle
09:44:35 PM  all    0.00    0.00    0.51    0.00    1.01    5.57    0.00    0.00    0.00   92.91
09:44:35 PM    0    0.00    0.00    0.00    0.00    4.08   19.39    0.00    0.00    0.00   76.53
09:44:35 PM    1    0.00    0.00    0.00    0.00    0.00    0.00    0.00    0.00    0.00  100.00
09:44:35 PM    2    0.00    0.00    0.00    0.00    0.00    0.00    0.00    0.00    0.00  100.00
09:44:35 PM    3    0.00    0.00    2.06    0.00    0.00    3.09    0.00    0.00    0.00   94.85

09:44:35 PM  CPU    %usr   %nice    %sys %iowait    %irq   %soft  %steal  %guest  %gnice   %idle
09:44:36 PM  all    0.00    0.00    1.00    0.00    1.49    5.97    0.00    0.00    0.00   91.54
09:44:36 PM    0    0.00    0.00    0.00    0.00    4.00   20.00    0.00    0.00    0.00   76.00
09:44:36 PM    1    0.00    0.00    0.00    0.00    0.00    0.00    0.00    0.00    0.00  100.00
09:44:36 PM    2    0.00    0.00    0.99    0.00    0.99    0.99    0.00    0.00    0.00   97.03
09:44:36 PM    3    0.00    0.00    2.97    0.00    0.99    2.97    0.00    0.00    0.00   93.07

09:44:36 PM  CPU    %usr   %nice    %sys %iowait    %irq   %soft  %steal  %guest  %gnice   %idle
09:44:37 PM  all    0.00    0.00    1.01    0.00    1.01    5.54    0.00    0.00    0.00   92.44
09:44:37 PM    0    0.00    0.00    0.00    0.00    4.04   19.19    0.00    0.00    0.00   76.77
09:44:37 PM    1    0.00    0.00    0.00    0.00    0.00    0.00    0.00    0.00    0.00  100.00
09:44:37 PM    2    0.00    0.00    1.00    0.00    0.00    1.00    0.00    0.00    0.00   98.00
09:44:37 PM    3    0.00    0.00    3.06    0.00    0.00    2.04    0.00    0.00    0.00   94.90

09:44:37 PM  CPU    %usr   %nice    %sys %iowait    %irq   %soft  %steal  %guest  %gnice   %idle
09:44:38 PM  all    0.00    0.00    0.76    0.00    0.76    5.81    0.00    0.00    0.00   92.68
09:44:38 PM    0    0.00    0.00    0.00    0.00    3.06   19.39    0.00    0.00    0.00   77.55
09:44:38 PM    1    0.00    0.00    0.00    0.00    0.00    0.00    0.00    0.00    0.00  100.00
09:44:38 PM    2    0.00    0.00    0.00    0.00    0.00    1.02    0.00    0.00    0.00   98.98
09:44:38 PM    3    0.00    0.00    3.00    0.00    0.00    3.00    0.00    0.00    0.00   94.00

09:44:38 PM  CPU    %usr   %nice    %sys %iowait    %irq   %soft  %steal  %guest  %gnice   %idle
09:44:39 PM  all    0.00    0.00    0.75    0.00    1.00    6.27    0.00    0.00    0.00   91.98
09:44:39 PM    0    0.00    0.00    0.00    0.00    4.00   20.00    0.00    0.00    0.00   76.00
09:44:39 PM    1    0.00    0.00    0.00    0.00    0.00    0.00    0.00    0.00    0.00  100.00
09:44:39 PM    2    0.00    0.00    0.99    0.00    0.00    1.98    0.00    0.00    0.00   97.03
09:44:39 PM    3    0.00    0.00    2.04    0.00    0.00    3.06    0.00    0.00    0.00   94.90

09:44:39 PM  CPU    %usr   %nice    %sys %iowait    %irq   %soft  %steal  %guest  %gnice   %idle
09:44:40 PM  all    0.00    0.00    1.00    0.00    1.00    5.76    0.00    0.00    0.00   92.23
09:44:40 PM    0    0.00    0.00    0.00    0.00    4.04   19.19    0.00    0.00    0.00   76.77
09:44:40 PM    1    0.00    0.00    0.00    0.00    0.00    0.00    0.00    0.00    0.00  100.00
09:44:40 PM    2    0.00    0.00    1.00    0.00    0.00    1.00    0.00    0.00    0.00   98.00
09:44:40 PM    3    0.00    0.00    3.00    0.00    0.00    3.00    0.00    0.00    0.00   94.00

09:44:40 PM  CPU    %usr   %nice    %sys %iowait    %irq   %soft  %steal  %guest  %gnice   %idle
09:44:41 PM  all    0.00    0.00    1.01    0.00    1.26    5.78    0.00    0.00    0.00   91.96
09:44:41 PM    0    0.00    0.00    0.00    0.00    4.04   19.19    0.00    0.00    0.00   76.77
09:44:41 PM    1    0.00    0.00    0.00    0.00    0.00    0.00    0.00    0.00    0.00  100.00
09:44:41 PM    2    0.00    0.00    1.01    0.00    0.00    1.01    0.00    0.00    0.00   97.98
09:44:41 PM    3    0.00    0.00    3.00    0.00    1.00    3.00    0.00    0.00    0.00   93.00

09:44:41 PM  CPU    %usr   %nice    %sys %iowait    %irq   %soft  %steal  %guest  %gnice   %idle
09:44:42 PM  all    0.00    0.00    1.00    0.00    1.00    5.76    0.00    0.00    0.00   92.23
09:44:42 PM    0    0.00    0.00    0.00    0.00    4.04   19.19    0.00    0.00    0.00   76.77
09:44:42 PM    1    0.00    0.00    0.00    0.00    0.00    0.00    0.00    0.00    0.00  100.00
09:44:42 PM    2    0.00    0.00    1.00    0.00    0.00    1.00    0.00    0.00    0.00   98.00
09:44:42 PM    3    0.00    0.00    3.00    0.00    0.00    3.00    0.00    0.00    0.00   94.00

09:44:42 PM  CPU    %usr   %nice    %sys %iowait    %irq   %soft  %steal  %guest  %gnice   %idle
09:44:43 PM  all    0.51    0.00    0.76    0.00    1.01    5.57    0.00    0.00    0.00   92.15
09:44:43 PM    0    1.01    0.00    0.00    0.00    4.04   20.20    0.00    0.00    0.00   74.75
09:44:43 PM    1    0.99    0.00    0.00    0.00    0.00    0.00    0.00    0.00    0.00   99.01
09:44:43 PM    2    0.00    0.00    0.00    0.00    0.00    0.00    0.00    0.00    0.00  100.00
09:44:43 PM    3    0.00    0.00    3.06    0.00    0.00    2.04    0.00    0.00    0.00   94.90

09:44:43 PM  CPU    %usr   %nice    %sys %iowait    %irq   %soft  %steal  %guest  %gnice   %idle
09:44:44 PM  all    0.00    0.00    0.25    0.00    1.01    6.06    0.00    0.00    0.00   92.68
09:44:44 PM    0    0.00    0.00    0.00    0.00    4.04   19.19    0.00    0.00    0.00   76.77
09:44:44 PM    1    0.00    0.00    0.00    0.00    0.00    0.00    0.00    0.00    0.00  100.00
09:44:44 PM    2    0.00    0.00    0.00    0.00    0.00    2.02    0.00    0.00    0.00   97.98
09:44:44 PM    3    0.00    0.00    1.01    0.00    0.00    3.03    0.00    0.00    0.00   95.96

09:44:44 PM  CPU    %usr   %nice    %sys %iowait    %irq   %soft  %steal  %guest  %gnice   %idle
09:44:45 PM  all    0.00    0.00    1.00    0.00    1.25    5.75    0.00    0.00    0.00   92.00
09:44:45 PM    0    0.00    0.00    0.00    0.00    4.04   19.19    0.00    0.00    0.00   76.77
09:44:45 PM    1    0.00    0.00    0.00    0.00    0.00    0.00    0.00    0.00    0.00  100.00
09:44:45 PM    2    0.00    0.00    1.98    0.00    0.99    1.98    0.00    0.00    0.00   95.05
09:44:45 PM    3    0.00    0.00    2.00    0.00    0.00    2.00    0.00    0.00    0.00   96.00

09:44:45 PM  CPU    %usr   %nice    %sys %iowait    %irq   %soft  %steal  %guest  %gnice   %idle
09:44:46 PM  all    0.00    0.00    0.76    0.00    0.76    5.58    0.00    0.00    0.00   92.89
09:44:46 PM    0    0.00    0.00    0.00    0.00    3.06   19.39    0.00    0.00    0.00   77.55
09:44:46 PM    1    0.00    0.00    0.00    0.00    0.00    0.00    0.00    0.00    0.00  100.00
09:44:46 PM    2    0.00    0.00    2.02    0.00    0.00    2.02    0.00    0.00    0.00   95.96
09:44:46 PM    3    0.00    0.00    1.03    0.00    0.00    1.03    0.00    0.00    0.00   97.94

09:44:46 PM  CPU    %usr   %nice    %sys %iowait    %irq   %soft  %steal  %guest  %gnice   %idle
09:44:47 PM  all    0.00    0.00    1.00    0.00    1.25    5.75    0.00    0.00    0.00   92.00
09:44:47 PM    0    0.00    0.00    0.00    0.00    4.04   19.19    0.00    0.00    0.00   76.77
09:44:47 PM    1    0.00    0.00    0.00    0.00    0.00    0.00    0.00    0.00    0.00  100.00
09:44:47 PM    2    0.00    0.00    2.00    0.00    0.00    2.00    0.00    0.00    0.00   96.00
09:44:47 PM    3    0.00    0.00    1.98    0.00    0.99    1.98    0.00    0.00    0.00   95.05

09:44:47 PM  CPU    %usr   %nice    %sys %iowait    %irq   %soft  %steal  %guest  %gnice   %idle
09:44:48 PM  all    0.25    0.00    0.50    0.00    1.01    6.05    0.00    0.00    0.00   92.19
09:44:48 PM    0    0.00    0.00    0.00    0.00    4.00   20.00    0.00    0.00    0.00   76.00
09:44:48 PM    1    0.00    0.00    0.00    0.00    0.00    0.00    0.00    0.00    0.00  100.00
09:44:48 PM    2    1.01    0.00    1.01    0.00    0.00    2.02    0.00    0.00    0.00   95.96
09:44:48 PM    3    0.00    0.00    1.02    0.00    0.00    2.04    0.00    0.00    0.00   96.94

09:44:48 PM  CPU    %usr   %nice    %sys %iowait    %irq   %soft  %steal  %guest  %gnice   %idle
09:44:49 PM  all    0.00    0.00    0.75    0.00    1.01    5.78    0.00    0.00    0.00   92.46
09:44:49 PM    0    0.00    0.00    0.00    0.00    4.04   19.19    0.00    0.00    0.00   76.77
09:44:49 PM    1    0.00    0.00    0.00    0.00    0.00    0.00    0.00    0.00    0.00  100.00
09:44:49 PM    2    0.00    0.00    2.00    0.00    0.00    2.00    0.00    0.00    0.00   96.00
09:44:49 PM    3    0.00    0.00    1.01    0.00    0.00    2.02    0.00    0.00    0.00   96.97

09:44:49 PM  CPU    %usr   %nice    %sys %iowait    %irq   %soft  %steal  %guest  %gnice   %idle
09:44:50 PM  all    0.00    0.00    0.50    0.00    1.01    5.79    0.00    0.00    0.00   92.70
09:44:50 PM    0    0.00    0.00    0.00    0.00    4.04   19.19    0.00    0.00    0.00   76.77
09:44:50 PM    1    0.00    0.00    0.00    0.00    0.00    1.01    0.00    0.00    0.00   98.99
09:44:50 PM    2    0.00    0.00    1.00    0.00    0.00    1.00    0.00    0.00    0.00   98.00
09:44:50 PM    3    0.00    0.00    1.01    0.00    0.00    2.02    0.00    0.00    0.00   96.97

09:44:50 PM  CPU    %usr   %nice    %sys %iowait    %irq   %soft  %steal  %guest  %gnice   %idle
09:44:51 PM  all    0.25    0.00    1.26    0.00    1.01    5.78    0.00    0.00    0.00   91.71
09:44:51 PM    0    0.00    0.00    1.00    0.00    4.00   19.00    0.00    0.00    0.00   76.00
09:44:51 PM    1    0.00    0.00    1.00    0.00    0.00    1.00    0.00    0.00    0.00   98.00
09:44:51 PM    2    1.00    0.00    1.00    0.00    0.00    1.00    0.00    0.00    0.00   97.00
09:44:51 PM    3    0.00    0.00    2.04    0.00    0.00    2.04    0.00    0.00    0.00   95.92

09:44:51 PM  CPU    %usr   %nice    %sys %iowait    %irq   %soft  %steal  %guest  %gnice   %idle
09:44:52 PM  all    0.00    0.00    1.01    0.00    1.01    5.78    0.00    0.00    0.00   92.21
09:44:52 PM    0    0.00    0.00    0.00    0.00    4.04   19.19    0.00    0.00    0.00   76.77
09:44:52 PM    1    0.00    0.00    1.01    0.00    0.00    1.01    0.00    0.00    0.00   97.98
09:44:52 PM    2    0.00    0.00    1.00    0.00    0.00    1.00    0.00    0.00    0.00   98.00
09:44:52 PM    3    0.00    0.00    2.00    0.00    0.00    2.00    0.00    0.00    0.00   96.00

Average:     CPU    %usr   %nice    %sys %iowait    %irq   %soft  %steal  %guest  %gnice   %idle
Average:     all    0.08    0.00    0.82    0.01    1.05    5.76    0.00    0.00    0.00   92.28
Average:       0    0.03    0.00    0.15    0.02    3.92   19.48    0.00    0.00    0.00   76.40
Average:       1    0.07    0.00    0.37    0.02    0.05    0.43    0.00    0.00    0.00   99.07
Average:       2    0.12    0.00    0.64    0.00    0.07    0.79    0.00    0.00    0.00   98.40
Average:       3    0.10    0.00    2.14    0.00    0.17    2.42    0.00    0.00    0.00   95.17
