Linux 7.0.9 (hp3) 	06/18/2026 	_x86_64_	(8 CPU)

09:58:07 AM  CPU    %usr   %nice    %sys %iowait    %irq   %soft  %steal  %guest  %gnice   %idle
09:58:08 AM  all    1.00    0.00   12.97    0.12    0.00    5.49    0.00    0.00    0.00   80.42
09:58:08 AM    0    3.96    0.00   50.50    0.99    0.00   22.77    0.00    0.00    0.00   21.78
09:58:08 AM    1    4.00    0.00   53.00    0.00    0.00   21.00    0.00    0.00    0.00   22.00
09:58:08 AM    2    0.00    0.00    0.00    0.00    0.00    0.00    0.00    0.00    0.00  100.00
09:58:08 AM    3    0.00    0.00    0.00    0.00    0.00    0.00    0.00    0.00    0.00  100.00
09:58:08 AM    4    0.00    0.00    0.00    0.00    0.00    0.00    0.00    0.00    0.00  100.00
09:58:08 AM    5    0.00    0.00    0.00    0.00    0.00    0.00    0.00    0.00    0.00  100.00
09:58:08 AM    6    0.00    0.00    0.00    0.00    0.00    0.00    0.00    0.00    0.00  100.00
09:58:08 AM    7    0.00    0.00    0.00    0.00    0.00    0.00    0.00    0.00    0.00  100.00

09:58:08 AM  CPU    %usr   %nice    %sys %iowait    %irq   %soft  %steal  %guest  %gnice   %idle
09:58:09 AM  all    1.37    0.00   16.48    0.00    0.00    7.24    0.00    0.00    0.00   74.91
09:58:09 AM    0    5.00    0.00   65.00    0.00    0.00   30.00    0.00    0.00    0.00    0.00
09:58:09 AM    1    5.94    0.00   66.34    0.00    0.00   27.72    0.00    0.00    0.00    0.00
09:58:09 AM    2    0.00    0.00    0.00    0.00    0.00    0.00    0.00    0.00    0.00  100.00
09:58:09 AM    3    0.00    0.00    0.00    0.00    0.00    0.00    0.00    0.00    0.00  100.00
09:58:09 AM    4    0.00    0.00    0.00    0.00    0.00    0.00    0.00    0.00    0.00  100.00
09:58:09 AM    5    0.00    0.00    0.00    0.00    0.00    0.00    0.00    0.00    0.00  100.00
09:58:09 AM    6    0.00    0.00    0.00    0.00    0.00    0.00    0.00    0.00    0.00  100.00
09:58:09 AM    7    0.00    0.00    0.00    0.00    0.00    0.00    0.00    0.00    0.00  100.00

09:58:09 AM  CPU    %usr   %nice    %sys %iowait    %irq   %soft  %steal  %guest  %gnice   %idle
09:58:10 AM  all    1.38    0.00   16.25    0.00    0.25    7.12    0.00    0.00    0.00   75.00
09:58:10 AM    0    5.00    0.00   65.00    0.00    1.00   29.00    0.00    0.00    0.00    0.00
09:58:10 AM    1    6.00    0.00   65.00    0.00    1.00   28.00    0.00    0.00    0.00    0.00
09:58:10 AM    2    0.00    0.00    0.00    0.00    0.00    0.00    0.00    0.00    0.00  100.00
09:58:10 AM    3    0.00    0.00    0.00    0.00    0.00    0.00    0.00    0.00    0.00  100.00
09:58:10 AM    4    0.00    0.00    0.00    0.00    0.00    0.00    0.00    0.00    0.00  100.00
09:58:10 AM    5    0.00    0.00    0.00    0.00    0.00    0.00    0.00    0.00    0.00  100.00
09:58:10 AM    6    0.00    0.00    0.00    0.00    0.00    0.00    0.00    0.00    0.00  100.00
09:58:10 AM    7    0.00    0.00    0.00    0.00    0.00    0.00    0.00    0.00    0.00  100.00

09:58:10 AM  CPU    %usr   %nice    %sys %iowait    %irq   %soft  %steal  %guest  %gnice   %idle
09:58:11 AM  all    1.38    0.00   16.50    0.00    0.00    7.12    0.00    0.00    0.00   75.00
09:58:11 AM    0    6.00    0.00   66.00    0.00    0.00   28.00    0.00    0.00    0.00    0.00
09:58:11 AM    1    5.00    0.00   66.00    0.00    0.00   29.00    0.00    0.00    0.00    0.00
09:58:11 AM    2    0.00    0.00    0.00    0.00    0.00    0.00    0.00    0.00    0.00  100.00
09:58:11 AM    3    0.00    0.00    0.00    0.00    0.00    0.00    0.00    0.00    0.00  100.00
09:58:11 AM    4    0.00    0.00    0.00    0.00    0.00    0.00    0.00    0.00    0.00  100.00
09:58:11 AM    5    0.00    0.00    0.00    0.00    0.00    0.00    0.00    0.00    0.00  100.00
09:58:11 AM    6    0.00    0.00    0.00    0.00    0.00    0.00    0.00    0.00    0.00  100.00
09:58:11 AM    7    0.00    0.00    0.00    0.00    0.00    0.00    0.00    0.00    0.00  100.00

09:58:11 AM  CPU    %usr   %nice    %sys %iowait    %irq   %soft  %steal  %guest  %gnice   %idle
09:58:12 AM  all    1.25    0.00   16.46    0.00    0.00    7.48    0.00    0.00    0.00   74.81
09:58:12 AM    0    5.00    0.00   67.00    0.00    0.00   28.00    0.00    0.00    0.00    0.00
09:58:12 AM    1    5.05    0.00   65.66    0.00    0.00   29.29    0.00    0.00    0.00    0.00
09:58:12 AM    2    0.00    0.00    0.00    0.00    0.00    0.99    0.00    0.00    0.00   99.01
09:58:12 AM    3    0.00    0.00    0.00    0.00    0.00    0.99    0.00    0.00    0.00   99.01
09:58:12 AM    4    0.00    0.00    0.00    0.00    0.00    0.99    0.00    0.00    0.00   99.01
09:58:12 AM    5    0.00    0.00    0.00    0.00    0.00    0.00    0.00    0.00    0.00  100.00
09:58:12 AM    6    0.00    0.00    0.00    0.00    0.00    0.00    0.00    0.00    0.00  100.00
09:58:12 AM    7    0.00    0.00    0.00    0.00    0.00    0.00    0.00    0.00    0.00  100.00

09:58:12 AM  CPU    %usr   %nice    %sys %iowait    %irq   %soft  %steal  %guest  %gnice   %idle
09:58:13 AM  all    1.50    0.00   16.33    0.00    0.00    7.36    0.00    0.00    0.00   74.81
09:58:13 AM    0    5.00    0.00   67.00    0.00    0.00   28.00    0.00    0.00    0.00    0.00
09:58:13 AM    1    6.93    0.00   63.37    0.00    0.00   29.70    0.00    0.00    0.00    0.00
09:58:13 AM    2    0.00    0.00    0.00    0.00    0.00    0.00    0.00    0.00    0.00  100.00
09:58:13 AM    3    0.00    0.00    0.00    0.00    0.00    0.00    0.00    0.00    0.00  100.00
09:58:13 AM    4    0.00    0.00    0.00    0.00    0.00    0.00    0.00    0.00    0.00  100.00
09:58:13 AM    5    0.00    0.00    0.00    0.00    0.00    0.00    0.00    0.00    0.00  100.00
09:58:13 AM    6    0.00    0.00    0.00    0.00    0.00    0.99    0.00    0.00    0.00   99.01
09:58:13 AM    7    0.00    0.00    0.00    0.00    0.00    0.00    0.00    0.00    0.00  100.00

09:58:13 AM  CPU    %usr   %nice    %sys %iowait    %irq   %soft  %steal  %guest  %gnice   %idle
09:58:14 AM  all    1.25    0.00   16.44    0.00    0.25    7.22    0.00    0.00    0.00   74.84
09:58:14 AM    0    5.94    0.00   65.35    0.00    0.99   27.72    0.00    0.00    0.00    0.00
09:58:14 AM    1    3.96    0.00   65.35    0.00    0.99   29.70    0.00    0.00    0.00    0.00
09:58:14 AM    2    0.00    0.00    0.00    0.00    0.00    0.00    0.00    0.00    0.00  100.00
09:58:14 AM    3    0.00    0.00    0.00    0.00    0.00    0.00    0.00    0.00    0.00  100.00
09:58:14 AM    4    0.00    0.00    0.00    0.00    0.00    0.00    0.00    0.00    0.00  100.00
09:58:14 AM    5    0.00    0.00    0.00    0.00    0.00    0.00    0.00    0.00    0.00  100.00
09:58:14 AM    6    0.00    0.00    0.00    0.00    0.00    0.00    0.00    0.00    0.00  100.00
09:58:14 AM    7    0.00    0.00    0.00    0.00    0.00    0.00    0.00    0.00    0.00  100.00

09:58:14 AM  CPU    %usr   %nice    %sys %iowait    %irq   %soft  %steal  %guest  %gnice   %idle
09:58:15 AM  all    1.50    0.00   16.10    0.00    0.00    7.24    0.00    0.00    0.00   75.16
09:58:15 AM    0    7.00    0.00   65.00    0.00    0.00   28.00    0.00    0.00    0.00    0.00
09:58:15 AM    1    5.05    0.00   64.65    0.00    0.00   30.30    0.00    0.00    0.00    0.00
09:58:15 AM    2    0.00    0.00    0.00    0.00    0.00    0.00    0.00    0.00    0.00  100.00
09:58:15 AM    3    0.00    0.00    0.00    0.00    0.00    0.00    0.00    0.00    0.00  100.00
09:58:15 AM    4    0.00    0.00    0.00    0.00    0.00    0.00    0.00    0.00    0.00  100.00
09:58:15 AM    5    0.00    0.00    0.00    0.00    0.00    0.00    0.00    0.00    0.00  100.00
09:58:15 AM    6    0.00    0.00    0.00    0.00    0.00    0.00    0.00    0.00    0.00  100.00
09:58:15 AM    7    0.00    0.00    0.00    0.00    0.00    0.00    0.00    0.00    0.00  100.00

09:58:15 AM  CPU    %usr   %nice    %sys %iowait    %irq   %soft  %steal  %guest  %gnice   %idle
09:58:16 AM  all    1.50    0.00   16.50    0.00    0.00    7.00    0.00    0.00    0.00   75.00
09:58:16 AM    0    5.94    0.00   64.36    0.00    0.00   28.71    0.00    0.00    0.00    0.99
09:58:16 AM    1    6.00    0.00   67.00    0.00    0.00   27.00    0.00    0.00    0.00    0.00
09:58:16 AM    2    0.00    0.00    0.00    0.00    0.00    0.00    0.00    0.00    0.00  100.00
09:58:16 AM    3    0.00    0.00    0.00    0.00    0.00    0.00    0.00    0.00    0.00  100.00
09:58:16 AM    4    0.00    0.00    0.00    0.00    0.00    0.00    0.00    0.00    0.00  100.00
09:58:16 AM    5    0.00    0.00    0.00    0.00    0.00    0.00    0.00    0.00    0.00  100.00
09:58:16 AM    6    0.00    0.00    0.00    0.00    0.00    0.00    0.00    0.00    0.00  100.00
09:58:16 AM    7    0.00    0.00    0.00    0.00    0.00    0.00    0.00    0.00    0.00  100.00

09:58:16 AM  CPU    %usr   %nice    %sys %iowait    %irq   %soft  %steal  %guest  %gnice   %idle
09:58:17 AM  all    1.25    0.00   16.54    0.00    0.00    7.14    0.00    0.00    0.00   75.06
09:58:17 AM    0    5.05    0.00   65.66    0.00    0.00   29.29    0.00    0.00    0.00    0.00
09:58:17 AM    1    5.00    0.00   67.00    0.00    0.00   28.00    0.00    0.00    0.00    0.00
09:58:17 AM    2    0.00    0.00    0.00    0.00    0.00    0.00    0.00    0.00    0.00  100.00
09:58:17 AM    3    0.00    0.00    0.00    0.00    0.00    0.00    0.00    0.00    0.00  100.00
09:58:17 AM    4    0.00    0.00    0.00    0.00    0.00    0.00    0.00    0.00    0.00  100.00
09:58:17 AM    5    0.00    0.00    0.00    0.00    0.00    0.00    0.00    0.00    0.00  100.00
09:58:17 AM    6    0.00    0.00    0.00    0.00    0.00    0.00    0.00    0.00    0.00  100.00
09:58:17 AM    7    0.00    0.00    0.00    0.00    0.00    0.00    0.00    0.00    0.00  100.00

09:58:17 AM  CPU    %usr   %nice    %sys %iowait    %irq   %soft  %steal  %guest  %gnice   %idle
09:58:18 AM  all    1.37    0.00   16.35    0.00    0.12    7.24    0.00    0.00    0.00   74.91
09:58:18 AM    0    5.00    0.00   65.00    0.00    0.00   30.00    0.00    0.00    0.00    0.00
09:58:18 AM    1    5.94    0.00   65.35    0.00    0.99   27.72    0.00    0.00    0.00    0.00
09:58:18 AM    2    0.00    0.00    0.00    0.00    0.00    0.00    0.00    0.00    0.00  100.00
09:58:18 AM    3    0.00    0.00    0.00    0.00    0.00    0.00    0.00    0.00    0.00  100.00
09:58:18 AM    4    0.00    0.00    0.00    0.00    0.00    0.00    0.00    0.00    0.00  100.00
09:58:18 AM    5    0.00    0.00    0.00    0.00    0.00    0.00    0.00    0.00    0.00  100.00
09:58:18 AM    6    0.00    0.00    0.00    0.00    0.00    0.00    0.00    0.00    0.00  100.00
09:58:18 AM    7    0.00    0.00    0.00    0.00    0.00    0.00    0.00    0.00    0.00  100.00

09:58:18 AM  CPU    %usr   %nice    %sys %iowait    %irq   %soft  %steal  %guest  %gnice   %idle
09:58:19 AM  all    1.50    0.00   16.23    0.00    0.12    7.37    0.00    0.00    0.00   74.78
09:58:19 AM    0    6.93    0.00   64.36    0.00    0.99   27.72    0.00    0.00    0.00    0.00
09:58:19 AM    1    5.05    0.00   65.66    0.00    0.00   29.29    0.00    0.00    0.00    0.00
09:58:19 AM    2    0.00    0.00    0.00    0.00    0.00    0.99    0.00    0.00    0.00   99.01
09:58:19 AM    3    0.00    0.00    0.00    0.00    0.00    1.00    0.00    0.00    0.00   99.00
09:58:19 AM    4    0.00    0.00    0.00    0.00    0.00    0.00    0.00    0.00    0.00  100.00
09:58:19 AM    5    0.00    0.00    0.00    0.00    0.00    0.00    0.00    0.00    0.00  100.00
09:58:19 AM    6    0.00    0.00    0.00    0.00    0.00    0.00    0.00    0.00    0.00  100.00
09:58:19 AM    7    0.00    0.00    0.00    0.00    0.00    0.00    0.00    0.00    0.00  100.00

09:58:19 AM  CPU    %usr   %nice    %sys %iowait    %irq   %soft  %steal  %guest  %gnice   %idle
09:58:20 AM  all    1.50    0.00   16.23    0.00    0.00    7.24    0.00    0.00    0.00   75.03
09:58:20 AM    0    6.06    0.00   66.67    0.00    0.00   27.27    0.00    0.00    0.00    0.00
09:58:20 AM    1    6.00    0.00   64.00    0.00    0.00   29.00    0.00    0.00    0.00    1.00
09:58:20 AM    2    0.00    0.00    0.00    0.00    0.00    0.00    0.00    0.00    0.00  100.00
09:58:20 AM    3    0.00    0.00    0.00    0.00    0.00    0.00    0.00    0.00    0.00  100.00
09:58:20 AM    4    0.00    0.00    0.00    0.00    0.00    0.99    0.00    0.00    0.00   99.01
09:58:20 AM    5    0.00    0.00    0.00    0.00    0.00    0.00    0.00    0.00    0.00  100.00
09:58:20 AM    6    0.00    0.00    0.00    0.00    0.00    0.99    0.00    0.00    0.00   99.01
09:58:20 AM    7    0.00    0.00    0.00    0.00    0.00    0.00    0.00    0.00    0.00  100.00

09:58:20 AM  CPU    %usr   %nice    %sys %iowait    %irq   %soft  %steal  %guest  %gnice   %idle
09:58:21 AM  all    1.49    0.00   16.40    0.00    0.00    7.20    0.00    0.00    0.00   74.91
09:58:21 AM    0    5.94    0.00   66.34    0.00    0.00   27.72    0.00    0.00    0.00    0.00
09:58:21 AM    1    5.94    0.00   64.36    0.00    0.00   29.70    0.00    0.00    0.00    0.00
09:58:21 AM    2    0.00    0.00    0.00    0.00    0.00    0.00    0.00    0.00    0.00  100.00
09:58:21 AM    3    0.00    0.00    0.00    0.00    0.00    0.00    0.00    0.00    0.00  100.00
09:58:21 AM    4    0.00    0.00    0.00    0.00    0.00    0.00    0.00    0.00    0.00  100.00
09:58:21 AM    5    0.00    0.00    0.00    0.00    0.00    0.00    0.00    0.00    0.00  100.00
09:58:21 AM    6    0.00    0.00    0.00    0.00    0.00    0.00    0.00    0.00    0.00  100.00
09:58:21 AM    7    0.00    0.00    0.00    0.00    0.00    0.00    0.00    0.00    0.00  100.00

09:58:21 AM  CPU    %usr   %nice    %sys %iowait    %irq   %soft  %steal  %guest  %gnice   %idle
09:58:22 AM  all    1.50    0.00   16.17    0.00    0.13    7.27    0.00    0.00    0.00   74.94
09:58:22 AM    0    6.06    0.00   65.66    0.00    0.00   28.28    0.00    0.00    0.00    0.00
09:58:22 AM    1    5.94    0.00   63.37    0.00    0.99   29.70    0.00    0.00    0.00    0.00
09:58:22 AM    2    0.00    0.00    0.00    0.00    0.00    0.00    0.00    0.00    0.00  100.00
09:58:22 AM    3    0.00    0.00    0.00    0.00    0.00    0.00    0.00    0.00    0.00  100.00
09:58:22 AM    4    0.00    0.00    0.00    0.00    0.00    0.00    0.00    0.00    0.00  100.00
09:58:22 AM    5    0.00    0.00    0.00    0.00    0.00    0.00    0.00    0.00    0.00  100.00
09:58:22 AM    6    0.00    0.00    0.00    0.00    0.00    0.00    0.00    0.00    0.00  100.00
09:58:22 AM    7    0.00    0.00    0.00    0.00    0.00    0.00    0.00    0.00    0.00  100.00

09:58:22 AM  CPU    %usr   %nice    %sys %iowait    %irq   %soft  %steal  %guest  %gnice   %idle
09:58:23 AM  all    1.25    0.00   16.58    0.00    0.12    6.98    0.00    0.00    0.00   75.06
09:58:23 AM    0    5.94    0.00   66.34    0.00    0.99   26.73    0.00    0.00    0.00    0.00
09:58:23 AM    1    4.04    0.00   66.67    0.00    0.00   29.29    0.00    0.00    0.00    0.00
09:58:23 AM    2    0.00    0.00    0.00    0.00    0.00    0.00    0.00    0.00    0.00  100.00
09:58:23 AM    3    0.00    0.00    0.00    0.00    0.00    0.00    0.00    0.00    0.00  100.00
09:58:23 AM    4    0.00    0.00    0.00    0.00    0.00    0.00    0.00    0.00    0.00  100.00
09:58:23 AM    5    0.00    0.00    0.00    0.00    0.00    0.00    0.00    0.00    0.00  100.00
09:58:23 AM    6    0.00    0.00    0.00    0.00    0.00    0.00    0.00    0.00    0.00  100.00
09:58:23 AM    7    0.00    0.00    0.00    0.00    0.00    0.00    0.00    0.00    0.00  100.00

09:58:23 AM  CPU    %usr   %nice    %sys %iowait    %irq   %soft  %steal  %guest  %gnice   %idle
09:58:24 AM  all    1.75    0.00   16.02    0.00    0.00    7.26    0.00    0.00    0.00   74.97
09:58:24 AM    0    7.00    0.00   65.00    0.00    0.00   28.00    0.00    0.00    0.00    0.00
09:58:24 AM    1    7.00    0.00   63.00    0.00    0.00   30.00    0.00    0.00    0.00    0.00
09:58:24 AM    2    0.00    0.00    0.00    0.00    0.00    0.00    0.00    0.00    0.00  100.00
09:58:24 AM    3    0.00    0.00    0.00    0.00    0.00    0.00    0.00    0.00    0.00  100.00
09:58:24 AM    4    0.00    0.00    0.00    0.00    0.00    0.00    0.00    0.00    0.00  100.00
09:58:24 AM    5    0.00    0.00    0.00    0.00    0.00    0.00    0.00    0.00    0.00  100.00
09:58:24 AM    6    0.00    0.00    0.00    0.00    0.00    0.00    0.00    0.00    0.00  100.00
09:58:24 AM    7    0.00    0.00    0.00    0.00    0.00    0.00    0.00    0.00    0.00  100.00

09:58:24 AM  CPU    %usr   %nice    %sys %iowait    %irq   %soft  %steal  %guest  %gnice   %idle
09:58:25 AM  all    1.50    0.00   16.35    0.00    0.00    7.24    0.00    0.00    0.00   74.91
09:58:25 AM    0    6.00    0.00   66.00    0.00    0.00   28.00    0.00    0.00    0.00    0.00
09:58:25 AM    1    6.00    0.00   65.00    0.00    0.00   29.00    0.00    0.00    0.00    0.00
09:58:25 AM    2    0.00    0.00    0.00    0.00    0.00    0.00    0.00    0.00    0.00  100.00
09:58:25 AM    3    0.00    0.00    0.00    0.00    0.00    0.99    0.00    0.00    0.00   99.01
09:58:25 AM    4    0.00    0.00    0.00    0.00    0.00    0.00    0.00    0.00    0.00  100.00
09:58:25 AM    5    0.00    0.00    0.00    0.00    0.00    0.00    0.00    0.00    0.00  100.00
09:58:25 AM    6    0.00    0.00    0.00    0.00    0.00    0.00    0.00    0.00    0.00  100.00
09:58:25 AM    7    0.00    0.00    0.00    0.00    0.00    0.00    0.00    0.00    0.00  100.00

09:58:25 AM  CPU    %usr   %nice    %sys %iowait    %irq   %soft  %steal  %guest  %gnice   %idle
09:58:26 AM  all    1.50    0.00   16.35    0.00    0.12    7.12    0.00    0.00    0.00   74.91
09:58:26 AM    0    6.06    0.00   66.67    0.00    0.00   27.27    0.00    0.00    0.00    0.00
09:58:26 AM    1    5.88    0.00   63.73    0.00    0.98   29.41    0.00    0.00    0.00    0.00
09:58:26 AM    2    0.00    0.00    0.00    0.00    0.00    0.00    0.00    0.00    0.00  100.00
09:58:26 AM    3    0.00    0.00    0.00    0.00    0.00    0.00    0.00    0.00    0.00  100.00
09:58:26 AM    4    0.00    0.00    0.00    0.00    0.00    0.00    0.00    0.00    0.00  100.00
09:58:26 AM    5    0.00    0.00    0.00    0.00    0.00    0.00    0.00    0.00    0.00  100.00
09:58:26 AM    6    0.00    0.00    0.00    0.00    0.00    0.00    0.00    0.00    0.00  100.00
09:58:26 AM    7    0.00    0.00    0.00    0.00    0.00    0.00    0.00    0.00    0.00  100.00

09:58:26 AM  CPU    %usr   %nice    %sys %iowait    %irq   %soft  %steal  %guest  %gnice   %idle
09:58:27 AM  all    1.37    0.00   16.21    0.00    0.12    7.48    0.00    0.00    0.00   74.81
09:58:27 AM    0    4.95    0.00   66.34    0.00    0.99   27.72    0.00    0.00    0.00    0.00
09:58:27 AM    1    6.12    0.00   64.29    0.00    0.00   29.59    0.00    0.00    0.00    0.00
09:58:27 AM    2    0.00    0.00    0.00    0.00    0.00    0.99    0.00    0.00    0.00   99.01
09:58:27 AM    3    0.00    0.00    0.00    0.00    0.00    0.00    0.00    0.00    0.00  100.00
09:58:27 AM    4    0.00    0.00    0.00    0.00    0.00    0.99    0.00    0.00    0.00   99.01
09:58:27 AM    5    0.00    0.00    0.00    0.00    0.00    0.00    0.00    0.00    0.00  100.00
09:58:27 AM    6    0.00    0.00    0.00    0.00    0.00    0.99    0.00    0.00    0.00   99.01
09:58:27 AM    7    0.00    0.00    0.00    0.00    0.00    0.00    0.00    0.00    0.00  100.00

09:58:27 AM  CPU    %usr   %nice    %sys %iowait    %irq   %soft  %steal  %guest  %gnice   %idle
09:58:28 AM  all    1.50    0.00   16.46    0.00    0.00    7.23    0.00    0.00    0.00   74.81
09:58:28 AM    0    6.93    0.00   65.35    0.00    0.00   27.72    0.00    0.00    0.00    0.00
09:58:28 AM    1    4.95    0.00   65.35    0.00    0.00   29.70    0.00    0.00    0.00    0.00
09:58:28 AM    2    0.00    0.00    0.00    0.00    0.00    0.00    0.00    0.00    0.00  100.00
09:58:28 AM    3    0.00    0.00    0.00    0.00    0.00    0.00    0.00    0.00    0.00  100.00
09:58:28 AM    4    0.00    0.00    0.00    0.00    0.00    0.00    0.00    0.00    0.00  100.00
09:58:28 AM    5    0.00    0.00    0.00    0.00    0.00    0.00    0.00    0.00    0.00  100.00
09:58:28 AM    6    0.00    0.00    0.00    0.00    0.00    0.00    0.00    0.00    0.00  100.00
09:58:28 AM    7    0.00    0.00    0.00    0.00    0.00    0.00    0.00    0.00    0.00  100.00

09:58:28 AM  CPU    %usr   %nice    %sys %iowait    %irq   %soft  %steal  %guest  %gnice   %idle
09:58:29 AM  all    1.38    0.00   16.29    0.00    0.00    7.14    0.00    0.00    0.00   75.19
09:58:29 AM    0    6.06    0.00   64.65    0.00    0.00   29.29    0.00    0.00    0.00    0.00
09:58:29 AM    1    5.05    0.00   66.67    0.00    0.00   28.28    0.00    0.00    0.00    0.00
09:58:29 AM    2    0.00    0.00    0.00    0.00    0.00    0.00    0.00    0.00    0.00  100.00
09:58:29 AM    3    0.00    0.00    0.00    0.00    0.00    0.00    0.00    0.00    0.00  100.00
09:58:29 AM    4    0.00    0.00    0.00    0.00    0.00    0.00    0.00    0.00    0.00  100.00
09:58:29 AM    5    0.00    0.00    0.00    0.00    0.00    0.00    0.00    0.00    0.00  100.00
09:58:29 AM    6    0.00    0.00    0.00    0.00    0.00    0.00    0.00    0.00    0.00  100.00
09:58:29 AM    7    0.00    0.00    0.00    0.00    0.00    0.00    0.00    0.00    0.00  100.00

09:58:29 AM  CPU    %usr   %nice    %sys %iowait    %irq   %soft  %steal  %guest  %gnice   %idle
09:58:30 AM  all    1.62    0.00   16.21    0.00    0.12    7.23    0.00    0.00    0.00   74.81
09:58:30 AM    0    6.00    0.00   64.00    0.00    0.00   30.00    0.00    0.00    0.00    0.00
09:58:30 AM    1    6.86    0.00   64.71    0.00    0.98   27.45    0.00    0.00    0.00    0.00
09:58:30 AM    2    0.00    0.00    0.00    0.00    0.00    0.00    0.00    0.00    0.00  100.00
09:58:30 AM    3    0.00    0.00    0.00    0.00    0.00    0.00    0.00    0.00    0.00  100.00
09:58:30 AM    4    0.00    0.00    0.00    0.00    0.00    0.00    0.00    0.00    0.00  100.00
09:58:30 AM    5    0.00    0.00    0.00    0.00    0.00    0.00    0.00    0.00    0.00  100.00
09:58:30 AM    6    0.00    0.00    0.00    0.00    0.00    0.00    0.00    0.00    0.00  100.00
09:58:30 AM    7    0.00    0.00    0.00    0.00    0.00    0.00    0.00    0.00    0.00  100.00

09:58:30 AM  CPU    %usr   %nice    %sys %iowait    %irq   %soft  %steal  %guest  %gnice   %idle
09:58:31 AM  all    1.63    0.00   16.15    0.00    0.13    7.01    0.00    0.00    0.00   75.09
09:58:31 AM    0    7.00    0.00   63.00    0.00    1.00   29.00    0.00    0.00    0.00    0.00
09:58:31 AM    1    6.06    0.00   66.67    0.00    0.00   27.27    0.00    0.00    0.00    0.00
09:58:31 AM    2    0.00    0.00    0.00    0.00    0.00    0.00    0.00    0.00    0.00  100.00
09:58:31 AM    3    0.00    0.00    0.00    0.00    0.00    0.00    0.00    0.00    0.00  100.00
09:58:31 AM    4    0.00    0.00    0.00    0.00    0.00    0.00    0.00    0.00    0.00  100.00
09:58:31 AM    5    0.00    0.00    0.00    0.00    0.00    0.00    0.00    0.00    0.00  100.00
09:58:31 AM    6    0.00    0.00    0.00    0.00    0.00    0.00    0.00    0.00    0.00  100.00
09:58:31 AM    7    0.00    0.00    0.00    0.00    0.00    0.00    0.00    0.00    0.00  100.00

09:58:31 AM  CPU    %usr   %nice    %sys %iowait    %irq   %soft  %steal  %guest  %gnice   %idle
09:58:32 AM  all    1.50    0.00   16.23    0.00    0.00    7.24    0.00    0.00    0.00   75.03
09:58:32 AM    0    6.00    0.00   64.00    0.00    0.00   30.00    0.00    0.00    0.00    0.00
09:58:32 AM    1    6.00    0.00   66.00    0.00    0.00   28.00    0.00    0.00    0.00    0.00
09:58:32 AM    2    0.00    0.00    0.00    0.00    0.00    0.00    0.00    0.00    0.00  100.00
09:58:32 AM    3    0.00    0.00    0.00    0.00    0.00    0.00    0.00    0.00    0.00  100.00
09:58:32 AM    4    0.00    0.00    0.00    0.00    0.00    0.00    0.00    0.00    0.00  100.00
09:58:32 AM    5    0.00    0.00    0.00    0.00    0.00    0.00    0.00    0.00    0.00  100.00
09:58:32 AM    6    0.00    0.00    0.00    0.00    0.00    0.00    0.00    0.00    0.00  100.00
09:58:32 AM    7    0.00    0.00    0.00    0.00    0.00    0.00    0.00    0.00    0.00  100.00

09:58:32 AM  CPU    %usr   %nice    %sys %iowait    %irq   %soft  %steal  %guest  %gnice   %idle
09:58:33 AM  all    1.49    0.00   16.31    0.00    0.00    7.35    0.00    0.00    0.00   74.84
09:58:33 AM    0    5.94    0.00   64.36    0.00    0.00   29.70    0.00    0.00    0.00    0.00
09:58:33 AM    1    6.00    0.00   66.00    0.00    0.00   28.00    0.00    0.00    0.00    0.00
09:58:33 AM    2    0.00    0.00    0.00    0.00    0.00    0.00    0.00    0.00    0.00  100.00
09:58:33 AM    3    0.00    0.00    0.00    0.00    0.00    0.99    0.00    0.00    0.00   99.01
09:58:33 AM    4    0.00    0.00    0.00    0.00    0.00    0.00    0.00    0.00    0.00  100.00
09:58:33 AM    5    0.00    0.00    0.00    0.00    0.00    0.00    0.00    0.00    0.00  100.00
09:58:33 AM    6    0.00    0.00    0.00    0.00    0.00    0.00    0.00    0.00    0.00  100.00
09:58:33 AM    7    0.00    0.00    0.00    0.00    0.00    0.00    0.00    0.00    0.00  100.00

09:58:33 AM  CPU    %usr   %nice    %sys %iowait    %irq   %soft  %steal  %guest  %gnice   %idle
09:58:34 AM  all    1.63    0.00   16.27    0.00    0.00    7.01    0.00    0.00    0.00   75.09
09:58:34 AM    0    6.06    0.00   64.65    0.00    0.00   29.29    0.00    0.00    0.00    0.00
09:58:34 AM    1    7.00    0.00   66.00    0.00    0.00   27.00    0.00    0.00    0.00    0.00
09:58:34 AM    2    0.00    0.00    0.00    0.00    0.00    0.00    0.00    0.00    0.00  100.00
09:58:34 AM    3    0.00    0.00    0.00    0.00    0.00    0.00    0.00    0.00    0.00  100.00
09:58:34 AM    4    0.00    0.00    0.00    0.00    0.00    0.00    0.00    0.00    0.00  100.00
09:58:34 AM    5    0.00    0.00    0.00    0.00    0.00    0.00    0.00    0.00    0.00  100.00
09:58:34 AM    6    0.00    0.00    0.00    0.00    0.00    0.00    0.00    0.00    0.00  100.00
09:58:34 AM    7    0.00    0.00    0.00    0.00    0.00    0.00    0.00    0.00    0.00  100.00

09:58:34 AM  CPU    %usr   %nice    %sys %iowait    %irq   %soft  %steal  %guest  %gnice   %idle
09:58:35 AM  all    1.49    0.00   16.15    0.00    0.25    7.58    0.00    0.00    0.00   74.53
09:58:35 AM    0    5.94    0.00   63.37    0.00    0.99   29.70    0.00    0.00    0.00    0.00
09:58:35 AM    1    5.94    0.00   65.35    0.00    0.99   27.72    0.00    0.00    0.00    0.00
09:58:35 AM    2    0.00    0.00    0.00    0.00    0.00    0.99    0.00    0.00    0.00   99.01
09:58:35 AM    3    0.00    0.00    0.00    0.00    0.00    0.00    0.00    0.00    0.00  100.00
09:58:35 AM    4    0.00    0.00    0.00    0.00    0.00    0.99    0.00    0.00    0.00   99.01
09:58:35 AM    5    0.00    0.00    0.00    0.00    0.00    0.00    0.00    0.00    0.00  100.00
09:58:35 AM    6    0.00    0.00    0.00    0.00    0.00    0.99    0.00    0.00    0.00   99.01
09:58:35 AM    7    0.00    0.00    0.00    0.00    0.00    0.00    0.00    0.00    0.00  100.00

09:58:35 AM  CPU    %usr   %nice    %sys %iowait    %irq   %soft  %steal  %guest  %gnice   %idle
09:58:36 AM  all    1.25    0.00   16.62    0.00    0.00    7.12    0.00    0.00    0.00   75.00
09:58:36 AM    0    5.00    0.00   67.00    0.00    0.00   28.00    0.00    0.00    0.00    0.00
09:58:36 AM    1    5.00    0.00   66.00    0.00    0.00   29.00    0.00    0.00    0.00    0.00
09:58:36 AM    2    0.00    0.00    0.00    0.00    0.00    0.00    0.00    0.00    0.00  100.00
09:58:36 AM    3    0.00    0.00    0.00    0.00    0.00    0.00    0.00    0.00    0.00  100.00
09:58:36 AM    4    0.00    0.00    0.00    0.00    0.00    0.00    0.00    0.00    0.00  100.00
09:58:36 AM    5    0.00    0.00    0.00    0.00    0.00    0.00    0.00    0.00    0.00  100.00
09:58:36 AM    6    0.00    0.00    0.00    0.00    0.00    0.00    0.00    0.00    0.00  100.00
09:58:36 AM    7    0.00    0.00    0.00    0.00    0.00    0.00    0.00    0.00    0.00  100.00

09:58:36 AM  CPU    %usr   %nice    %sys %iowait    %irq   %soft  %steal  %guest  %gnice   %idle
09:58:37 AM  all    1.38    0.00   16.25    0.00    0.00    7.25    0.00    0.00    0.00   75.12
09:58:37 AM    0    4.95    0.00   66.34    0.00    0.00   27.72    0.00    0.00    0.00    0.99
09:58:37 AM    1    6.06    0.00   63.64    0.00    0.00   30.30    0.00    0.00    0.00    0.00
09:58:37 AM    2    0.00    0.00    0.00    0.00    0.00    0.00    0.00    0.00    0.00  100.00
09:58:37 AM    3    0.00    0.00    0.00    0.00    0.00    0.00    0.00    0.00    0.00  100.00
09:58:37 AM    4    0.00    0.00    0.00    0.00    0.00    0.00    0.00    0.00    0.00  100.00
09:58:37 AM    5    0.00    0.00    0.00    0.00    0.00    0.00    0.00    0.00    0.00  100.00
09:58:37 AM    6    0.00    0.00    0.00    0.00    0.00    0.00    0.00    0.00    0.00  100.00
09:58:37 AM    7    0.00    0.00    0.00    0.00    0.00    0.00    0.00    0.00    0.00  100.00

Average:     CPU    %usr   %nice    %sys %iowait    %irq   %soft  %steal  %guest  %gnice   %idle
Average:     all    1.43    0.00   16.21    0.00    0.06    7.17    0.00    0.00    0.00   75.13
Average:       0    5.79    0.00   64.86    0.03    0.23   28.29    0.00    0.00    0.00    0.80
Average:       1    5.66    0.00   64.84    0.00    0.23   28.50    0.00    0.00    0.00    0.77
Average:       2    0.00    0.00    0.00    0.00    0.00    0.13    0.00    0.00    0.00   99.87
Average:       3    0.00    0.00    0.00    0.00    0.00    0.13    0.00    0.00    0.00   99.87
Average:       4    0.00    0.00    0.00    0.00    0.00    0.13    0.00    0.00    0.00   99.87
Average:       5    0.00    0.00    0.00    0.00    0.00    0.00    0.00    0.00    0.00  100.00
Average:       6    0.00    0.00    0.00    0.00    0.00    0.13    0.00    0.00    0.00   99.87
Average:       7    0.00    0.00    0.00    0.00    0.00    0.00    0.00    0.00    0.00  100.00
