Linux 6.12.87 (pi5-2) 	06/19/2026 	_aarch64_	(4 CPU)

08:07:36 AM  CPU    %usr   %nice    %sys %iowait    %irq   %soft  %steal  %guest  %gnice   %idle
08:07:37 AM  all    0.77    0.00    2.06    0.00    1.03   13.62    0.00    0.00    0.00   82.52
08:07:37 AM    0    0.00    0.00    0.00    0.00    2.04   18.37    0.00    0.00    0.00   79.59
08:07:37 AM    1    1.04    0.00    1.04    0.00    1.04   13.54    0.00    0.00    0.00   83.33
08:07:37 AM    2    1.03    0.00    5.15    0.00    1.03   13.40    0.00    0.00    0.00   79.38
08:07:37 AM    3    1.02    0.00    2.04    0.00    0.00    9.18    0.00    0.00    0.00   87.76

08:07:37 AM  CPU    %usr   %nice    %sys %iowait    %irq   %soft  %steal  %guest  %gnice   %idle
08:07:38 AM  all    0.26    0.00    3.34    0.00    1.54   18.51    0.00    0.00    0.00   76.35
08:07:38 AM    0    0.00    0.00    0.00    0.00    3.00   23.00    0.00    0.00    0.00   74.00
08:07:38 AM    1    1.05    0.00    7.37    0.00    1.05   25.26    0.00    0.00    0.00   65.26
08:07:38 AM    2    0.00    0.00    3.06    0.00    1.02   13.27    0.00    0.00    0.00   82.65
08:07:38 AM    3    0.00    0.00    3.12    0.00    1.04   12.50    0.00    0.00    0.00   83.33

08:07:38 AM  CPU    %usr   %nice    %sys %iowait    %irq   %soft  %steal  %guest  %gnice   %idle
08:07:39 AM  all    0.52    0.00    2.59    0.00    1.55   18.65    0.00    0.00    0.00   76.68
08:07:39 AM    0    0.00    0.00    0.00    0.00    3.06   22.45    0.00    0.00    0.00   74.49
08:07:39 AM    1    1.01    0.00    4.04    0.00    1.01   13.13    0.00    0.00    0.00   80.81
08:07:39 AM    2    1.09    0.00    4.35    0.00    1.09   26.09    0.00    0.00    0.00   67.39
08:07:39 AM    3    0.00    0.00    2.06    0.00    1.03   13.40    0.00    0.00    0.00   83.51

08:07:39 AM  CPU    %usr   %nice    %sys %iowait    %irq   %soft  %steal  %guest  %gnice   %idle
08:07:40 AM  all    1.03    0.00    2.82    0.26    1.28   18.72    0.00    0.00    0.00   75.90
08:07:40 AM    0    0.99    0.00    0.99    0.99    2.97   25.74    0.00    0.00    0.00   68.32
08:07:40 AM    1    1.03    0.00    2.06    0.00    1.03   12.37    0.00    0.00    0.00   83.51
08:07:40 AM    2    1.08    0.00    3.23    0.00    1.08   23.66    0.00    0.00    0.00   70.97
08:07:40 AM    3    1.01    0.00    5.05    0.00    0.00   13.13    0.00    0.00    0.00   80.81

08:07:40 AM  CPU    %usr   %nice    %sys %iowait    %irq   %soft  %steal  %guest  %gnice   %idle
08:07:41 AM  all    0.77    0.00    3.34    0.00    1.54   18.25    0.00    0.00    0.00   76.09
08:07:41 AM    0    0.00    0.00    0.00    0.00    3.06   22.45    0.00    0.00    0.00   74.49
08:07:41 AM    1    2.08    0.00    5.21    0.00    1.04   21.88    0.00    0.00    0.00   69.79
08:07:41 AM    2    0.00    0.00    3.16    0.00    1.05   16.84    0.00    0.00    0.00   78.95
08:07:41 AM    3    1.00    0.00    5.00    0.00    1.00   12.00    0.00    0.00    0.00   81.00

08:07:41 AM  CPU    %usr   %nice    %sys %iowait    %irq   %soft  %steal  %guest  %gnice   %idle
08:07:42 AM  all    0.77    0.00    3.35    0.00    1.03   18.30    0.00    0.00    0.00   76.55
08:07:42 AM    0    0.00    0.00    0.00    0.00    3.03   23.23    0.00    0.00    0.00   73.74
08:07:42 AM    1    1.08    0.00    5.38    0.00    1.08   25.81    0.00    0.00    0.00   66.67
08:07:42 AM    2    1.00    0.00    6.00    0.00    0.00   12.00    0.00    0.00    0.00   81.00
08:07:42 AM    3    1.04    0.00    2.08    0.00    0.00   12.50    0.00    0.00    0.00   84.38

08:07:42 AM  CPU    %usr   %nice    %sys %iowait    %irq   %soft  %steal  %guest  %gnice   %idle
08:07:43 AM  all    0.51    0.00    3.32    0.00    1.28   18.88    0.00    0.00    0.00   76.02
08:07:43 AM    0    0.00    0.00    1.02    0.00    2.04   29.59    0.00    0.00    0.00   67.35
08:07:43 AM    1    1.05    0.00    3.16    0.00    1.05   21.05    0.00    0.00    0.00   73.68
08:07:43 AM    2    0.00    0.00    4.04    0.00    1.01   13.13    0.00    0.00    0.00   81.82
08:07:43 AM    3    1.00    0.00    5.00    0.00    1.00   12.00    0.00    0.00    0.00   81.00

08:07:43 AM  CPU    %usr   %nice    %sys %iowait    %irq   %soft  %steal  %guest  %gnice   %idle
08:07:44 AM  all    0.26    0.00    2.60    0.00    1.56   18.44    0.00    0.00    0.00   77.14
08:07:44 AM    0    0.00    0.00    1.01    0.00    3.03   25.25    0.00    0.00    0.00   70.71
08:07:44 AM    1    0.00    0.00    3.30    0.00    1.10   24.18    0.00    0.00    0.00   71.43
08:07:44 AM    2    1.03    0.00    2.06    0.00    1.03   12.37    0.00    0.00    0.00   83.51
08:07:44 AM    3    0.00    0.00    4.08    0.00    1.02   12.24    0.00    0.00    0.00   82.65

08:07:44 AM  CPU    %usr   %nice    %sys %iowait    %irq   %soft  %steal  %guest  %gnice   %idle
08:07:45 AM  all    0.78    0.00    2.60    0.00    1.04   18.49    0.00    0.00    0.00   77.08
08:07:45 AM    0    0.00    0.00    2.06    0.00    3.09   30.93    0.00    0.00    0.00   63.92
08:07:45 AM    1    1.04    0.00    3.12    0.00    1.04   17.71    0.00    0.00    0.00   77.08
08:07:45 AM    2    1.02    0.00    2.04    0.00    0.00    6.12    0.00    0.00    0.00   90.82
08:07:45 AM    3    1.08    0.00    3.23    0.00    0.00   19.35    0.00    0.00    0.00   76.34

08:07:45 AM  CPU    %usr   %nice    %sys %iowait    %irq   %soft  %steal  %guest  %gnice   %idle
08:07:46 AM  all    0.78    0.00    2.58    0.00    1.29   18.60    0.00    0.00    0.00   76.74
08:07:46 AM    0    0.00    0.00    0.00    0.00    3.03   23.23    0.00    0.00    0.00   73.74
08:07:46 AM    1    1.06    0.00    2.13    0.00    0.00   17.02    0.00    0.00    0.00   79.79
08:07:46 AM    2    2.06    0.00    4.12    0.00    1.03   18.56    0.00    0.00    0.00   74.23
08:07:46 AM    3    0.00    0.00    4.12    0.00    1.03   15.46    0.00    0.00    0.00   79.38

08:07:46 AM  CPU    %usr   %nice    %sys %iowait    %irq   %soft  %steal  %guest  %gnice   %idle
08:07:47 AM  all    0.26    0.00    3.33    0.00    1.54   18.72    0.00    0.00    0.00   76.15
08:07:47 AM    0    0.00    0.00    0.00    0.00    3.03   23.23    0.00    0.00    0.00   73.74
08:07:47 AM    1    0.00    0.00    3.09    0.00    1.03   12.37    0.00    0.00    0.00   83.51
08:07:47 AM    2    0.00    0.00    5.38    0.00    1.08   26.88    0.00    0.00    0.00   66.67
08:07:47 AM    3    0.99    0.00    4.95    0.00    0.99   12.87    0.00    0.00    0.00   80.20

08:07:47 AM  CPU    %usr   %nice    %sys %iowait    %irq   %soft  %steal  %guest  %gnice   %idle
08:07:48 AM  all    0.77    0.00    2.58    0.00    1.55   18.56    0.00    0.00    0.00   76.55
08:07:48 AM    0    0.00    0.00    1.02    0.00    3.06   27.55    0.00    0.00    0.00   68.37
08:07:48 AM    1    1.00    0.00    4.00    0.00    1.00   13.00    0.00    0.00    0.00   81.00
08:07:48 AM    2    1.05    0.00    1.05    0.00    1.05   15.79    0.00    0.00    0.00   81.05
08:07:48 AM    3    1.05    0.00    4.21    0.00    1.05   17.89    0.00    0.00    0.00   75.79

08:07:48 AM  CPU    %usr   %nice    %sys %iowait    %irq   %soft  %steal  %guest  %gnice   %idle
08:07:49 AM  all    0.51    0.00    3.84    0.00    1.02   18.41    0.00    0.00    0.00   76.21
08:07:49 AM    0    0.00    0.00    0.00    0.00    3.00   23.00    0.00    0.00    0.00   74.00
08:07:49 AM    1    1.00    0.00    6.00    0.00    0.00   12.00    0.00    0.00    0.00   81.00
08:07:49 AM    2    1.04    0.00    7.29    0.00    1.04   26.04    0.00    0.00    0.00   64.58
08:07:49 AM    3    0.00    0.00    2.11    0.00    0.00   12.63    0.00    0.00    0.00   85.26

08:07:49 AM  CPU    %usr   %nice    %sys %iowait    %irq   %soft  %steal  %guest  %gnice   %idle
08:07:50 AM  all    1.02    0.00    3.07    0.00    1.53   18.67    0.00    0.00    0.00   75.70
08:07:50 AM    0    0.00    0.00    0.00    0.00    3.06   26.53    0.00    0.00    0.00   70.41
08:07:50 AM    1    0.00    0.00    4.08    0.00    1.02   13.27    0.00    0.00    0.00   81.63
08:07:50 AM    2    1.08    0.00    4.30    0.00    1.08   22.58    0.00    0.00    0.00   70.97
08:07:50 AM    3    2.94    0.00    3.92    0.00    0.98   12.75    0.00    0.00    0.00   79.41

08:07:50 AM  CPU    %usr   %nice    %sys %iowait    %irq   %soft  %steal  %guest  %gnice   %idle
08:07:51 AM  all    0.26    0.00    3.36    0.00    1.29   18.60    0.00    0.00    0.00   76.49
08:07:51 AM    0    0.00    0.00    0.00    0.00    3.06   23.47    0.00    0.00    0.00   73.47
08:07:51 AM    1    0.00    0.00    6.32    0.00    1.05   21.05    0.00    0.00    0.00   71.58
08:07:51 AM    2    1.03    0.00    3.09    0.00    1.03   17.53    0.00    0.00    0.00   77.32
08:07:51 AM    3    0.00    0.00    4.12    0.00    0.00   12.37    0.00    0.00    0.00   83.51

08:07:51 AM  CPU    %usr   %nice    %sys %iowait    %irq   %soft  %steal  %guest  %gnice   %idle
08:07:52 AM  all    0.78    0.00    2.34    0.00    1.30   18.70    0.00    0.00    0.00   76.88
08:07:52 AM    0    0.99    0.00    0.99    0.00    2.97   23.76    0.00    0.00    0.00   71.29
08:07:52 AM    1    1.03    0.00    2.06    0.00    0.00   11.34    0.00    0.00    0.00   85.57
08:07:52 AM    2    0.00    0.00    4.21    0.00    1.05   16.84    0.00    0.00    0.00   77.89
08:07:52 AM    3    1.09    0.00    2.17    0.00    1.09   22.83    0.00    0.00    0.00   72.83

08:07:52 AM  CPU    %usr   %nice    %sys %iowait    %irq   %soft  %steal  %guest  %gnice   %idle
08:07:53 AM  all    0.77    0.00    2.31    0.00    1.54   18.77    0.00    0.00    0.00   76.61
08:07:53 AM    0    0.00    0.00    0.00    0.00    3.03   26.26    0.00    0.00    0.00   70.71
08:07:53 AM    1    1.02    0.00    3.06    0.00    1.02   12.24    0.00    0.00    0.00   82.65
08:07:53 AM    2    1.02    0.00    4.08    0.00    1.02   16.33    0.00    0.00    0.00   77.55
08:07:53 AM    3    1.06    0.00    2.13    0.00    1.06   20.21    0.00    0.00    0.00   75.53

08:07:53 AM  CPU    %usr   %nice    %sys %iowait    %irq   %soft  %steal  %guest  %gnice   %idle
08:07:54 AM  all    0.78    0.00    3.12    0.00    1.30   18.44    0.00    0.00    0.00   76.36
08:07:54 AM    0    0.00    0.00    1.01    0.00    3.03   22.22    0.00    0.00    0.00   73.74
08:07:54 AM    1    0.00    0.00    3.09    0.00    1.03   12.37    0.00    0.00    0.00   83.51
08:07:54 AM    2    2.08    0.00    2.08    0.00    0.00   13.54    0.00    0.00    0.00   82.29
08:07:54 AM    3    1.08    0.00    6.45    0.00    1.08   25.81    0.00    0.00    0.00   65.59

08:07:54 AM  CPU    %usr   %nice    %sys %iowait    %irq   %soft  %steal  %guest  %gnice   %idle
08:07:55 AM  all    0.77    0.00    2.84    0.00    1.29   18.56    0.00    0.00    0.00   76.55
08:07:55 AM    0    0.00    0.00    0.00    0.00    3.03   23.23    0.00    0.00    0.00   73.74
08:07:55 AM    1    1.03    0.00    2.06    0.00    0.00   13.40    0.00    0.00    0.00   83.51
08:07:55 AM    2    1.03    0.00    5.15    0.00    1.03   16.49    0.00    0.00    0.00   76.29
08:07:55 AM    3    1.05    0.00    4.21    0.00    1.05   21.05    0.00    0.00    0.00   72.63

08:07:55 AM  CPU    %usr   %nice    %sys %iowait    %irq   %soft  %steal  %guest  %gnice   %idle
08:07:56 AM  all    0.78    0.00    2.84    0.00    1.55   18.35    0.00    0.00    0.00   76.49
08:07:56 AM    0    0.00    0.00    0.00    0.00    3.03   23.23    0.00    0.00    0.00   73.74
08:07:56 AM    1    2.11    0.00    6.32    0.00    1.05   23.16    0.00    0.00    0.00   67.37
08:07:56 AM    2    1.03    0.00    2.06    0.00    1.03   12.37    0.00    0.00    0.00   83.51
08:07:56 AM    3    0.00    0.00    3.12    0.00    1.04   14.58    0.00    0.00    0.00   81.25

08:07:56 AM  CPU    %usr   %nice    %sys %iowait    %irq   %soft  %steal  %guest  %gnice   %idle
08:07:57 AM  all    0.52    0.00    2.84    0.00    1.55   18.81    0.00    0.00    0.00   76.29
08:07:57 AM    0    0.00    0.00    0.00    0.00    3.03   23.23    0.00    0.00    0.00   73.74
08:07:57 AM    1    1.05    0.00    5.26    0.00    2.11   25.26    0.00    0.00    0.00   66.32
08:07:57 AM    2    0.00    0.00    2.13    0.00    0.00   13.83    0.00    0.00    0.00   84.04
08:07:57 AM    3    1.00    0.00    4.00    0.00    1.00   13.00    0.00    0.00    0.00   81.00

08:07:57 AM  CPU    %usr   %nice    %sys %iowait    %irq   %soft  %steal  %guest  %gnice   %idle
08:07:58 AM  all    0.52    0.00    2.84    0.00    1.29   18.60    0.00    0.00    0.00   76.74
08:07:58 AM    0    0.00    0.00    0.00    0.00    3.00   23.00    0.00    0.00    0.00   74.00
08:07:58 AM    1    1.08    0.00    4.30    0.00    1.08   24.73    0.00    0.00    0.00   68.82
08:07:58 AM    2    1.00    0.00    5.00    0.00    1.00   14.00    0.00    0.00    0.00   79.00
08:07:58 AM    3    0.00    0.00    2.13    0.00    0.00   12.77    0.00    0.00    0.00   85.11

08:07:58 AM  CPU    %usr   %nice    %sys %iowait    %irq   %soft  %steal  %guest  %gnice   %idle
08:07:59 AM  all    0.77    0.00    2.82    0.00    1.54   18.72    0.00    0.00    0.00   76.15
08:07:59 AM    0    0.00    0.00    0.00    0.00    3.03   23.23    0.00    0.00    0.00   73.74
08:07:59 AM    1    1.05    0.00    6.32    0.00    1.05   26.32    0.00    0.00    0.00   65.26
08:07:59 AM    2    2.06    0.00    1.03    0.00    1.03   12.37    0.00    0.00    0.00   83.51
08:07:59 AM    3    0.00    0.00    4.04    0.00    1.01   13.13    0.00    0.00    0.00   81.82

08:07:59 AM  CPU    %usr   %nice    %sys %iowait    %irq   %soft  %steal  %guest  %gnice   %idle
08:08:00 AM  all    0.77    0.00    3.09    0.00    1.03   18.56    0.00    0.00    0.00   76.55
08:08:00 AM    0    0.00    0.00    0.00    0.00    2.04   23.47    0.00    0.00    0.00   74.49
08:08:00 AM    1    0.00    0.00    3.12    0.00    1.04   16.67    0.00    0.00    0.00   79.17
08:08:00 AM    2    1.03    0.00    3.09    0.00    0.00   12.37    0.00    0.00    0.00   83.51
08:08:00 AM    3    2.06    0.00    6.19    0.00    1.03   21.65    0.00    0.00    0.00   69.07

08:08:00 AM  CPU    %usr   %nice    %sys %iowait    %irq   %soft  %steal  %guest  %gnice   %idle
08:08:01 AM  all    0.52    0.00    2.09    0.00    1.31   19.11    0.00    0.00    0.00   76.96
08:08:01 AM    0    0.00    0.00    0.00    0.00    3.03   23.23    0.00    0.00    0.00   73.74
08:08:01 AM    1    1.09    0.00    2.17    0.00    0.00   19.57    0.00    0.00    0.00   77.17
08:08:01 AM    2    1.03    0.00    4.12    0.00    1.03   17.53    0.00    0.00    0.00   76.29
08:08:01 AM    3    0.00    0.00    2.13    0.00    1.06   15.96    0.00    0.00    0.00   80.85

08:08:01 AM  CPU    %usr   %nice    %sys %iowait    %irq   %soft  %steal  %guest  %gnice   %idle
08:08:02 AM  all    0.77    0.00    3.08    0.00    1.29   18.51    0.00    0.00    0.00   76.35
08:08:02 AM    0    0.00    0.00    0.00    0.00    3.03   23.23    0.00    0.00    0.00   73.74
08:08:02 AM    1    2.04    0.00    4.08    0.00    1.02   16.33    0.00    0.00    0.00   76.53
08:08:02 AM    2    1.08    0.00    4.30    0.00    1.08   24.73    0.00    0.00    0.00   68.82
08:08:02 AM    3    0.00    0.00    4.04    0.00    0.00   10.10    0.00    0.00    0.00   85.86

08:08:02 AM  CPU    %usr   %nice    %sys %iowait    %irq   %soft  %steal  %guest  %gnice   %idle
08:08:03 AM  all    0.52    0.00    3.09    0.00    1.55   18.30    0.00    0.00    0.00   76.55
08:08:03 AM    0    0.00    0.00    0.00    0.00    3.06   22.45    0.00    0.00    0.00   74.49
08:08:03 AM    1    1.00    0.00    4.00    0.00    1.00   13.00    0.00    0.00    0.00   81.00
08:08:03 AM    2    0.00    0.00    4.08    0.00    1.02   13.27    0.00    0.00    0.00   81.63
08:08:03 AM    3    1.09    0.00    4.35    0.00    1.09   25.00    0.00    0.00    0.00   68.48

08:08:03 AM  CPU    %usr   %nice    %sys %iowait    %irq   %soft  %steal  %guest  %gnice   %idle
08:08:04 AM  all    0.77    0.00    2.83    0.00    1.80   18.51    0.00    0.00    0.00   76.09
08:08:04 AM    0    0.00    0.00    0.00    0.00    3.00   23.00    0.00    0.00    0.00   74.00
08:08:04 AM    1    1.04    0.00    2.08    0.00    1.04   12.50    0.00    0.00    0.00   83.33
08:08:04 AM    2    1.02    0.00    4.08    0.00    1.02   12.24    0.00    0.00    0.00   81.63
08:08:04 AM    3    1.05    0.00    5.26    0.00    2.11   26.32    0.00    0.00    0.00   65.26

08:08:04 AM  CPU    %usr   %nice    %sys %iowait    %irq   %soft  %steal  %guest  %gnice   %idle
08:08:05 AM  all    0.52    0.00    3.12    0.00    1.04   18.70    0.00    0.00    0.00   76.62
08:08:05 AM    0    0.00    0.00    1.01    0.00    3.03   23.23    0.00    0.00    0.00   72.73
08:08:05 AM    1    0.00    0.00    4.12    0.00    0.00   12.37    0.00    0.00    0.00   83.51
08:08:05 AM    2    2.08    0.00    4.17    0.00    1.04   18.75    0.00    0.00    0.00   73.96
08:08:05 AM    3    0.00    0.00    3.23    0.00    0.00   20.43    0.00    0.00    0.00   76.34

08:08:05 AM  CPU    %usr   %nice    %sys %iowait    %irq   %soft  %steal  %guest  %gnice   %idle
08:08:06 AM  all    1.03    0.00    2.32    0.00    1.55   18.81    0.00    0.00    0.00   76.29
08:08:06 AM    0    0.00    0.00    0.00    0.00    3.00   23.00    0.00    0.00    0.00   74.00
08:08:06 AM    1    1.02    0.00    3.06    0.00    1.02   13.27    0.00    0.00    0.00   81.63
08:08:06 AM    2    2.13    0.00    4.26    0.00    1.06   26.60    0.00    0.00    0.00   65.96
08:08:06 AM    3    1.04    0.00    2.08    0.00    1.04   12.50    0.00    0.00    0.00   83.33

08:08:06 AM  CPU    %usr   %nice    %sys %iowait    %irq   %soft  %steal  %guest  %gnice   %idle
08:08:07 AM  all    0.78    0.00    2.34    0.00    1.30   18.44    0.00    0.00    0.00   77.14
08:08:07 AM    0    0.00    0.00    0.00    0.00    3.03   23.23    0.00    0.00    0.00   73.74
08:08:07 AM    1    1.02    0.00    4.08    0.00    0.00   12.24    0.00    0.00    0.00   82.65
08:08:07 AM    2    1.10    0.00    3.30    0.00    1.10   26.37    0.00    0.00    0.00   68.13
08:08:07 AM    3    1.03    0.00    2.06    0.00    1.03   12.37    0.00    0.00    0.00   83.51

08:08:07 AM  CPU    %usr   %nice    %sys %iowait    %irq   %soft  %steal  %guest  %gnice   %idle
08:08:08 AM  all    0.77    0.00    2.81    0.00    1.28   18.93    0.00    0.00    0.00   76.21
08:08:08 AM    0    0.00    0.00    0.00    0.00    3.03   23.23    0.00    0.00    0.00   73.74
08:08:08 AM    1    1.01    0.00    3.03    0.00    1.01   13.13    0.00    0.00    0.00   81.82
08:08:08 AM    2    1.05    0.00    5.26    0.00    1.05   26.32    0.00    0.00    0.00   66.32
08:08:08 AM    3    1.02    0.00    3.06    0.00    0.00   13.27    0.00    0.00    0.00   82.65

08:08:08 AM  CPU    %usr   %nice    %sys %iowait    %irq   %soft  %steal  %guest  %gnice   %idle
08:08:09 AM  all    0.78    0.00    3.10    0.00    1.55   18.35    0.00    0.00    0.00   76.23
08:08:09 AM    0    1.01    0.00    1.01    0.00    3.03   25.25    0.00    0.00    0.00   69.70
08:08:09 AM    1    1.04    0.00    4.17    0.00    1.04   15.62    0.00    0.00    0.00   78.12
08:08:09 AM    2    1.05    0.00    4.21    0.00    1.05   20.00    0.00    0.00    0.00   73.68
08:08:09 AM    3    0.00    0.00    3.09    0.00    1.03   12.37    0.00    0.00    0.00   83.51

08:08:09 AM  CPU    %usr   %nice    %sys %iowait    %irq   %soft  %steal  %guest  %gnice   %idle
08:08:10 AM  all    1.03    0.00    3.33    0.00    1.28   18.21    0.00    0.00    0.00   76.15
08:08:10 AM    0    0.00    0.00    0.00    0.00    3.03   23.23    0.00    0.00    0.00   73.74
08:08:10 AM    1    2.11    0.00    6.32    0.00    1.05   25.26    0.00    0.00    0.00   65.26
08:08:10 AM    2    1.03    0.00    2.06    0.00    1.03   12.37    0.00    0.00    0.00   83.51
08:08:10 AM    3    1.01    0.00    5.05    0.00    0.00   12.12    0.00    0.00    0.00   81.82

08:08:10 AM  CPU    %usr   %nice    %sys %iowait    %irq   %soft  %steal  %guest  %gnice   %idle
08:08:11 AM  all    0.52    0.00    3.09    0.00    1.29   18.81    0.00    0.00    0.00   76.29
08:08:11 AM    0    0.00    0.00    0.00    0.00    3.00   23.00    0.00    0.00    0.00   74.00
08:08:11 AM    1    0.00    0.00    4.35    0.00    1.09   27.17    0.00    0.00    0.00   67.39
08:08:11 AM    2    1.02    0.00    5.10    0.00    0.00   12.24    0.00    0.00    0.00   81.63
08:08:11 AM    3    1.02    0.00    3.06    0.00    1.02   13.27    0.00    0.00    0.00   81.63

08:08:11 AM  CPU    %usr   %nice    %sys %iowait    %irq   %soft  %steal  %guest  %gnice   %idle
08:08:12 AM  all    0.51    0.00    3.33    0.00    1.54   18.46    0.00    0.00    0.00   76.15
08:08:12 AM    0    0.00    0.00    0.00    0.00    3.03   23.23    0.00    0.00    0.00   73.74
08:08:12 AM    1    1.06    0.00    6.38    0.00    1.06   25.53    0.00    0.00    0.00   65.96
08:08:12 AM    2    1.00    0.00    4.00    0.00    1.00   13.00    0.00    0.00    0.00   81.00
08:08:12 AM    3    0.00    0.00    3.09    0.00    1.03   12.37    0.00    0.00    0.00   83.51

08:08:12 AM  CPU    %usr   %nice    %sys %iowait    %irq   %soft  %steal  %guest  %gnice   %idle
08:08:13 AM  all    1.01    0.00    4.05    0.00    1.27   18.23    0.00    0.00    0.00   75.44
08:08:13 AM    0    0.00    0.00    0.00    0.00    3.03   23.23    0.00    0.00    0.00   73.74
08:08:13 AM    1    1.01    0.00    4.04    0.00    1.01   13.13    0.00    0.00    0.00   80.81
08:08:13 AM    2    3.06    0.00    7.14    0.00    1.02   24.49    0.00    0.00    0.00   64.29
08:08:13 AM    3    0.00    0.00    5.05    0.00    0.00   12.12    0.00    0.00    0.00   82.83

08:08:13 AM  CPU    %usr   %nice    %sys %iowait    %irq   %soft  %steal  %guest  %gnice   %idle
08:08:14 AM  all    1.03    0.00    2.32    0.00    1.55   18.81    0.00    0.00    0.00   76.29
08:08:14 AM    0    0.00    0.00    0.00    0.00    3.03   23.23    0.00    0.00    0.00   73.74
08:08:14 AM    1    0.00    0.00    3.06    0.00    1.02   13.27    0.00    0.00    0.00   82.65
08:08:14 AM    2    3.19    0.00    4.26    0.00    1.06   25.53    0.00    0.00    0.00   65.96
08:08:14 AM    3    1.03    0.00    2.06    0.00    1.03   13.40    0.00    0.00    0.00   82.47

08:08:14 AM  CPU    %usr   %nice    %sys %iowait    %irq   %soft  %steal  %guest  %gnice   %idle
08:08:15 AM  all    0.77    0.00    3.60    0.26    1.03   18.25    0.00    0.00    0.00   76.09
08:08:15 AM    0    0.00    0.00    0.00    0.00    2.06   22.68    0.00    0.00    0.00   75.26
08:08:15 AM    1    0.00    0.00    3.12    0.00    0.00   12.50    0.00    0.00    0.00   84.38
08:08:15 AM    2    2.02    0.00    8.08    1.01    2.02   25.25    0.00    0.00    0.00   61.62
08:08:15 AM    3    1.03    0.00    3.09    0.00    0.00   12.37    0.00    0.00    0.00   83.51

08:08:15 AM  CPU    %usr   %nice    %sys %iowait    %irq   %soft  %steal  %guest  %gnice   %idle
08:08:16 AM  all    0.51    0.00    3.81    0.00    1.52   18.27    0.00    0.00    0.00   75.89
08:08:16 AM    0    0.00    0.00    0.99    0.00    2.97   24.75    0.00    0.00    0.00   71.29
08:08:16 AM    1    1.00    0.00    5.00    0.00    1.00   12.00    0.00    0.00    0.00   81.00
08:08:16 AM    2    1.05    0.00    6.32    0.00    1.05   25.26    0.00    0.00    0.00   66.32
08:08:16 AM    3    0.00    0.00    3.06    0.00    1.02   11.22    0.00    0.00    0.00   84.69

08:08:16 AM  CPU    %usr   %nice    %sys %iowait    %irq   %soft  %steal  %guest  %gnice   %idle
08:08:17 AM  all    0.77    0.00    3.84    0.00    1.53   18.67    0.00    0.00    0.00   75.19
08:08:17 AM    0    1.01    0.00    0.00    0.00    3.03   23.23    0.00    0.00    0.00   72.73
08:08:17 AM    1    0.00    0.00    4.26    0.00    1.06   21.28    0.00    0.00    0.00   73.40
08:08:17 AM    2    1.04    0.00    4.17    0.00    1.04   17.71    0.00    0.00    0.00   76.04
08:08:17 AM    3    0.98    0.00    6.86    0.00    0.98   12.75    0.00    0.00    0.00   78.43

08:08:17 AM  CPU    %usr   %nice    %sys %iowait    %irq   %soft  %steal  %guest  %gnice   %idle
08:08:18 AM  all    0.77    0.00    3.35    0.00    1.03   18.30    0.00    0.00    0.00   76.55
08:08:18 AM    0    0.00    0.00    0.00    0.00    3.06   22.45    0.00    0.00    0.00   74.49
08:08:18 AM    1    1.05    0.00    7.37    0.00    1.05   25.26    0.00    0.00    0.00   65.26
08:08:18 AM    2    1.03    0.00    2.06    0.00    0.00   13.40    0.00    0.00    0.00   83.51
08:08:18 AM    3    1.02    0.00    4.08    0.00    0.00   12.24    0.00    0.00    0.00   82.65

08:08:18 AM  CPU    %usr   %nice    %sys %iowait    %irq   %soft  %steal  %guest  %gnice   %idle
08:08:19 AM  all    0.00    0.00    2.59    0.00    1.55   18.91    0.00    0.00    0.00   76.94
08:08:19 AM    0    0.00    0.00    0.00    0.00    3.00   25.00    0.00    0.00    0.00   72.00
08:08:19 AM    1    0.00    0.00    2.15    0.00    1.08   21.51    0.00    0.00    0.00   75.27
08:08:19 AM    2    0.00    0.00    3.09    0.00    1.03   12.37    0.00    0.00    0.00   83.51
08:08:19 AM    3    0.00    0.00    5.21    0.00    1.04   16.67    0.00    0.00    0.00   77.08

08:08:19 AM  CPU    %usr   %nice    %sys %iowait    %irq   %soft  %steal  %guest  %gnice   %idle
08:08:20 AM  all    1.03    0.00    2.84    0.00    1.55   18.30    0.00    0.00    0.00   76.29
08:08:20 AM    0    1.00    0.00    1.00    0.00    3.00   22.00    0.00    0.00    0.00   73.00
08:08:20 AM    1    1.02    0.00    3.06    0.00    1.02   12.24    0.00    0.00    0.00   82.65
08:08:20 AM    2    1.04    0.00    2.08    0.00    1.04   12.50    0.00    0.00    0.00   83.33
08:08:20 AM    3    1.06    0.00    5.32    0.00    1.06   26.60    0.00    0.00    0.00   65.96

08:08:20 AM  CPU    %usr   %nice    %sys %iowait    %irq   %soft  %steal  %guest  %gnice   %idle
08:08:21 AM  all    0.52    0.00    2.09    0.00    1.04   19.06    0.00    0.00    0.00   77.28
08:08:21 AM    0    0.00    0.00    0.00    0.00    3.03   23.23    0.00    0.00    0.00   73.74
08:08:21 AM    1    1.03    0.00    3.09    0.00    0.00   13.40    0.00    0.00    0.00   82.47
08:08:21 AM    2    0.00    0.00    2.08    0.00    0.00   13.54    0.00    0.00    0.00   84.38
08:08:21 AM    3    1.10    0.00    3.30    0.00    1.10   26.37    0.00    0.00    0.00   68.13

08:08:21 AM  CPU    %usr   %nice    %sys %iowait    %irq   %soft  %steal  %guest  %gnice   %idle
08:08:22 AM  all    0.52    0.00    3.09    0.00    1.55   18.30    0.00    0.00    0.00   76.55
08:08:22 AM    0    0.00    0.00    0.00    0.00    3.03   23.23    0.00    0.00    0.00   73.74
08:08:22 AM    1    0.00    0.00    3.09    0.00    1.03   12.37    0.00    0.00    0.00   83.51
08:08:22 AM    2    1.05    0.00    5.26    0.00    1.05   21.05    0.00    0.00    0.00   71.58
08:08:22 AM    3    1.03    0.00    4.12    0.00    1.03   16.49    0.00    0.00    0.00   77.32

08:08:22 AM  CPU    %usr   %nice    %sys %iowait    %irq   %soft  %steal  %guest  %gnice   %idle
08:08:23 AM  all    1.02    0.00    4.07    0.00    1.53   18.32    0.00    0.00    0.00   75.06
08:08:23 AM    0    0.00    0.00    1.00    0.00    3.00   23.00    0.00    0.00    0.00   73.00
08:08:23 AM    1    2.04    0.00    5.10    0.00    1.02   17.35    0.00    0.00    0.00   74.49
08:08:23 AM    2    1.05    0.00    6.32    0.00    1.05   24.21    0.00    0.00    0.00   67.37
08:08:23 AM    3    1.00    0.00    4.00    0.00    1.00    9.00    0.00    0.00    0.00   85.00

08:08:23 AM  CPU    %usr   %nice    %sys %iowait    %irq   %soft  %steal  %guest  %gnice   %idle
08:08:24 AM  all    0.26    0.00    3.59    0.00    1.28   18.72    0.00    0.00    0.00   76.15
08:08:24 AM    0    0.00    0.00    0.00    0.00    3.03   23.23    0.00    0.00    0.00   73.74
08:08:24 AM    1    0.00    0.00    5.26    0.00    1.05   21.05    0.00    0.00    0.00   72.63
08:08:24 AM    2    0.00    0.00    4.17    0.00    1.04   17.71    0.00    0.00    0.00   77.08
08:08:24 AM    3    1.00    0.00    5.00    0.00    0.00   13.00    0.00    0.00    0.00   81.00

08:08:24 AM  CPU    %usr   %nice    %sys %iowait    %irq   %soft  %steal  %guest  %gnice   %idle
08:08:25 AM  all    0.52    0.00    2.34    0.00    1.30   18.96    0.00    0.00    0.00   76.88
08:08:25 AM    0    0.00    0.00    0.00    0.00    3.03   25.25    0.00    0.00    0.00   71.72
08:08:25 AM    1    1.06    0.00    2.13    0.00    0.00   15.96    0.00    0.00    0.00   80.85
08:08:25 AM    2    0.00    0.00    5.26    0.00    1.05   22.11    0.00    0.00    0.00   71.58
08:08:25 AM    3    1.03    0.00    2.06    0.00    1.03   12.37    0.00    0.00    0.00   83.51

08:08:25 AM  CPU    %usr   %nice    %sys %iowait    %irq   %soft  %steal  %guest  %gnice   %idle
08:08:26 AM  all    0.77    0.00    3.34    0.00    1.29   17.99    0.00    0.00    0.00   76.61
08:08:26 AM    0    0.00    0.00    0.00    0.00    3.06   22.45    0.00    0.00    0.00   74.49
08:08:26 AM    1    2.04    0.00    5.10    0.00    1.02   18.37    0.00    0.00    0.00   73.47
08:08:26 AM    2    0.00    0.00    5.21    0.00    1.04   18.75    0.00    0.00    0.00   75.00
08:08:26 AM    3    1.03    0.00    3.09    0.00    0.00   12.37    0.00    0.00    0.00   83.51

08:08:26 AM  CPU    %usr   %nice    %sys %iowait    %irq   %soft  %steal  %guest  %gnice   %idle
08:08:27 AM  all    0.00    0.00    2.85    0.00    1.81   18.65    0.00    0.00    0.00   76.68
08:08:27 AM    0    0.00    0.00    0.00    0.00    3.03   23.23    0.00    0.00    0.00   73.74
08:08:27 AM    1    0.00    0.00    5.38    0.00    2.15   25.81    0.00    0.00    0.00   66.67
08:08:27 AM    2    0.00    0.00    3.12    0.00    1.04   12.50    0.00    0.00    0.00   83.33
08:08:27 AM    3    0.00    0.00    3.06    0.00    1.02   13.27    0.00    0.00    0.00   82.65

08:08:27 AM  CPU    %usr   %nice    %sys %iowait    %irq   %soft  %steal  %guest  %gnice   %idle
08:08:28 AM  all    1.02    0.00    3.07    0.00    1.28   18.67    0.00    0.00    0.00   75.96
08:08:28 AM    0    0.00    0.00    0.00    0.00    3.00   23.00    0.00    0.00    0.00   74.00
08:08:28 AM    1    0.00    0.00    4.21    0.00    0.00   17.89    0.00    0.00    0.00   77.89
08:08:28 AM    2    3.03    0.00    5.05    0.00    1.01   21.21    0.00    0.00    0.00   69.70
08:08:28 AM    3    1.03    0.00    3.09    0.00    1.03   12.37    0.00    0.00    0.00   82.47

08:08:28 AM  CPU    %usr   %nice    %sys %iowait    %irq   %soft  %steal  %guest  %gnice   %idle
08:08:29 AM  all    1.03    0.00    2.58    0.00    1.29   18.35    0.00    0.00    0.00   76.74
08:08:29 AM    0    0.00    0.00    0.00    0.00    3.06   26.53    0.00    0.00    0.00   70.41
08:08:29 AM    1    1.01    0.00    4.04    0.00    1.01   12.12    0.00    0.00    0.00   81.82
08:08:29 AM    2    1.08    0.00    4.30    0.00    1.08   22.58    0.00    0.00    0.00   70.97
08:08:29 AM    3    2.06    0.00    2.06    0.00    0.00   12.37    0.00    0.00    0.00   83.51

08:08:29 AM  CPU    %usr   %nice    %sys %iowait    %irq   %soft  %steal  %guest  %gnice   %idle
08:08:30 AM  all    0.77    0.00    3.08    0.00    1.28   18.72    0.00    0.00    0.00   76.15
08:08:30 AM    0    0.00    0.00    1.01    0.00    3.03   26.26    0.00    0.00    0.00   69.70
08:08:30 AM    1    1.02    0.00    3.06    0.00    1.02   12.24    0.00    0.00    0.00   82.65
08:08:30 AM    2    1.01    0.00    4.04    0.00    0.00   13.13    0.00    0.00    0.00   81.82
08:08:30 AM    3    1.06    0.00    4.26    0.00    1.06   23.40    0.00    0.00    0.00   70.21

08:08:30 AM  CPU    %usr   %nice    %sys %iowait    %irq   %soft  %steal  %guest  %gnice   %idle
08:08:31 AM  all    0.77    0.00    3.33    0.00    1.28   18.72    0.00    0.00    0.00   75.90
08:08:31 AM    0    0.00    0.00    0.00    0.00    3.03   23.23    0.00    0.00    0.00   73.74
08:08:31 AM    1    1.04    0.00    4.17    0.00    0.00   17.71    0.00    0.00    0.00   77.08
08:08:31 AM    2    1.00    0.00    5.00    0.00    1.00   12.00    0.00    0.00    0.00   81.00
08:08:31 AM    3    1.05    0.00    4.21    0.00    1.05   22.11    0.00    0.00    0.00   71.58

08:08:31 AM  CPU    %usr   %nice    %sys %iowait    %irq   %soft  %steal  %guest  %gnice   %idle
08:08:32 AM  all    0.77    0.00    3.33    0.00    1.54   18.46    0.00    0.00    0.00   75.90
08:08:32 AM    0    0.00    0.00    0.00    0.00    3.03   23.23    0.00    0.00    0.00   73.74
08:08:32 AM    1    1.02    0.00    4.08    0.00    1.02   13.27    0.00    0.00    0.00   80.61
08:08:32 AM    2    1.04    0.00    7.29    0.00    1.04   25.00    0.00    0.00    0.00   65.62
08:08:32 AM    3    1.03    0.00    2.06    0.00    1.03   12.37    0.00    0.00    0.00   83.51

08:08:32 AM  CPU    %usr   %nice    %sys %iowait    %irq   %soft  %steal  %guest  %gnice   %idle
08:08:33 AM  all    0.51    0.00    3.86    0.00    1.29   18.25    0.00    0.00    0.00   76.09
08:08:33 AM    0    0.00    0.00    0.00    0.00    3.03   23.23    0.00    0.00    0.00   73.74
08:08:33 AM    1    0.00    0.00    5.05    0.00    1.01   12.12    0.00    0.00    0.00   81.82
08:08:33 AM    2    1.05    0.00    7.37    0.00    1.05   25.26    0.00    0.00    0.00   65.26
08:08:33 AM    3    1.04    0.00    3.12    0.00    0.00   12.50    0.00    0.00    0.00   83.33

08:08:33 AM  CPU    %usr   %nice    %sys %iowait    %irq   %soft  %steal  %guest  %gnice   %idle
08:08:34 AM  all    0.51    0.00    3.32    0.00    1.28   18.67    0.00    0.00    0.00   76.21
08:08:34 AM    0    0.00    0.00    0.00    0.00    2.04   23.47    0.00    0.00    0.00   74.49
08:08:34 AM    1    0.99    0.00    5.94    0.00    0.00   11.88    0.00    0.00    0.00   81.19
08:08:34 AM    2    1.06    0.00    4.26    0.00    2.13   26.60    0.00    0.00    0.00   65.96
08:08:34 AM    3    0.00    0.00    3.06    0.00    1.02   13.27    0.00    0.00    0.00   82.65

08:08:34 AM  CPU    %usr   %nice    %sys %iowait    %irq   %soft  %steal  %guest  %gnice   %idle
08:08:35 AM  all    0.26    0.00    3.10    0.00    1.55   18.35    0.00    0.00    0.00   76.74
08:08:35 AM    0    0.00    0.00    0.00    0.00    3.09   24.74    0.00    0.00    0.00   72.16
08:08:35 AM    1    1.03    0.00    2.06    0.00    1.03   12.37    0.00    0.00    0.00   83.51
08:08:35 AM    2    0.00    0.00    7.29    0.00    1.04   23.96    0.00    0.00    0.00   67.71
08:08:35 AM    3    0.00    0.00    3.09    0.00    1.03   12.37    0.00    0.00    0.00   83.51

08:08:35 AM  CPU    %usr   %nice    %sys %iowait    %irq   %soft  %steal  %guest  %gnice   %idle
08:08:36 AM  all    1.28    0.00    3.06    0.00    1.28   18.37    0.00    0.00    0.00   76.02
08:08:36 AM    0    0.00    0.00    0.99    0.00    2.97   23.76    0.00    0.00    0.00   72.28
08:08:36 AM    1    1.01    0.00    4.04    0.00    1.01   12.12    0.00    0.00    0.00   81.82
08:08:36 AM    2    2.15    0.00    3.23    0.00    1.08   25.81    0.00    0.00    0.00   67.74
08:08:36 AM    3    2.02    0.00    4.04    0.00    0.00   12.12    0.00    0.00    0.00   81.82

Average:     CPU    %usr   %nice    %sys %iowait    %irq   %soft  %steal  %guest  %gnice   %idle
Average:     all    0.68    0.00    3.02    0.01    1.37   18.47    0.00    0.00    0.00   76.46
Average:       0    0.08    0.00    0.25    0.02    2.95   23.78    0.00    0.00    0.00   72.92
Average:       1    0.85    0.00    4.03    0.00    0.85   16.78    0.00    0.00    0.00   77.50
Average:       2    1.02    0.00    4.21    0.02    0.92   18.22    0.00    0.00    0.00   75.61
Average:       3    0.77    0.00    3.65    0.00    0.72   14.99    0.00    0.00    0.00   79.86
