Linux 7.0.9 (hp3) 	06/18/2026 	_x86_64_	(8 CPU)

09:52:36 AM  CPU    %usr   %nice    %sys %iowait    %irq   %soft  %steal  %guest  %gnice   %idle
09:52:37 AM  all    1.37    0.00   13.23    0.00    0.00    5.62    0.00    0.00    0.00   79.78
09:52:37 AM    0    5.00    0.00   53.00    0.00    0.00   23.00    0.00    0.00    0.00   19.00
09:52:37 AM    1    6.00    0.00   53.00    0.00    0.00   22.00    0.00    0.00    0.00   19.00
09:52:37 AM    2    0.00    0.00    0.00    0.00    0.00    0.00    0.00    0.00    0.00  100.00
09:52:37 AM    3    0.00    0.00    0.00    0.00    0.00    0.00    0.00    0.00    0.00  100.00
09:52:37 AM    4    0.00    0.00    0.00    0.00    0.00    0.00    0.00    0.00    0.00  100.00
09:52:37 AM    5    0.00    0.00    0.00    0.00    0.00    0.00    0.00    0.00    0.00  100.00
09:52:37 AM    6    0.00    0.00    0.00    0.00    0.00    0.00    0.00    0.00    0.00  100.00
09:52:37 AM    7    0.00    0.00    0.00    0.00    0.00    0.00    0.00    0.00    0.00  100.00

09:52:37 AM  CPU    %usr   %nice    %sys %iowait    %irq   %soft  %steal  %guest  %gnice   %idle
09:52:38 AM  all    1.12    0.00   16.71    0.00    0.00    7.23    0.00    0.00    0.00   74.94
09:52:38 AM    0    4.00    0.00   66.00    0.00    0.00   30.00    0.00    0.00    0.00    0.00
09:52:38 AM    1    5.00    0.00   68.00    0.00    0.00   27.00    0.00    0.00    0.00    0.00
09:52:38 AM    2    0.00    0.00    0.00    0.00    0.00    0.99    0.00    0.00    0.00   99.01
09:52:38 AM    3    0.00    0.00    0.00    0.00    0.00    0.00    0.00    0.00    0.00  100.00
09:52:38 AM    4    0.00    0.00    0.00    0.00    0.00    0.00    0.00    0.00    0.00  100.00
09:52:38 AM    5    0.00    0.00    0.00    0.00    0.00    0.00    0.00    0.00    0.00  100.00
09:52:38 AM    6    0.00    0.00    0.00    0.00    0.00    0.00    0.00    0.00    0.00  100.00
09:52:38 AM    7    0.00    0.00    0.00    0.00    0.00    0.00    0.00    0.00    0.00  100.00

09:52:38 AM  CPU    %usr   %nice    %sys %iowait    %irq   %soft  %steal  %guest  %gnice   %idle
09:52:39 AM  all    1.50    0.00   16.27    0.00    0.00    7.26    0.00    0.00    0.00   74.97
09:52:39 AM    0    6.06    0.00   64.65    0.00    0.00   29.29    0.00    0.00    0.00    0.00
09:52:39 AM    1    6.00    0.00   66.00    0.00    0.00   28.00    0.00    0.00    0.00    0.00
09:52:39 AM    2    0.00    0.00    0.00    0.00    0.00    0.00    0.00    0.00    0.00  100.00
09:52:39 AM    3    0.00    0.00    0.00    0.00    0.00    0.99    0.00    0.00    0.00   99.01
09:52:39 AM    4    0.00    0.00    0.00    0.00    0.00    0.00    0.00    0.00    0.00  100.00
09:52:39 AM    5    0.00    0.00    0.00    0.00    0.00    0.00    0.00    0.00    0.00  100.00
09:52:39 AM    6    0.00    0.00    0.00    0.00    0.00    0.00    0.00    0.00    0.00  100.00
09:52:39 AM    7    0.00    0.00    0.00    0.00    0.00    0.00    0.00    0.00    0.00  100.00

09:52:39 AM  CPU    %usr   %nice    %sys %iowait    %irq   %soft  %steal  %guest  %gnice   %idle
09:52:40 AM  all    1.37    0.00   16.33    0.00    0.25    7.11    0.00    0.00    0.00   74.94
09:52:40 AM    0    4.95    0.00   64.36    0.00    0.99   29.70    0.00    0.00    0.00    0.00
09:52:40 AM    1    6.00    0.00   66.00    0.00    1.00   27.00    0.00    0.00    0.00    0.00
09:52:40 AM    2    0.00    0.00    0.00    0.00    0.00    0.00    0.00    0.00    0.00  100.00
09:52:40 AM    3    0.00    0.00    0.00    0.00    0.00    0.00    0.00    0.00    0.00  100.00
09:52:40 AM    4    0.00    0.00    0.00    0.00    0.00    0.00    0.00    0.00    0.00  100.00
09:52:40 AM    5    0.00    0.00    0.00    0.00    0.00    0.00    0.00    0.00    0.00  100.00
09:52:40 AM    6    0.00    0.00    0.00    0.00    0.00    0.00    0.00    0.00    0.00  100.00
09:52:40 AM    7    0.00    0.00    0.00    0.00    0.00    0.00    0.00    0.00    0.00  100.00

09:52:40 AM  CPU    %usr   %nice    %sys %iowait    %irq   %soft  %steal  %guest  %gnice   %idle
09:52:41 AM  all    1.25    0.00   16.50    0.00    0.00    7.38    0.00    0.00    0.00   74.88
09:52:41 AM    0    5.00    0.00   65.00    0.00    0.00   30.00    0.00    0.00    0.00    0.00
09:52:41 AM    1    5.00    0.00   67.00    0.00    0.00   28.00    0.00    0.00    0.00    0.00
09:52:41 AM    2    0.00    0.00    0.00    0.00    0.00    0.00    0.00    0.00    0.00  100.00
09:52:41 AM    3    0.00    0.00    0.00    0.00    0.00    0.00    0.00    0.00    0.00  100.00
09:52:41 AM    4    0.00    0.00    0.00    0.00    0.00    0.00    0.00    0.00    0.00  100.00
09:52:41 AM    5    0.00    0.00    0.00    0.00    0.00    0.00    0.00    0.00    0.00  100.00
09:52:41 AM    6    0.00    0.00    0.00    0.00    0.00    0.00    0.00    0.00    0.00  100.00
09:52:41 AM    7    0.00    0.00    0.00    0.00    0.00    0.99    0.00    0.00    0.00   99.01

09:52:41 AM  CPU    %usr   %nice    %sys %iowait    %irq   %soft  %steal  %guest  %gnice   %idle
09:52:42 AM  all    1.50    0.00   16.23    0.00    0.00    7.12    0.00    0.00    0.00   75.16
09:52:42 AM    0    6.93    0.00   64.36    0.00    0.00   27.72    0.00    0.00    0.00    0.99
09:52:42 AM    1    5.00    0.00   65.00    0.00    0.00   29.00    0.00    0.00    0.00    1.00
09:52:42 AM    2    0.00    0.00    0.00    0.00    0.00    0.00    0.00    0.00    0.00  100.00
09:52:42 AM    3    0.00    0.00    0.00    0.00    0.00    0.00    0.00    0.00    0.00  100.00
09:52:42 AM    4    0.00    0.00    0.00    0.00    0.00    0.00    0.00    0.00    0.00  100.00
09:52:42 AM    5    0.00    0.00    0.00    0.00    0.00    0.00    0.00    0.00    0.00  100.00
09:52:42 AM    6    0.00    0.00    0.00    0.00    0.00    0.00    0.00    0.00    0.00  100.00
09:52:42 AM    7    0.00    0.00    0.00    0.00    0.00    0.00    0.00    0.00    0.00  100.00

09:52:42 AM  CPU    %usr   %nice    %sys %iowait    %irq   %soft  %steal  %guest  %gnice   %idle
09:52:43 AM  all    1.25    0.00   16.50    0.00    0.00    7.25    0.00    0.00    0.00   75.00
09:52:43 AM    0    5.05    0.00   67.68    0.00    0.00   27.27    0.00    0.00    0.00    0.00
09:52:43 AM    1    5.00    0.00   65.00    0.00    0.00   30.00    0.00    0.00    0.00    0.00
09:52:43 AM    2    0.00    0.00    0.00    0.00    0.00    0.00    0.00    0.00    0.00  100.00
09:52:43 AM    3    0.00    0.00    0.00    0.00    0.00    0.00    0.00    0.00    0.00  100.00
09:52:43 AM    4    0.00    0.00    0.00    0.00    0.00    0.00    0.00    0.00    0.00  100.00
09:52:43 AM    5    0.00    0.00    0.00    0.00    0.00    0.99    0.00    0.00    0.00   99.01
09:52:43 AM    6    0.00    0.00    0.00    0.00    0.00    0.00    0.00    0.00    0.00  100.00
09:52:43 AM    7    0.00    0.00    0.00    0.00    0.00    0.00    0.00    0.00    0.00  100.00

09:52:43 AM  CPU    %usr   %nice    %sys %iowait    %irq   %soft  %steal  %guest  %gnice   %idle
09:52:44 AM  all    1.37    0.00   16.46    0.00    0.25    7.11    0.00    0.00    0.00   74.81
09:52:44 AM    0    5.88    0.00   65.69    0.00    0.98   27.45    0.00    0.00    0.00    0.00
09:52:44 AM    1    5.00    0.00   65.00    0.00    1.00   29.00    0.00    0.00    0.00    0.00
09:52:44 AM    2    0.00    0.00    0.00    0.00    0.00    0.00    0.00    0.00    0.00  100.00
09:52:44 AM    3    0.00    0.00    0.00    0.00    0.00    0.00    0.00    0.00    0.00  100.00
09:52:44 AM    4    0.00    0.00    0.00    0.00    0.00    0.00    0.00    0.00    0.00  100.00
09:52:44 AM    5    0.00    0.00    0.00    0.00    0.00    0.00    0.00    0.00    0.00  100.00
09:52:44 AM    6    0.00    0.00    0.00    0.00    0.00    0.00    0.00    0.00    0.00  100.00
09:52:44 AM    7    0.00    0.00    0.00    0.00    0.00    0.00    0.00    0.00    0.00  100.00

09:52:44 AM  CPU    %usr   %nice    %sys %iowait    %irq   %soft  %steal  %guest  %gnice   %idle
09:52:45 AM  all    1.50    0.00   16.38    0.00    0.00    7.12    0.00    0.00    0.00   75.00
09:52:45 AM    0    6.06    0.00   66.67    0.00    0.00   27.27    0.00    0.00    0.00    0.00
09:52:45 AM    1    5.94    0.00   64.36    0.00    0.00   29.70    0.00    0.00    0.00    0.00
09:52:45 AM    2    0.00    0.00    0.00    0.00    0.00    0.00    0.00    0.00    0.00  100.00
09:52:45 AM    3    0.00    0.00    0.00    0.00    0.00    0.00    0.00    0.00    0.00  100.00
09:52:45 AM    4    0.00    0.00    0.00    0.00    0.00    0.00    0.00    0.00    0.00  100.00
09:52:45 AM    5    0.00    0.00    0.00    0.00    0.00    0.00    0.00    0.00    0.00  100.00
09:52:45 AM    6    0.00    0.00    0.00    0.00    0.00    0.00    0.00    0.00    0.00  100.00
09:52:45 AM    7    0.00    0.00    0.00    0.00    0.00    0.00    0.00    0.00    0.00  100.00

09:52:45 AM  CPU    %usr   %nice    %sys %iowait    %irq   %soft  %steal  %guest  %gnice   %idle
09:52:46 AM  all    1.49    0.00   16.31    0.00    0.00    7.35    0.00    0.00    0.00   74.84
09:52:46 AM    0    5.00    0.00   67.00    0.00    0.00   28.00    0.00    0.00    0.00    0.00
09:52:46 AM    1    6.93    0.00   63.37    0.00    0.00   29.70    0.00    0.00    0.00    0.00
09:52:46 AM    2    0.00    0.00    0.00    0.00    0.00    0.00    0.00    0.00    0.00  100.00
09:52:46 AM    3    0.00    0.00    0.00    0.00    0.00    0.99    0.00    0.00    0.00   99.01
09:52:46 AM    4    0.00    0.00    0.00    0.00    0.00    0.00    0.00    0.00    0.00  100.00
09:52:46 AM    5    0.00    0.00    0.00    0.00    0.00    0.00    0.00    0.00    0.00  100.00
09:52:46 AM    6    0.00    0.00    0.00    0.00    0.00    0.00    0.00    0.00    0.00  100.00
09:52:46 AM    7    0.00    0.00    0.00    0.00    0.00    0.00    0.00    0.00    0.00  100.00

09:52:46 AM  CPU    %usr   %nice    %sys %iowait    %irq   %soft  %steal  %guest  %gnice   %idle
09:52:47 AM  all    1.13    0.00   16.65    0.00    0.00    7.13    0.00    0.00    0.00   75.09
09:52:47 AM    0    5.00    0.00   68.00    0.00    0.00   27.00    0.00    0.00    0.00    0.00
09:52:47 AM    1    4.08    0.00   66.33    0.00    0.00   29.59    0.00    0.00    0.00    0.00
09:52:47 AM    2    0.00    0.00    0.00    0.00    0.00    0.99    0.00    0.00    0.00   99.01
09:52:47 AM    3    0.00    0.00    0.00    0.00    0.00    0.00    0.00    0.00    0.00  100.00
09:52:47 AM    4    0.00    0.00    0.00    0.00    0.00    0.00    0.00    0.00    0.00  100.00
09:52:47 AM    5    0.00    0.00    0.00    0.00    0.00    0.00    0.00    0.00    0.00  100.00
09:52:47 AM    6    0.00    0.00    0.00    0.00    0.00    0.00    0.00    0.00    0.00  100.00
09:52:47 AM    7    0.00    0.00    0.00    0.00    0.00    0.00    0.00    0.00    0.00  100.00

09:52:47 AM  CPU    %usr   %nice    %sys %iowait    %irq   %soft  %steal  %guest  %gnice   %idle
09:52:48 AM  all    1.37    0.00   16.33    0.00    0.25    7.23    0.00    0.00    0.00   74.81
09:52:48 AM    0    4.95    0.00   66.34    0.00    0.99   27.72    0.00    0.00    0.00    0.00
09:52:48 AM    1    5.94    0.00   63.37    0.00    0.99   29.70    0.00    0.00    0.00    0.00
09:52:48 AM    2    0.00    0.00    0.00    0.00    0.00    0.00    0.00    0.00    0.00  100.00
09:52:48 AM    3    0.00    0.00    0.00    0.00    0.00    0.00    0.00    0.00    0.00  100.00
09:52:48 AM    4    0.00    0.00    0.00    0.00    0.00    0.00    0.00    0.00    0.00  100.00
09:52:48 AM    5    0.00    0.00    0.00    0.00    0.00    0.00    0.00    0.00    0.00  100.00
09:52:48 AM    6    0.00    0.00    0.00    0.00    0.00    0.00    0.00    0.00    0.00  100.00
09:52:48 AM    7    0.00    0.00    0.00    0.00    0.00    0.00    0.00    0.00    0.00  100.00

09:52:48 AM  CPU    %usr   %nice    %sys %iowait    %irq   %soft  %steal  %guest  %gnice   %idle
09:52:49 AM  all    1.37    0.00   16.44    0.00    0.00    7.35    0.00    0.00    0.00   74.84
09:52:49 AM    0    5.00    0.00   67.00    0.00    0.00   28.00    0.00    0.00    0.00    0.00
09:52:49 AM    1    5.94    0.00   64.36    0.00    0.00   29.70    0.00    0.00    0.00    0.00
09:52:49 AM    2    0.00    0.00    0.00    0.00    0.00    0.00    0.00    0.00    0.00  100.00
09:52:49 AM    3    0.00    0.00    0.00    0.00    0.00    0.00    0.00    0.00    0.00  100.00
09:52:49 AM    4    0.00    0.00    0.00    0.00    0.00    0.00    0.00    0.00    0.00  100.00
09:52:49 AM    5    0.00    0.00    0.00    0.00    0.00    0.00    0.00    0.00    0.00  100.00
09:52:49 AM    6    0.00    0.00    0.00    0.00    0.00    0.00    0.00    0.00    0.00  100.00
09:52:49 AM    7    0.00    0.00    0.00    0.00    0.00    0.99    0.00    0.00    0.00   99.01

09:52:49 AM  CPU    %usr   %nice    %sys %iowait    %irq   %soft  %steal  %guest  %gnice   %idle
09:52:50 AM  all    1.50    0.00   16.27    0.00    0.00    7.13    0.00    0.00    0.00   75.09
09:52:50 AM    0    6.06    0.00   66.67    0.00    0.00   27.27    0.00    0.00    0.00    0.00
09:52:50 AM    1    6.06    0.00   64.65    0.00    0.00   29.29    0.00    0.00    0.00    0.00
09:52:50 AM    2    0.00    0.00    0.00    0.00    0.00    0.00    0.00    0.00    0.00  100.00
09:52:50 AM    3    0.00    0.00    0.00    0.00    0.00    0.00    0.00    0.00    0.00  100.00
09:52:50 AM    4    0.00    0.00    0.00    0.00    0.00    0.00    0.00    0.00    0.00  100.00
09:52:50 AM    5    0.00    0.00    0.00    0.00    0.00    0.99    0.00    0.00    0.00   99.01
09:52:50 AM    6    0.00    0.00    0.00    0.00    0.00    0.00    0.00    0.00    0.00  100.00
09:52:50 AM    7    0.00    0.00    0.00    0.00    0.00    0.00    0.00    0.00    0.00  100.00

09:52:50 AM  CPU    %usr   %nice    %sys %iowait    %irq   %soft  %steal  %guest  %gnice   %idle
09:52:51 AM  all    1.25    0.00   16.50    0.00    0.00    7.25    0.00    0.00    0.00   75.00
09:52:51 AM    0    5.00    0.00   67.00    0.00    0.00   28.00    0.00    0.00    0.00    0.00
09:52:51 AM    1    5.00    0.00   65.00    0.00    0.00   30.00    0.00    0.00    0.00    0.00
09:52:51 AM    2    0.00    0.00    0.00    0.00    0.00    0.00    0.00    0.00    0.00  100.00
09:52:51 AM    3    0.00    0.00    0.00    0.00    0.00    0.00    0.00    0.00    0.00  100.00
09:52:51 AM    4    0.00    0.00    0.00    0.00    0.00    0.00    0.00    0.00    0.00  100.00
09:52:51 AM    5    0.00    0.00    0.00    0.00    0.00    0.00    0.00    0.00    0.00  100.00
09:52:51 AM    6    0.00    0.00    0.00    0.00    0.00    0.00    0.00    0.00    0.00  100.00
09:52:51 AM    7    0.00    0.00    0.00    0.00    0.00    0.00    0.00    0.00    0.00  100.00

09:52:51 AM  CPU    %usr   %nice    %sys %iowait    %irq   %soft  %steal  %guest  %gnice   %idle
09:52:52 AM  all    1.50    0.00   16.33    0.00    0.25    7.11    0.00    0.00    0.00   74.81
09:52:52 AM    0    5.94    0.00   65.35    0.00    0.99   27.72    0.00    0.00    0.00    0.00
09:52:52 AM    1    5.94    0.00   64.36    0.00    0.99   28.71    0.00    0.00    0.00    0.00
09:52:52 AM    2    0.00    0.00    0.00    0.00    0.00    0.00    0.00    0.00    0.00  100.00
09:52:52 AM    3    0.00    0.00    0.00    0.00    0.00    0.00    0.00    0.00    0.00  100.00
09:52:52 AM    4    0.00    0.00    0.00    0.00    0.00    0.00    0.00    0.00    0.00  100.00
09:52:52 AM    5    0.00    0.00    0.00    0.00    0.00    0.00    0.00    0.00    0.00  100.00
09:52:52 AM    6    0.00    0.00    0.00    0.00    0.00    0.00    0.00    0.00    0.00  100.00
09:52:52 AM    7    0.00    0.00    0.00    0.00    0.00    0.00    0.00    0.00    0.00  100.00

09:52:52 AM  CPU    %usr   %nice    %sys %iowait    %irq   %soft  %steal  %guest  %gnice   %idle
09:52:53 AM  all    1.62    0.00   16.25    0.00    0.00    7.12    0.00    0.00    0.00   75.00
09:52:53 AM    0    7.00    0.00   66.00    0.00    0.00   27.00    0.00    0.00    0.00    0.00
09:52:53 AM    1    6.00    0.00   64.00    0.00    0.00   30.00    0.00    0.00    0.00    0.00
09:52:53 AM    2    0.00    0.00    0.00    0.00    0.00    0.00    0.00    0.00    0.00  100.00
09:52:53 AM    3    0.00    0.00    0.00    0.00    0.00    0.00    0.00    0.00    0.00  100.00
09:52:53 AM    4    0.00    0.00    0.00    0.00    0.00    0.00    0.00    0.00    0.00  100.00
09:52:53 AM    5    0.00    0.00    0.00    0.00    0.00    0.00    0.00    0.00    0.00  100.00
09:52:53 AM    6    0.00    0.00    0.00    0.00    0.00    0.00    0.00    0.00    0.00  100.00
09:52:53 AM    7    0.00    0.00    0.00    0.00    0.00    0.00    0.00    0.00    0.00  100.00

09:52:53 AM  CPU    %usr   %nice    %sys %iowait    %irq   %soft  %steal  %guest  %gnice   %idle
09:52:54 AM  all    1.25    0.00   16.44    0.00    0.12    7.22    0.00    0.00    0.00   74.97
09:52:54 AM    0    5.00    0.00   67.00    0.00    0.00   28.00    0.00    0.00    0.00    0.00
09:52:54 AM    1    5.00    0.00   65.00    0.00    0.00   30.00    0.00    0.00    0.00    0.00
09:52:54 AM    2    0.00    0.00    0.00    0.00    0.00    0.00    0.00    0.00    0.00  100.00
09:52:54 AM    3    0.00    0.00    0.00    0.00    0.99    0.00    0.00    0.00    0.00   99.01
09:52:54 AM    4    0.00    0.00    0.00    0.00    0.00    0.00    0.00    0.00    0.00  100.00
09:52:54 AM    5    0.00    0.00    0.00    0.00    0.00    0.00    0.00    0.00    0.00  100.00
09:52:54 AM    6    0.00    0.00    0.00    0.00    0.00    0.00    0.00    0.00    0.00  100.00
09:52:54 AM    7    0.00    0.00    0.00    0.00    0.00    0.00    0.00    0.00    0.00  100.00

09:52:54 AM  CPU    %usr   %nice    %sys %iowait    %irq   %soft  %steal  %guest  %gnice   %idle
09:52:55 AM  all    1.50    0.00   16.33    0.00    0.12    7.23    0.00    0.00    0.00   74.81
09:52:55 AM    0    6.00    0.00   66.00    0.00    0.00   28.00    0.00    0.00    0.00    0.00
09:52:55 AM    1    6.06    0.00   65.66    0.00    0.00   28.28    0.00    0.00    0.00    0.00
09:52:55 AM    2    0.00    0.00    0.00    0.00    0.00    0.99    0.00    0.00    0.00   99.01
09:52:55 AM    3    0.00    0.00    0.00    0.00    0.00    0.99    0.00    0.00    0.00   99.01
09:52:55 AM    4    0.00    0.00    0.00    0.00    0.00    0.00    0.00    0.00    0.00  100.00
09:52:55 AM    5    0.00    0.00    0.00    0.00    0.00    0.00    0.00    0.00    0.00  100.00
09:52:55 AM    6    0.00    0.00    0.00    0.00    0.00    0.00    0.00    0.00    0.00  100.00
09:52:55 AM    7    0.00    0.00    0.00    0.00    0.99    0.00    0.00    0.00    0.00   99.01

09:52:55 AM  CPU    %usr   %nice    %sys %iowait    %irq   %soft  %steal  %guest  %gnice   %idle
09:52:56 AM  all    1.12    0.00   16.69    0.00    0.25    7.22    0.00    0.00    0.00   74.72
09:52:56 AM    0    3.96    0.00   65.35    0.00    0.99   29.70    0.00    0.00    0.00    0.00
09:52:56 AM    1    4.90    0.00   66.67    0.00    0.98   27.45    0.00    0.00    0.00    0.00
09:52:56 AM    2    0.00    0.00    0.00    0.00    0.00    0.00    0.00    0.00    0.00  100.00
09:52:56 AM    3    0.00    0.00    0.00    0.00    0.00    0.00    0.00    0.00    0.00  100.00
09:52:56 AM    4    0.00    0.00    0.00    0.00    0.00    0.00    0.00    0.00    0.00  100.00
09:52:56 AM    5    0.00    0.00    0.00    0.00    0.00    0.00    0.00    0.00    0.00  100.00
09:52:56 AM    6    0.00    0.00    0.00    0.00    0.00    0.00    0.00    0.00    0.00  100.00
09:52:56 AM    7    0.00    0.00    0.00    0.00    0.00    0.00    0.00    0.00    0.00  100.00

09:52:56 AM  CPU    %usr   %nice    %sys %iowait    %irq   %soft  %steal  %guest  %gnice   %idle
09:52:57 AM  all    1.37    0.00   16.35    0.00    0.00    7.37    0.00    0.00    0.00   74.91
09:52:57 AM    0    6.00    0.00   64.00    0.00    0.00   30.00    0.00    0.00    0.00    0.00
09:52:57 AM    1    5.05    0.00   67.68    0.00    0.00   27.27    0.00    0.00    0.00    0.00
09:52:57 AM    2    0.00    0.00    0.00    0.00    0.00    0.00    0.00    0.00    0.00  100.00
09:52:57 AM    3    0.00    0.00    0.00    0.00    0.00    0.00    0.00    0.00    0.00  100.00
09:52:57 AM    4    0.00    0.00    0.00    0.00    0.00    0.00    0.00    0.00    0.00  100.00
09:52:57 AM    5    0.00    0.00    0.00    0.00    0.00    0.99    0.00    0.00    0.00   99.01
09:52:57 AM    6    0.00    0.00    0.00    0.00    0.00    0.00    0.00    0.00    0.00  100.00
09:52:57 AM    7    0.00    0.00    0.00    0.00    0.00    0.99    0.00    0.00    0.00   99.01

09:52:57 AM  CPU    %usr   %nice    %sys %iowait    %irq   %soft  %steal  %guest  %gnice   %idle
09:52:58 AM  all    1.50    0.00   16.38    0.00    0.00    7.12    0.00    0.00    0.00   75.00
09:52:58 AM    0    6.00    0.00   65.00    0.00    0.00   29.00    0.00    0.00    0.00    0.00
09:52:58 AM    1    6.00    0.00   66.00    0.00    0.00   28.00    0.00    0.00    0.00    0.00
09:52:58 AM    2    0.00    0.00    0.00    0.00    0.00    0.00    0.00    0.00    0.00  100.00
09:52:58 AM    3    0.00    0.00    0.00    0.00    0.00    0.00    0.00    0.00    0.00  100.00
09:52:58 AM    4    0.00    0.00    0.00    0.00    0.00    0.00    0.00    0.00    0.00  100.00
09:52:58 AM    5    0.00    0.00    0.00    0.00    0.00    0.00    0.00    0.00    0.00  100.00
09:52:58 AM    6    0.00    0.00    0.00    0.00    0.00    0.00    0.00    0.00    0.00  100.00
09:52:58 AM    7    0.00    0.00    0.00    0.00    0.00    0.00    0.00    0.00    0.00  100.00

09:52:58 AM  CPU    %usr   %nice    %sys %iowait    %irq   %soft  %steal  %guest  %gnice   %idle
09:52:59 AM  all    1.50    0.00   16.29    0.00    0.00    7.14    0.00    0.00    0.00   75.06
09:52:59 AM    0    6.00    0.00   64.00    0.00    0.00   30.00    0.00    0.00    0.00    0.00
09:52:59 AM    1    6.06    0.00   66.67    0.00    0.00   27.27    0.00    0.00    0.00    0.00
09:52:59 AM    2    0.00    0.00    0.00    0.00    0.00    0.00    0.00    0.00    0.00  100.00
09:52:59 AM    3    0.00    0.00    0.00    0.00    0.00    0.00    0.00    0.00    0.00  100.00
09:52:59 AM    4    0.00    0.00    0.00    0.00    0.00    0.00    0.00    0.00    0.00  100.00
09:52:59 AM    5    0.00    0.00    0.00    0.00    0.00    0.00    0.00    0.00    0.00  100.00
09:52:59 AM    6    0.00    0.00    0.00    0.00    0.00    0.00    0.00    0.00    0.00  100.00
09:52:59 AM    7    0.00    0.00    0.00    0.00    0.00    0.00    0.00    0.00    0.00  100.00

09:52:59 AM  CPU    %usr   %nice    %sys %iowait    %irq   %soft  %steal  %guest  %gnice   %idle
09:53:00 AM  all    1.49    0.00   16.29    0.00    0.25    7.21    0.00    0.00    0.00   74.75
09:53:00 AM    0    5.94    0.00   63.37    0.00    0.99   29.70    0.00    0.00    0.00    0.00
09:53:00 AM    1    5.88    0.00   65.69    0.00    0.98   27.45    0.00    0.00    0.00    0.00
09:53:00 AM    2    0.00    0.00    0.00    0.00    0.00    0.00    0.00    0.00    0.00  100.00
09:53:00 AM    3    0.00    0.00    0.00    0.00    0.00    0.00    0.00    0.00    0.00  100.00
09:53:00 AM    4    0.00    0.00    0.00    0.00    0.00    0.00    0.00    0.00    0.00  100.00
09:53:00 AM    5    0.00    0.00    0.00    0.00    0.00    0.00    0.00    0.00    0.00  100.00
09:53:00 AM    6    0.00    0.00    0.00    0.00    0.00    0.00    0.00    0.00    0.00  100.00
09:53:00 AM    7    0.00    0.00    0.00    0.00    0.00    0.00    0.00    0.00    0.00  100.00

09:53:00 AM  CPU    %usr   %nice    %sys %iowait    %irq   %soft  %steal  %guest  %gnice   %idle
09:53:01 AM  all    1.51    0.00   16.19    0.00    0.00    7.03    0.00    0.00    0.00   75.28
09:53:01 AM    0    6.12    0.00   64.29    0.00    0.00   29.59    0.00    0.00    0.00    0.00
09:53:01 AM    1    6.06    0.00   66.67    0.00    0.00   27.27    0.00    0.00    0.00    0.00
09:53:01 AM    2    0.00    0.00    0.00    0.00    0.00    0.00    0.00    0.00    0.00  100.00
09:53:01 AM    3    0.00    0.00    0.00    0.00    0.00    0.00    0.00    0.00    0.00  100.00
09:53:01 AM    4    0.00    0.00    0.00    0.00    0.00    0.00    0.00    0.00    0.00  100.00
09:53:01 AM    5    0.00    0.00    0.00    0.00    0.00    0.00    0.00    0.00    0.00  100.00
09:53:01 AM    6    0.00    0.00    0.00    0.00    0.00    0.00    0.00    0.00    0.00  100.00
09:53:01 AM    7    0.00    0.00    0.00    0.00    0.00    0.00    0.00    0.00    0.00  100.00

09:53:01 AM  CPU    %usr   %nice    %sys %iowait    %irq   %soft  %steal  %guest  %gnice   %idle
09:53:02 AM  all    1.25    0.00   16.50    0.00    0.00    7.50    0.00    0.00    0.00   74.75
09:53:02 AM    0    5.00    0.00   65.00    0.00    0.00   30.00    0.00    0.00    0.00    0.00
09:53:02 AM    1    5.00    0.00   67.00    0.00    0.00   28.00    0.00    0.00    0.00    0.00
09:53:02 AM    2    0.00    0.00    0.00    0.00    0.00    0.99    0.00    0.00    0.00   99.01
09:53:02 AM    3    0.00    0.00    0.00    0.00    0.00    0.99    0.00    0.00    0.00   99.01
09:53:02 AM    4    0.00    0.00    0.00    0.00    0.00    0.00    0.00    0.00    0.00  100.00
09:53:02 AM    5    0.00    0.00    0.00    0.00    0.00    0.00    0.00    0.00    0.00  100.00
09:53:02 AM    6    0.00    0.00    0.00    0.00    0.00    0.00    0.00    0.00    0.00  100.00
09:53:02 AM    7    0.00    0.00    0.00    0.00    0.00    0.00    0.00    0.00    0.00  100.00

09:53:02 AM  CPU    %usr   %nice    %sys %iowait    %irq   %soft  %steal  %guest  %gnice   %idle
09:53:03 AM  all    1.63    0.00   16.40    0.00    0.00    7.01    0.00    0.00    0.00   74.97
09:53:03 AM    0    7.00    0.00   64.00    0.00    0.00   29.00    0.00    0.00    0.00    0.00
09:53:03 AM    1    6.00    0.00   67.00    0.00    0.00   27.00    0.00    0.00    0.00    0.00
09:53:03 AM    2    0.00    0.00    0.00    0.00    0.00    0.00    0.00    0.00    0.00  100.00
09:53:03 AM    3    0.00    0.00    0.00    0.00    0.00    0.00    0.00    0.00    0.00  100.00
09:53:03 AM    4    0.00    0.00    0.00    0.00    0.00    0.00    0.00    0.00    0.00  100.00
09:53:03 AM    5    0.00    0.00    0.00    0.00    0.00    0.00    0.00    0.00    0.00  100.00
09:53:03 AM    6    0.00    0.00    0.00    0.00    0.00    0.00    0.00    0.00    0.00  100.00
09:53:03 AM    7    0.00    0.00    0.00    0.00    0.00    0.00    0.00    0.00    0.00  100.00

09:53:03 AM  CPU    %usr   %nice    %sys %iowait    %irq   %soft  %steal  %guest  %gnice   %idle
09:53:04 AM  all    1.62    0.00   16.19    0.00    0.25    7.22    0.00    0.00    0.00   74.72
09:53:04 AM    0    6.93    0.00   63.37    0.00    0.99   28.71    0.00    0.00    0.00    0.00
09:53:04 AM    1    5.94    0.00   65.35    0.00    0.99   27.72    0.00    0.00    0.00    0.00
09:53:04 AM    2    0.00    0.00    0.00    0.00    0.00    0.00    0.00    0.00    0.00  100.00
09:53:04 AM    3    0.00    0.00    0.00    0.00    0.00    0.00    0.00    0.00    0.00  100.00
09:53:04 AM    4    0.00    0.00    0.00    0.00    0.00    0.00    0.00    0.00    0.00  100.00
09:53:04 AM    5    0.00    0.00    0.00    0.00    0.00    0.00    0.00    0.00    0.00  100.00
09:53:04 AM    6    0.00    0.00    0.00    0.00    0.00    0.00    0.00    0.00    0.00  100.00
09:53:04 AM    7    0.00    0.00    0.00    0.00    0.00    0.99    0.00    0.00    0.00   99.01

09:53:04 AM  CPU    %usr   %nice    %sys %iowait    %irq   %soft  %steal  %guest  %gnice   %idle
09:53:05 AM  all    1.12    0.00   16.48    0.00    0.00    7.37    0.00    0.00    0.00   75.03
09:53:05 AM    0    5.00    0.00   67.00    0.00    0.00   28.00    0.00    0.00    0.00    0.00
09:53:05 AM    1    4.04    0.00   65.66    0.00    0.00   30.30    0.00    0.00    0.00    0.00
09:53:05 AM    2    0.00    0.00    0.00    0.00    0.00    0.00    0.00    0.00    0.00  100.00
09:53:05 AM    3    0.00    0.00    0.00    0.00    0.00    0.00    0.00    0.00    0.00  100.00
09:53:05 AM    4    0.00    0.00    0.00    0.00    0.00    0.00    0.00    0.00    0.00  100.00
09:53:05 AM    5    0.00    0.00    0.00    0.00    0.00    0.99    0.00    0.00    0.00   99.01
09:53:05 AM    6    0.00    0.00    0.00    0.00    0.00    0.00    0.00    0.00    0.00  100.00
09:53:05 AM    7    0.00    0.00    0.00    0.00    0.00    0.00    0.00    0.00    0.00  100.00

09:53:05 AM  CPU    %usr   %nice    %sys %iowait    %irq   %soft  %steal  %guest  %gnice   %idle
09:53:06 AM  all    1.61    0.00   16.27    0.00    0.00    7.08    0.00    0.00    0.00   75.03
09:53:06 AM    0    7.00    0.00   66.00    0.00    0.00   27.00    0.00    0.00    0.00    0.00
09:53:06 AM    1    5.94    0.00   64.36    0.00    0.00   29.70    0.00    0.00    0.00    0.00
09:53:06 AM    2    0.00    0.00    0.00    0.00    0.00    0.00    0.00    0.00    0.00  100.00
09:53:06 AM    3    0.00    0.00    0.00    0.00    0.00    0.00    0.00    0.00    0.00  100.00
09:53:06 AM    4    0.00    0.00    0.00    0.00    0.00    0.00    0.00    0.00    0.00  100.00
09:53:06 AM    5    0.00    0.00    0.00    0.00    0.00    0.00    0.00    0.00    0.00  100.00
09:53:06 AM    6    0.00    0.00    0.00    0.00    0.00    0.00    0.00    0.00    0.00  100.00
09:53:06 AM    7    0.00    0.00    0.00    0.00    0.00    0.00    0.00    0.00    0.00  100.00

Average:     CPU    %usr   %nice    %sys %iowait    %irq   %soft  %steal  %guest  %gnice   %idle
Average:     all    1.40    0.00   16.28    0.00    0.07    7.15    0.00    0.00    0.00   75.10
Average:       0    5.63    0.00   65.17    0.00    0.23   28.31    0.00    0.00    0.00    0.67
Average:       1    5.56    0.00   65.13    0.00    0.23   28.40    0.00    0.00    0.00    0.67
Average:       2    0.00    0.00    0.00    0.00    0.00    0.13    0.00    0.00    0.00   99.87
Average:       3    0.00    0.00    0.00    0.00    0.03    0.13    0.00    0.00    0.00   99.83
Average:       4    0.00    0.00    0.00    0.00    0.00    0.00    0.00    0.00    0.00  100.00
Average:       5    0.00    0.00    0.00    0.00    0.00    0.13    0.00    0.00    0.00   99.87
Average:       6    0.00    0.00    0.00    0.00    0.00    0.00    0.00    0.00    0.00  100.00
Average:       7    0.00    0.00    0.00    0.00    0.03    0.13    0.00    0.00    0.00   99.83
