Linux 7.0.9 (hp3) 	06/16/2026 	_x86_64_	(8 CPU)

07:48:44 PM  CPU    %usr   %nice    %sys %iowait    %irq   %soft  %steal  %guest  %gnice   %idle
07:48:45 PM  all    0.12    0.00   15.23    0.00    0.25   12.98    0.00    0.00    0.00   71.41
07:48:45 PM    0    1.00    0.00   60.00    0.00    0.00   12.00    0.00    0.00    0.00   27.00
07:48:45 PM    1    0.00    0.00   60.61    0.00    0.00   12.12    0.00    0.00    0.00   27.27
07:48:45 PM    2    0.00    0.00    0.00    0.00    0.00   18.81    0.00    0.00    0.00   81.19
07:48:45 PM    3    0.00    0.00    0.00    0.00    0.00    2.02    0.00    0.00    0.00   97.98
07:48:45 PM    4    0.00    0.00    0.00    0.00    0.98   16.67    0.00    0.00    0.00   82.35
07:48:45 PM    5    0.00    0.00    0.00    0.00    0.00    0.00    0.00    0.00    0.00  100.00
07:48:45 PM    6    0.00    0.00    1.01    0.00    0.00   20.20    0.00    0.00    0.00   78.79
07:48:45 PM    7    0.00    0.00    0.99    0.00    0.99   21.78    0.00    0.00    0.00   76.24

07:48:45 PM  CPU    %usr   %nice    %sys %iowait    %irq   %soft  %steal  %guest  %gnice   %idle
07:48:46 PM  all    0.12    0.00   19.60    0.00    0.50   16.48    0.00    0.00    0.00   63.30
07:48:46 PM    0    0.00    0.00   78.35    0.00    0.00   14.43    0.00    0.00    0.00    7.22
07:48:46 PM    1    1.00    0.00   76.00    0.00    1.00   14.00    0.00    0.00    0.00    8.00
07:48:46 PM    2    0.00    0.00    0.00    0.00    0.95   24.76    0.00    0.00    0.00   74.29
07:48:46 PM    3    0.00    0.00    0.00    0.00    1.00    2.00    0.00    0.00    0.00   97.00
07:48:46 PM    4    0.00    0.00    0.00    0.00    0.00   24.24    0.00    0.00    0.00   75.76
07:48:46 PM    5    0.00    0.00    0.00    0.00    0.00    0.00    0.00    0.00    0.00  100.00
07:48:46 PM    6    0.00    0.00    2.00    0.00    1.00   25.00    0.00    0.00    0.00   72.00
07:48:46 PM    7    0.00    0.00    3.00    0.00    0.00   27.00    0.00    0.00    0.00   70.00

07:48:46 PM  CPU    %usr   %nice    %sys %iowait    %irq   %soft  %steal  %guest  %gnice   %idle
07:48:47 PM  all    0.12    0.00   20.92    0.00    0.50   16.71    0.00    0.00    0.00   61.76
07:48:47 PM    0    0.99    0.00   77.23    0.00    0.99   12.87    0.00    0.00    0.00    7.92
07:48:47 PM    1    0.00    0.00   79.59    0.00    0.00   13.27    0.00    0.00    0.00    7.14
07:48:47 PM    2    0.00    0.00    0.94    0.00    0.94   26.42    0.00    0.00    0.00   71.70
07:48:47 PM    3    0.00    0.00    0.00    0.00    1.00    2.00    0.00    0.00    0.00   97.00
07:48:47 PM    4    0.00    0.00    0.00    0.00    0.98   23.53    0.00    0.00    0.00   75.49
07:48:47 PM    5    0.00    0.00    0.00    0.00    0.00    0.00    0.00    0.00    0.00  100.00
07:48:47 PM    6    0.00    0.00    5.94    0.00    0.00   23.76    0.00    0.00    0.00   70.30
07:48:47 PM    7    0.00    0.00    6.06    0.00    0.00   31.31    0.00    0.00    0.00   62.63

07:48:47 PM  CPU    %usr   %nice    %sys %iowait    %irq   %soft  %steal  %guest  %gnice   %idle
07:48:48 PM  all    0.12    0.00   22.19    0.00    0.37   16.08    0.00    0.00    0.00   61.22
07:48:48 PM    0    0.00    0.00   79.38    0.00    0.00   14.43    0.00    0.00    0.00    6.19
07:48:48 PM    1    1.02    0.00   79.59    0.00    0.00   14.29    0.00    0.00    0.00    5.10
07:48:48 PM    2    0.00    0.00    0.00    0.00    0.95   25.71    0.00    0.00    0.00   73.33
07:48:48 PM    3    0.00    0.00    0.00    0.00    1.00    2.00    0.00    0.00    0.00   97.00
07:48:48 PM    4    0.00    0.00    1.00    0.00    0.00   26.00    0.00    0.00    0.00   73.00
07:48:48 PM    5    0.00    0.00    0.00    0.00    0.00    0.00    0.00    0.00    0.00  100.00
07:48:48 PM    6    0.00    0.00   11.00    0.00    0.00   23.00    0.00    0.00    0.00   66.00
07:48:48 PM    7    0.00    0.00   10.78    0.00    0.98   22.55    0.00    0.00    0.00   65.69

07:48:48 PM  CPU    %usr   %nice    %sys %iowait    %irq   %soft  %steal  %guest  %gnice   %idle
07:48:49 PM  all    0.12    0.00   20.02    0.00    0.62   16.04    0.00    0.00    0.00   63.18
07:48:49 PM    0    0.99    0.00   75.25    0.00    0.99   13.86    0.00    0.00    0.00    8.91
07:48:49 PM    1    0.00    0.00   77.78    0.00    1.01   14.14    0.00    0.00    0.00    7.07
07:48:49 PM    2    0.00    0.00    0.00    0.00    0.96   25.00    0.00    0.00    0.00   74.04
07:48:49 PM    3    0.00    0.00    0.00    0.00    0.00    1.02    0.00    0.00    0.00   98.98
07:48:49 PM    4    0.00    0.00    0.00    0.00    0.99   22.77    0.00    0.00    0.00   76.24
07:48:49 PM    5    0.00    0.00    0.00    0.00    0.00    0.00    0.00    0.00    0.00  100.00
07:48:49 PM    6    0.00    0.00    3.96    0.00    0.99   27.72    0.00    0.00    0.00   67.33
07:48:49 PM    7    0.00    0.00    4.00    0.00    0.00   23.00    0.00    0.00    0.00   73.00

07:48:49 PM  CPU    %usr   %nice    %sys %iowait    %irq   %soft  %steal  %guest  %gnice   %idle
07:48:50 PM  all    0.12    0.00   19.00    0.00    0.25   16.12    0.00    0.00    0.00   64.50
07:48:50 PM    0    1.02    0.00   74.49    0.00    0.00   14.29    0.00    0.00    0.00   10.20
07:48:50 PM    1    0.00    0.00   75.76    0.00    0.00   15.15    0.00    0.00    0.00    9.09
07:48:50 PM    2    0.00    0.00    0.00    0.00    0.96   24.04    0.00    0.00    0.00   75.00
07:48:50 PM    3    0.00    0.00    0.00    0.00    1.00    2.00    0.00    0.00    0.00   97.00
07:48:50 PM    4    0.00    0.00    0.00    0.00    0.00   24.00    0.00    0.00    0.00   76.00
07:48:50 PM    5    0.00    0.00    0.00    0.00    0.00    0.00    0.00    0.00    0.00  100.00
07:48:50 PM    6    0.00    0.00    1.98    0.00    0.00   24.75    0.00    0.00    0.00   73.27
07:48:50 PM    7    0.00    0.00    2.04    0.00    0.00   24.49    0.00    0.00    0.00   73.47

07:48:50 PM  CPU    %usr   %nice    %sys %iowait    %irq   %soft  %steal  %guest  %gnice   %idle
07:48:51 PM  all    0.25    0.00   19.40    0.00    0.62   15.80    0.00    0.00    0.00   63.93
07:48:51 PM    0    1.03    0.00   75.26    0.00    0.00   14.43    0.00    0.00    0.00    9.28
07:48:51 PM    1    1.00    0.00   75.00    0.00    1.00   15.00    0.00    0.00    0.00    8.00
07:48:51 PM    2    0.00    0.00    0.96    0.00    0.96   24.04    0.00    0.00    0.00   74.04
07:48:51 PM    3    0.00    0.00    1.00    0.00    1.00    2.00    0.00    0.00    0.00   96.00
07:48:51 PM    4    0.00    0.00    0.99    0.00    0.99   21.78    0.00    0.00    0.00   76.24
07:48:51 PM    5    0.00    0.00    0.00    0.00    0.00    0.00    0.00    0.00    0.00  100.00
07:48:51 PM    6    0.00    0.00    2.02    0.00    0.00   25.25    0.00    0.00    0.00   72.73
07:48:51 PM    7    0.00    0.00    2.91    0.00    0.97   23.30    0.00    0.00    0.00   72.82

07:48:51 PM  CPU    %usr   %nice    %sys %iowait    %irq   %soft  %steal  %guest  %gnice   %idle
07:48:52 PM  all    0.12    0.00   20.02    0.00    0.62   16.17    0.00    0.00    0.00   63.06
07:48:52 PM    0    1.00    0.00   76.00    0.00    1.00   15.00    0.00    0.00    0.00    7.00
07:48:52 PM    1    0.00    0.00   77.55    0.00    0.00   14.29    0.00    0.00    0.00    8.16
07:48:52 PM    2    0.00    0.00    0.00    0.00    0.97   22.33    0.00    0.00    0.00   76.70
07:48:52 PM    3    0.00    0.00    0.00    0.00    0.99    2.97    0.00    0.00    0.00   96.04
07:48:52 PM    4    0.00    0.00    0.00    0.00    0.99   21.78    0.00    0.00    0.00   77.23
07:48:52 PM    5    0.00    0.00    0.00    0.00    0.00    0.00    0.00    0.00    0.00  100.00
07:48:52 PM    6    0.00    0.00    4.90    0.00    0.98   24.51    0.00    0.00    0.00   69.61
07:48:52 PM    7    0.00    0.00    4.04    0.00    0.00   28.28    0.00    0.00    0.00   67.68

07:48:52 PM  CPU    %usr   %nice    %sys %iowait    %irq   %soft  %steal  %guest  %gnice   %idle
07:48:53 PM  all    0.13    0.00   21.03    0.00    0.25   16.40    0.00    0.00    0.00   62.20
07:48:53 PM    0    0.00    0.00   80.41    0.00    0.00   14.43    0.00    0.00    0.00    5.15
07:48:53 PM    1    1.01    0.00   77.78    0.00    0.00   15.15    0.00    0.00    0.00    6.06
07:48:53 PM    2    0.00    0.00    0.00    0.00    0.96   24.04    0.00    0.00    0.00   75.00
07:48:53 PM    3    0.00    0.00    0.00    0.00    1.01    2.02    0.00    0.00    0.00   96.97
07:48:53 PM    4    0.00    0.00    0.00    0.00    0.00   23.00    0.00    0.00    0.00   77.00
07:48:53 PM    5    0.00    0.00    0.00    0.00    0.00    0.00    0.00    0.00    0.00  100.00
07:48:53 PM    6    0.00    0.00    7.00    0.00    0.00   28.00    0.00    0.00    0.00   65.00
07:48:53 PM    7    0.00    0.00    6.00    0.00    0.00   24.00    0.00    0.00    0.00   70.00

07:48:53 PM  CPU    %usr   %nice    %sys %iowait    %irq   %soft  %steal  %guest  %gnice   %idle
07:48:54 PM  all    0.25    0.00   19.93    0.00    0.62   16.06    0.00    0.00    0.00   63.14
07:48:54 PM    0    1.01    0.00   74.75    0.00    1.01   14.14    0.00    0.00    0.00    9.09
07:48:54 PM    1    1.00    0.00   76.00    0.00    1.00   14.00    0.00    0.00    0.00    8.00
07:48:54 PM    2    0.00    0.00    0.96    0.00    0.96   20.19    0.00    0.00    0.00   77.88
07:48:54 PM    3    0.00    0.00    0.00    0.00    0.00    2.02    0.00    0.00    0.00   97.98
07:48:54 PM    4    0.00    0.00    0.99    0.00    0.99   24.75    0.00    0.00    0.00   73.27
07:48:54 PM    5    0.00    0.00    0.00    0.00    0.00    0.00    0.00    0.00    0.00  100.00
07:48:54 PM    6    0.00    0.00    4.00    0.00    1.00   26.00    0.00    0.00    0.00   69.00
07:48:54 PM    7    0.00    0.00    4.00    0.00    0.00   27.00    0.00    0.00    0.00   69.00

07:48:54 PM  CPU    %usr   %nice    %sys %iowait    %irq   %soft  %steal  %guest  %gnice   %idle
07:48:55 PM  all    0.12    0.00   21.07    0.00    0.37   15.84    0.00    0.00    0.00   62.59
07:48:55 PM    0    1.01    0.00   77.78    0.00    0.00   14.14    0.00    0.00    0.00    7.07
07:48:55 PM    1    0.00    0.00   78.35    0.00    0.00   13.40    0.00    0.00    0.00    8.25
07:48:55 PM    2    0.00    0.00    0.00    0.00    0.95   21.90    0.00    0.00    0.00   77.14
07:48:55 PM    3    0.00    0.00    0.00    0.00    1.01    2.02    0.00    0.00    0.00   96.97
07:48:55 PM    4    0.00    0.00    0.00    0.00    0.00   26.00    0.00    0.00    0.00   74.00
07:48:55 PM    5    0.00    0.00    0.00    0.00    0.00    0.00    0.00    0.00    0.00  100.00
07:48:55 PM    6    0.00    0.00    7.92    0.00    0.00   22.77    0.00    0.00    0.00   69.31
07:48:55 PM    7    0.00    0.00    7.92    0.00    0.99   25.74    0.00    0.00    0.00   65.35

07:48:55 PM  CPU    %usr   %nice    %sys %iowait    %irq   %soft  %steal  %guest  %gnice   %idle
07:48:56 PM  all    0.00    0.00   19.28    0.25    0.25   15.80    0.00    0.00    0.00   64.43
07:48:56 PM    0    0.00    0.00   73.47    1.02    0.00   13.27    0.00    0.00    0.00   12.24
07:48:56 PM    1    0.00    0.00   73.74    1.01    0.00   14.14    0.00    0.00    0.00   11.11
07:48:56 PM    2    0.00    0.00    0.00    0.00    0.00   23.30    0.00    0.00    0.00   76.70
07:48:56 PM    3    0.00    0.00    0.00    0.00    0.99    1.98    0.00    0.00    0.00   97.03
07:48:56 PM    4    0.00    0.00    0.98    0.00    0.98   21.57    0.00    0.00    0.00   76.47
07:48:56 PM    5    0.00    0.00    0.00    0.00    0.00    0.00    0.00    0.00    0.00  100.00
07:48:56 PM    6    0.00    0.00    4.00    0.00    0.00   28.00    0.00    0.00    0.00   68.00
07:48:56 PM    7    0.00    0.00    4.95    0.00    0.00   23.76    0.00    0.00    0.00   71.29

07:48:56 PM  CPU    %usr   %nice    %sys %iowait    %irq   %soft  %steal  %guest  %gnice   %idle
07:48:57 PM  all    0.12    0.00   19.48    0.00    0.62   16.60    0.00    0.00    0.00   63.17
07:48:57 PM    0    0.00    0.00   77.00    0.00    1.00   15.00    0.00    0.00    0.00    7.00
07:48:57 PM    1    1.02    0.00   75.51    0.00    1.02   15.31    0.00    0.00    0.00    7.14
07:48:57 PM    2    0.00    0.00    0.95    0.00    0.95   26.67    0.00    0.00    0.00   71.43
07:48:57 PM    3    0.00    0.00    0.00    0.00    1.01    1.01    0.00    0.00    0.00   97.98
07:48:57 PM    4    0.00    0.00    0.00    0.00    0.00   24.00    0.00    0.00    0.00   76.00
07:48:57 PM    5    0.00    0.00    0.00    0.00    0.00    0.00    0.00    0.00    0.00  100.00
07:48:57 PM    6    0.00    0.00    2.00    0.00    1.00   25.00    0.00    0.00    0.00   72.00
07:48:57 PM    7    0.00    0.00    2.02    0.00    0.00   25.25    0.00    0.00    0.00   72.73

07:48:57 PM  CPU    %usr   %nice    %sys %iowait    %irq   %soft  %steal  %guest  %gnice   %idle
07:48:58 PM  all    0.12    0.00   21.07    0.00    0.25   16.08    0.00    0.00    0.00   62.47
07:48:58 PM    0    1.02    0.00   78.57    0.00    0.00   14.29    0.00    0.00    0.00    6.12
07:48:58 PM    1    0.00    0.00   77.78    0.00    0.00   14.14    0.00    0.00    0.00    8.08
07:48:58 PM    2    0.00    0.00    0.00    0.00    0.95   22.86    0.00    0.00    0.00   76.19
07:48:58 PM    3    0.00    0.00    1.01    0.00    0.00    2.02    0.00    0.00    0.00   96.97
07:48:58 PM    4    0.00    0.00    0.00    0.00    1.00   24.00    0.00    0.00    0.00   75.00
07:48:58 PM    5    0.00    0.00    0.00    0.00    0.00    0.00    0.00    0.00    0.00  100.00
07:48:58 PM    6    0.00    0.00    6.93    0.00    0.00   24.75    0.00    0.00    0.00   68.32
07:48:58 PM    7    0.00    0.00    7.00    0.00    0.00   26.00    0.00    0.00    0.00   67.00

07:48:58 PM  CPU    %usr   %nice    %sys %iowait    %irq   %soft  %steal  %guest  %gnice   %idle
07:48:59 PM  all    0.25    0.00   20.32    0.00    0.62   16.11    0.00    0.00    0.00   62.70
07:48:59 PM    0    1.01    0.00   75.76    0.00    1.01   15.15    0.00    0.00    0.00    7.07
07:48:59 PM    1    1.01    0.00   75.76    0.00    1.01   13.13    0.00    0.00    0.00    9.09
07:48:59 PM    2    0.00    0.00    0.94    0.00    0.94   25.47    0.00    0.00    0.00   72.64
07:48:59 PM    3    0.00    0.00    0.00    0.00    0.99    1.98    0.00    0.00    0.00   97.03
07:48:59 PM    4    0.00    0.00    0.99    0.00    0.00   24.75    0.00    0.00    0.00   74.26
07:48:59 PM    5    0.00    0.00    0.00    0.00    0.00    0.00    0.00    0.00    0.00  100.00
07:48:59 PM    6    0.00    0.00    6.00    0.00    0.00   24.00    0.00    0.00    0.00   70.00
07:48:59 PM    7    0.00    0.00    5.94    0.00    0.99   23.76    0.00    0.00    0.00   69.31

07:48:59 PM  CPU    %usr   %nice    %sys %iowait    %irq   %soft  %steal  %guest  %gnice   %idle
07:49:00 PM  all    0.12    0.00   20.57    0.00    0.50   16.48    0.00    0.00    0.00   62.33
07:49:00 PM    0    0.00    0.00   77.78    0.00    0.00   14.14    0.00    0.00    0.00    8.08
07:49:00 PM    1    1.00    0.00   77.00    0.00    0.00   15.00    0.00    0.00    0.00    7.00
07:49:00 PM    2    0.00    0.00    0.00    0.00    0.94   29.25    0.00    0.00    0.00   69.81
07:49:00 PM    3    0.00    0.00    0.00    0.00    1.01    2.02    0.00    0.00    0.00   96.97
07:49:00 PM    4    0.00    0.00    0.00    0.00    0.99   21.78    0.00    0.00    0.00   77.23
07:49:00 PM    5    0.00    0.00    0.00    0.00    0.00    0.00    0.00    0.00    0.00  100.00
07:49:00 PM    6    0.00    0.00    6.86    0.00    0.98   25.49    0.00    0.00    0.00   66.67
07:49:00 PM    7    0.00    0.00    5.00    0.00    0.00   23.00    0.00    0.00    0.00   72.00

07:49:00 PM  CPU    %usr   %nice    %sys %iowait    %irq   %soft  %steal  %guest  %gnice   %idle
07:49:01 PM  all    0.12    0.00   20.00    0.00    0.12   15.62    0.00    0.00    0.00   64.12
07:49:01 PM    0    1.02    0.00   73.47    0.00    0.00   13.27    0.00    0.00    0.00   12.24
07:49:01 PM    1    0.00    0.00   76.53    0.00    0.00   12.24    0.00    0.00    0.00   11.22
07:49:01 PM    2    0.00    0.00    0.00    0.00    0.95   25.71    0.00    0.00    0.00   73.33
07:49:01 PM    3    0.00    0.00    0.00    0.00    0.00    2.00    0.00    0.00    0.00   98.00
07:49:01 PM    4    0.00    0.00    0.99    0.00    0.00   21.78    0.00    0.00    0.00   77.23
07:49:01 PM    5    0.00    0.00    0.00    0.00    0.00    0.00    0.00    0.00    0.00  100.00
07:49:01 PM    6    0.00    0.00    6.06    0.00    0.00   25.25    0.00    0.00    0.00   68.69
07:49:01 PM    7    0.00    0.00    6.06    0.00    0.00   24.24    0.00    0.00    0.00   69.70

07:49:01 PM  CPU    %usr   %nice    %sys %iowait    %irq   %soft  %steal  %guest  %gnice   %idle
07:49:02 PM  all    0.12    0.00   20.27    0.00    0.62   16.17    0.00    0.00    0.00   62.81
07:49:02 PM    0    0.00    0.00   77.32    0.00    1.03   12.37    0.00    0.00    0.00    9.28
07:49:02 PM    1    1.02    0.00   74.49    0.00    1.02   13.27    0.00    0.00    0.00   10.20
07:49:02 PM    2    0.00    0.00    0.95    0.00    0.95   25.71    0.00    0.00    0.00   72.38
07:49:02 PM    3    0.00    0.00    0.00    0.00    1.01    2.02    0.00    0.00    0.00   96.97
07:49:02 PM    4    0.00    0.00    0.00    0.00    0.98   25.49    0.00    0.00    0.00   73.53
07:49:02 PM    5    0.00    0.00    0.00    0.00    0.00    0.00    0.00    0.00    0.00  100.00
07:49:02 PM    6    0.00    0.00    6.93    0.00    0.00   23.76    0.00    0.00    0.00   69.31
07:49:02 PM    7    0.00    0.00    6.93    0.00    0.00   25.74    0.00    0.00    0.00   67.33

07:49:02 PM  CPU    %usr   %nice    %sys %iowait    %irq   %soft  %steal  %guest  %gnice   %idle
07:49:03 PM  all    0.25    0.00   20.72    0.00    0.50   16.13    0.00    0.00    0.00   62.41
07:49:03 PM    0    1.00    0.00   76.00    0.00    0.00   15.00    0.00    0.00    0.00    8.00
07:49:03 PM    1    1.01    0.00   77.78    0.00    0.00   14.14    0.00    0.00    0.00    7.07
07:49:03 PM    2    0.00    0.00    0.00    0.00    0.93   26.17    0.00    0.00    0.00   72.90
07:49:03 PM    3    0.00    0.00    0.00    0.00    1.00    2.00    0.00    0.00    0.00   97.00
07:49:03 PM    4    0.00    0.00    0.00    0.00    0.00   22.22    0.00    0.00    0.00   77.78
07:49:03 PM    5    0.00    0.00    0.00    0.00    0.00    0.00    0.00    0.00    0.00  100.00
07:49:03 PM    6    0.00    0.00    6.93    0.00    0.99   24.75    0.00    0.00    0.00   67.33
07:49:03 PM    7    0.00    0.00    7.00    0.00    1.00   24.00    0.00    0.00    0.00   68.00

07:49:03 PM  CPU    %usr   %nice    %sys %iowait    %irq   %soft  %steal  %guest  %gnice   %idle
07:49:04 PM  all    0.00    0.00   20.77    0.00    0.50   15.67    0.00    0.00    0.00   63.06
07:49:04 PM    0    0.00    0.00   76.00    0.00    1.00   13.00    0.00    0.00    0.00   10.00
07:49:04 PM    1    0.00    0.00   75.51    0.00    0.00   13.27    0.00    0.00    0.00   11.22
07:49:04 PM    2    0.00    0.00    0.96    0.00    0.96   25.00    0.00    0.00    0.00   73.08
07:49:04 PM    3    0.00    0.00    0.99    0.00    0.99    1.98    0.00    0.00    0.00   96.04
07:49:04 PM    4    0.00    0.00    0.00    0.00    0.99   19.80    0.00    0.00    0.00   79.21
07:49:04 PM    5    0.00    0.00    0.00    0.00    0.00    0.00    0.00    0.00    0.00  100.00
07:49:04 PM    6    0.00    0.00    7.00    0.00    0.00   27.00    0.00    0.00    0.00   66.00
07:49:04 PM    7    0.00    0.00    8.00    0.00    0.00   25.00    0.00    0.00    0.00   67.00

07:49:04 PM  CPU    %usr   %nice    %sys %iowait    %irq   %soft  %steal  %guest  %gnice   %idle
07:49:05 PM  all    0.12    0.00   19.62    0.00    0.38   16.38    0.00    0.00    0.00   63.50
07:49:05 PM    0    0.00    0.00   78.35    0.00    0.00   13.40    0.00    0.00    0.00    8.25
07:49:05 PM    1    1.01    0.00   75.76    0.00    1.01   13.13    0.00    0.00    0.00    9.09
07:49:05 PM    2    0.00    0.00    0.00    0.00    0.96   24.04    0.00    0.00    0.00   75.00
07:49:05 PM    3    0.00    0.00    0.00    0.00    0.00    1.02    0.00    0.00    0.00   98.98
07:49:05 PM    4    0.00    0.00    0.99    0.00    0.00   24.75    0.00    0.00    0.00   74.26
07:49:05 PM    5    0.00    0.00    0.00    0.00    0.00    0.00    0.00    0.00    0.00  100.00
07:49:05 PM    6    0.00    0.00    2.97    0.00    0.99   27.72    0.00    0.00    0.00   68.32
07:49:05 PM    7    0.00    0.00    2.00    0.00    0.00   26.00    0.00    0.00    0.00   72.00

07:49:05 PM  CPU    %usr   %nice    %sys %iowait    %irq   %soft  %steal  %guest  %gnice   %idle
07:49:06 PM  all    0.25    0.00   19.58    0.00    0.50   16.48    0.00    0.00    0.00   63.20
07:49:06 PM    0    1.01    0.00   75.76    0.00    0.00   15.15    0.00    0.00    0.00    8.08
07:49:06 PM    1    0.99    0.00   75.25    0.00    0.00   15.84    0.00    0.00    0.00    7.92
07:49:06 PM    2    0.00    0.00    0.95    0.00    0.95   25.71    0.00    0.00    0.00   72.38
07:49:06 PM    3    0.00    0.00    0.00    0.00    0.99    2.97    0.00    0.00    0.00   96.04
07:49:06 PM    4    0.00    0.00    0.00    0.00    1.00   25.00    0.00    0.00    0.00   74.00
07:49:06 PM    5    0.00    0.00    0.00    0.00    0.00    0.00    0.00    0.00    0.00  100.00
07:49:06 PM    6    0.00    0.00    3.00    0.00    0.00   24.00    0.00    0.00    0.00   73.00
07:49:06 PM    7    0.00    0.00    2.97    0.00    0.99   22.77    0.00    0.00    0.00   73.27

07:49:06 PM  CPU    %usr   %nice    %sys %iowait    %irq   %soft  %steal  %guest  %gnice   %idle
07:49:07 PM  all    0.00    0.00   19.95    0.00    0.38   15.93    0.00    0.00    0.00   63.74
07:49:07 PM    0    0.00    0.00   75.51    0.00    1.02   14.29    0.00    0.00    0.00    9.18
07:49:07 PM    1    0.00    0.00   75.51    0.00    1.02   14.29    0.00    0.00    0.00    9.18
07:49:07 PM    2    0.00    0.00    0.00    0.00    0.00   25.00    0.00    0.00    0.00   75.00
07:49:07 PM    3    0.00    0.00    0.00    0.00    1.02    1.02    0.00    0.00    0.00   97.96
07:49:07 PM    4    0.00    0.00    0.00    0.00    0.00   21.00    0.00    0.00    0.00   79.00
07:49:07 PM    5    0.00    0.00    0.00    0.00    0.00    0.00    0.00    0.00    0.00  100.00
07:49:07 PM    6    0.00    0.00    6.00    0.00    0.00   29.00    0.00    0.00    0.00   65.00
07:49:07 PM    7    0.00    0.00    5.05    0.00    0.00   22.22    0.00    0.00    0.00   72.73

07:49:07 PM  CPU    %usr   %nice    %sys %iowait    %irq   %soft  %steal  %guest  %gnice   %idle
07:49:08 PM  all    0.25    0.00   20.35    0.00    0.62   16.00    0.00    0.00    0.00   62.78
07:49:08 PM    0    1.02    0.00   75.51    0.00    0.00   14.29    0.00    0.00    0.00    9.18
07:49:08 PM    1    1.02    0.00   76.53    0.00    0.00   14.29    0.00    0.00    0.00    8.16
07:49:08 PM    2    0.00    0.00    0.00    0.00    1.89   26.42    0.00    0.00    0.00   71.70
07:49:08 PM    3    0.00    0.00    0.00    0.00    1.00    2.00    0.00    0.00    0.00   97.00
07:49:08 PM    4    0.00    0.00    0.98    0.00    0.98   22.55    0.00    0.00    0.00   75.49
07:49:08 PM    5    0.00    0.00    0.00    0.00    0.00    0.00    0.00    0.00    0.00  100.00
07:49:08 PM    6    0.00    0.00    6.93    0.00    0.99   24.75    0.00    0.00    0.00   67.33
07:49:08 PM    7    0.00    0.00    6.93    0.00    0.00   22.77    0.00    0.00    0.00   70.30

07:49:08 PM  CPU    %usr   %nice    %sys %iowait    %irq   %soft  %steal  %guest  %gnice   %idle
07:49:09 PM  all    0.00    0.00   21.74    0.00    0.25   16.65    0.00    0.00    0.00   61.37
07:49:09 PM    0    0.00    0.00   79.21    0.00    0.99   14.85    0.00    0.00    0.00    4.95
07:49:09 PM    1    0.00    0.00   79.59    0.00    0.00   15.31    0.00    0.00    0.00    5.10
07:49:09 PM    2    0.00    0.00    0.95    0.00    0.00   25.71    0.00    0.00    0.00   73.33
07:49:09 PM    3    0.00    0.00    0.00    0.00    1.00    2.00    0.00    0.00    0.00   97.00
07:49:09 PM    4    0.00    0.00    0.00    0.00    0.00   25.74    0.00    0.00    0.00   74.26
07:49:09 PM    5    0.00    0.00    0.00    0.00    0.00    0.00    0.00    0.00    0.00  100.00
07:49:09 PM    6    0.00    0.00    8.91    0.00    0.00   25.74    0.00    0.00    0.00   65.35
07:49:09 PM    7    0.00    0.00    7.07    0.00    0.00   23.23    0.00    0.00    0.00   69.70

07:49:09 PM  CPU    %usr   %nice    %sys %iowait    %irq   %soft  %steal  %guest  %gnice   %idle
07:49:10 PM  all    0.25    0.00   21.24    0.00    0.50   16.15    0.00    0.00    0.00   61.86
07:49:10 PM    0    1.02    0.00   78.57    0.00    0.00   13.27    0.00    0.00    0.00    7.14
07:49:10 PM    1    1.00    0.00   77.00    0.00    1.00   12.00    0.00    0.00    0.00    9.00
07:49:10 PM    2    0.00    0.00    0.00    0.00    0.93   28.04    0.00    0.00    0.00   71.03
07:49:10 PM    3    0.00    0.00    0.00    0.00    0.00    2.02    0.00    0.00    0.00   97.98
07:49:10 PM    4    0.00    0.00    0.00    0.00    1.00   25.00    0.00    0.00    0.00   74.00
07:49:10 PM    5    0.00    0.00    0.00    0.00    0.00    0.00    0.00    0.00    0.00  100.00
07:49:10 PM    6    0.00    0.00    8.08    0.00    0.00   25.25    0.00    0.00    0.00   66.67
07:49:10 PM    7    0.00    0.00    8.82    0.00    0.98   22.55    0.00    0.00    0.00   67.65

07:49:10 PM  CPU    %usr   %nice    %sys %iowait    %irq   %soft  %steal  %guest  %gnice   %idle
07:49:11 PM  all    0.12    0.00   21.49    0.00    0.50   16.15    0.00    0.00    0.00   61.74
07:49:11 PM    0    1.01    0.00   76.77    0.00    1.01   13.13    0.00    0.00    0.00    8.08
07:49:11 PM    1    0.00    0.00   78.35    0.00    0.00   13.40    0.00    0.00    0.00    8.25
07:49:11 PM    2    0.00    0.00    0.00    0.00    0.95   23.81    0.00    0.00    0.00   75.24
07:49:11 PM    3    0.00    0.00    0.99    0.00    0.99    2.97    0.00    0.00    0.00   95.05
07:49:11 PM    4    0.00    0.00    0.99    0.00    0.00   22.77    0.00    0.00    0.00   76.24
07:49:11 PM    5    0.00    0.00    0.00    0.00    0.00    0.00    0.00    0.00    0.00  100.00
07:49:11 PM    6    0.00    0.00    9.80    0.00    0.98   26.47    0.00    0.00    0.00   62.75
07:49:11 PM    7    0.00    0.00    9.00    0.00    0.00   26.00    0.00    0.00    0.00   65.00

07:49:11 PM  CPU    %usr   %nice    %sys %iowait    %irq   %soft  %steal  %guest  %gnice   %idle
07:49:12 PM  all    0.12    0.00   21.27    0.00    0.50   16.42    0.00    0.00    0.00   61.69
07:49:12 PM    0    1.02    0.00   78.57    0.00    0.00   13.27    0.00    0.00    0.00    7.14
07:49:12 PM    1    0.00    0.00   77.78    0.00    1.01   13.13    0.00    0.00    0.00    8.08
07:49:12 PM    2    0.00    0.00    0.93    0.00    0.93   27.10    0.00    0.00    0.00   71.03
07:49:12 PM    3    0.00    0.00    0.00    0.00    1.01    2.02    0.00    0.00    0.00   96.97
07:49:12 PM    4    0.00    0.00    0.00    0.00    0.99   23.76    0.00    0.00    0.00   75.25
07:49:12 PM    5    0.00    0.00    0.00    0.00    0.00    0.00    0.00    0.00    0.00  100.00
07:49:12 PM    6    0.00    0.00    8.00    0.00    0.00   27.00    0.00    0.00    0.00   65.00
07:49:12 PM    7    0.00    0.00    8.00    0.00    0.00   24.00    0.00    0.00    0.00   68.00

07:49:12 PM  CPU    %usr   %nice    %sys %iowait    %irq   %soft  %steal  %guest  %gnice   %idle
07:49:13 PM  all    0.12    0.00   20.47    0.00    0.37   15.48    0.00    0.00    0.00   63.55
07:49:13 PM    0    0.00    0.00   75.76    0.00    0.00   14.14    0.00    0.00    0.00   10.10
07:49:13 PM    1    1.02    0.00   75.51    0.00    0.00   13.27    0.00    0.00    0.00   10.20
07:49:13 PM    2    0.00    0.00    0.00    0.00    0.98   23.53    0.00    0.00    0.00   75.49
07:49:13 PM    3    0.00    0.00    0.00    0.00    1.00    2.00    0.00    0.00    0.00   97.00
07:49:13 PM    4    0.00    0.00    0.99    0.00    0.00   23.76    0.00    0.00    0.00   75.25
07:49:13 PM    5    0.00    0.00    0.00    0.00    0.00    0.00    0.00    0.00    0.00  100.00
07:49:13 PM    6    0.00    0.00    6.93    0.00    0.99   23.76    0.00    0.00    0.00   68.32
07:49:13 PM    7    0.00    0.00    7.00    0.00    0.00   23.00    0.00    0.00    0.00   70.00

07:49:13 PM  CPU    %usr   %nice    %sys %iowait    %irq   %soft  %steal  %guest  %gnice   %idle
07:49:14 PM  all    0.12    0.00   21.46    0.00    0.62   16.63    0.00    0.00    0.00   61.17
07:49:14 PM    0    1.01    0.00   79.80    0.00    1.01   13.13    0.00    0.00    0.00    5.05
07:49:14 PM    1    0.00    0.00   80.41    0.00    0.00   14.43    0.00    0.00    0.00    5.15
07:49:14 PM    2    0.00    0.00    0.93    0.00    0.93   30.56    0.00    0.00    0.00   67.59
07:49:14 PM    3    0.00    0.00    0.00    0.00    1.01    1.01    0.00    0.00    0.00   97.98
07:49:14 PM    4    0.00    0.00    0.00    0.00    0.98   23.53    0.00    0.00    0.00   75.49
07:49:14 PM    5    0.00    0.00    0.00    0.00    0.00    0.00    0.00    0.00    0.00  100.00
07:49:14 PM    6    0.00    0.00    7.00    0.00    0.00   25.00    0.00    0.00    0.00   68.00
07:49:14 PM    7    0.00    0.00    7.92    0.00    0.99   23.76    0.00    0.00    0.00   67.33

07:49:14 PM  CPU    %usr   %nice    %sys %iowait    %irq   %soft  %steal  %guest  %gnice   %idle
07:49:15 PM  all    0.25    0.00   20.42    0.00    0.25   16.56    0.00    0.00    0.00   62.52
07:49:15 PM    0    1.02    0.00   77.55    0.00    0.00   15.31    0.00    0.00    0.00    6.12
07:49:15 PM    1    0.99    0.00   77.23    0.00    0.99   14.85    0.00    0.00    0.00    5.94
07:49:15 PM    2    0.00    0.00    0.00    0.00    0.95   28.57    0.00    0.00    0.00   70.48
07:49:15 PM    3    0.00    0.00    0.00    0.00    0.00    2.02    0.00    0.00    0.00   97.98
07:49:15 PM    4    0.00    0.00    0.00    0.00    0.00   24.00    0.00    0.00    0.00   76.00
07:49:15 PM    5    0.00    0.00    0.00    0.00    0.00    0.00    0.00    0.00    0.00  100.00
07:49:15 PM    6    0.00    0.00    5.94    0.00    0.00   22.77    0.00    0.00    0.00   71.29
07:49:15 PM    7    0.00    0.00    4.04    0.00    0.00   24.24    0.00    0.00    0.00   71.72

07:49:15 PM  CPU    %usr   %nice    %sys %iowait    %irq   %soft  %steal  %guest  %gnice   %idle
07:49:16 PM  all    0.00    0.00   21.02    0.00    0.62   16.17    0.00    0.00    0.00   62.19
07:49:16 PM    0    0.00    0.00   77.78    0.00    1.01   13.13    0.00    0.00    0.00    8.08
07:49:16 PM    1    0.00    0.00   77.55    0.00    0.00   13.27    0.00    0.00    0.00    9.18
07:49:16 PM    2    0.00    0.00    0.00    0.00    0.94   29.25    0.00    0.00    0.00   69.81
07:49:16 PM    3    0.00    0.00    0.00    0.00    1.00    2.00    0.00    0.00    0.00   97.00
07:49:16 PM    4    0.00    0.00    0.99    0.00    0.99   21.78    0.00    0.00    0.00   76.24
07:49:16 PM    5    0.00    0.00    0.00    0.00    0.00    0.00    0.00    0.00    0.00  100.00
07:49:16 PM    6    0.00    0.00    7.00    0.00    1.00   26.00    0.00    0.00    0.00   66.00
07:49:16 PM    7    0.00    0.00    8.00    0.00    0.00   23.00    0.00    0.00    0.00   69.00

07:49:16 PM  CPU    %usr   %nice    %sys %iowait    %irq   %soft  %steal  %guest  %gnice   %idle
07:49:17 PM  all    0.25    0.00   20.72    0.00    0.25   16.75    0.00    0.00    0.00   62.03
07:49:17 PM    0    1.01    0.00   77.78    0.00    0.00   14.14    0.00    0.00    0.00    7.07
07:49:17 PM    1    1.01    0.00   78.79    0.00    0.00   14.14    0.00    0.00    0.00    6.06
07:49:17 PM    2    0.00    0.00    0.93    0.00    0.93   28.04    0.00    0.00    0.00   70.09
07:49:17 PM    3    0.00    0.00    0.00    0.00    1.00    2.00    0.00    0.00    0.00   97.00
07:49:17 PM    4    0.00    0.00    0.00    0.00    0.00   24.00    0.00    0.00    0.00   76.00
07:49:17 PM    5    0.00    0.00    0.00    0.00    0.00    0.00    0.00    0.00    0.00  100.00
07:49:17 PM    6    0.00    0.00    5.94    0.00    0.00   25.74    0.00    0.00    0.00   68.32
07:49:17 PM    7    0.00    0.00    5.00    0.00    0.00   25.00    0.00    0.00    0.00   70.00

07:49:17 PM  CPU    %usr   %nice    %sys %iowait    %irq   %soft  %steal  %guest  %gnice   %idle
07:49:18 PM  all    0.00    0.00   20.65    0.00    0.62   16.54    0.00    0.00    0.00   62.19
07:49:18 PM    0    0.00    0.00   78.57    0.00    0.00   14.29    0.00    0.00    0.00    7.14
07:49:18 PM    1    0.00    0.00   77.55    0.00    1.02   14.29    0.00    0.00    0.00    7.14
07:49:18 PM    2    0.00    0.00    0.00    0.00    0.95   25.71    0.00    0.00    0.00   73.33
07:49:18 PM    3    0.00    0.00    0.99    0.00    0.99    1.98    0.00    0.00    0.00   96.04
07:49:18 PM    4    0.00    0.00    0.00    0.00    0.99   26.73    0.00    0.00    0.00   72.28
07:49:18 PM    5    0.00    0.00    0.00    0.00    0.00    0.00    0.00    0.00    0.00  100.00
07:49:18 PM    6    0.00    0.00    6.00    0.00    0.00   25.00    0.00    0.00    0.00   69.00
07:49:18 PM    7    0.00    0.00    5.94    0.00    0.99   23.76    0.00    0.00    0.00   69.31

07:49:18 PM  CPU    %usr   %nice    %sys %iowait    %irq   %soft  %steal  %guest  %gnice   %idle
07:49:19 PM  all    0.25    0.00   20.97    0.12    0.37   17.12    0.00    0.00    0.00   61.17
07:49:19 PM    0    1.00    0.00   79.00    0.00    1.00   13.00    0.00    0.00    0.00    6.00
07:49:19 PM    1    1.00    0.00   78.00    1.00    0.00   14.00    0.00    0.00    0.00    6.00
07:49:19 PM    2    0.00    0.00    0.93    0.00    0.93   28.97    0.00    0.00    0.00   69.16
07:49:19 PM    3    0.00    0.00    0.00    0.00    0.00    2.04    0.00    0.00    0.00   97.96
07:49:19 PM    4    0.00    0.00    0.00    0.00    0.00   25.00    0.00    0.00    0.00   75.00
07:49:19 PM    5    0.00    0.00    0.00    0.00    0.00    0.00    0.00    0.00    0.00  100.00
07:49:19 PM    6    0.00    0.00    5.94    0.00    0.99   24.75    0.00    0.00    0.00   68.32
07:49:19 PM    7    0.00    0.00    5.00    0.00    0.00   28.00    0.00    0.00    0.00   67.00

07:49:19 PM  CPU    %usr   %nice    %sys %iowait    %irq   %soft  %steal  %guest  %gnice   %idle
07:49:20 PM  all    0.12    0.00   20.25    0.00    0.38   15.62    0.00    0.00    0.00   63.62
07:49:20 PM    0    0.00    0.00   76.29    0.00    0.00   13.40    0.00    0.00    0.00   10.31
07:49:20 PM    1    1.01    0.00   73.74    0.00    1.01   13.13    0.00    0.00    0.00   11.11
07:49:20 PM    2    0.00    0.00    0.00    0.00    0.00   23.53    0.00    0.00    0.00   76.47
07:49:20 PM    3    0.00    0.00    0.00    0.00    1.00    2.00    0.00    0.00    0.00   97.00
07:49:20 PM    4    0.00    0.00    0.98    0.00    0.98   23.53    0.00    0.00    0.00   74.51
07:49:20 PM    5    0.00    0.00    0.00    0.00    0.00    0.00    0.00    0.00    0.00  100.00
07:49:20 PM    6    0.00    0.00    7.00    0.00    0.00   26.00    0.00    0.00    0.00   67.00
07:49:20 PM    7    0.00    0.00    7.00    0.00    0.00   23.00    0.00    0.00    0.00   70.00

07:49:20 PM  CPU    %usr   %nice    %sys %iowait    %irq   %soft  %steal  %guest  %gnice   %idle
07:49:21 PM  all    0.12    0.00   20.37    0.00    0.62   16.89    0.00    0.00    0.00   61.99
07:49:21 PM    0    1.00    0.00   78.00    0.00    1.00   16.00    0.00    0.00    0.00    4.00
07:49:21 PM    1    0.00    0.00   79.59    0.00    0.00   16.33    0.00    0.00    0.00    4.08
07:49:21 PM    2    0.00    0.00    0.00    0.00    1.89   26.42    0.00    0.00    0.00   71.70
07:49:21 PM    3    0.00    0.00    0.00    0.00    1.00    2.00    0.00    0.00    0.00   97.00
07:49:21 PM    4    0.00    0.00    0.00    0.00    0.00   23.00    0.00    0.00    0.00   77.00
07:49:21 PM    5    0.00    0.00    0.00    0.00    0.00    0.00    0.00    0.00    0.00  100.00
07:49:21 PM    6    0.00    0.00    4.00    0.00    0.00   26.00    0.00    0.00    0.00   70.00
07:49:21 PM    7    0.00    0.00    3.96    0.00    0.99   24.75    0.00    0.00    0.00   70.30

07:49:21 PM  CPU    %usr   %nice    %sys %iowait    %irq   %soft  %steal  %guest  %gnice   %idle
07:49:22 PM  all    0.12    0.00   20.37    0.00    0.50   15.53    0.00    0.00    0.00   63.48
07:49:22 PM    0    0.00    0.00   77.55    0.00    0.00   14.29    0.00    0.00    0.00    8.16
07:49:22 PM    1    1.01    0.00   76.77    0.00    0.00   14.14    0.00    0.00    0.00    8.08
07:49:22 PM    2    0.00    0.00    0.95    0.00    0.95   23.81    0.00    0.00    0.00   74.29
07:49:22 PM    3    0.00    0.00    0.00    0.00    1.00    2.00    0.00    0.00    0.00   97.00
07:49:22 PM    4    0.00    0.00    0.00    0.00    0.99   21.78    0.00    0.00    0.00   77.23
07:49:22 PM    5    0.00    0.00    0.00    0.00    0.00    0.00    0.00    0.00    0.00  100.00
07:49:22 PM    6    0.00    0.00    4.90    0.00    0.98   25.49    0.00    0.00    0.00   68.63
07:49:22 PM    7    0.00    0.00    6.00    0.00    0.00   22.00    0.00    0.00    0.00   72.00

07:49:22 PM  CPU    %usr   %nice    %sys %iowait    %irq   %soft  %steal  %guest  %gnice   %idle
07:49:23 PM  all    0.25    0.00   19.82    0.00    0.25   16.19    0.00    0.00    0.00   63.49
07:49:23 PM    0    1.02    0.00   76.53    0.00    0.00   14.29    0.00    0.00    0.00    8.16
07:49:23 PM    1    1.02    0.00   73.47    0.00    1.02   14.29    0.00    0.00    0.00   10.20
07:49:23 PM    2    0.00    0.00    0.00    0.00    0.00   23.30    0.00    0.00    0.00   76.70
07:49:23 PM    3    0.00    0.00    0.00    0.00    1.01    2.02    0.00    0.00    0.00   96.97
07:49:23 PM    4    0.00    0.00    0.00    0.00    0.00   21.00    0.00    0.00    0.00   79.00
07:49:23 PM    5    0.00    0.00    0.00    0.00    0.00    0.00    0.00    0.00    0.00  100.00
07:49:23 PM    6    0.00    0.00    6.00    0.00    0.00   29.00    0.00    0.00    0.00   65.00
07:49:23 PM    7    0.00    0.00    5.05    0.00    0.00   25.25    0.00    0.00    0.00   69.70

07:49:23 PM  CPU    %usr   %nice    %sys %iowait    %irq   %soft  %steal  %guest  %gnice   %idle
07:49:24 PM  all    0.12    0.00   19.95    0.00    0.50   15.71    0.00    0.00    0.00   63.72
07:49:24 PM    0    0.00    0.00   74.49    0.00    1.02   14.29    0.00    0.00    0.00   10.20
07:49:24 PM    1    1.02    0.00   75.51    0.00    0.00   12.24    0.00    0.00    0.00   11.22
07:49:24 PM    2    0.00    0.00    0.95    0.00    0.95   25.71    0.00    0.00    0.00   72.38
07:49:24 PM    3    0.00    0.00    0.00    0.00    0.00    2.02    0.00    0.00    0.00   97.98
07:49:24 PM    4    0.00    0.00    0.99    0.00    0.99   20.79    0.00    0.00    0.00   77.23
07:49:24 PM    5    0.00    0.00    0.00    0.00    0.00    0.00    0.00    0.00    0.00  100.00
07:49:24 PM    6    0.00    0.00    5.00    0.00    1.00   24.00    0.00    0.00    0.00   70.00
07:49:24 PM    7    0.00    0.00    5.94    0.00    0.00   25.74    0.00    0.00    0.00   68.32

07:49:24 PM  CPU    %usr   %nice    %sys %iowait    %irq   %soft  %steal  %guest  %gnice   %idle
07:49:25 PM  all    0.25    0.00   22.30    0.00    0.50   16.11    0.00    0.00    0.00   60.84
07:49:25 PM    0    1.01    0.00   79.80    0.00    0.00   13.13    0.00    0.00    0.00    6.06
07:49:25 PM    1    0.99    0.00   78.22    0.00    0.99   12.87    0.00    0.00    0.00    6.93
07:49:25 PM    2    0.00    0.00    0.00    0.00    0.95   23.81    0.00    0.00    0.00   75.24
07:49:25 PM    3    0.00    0.00    0.99    0.00    0.99    1.98    0.00    0.00    0.00   96.04
07:49:25 PM    4    0.00    0.00    0.00    0.00    0.00   25.00    0.00    0.00    0.00   75.00
07:49:25 PM    5    0.00    0.00    0.00    0.00    0.00    0.00    0.00    0.00    0.00  100.00
07:49:25 PM    6    0.00    0.00   11.00    0.00    0.00   28.00    0.00    0.00    0.00   61.00
07:49:25 PM    7    0.00    0.00    9.90    0.00    0.99   23.76    0.00    0.00    0.00   65.35

07:49:25 PM  CPU    %usr   %nice    %sys %iowait    %irq   %soft  %steal  %guest  %gnice   %idle
07:49:26 PM  all    0.12    0.00   20.80    0.00    0.50   15.69    0.00    0.00    0.00   62.89
07:49:26 PM    0    0.00    0.00   77.55    0.00    1.02   13.27    0.00    0.00    0.00    8.16
07:49:26 PM    1    1.03    0.00   75.26    0.00    0.00   13.40    0.00    0.00    0.00   10.31
07:49:26 PM    2    0.00    0.00    0.00    0.00    0.94   23.58    0.00    0.00    0.00   75.47
07:49:26 PM    3    0.00    0.00    0.00    0.00    1.01    1.01    0.00    0.00    0.00   97.98
07:49:26 PM    4    0.00    0.00    0.00    0.00    0.98   24.51    0.00    0.00    0.00   74.51
07:49:26 PM    5    0.00    0.00    0.00    0.00    0.00    0.00    0.00    0.00    0.00  100.00
07:49:26 PM    6    0.00    0.00    9.00    0.00    0.00   22.00    0.00    0.00    0.00   69.00
07:49:26 PM    7    0.00    0.00    9.00    0.00    0.00   27.00    0.00    0.00    0.00   64.00

07:49:26 PM  CPU    %usr   %nice    %sys %iowait    %irq   %soft  %steal  %guest  %gnice   %idle
07:49:27 PM  all    0.25    0.00   21.62    0.00    0.25   16.12    0.00    0.00    0.00   61.75
07:49:27 PM    0    1.02    0.00   79.59    0.00    0.00   12.24    0.00    0.00    0.00    7.14
07:49:27 PM    1    1.02    0.00   76.53    0.00    0.00   12.24    0.00    0.00    0.00   10.20
07:49:27 PM    2    0.00    0.00    0.94    0.00    0.94   25.47    0.00    0.00    0.00   72.64
07:49:27 PM    3    0.00    0.00    0.00    0.00    1.00    2.00    0.00    0.00    0.00   97.00
07:49:27 PM    4    0.00    0.00    0.00    0.00    0.00   25.25    0.00    0.00    0.00   74.75
07:49:27 PM    5    0.00    0.00    0.00    0.00    0.00    0.00    0.00    0.00    0.00  100.00
07:49:27 PM    6    0.00    0.00   10.00    0.00    0.00   24.00    0.00    0.00    0.00   66.00
07:49:27 PM    7    0.00    0.00    9.09    0.00    0.00   27.27    0.00    0.00    0.00   63.64

07:49:27 PM  CPU    %usr   %nice    %sys %iowait    %irq   %soft  %steal  %guest  %gnice   %idle
07:49:28 PM  all    0.00    0.00   19.53    0.00    0.50   15.55    0.00    0.00    0.00   64.43
07:49:28 PM    0    0.00    0.00   75.51    0.00    0.00   14.29    0.00    0.00    0.00   10.20
07:49:28 PM    1    0.00    0.00   73.74    0.00    1.01   14.14    0.00    0.00    0.00   11.11
07:49:28 PM    2    0.00    0.00    0.96    0.00    0.96   24.04    0.00    0.00    0.00   74.04
07:49:28 PM    3    0.00    0.00    0.00    0.00    0.00    2.02    0.00    0.00    0.00   97.98
07:49:28 PM    4    0.00    0.00    0.97    0.00    0.97   21.36    0.00    0.00    0.00   76.70
07:49:28 PM    5    0.00    0.00    0.00    0.00    0.00    0.00    0.00    0.00    0.00  100.00
07:49:28 PM    6    0.00    0.00    3.96    0.00    0.99   21.78    0.00    0.00    0.00   73.27
07:49:28 PM    7    0.00    0.00    4.00    0.00    0.00   26.00    0.00    0.00    0.00   70.00

07:49:28 PM  CPU    %usr   %nice    %sys %iowait    %irq   %soft  %steal  %guest  %gnice   %idle
07:49:29 PM  all    0.25    0.00   20.50    0.00    0.50   16.02    0.00    0.00    0.00   62.73
07:49:29 PM    0    1.00    0.00   77.00    0.00    1.00   14.00    0.00    0.00    0.00    7.00
07:49:29 PM    1    1.02    0.00   77.55    0.00    0.00   13.27    0.00    0.00    0.00    8.16
07:49:29 PM    2    0.00    0.00    0.00    0.00    0.95   26.67    0.00    0.00    0.00   72.38
07:49:29 PM    3    0.00    0.00    0.00    0.00    1.00    2.00    0.00    0.00    0.00   97.00
07:49:29 PM    4    0.00    0.00    0.00    0.00    0.00   22.00    0.00    0.00    0.00   78.00
07:49:29 PM    5    0.00    0.00    0.00    0.00    0.00    0.00    0.00    0.00    0.00  100.00
07:49:29 PM    6    0.00    0.00    5.94    0.00    0.00   25.74    0.00    0.00    0.00   68.32
07:49:29 PM    7    0.00    0.00    5.94    0.00    0.99   23.76    0.00    0.00    0.00   69.31

07:49:29 PM  CPU    %usr   %nice    %sys %iowait    %irq   %soft  %steal  %guest  %gnice   %idle
07:49:30 PM  all    0.25    0.00   20.67    0.00    0.50   16.06    0.00    0.00    0.00   62.52
07:49:30 PM    0    1.01    0.00   75.76    0.00    0.00   13.13    0.00    0.00    0.00   10.10
07:49:30 PM    1    1.00    0.00   76.00    0.00    0.00   13.00    0.00    0.00    0.00   10.00
07:49:30 PM    2    0.00    0.00    0.00    0.00    0.95   24.76    0.00    0.00    0.00   74.29
07:49:30 PM    3    0.00    0.00    0.00    0.00    1.00    2.00    0.00    0.00    0.00   97.00
07:49:30 PM    4    0.00    0.00    0.00    0.00    1.00   22.00    0.00    0.00    0.00   77.00
07:49:30 PM    5    0.00    0.00    0.00    0.00    0.00    0.00    0.00    0.00    0.00  100.00
07:49:30 PM    6    0.00    0.00    8.00    0.00    1.00   26.00    0.00    0.00    0.00   65.00
07:49:30 PM    7    0.00    0.00    7.07    0.00    0.00   27.27    0.00    0.00    0.00   65.66

07:49:30 PM  CPU    %usr   %nice    %sys %iowait    %irq   %soft  %steal  %guest  %gnice   %idle
07:49:31 PM  all    0.00    0.00   21.80    0.00    0.37   16.26    0.00    0.00    0.00   61.58
07:49:31 PM    0    0.00    0.00   78.00    0.00    1.00   14.00    0.00    0.00    0.00    7.00
07:49:31 PM    1    0.00    0.00   78.00    0.00    1.00   13.00    0.00    0.00    0.00    8.00
07:49:31 PM    2    0.00    0.00    0.93    0.00    0.93   26.17    0.00    0.00    0.00   71.96
07:49:31 PM    3    0.00    0.00    1.00    0.00    0.00    2.00    0.00    0.00    0.00   97.00
07:49:31 PM    4    0.00    0.00    0.00    0.00    0.00   25.49    0.00    0.00    0.00   74.51
07:49:31 PM    5    0.00    0.00    0.00    0.00    0.00    0.00    0.00    0.00    0.00  100.00
07:49:31 PM    6    0.00    0.00    8.91    0.00    0.00   23.76    0.00    0.00    0.00   67.33
07:49:31 PM    7    0.00    0.00    9.80    0.00    0.00   24.51    0.00    0.00    0.00   65.69

07:49:31 PM  CPU    %usr   %nice    %sys %iowait    %irq   %soft  %steal  %guest  %gnice   %idle
07:49:32 PM  all    0.12    0.00   20.12    0.00    0.38   16.00    0.00    0.00    0.00   63.38
07:49:32 PM    0    0.00    0.00   75.51    0.00    0.00   12.24    0.00    0.00    0.00   12.24
07:49:32 PM    1    1.02    0.00   75.51    0.00    0.00   12.24    0.00    0.00    0.00   11.22
07:49:32 PM    2    0.00    0.00    0.00    0.00    0.96   24.04    0.00    0.00    0.00   75.00
07:49:32 PM    3    0.00    0.00    0.00    0.00    1.00    2.00    0.00    0.00    0.00   97.00
07:49:32 PM    4    0.00    0.00    0.99    0.00    0.99   23.76    0.00    0.00    0.00   74.26
07:49:32 PM    5    0.00    0.00    0.00    0.00    0.00    0.00    0.00    0.00    0.00  100.00
07:49:32 PM    6    0.00    0.00    6.00    0.00    0.00   26.00    0.00    0.00    0.00   68.00
07:49:32 PM    7    0.00    0.00    6.06    0.00    0.00   27.27    0.00    0.00    0.00   66.67

07:49:32 PM  CPU    %usr   %nice    %sys %iowait    %irq   %soft  %steal  %guest  %gnice   %idle
07:49:33 PM  all    0.12    0.00   21.22    0.00    0.62   16.50    0.00    0.00    0.00   61.54
07:49:33 PM    0    1.02    0.00   79.59    0.00    0.00   12.24    0.00    0.00    0.00    7.14
07:49:33 PM    1    0.00    0.00   78.00    0.00    1.00   12.00    0.00    0.00    0.00    9.00
07:49:33 PM    2    0.00    0.00    0.00    0.00    0.94   26.42    0.00    0.00    0.00   72.64
07:49:33 PM    3    0.00    0.00    0.00    0.00    1.01    1.01    0.00    0.00    0.00   97.98
07:49:33 PM    4    0.00    0.00    0.00    0.00    0.00   27.00    0.00    0.00    0.00   73.00
07:49:33 PM    5    0.00    0.00    0.00    0.00    0.00    0.00    0.00    0.00    0.00  100.00
07:49:33 PM    6    0.00    0.00    7.84    0.00    0.98   26.47    0.00    0.00    0.00   64.71
07:49:33 PM    7    0.00    0.00    6.93    0.00    0.99   25.74    0.00    0.00    0.00   66.34

07:49:33 PM  CPU    %usr   %nice    %sys %iowait    %irq   %soft  %steal  %guest  %gnice   %idle
07:49:34 PM  all    0.12    0.00   19.60    0.00    0.50   16.60    0.00    0.00    0.00   63.17
07:49:34 PM    0    0.00    0.00   75.00    0.00    1.00   14.00    0.00    0.00    0.00   10.00
07:49:34 PM    1    1.02    0.00   76.53    0.00    0.00   13.27    0.00    0.00    0.00    9.18
07:49:34 PM    2    0.00    0.00    0.96    0.00    0.96   25.00    0.00    0.00    0.00   73.08
07:49:34 PM    3    0.00    0.00    0.00    0.00    1.01    2.02    0.00    0.00    0.00   96.97
07:49:34 PM    4    0.00    0.00    0.00    0.00    0.99   24.75    0.00    0.00    0.00   74.26
07:49:34 PM    5    0.00    0.00    0.00    0.00    0.00    0.00    0.00    0.00    0.00  100.00
07:49:34 PM    6    0.00    0.00    3.00    0.00    0.00   29.00    0.00    0.00    0.00   68.00
07:49:34 PM    7    0.00    0.00    3.03    0.00    0.00   24.24    0.00    0.00    0.00   72.73

07:49:34 PM  CPU    %usr   %nice    %sys %iowait    %irq   %soft  %steal  %guest  %gnice   %idle
07:49:35 PM  all    0.12    0.00   20.67    0.00    0.00   16.19    0.00    0.00    0.00   63.01
07:49:35 PM    0    1.01    0.00   76.77    0.00    0.00   14.14    0.00    0.00    0.00    8.08
07:49:35 PM    1    0.00    0.00   77.78    0.00    0.00   14.14    0.00    0.00    0.00    8.08
07:49:35 PM    2    0.00    0.00    0.00    0.00    0.00   25.24    0.00    0.00    0.00   74.76
07:49:35 PM    3    0.00    0.00    0.00    0.00    0.00    2.00    0.00    0.00    0.00   98.00
07:49:35 PM    4    0.00    0.00    0.99    0.00    0.00   20.79    0.00    0.00    0.00   78.22
07:49:35 PM    5    0.00    0.00    0.00    0.00    0.00    0.00    0.00    0.00    0.00  100.00
07:49:35 PM    6    0.00    0.00    6.00    0.00    0.00   30.00    0.00    0.00    0.00   64.00
07:49:35 PM    7    0.00    0.00    5.94    0.00    0.00   22.77    0.00    0.00    0.00   71.29

07:49:35 PM  CPU    %usr   %nice    %sys %iowait    %irq   %soft  %steal  %guest  %gnice   %idle
07:49:36 PM  all    0.00    0.00   20.84    0.00    0.87   16.13    0.00    0.00    0.00   62.16
07:49:36 PM    0    0.00    0.00   78.79    0.00    1.01   14.14    0.00    0.00    0.00    6.06
07:49:36 PM    1    0.00    0.00   78.00    0.00    1.00   14.00    0.00    0.00    0.00    7.00
07:49:36 PM    2    0.00    0.00    0.00    0.00    0.95   24.76    0.00    0.00    0.00   74.29
07:49:36 PM    3    0.00    0.00    0.00    0.00    1.00    2.00    0.00    0.00    0.00   97.00
07:49:36 PM    4    0.00    0.00    0.00    0.00    0.99   23.76    0.00    0.00    0.00   75.25
07:49:36 PM    5    0.00    0.00    0.00    0.00    0.00    0.00    0.00    0.00    0.00  100.00
07:49:36 PM    6    0.00    0.00    5.94    0.00    0.99   25.74    0.00    0.00    0.00   67.33
07:49:36 PM    7    0.00    0.00    6.00    0.00    1.00   24.00    0.00    0.00    0.00   69.00

07:49:36 PM  CPU    %usr   %nice    %sys %iowait    %irq   %soft  %steal  %guest  %gnice   %idle
07:49:37 PM  all    0.13    0.00   20.40    0.00    0.25   16.52    0.00    0.00    0.00   62.70
07:49:37 PM    0    1.02    0.00   78.57    0.00    0.00   14.29    0.00    0.00    0.00    6.12
07:49:37 PM    1    0.00    0.00   78.12    0.00    0.00   14.58    0.00    0.00    0.00    7.29
07:49:37 PM    2    0.00    0.00    0.95    0.00    0.95   23.81    0.00    0.00    0.00   74.29
07:49:37 PM    3    0.00    0.00    0.00    0.00    1.00    2.00    0.00    0.00    0.00   97.00
07:49:37 PM    4    0.00    0.00    0.00    0.00    0.00   22.00    0.00    0.00    0.00   78.00
07:49:37 PM    5    0.00    0.00    0.00    0.00    0.00    0.00    0.00    0.00    0.00  100.00
07:49:37 PM    6    0.00    0.00    5.00    0.00    0.00   29.00    0.00    0.00    0.00   66.00
07:49:37 PM    7    0.00    0.00    5.00    0.00    0.00   26.00    0.00    0.00    0.00   69.00

07:49:37 PM  CPU    %usr   %nice    %sys %iowait    %irq   %soft  %steal  %guest  %gnice   %idle
07:49:38 PM  all    0.25    0.00   19.80    0.00    0.50   16.09    0.00    0.00    0.00   63.37
07:49:38 PM    0    1.00    0.00   75.00    0.00    0.00   15.00    0.00    0.00    0.00    9.00
07:49:38 PM    1    1.00    0.00   76.00    0.00    0.00   14.00    0.00    0.00    0.00    9.00
07:49:38 PM    2    0.00    0.00    0.00    0.00    0.96   22.12    0.00    0.00    0.00   76.92
07:49:38 PM    3    0.00    0.00    0.00    0.00    1.00    2.00    0.00    0.00    0.00   97.00
07:49:38 PM    4    0.00    0.00    0.00    0.00    0.99   26.73    0.00    0.00    0.00   72.28
07:49:38 PM    5    0.00    0.00    0.00    0.00    0.00    0.00    0.00    0.00    0.00  100.00
07:49:38 PM    6    0.00    0.00    4.90    0.00    0.98   24.51    0.00    0.00    0.00   69.61
07:49:38 PM    7    0.00    0.00    4.00    0.00    0.00   24.00    0.00    0.00    0.00   72.00

07:49:38 PM  CPU    %usr   %nice    %sys %iowait    %irq   %soft  %steal  %guest  %gnice   %idle
07:49:39 PM  all    0.00    0.00   21.32    0.00    0.37   16.08    0.00    0.00    0.00   62.22
07:49:39 PM    0    0.00    0.00   77.78    0.00    1.01   13.13    0.00    0.00    0.00    8.08
07:49:39 PM    1    0.00    0.00   77.55    0.00    1.02   13.27    0.00    0.00    0.00    8.16
07:49:39 PM    2    0.00    0.00    0.95    0.00    0.95   24.76    0.00    0.00    0.00   73.33
07:49:39 PM    3    0.00    0.00    1.01    0.00    0.00    1.01    0.00    0.00    0.00   97.98
07:49:39 PM    4    0.00    0.00    0.99    0.00    0.00   24.75    0.00    0.00    0.00   74.26
07:49:39 PM    5    0.00    0.00    0.00    0.00    0.00    0.00    0.00    0.00    0.00  100.00
07:49:39 PM    6    0.00    0.00    7.00    0.00    0.00   25.00    0.00    0.00    0.00   68.00
07:49:39 PM    7    0.00    0.00    8.00    0.00    0.00   26.00    0.00    0.00    0.00   66.00

07:49:39 PM  CPU    %usr   %nice    %sys %iowait    %irq   %soft  %steal  %guest  %gnice   %idle
07:49:40 PM  all    0.12    0.00   19.90    0.00    0.50   16.17    0.00    0.00    0.00   63.31
07:49:40 PM    0    0.00    0.00   76.77    0.00    0.00   14.14    0.00    0.00    0.00    9.09
07:49:40 PM    1    1.02    0.00   75.51    0.00    0.00   13.27    0.00    0.00    0.00   10.20
07:49:40 PM    2    0.00    0.00    0.00    0.00    0.95   25.71    0.00    0.00    0.00   73.33
07:49:40 PM    3    0.00    0.00    0.00    0.00    1.00    3.00    0.00    0.00    0.00   96.00
07:49:40 PM    4    0.00    0.00    0.00    0.00    1.00   22.00    0.00    0.00    0.00   77.00
07:49:40 PM    5    0.00    0.00    0.00    0.00    0.00    0.00    0.00    0.00    0.00  100.00
07:49:40 PM    6    0.00    0.00    4.95    0.00    0.00   27.72    0.00    0.00    0.00   67.33
07:49:40 PM    7    0.00    0.00    4.95    0.00    0.99   22.77    0.00    0.00    0.00   71.29

07:49:40 PM  CPU    %usr   %nice    %sys %iowait    %irq   %soft  %steal  %guest  %gnice   %idle
07:49:41 PM  all    0.12    0.00   19.68    0.00    0.62   16.31    0.00    0.00    0.00   63.26
07:49:41 PM    0    0.99    0.00   77.23    0.00    0.99   14.85    0.00    0.00    0.00    5.94
07:49:41 PM    1    0.00    0.00   75.51    0.00    1.02   16.33    0.00    0.00    0.00    7.14
07:49:41 PM    2    0.00    0.00    0.00    0.00    0.96   24.04    0.00    0.00    0.00   75.00
07:49:41 PM    3    0.00    0.00    0.00    0.00    1.00    1.00    0.00    0.00    0.00   98.00
07:49:41 PM    4    0.00    0.00    0.00    0.00    0.00   24.00    0.00    0.00    0.00   76.00
07:49:41 PM    5    0.00    0.00    0.00    0.00    0.00    0.00    0.00    0.00    0.00  100.00
07:49:41 PM    6    0.00    0.00    3.00    0.00    1.00   26.00    0.00    0.00    0.00   70.00
07:49:41 PM    7    0.00    0.00    3.00    0.00    0.00   24.00    0.00    0.00    0.00   73.00

07:49:41 PM  CPU    %usr   %nice    %sys %iowait    %irq   %soft  %steal  %guest  %gnice   %idle
07:49:42 PM  all    0.12    0.00   20.82    0.00    0.25   15.84    0.00    0.00    0.00   62.97
07:49:42 PM    0    0.00    0.00   78.35    0.00    0.00   14.43    0.00    0.00    0.00    7.22
07:49:42 PM    1    1.00    0.00   77.00    0.00    0.00   15.00    0.00    0.00    0.00    7.00
07:49:42 PM    2    0.00    0.00    0.96    0.00    0.96   24.04    0.00    0.00    0.00   74.04
07:49:42 PM    3    0.00    0.00    0.00    0.00    0.00    2.04    0.00    0.00    0.00   97.96
07:49:42 PM    4    0.00    0.00    0.98    0.00    0.98   20.59    0.00    0.00    0.00   77.45
07:49:42 PM    5    0.00    0.00    0.00    0.00    0.00    0.00    0.00    0.00    0.00  100.00
07:49:42 PM    6    0.00    0.00    5.94    0.00    0.00   26.73    0.00    0.00    0.00   67.33
07:49:42 PM    7    0.00    0.00    6.00    0.00    0.00   23.00    0.00    0.00    0.00   71.00

07:49:42 PM  CPU    %usr   %nice    %sys %iowait    %irq   %soft  %steal  %guest  %gnice   %idle
07:49:43 PM  all    0.13    0.00   20.15    0.00    0.38   16.02    0.00    0.00    0.00   63.33
07:49:43 PM    0    1.01    0.00   76.77    0.00    0.00   16.16    0.00    0.00    0.00    6.06
07:49:43 PM    1    0.00    0.00   78.35    0.00    0.00   14.43    0.00    0.00    0.00    7.22
07:49:43 PM    2    0.00    0.00    0.00    0.00    0.96   23.08    0.00    0.00    0.00   75.96
07:49:43 PM    3    0.00    0.00    0.00    0.00    1.00    2.00    0.00    0.00    0.00   97.00
07:49:43 PM    4    0.00    0.00    0.00    0.00    0.00   24.24    0.00    0.00    0.00   75.76
07:49:43 PM    5    0.00    0.00    0.00    0.00    0.00    0.00    0.00    0.00    0.00  100.00
07:49:43 PM    6    0.00    0.00    4.95    0.00    0.99   24.75    0.00    0.00    0.00   69.31
07:49:43 PM    7    0.00    0.00    4.04    0.00    0.00   23.23    0.00    0.00    0.00   72.73

07:49:43 PM  CPU    %usr   %nice    %sys %iowait    %irq   %soft  %steal  %guest  %gnice   %idle
07:49:44 PM  all    0.25    0.00   20.15    0.00    0.74   16.32    0.00    0.00    0.00   62.55
07:49:44 PM    0    1.00    0.00   76.00    0.00    1.00   13.00    0.00    0.00    0.00    9.00
07:49:44 PM    1    0.99    0.00   75.25    0.00    0.99   12.87    0.00    0.00    0.00    9.90
07:49:44 PM    2    0.00    0.00    0.94    0.00    0.94   24.53    0.00    0.00    0.00   73.58
07:49:44 PM    3    0.00    0.00    0.00    0.00    1.00    2.00    0.00    0.00    0.00   97.00
07:49:44 PM    4    0.00    0.00    0.00    0.00    0.99   26.73    0.00    0.00    0.00   72.28
07:49:44 PM    5    0.00    0.00    0.00    0.00    0.00    0.00    0.00    0.00    0.00  100.00
07:49:44 PM    6    0.00    0.00    5.00    0.00    0.00   28.00    0.00    0.00    0.00   67.00
07:49:44 PM    7    0.00    0.00    4.95    0.00    0.99   22.77    0.00    0.00    0.00   71.29

Average:     CPU    %usr   %nice    %sys %iowait    %irq   %soft  %steal  %guest  %gnice   %idle
Average:     all    0.14    0.00   20.41    0.01    0.45   16.12    0.00    0.00    0.00   62.87
Average:       0    0.57    0.00   76.78    0.02    0.41   13.94    0.00    0.00    0.00    8.29
Average:       1    0.56    0.00   76.54    0.03    0.39   13.84    0.00    0.00    0.00    8.64
Average:       2    0.00    0.00    0.37    0.00    0.87   25.06    0.00    0.00    0.00   73.70
Average:       3    0.00    0.00    0.13    0.00    0.75    1.92    0.00    0.00    0.00   97.19
Average:       4    0.00    0.00    0.30    0.00    0.51   23.43    0.00    0.00    0.00   75.76
Average:       5    0.00    0.00    0.00    0.00    0.00    0.00    0.00    0.00    0.00  100.00
Average:       6    0.00    0.00    5.94    0.00    0.36   25.54    0.00    0.00    0.00   68.15
Average:       7    0.00    0.00    5.81    0.00    0.28   24.59    0.00    0.00    0.00   69.32
