Linux 7.2.0-rc1 (hp5) 	07/12/2026 	_x86_64_	(8 CPU)

03:28:51 AM  CPU    %usr   %nice    %sys %iowait    %irq   %soft  %steal  %guest  %gnice   %idle
03:28:52 AM  all    0.00    0.00   12.53    0.00    0.00   15.04    0.00    0.00    0.00   72.43
03:28:52 AM    0    0.00    0.00    0.00    0.00    0.00   21.21    0.00    0.00    0.00   78.79
03:28:52 AM    1    0.00    0.00    0.00    0.00    0.00  100.00    0.00    0.00    0.00    0.00
03:28:52 AM    2    0.00    0.00  100.00    0.00    0.00    0.00    0.00    0.00    0.00    0.00
03:28:52 AM    3    0.00    0.00    0.00    0.00    0.00    0.00    0.00    0.00    0.00  100.00
03:28:52 AM    4    0.00    0.00    0.00    0.00    0.00    0.00    0.00    0.00    0.00  100.00
03:28:52 AM    5    0.00    0.00    0.00    0.00    0.00    0.00    0.00    0.00    0.00  100.00
03:28:52 AM    6    0.00    0.00    0.00    0.00    0.00    0.00    0.00    0.00    0.00  100.00
03:28:52 AM    7    0.00    0.00    0.00    0.00    0.00    0.00    0.00    0.00    0.00  100.00

03:28:52 AM  CPU    %usr   %nice    %sys %iowait    %irq   %soft  %steal  %guest  %gnice   %idle
03:28:53 AM  all    0.00    0.00   12.47    0.00    0.25   17.71    0.00    0.00    0.00   69.58
03:28:53 AM    0    0.00    0.00    0.00    0.00    0.99   41.58    0.00    0.00    0.00   57.43
03:28:53 AM    1    0.00    0.00    0.00    0.00    0.99   99.01    0.00    0.00    0.00    0.00
03:28:53 AM    2    0.00    0.00  100.00    0.00    0.00    0.00    0.00    0.00    0.00    0.00
03:28:53 AM    3    0.00    0.00    0.00    0.00    0.00    0.00    0.00    0.00    0.00  100.00
03:28:53 AM    4    0.00    0.00    0.00    0.00    0.00    0.00    0.00    0.00    0.00  100.00
03:28:53 AM    5    0.00    0.00    0.00    0.00    0.00    0.00    0.00    0.00    0.00  100.00
03:28:53 AM    6    0.00    0.00    0.00    0.00    0.00    0.00    0.00    0.00    0.00  100.00
03:28:53 AM    7    0.00    0.00    0.00    0.00    0.00    0.00    0.00    0.00    0.00  100.00

03:28:53 AM  CPU    %usr   %nice    %sys %iowait    %irq   %soft  %steal  %guest  %gnice   %idle
03:28:54 AM  all    0.12    0.00   12.80    0.00    0.00   20.62    0.00    0.00    0.00   66.46
03:28:54 AM    0    0.00    0.00    1.00    0.00    0.00   95.00    0.00    0.00    0.00    4.00
03:28:54 AM    1    1.00    0.00    1.00    0.00    0.00   71.00    0.00    0.00    0.00   27.00
03:28:54 AM    2    0.00    0.00  100.00    0.00    0.00    0.00    0.00    0.00    0.00    0.00
03:28:54 AM    3    0.00    0.00    0.00    0.00    0.00    0.00    0.00    0.00    0.00  100.00
03:28:54 AM    4    0.00    0.00    0.00    0.00    0.00    0.00    0.00    0.00    0.00  100.00
03:28:54 AM    5    0.00    0.00    0.00    0.00    0.00    0.00    0.00    0.00    0.00  100.00
03:28:54 AM    6    0.00    0.00    0.00    0.00    0.00    0.00    0.00    0.00    0.00  100.00
03:28:54 AM    7    0.00    0.00    0.00    0.00    0.00    0.00    0.00    0.00    0.00  100.00

03:28:54 AM  CPU    %usr   %nice    %sys %iowait    %irq   %soft  %steal  %guest  %gnice   %idle
03:28:55 AM  all    0.00    0.00   12.55    0.00    0.00   20.83    0.00    0.00    0.00   66.62
03:28:55 AM    0    0.00    0.00    0.00    0.00    0.00  100.00    0.00    0.00    0.00    0.00
03:28:55 AM    1    0.00    0.00    0.00    0.00    0.00   67.68    0.00    0.00    0.00   32.32
03:28:55 AM    2    0.00    0.00  100.00    0.00    0.00    0.00    0.00    0.00    0.00    0.00
03:28:55 AM    3    0.00    0.00    0.00    0.00    0.00    0.00    0.00    0.00    0.00  100.00
03:28:55 AM    4    0.00    0.00    0.00    0.00    0.00    0.00    0.00    0.00    0.00  100.00
03:28:55 AM    5    0.00    0.00    0.00    0.00    0.00    0.00    0.00    0.00    0.00  100.00
03:28:55 AM    6    0.00    0.00    0.00    0.00    0.00    0.00    0.00    0.00    0.00  100.00
03:28:55 AM    7    0.00    0.00    0.00    0.00    0.00    0.00    0.00    0.00    0.00  100.00

03:28:55 AM  CPU    %usr   %nice    %sys %iowait    %irq   %soft  %steal  %guest  %gnice   %idle
03:28:56 AM  all    0.00    0.00   12.48    0.00    0.12   18.73    0.00    0.00    0.00   68.66
03:28:56 AM    0    0.00    0.00    0.00    0.00    0.99   86.14    0.00    0.00    0.00   12.87
03:28:56 AM    1    0.00    0.00    0.00    0.00    0.00   63.00    0.00    0.00    0.00   37.00
03:28:56 AM    2    0.00    0.00  100.00    0.00    0.00    0.00    0.00    0.00    0.00    0.00
03:28:56 AM    3    0.00    0.00    0.00    0.00    0.00    0.00    0.00    0.00    0.00  100.00
03:28:56 AM    4    0.00    0.00    0.00    0.00    0.00    0.00    0.00    0.00    0.00  100.00
03:28:56 AM    5    0.00    0.00    0.00    0.00    0.00    0.00    0.00    0.00    0.00  100.00
03:28:56 AM    6    0.00    0.00    0.00    0.00    0.00    0.00    0.00    0.00    0.00  100.00
03:28:56 AM    7    0.00    0.00    0.00    0.00    0.00    0.00    0.00    0.00    0.00  100.00

03:28:56 AM  CPU    %usr   %nice    %sys %iowait    %irq   %soft  %steal  %guest  %gnice   %idle
03:28:57 AM  all    0.12    0.00   12.75    0.00    0.12   22.25    0.00    0.00    0.00   64.75
03:28:57 AM    0    1.00    0.00    1.00    0.00    0.00   80.00    0.00    0.00    0.00   18.00
03:28:57 AM    1    0.00    0.00    1.00    0.00    1.00   98.00    0.00    0.00    0.00    0.00
03:28:57 AM    2    0.00    0.00  100.00    0.00    0.00    0.00    0.00    0.00    0.00    0.00
03:28:57 AM    3    0.00    0.00    0.00    0.00    0.00    0.00    0.00    0.00    0.00  100.00
03:28:57 AM    4    0.00    0.00    0.00    0.00    0.00    0.00    0.00    0.00    0.00  100.00
03:28:57 AM    5    0.00    0.00    0.00    0.00    0.00    0.00    0.00    0.00    0.00  100.00
03:28:57 AM    6    0.00    0.00    0.00    0.00    0.00    0.00    0.00    0.00    0.00  100.00
03:28:57 AM    7    0.00    0.00    0.00    0.00    0.00    0.00    0.00    0.00    0.00  100.00

03:28:57 AM  CPU    %usr   %nice    %sys %iowait    %irq   %soft  %steal  %guest  %gnice   %idle
03:28:58 AM  all    0.00    0.00   12.59    0.00    0.00   21.07    0.00    0.00    0.00   66.33
03:28:58 AM    0    0.00    0.00    0.99    0.00    0.00   68.32    0.00    0.00    0.00   30.69
03:28:58 AM    1    0.00    0.00    0.00    0.00    0.00  100.00    0.00    0.00    0.00    0.00
03:28:58 AM    2    0.00    0.00  100.00    0.00    0.00    0.00    0.00    0.00    0.00    0.00
03:28:58 AM    3    0.00    0.00    0.00    0.00    0.00    0.00    0.00    0.00    0.00  100.00
03:28:58 AM    4    0.00    0.00    0.00    0.00    0.00    0.00    0.00    0.00    0.00  100.00
03:28:58 AM    5    0.00    0.00    0.00    0.00    0.00    0.00    0.00    0.00    0.00  100.00
03:28:58 AM    6    0.00    0.00    0.00    0.00    0.00    0.00    0.00    0.00    0.00  100.00
03:28:58 AM    7    0.00    0.00    0.00    0.00    0.00    0.00    0.00    0.00    0.00  100.00

03:28:58 AM  CPU    %usr   %nice    %sys %iowait    %irq   %soft  %steal  %guest  %gnice   %idle
03:28:59 AM  all    0.00    0.00   12.50    0.00    0.12   20.38    0.00    0.00    0.00   67.00
03:28:59 AM    0    0.00    0.00    0.00    0.00    1.00   64.00    0.00    0.00    0.00   35.00
03:28:59 AM    1    0.00    0.00    0.00    0.00    0.00   99.00    0.00    0.00    0.00    1.00
03:28:59 AM    2    0.00    0.00  100.00    0.00    0.00    0.00    0.00    0.00    0.00    0.00
03:28:59 AM    3    0.00    0.00    0.00    0.00    0.00    0.00    0.00    0.00    0.00  100.00
03:28:59 AM    4    0.00    0.00    0.00    0.00    0.00    0.00    0.00    0.00    0.00  100.00
03:28:59 AM    5    0.00    0.00    0.00    0.00    0.00    0.00    0.00    0.00    0.00  100.00
03:28:59 AM    6    0.00    0.00    0.00    0.00    0.00    0.00    0.00    0.00    0.00  100.00
03:28:59 AM    7    0.00    0.00    0.00    0.00    0.00    0.00    0.00    0.00    0.00  100.00

03:28:59 AM  CPU    %usr   %nice    %sys %iowait    %irq   %soft  %steal  %guest  %gnice   %idle
03:29:00 AM  all    0.00    0.00   12.48    0.00    0.12   18.85    0.00    0.00    0.00   68.54
03:29:00 AM    0    0.00    0.00    0.00    0.00    0.00   76.00    0.00    0.00    0.00   24.00
03:29:00 AM    1    0.00    0.00    0.00    0.00    0.99   74.26    0.00    0.00    0.00   24.75
03:29:00 AM    2    0.00    0.00  100.00    0.00    0.00    0.00    0.00    0.00    0.00    0.00
03:29:00 AM    3    0.00    0.00    0.00    0.00    0.00    0.00    0.00    0.00    0.00  100.00
03:29:00 AM    4    0.00    0.00    0.00    0.00    0.00    0.00    0.00    0.00    0.00  100.00
03:29:00 AM    5    0.00    0.00    0.00    0.00    0.00    0.00    0.00    0.00    0.00  100.00
03:29:00 AM    6    0.00    0.00    0.00    0.00    0.00    0.00    0.00    0.00    0.00  100.00
03:29:00 AM    7    0.00    0.00    0.00    0.00    0.00    0.00    0.00    0.00    0.00  100.00

03:29:00 AM  CPU    %usr   %nice    %sys %iowait    %irq   %soft  %steal  %guest  %gnice   %idle
03:29:01 AM  all    0.00    0.00   12.53    0.00    0.00   21.09    0.00    0.00    0.00   66.38
03:29:01 AM    0    0.00    0.00    0.00    0.00    0.00   97.00    0.00    0.00    0.00    3.00
03:29:01 AM    1    0.00    0.00    0.00    0.00    0.00   72.28    0.00    0.00    0.00   27.72
03:29:01 AM    2    0.00    0.00  100.00    0.00    0.00    0.00    0.00    0.00    0.00    0.00
03:29:01 AM    3    0.00    0.00    0.00    0.00    0.00    0.00    0.00    0.00    0.00  100.00
03:29:01 AM    4    0.00    0.00    0.00    0.00    0.00    0.00    0.00    0.00    0.00  100.00
03:29:01 AM    5    0.00    0.00    0.00    0.00    0.00    0.00    0.00    0.00    0.00  100.00
03:29:01 AM    6    0.00    0.00    0.00    0.00    0.00    0.00    0.00    0.00    0.00  100.00
03:29:01 AM    7    0.00    0.00    0.00    0.00    0.00    0.00    0.00    0.00    0.00  100.00

03:29:01 AM  CPU    %usr   %nice    %sys %iowait    %irq   %soft  %steal  %guest  %gnice   %idle
03:29:02 AM  all    0.00    0.00   12.48    0.00    0.12   15.48    0.00    0.00    0.00   71.91
03:29:02 AM    0    0.00    0.00    0.00    0.00    0.99   99.01    0.00    0.00    0.00    0.00
03:29:02 AM    1    0.00    0.00    0.00    0.00    0.00   24.24    0.00    0.00    0.00   75.76
03:29:02 AM    2    0.00    0.00  100.00    0.00    0.00    0.00    0.00    0.00    0.00    0.00
03:29:02 AM    3    0.00    0.00    0.00    0.00    0.00    0.00    0.00    0.00    0.00  100.00
03:29:02 AM    4    0.00    0.00    0.00    0.00    0.00    0.00    0.00    0.00    0.00  100.00
03:29:02 AM    5    0.00    0.00    0.00    0.00    0.00    0.00    0.00    0.00    0.00  100.00
03:29:02 AM    6    0.00    0.00    0.00    0.00    0.00    0.00    0.00    0.00    0.00  100.00
03:29:02 AM    7    0.00    0.00    0.00    0.00    0.00    0.00    0.00    0.00    0.00  100.00

03:29:02 AM  CPU    %usr   %nice    %sys %iowait    %irq   %soft  %steal  %guest  %gnice   %idle
03:29:03 AM  all    0.00    0.00   12.61    0.00    0.00   21.85    0.00    0.00    0.00   65.54
03:29:03 AM    0    0.00    0.00    0.00    0.00    0.00   75.00    0.00    0.00    0.00   25.00
03:29:03 AM    1    0.00    0.00    0.99    0.00    0.00   99.01    0.00    0.00    0.00    0.00
03:29:03 AM    2    0.00    0.00  100.00    0.00    0.00    0.00    0.00    0.00    0.00    0.00
03:29:03 AM    3    0.00    0.00    0.00    0.00    0.00    0.00    0.00    0.00    0.00  100.00
03:29:03 AM    4    0.00    0.00    0.00    0.00    0.00    0.00    0.00    0.00    0.00  100.00
03:29:03 AM    5    0.00    0.00    0.00    0.00    0.00    0.00    0.00    0.00    0.00  100.00
03:29:03 AM    6    0.00    0.00    0.00    0.00    0.00    0.00    0.00    0.00    0.00  100.00
03:29:03 AM    7    0.00    0.00    0.00    0.00    0.00    0.00    0.00    0.00    0.00  100.00

03:29:03 AM  CPU    %usr   %nice    %sys %iowait    %irq   %soft  %steal  %guest  %gnice   %idle
03:29:04 AM  all    0.00    0.00   12.52    0.00    0.00   15.39    0.00    0.00    0.00   72.09
03:29:04 AM    0    0.00    0.00    0.00    0.00    0.00  100.00    0.00    0.00    0.00    0.00
03:29:04 AM    1    0.00    0.00    0.00    0.00    0.00   24.00    0.00    0.00    0.00   76.00
03:29:04 AM    2    0.00    0.00  100.00    0.00    0.00    0.00    0.00    0.00    0.00    0.00
03:29:04 AM    3    0.00    0.00    0.00    0.00    0.00    0.00    0.00    0.00    0.00  100.00
03:29:04 AM    4    0.00    0.00    0.00    0.00    0.00    0.00    0.00    0.00    0.00  100.00
03:29:04 AM    5    0.00    0.00    0.00    0.00    0.00    0.00    0.00    0.00    0.00  100.00
03:29:04 AM    6    0.00    0.00    0.00    0.00    0.00    0.00    0.00    0.00    0.00  100.00
03:29:04 AM    7    0.00    0.00    0.00    0.00    0.00    0.00    0.00    0.00    0.00  100.00

03:29:04 AM  CPU    %usr   %nice    %sys %iowait    %irq   %soft  %steal  %guest  %gnice   %idle
03:29:05 AM  all    0.00    0.00   12.48    0.00    0.25   17.80    0.00    0.00    0.00   69.47
03:29:05 AM    0    0.00    0.00    0.00    0.00    0.98   70.59    0.00    0.00    0.00   28.43
03:29:05 AM    1    0.00    0.00    0.00    0.00    0.98   70.59    0.00    0.00    0.00   28.43
03:29:05 AM    2    0.00    0.00  100.00    0.00    0.00    0.00    0.00    0.00    0.00    0.00
03:29:05 AM    3    0.00    0.00    0.00    0.00    0.00    0.00    0.00    0.00    0.00  100.00
03:29:05 AM    4    0.00    0.00    0.00    0.00    0.00    0.00    0.00    0.00    0.00  100.00
03:29:05 AM    5    0.00    0.00    0.00    0.00    0.00    0.00    0.00    0.00    0.00  100.00
03:29:05 AM    6    0.00    0.00    0.00    0.00    0.00    0.00    0.00    0.00    0.00  100.00
03:29:05 AM    7    0.00    0.00    0.00    0.00    0.00    0.00    0.00    0.00    0.00  100.00

03:29:05 AM  CPU    %usr   %nice    %sys %iowait    %irq   %soft  %steal  %guest  %gnice   %idle
03:29:06 AM  all    0.00    0.00   12.50    0.00    0.00   20.62    0.00    0.00    0.00   66.88
03:29:06 AM    0    0.00    0.00    0.00    0.00    0.00   65.66    0.00    0.00    0.00   34.34
03:29:06 AM    1    0.00    0.00    0.00    0.00    0.00  100.00    0.00    0.00    0.00    0.00
03:29:06 AM    2    0.00    0.00  100.00    0.00    0.00    0.00    0.00    0.00    0.00    0.00
03:29:06 AM    3    0.00    0.00    0.00    0.00    0.00    0.00    0.00    0.00    0.00  100.00
03:29:06 AM    4    0.00    0.00    0.00    0.00    0.00    0.00    0.00    0.00    0.00  100.00
03:29:06 AM    5    0.00    0.00    0.00    0.00    0.00    0.00    0.00    0.00    0.00  100.00
03:29:06 AM    6    0.00    0.00    0.00    0.00    0.00    0.00    0.00    0.00    0.00  100.00
03:29:06 AM    7    0.00    0.00    0.00    0.00    0.00    0.00    0.00    0.00    0.00  100.00

03:29:06 AM  CPU    %usr   %nice    %sys %iowait    %irq   %soft  %steal  %guest  %gnice   %idle
03:29:07 AM  all    0.00    0.00   12.52    0.00    0.00   21.53    0.00    0.00    0.00   65.96
03:29:07 AM    0    0.00    0.00    0.00    0.00    0.00  100.00    0.00    0.00    0.00    0.00
03:29:07 AM    1    0.00    0.00    0.00    0.00    0.00   72.73    0.00    0.00    0.00   27.27
03:29:07 AM    2    0.00    0.00  100.00    0.00    0.00    0.00    0.00    0.00    0.00    0.00
03:29:07 AM    3    0.00    0.00    0.00    0.00    0.00    0.00    0.00    0.00    0.00  100.00
03:29:07 AM    4    0.00    0.00    0.00    0.00    0.00    0.00    0.00    0.00    0.00  100.00
03:29:07 AM    5    0.00    0.00    0.00    0.00    0.00    0.00    0.00    0.00    0.00  100.00
03:29:07 AM    6    0.00    0.00    0.00    0.00    0.00    0.00    0.00    0.00    0.00  100.00
03:29:07 AM    7    0.00    0.00    0.00    0.00    0.00    0.00    0.00    0.00    0.00  100.00

03:29:07 AM  CPU    %usr   %nice    %sys %iowait    %irq   %soft  %steal  %guest  %gnice   %idle
03:29:08 AM  all    0.00    0.00   12.53    0.00    0.25   21.71    0.00    0.00    0.00   65.51
03:29:08 AM    0    0.00    0.00    0.00    0.00    0.99   74.26    0.00    0.00    0.00   24.75
03:29:08 AM    1    0.00    0.00    0.00    0.00    0.99   99.01    0.00    0.00    0.00    0.00
03:29:08 AM    2    0.00    0.00  100.00    0.00    0.00    0.00    0.00    0.00    0.00    0.00
03:29:08 AM    3    0.00    0.00    0.00    0.00    0.00    0.00    0.00    0.00    0.00  100.00
03:29:08 AM    4    0.00    0.00    0.00    0.00    0.00    0.00    0.00    0.00    0.00  100.00
03:29:08 AM    5    0.00    0.00    0.00    0.00    0.00    0.00    0.00    0.00    0.00  100.00
03:29:08 AM    6    0.00    0.00    0.00    0.00    0.00    0.00    0.00    0.00    0.00  100.00
03:29:08 AM    7    0.00    0.00    0.00    0.00    0.00    0.00    0.00    0.00    0.00  100.00

03:29:08 AM  CPU    %usr   %nice    %sys %iowait    %irq   %soft  %steal  %guest  %gnice   %idle
03:29:09 AM  all    0.00    0.00   12.59    0.00    0.00   24.81    0.00    0.00    0.00   62.59
03:29:09 AM    0    0.00    0.00    1.00    0.00    0.00   99.00    0.00    0.00    0.00    0.00
03:29:09 AM    1    0.00    0.00    0.00    0.00    0.00  100.00    0.00    0.00    0.00    0.00
03:29:09 AM    2    0.00    0.00  100.00    0.00    0.00    0.00    0.00    0.00    0.00    0.00
03:29:09 AM    3    0.00    0.00    0.00    0.00    0.00    0.00    0.00    0.00    0.00  100.00
03:29:09 AM    4    0.00    0.00    0.00    0.00    0.00    0.00    0.00    0.00    0.00  100.00
03:29:09 AM    5    0.00    0.00    0.00    0.00    0.00    0.00    0.00    0.00    0.00  100.00
03:29:09 AM    6    0.00    0.00    0.00    0.00    0.00    0.00    0.00    0.00    0.00  100.00
03:29:09 AM    7    0.00    0.00    0.00    0.00    0.00    0.00    0.00    0.00    0.00  100.00

03:29:09 AM  CPU    %usr   %nice    %sys %iowait    %irq   %soft  %steal  %guest  %gnice   %idle
03:29:10 AM  all    0.25    0.00   12.61    0.00    0.00   21.35    0.00    0.00    0.00   65.79
03:29:10 AM    0    1.00    0.00    0.00    0.00    0.00   99.00    0.00    0.00    0.00    0.00
03:29:10 AM    1    0.99    0.00    0.99    0.00    0.00   71.29    0.00    0.00    0.00   26.73
03:29:10 AM    2    0.00    0.00  100.00    0.00    0.00    0.00    0.00    0.00    0.00    0.00
03:29:10 AM    3    0.00    0.00    0.00    0.00    0.00    0.00    0.00    0.00    0.00  100.00
03:29:10 AM    4    0.00    0.00    0.00    0.00    0.00    0.00    0.00    0.00    0.00  100.00
03:29:10 AM    5    0.00    0.00    0.00    0.00    0.00    0.00    0.00    0.00    0.00  100.00
03:29:10 AM    6    0.00    0.00    0.00    0.00    0.00    0.00    0.00    0.00    0.00  100.00
03:29:10 AM    7    0.00    0.00    0.00    0.00    0.00    0.00    0.00    0.00    0.00  100.00

03:29:10 AM  CPU    %usr   %nice    %sys %iowait    %irq   %soft  %steal  %guest  %gnice   %idle
03:29:11 AM  all    0.00    0.00   12.42    0.00    0.25   21.49    0.00    0.00    0.00   65.84
03:29:11 AM    0    0.00    0.00    0.00    0.00    0.98   72.55    0.00    0.00    0.00   26.47
03:29:11 AM    1    0.00    0.00    0.00    0.00    1.00   99.00    0.00    0.00    0.00    0.00
03:29:11 AM    2    0.00    0.00  100.00    0.00    0.00    0.00    0.00    0.00    0.00    0.00
03:29:11 AM    3    0.00    0.00    0.00    0.00    0.00    0.00    0.00    0.00    0.00  100.00
03:29:11 AM    4    0.00    0.00    0.00    0.00    0.00    0.00    0.00    0.00    0.00  100.00
03:29:11 AM    5    0.00    0.00    0.00    0.00    0.00    0.00    0.00    0.00    0.00  100.00
03:29:11 AM    6    0.00    0.00    0.00    0.00    0.00    0.00    0.00    0.00    0.00  100.00
03:29:11 AM    7    0.00    0.00    0.00    0.00    0.00    0.00    0.00    0.00    0.00  100.00

03:29:11 AM  CPU    %usr   %nice    %sys %iowait    %irq   %soft  %steal  %guest  %gnice   %idle
03:29:12 AM  all    0.00    0.00   12.59    0.00    0.00   20.45    0.00    0.00    0.00   66.96
03:29:12 AM    0    0.00    0.00    0.00    0.00    0.00   64.00    0.00    0.00    0.00   36.00
03:29:12 AM    1    0.00    0.00    0.00    0.00    0.00  100.00    0.00    0.00    0.00    0.00
03:29:12 AM    2    0.00    0.00  100.00    0.00    0.00    0.00    0.00    0.00    0.00    0.00
03:29:12 AM    3    0.00    0.00    0.00    0.00    0.00    0.00    0.00    0.00    0.00  100.00
03:29:12 AM    4    0.00    0.00    0.00    0.00    0.00    0.00    0.00    0.00    0.00  100.00
03:29:12 AM    5    0.00    0.00    0.00    0.00    0.00    0.00    0.00    0.00    0.00  100.00
03:29:12 AM    6    0.00    0.00    0.00    0.00    0.00    0.00    0.00    0.00    0.00  100.00
03:29:12 AM    7    0.00    0.00    0.00    0.00    0.00    0.00    0.00    0.00    0.00  100.00

03:29:12 AM  CPU    %usr   %nice    %sys %iowait    %irq   %soft  %steal  %guest  %gnice   %idle
03:29:13 AM  all    0.00    0.00   12.50    0.00    0.00   21.38    0.00    0.00    0.00   66.12
03:29:13 AM    0    0.00    0.00    0.00    0.00    0.00  100.00    0.00    0.00    0.00    0.00
03:29:13 AM    1    0.00    0.00    0.00    0.00    0.00   72.00    0.00    0.00    0.00   28.00
03:29:13 AM    2    0.00    0.00  100.00    0.00    0.00    0.00    0.00    0.00    0.00    0.00
03:29:13 AM    3    0.00    0.00    0.00    0.00    0.00    0.00    0.00    0.00    0.00  100.00
03:29:13 AM    4    0.00    0.00    0.00    0.00    0.00    0.00    0.00    0.00    0.00  100.00
03:29:13 AM    5    0.00    0.00    0.00    0.00    0.00    0.00    0.00    0.00    0.00  100.00
03:29:13 AM    6    0.00    0.00    0.00    0.00    0.00    0.00    0.00    0.00    0.00  100.00
03:29:13 AM    7    0.00    0.00    0.00    0.00    0.00    0.00    0.00    0.00    0.00  100.00

03:29:13 AM  CPU    %usr   %nice    %sys %iowait    %irq   %soft  %steal  %guest  %gnice   %idle
03:29:14 AM  all    0.00    0.00   12.56    0.00    0.25   24.88    0.00    0.00    0.00   62.31
03:29:14 AM    0    0.00    0.00    0.00    0.00    0.99   99.01    0.00    0.00    0.00    0.00
03:29:14 AM    1    0.00    0.00    0.98    0.00    0.98   98.04    0.00    0.00    0.00    0.00
03:29:14 AM    2    0.00    0.00  100.00    0.00    0.00    0.00    0.00    0.00    0.00    0.00
03:29:14 AM    3    0.00    0.00    0.00    0.00    0.00    0.00    0.00    0.00    0.00  100.00
03:29:14 AM    4    0.00    0.00    0.00    0.00    0.00    0.00    0.00    0.00    0.00  100.00
03:29:14 AM    5    0.00    0.00    0.00    0.00    0.00    0.00    0.00    0.00    0.00  100.00
03:29:14 AM    6    0.00    0.00    0.00    0.00    0.00    0.00    0.00    0.00    0.00  100.00
03:29:14 AM    7    0.00    0.00    0.00    0.00    0.00    0.00    0.00    0.00    0.00  100.00

03:29:14 AM  CPU    %usr   %nice    %sys %iowait    %irq   %soft  %steal  %guest  %gnice   %idle
03:29:15 AM  all    0.00    0.00   12.53    0.00    0.00   15.16    0.00    0.00    0.00   72.31
03:29:15 AM    0    0.00    0.00    0.00    0.00    0.00   72.00    0.00    0.00    0.00   28.00
03:29:15 AM    1    0.00    0.00    0.00    0.00    0.00   49.49    0.00    0.00    0.00   50.51
03:29:15 AM    2    0.00    0.00  100.00    0.00    0.00    0.00    0.00    0.00    0.00    0.00
03:29:15 AM    3    0.00    0.00    0.00    0.00    0.00    0.00    0.00    0.00    0.00  100.00
03:29:15 AM    4    0.00    0.00    0.00    0.00    0.00    0.00    0.00    0.00    0.00  100.00
03:29:15 AM    5    0.00    0.00    0.00    0.00    0.00    0.00    0.00    0.00    0.00  100.00
03:29:15 AM    6    0.00    0.00    0.00    0.00    0.00    0.00    0.00    0.00    0.00  100.00
03:29:15 AM    7    0.00    0.00    0.00    0.00    0.00    0.00    0.00    0.00    0.00  100.00

03:29:15 AM  CPU    %usr   %nice    %sys %iowait    %irq   %soft  %steal  %guest  %gnice   %idle
03:29:16 AM  all    0.00    0.00   12.45    0.00    0.00   18.06    0.00    0.00    0.00   69.49
03:29:16 AM    0    0.00    0.00    0.00    0.00    0.00  100.00    0.00    0.00    0.00    0.00
03:29:16 AM    1    0.00    0.00    0.00    0.00    0.00   45.00    0.00    0.00    0.00   55.00
03:29:16 AM    2    0.00    0.00  100.00    0.00    0.00    0.00    0.00    0.00    0.00    0.00
03:29:16 AM    3    0.00    0.00    0.00    0.00    0.00    0.00    0.00    0.00    0.00  100.00
03:29:16 AM    4    0.00    0.00    0.00    0.00    0.00    0.00    0.00    0.00    0.00  100.00
03:29:16 AM    5    0.00    0.00    0.00    0.00    0.00    0.00    0.00    0.00    0.00  100.00
03:29:16 AM    6    0.00    0.00    0.00    0.00    0.00    0.00    0.00    0.00    0.00  100.00
03:29:16 AM    7    0.00    0.00    0.00    0.00    0.00    0.00    0.00    0.00    0.00  100.00

03:29:16 AM  CPU    %usr   %nice    %sys %iowait    %irq   %soft  %steal  %guest  %gnice   %idle
03:29:17 AM  all    0.00    0.00   12.88    0.00    0.12   22.25    0.00    0.00    0.00   64.75
03:29:17 AM    0    0.00    0.00    1.00    0.00    1.00   80.00    0.00    0.00    0.00   18.00
03:29:17 AM    1    0.00    0.00    2.00    0.00    0.00   98.00    0.00    0.00    0.00    0.00
03:29:17 AM    2    0.00    0.00  100.00    0.00    0.00    0.00    0.00    0.00    0.00    0.00
03:29:17 AM    3    0.00    0.00    0.00    0.00    0.00    0.00    0.00    0.00    0.00  100.00
03:29:17 AM    4    0.00    0.00    0.00    0.00    0.00    0.00    0.00    0.00    0.00  100.00
03:29:17 AM    5    0.00    0.00    0.00    0.00    0.00    0.00    0.00    0.00    0.00  100.00
03:29:17 AM    6    0.00    0.00    0.00    0.00    0.00    0.00    0.00    0.00    0.00  100.00
03:29:17 AM    7    0.00    0.00    0.00    0.00    0.00    0.00    0.00    0.00    0.00  100.00

03:29:17 AM  CPU    %usr   %nice    %sys %iowait    %irq   %soft  %steal  %guest  %gnice   %idle
03:29:18 AM  all    0.00    0.00   12.48    0.00    0.12   20.22    0.00    0.00    0.00   67.17
03:29:18 AM    0    0.00    0.00    0.00    0.00    0.00   90.00    0.00    0.00    0.00   10.00
03:29:18 AM    1    0.00    0.00    0.00    0.00    0.99   71.29    0.00    0.00    0.00   27.72
03:29:18 AM    2    0.00    0.00  100.00    0.00    0.00    0.00    0.00    0.00    0.00    0.00
03:29:18 AM    3    0.00    0.00    0.00    0.00    0.00    0.00    0.00    0.00    0.00  100.00
03:29:18 AM    4    0.00    0.00    0.00    0.00    0.00    0.00    0.00    0.00    0.00  100.00
03:29:18 AM    5    0.00    0.00    0.00    0.00    0.00    0.00    0.00    0.00    0.00  100.00
03:29:18 AM    6    0.00    0.00    0.00    0.00    0.00    0.00    0.00    0.00    0.00  100.00
03:29:18 AM    7    0.00    0.00    0.00    0.00    0.00    0.00    0.00    0.00    0.00  100.00

03:29:18 AM  CPU    %usr   %nice    %sys %iowait    %irq   %soft  %steal  %guest  %gnice   %idle
03:29:19 AM  all    0.00    0.00   12.50    0.38    0.00   13.88    0.00    0.00    0.00   73.25
03:29:19 AM    0    0.00    0.00    0.00    0.00    0.00   75.00    0.00    0.00    0.00   25.00
03:29:19 AM    1    0.00    0.00    0.00    3.00    0.00   36.00    0.00    0.00    0.00   61.00
03:29:19 AM    2    0.00    0.00  100.00    0.00    0.00    0.00    0.00    0.00    0.00    0.00
03:29:19 AM    3    0.00    0.00    0.00    0.00    0.00    0.00    0.00    0.00    0.00  100.00
03:29:19 AM    4    0.00    0.00    0.00    0.00    0.00    0.00    0.00    0.00    0.00  100.00
03:29:19 AM    5    0.00    0.00    0.00    0.00    0.00    0.00    0.00    0.00    0.00  100.00
03:29:19 AM    6    0.00    0.00    0.00    0.00    0.00    0.00    0.00    0.00    0.00  100.00
03:29:19 AM    7    0.00    0.00    0.00    0.00    0.00    0.00    0.00    0.00    0.00  100.00

03:29:19 AM  CPU    %usr   %nice    %sys %iowait    %irq   %soft  %steal  %guest  %gnice   %idle
03:29:21 AM  all    0.00    0.00   12.58    0.00    0.12   21.42    0.00    0.00    0.00   65.88
03:29:21 AM    0    0.00    0.00    0.00    0.00    1.00   74.00    0.00    0.00    0.00   25.00
03:29:21 AM    1    0.00    0.00    0.00    0.00    0.00   98.00    0.00    0.00    0.00    2.00
03:29:21 AM    2    0.00    0.00  100.00    0.00    0.00    0.00    0.00    0.00    0.00    0.00
03:29:21 AM    3    0.00    0.00    0.00    0.00    0.00    0.00    0.00    0.00    0.00  100.00
03:29:21 AM    4    0.00    0.00    0.00    0.00    0.00    0.00    0.00    0.00    0.00  100.00
03:29:21 AM    5    0.00    0.00    0.00    0.00    0.00    0.00    0.00    0.00    0.00  100.00
03:29:21 AM    6    0.00    0.00    0.00    0.00    0.00    0.00    0.00    0.00    0.00  100.00
03:29:21 AM    7    0.00    0.00    0.00    0.00    0.00    0.00    0.00    0.00    0.00  100.00

03:29:21 AM  CPU    %usr   %nice    %sys %iowait    %irq   %soft  %steal  %guest  %gnice   %idle
03:29:22 AM  all    0.12    0.00   12.61    0.00    0.00   16.60    0.00    0.00    0.00   70.66
03:29:22 AM    0    0.00    0.00    0.00    0.00    0.00  100.00    0.00    0.00    0.00    0.00
03:29:22 AM    1    1.00    0.00    1.00    0.00    0.00   33.00    0.00    0.00    0.00   65.00
03:29:22 AM    2    0.00    0.00  100.00    0.00    0.00    0.00    0.00    0.00    0.00    0.00
03:29:22 AM    3    0.00    0.00    0.00    0.00    0.00    0.00    0.00    0.00    0.00  100.00
03:29:22 AM    4    0.00    0.00    0.00    0.00    0.00    0.00    0.00    0.00    0.00  100.00
03:29:22 AM    5    0.00    0.00    0.00    0.00    0.00    0.00    0.00    0.00    0.00  100.00
03:29:22 AM    6    0.00    0.00    0.00    0.00    0.00    0.00    0.00    0.00    0.00  100.00
03:29:22 AM    7    0.00    0.00    0.00    0.00    0.00    0.00    0.00    0.00    0.00  100.00

03:29:22 AM  CPU    %usr   %nice    %sys %iowait    %irq   %soft  %steal  %guest  %gnice   %idle
03:29:23 AM  all    0.00    0.00   12.52    0.00    0.00   23.40    0.00    0.00    0.00   64.08
03:29:23 AM    0    0.00    0.00    0.00    0.00    0.00   87.00    0.00    0.00    0.00   13.00
03:29:23 AM    1    0.00    0.00    0.00    0.00    0.00  100.00    0.00    0.00    0.00    0.00
03:29:23 AM    2    0.00    0.00  100.00    0.00    0.00    0.00    0.00    0.00    0.00    0.00
03:29:23 AM    3    0.00    0.00    0.00    0.00    0.00    0.00    0.00    0.00    0.00  100.00
03:29:23 AM    4    0.00    0.00    0.00    0.00    0.00    0.00    0.00    0.00    0.00  100.00
03:29:23 AM    5    0.00    0.00    0.00    0.00    0.00    0.00    0.00    0.00    0.00  100.00
03:29:23 AM    6    0.00    0.00    0.00    0.00    0.00    0.00    0.00    0.00    0.00  100.00
03:29:23 AM    7    0.00    0.00    0.00    0.00    0.00    0.00    0.00    0.00    0.00  100.00

03:29:23 AM  CPU    %usr   %nice    %sys %iowait    %irq   %soft  %steal  %guest  %gnice   %idle
03:29:24 AM  all    0.00    0.00   12.52    0.00    0.25   16.60    0.00    0.00    0.00   70.63
03:29:24 AM    0    0.00    0.00    0.00    0.00    0.98   59.80    0.00    0.00    0.00   39.22
03:29:24 AM    1    0.00    0.00    0.00    0.00    1.00   73.00    0.00    0.00    0.00   26.00
03:29:24 AM    2    0.00    0.00  100.00    0.00    0.00    0.00    0.00    0.00    0.00    0.00
03:29:24 AM    3    0.00    0.00    0.00    0.00    0.00    0.00    0.00    0.00    0.00  100.00
03:29:24 AM    4    0.00    0.00    0.00    0.00    0.00    0.00    0.00    0.00    0.00  100.00
03:29:24 AM    5    0.00    0.00    0.00    0.00    0.00    0.00    0.00    0.00    0.00  100.00
03:29:24 AM    6    0.00    0.00    0.00    0.00    0.00    0.00    0.00    0.00    0.00  100.00
03:29:24 AM    7    0.00    0.00    0.00    0.00    0.00    0.00    0.00    0.00    0.00  100.00

03:29:24 AM  CPU    %usr   %nice    %sys %iowait    %irq   %soft  %steal  %guest  %gnice   %idle
03:29:25 AM  all    0.00    0.00   12.47    0.00    0.00   21.82    0.00    0.00    0.00   65.71
03:29:25 AM    0    0.00    0.00    0.00    0.00    0.00  100.00    0.00    0.00    0.00    0.00
03:29:25 AM    1    0.00    0.00    0.00    0.00    0.00   74.26    0.00    0.00    0.00   25.74
03:29:25 AM    2    0.00    0.00  100.00    0.00    0.00    0.00    0.00    0.00    0.00    0.00
03:29:25 AM    3    0.00    0.00    0.00    0.00    0.00    0.00    0.00    0.00    0.00  100.00
03:29:25 AM    4    0.00    0.00    0.00    0.00    0.00    0.00    0.00    0.00    0.00  100.00
03:29:25 AM    5    0.00    0.00    0.00    0.00    0.00    0.00    0.00    0.00    0.00  100.00
03:29:25 AM    6    0.00    0.00    0.00    0.00    0.00    0.00    0.00    0.00    0.00  100.00
03:29:25 AM    7    0.00    0.00    0.00    0.00    0.00    0.00    0.00    0.00    0.00  100.00

03:29:25 AM  CPU    %usr   %nice    %sys %iowait    %irq   %soft  %steal  %guest  %gnice   %idle
03:29:26 AM  all    0.00    0.00   12.62    0.00    0.00   20.38    0.00    0.00    0.00   67.00
03:29:26 AM    0    0.00    0.00    1.00    0.00    0.00   98.00    0.00    0.00    0.00    1.00
03:29:26 AM    1    0.00    0.00    0.00    0.00    0.00   65.00    0.00    0.00    0.00   35.00
03:29:26 AM    2    0.00    0.00  100.00    0.00    0.00    0.00    0.00    0.00    0.00    0.00
03:29:26 AM    3    0.00    0.00    0.00    0.00    0.00    0.00    0.00    0.00    0.00  100.00
03:29:26 AM    4    0.00    0.00    0.00    0.00    0.00    0.00    0.00    0.00    0.00  100.00
03:29:26 AM    5    0.00    0.00    0.00    0.00    0.00    0.00    0.00    0.00    0.00  100.00
03:29:26 AM    6    0.00    0.00    0.00    0.00    0.00    0.00    0.00    0.00    0.00  100.00
03:29:26 AM    7    0.00    0.00    0.00    0.00    0.00    0.00    0.00    0.00    0.00  100.00

03:29:26 AM  CPU    %usr   %nice    %sys %iowait    %irq   %soft  %steal  %guest  %gnice   %idle
03:29:27 AM  all    0.00    0.00   12.52    0.00    0.13   17.40    0.00    0.00    0.00   69.96
03:29:27 AM    0    0.00    0.00    0.00    0.00    1.00   40.00    0.00    0.00    0.00   59.00
03:29:27 AM    1    0.00    0.00    0.00    0.00    0.00  100.00    0.00    0.00    0.00    0.00
03:29:27 AM    2    0.00    0.00  100.00    0.00    0.00    0.00    0.00    0.00    0.00    0.00
03:29:27 AM    3    0.00    0.00    0.00    0.00    0.00    0.00    0.00    0.00    0.00  100.00
03:29:27 AM    4    0.00    0.00    0.00    0.00    0.00    0.00    0.00    0.00    0.00  100.00
03:29:27 AM    5    0.00    0.00    0.00    0.00    0.00    0.00    0.00    0.00    0.00  100.00
03:29:27 AM    6    0.00    0.00    0.00    0.00    0.00    0.00    0.00    0.00    0.00  100.00
03:29:27 AM    7    0.00    0.00    0.00    0.00    0.00    0.00    0.00    0.00    0.00  100.00

03:29:27 AM  CPU    %usr   %nice    %sys %iowait    %irq   %soft  %steal  %guest  %gnice   %idle
03:29:28 AM  all    0.00    0.00   12.62    0.00    0.12   20.12    0.00    0.00    0.00   67.12
03:29:28 AM    0    0.00    0.00    0.00    0.00    0.00   88.89    0.00    0.00    0.00   11.11
03:29:28 AM    1    0.00    0.00    0.99    0.00    0.99   72.28    0.00    0.00    0.00   25.74
03:29:28 AM    2    0.00    0.00  100.00    0.00    0.00    0.00    0.00    0.00    0.00    0.00
03:29:28 AM    3    0.00    0.00    0.00    0.00    0.00    0.00    0.00    0.00    0.00  100.00
03:29:28 AM    4    0.00    0.00    0.00    0.00    0.00    0.00    0.00    0.00    0.00  100.00
03:29:28 AM    5    0.00    0.00    0.00    0.00    0.00    0.00    0.00    0.00    0.00  100.00
03:29:28 AM    6    0.00    0.00    0.00    0.00    0.00    0.00    0.00    0.00    0.00  100.00
03:29:28 AM    7    0.00    0.00    0.00    0.00    0.00    0.00    0.00    0.00    0.00  100.00

03:29:28 AM  CPU    %usr   %nice    %sys %iowait    %irq   %soft  %steal  %guest  %gnice   %idle
03:29:29 AM  all    0.00    0.00   12.47    0.00    0.00   19.20    0.00    0.00    0.00   68.33
03:29:29 AM    0    0.00    0.00    0.00    0.00    0.00   83.00    0.00    0.00    0.00   17.00
03:29:29 AM    1    0.00    0.00    0.00    0.00    0.00   70.30    0.00    0.00    0.00   29.70
03:29:29 AM    2    0.00    0.00  100.00    0.00    0.00    0.00    0.00    0.00    0.00    0.00
03:29:29 AM    3    0.00    0.00    0.00    0.00    0.00    0.00    0.00    0.00    0.00  100.00
03:29:29 AM    4    0.00    0.00    0.00    0.00    0.00    0.00    0.00    0.00    0.00  100.00
03:29:29 AM    5    0.00    0.00    0.00    0.00    0.00    0.00    0.00    0.00    0.00  100.00
03:29:29 AM    6    0.00    0.00    0.00    0.00    0.00    0.00    0.00    0.00    0.00  100.00
03:29:29 AM    7    0.00    0.00    0.00    0.00    0.00    0.00    0.00    0.00    0.00  100.00

03:29:29 AM  CPU    %usr   %nice    %sys %iowait    %irq   %soft  %steal  %guest  %gnice   %idle
03:29:30 AM  all    0.00    0.00   12.45    0.00    0.12   16.19    0.00    0.00    0.00   71.23
03:29:30 AM    0    0.00    0.00    0.00    0.00    0.99   29.70    0.00    0.00    0.00   69.31
03:29:30 AM    1    0.00    0.00    0.00    0.00    0.00  100.00    0.00    0.00    0.00    0.00
03:29:30 AM    2    0.00    0.00  100.00    0.00    0.00    0.00    0.00    0.00    0.00    0.00
03:29:30 AM    3    0.00    0.00    0.00    0.00    0.00    0.00    0.00    0.00    0.00  100.00
03:29:30 AM    4    0.00    0.00    0.00    0.00    0.00    0.00    0.00    0.00    0.00  100.00
03:29:30 AM    5    0.00    0.00    0.00    0.00    0.00    0.00    0.00    0.00    0.00  100.00
03:29:30 AM    6    0.00    0.00    0.00    0.00    0.00    0.00    0.00    0.00    0.00  100.00
03:29:30 AM    7    0.00    0.00    0.00    0.00    0.00    0.00    0.00    0.00    0.00  100.00

03:29:30 AM  CPU    %usr   %nice    %sys %iowait    %irq   %soft  %steal  %guest  %gnice   %idle
03:29:31 AM  all    0.00    0.00   12.56    0.00    0.00   18.03    0.00    0.00    0.00   69.40
03:29:31 AM    0    0.00    0.00    0.00    0.00    0.00   71.29    0.00    0.00    0.00   28.71
03:29:31 AM    1    0.00    0.00    0.00    0.00    0.00   73.00    0.00    0.00    0.00   27.00
03:29:31 AM    2    0.00    0.00  100.00    0.00    0.00    0.00    0.00    0.00    0.00    0.00
03:29:31 AM    3    0.00    0.00    0.00    0.00    0.00    0.00    0.00    0.00    0.00  100.00
03:29:31 AM    4    0.00    0.00    0.00    0.00    0.00    0.00    0.00    0.00    0.00  100.00
03:29:31 AM    5    0.00    0.00    0.00    0.00    0.00    0.00    0.00    0.00    0.00  100.00
03:29:31 AM    6    0.00    0.00    0.00    0.00    0.00    0.00    0.00    0.00    0.00  100.00
03:29:31 AM    7    0.00    0.00    0.00    0.00    0.00    0.00    0.00    0.00    0.00  100.00

03:29:31 AM  CPU    %usr   %nice    %sys %iowait    %irq   %soft  %steal  %guest  %gnice   %idle
03:29:32 AM  all    0.00    0.00   12.48    0.00    0.12   24.84    0.00    0.00    0.00   62.55
03:29:32 AM    0    0.00    0.00    0.00    0.00    0.00  100.00    0.00    0.00    0.00    0.00
03:29:32 AM    1    0.00    0.00    0.00    0.00    0.99   99.01    0.00    0.00    0.00    0.00
03:29:32 AM    2    0.00    0.00  100.00    0.00    0.00    0.00    0.00    0.00    0.00    0.00
03:29:32 AM    3    0.00    0.00    0.00    0.00    0.00    0.00    0.00    0.00    0.00  100.00
03:29:32 AM    4    0.00    0.00    0.00    0.00    0.00    0.00    0.00    0.00    0.00  100.00
03:29:32 AM    5    0.00    0.00    0.00    0.00    0.00    0.00    0.00    0.00    0.00  100.00
03:29:32 AM    6    0.00    0.00    0.00    0.00    0.00    0.00    0.00    0.00    0.00  100.00
03:29:32 AM    7    0.00    0.00    0.00    0.00    0.00    0.00    0.00    0.00    0.00  100.00

03:29:32 AM  CPU    %usr   %nice    %sys %iowait    %irq   %soft  %steal  %guest  %gnice   %idle
03:29:33 AM  all    0.00    0.00   12.81    0.00    0.12   20.90    0.00    0.00    0.00   66.17
03:29:33 AM    0    0.00    0.00    0.99    0.00    0.99   68.32    0.00    0.00    0.00   29.70
03:29:33 AM    1    0.00    0.00    1.00    0.00    0.00   99.00    0.00    0.00    0.00    0.00
03:29:33 AM    2    0.00    0.00  100.00    0.00    0.00    0.00    0.00    0.00    0.00    0.00
03:29:33 AM    3    0.00    0.00    0.00    0.00    0.00    0.00    0.00    0.00    0.00  100.00
03:29:33 AM    4    0.00    0.00    0.00    0.00    0.00    0.00    0.00    0.00    0.00  100.00
03:29:33 AM    5    0.00    0.00    0.00    0.00    0.00    0.00    0.00    0.00    0.00  100.00
03:29:33 AM    6    0.00    0.00    0.00    0.00    0.00    0.00    0.00    0.00    0.00  100.00
03:29:33 AM    7    0.00    0.00    0.00    0.00    0.00    0.00    0.00    0.00    0.00  100.00

03:29:33 AM  CPU    %usr   %nice    %sys %iowait    %irq   %soft  %steal  %guest  %gnice   %idle
03:29:34 AM  all    0.00    0.00   12.45    0.00    0.12   20.80    0.00    0.00    0.00   66.63
03:29:34 AM    0    0.00    0.00    0.00    0.00    0.00   67.00    0.00    0.00    0.00   33.00
03:29:34 AM    1    0.00    0.00    0.00    0.00    0.99   99.01    0.00    0.00    0.00    0.00
03:29:34 AM    2    0.00    0.00  100.00    0.00    0.00    0.00    0.00    0.00    0.00    0.00
03:29:34 AM    3    0.00    0.00    0.00    0.00    0.00    0.00    0.00    0.00    0.00  100.00
03:29:34 AM    4    0.00    0.00    0.00    0.00    0.00    0.00    0.00    0.00    0.00  100.00
03:29:34 AM    5    0.00    0.00    0.00    0.00    0.00    0.00    0.00    0.00    0.00  100.00
03:29:34 AM    6    0.00    0.00    0.00    0.00    0.00    0.00    0.00    0.00    0.00  100.00
03:29:34 AM    7    0.00    0.00    0.00    0.00    0.00    0.00    0.00    0.00    0.00  100.00

03:29:34 AM  CPU    %usr   %nice    %sys %iowait    %irq   %soft  %steal  %guest  %gnice   %idle
03:29:35 AM  all    0.00    0.00   12.64    0.00    0.00   24.78    0.00    0.00    0.00   62.58
03:29:35 AM    0    0.00    0.00    1.00    0.00    0.00   99.00    0.00    0.00    0.00    0.00
03:29:35 AM    1    0.00    0.00    0.00    0.00    0.00  100.00    0.00    0.00    0.00    0.00
03:29:35 AM    2    0.00    0.00  100.00    0.00    0.00    0.00    0.00    0.00    0.00    0.00
03:29:35 AM    3    0.00    0.00    0.00    0.00    0.00    0.00    0.00    0.00    0.00  100.00
03:29:35 AM    4    0.00    0.00    0.00    0.00    0.00    0.00    0.00    0.00    0.00  100.00
03:29:35 AM    5    0.00    0.00    0.00    0.00    0.00    0.00    0.00    0.00    0.00  100.00
03:29:35 AM    6    0.00    0.00    0.00    0.00    0.00    0.00    0.00    0.00    0.00  100.00
03:29:35 AM    7    0.00    0.00    0.00    0.00    0.00    0.00    0.00    0.00    0.00  100.00

03:29:35 AM  CPU    %usr   %nice    %sys %iowait    %irq   %soft  %steal  %guest  %gnice   %idle
03:29:36 AM  all    0.00    0.00   12.47    0.00    0.12   24.94    0.00    0.00    0.00   62.47
03:29:36 AM    0    0.00    0.00    0.00    0.00    0.99   99.01    0.00    0.00    0.00    0.00
03:29:36 AM    1    0.00    0.00    0.00    0.00    0.00  100.00    0.00    0.00    0.00    0.00
03:29:36 AM    2    0.00    0.00  100.00    0.00    0.00    0.00    0.00    0.00    0.00    0.00
03:29:36 AM    3    0.00    0.00    0.00    0.00    0.00    0.00    0.00    0.00    0.00  100.00
03:29:36 AM    4    0.00    0.00    0.00    0.00    0.00    0.00    0.00    0.00    0.00  100.00
03:29:36 AM    5    0.00    0.00    0.00    0.00    0.00    0.00    0.00    0.00    0.00  100.00
03:29:36 AM    6    0.00    0.00    0.00    0.00    0.00    0.00    0.00    0.00    0.00  100.00
03:29:36 AM    7    0.00    0.00    0.00    0.00    0.00    0.00    0.00    0.00    0.00  100.00

03:29:36 AM  CPU    %usr   %nice    %sys %iowait    %irq   %soft  %steal  %guest  %gnice   %idle
03:29:37 AM  all    0.00    0.00   12.52    0.00    0.13   22.53    0.00    0.00    0.00   64.83
03:29:37 AM    0    0.00    0.00    0.00    0.00    0.00  100.00    0.00    0.00    0.00    0.00
03:29:37 AM    1    0.00    0.00    0.00    0.00    1.00   81.00    0.00    0.00    0.00   18.00
03:29:37 AM    2    0.00    0.00  100.00    0.00    0.00    0.00    0.00    0.00    0.00    0.00
03:29:37 AM    3    0.00    0.00    0.00    0.00    0.00    0.00    0.00    0.00    0.00  100.00
03:29:37 AM    4    0.00    0.00    0.00    0.00    0.00    0.00    0.00    0.00    0.00  100.00
03:29:37 AM    5    0.00    0.00    0.00    0.00    0.00    0.00    0.00    0.00    0.00  100.00
03:29:37 AM    6    0.00    0.00    0.00    0.00    0.00    0.00    0.00    0.00    0.00  100.00
03:29:37 AM    7    0.00    0.00    0.00    0.00    0.00    0.00    0.00    0.00    0.00  100.00

03:29:37 AM  CPU    %usr   %nice    %sys %iowait    %irq   %soft  %steal  %guest  %gnice   %idle
03:29:38 AM  all    0.00    0.00   12.55    0.00    0.12   20.25    0.00    0.00    0.00   67.08
03:29:38 AM    0    0.00    0.00    0.00    0.00    1.00   71.00    0.00    0.00    0.00   28.00
03:29:38 AM    1    0.00    0.00    0.00    0.00    0.00   91.09    0.00    0.00    0.00    8.91
03:29:38 AM    2    0.00    0.00  100.00    0.00    0.00    0.00    0.00    0.00    0.00    0.00
03:29:38 AM    3    0.00    0.00    0.00    0.00    0.00    0.00    0.00    0.00    0.00  100.00
03:29:38 AM    4    0.00    0.00    0.00    0.00    0.00    0.00    0.00    0.00    0.00  100.00
03:29:38 AM    5    0.00    0.00    0.00    0.00    0.00    0.00    0.00    0.00    0.00  100.00
03:29:38 AM    6    0.00    0.00    0.00    0.00    0.00    0.00    0.00    0.00    0.00  100.00
03:29:38 AM    7    0.00    0.00    0.00    0.00    0.00    0.00    0.00    0.00    0.00  100.00

03:29:38 AM  CPU    %usr   %nice    %sys %iowait    %irq   %soft  %steal  %guest  %gnice   %idle
03:29:39 AM  all    0.00    0.00   12.53    0.00    0.00   18.55    0.00    0.00    0.00   68.92
03:29:39 AM    0    0.00    0.00    0.00    0.00    0.00   70.00    0.00    0.00    0.00   30.00
03:29:39 AM    1    0.00    0.00    0.00    0.00    0.00   78.79    0.00    0.00    0.00   21.21
03:29:39 AM    2    0.00    0.00  100.00    0.00    0.00    0.00    0.00    0.00    0.00    0.00
03:29:39 AM    3    0.00    0.00    0.00    0.00    0.00    0.00    0.00    0.00    0.00  100.00
03:29:39 AM    4    0.00    0.00    0.00    0.00    0.00    0.00    0.00    0.00    0.00  100.00
03:29:39 AM    5    0.00    0.00    0.00    0.00    0.00    0.00    0.00    0.00    0.00  100.00
03:29:39 AM    6    0.00    0.00    0.00    0.00    0.00    0.00    0.00    0.00    0.00  100.00
03:29:39 AM    7    0.00    0.00    0.00    0.00    0.00    0.00    0.00    0.00    0.00  100.00

03:29:39 AM  CPU    %usr   %nice    %sys %iowait    %irq   %soft  %steal  %guest  %gnice   %idle
03:29:40 AM  all    0.00    0.00   12.56    0.00    0.00   18.78    0.00    0.00    0.00   68.66
03:29:40 AM    0    0.00    0.00    0.00    0.00    0.00   76.24    0.00    0.00    0.00   23.76
03:29:40 AM    1    0.00    0.00    0.99    0.00    0.00   73.27    0.00    0.00    0.00   25.74
03:29:40 AM    2    0.00    0.00  100.00    0.00    0.00    0.00    0.00    0.00    0.00    0.00
03:29:40 AM    3    0.00    0.00    0.00    0.00    0.00    0.00    0.00    0.00    0.00  100.00
03:29:40 AM    4    0.00    0.00    0.00    0.00    0.00    0.00    0.00    0.00    0.00  100.00
03:29:40 AM    5    0.00    0.00    0.00    0.00    0.00    0.00    0.00    0.00    0.00  100.00
03:29:40 AM    6    0.00    0.00    0.00    0.00    0.00    0.00    0.00    0.00    0.00  100.00
03:29:40 AM    7    0.00    0.00    0.00    0.00    0.00    0.00    0.00    0.00    0.00  100.00

03:29:40 AM  CPU    %usr   %nice    %sys %iowait    %irq   %soft  %steal  %guest  %gnice   %idle
03:29:41 AM  all    0.00    0.00   12.42    0.00    0.25   24.84    0.00    0.00    0.00   62.48
03:29:41 AM    0    0.00    0.00    0.00    0.00    0.99   99.01    0.00    0.00    0.00    0.00
03:29:41 AM    1    0.00    0.00    0.00    0.00    0.99   99.01    0.00    0.00    0.00    0.00
03:29:41 AM    2    0.00    0.00  100.00    0.00    0.00    0.00    0.00    0.00    0.00    0.00
03:29:41 AM    3    0.00    0.00    0.00    0.00    0.00    0.00    0.00    0.00    0.00  100.00
03:29:41 AM    4    0.00    0.00    0.00    0.00    0.00    0.00    0.00    0.00    0.00  100.00
03:29:41 AM    5    0.00    0.00    0.00    0.00    0.00    0.00    0.00    0.00    0.00  100.00
03:29:41 AM    6    0.00    0.00    0.00    0.00    0.00    0.00    0.00    0.00    0.00  100.00
03:29:41 AM    7    0.00    0.00    0.00    0.00    0.00    0.00    0.00    0.00    0.00  100.00

03:29:41 AM  CPU    %usr   %nice    %sys %iowait    %irq   %soft  %steal  %guest  %gnice   %idle
03:29:42 AM  all    0.25    0.00   12.55    0.00    0.00   17.44    0.00    0.00    0.00   69.76
03:29:42 AM    0    0.00    0.00    0.00    0.00    0.00  100.00    0.00    0.00    0.00    0.00
03:29:42 AM    1    2.00    0.00    0.00    0.00    0.00   40.00    0.00    0.00    0.00   58.00
03:29:42 AM    2    0.00    0.00  100.00    0.00    0.00    0.00    0.00    0.00    0.00    0.00
03:29:42 AM    3    0.00    0.00    0.00    0.00    0.00    0.00    0.00    0.00    0.00  100.00
03:29:42 AM    4    0.00    0.00    0.00    0.00    0.00    0.00    0.00    0.00    0.00  100.00
03:29:42 AM    5    0.00    0.00    0.00    0.00    0.00    0.00    0.00    0.00    0.00  100.00
03:29:42 AM    6    0.00    0.00    0.00    0.00    0.00    0.00    0.00    0.00    0.00  100.00
03:29:42 AM    7    0.00    0.00    0.00    0.00    0.00    0.00    0.00    0.00    0.00  100.00

03:29:42 AM  CPU    %usr   %nice    %sys %iowait    %irq   %soft  %steal  %guest  %gnice   %idle
03:29:43 AM  all    0.00    0.00   12.56    0.00    0.00   22.64    0.00    0.00    0.00   64.80
03:29:43 AM    0    0.00    0.00    0.00    0.00    0.00  100.00    0.00    0.00    0.00    0.00
03:29:43 AM    1    0.00    0.00    0.00    0.00    0.00   82.00    0.00    0.00    0.00   18.00
03:29:43 AM    2    0.00    0.00  100.00    0.00    0.00    0.00    0.00    0.00    0.00    0.00
03:29:43 AM    3    0.00    0.00    0.00    0.00    0.00    0.00    0.00    0.00    0.00  100.00
03:29:43 AM    4    0.00    0.00    0.00    0.00    0.00    0.00    0.00    0.00    0.00  100.00
03:29:43 AM    5    0.00    0.00    0.00    0.00    0.00    0.00    0.00    0.00    0.00  100.00
03:29:43 AM    6    0.00    0.00    0.00    0.00    0.00    0.00    0.00    0.00    0.00  100.00
03:29:43 AM    7    0.00    0.00    0.00    0.00    0.00    0.00    0.00    0.00    0.00  100.00

03:29:43 AM  CPU    %usr   %nice    %sys %iowait    %irq   %soft  %steal  %guest  %gnice   %idle
03:29:44 AM  all    0.00    0.00   12.45    0.00    0.25   21.42    0.00    0.00    0.00   65.88
03:29:44 AM    0    0.00    0.00    0.00    0.00    0.99   71.29    0.00    0.00    0.00   27.72
03:29:44 AM    1    0.00    0.00    0.00    0.00    0.99   99.01    0.00    0.00    0.00    0.00
03:29:44 AM    2    0.00    0.00  100.00    0.00    0.00    0.00    0.00    0.00    0.00    0.00
03:29:44 AM    3    0.00    0.00    0.00    0.00    0.00    0.00    0.00    0.00    0.00  100.00
03:29:44 AM    4    0.00    0.00    0.00    0.00    0.00    0.00    0.00    0.00    0.00  100.00
03:29:44 AM    5    0.00    0.00    0.00    0.00    0.00    0.00    0.00    0.00    0.00  100.00
03:29:44 AM    6    0.00    0.00    0.00    0.00    0.00    0.00    0.00    0.00    0.00  100.00
03:29:44 AM    7    0.00    0.00    0.00    0.00    0.00    0.00    0.00    0.00    0.00  100.00

03:29:44 AM  CPU    %usr   %nice    %sys %iowait    %irq   %soft  %steal  %guest  %gnice   %idle
03:29:45 AM  all    0.00    0.00   12.48    0.00    0.00   20.10    0.00    0.00    0.00   67.42
03:29:45 AM    0    0.00    0.00    0.00    0.00    0.00   61.00    0.00    0.00    0.00   39.00
03:29:45 AM    1    0.00    0.00    0.00    0.00    0.00  100.00    0.00    0.00    0.00    0.00
03:29:45 AM    2    0.00    0.00  100.00    0.00    0.00    0.00    0.00    0.00    0.00    0.00
03:29:45 AM    3    0.00    0.00    0.00    0.00    0.00    0.00    0.00    0.00    0.00  100.00
03:29:45 AM    4    0.00    0.00    0.00    0.00    0.00    0.00    0.00    0.00    0.00  100.00
03:29:45 AM    5    0.00    0.00    0.00    0.00    0.00    0.00    0.00    0.00    0.00  100.00
03:29:45 AM    6    0.00    0.00    0.00    0.00    0.00    0.00    0.00    0.00    0.00  100.00
03:29:45 AM    7    0.00    0.00    0.00    0.00    0.00    0.00    0.00    0.00    0.00  100.00

03:29:45 AM  CPU    %usr   %nice    %sys %iowait    %irq   %soft  %steal  %guest  %gnice   %idle
03:29:46 AM  all    0.12    0.00   12.95    0.00    0.00   24.28    0.00    0.00    0.00   62.64
03:29:46 AM    0    1.00    0.00    2.00    0.00    0.00   97.00    0.00    0.00    0.00    0.00
03:29:46 AM    1    0.00    0.00    1.01    0.00    0.00   98.99    0.00    0.00    0.00    0.00
03:29:46 AM    2    0.00    0.00  100.00    0.00    0.00    0.00    0.00    0.00    0.00    0.00
03:29:46 AM    3    0.00    0.00    0.00    0.00    0.00    0.00    0.00    0.00    0.00  100.00
03:29:46 AM    4    0.00    0.00    0.00    0.00    0.00    0.00    0.00    0.00    0.00  100.00
03:29:46 AM    5    0.00    0.00    0.00    0.00    0.00    0.00    0.00    0.00    0.00  100.00
03:29:46 AM    6    0.00    0.00    0.00    0.00    0.00    0.00    0.00    0.00    0.00  100.00
03:29:46 AM    7    0.00    0.00    0.00    0.00    0.00    0.00    0.00    0.00    0.00  100.00

03:29:46 AM  CPU    %usr   %nice    %sys %iowait    %irq   %soft  %steal  %guest  %gnice   %idle
03:29:47 AM  all    0.00    0.00   12.45    0.00    0.25   24.91    0.00    0.00    0.00   62.39
03:29:47 AM    0    0.00    0.00    0.00    0.00    0.99   99.01    0.00    0.00    0.00    0.00
03:29:47 AM    1    0.00    0.00    0.00    0.00    0.99   99.01    0.00    0.00    0.00    0.00
03:29:47 AM    2    0.00    0.00  100.00    0.00    0.00    0.00    0.00    0.00    0.00    0.00
03:29:47 AM    3    0.00    0.00    0.00    0.00    0.00    0.00    0.00    0.00    0.00  100.00
03:29:47 AM    4    0.00    0.00    0.00    0.00    0.00    0.00    0.00    0.00    0.00  100.00
03:29:47 AM    5    0.00    0.00    0.00    0.00    0.00    0.00    0.00    0.00    0.00  100.00
03:29:47 AM    6    0.00    0.00    0.00    0.00    0.00    0.00    0.00    0.00    0.00  100.00
03:29:47 AM    7    0.00    0.00    0.00    0.00    0.00    0.00    0.00    0.00    0.00  100.00

03:29:47 AM  CPU    %usr   %nice    %sys %iowait    %irq   %soft  %steal  %guest  %gnice   %idle
03:29:48 AM  all    0.00    0.00   12.47    0.00    0.00   21.57    0.00    0.00    0.00   65.96
03:29:48 AM    0    0.00    0.00    0.00    0.00    0.00   72.28    0.00    0.00    0.00   27.72
03:29:48 AM    1    0.00    0.00    0.00    0.00    0.00  100.00    0.00    0.00    0.00    0.00
03:29:48 AM    2    0.00    0.00  100.00    0.00    0.00    0.00    0.00    0.00    0.00    0.00
03:29:48 AM    3    0.00    0.00    0.00    0.00    0.00    0.00    0.00    0.00    0.00  100.00
03:29:48 AM    4    0.00    0.00    0.00    0.00    0.00    0.00    0.00    0.00    0.00  100.00
03:29:48 AM    5    0.00    0.00    0.00    0.00    0.00    0.00    0.00    0.00    0.00  100.00
03:29:48 AM    6    0.00    0.00    0.00    0.00    0.00    0.00    0.00    0.00    0.00  100.00
03:29:48 AM    7    0.00    0.00    0.00    0.00    0.00    0.00    0.00    0.00    0.00  100.00

03:29:48 AM  CPU    %usr   %nice    %sys %iowait    %irq   %soft  %steal  %guest  %gnice   %idle
03:29:49 AM  all    0.00    0.00   12.55    0.00    0.12   21.49    0.00    0.00    0.00   65.84
03:29:49 AM    0    0.00    0.00    0.00    0.00    0.99   99.01    0.00    0.00    0.00    0.00
03:29:49 AM    1    0.00    0.00    0.00    0.00    0.00   73.00    0.00    0.00    0.00   27.00
03:29:49 AM    2    0.00    0.00  100.00    0.00    0.00    0.00    0.00    0.00    0.00    0.00
03:29:49 AM    3    0.00    0.00    0.00    0.00    0.00    0.00    0.00    0.00    0.00  100.00
03:29:49 AM    4    0.00    0.00    0.00    0.00    0.00    0.00    0.00    0.00    0.00  100.00
03:29:49 AM    5    0.00    0.00    0.00    0.00    0.00    0.00    0.00    0.00    0.00  100.00
03:29:49 AM    6    0.00    0.00    0.00    0.00    0.00    0.00    0.00    0.00    0.00  100.00
03:29:49 AM    7    0.00    0.00    0.00    0.00    0.00    0.00    0.00    0.00    0.00  100.00

03:29:49 AM  CPU    %usr   %nice    %sys %iowait    %irq   %soft  %steal  %guest  %gnice   %idle
03:29:50 AM  all    0.00    0.00   12.58    0.00    0.12   24.91    0.00    0.00    0.00   62.39
03:29:50 AM    0    0.00    0.00    0.00    0.00    0.00  100.00    0.00    0.00    0.00    0.00
03:29:50 AM    1    0.00    0.00    0.98    0.00    0.98   98.04    0.00    0.00    0.00    0.00
03:29:50 AM    2    0.00    0.00  100.00    0.00    0.00    0.00    0.00    0.00    0.00    0.00
03:29:50 AM    3    0.00    0.00    0.00    0.00    0.00    0.00    0.00    0.00    0.00  100.00
03:29:50 AM    4    0.00    0.00    0.00    0.00    0.00    0.00    0.00    0.00    0.00  100.00
03:29:50 AM    5    0.00    0.00    0.00    0.00    0.00    0.00    0.00    0.00    0.00  100.00
03:29:50 AM    6    0.00    0.00    0.00    0.00    0.00    0.00    0.00    0.00    0.00  100.00
03:29:50 AM    7    0.00    0.00    0.00    0.00    0.00    0.00    0.00    0.00    0.00  100.00

03:29:50 AM  CPU    %usr   %nice    %sys %iowait    %irq   %soft  %steal  %guest  %gnice   %idle
03:29:51 AM  all    0.00    0.00   12.48    0.00    0.00   15.98    0.00    0.00    0.00   71.54
03:29:51 AM    0    0.00    0.00    0.00    0.00    0.00  100.00    0.00    0.00    0.00    0.00
03:29:51 AM    1    0.00    0.00    0.00    0.00    0.00   28.00    0.00    0.00    0.00   72.00
03:29:51 AM    2    0.00    0.00  100.00    0.00    0.00    0.00    0.00    0.00    0.00    0.00
03:29:51 AM    3    0.00    0.00    0.00    0.00    0.00    0.00    0.00    0.00    0.00  100.00
03:29:51 AM    4    0.00    0.00    0.00    0.00    0.00    0.00    0.00    0.00    0.00  100.00
03:29:51 AM    5    0.00    0.00    0.00    0.00    0.00    0.00    0.00    0.00    0.00  100.00
03:29:51 AM    6    0.00    0.00    0.00    0.00    0.00    0.00    0.00    0.00    0.00  100.00
03:29:51 AM    7    0.00    0.00    0.00    0.00    0.00    0.00    0.00    0.00    0.00  100.00

03:29:51 AM  CPU    %usr   %nice    %sys %iowait    %irq   %soft  %steal  %guest  %gnice   %idle
03:29:52 AM  all    0.00    0.00   12.50    0.00    0.00   16.62    0.00    0.00    0.00   70.88
03:29:52 AM    0    0.00    0.00    0.00    0.00    0.00   33.33    0.00    0.00    0.00   66.67
03:29:52 AM    1    0.00    0.00    0.00    0.00    0.00  100.00    0.00    0.00    0.00    0.00
03:29:52 AM    2    0.00    0.00  100.00    0.00    0.00    0.00    0.00    0.00    0.00    0.00
03:29:52 AM    3    0.00    0.00    0.00    0.00    0.00    0.00    0.00    0.00    0.00  100.00
03:29:52 AM    4    0.00    0.00    0.00    0.00    0.00    0.00    0.00    0.00    0.00  100.00
03:29:52 AM    5    0.00    0.00    0.00    0.00    0.00    0.00    0.00    0.00    0.00  100.00
03:29:52 AM    6    0.00    0.00    0.00    0.00    0.00    0.00    0.00    0.00    0.00  100.00
03:29:52 AM    7    0.00    0.00    0.00    0.00    0.00    0.00    0.00    0.00    0.00  100.00

Average:     CPU    %usr   %nice    %sys %iowait    %irq   %soft  %steal  %guest  %gnice   %idle
Average:     all    0.02    0.00   12.55    0.01    0.08   20.31    0.00    0.00    0.00   67.04
Average:       0    0.05    0.00    0.17    0.00    0.33   81.29    0.00    0.00    0.00   18.16
Average:       1    0.08    0.00    0.22    0.05    0.28   81.21    0.00    0.00    0.00   18.16
Average:       2    0.00    0.00  100.00    0.00    0.00    0.00    0.00    0.00    0.00    0.00
Average:       3    0.00    0.00    0.00    0.00    0.00    0.00    0.00    0.00    0.00  100.00
Average:       4    0.00    0.00    0.00    0.00    0.00    0.00    0.00    0.00    0.00  100.00
Average:       5    0.00    0.00    0.00    0.00    0.00    0.00    0.00    0.00    0.00  100.00
Average:       6    0.00    0.00    0.00    0.00    0.00    0.00    0.00    0.00    0.00  100.00
Average:       7    0.00    0.00    0.00    0.00    0.00    0.00    0.00    0.00    0.00  100.00
