Linux 6.12.87 (pi5-2) 	06/19/2026 	_aarch64_	(4 CPU)

07:54:56 AM  CPU    %usr   %nice    %sys %iowait    %irq   %soft  %steal  %guest  %gnice   %idle
07:54:57 AM  all    0.51    0.00    2.55    0.00    1.02   11.73    0.00    0.00    0.00   84.18
07:54:57 AM    0    0.00    0.00    0.00    0.00    2.00   19.00    0.00    0.00    0.00   79.00
07:54:57 AM    1    1.02    0.00    3.06    0.00    0.00    6.12    0.00    0.00    0.00   89.80
07:54:57 AM    2    1.03    0.00    5.15    0.00    1.03   14.43    0.00    0.00    0.00   78.35
07:54:57 AM    3    0.00    0.00    2.06    0.00    1.03    7.22    0.00    0.00    0.00   89.69

07:54:57 AM  CPU    %usr   %nice    %sys %iowait    %irq   %soft  %steal  %guest  %gnice   %idle
07:54:58 AM  all    0.78    0.00    2.85    0.00    1.55   15.80    0.00    0.00    0.00   79.02
07:54:58 AM    0    0.00    0.00    0.00    0.00    3.06   23.47    0.00    0.00    0.00   73.47
07:54:58 AM    1    0.00    0.00    2.08    0.00    1.04    9.38    0.00    0.00    0.00   87.50
07:54:58 AM    2    1.04    0.00    5.21    0.00    1.04   13.54    0.00    0.00    0.00   79.17
07:54:58 AM    3    2.08    0.00    4.17    0.00    1.04   16.67    0.00    0.00    0.00   76.04

07:54:58 AM  CPU    %usr   %nice    %sys %iowait    %irq   %soft  %steal  %guest  %gnice   %idle
07:54:59 AM  all    0.51    0.00    3.33    0.00    1.28   15.64    0.00    0.00    0.00   79.23
07:54:59 AM    0    0.00    0.00    0.00    0.00    3.03   23.23    0.00    0.00    0.00   73.74
07:54:59 AM    1    1.03    0.00    2.06    0.00    0.00   10.31    0.00    0.00    0.00   86.60
07:54:59 AM    2    0.00    0.00    5.00    0.00    1.00    9.00    0.00    0.00    0.00   85.00
07:54:59 AM    3    1.06    0.00    6.38    0.00    1.06   20.21    0.00    0.00    0.00   71.28

07:54:59 AM  CPU    %usr   %nice    %sys %iowait    %irq   %soft  %steal  %guest  %gnice   %idle
07:55:00 AM  all    0.52    0.00    3.11    0.52    1.30   15.54    0.00    0.00    0.00   79.02
07:55:00 AM    0    0.00    0.00    0.00    1.01    3.03   23.23    0.00    0.00    0.00   72.73
07:55:00 AM    1    1.01    0.00    4.04    1.01    1.01    9.09    0.00    0.00    0.00   83.84
07:55:00 AM    2    1.04    0.00    3.12    0.00    0.00    8.33    0.00    0.00    0.00   87.50
07:55:00 AM    3    0.00    0.00    5.43    0.00    1.09   21.74    0.00    0.00    0.00   71.74

07:55:00 AM  CPU    %usr   %nice    %sys %iowait    %irq   %soft  %steal  %guest  %gnice   %idle
07:55:01 AM  all    1.02    0.00    3.07    0.00    1.53   15.60    0.00    0.00    0.00   78.77
07:55:01 AM    0    0.00    0.00    0.00    0.00    3.03   23.23    0.00    0.00    0.00   73.74
07:55:01 AM    1    1.01    0.00    4.04    0.00    1.01   10.10    0.00    0.00    0.00   83.84
07:55:01 AM    2    1.02    0.00    2.04    0.00    1.02    9.18    0.00    0.00    0.00   86.73
07:55:01 AM    3    2.11    0.00    6.32    0.00    1.05   20.00    0.00    0.00    0.00   70.53

07:55:01 AM  CPU    %usr   %nice    %sys %iowait    %irq   %soft  %steal  %guest  %gnice   %idle
07:55:02 AM  all    0.52    0.00    2.58    0.00    1.03   16.28    0.00    0.00    0.00   79.59
07:55:02 AM    0    0.00    0.00    0.00    0.00    3.00   24.00    0.00    0.00    0.00   73.00
07:55:02 AM    1    0.00    0.00    4.08    0.00    0.00   10.20    0.00    0.00    0.00   85.71
07:55:02 AM    2    1.04    0.00    2.08    0.00    0.00    9.38    0.00    0.00    0.00   87.50
07:55:02 AM    3    1.08    0.00    4.30    0.00    1.08   21.51    0.00    0.00    0.00   72.04

07:55:02 AM  CPU    %usr   %nice    %sys %iowait    %irq   %soft  %steal  %guest  %gnice   %idle
07:55:03 AM  all    0.78    0.00    2.86    0.00    1.82   15.58    0.00    0.00    0.00   78.96
07:55:03 AM    0    0.00    0.00    1.01    0.00    3.03   23.23    0.00    0.00    0.00   72.73
07:55:03 AM    1    1.06    0.00    2.13    0.00    1.06   12.77    0.00    0.00    0.00   82.98
07:55:03 AM    2    0.00    0.00    2.06    0.00    1.03    6.19    0.00    0.00    0.00   90.72
07:55:03 AM    3    2.11    0.00    6.32    0.00    2.11   20.00    0.00    0.00    0.00   69.47

07:55:03 AM  CPU    %usr   %nice    %sys %iowait    %irq   %soft  %steal  %guest  %gnice   %idle
07:55:04 AM  all    1.02    0.00    3.57    0.00    1.28   15.56    0.00    0.00    0.00   78.57
07:55:04 AM    0    0.00    0.00    0.00    0.00    3.03   23.23    0.00    0.00    0.00   73.74
07:55:04 AM    1    2.08    0.00    7.29    0.00    1.04   18.75    0.00    0.00    0.00   70.83
07:55:04 AM    2    0.99    0.00    0.00    0.00    0.00    0.00    0.00    0.00    0.00   99.01
07:55:04 AM    3    1.04    0.00    7.29    0.00    1.04   20.83    0.00    0.00    0.00   69.79

07:55:04 AM  CPU    %usr   %nice    %sys %iowait    %irq   %soft  %steal  %guest  %gnice   %idle
07:55:05 AM  all    0.52    0.00    2.34    0.26    1.56   15.89    0.00    0.00    0.00   79.43
07:55:05 AM    0    0.00    0.00    0.00    1.01    3.03   23.23    0.00    0.00    0.00   72.73
07:55:05 AM    1    1.05    0.00    6.32    0.00    2.11   20.00    0.00    0.00    0.00   70.53
07:55:05 AM    2    0.00    0.00    0.00    0.00    0.00    0.00    0.00    0.00    0.00  100.00
07:55:05 AM    3    1.11    0.00    3.33    0.00    1.11   21.11    0.00    0.00    0.00   73.33

07:55:05 AM  CPU    %usr   %nice    %sys %iowait    %irq   %soft  %steal  %guest  %gnice   %idle
07:55:06 AM  all    0.52    0.00    3.35    0.00    1.29   15.46    0.00    0.00    0.00   79.38
07:55:06 AM    0    0.00    0.00    0.00    0.00    3.03   23.23    0.00    0.00    0.00   73.74
07:55:06 AM    1    1.05    0.00    7.37    0.00    1.05   18.95    0.00    0.00    0.00   71.58
07:55:06 AM    2    0.00    0.00    0.00    0.00    0.00    0.00    0.00    0.00    0.00  100.00
07:55:06 AM    3    1.06    0.00    6.38    0.00    1.06   20.21    0.00    0.00    0.00   71.28

07:55:06 AM  CPU    %usr   %nice    %sys %iowait    %irq   %soft  %steal  %guest  %gnice   %idle
07:55:07 AM  all    0.77    0.00    3.08    0.00    1.29   16.20    0.00    0.00    0.00   78.66
07:55:07 AM    0    0.00    0.00    0.00    0.00    3.00   24.00    0.00    0.00    0.00   73.00
07:55:07 AM    1    2.13    0.00    5.32    0.00    1.06   20.21    0.00    0.00    0.00   71.28
07:55:07 AM    2    0.00    0.00    0.00    0.00    0.00    0.00    0.00    0.00    0.00  100.00
07:55:07 AM    3    1.05    0.00    7.37    0.00    1.05   21.05    0.00    0.00    0.00   69.47

07:55:07 AM  CPU    %usr   %nice    %sys %iowait    %irq   %soft  %steal  %guest  %gnice   %idle
07:55:08 AM  all    0.52    0.00    2.34    0.00    1.30   15.62    0.00    0.00    0.00   80.21
07:55:08 AM    0    0.00    0.00    0.00    0.00    2.04   23.47    0.00    0.00    0.00   74.49
07:55:08 AM    1    1.10    0.00    3.30    0.00    1.10   19.78    0.00    0.00    0.00   74.73
07:55:08 AM    2    0.00    0.00    0.00    0.00    0.00    0.00    0.00    0.00    0.00  100.00
07:55:08 AM    3    1.05    0.00    6.32    0.00    2.11   20.00    0.00    0.00    0.00   70.53

07:55:08 AM  CPU    %usr   %nice    %sys %iowait    %irq   %soft  %steal  %guest  %gnice   %idle
07:55:09 AM  all    1.04    0.00    2.33    0.00    1.30   15.80    0.00    0.00    0.00   79.53
07:55:09 AM    0    0.00    0.00    0.00    0.00    3.03   23.23    0.00    0.00    0.00   73.74
07:55:09 AM    1    2.15    0.00    4.30    0.00    1.08   19.35    0.00    0.00    0.00   73.12
07:55:09 AM    2    0.00    0.00    0.00    0.00    0.00    0.00    0.00    0.00    0.00  100.00
07:55:09 AM    3    2.13    0.00    5.32    0.00    1.06   21.28    0.00    0.00    0.00   70.21

07:55:09 AM  CPU    %usr   %nice    %sys %iowait    %irq   %soft  %steal  %guest  %gnice   %idle
07:55:10 AM  all    0.77    0.00    3.09    0.00    1.55   15.72    0.00    0.00    0.00   78.87
07:55:10 AM    0    0.00    0.00    0.00    0.00    3.03   23.23    0.00    0.00    0.00   73.74
07:55:10 AM    1    2.11    0.00    5.26    0.00    2.11   20.00    0.00    0.00    0.00   70.53
07:55:10 AM    2    0.00    0.00    2.08    0.00    1.04   10.42    0.00    0.00    0.00   86.46
07:55:10 AM    3    1.02    0.00    5.10    0.00    0.00    9.18    0.00    0.00    0.00   84.69

07:55:10 AM  CPU    %usr   %nice    %sys %iowait    %irq   %soft  %steal  %guest  %gnice   %idle
07:55:11 AM  all    0.52    0.00    2.59    0.00    1.30   16.32    0.00    0.00    0.00   79.27
07:55:11 AM    0    0.00    0.00    0.00    0.00    3.03   24.24    0.00    0.00    0.00   72.73
07:55:11 AM    1    1.05    0.00    3.16    0.00    1.05   14.74    0.00    0.00    0.00   80.00
07:55:11 AM    2    1.02    0.00    4.08    0.00    0.00   10.20    0.00    0.00    0.00   84.69
07:55:11 AM    3    0.00    0.00    3.19    0.00    1.06   15.96    0.00    0.00    0.00   79.79

07:55:11 AM  CPU    %usr   %nice    %sys %iowait    %irq   %soft  %steal  %guest  %gnice   %idle
07:55:12 AM  all    0.78    0.00    2.85    0.00    1.55   15.28    0.00    0.00    0.00   79.53
07:55:12 AM    0    0.00    0.00    0.00    0.00    3.03   23.23    0.00    0.00    0.00   73.74
07:55:12 AM    1    0.00    0.00    2.13    0.00    0.00    9.57    0.00    0.00    0.00   88.30
07:55:12 AM    2    1.03    0.00    3.09    0.00    1.03    9.28    0.00    0.00    0.00   85.57
07:55:12 AM    3    2.08    0.00    6.25    0.00    2.08   18.75    0.00    0.00    0.00   70.83

07:55:12 AM  CPU    %usr   %nice    %sys %iowait    %irq   %soft  %steal  %guest  %gnice   %idle
07:55:13 AM  all    1.03    0.00    3.33    0.00    1.54   15.64    0.00    0.00    0.00   78.46
07:55:13 AM    0    0.00    0.00    0.00    0.00    3.03   23.23    0.00    0.00    0.00   73.74
07:55:13 AM    1    1.04    0.00    4.17    0.00    1.04   14.58    0.00    0.00    0.00   79.17
07:55:13 AM    2    2.00    0.00    4.00    0.00    1.00   10.00    0.00    0.00    0.00   83.00
07:55:13 AM    3    1.05    0.00    5.26    0.00    1.05   14.74    0.00    0.00    0.00   77.89

07:55:13 AM  CPU    %usr   %nice    %sys %iowait    %irq   %soft  %steal  %guest  %gnice   %idle
07:55:14 AM  all    0.52    0.00    3.35    0.00    1.29   15.98    0.00    0.00    0.00   78.87
07:55:14 AM    0    0.00    0.00    0.00    0.00    3.06   23.47    0.00    0.00    0.00   73.47
07:55:14 AM    1    1.03    0.00    2.06    0.00    1.03   10.31    0.00    0.00    0.00   85.57
07:55:14 AM    2    0.00    0.00    4.12    0.00    0.00   10.31    0.00    0.00    0.00   85.57
07:55:14 AM    3    1.04    0.00    7.29    0.00    1.04   19.79    0.00    0.00    0.00   70.83

07:55:14 AM  CPU    %usr   %nice    %sys %iowait    %irq   %soft  %steal  %guest  %gnice   %idle
07:55:15 AM  all    0.78    0.00    2.33    0.00    1.30   16.06    0.00    0.00    0.00   79.53
07:55:15 AM    0    0.00    0.00    0.00    0.00    3.00   24.00    0.00    0.00    0.00   73.00
07:55:15 AM    1    1.04    0.00    2.08    0.00    0.00   10.42    0.00    0.00    0.00   86.46
07:55:15 AM    2    1.02    0.00    3.06    0.00    1.02   10.20    0.00    0.00    0.00   84.69
07:55:15 AM    3    1.09    0.00    4.35    0.00    1.09   19.57    0.00    0.00    0.00   73.91

07:55:15 AM  CPU    %usr   %nice    %sys %iowait    %irq   %soft  %steal  %guest  %gnice   %idle
07:55:16 AM  all    0.78    0.00    2.58    0.00    1.55   15.76    0.00    0.00    0.00   79.33
07:55:16 AM    0    0.00    0.00    0.00    0.00    3.03   23.23    0.00    0.00    0.00   73.74
07:55:16 AM    1    1.01    0.00    3.03    0.00    1.01   10.10    0.00    0.00    0.00   84.85
07:55:16 AM    2    0.00    0.00    2.11    0.00    1.05    9.47    0.00    0.00    0.00   87.37
07:55:16 AM    3    2.13    0.00    5.32    0.00    1.06   20.21    0.00    0.00    0.00   71.28

07:55:16 AM  CPU    %usr   %nice    %sys %iowait    %irq   %soft  %steal  %guest  %gnice   %idle
07:55:17 AM  all    1.03    0.00    2.84    0.00    1.55   15.46    0.00    0.00    0.00   79.12
07:55:17 AM    0    0.00    0.00    0.00    0.00    3.03   24.24    0.00    0.00    0.00   72.73
07:55:17 AM    1    1.04    0.00    2.08    0.00    1.04    9.38    0.00    0.00    0.00   86.46
07:55:17 AM    2    2.13    0.00    4.26    0.00    1.06   20.21    0.00    0.00    0.00   72.34
07:55:17 AM    3    1.01    0.00    5.05    0.00    1.01    8.08    0.00    0.00    0.00   84.85

07:55:17 AM  CPU    %usr   %nice    %sys %iowait    %irq   %soft  %steal  %guest  %gnice   %idle
07:55:18 AM  all    1.03    0.00    3.08    0.00    1.03   15.68    0.00    0.00    0.00   79.18
07:55:18 AM    0    0.00    0.00    0.00    0.00    3.03   23.23    0.00    0.00    0.00   73.74
07:55:18 AM    1    1.03    0.00    3.09    0.00    0.00   10.31    0.00    0.00    0.00   85.57
07:55:18 AM    2    2.11    0.00    6.32    0.00    1.05   20.00    0.00    0.00    0.00   70.53
07:55:18 AM    3    1.02    0.00    3.06    0.00    0.00    9.18    0.00    0.00    0.00   86.73

07:55:18 AM  CPU    %usr   %nice    %sys %iowait    %irq   %soft  %steal  %guest  %gnice   %idle
07:55:19 AM  all    0.52    0.00    2.84    0.00    1.55   15.98    0.00    0.00    0.00   79.12
07:55:19 AM    0    0.00    0.00    0.00    0.00    3.03   23.23    0.00    0.00    0.00   73.74
07:55:19 AM    1    0.00    0.00    4.17    0.00    1.04   14.58    0.00    0.00    0.00   80.21
07:55:19 AM    2    1.06    0.00    3.19    0.00    1.06   17.02    0.00    0.00    0.00   77.66
07:55:19 AM    3    1.01    0.00    4.04    0.00    1.01    9.09    0.00    0.00    0.00   84.85

07:55:19 AM  CPU    %usr   %nice    %sys %iowait    %irq   %soft  %steal  %guest  %gnice   %idle
07:55:20 AM  all    0.77    0.00    3.32    0.00    1.79   15.56    0.00    0.00    0.00   78.57
07:55:20 AM    0    0.00    0.00    0.00    0.00    3.03   23.23    0.00    0.00    0.00   73.74
07:55:20 AM    1    3.09    0.00    6.19    0.00    2.06   19.59    0.00    0.00    0.00   69.07
07:55:20 AM    2    0.00    0.00    2.06    0.00    1.03   10.31    0.00    0.00    0.00   86.60
07:55:20 AM    3    0.00    0.00    5.05    0.00    1.01    9.09    0.00    0.00    0.00   84.85

07:55:20 AM  CPU    %usr   %nice    %sys %iowait    %irq   %soft  %steal  %guest  %gnice   %idle
07:55:21 AM  all    1.03    0.00    3.86    0.00    1.03   15.68    0.00    0.00    0.00   78.41
07:55:21 AM    0    1.00    0.00    2.00    0.00    3.00   26.00    0.00    0.00    0.00   68.00
07:55:21 AM    1    0.00    0.00    3.23    0.00    0.00   13.98    0.00    0.00    0.00   82.80
07:55:21 AM    2    2.06    0.00    5.15    0.00    1.03   13.40    0.00    0.00    0.00   78.35
07:55:21 AM    3    1.01    0.00    5.05    0.00    0.00    9.09    0.00    0.00    0.00   84.85

07:55:21 AM  CPU    %usr   %nice    %sys %iowait    %irq   %soft  %steal  %guest  %gnice   %idle
07:55:22 AM  all    0.77    0.00    2.58    0.00    1.55   15.72    0.00    0.00    0.00   79.38
07:55:22 AM    0    0.00    0.00    0.00    0.00    3.03   23.23    0.00    0.00    0.00   73.74
07:55:22 AM    1    1.03    0.00    2.06    0.00    1.03   10.31    0.00    0.00    0.00   85.57
07:55:22 AM    2    1.06    0.00    6.38    0.00    1.06   20.21    0.00    0.00    0.00   71.28
07:55:22 AM    3    1.02    0.00    2.04    0.00    1.02    9.18    0.00    0.00    0.00   86.73

07:55:22 AM  CPU    %usr   %nice    %sys %iowait    %irq   %soft  %steal  %guest  %gnice   %idle
07:55:23 AM  all    1.28    0.00    3.32    0.00    1.28   15.56    0.00    0.00    0.00   78.57
07:55:23 AM    0    0.00    0.00    0.00    0.00    2.04   23.47    0.00    0.00    0.00   74.49
07:55:23 AM    1    2.00    0.00    3.00    0.00    1.00   10.00    0.00    0.00    0.00   84.00
07:55:23 AM    2    2.11    0.00    5.26    0.00    1.05   21.05    0.00    0.00    0.00   70.53
07:55:23 AM    3    1.01    0.00    5.05    0.00    1.01    8.08    0.00    0.00    0.00   84.85

07:55:23 AM  CPU    %usr   %nice    %sys %iowait    %irq   %soft  %steal  %guest  %gnice   %idle
07:55:24 AM  all    0.78    0.00    2.60    0.00    1.30   15.89    0.00    0.00    0.00   79.43
07:55:24 AM    0    0.00    0.00    0.00    0.00    3.06   23.47    0.00    0.00    0.00   73.47
07:55:24 AM    1    0.00    0.00    0.00    0.00    0.00    4.17    0.00    0.00    0.00   95.83
07:55:24 AM    2    1.08    0.00    7.53    0.00    2.15   24.73    0.00    0.00    0.00   64.52
07:55:24 AM    3    2.06    0.00    3.09    0.00    0.00   11.34    0.00    0.00    0.00   83.51

07:55:24 AM  CPU    %usr   %nice    %sys %iowait    %irq   %soft  %steal  %guest  %gnice   %idle
07:55:25 AM  all    0.51    0.00    3.34    0.00    1.54   15.68    0.00    0.00    0.00   78.92
07:55:25 AM    0    0.00    0.00    0.00    0.00    3.00   24.00    0.00    0.00    0.00   73.00
07:55:25 AM    1    1.02    0.00    3.06    0.00    1.02    9.18    0.00    0.00    0.00   85.71
07:55:25 AM    2    1.06    0.00    7.45    0.00    1.06   20.21    0.00    0.00    0.00   70.21
07:55:25 AM    3    0.00    0.00    3.09    0.00    1.03    9.28    0.00    0.00    0.00   86.60

07:55:25 AM  CPU    %usr   %nice    %sys %iowait    %irq   %soft  %steal  %guest  %gnice   %idle
07:55:26 AM  all    0.51    0.00    3.84    0.00    1.28   15.60    0.00    0.00    0.00   78.77
07:55:26 AM    0    0.00    0.00    0.00    0.00    3.03   23.23    0.00    0.00    0.00   73.74
07:55:26 AM    1    0.00    0.00    4.12    0.00    0.00    8.25    0.00    0.00    0.00   87.63
07:55:26 AM    2    1.04    0.00    7.29    0.00    1.04   20.83    0.00    0.00    0.00   69.79
07:55:26 AM    3    1.01    0.00    4.04    0.00    1.01   10.10    0.00    0.00    0.00   83.84

07:55:26 AM  CPU    %usr   %nice    %sys %iowait    %irq   %soft  %steal  %guest  %gnice   %idle
07:55:27 AM  all    0.77    0.00    3.59    0.00    1.28   15.64    0.00    0.00    0.00   78.72
07:55:27 AM    0    0.00    0.00    0.00    0.00    3.03   23.23    0.00    0.00    0.00   73.74
07:55:27 AM    1    0.00    0.00    3.09    0.00    1.03    9.28    0.00    0.00    0.00   86.60
07:55:27 AM    2    2.08    0.00    7.29    0.00    1.04   19.79    0.00    0.00    0.00   69.79
07:55:27 AM    3    1.02    0.00    4.08    0.00    0.00   10.20    0.00    0.00    0.00   84.69

07:55:27 AM  CPU    %usr   %nice    %sys %iowait    %irq   %soft  %steal  %guest  %gnice   %idle
07:55:28 AM  all    0.52    0.00    2.84    0.00    1.55   15.98    0.00    0.00    0.00   79.12
07:55:28 AM    0    0.00    0.00    0.00    0.00    3.03   23.23    0.00    0.00    0.00   73.74
07:55:28 AM    1    2.08    0.00    2.08    0.00    1.04   12.50    0.00    0.00    0.00   82.29
07:55:28 AM    2    0.00    0.00    7.29    0.00    1.04   17.71    0.00    0.00    0.00   73.96
07:55:28 AM    3    0.00    0.00    2.06    0.00    1.03   10.31    0.00    0.00    0.00   86.60

07:55:28 AM  CPU    %usr   %nice    %sys %iowait    %irq   %soft  %steal  %guest  %gnice   %idle
07:55:29 AM  all    0.26    0.00    4.09    0.00    1.28   15.35    0.00    0.00    0.00   79.03
07:55:29 AM    0    0.00    0.00    0.00    0.00    3.00   24.00    0.00    0.00    0.00   73.00
07:55:29 AM    1    0.00    0.00    7.37    0.00    1.05   18.95    0.00    0.00    0.00   72.63
07:55:29 AM    2    0.99    0.00    5.94    0.00    0.99    8.91    0.00    0.00    0.00   83.17
07:55:29 AM    3    0.00    0.00    3.16    0.00    0.00    9.47    0.00    0.00    0.00   87.37

07:55:29 AM  CPU    %usr   %nice    %sys %iowait    %irq   %soft  %steal  %guest  %gnice   %idle
07:55:30 AM  all    0.77    0.00    3.09    0.00    1.55   15.98    0.00    0.00    0.00   78.61
07:55:30 AM    0    0.00    0.00    1.01    0.00    3.03   23.23    0.00    0.00    0.00   72.73
07:55:30 AM    1    2.04    0.00    5.10    0.00    1.02   12.24    0.00    0.00    0.00   79.59
07:55:30 AM    2    0.00    0.00    2.08    0.00    1.04   10.42    0.00    0.00    0.00   86.46
07:55:30 AM    3    1.05    0.00    4.21    0.00    1.05   17.89    0.00    0.00    0.00   75.79

07:55:30 AM  CPU    %usr   %nice    %sys %iowait    %irq   %soft  %steal  %guest  %gnice   %idle
07:55:31 AM  all    0.26    0.00    3.10    0.00    1.29   15.76    0.00    0.00    0.00   79.59
07:55:31 AM    0    0.00    0.00    0.00    0.00    3.03   23.23    0.00    0.00    0.00   73.74
07:55:31 AM    1    0.00    0.00    3.09    0.00    0.00    9.28    0.00    0.00    0.00   87.63
07:55:31 AM    2    0.00    0.00    5.10    0.00    0.00   10.20    0.00    0.00    0.00   84.69
07:55:31 AM    3    1.08    0.00    4.30    0.00    2.15   20.43    0.00    0.00    0.00   72.04

07:55:31 AM  CPU    %usr   %nice    %sys %iowait    %irq   %soft  %steal  %guest  %gnice   %idle
07:55:32 AM  all    0.52    0.00    2.60    0.00    1.56   15.58    0.00    0.00    0.00   79.74
07:55:32 AM    0    0.00    0.00    0.00    0.00    3.03   23.23    0.00    0.00    0.00   73.74
07:55:32 AM    1    0.00    0.00    3.12    0.00    1.04    8.33    0.00    0.00    0.00   87.50
07:55:32 AM    2    1.03    0.00    2.06    0.00    1.03   10.31    0.00    0.00    0.00   85.57
07:55:32 AM    3    1.08    0.00    5.38    0.00    1.08   20.43    0.00    0.00    0.00   72.04

07:55:32 AM  CPU    %usr   %nice    %sys %iowait    %irq   %soft  %steal  %guest  %gnice   %idle
07:55:33 AM  all    1.03    0.00    2.56    0.00    1.54   15.64    0.00    0.00    0.00   79.23
07:55:33 AM    0    0.00    0.00    0.00    0.00    3.03   24.24    0.00    0.00    0.00   72.73
07:55:33 AM    1    1.01    0.00    3.03    0.00    1.01    9.09    0.00    0.00    0.00   85.86
07:55:33 AM    2    1.02    0.00    3.06    0.00    1.02    9.18    0.00    0.00    0.00   85.71
07:55:33 AM    3    2.13    0.00    4.26    0.00    1.06   20.21    0.00    0.00    0.00   72.34

07:55:33 AM  CPU    %usr   %nice    %sys %iowait    %irq   %soft  %steal  %guest  %gnice   %idle
07:55:34 AM  all    0.78    0.00    2.60    0.00    1.04   16.15    0.00    0.00    0.00   79.43
07:55:34 AM    0    0.00    0.00    0.00    0.00    3.03   24.24    0.00    0.00    0.00   72.73
07:55:34 AM    1    1.06    0.00    2.13    0.00    0.00   10.64    0.00    0.00    0.00   86.17
07:55:34 AM    2    1.03    0.00    4.12    0.00    0.00   12.37    0.00    0.00    0.00   82.47
07:55:34 AM    3    1.06    0.00    4.26    0.00    1.06   17.02    0.00    0.00    0.00   76.60

07:55:34 AM  CPU    %usr   %nice    %sys %iowait    %irq   %soft  %steal  %guest  %gnice   %idle
07:55:35 AM  all    1.02    0.00    3.07    0.00    1.79   15.35    0.00    0.00    0.00   78.77
07:55:35 AM    0    0.00    0.00    0.00    0.00    3.03   23.23    0.00    0.00    0.00   73.74
07:55:35 AM    1    1.01    0.00    4.04    0.00    1.01    9.09    0.00    0.00    0.00   84.85
07:55:35 AM    2    1.06    0.00    5.32    0.00    2.13   20.21    0.00    0.00    0.00   71.28
07:55:35 AM    3    2.02    0.00    3.03    0.00    1.01    9.09    0.00    0.00    0.00   84.85

07:55:35 AM  CPU    %usr   %nice    %sys %iowait    %irq   %soft  %steal  %guest  %gnice   %idle
07:55:36 AM  all    0.77    0.00    3.08    0.00    1.29   15.68    0.00    0.00    0.00   79.18
07:55:36 AM    0    0.00    0.00    0.00    0.00    3.03   23.23    0.00    0.00    0.00   73.74
07:55:36 AM    1    1.03    0.00    1.03    0.00    1.03    9.28    0.00    0.00    0.00   87.63
07:55:36 AM    2    1.03    0.00    9.28    0.00    1.03   19.59    0.00    0.00    0.00   69.07
07:55:36 AM    3    1.04    0.00    2.08    0.00    0.00   10.42    0.00    0.00    0.00   86.46

07:55:36 AM  CPU    %usr   %nice    %sys %iowait    %irq   %soft  %steal  %guest  %gnice   %idle
07:55:37 AM  all    0.26    0.00    3.61    0.00    1.03   15.98    0.00    0.00    0.00   79.12
07:55:37 AM    0    0.00    0.00    0.00    0.00    2.06   23.71    0.00    0.00    0.00   74.23
07:55:37 AM    1    1.03    0.00    3.09    0.00    0.00    9.28    0.00    0.00    0.00   86.60
07:55:37 AM    2    0.00    0.00    7.37    0.00    1.05   21.05    0.00    0.00    0.00   70.53
07:55:37 AM    3    0.00    0.00    4.04    0.00    1.01   10.10    0.00    0.00    0.00   84.85

07:55:37 AM  CPU    %usr   %nice    %sys %iowait    %irq   %soft  %steal  %guest  %gnice   %idle
07:55:38 AM  all    1.03    0.00    2.84    0.00    1.55   15.50    0.00    0.00    0.00   79.07
07:55:38 AM    0    0.00    0.00    0.99    0.00    2.97   23.76    0.00    0.00    0.00   72.28
07:55:38 AM    1    1.02    0.00    3.06    0.00    1.02    8.16    0.00    0.00    0.00   86.73
07:55:38 AM    2    2.15    0.00    6.45    0.00    1.08   20.43    0.00    0.00    0.00   69.89
07:55:38 AM    3    1.05    0.00    1.05    0.00    1.05    9.47    0.00    0.00    0.00   87.37

07:55:38 AM  CPU    %usr   %nice    %sys %iowait    %irq   %soft  %steal  %guest  %gnice   %idle
07:55:39 AM  all    0.77    0.00    3.33    0.00    1.28   15.90    0.00    0.00    0.00   78.72
07:55:39 AM    0    0.00    0.00    0.00    0.00    3.03   23.23    0.00    0.00    0.00   73.74
07:55:39 AM    1    0.00    0.00    3.12    0.00    0.00    9.38    0.00    0.00    0.00   87.50
07:55:39 AM    2    2.06    0.00    6.19    0.00    2.06   20.62    0.00    0.00    0.00   69.07
07:55:39 AM    3    1.02    0.00    4.08    0.00    0.00   10.20    0.00    0.00    0.00   84.69

07:55:39 AM  CPU    %usr   %nice    %sys %iowait    %irq   %soft  %steal  %guest  %gnice   %idle
07:55:40 AM  all    0.78    0.00    2.58    0.00    1.29   16.02    0.00    0.00    0.00   79.33
07:55:40 AM    0    1.00    0.00    1.00    0.00    3.00   26.00    0.00    0.00    0.00   69.00
07:55:40 AM    1    1.02    0.00    3.06    0.00    1.02    9.18    0.00    0.00    0.00   85.71
07:55:40 AM    2    0.00    0.00    3.12    0.00    0.00   10.42    0.00    0.00    0.00   86.46
07:55:40 AM    3    1.08    0.00    3.23    0.00    1.08   18.28    0.00    0.00    0.00   76.34

07:55:40 AM  CPU    %usr   %nice    %sys %iowait    %irq   %soft  %steal  %guest  %gnice   %idle
07:55:41 AM  all    1.02    0.00    3.07    0.00    1.79   15.35    0.00    0.00    0.00   78.77
07:55:41 AM    0    0.00    0.00    0.00    0.00    3.03   23.23    0.00    0.00    0.00   73.74
07:55:41 AM    1    0.00    0.00    3.06    0.00    1.02    9.18    0.00    0.00    0.00   86.73
07:55:41 AM    2    1.02    0.00    4.08    0.00    1.02    9.18    0.00    0.00    0.00   84.69
07:55:41 AM    3    3.12    0.00    5.21    0.00    2.08   19.79    0.00    0.00    0.00   69.79

07:55:41 AM  CPU    %usr   %nice    %sys %iowait    %irq   %soft  %steal  %guest  %gnice   %idle
07:55:42 AM  all    0.77    0.00    3.59    0.00    1.28   15.90    0.00    0.00    0.00   78.46
07:55:42 AM    0    1.00    0.00    0.00    0.00    3.00   23.00    0.00    0.00    0.00   73.00
07:55:42 AM    1    1.03    0.00    3.09    0.00    0.00    9.28    0.00    0.00    0.00   86.60
07:55:42 AM    2    0.00    0.00    4.08    0.00    1.02   10.20    0.00    0.00    0.00   84.69
07:55:42 AM    3    1.05    0.00    7.37    0.00    1.05   21.05    0.00    0.00    0.00   69.47

07:55:42 AM  CPU    %usr   %nice    %sys %iowait    %irq   %soft  %steal  %guest  %gnice   %idle
07:55:43 AM  all    0.52    0.00    3.11    0.00    1.55   15.54    0.00    0.00    0.00   79.27
07:55:43 AM    0    0.00    0.00    1.01    0.00    3.03   23.23    0.00    0.00    0.00   72.73
07:55:43 AM    1    0.00    0.00    4.12    0.00    1.03    8.25    0.00    0.00    0.00   86.60
07:55:43 AM    2    1.08    0.00    2.15    0.00    1.08   18.28    0.00    0.00    0.00   77.42
07:55:43 AM    3    1.03    0.00    5.15    0.00    1.03   12.37    0.00    0.00    0.00   80.41

07:55:43 AM  CPU    %usr   %nice    %sys %iowait    %irq   %soft  %steal  %guest  %gnice   %idle
07:55:44 AM  all    0.77    0.00    4.10    0.00    1.28   15.64    0.00    0.00    0.00   78.21
07:55:44 AM    0    1.00    0.00    1.00    0.00    3.00   23.00    0.00    0.00    0.00   72.00
07:55:44 AM    1    0.00    0.00    6.06    0.00    1.01   11.11    0.00    0.00    0.00   81.82
07:55:44 AM    2    1.08    0.00    5.38    0.00    1.08   18.28    0.00    0.00    0.00   74.19
07:55:44 AM    3    1.02    0.00    4.08    0.00    0.00   10.20    0.00    0.00    0.00   84.69

07:55:44 AM  CPU    %usr   %nice    %sys %iowait    %irq   %soft  %steal  %guest  %gnice   %idle
07:55:45 AM  all    0.77    0.00    3.09    0.00    1.29   15.72    0.00    0.00    0.00   79.12
07:55:45 AM    0    0.00    0.00    0.00    0.00    3.00   24.00    0.00    0.00    0.00   73.00
07:55:45 AM    1    1.08    0.00    5.38    0.00    1.08   19.35    0.00    0.00    0.00   73.12
07:55:45 AM    2    0.00    0.00    4.12    0.00    0.00   10.31    0.00    0.00    0.00   85.57
07:55:45 AM    3    2.04    0.00    3.06    0.00    1.02    9.18    0.00    0.00    0.00   84.69

07:55:45 AM  CPU    %usr   %nice    %sys %iowait    %irq   %soft  %steal  %guest  %gnice   %idle
07:55:46 AM  all    1.03    0.00    3.08    0.00    1.29   15.68    0.00    0.00    0.00   78.92
07:55:46 AM    0    0.00    0.00    0.00    0.00    3.03   23.23    0.00    0.00    0.00   73.74
07:55:46 AM    1    2.11    0.00    6.32    0.00    1.05   18.95    0.00    0.00    0.00   71.58
07:55:46 AM    2    2.04    0.00    2.04    0.00    1.02   10.20    0.00    0.00    0.00   84.69
07:55:46 AM    3    0.00    0.00    4.12    0.00    0.00   10.31    0.00    0.00    0.00   85.57

07:55:46 AM  CPU    %usr   %nice    %sys %iowait    %irq   %soft  %steal  %guest  %gnice   %idle
07:55:47 AM  all    0.77    0.00    3.85    0.00    1.54   15.90    0.00    0.00    0.00   77.95
07:55:47 AM    0    0.00    0.00    1.01    0.00    3.03   23.23    0.00    0.00    0.00   72.73
07:55:47 AM    1    1.08    0.00    5.38    0.00    1.08   20.43    0.00    0.00    0.00   72.04
07:55:47 AM    2    1.01    0.00    5.05    0.00    1.01   10.10    0.00    0.00    0.00   82.83
07:55:47 AM    3    1.01    0.00    4.04    0.00    1.01   10.10    0.00    0.00    0.00   83.84

07:55:47 AM  CPU    %usr   %nice    %sys %iowait    %irq   %soft  %steal  %guest  %gnice   %idle
07:55:48 AM  all    0.52    0.00    2.60    0.00    1.56   15.58    0.00    0.00    0.00   79.74
07:55:48 AM    0    0.00    0.00    1.00    0.00    3.00   23.00    0.00    0.00    0.00   73.00
07:55:48 AM    1    1.06    0.00    5.32    0.00    2.13   19.15    0.00    0.00    0.00   72.34
07:55:48 AM    2    0.00    0.00    2.13    0.00    0.00    9.57    0.00    0.00    0.00   88.30
07:55:48 AM    3    1.03    0.00    2.06    0.00    1.03   10.31    0.00    0.00    0.00   85.57

07:55:48 AM  CPU    %usr   %nice    %sys %iowait    %irq   %soft  %steal  %guest  %gnice   %idle
07:55:49 AM  all    1.02    0.00    4.06    0.00    1.27   15.48    0.00    0.00    0.00   78.17
07:55:49 AM    0    0.00    0.00    0.99    0.00    2.97   23.76    0.00    0.00    0.00   72.28
07:55:49 AM    1    2.11    0.00    6.32    0.00    1.05   18.95    0.00    0.00    0.00   71.58
07:55:49 AM    2    0.99    0.00    4.95    0.00    0.99    9.90    0.00    0.00    0.00   83.17
07:55:49 AM    3    1.03    0.00    4.12    0.00    0.00    9.28    0.00    0.00    0.00   85.57

07:55:49 AM  CPU    %usr   %nice    %sys %iowait    %irq   %soft  %steal  %guest  %gnice   %idle
07:55:50 AM  all    0.77    0.00    3.57    0.00    1.53   15.82    0.00    0.00    0.00   78.32
07:55:50 AM    0    1.00    0.00    0.00    0.00    3.00   23.00    0.00    0.00    0.00   73.00
07:55:50 AM    1    1.04    0.00    7.29    0.00    1.04   19.79    0.00    0.00    0.00   70.83
07:55:50 AM    2    1.01    0.00    4.04    0.00    1.01   10.10    0.00    0.00    0.00   83.84
07:55:50 AM    3    0.00    0.00    3.09    0.00    1.03   10.31    0.00    0.00    0.00   85.57

07:55:50 AM  CPU    %usr   %nice    %sys %iowait    %irq   %soft  %steal  %guest  %gnice   %idle
07:55:51 AM  all    0.78    0.00    2.86    0.00    1.04   15.62    0.00    0.00    0.00   79.69
07:55:51 AM    0    0.00    0.00    0.00    0.00    2.04   23.47    0.00    0.00    0.00   74.49
07:55:51 AM    1    2.13    0.00    6.38    0.00    1.06   19.15    0.00    0.00    0.00   71.28
07:55:51 AM    2    1.05    0.00    2.11    0.00    0.00    9.47    0.00    0.00    0.00   87.37
07:55:51 AM    3    0.00    0.00    3.09    0.00    1.03   10.31    0.00    0.00    0.00   85.57

07:55:51 AM  CPU    %usr   %nice    %sys %iowait    %irq   %soft  %steal  %guest  %gnice   %idle
07:55:52 AM  all    0.77    0.00    3.60    0.00    1.29   15.94    0.00    0.00    0.00   78.41
07:55:52 AM    0    0.00    0.00    0.00    0.00    3.06   23.47    0.00    0.00    0.00   73.47
07:55:52 AM    1    1.04    0.00    5.21    0.00    1.04   15.62    0.00    0.00    0.00   77.08
07:55:52 AM    2    0.00    0.00    3.09    0.00    1.03   11.34    0.00    0.00    0.00   84.54
07:55:52 AM    3    2.04    0.00    6.12    0.00    0.00   13.27    0.00    0.00    0.00   78.57

07:55:52 AM  CPU    %usr   %nice    %sys %iowait    %irq   %soft  %steal  %guest  %gnice   %idle
07:55:53 AM  all    1.03    0.00    2.58    0.00    1.55   15.46    0.00    0.00    0.00   79.38
07:55:53 AM    0    0.00    0.00    0.00    0.00    3.03   23.23    0.00    0.00    0.00   73.74
07:55:53 AM    1    0.00    0.00    2.08    0.00    1.04    9.38    0.00    0.00    0.00   87.50
07:55:53 AM    2    1.08    0.00    5.38    0.00    1.08   19.35    0.00    0.00    0.00   73.12
07:55:53 AM    3    3.00    0.00    3.00    0.00    1.00   10.00    0.00    0.00    0.00   83.00

07:55:53 AM  CPU    %usr   %nice    %sys %iowait    %irq   %soft  %steal  %guest  %gnice   %idle
07:55:54 AM  all    0.77    0.00    3.08    0.00    1.79   15.64    0.00    0.00    0.00   78.72
07:55:54 AM    0    0.00    0.00    0.00    0.00    3.00   24.00    0.00    0.00    0.00   73.00
07:55:54 AM    1    1.01    0.00    4.04    0.00    1.01   10.10    0.00    0.00    0.00   83.84
07:55:54 AM    2    2.13    0.00    4.26    0.00    2.13   19.15    0.00    0.00    0.00   72.34
07:55:54 AM    3    0.00    0.00    4.12    0.00    1.03    9.28    0.00    0.00    0.00   85.57

07:55:54 AM  CPU    %usr   %nice    %sys %iowait    %irq   %soft  %steal  %guest  %gnice   %idle
07:55:55 AM  all    1.29    0.00    3.35    0.00    1.03   15.98    0.00    0.00    0.00   78.35
07:55:55 AM    0    0.00    0.00    0.00    0.00    3.06   23.47    0.00    0.00    0.00   73.47
07:55:55 AM    1    1.04    0.00    3.12    0.00    0.00   10.42    0.00    0.00    0.00   85.42
07:55:55 AM    2    2.06    0.00    8.25    0.00    1.03   19.59    0.00    0.00    0.00   69.07
07:55:55 AM    3    2.06    0.00    2.06    0.00    0.00   10.31    0.00    0.00    0.00   85.57

07:55:55 AM  CPU    %usr   %nice    %sys %iowait    %irq   %soft  %steal  %guest  %gnice   %idle
07:55:56 AM  all    0.51    0.00    3.34    0.00    1.54   15.42    0.00    0.00    0.00   79.18
07:55:56 AM    0    0.00    0.00    0.00    0.00    3.03   23.23    0.00    0.00    0.00   73.74
07:55:56 AM    1    0.00    0.00    3.09    0.00    1.03    9.28    0.00    0.00    0.00   86.60
07:55:56 AM    2    1.06    0.00    6.38    0.00    1.06   19.15    0.00    0.00    0.00   72.34
07:55:56 AM    3    1.01    0.00    4.04    0.00    1.01   10.10    0.00    0.00    0.00   83.84

Average:     CPU    %usr   %nice    %sys %iowait    %irq   %soft  %steal  %guest  %gnice   %idle
Average:     all    0.75    0.00    3.09    0.01    1.39   15.66    0.00    0.00    0.00   79.10
Average:       0    0.08    0.00    0.18    0.03    2.94   23.45    0.00    0.00    0.00   73.30
Average:       1    0.95    0.00    3.84    0.02    0.85   12.57    0.00    0.00    0.00   81.77
Average:       2    0.88    0.00    4.05    0.00    0.83   12.44    0.00    0.00    0.00   81.80
Average:       3    1.11    0.00    4.35    0.00    0.90   13.94    0.00    0.00    0.00   79.70
