Linux 7.0.9 (hp3) 	06/18/2026 	_x86_64_	(8 CPU)

10:12:24 AM  CPU    %usr   %nice    %sys %iowait    %irq   %soft  %steal  %guest  %gnice   %idle
10:12:25 AM  all    0.87    0.00   13.11    0.00    0.12    5.24    0.00    0.00    0.00   80.65
10:12:25 AM    0    3.96    0.00   53.47    0.00    0.99   19.80    0.00    0.00    0.00   21.78
10:12:25 AM    1    3.06    0.00   52.04    0.00    0.00   22.45    0.00    0.00    0.00   22.45
10:12:25 AM    2    0.00    0.00    0.00    0.00    0.00    0.00    0.00    0.00    0.00  100.00
10:12:25 AM    3    0.00    0.00    0.00    0.00    0.00    0.00    0.00    0.00    0.00  100.00
10:12:25 AM    4    0.00    0.00    0.00    0.00    0.00    0.00    0.00    0.00    0.00  100.00
10:12:25 AM    5    0.00    0.00    0.00    0.00    0.00    0.00    0.00    0.00    0.00  100.00
10:12:25 AM    6    0.00    0.00    0.00    0.00    0.00    0.00    0.00    0.00    0.00  100.00
10:12:25 AM    7    0.00    0.00    0.00    0.00    0.00    0.00    0.00    0.00    0.00  100.00

10:12:25 AM  CPU    %usr   %nice    %sys %iowait    %irq   %soft  %steal  %guest  %gnice   %idle
10:12:26 AM  all    1.25    0.00   16.75    0.00    0.12    7.12    0.00    0.00    0.00   74.75
10:12:26 AM    0    5.05    0.00   67.68    0.00    0.00   27.27    0.00    0.00    0.00    0.00
10:12:26 AM    1    4.85    0.00   65.05    0.00    0.97   29.13    0.00    0.00    0.00    0.00
10:12:26 AM    2    0.00    0.00    0.00    0.00    0.00    0.00    0.00    0.00    0.00  100.00
10:12:26 AM    3    0.00    0.00    0.00    0.00    0.00    0.00    0.00    0.00    0.00  100.00
10:12:26 AM    4    0.00    0.00    0.00    0.00    0.00    0.00    0.00    0.00    0.00  100.00
10:12:26 AM    5    0.00    0.00    0.00    0.00    0.00    0.00    0.00    0.00    0.00  100.00
10:12:26 AM    6    0.00    0.00    0.00    0.00    0.00    0.00    0.00    0.00    0.00  100.00
10:12:26 AM    7    0.00    0.00    0.00    0.00    0.00    0.00    0.00    0.00    0.00  100.00

10:12:26 AM  CPU    %usr   %nice    %sys %iowait    %irq   %soft  %steal  %guest  %gnice   %idle
10:12:27 AM  all    1.25    0.00   16.54    0.00    0.00    7.02    0.00    0.00    0.00   75.19
10:12:27 AM    0    5.00    0.00   68.00    0.00    0.00   27.00    0.00    0.00    0.00    0.00
10:12:27 AM    1    5.10    0.00   65.31    0.00    0.00   29.59    0.00    0.00    0.00    0.00
10:12:27 AM    2    0.00    0.00    0.00    0.00    0.00    0.00    0.00    0.00    0.00  100.00
10:12:27 AM    3    0.00    0.00    0.00    0.00    0.00    0.00    0.00    0.00    0.00  100.00
10:12:27 AM    4    0.00    0.00    0.00    0.00    0.00    0.00    0.00    0.00    0.00  100.00
10:12:27 AM    5    0.00    0.00    0.00    0.00    0.00    0.00    0.00    0.00    0.00  100.00
10:12:27 AM    6    0.00    0.00    0.00    0.00    0.00    0.00    0.00    0.00    0.00  100.00
10:12:27 AM    7    0.00    0.00    0.00    0.00    0.00    0.00    0.00    0.00    0.00  100.00

10:12:27 AM  CPU    %usr   %nice    %sys %iowait    %irq   %soft  %steal  %guest  %gnice   %idle
10:12:28 AM  all    1.62    0.00   16.35    0.00    0.00    7.12    0.00    0.00    0.00   74.91
10:12:28 AM    0    6.00    0.00   66.00    0.00    0.00   28.00    0.00    0.00    0.00    0.00
10:12:28 AM    1    6.93    0.00   64.36    0.00    0.00   28.71    0.00    0.00    0.00    0.00
10:12:28 AM    2    0.00    0.00    0.00    0.00    0.00    0.00    0.00    0.00    0.00  100.00
10:12:28 AM    3    0.00    0.00    0.00    0.00    0.00    0.00    0.00    0.00    0.00  100.00
10:12:28 AM    4    0.00    0.00    0.00    0.00    0.00    0.00    0.00    0.00    0.00  100.00
10:12:28 AM    5    0.00    0.00    0.00    0.00    0.00    0.00    0.00    0.00    0.00  100.00
10:12:28 AM    6    0.00    0.00    0.00    0.00    0.00    0.00    0.00    0.00    0.00  100.00
10:12:28 AM    7    0.00    0.00    0.00    0.00    0.00    0.00    0.00    0.00    0.00  100.00

10:12:28 AM  CPU    %usr   %nice    %sys %iowait    %irq   %soft  %steal  %guest  %gnice   %idle
10:12:29 AM  all    1.37    0.00   16.17    0.00    0.12    7.46    0.00    0.00    0.00   74.88
10:12:29 AM    0    5.94    0.00   65.35    0.00    0.99   26.73    0.00    0.00    0.00    0.99
10:12:29 AM    1    5.10    0.00   65.31    0.00    0.00   29.59    0.00    0.00    0.00    0.00
10:12:29 AM    2    0.00    0.00    0.00    0.00    0.00    0.99    0.00    0.00    0.00   99.01
10:12:29 AM    3    0.00    0.00    0.00    0.00    0.00    0.99    0.00    0.00    0.00   99.01
10:12:29 AM    4    0.00    0.00    0.00    0.00    0.00    0.00    0.00    0.00    0.00  100.00
10:12:29 AM    5    0.00    0.00    0.00    0.00    0.00    0.00    0.00    0.00    0.00  100.00
10:12:29 AM    6    0.00    0.00    0.00    0.00    0.00    0.99    0.00    0.00    0.00   99.01
10:12:29 AM    7    0.00    0.00    0.00    0.00    0.00    0.99    0.00    0.00    0.00   99.01

10:12:29 AM  CPU    %usr   %nice    %sys %iowait    %irq   %soft  %steal  %guest  %gnice   %idle
10:12:30 AM  all    1.37    0.00   16.71    0.00    0.12    7.11    0.00    0.00    0.00   74.69
10:12:30 AM    0    5.00    0.00   68.00    0.00    0.00   27.00    0.00    0.00    0.00    0.00
10:12:30 AM    1    5.83    0.00   64.08    0.00    0.97   29.13    0.00    0.00    0.00    0.00
10:12:30 AM    2    0.00    0.00    0.00    0.00    0.00    0.00    0.00    0.00    0.00  100.00
10:12:30 AM    3    0.00    0.00    0.00    0.00    0.00    0.00    0.00    0.00    0.00  100.00
10:12:30 AM    4    0.00    0.00    0.00    0.00    0.00    0.00    0.00    0.00    0.00  100.00
10:12:30 AM    5    0.00    0.00    0.00    0.00    0.00    0.00    0.00    0.00    0.00  100.00
10:12:30 AM    6    0.00    0.00    0.00    0.00    0.00    0.00    0.00    0.00    0.00  100.00
10:12:30 AM    7    0.00    0.00    0.00    0.00    0.00    0.00    0.00    0.00    0.00  100.00

10:12:30 AM  CPU    %usr   %nice    %sys %iowait    %irq   %soft  %steal  %guest  %gnice   %idle
10:12:31 AM  all    1.38    0.00   16.52    0.00    0.00    7.01    0.00    0.00    0.00   75.09
10:12:31 AM    0    6.00    0.00   67.00    0.00    0.00   27.00    0.00    0.00    0.00    0.00
10:12:31 AM    1    5.05    0.00   65.66    0.00    0.00   29.29    0.00    0.00    0.00    0.00
10:12:31 AM    2    0.00    0.00    0.00    0.00    0.00    0.00    0.00    0.00    0.00  100.00
10:12:31 AM    3    0.00    0.00    0.00    0.00    0.00    0.00    0.00    0.00    0.00  100.00
10:12:31 AM    4    0.00    0.00    0.00    0.00    0.00    0.00    0.00    0.00    0.00  100.00
10:12:31 AM    5    0.00    0.00    0.00    0.00    0.00    0.00    0.00    0.00    0.00  100.00
10:12:31 AM    6    0.00    0.00    0.00    0.00    0.00    0.00    0.00    0.00    0.00  100.00
10:12:31 AM    7    0.00    0.00    0.00    0.00    0.00    0.00    0.00    0.00    0.00  100.00

10:12:31 AM  CPU    %usr   %nice    %sys %iowait    %irq   %soft  %steal  %guest  %gnice   %idle
10:12:32 AM  all    1.13    0.00   16.67    0.00    0.13    7.02    0.00    0.00    0.00   75.06
10:12:32 AM    0    5.05    0.00   67.68    0.00    0.00   27.27    0.00    0.00    0.00    0.00
10:12:32 AM    1    4.04    0.00   66.67    0.00    0.00   29.29    0.00    0.00    0.00    0.00
10:12:32 AM    2    0.00    0.00    0.00    0.00    0.00    0.00    0.00    0.00    0.00  100.00
10:12:32 AM    3    0.00    0.00    0.00    0.00    0.00    0.00    0.00    0.00    0.00  100.00
10:12:32 AM    4    0.00    0.00    0.00    0.00    0.00    0.00    0.00    0.00    0.00  100.00
10:12:32 AM    5    0.00    0.00    0.00    0.00    0.99    0.00    0.00    0.00    0.00   99.01
10:12:32 AM    6    0.00    0.00    0.00    0.00    0.00    0.00    0.00    0.00    0.00  100.00
10:12:32 AM    7    0.00    0.00    0.00    0.00    0.00    0.00    0.00    0.00    0.00  100.00

10:12:32 AM  CPU    %usr   %nice    %sys %iowait    %irq   %soft  %steal  %guest  %gnice   %idle
10:12:33 AM  all    1.62    0.00   16.38    0.00    0.12    7.00    0.00    0.00    0.00   74.88
10:12:33 AM    0    6.93    0.00   65.35    0.00    0.99   26.73    0.00    0.00    0.00    0.00
10:12:33 AM    1    5.94    0.00   64.36    0.00    0.00   28.71    0.00    0.00    0.00    0.99
10:12:33 AM    2    0.00    0.00    0.00    0.00    0.00    0.00    0.00    0.00    0.00  100.00
10:12:33 AM    3    0.00    0.00    0.00    0.00    0.00    0.00    0.00    0.00    0.00  100.00
10:12:33 AM    4    0.00    0.00    0.00    0.00    0.00    0.00    0.00    0.00    0.00  100.00
10:12:33 AM    5    0.00    0.00    0.00    0.00    0.00    0.00    0.00    0.00    0.00  100.00
10:12:33 AM    6    0.00    0.00    0.00    0.00    0.00    0.00    0.00    0.00    0.00  100.00
10:12:33 AM    7    0.00    0.00    0.00    0.00    0.00    0.00    0.00    0.00    0.00  100.00

10:12:33 AM  CPU    %usr   %nice    %sys %iowait    %irq   %soft  %steal  %guest  %gnice   %idle
10:12:34 AM  all    1.50    0.00   16.23    0.00    0.12    7.24    0.00    0.00    0.00   74.91
10:12:34 AM    0    6.00    0.00   66.00    0.00    0.00   28.00    0.00    0.00    0.00    0.00
10:12:34 AM    1    5.94    0.00   63.37    0.00    0.99   29.70    0.00    0.00    0.00    0.00
10:12:34 AM    2    0.00    0.00    0.00    0.00    0.00    0.00    0.00    0.00    0.00  100.00
10:12:34 AM    3    0.00    0.00    0.00    0.00    0.00    0.00    0.00    0.00    0.00  100.00
10:12:34 AM    4    0.00    0.00    0.00    0.00    0.00    0.00    0.00    0.00    0.00  100.00
10:12:34 AM    5    0.00    0.00    0.00    0.00    0.00    0.00    0.00    0.00    0.00  100.00
10:12:34 AM    6    0.00    0.00    0.00    0.00    0.00    0.00    0.00    0.00    0.00  100.00
10:12:34 AM    7    0.00    0.00    0.00    0.00    0.00    0.00    0.00    0.00    0.00  100.00

10:12:34 AM  CPU    %usr   %nice    %sys %iowait    %irq   %soft  %steal  %guest  %gnice   %idle
10:12:35 AM  all    1.37    0.00   16.48    0.00    0.00    7.24    0.00    0.00    0.00   74.91
10:12:35 AM    0    5.00    0.00   68.00    0.00    0.00   27.00    0.00    0.00    0.00    0.00
10:12:35 AM    1    6.06    0.00   64.65    0.00    0.00   29.29    0.00    0.00    0.00    0.00
10:12:35 AM    2    0.00    0.00    0.00    0.00    0.00    0.00    0.00    0.00    0.00  100.00
10:12:35 AM    3    0.00    0.00    0.00    0.00    0.00    0.99    0.00    0.00    0.00   99.01
10:12:35 AM    4    0.00    0.00    0.00    0.00    0.00    0.00    0.00    0.00    0.00  100.00
10:12:35 AM    5    0.00    0.00    0.00    0.00    0.00    0.00    0.00    0.00    0.00  100.00
10:12:35 AM    6    0.00    0.00    0.00    0.00    0.00    0.00    0.00    0.00    0.00  100.00
10:12:35 AM    7    0.00    0.00    0.00    0.00    0.00    0.99    0.00    0.00    0.00   99.01

10:12:35 AM  CPU    %usr   %nice    %sys %iowait    %irq   %soft  %steal  %guest  %gnice   %idle
10:12:36 AM  all    1.50    0.00   16.46    0.00    0.00    7.23    0.00    0.00    0.00   74.81
10:12:36 AM    0    6.06    0.00   66.67    0.00    0.00   27.27    0.00    0.00    0.00    0.00
10:12:36 AM    1    5.94    0.00   65.35    0.00    0.00   28.71    0.00    0.00    0.00    0.00
10:12:36 AM    2    0.00    0.00    0.00    0.00    0.00    0.99    0.00    0.00    0.00   99.01
10:12:36 AM    3    0.00    0.00    0.00    0.00    0.00    0.00    0.00    0.00    0.00  100.00
10:12:36 AM    4    0.00    0.00    0.00    0.00    0.00    0.00    0.00    0.00    0.00  100.00
10:12:36 AM    5    0.00    0.00    0.00    0.00    0.00    0.00    0.00    0.00    0.00  100.00
10:12:36 AM    6    0.00    0.00    0.00    0.00    0.00    0.99    0.00    0.00    0.00   99.01
10:12:36 AM    7    0.00    0.00    0.00    0.00    0.00    0.00    0.00    0.00    0.00  100.00

10:12:36 AM  CPU    %usr   %nice    %sys %iowait    %irq   %soft  %steal  %guest  %gnice   %idle
10:12:37 AM  all    1.37    0.00   16.60    0.00    0.00    6.99    0.00    0.00    0.00   75.03
10:12:37 AM    0    5.00    0.00   68.00    0.00    0.00   27.00    0.00    0.00    0.00    0.00
10:12:37 AM    1    6.00    0.00   65.00    0.00    0.00   29.00    0.00    0.00    0.00    0.00
10:12:37 AM    2    0.00    0.00    0.00    0.00    0.00    0.00    0.00    0.00    0.00  100.00
10:12:37 AM    3    0.00    0.00    0.00    0.00    0.00    0.00    0.00    0.00    0.00  100.00
10:12:37 AM    4    0.00    0.00    0.00    0.00    0.00    0.00    0.00    0.00    0.00  100.00
10:12:37 AM    5    0.00    0.00    0.00    0.00    0.00    0.00    0.00    0.00    0.00  100.00
10:12:37 AM    6    0.00    0.00    0.00    0.00    0.00    0.00    0.00    0.00    0.00  100.00
10:12:37 AM    7    0.00    0.00    0.00    0.00    0.00    0.00    0.00    0.00    0.00  100.00

10:12:37 AM  CPU    %usr   %nice    %sys %iowait    %irq   %soft  %steal  %guest  %gnice   %idle
10:12:38 AM  all    1.50    0.00   16.35    0.00    0.25    6.99    0.00    0.00    0.00   74.91
10:12:38 AM    0    6.93    0.00   65.35    0.00    0.99   26.73    0.00    0.00    0.00    0.00
10:12:38 AM    1    5.00    0.00   65.00    0.00    1.00   29.00    0.00    0.00    0.00    0.00
10:12:38 AM    2    0.00    0.00    0.00    0.00    0.00    0.00    0.00    0.00    0.00  100.00
10:12:38 AM    3    0.00    0.00    0.00    0.00    0.00    0.00    0.00    0.00    0.00  100.00
10:12:38 AM    4    0.00    0.00    0.00    0.00    0.00    0.00    0.00    0.00    0.00  100.00
10:12:38 AM    5    0.00    0.00    0.00    0.00    0.00    0.00    0.00    0.00    0.00  100.00
10:12:38 AM    6    0.00    0.00    0.00    0.00    0.00    0.00    0.00    0.00    0.00  100.00
10:12:38 AM    7    0.00    0.00    0.00    0.00    0.00    0.00    0.00    0.00    0.00  100.00

10:12:38 AM  CPU    %usr   %nice    %sys %iowait    %irq   %soft  %steal  %guest  %gnice   %idle
10:12:39 AM  all    1.38    0.00   16.38    0.00    0.00    7.12    0.00    0.00    0.00   75.12
10:12:39 AM    0    5.94    0.00   64.36    0.00    0.00   28.71    0.00    0.00    0.00    0.99
10:12:39 AM    1    5.05    0.00   66.67    0.00    0.00   28.28    0.00    0.00    0.00    0.00
10:12:39 AM    2    0.00    0.00    0.00    0.00    0.00    0.00    0.00    0.00    0.00  100.00
10:12:39 AM    3    0.00    0.00    0.00    0.00    0.00    0.00    0.00    0.00    0.00  100.00
10:12:39 AM    4    0.00    0.00    0.00    0.00    0.00    0.00    0.00    0.00    0.00  100.00
10:12:39 AM    5    0.00    0.00    0.00    0.00    0.00    0.00    0.00    0.00    0.00  100.00
10:12:39 AM    6    0.00    0.00    0.00    0.00    0.00    0.00    0.00    0.00    0.00  100.00
10:12:39 AM    7    0.00    0.00    0.00    0.00    0.00    0.00    0.00    0.00    0.00  100.00

10:12:39 AM  CPU    %usr   %nice    %sys %iowait    %irq   %soft  %steal  %guest  %gnice   %idle
10:12:40 AM  all    1.38    0.00   16.44    0.00    0.00    7.03    0.00    0.00    0.00   75.16
10:12:40 AM    0    4.08    0.00   66.33    0.00    0.00   29.59    0.00    0.00    0.00    0.00
10:12:40 AM    1    7.00    0.00   66.00    0.00    0.00   27.00    0.00    0.00    0.00    0.00
10:12:40 AM    2    0.00    0.00    0.00    0.00    0.00    0.00    0.00    0.00    0.00  100.00
10:12:40 AM    3    0.00    0.00    0.00    0.00    0.00    0.00    0.00    0.00    0.00  100.00
10:12:40 AM    4    0.00    0.00    0.00    0.00    0.00    0.00    0.00    0.00    0.00  100.00
10:12:40 AM    5    0.00    0.00    0.00    0.00    0.00    0.00    0.00    0.00    0.00  100.00
10:12:40 AM    6    0.00    0.00    0.00    0.00    0.00    0.00    0.00    0.00    0.00  100.00
10:12:40 AM    7    0.00    0.00    0.00    0.00    0.00    0.00    0.00    0.00    0.00  100.00

10:12:40 AM  CPU    %usr   %nice    %sys %iowait    %irq   %soft  %steal  %guest  %gnice   %idle
10:12:41 AM  all    1.12    0.00   16.85    0.00    0.00    6.99    0.00    0.00    0.00   75.03
10:12:41 AM    0    5.00    0.00   66.00    0.00    0.00   29.00    0.00    0.00    0.00    0.00
10:12:41 AM    1    4.00    0.00   69.00    0.00    0.00   27.00    0.00    0.00    0.00    0.00
10:12:41 AM    2    0.00    0.00    0.00    0.00    0.00    0.00    0.00    0.00    0.00  100.00
10:12:41 AM    3    0.00    0.00    0.00    0.00    0.00    0.00    0.00    0.00    0.00  100.00
10:12:41 AM    4    0.00    0.00    0.00    0.00    0.00    0.00    0.00    0.00    0.00  100.00
10:12:41 AM    5    0.00    0.00    0.00    0.00    0.00    0.00    0.00    0.00    0.00  100.00
10:12:41 AM    6    0.00    0.00    0.00    0.00    0.00    0.00    0.00    0.00    0.00  100.00
10:12:41 AM    7    0.00    0.00    0.00    0.00    0.00    0.00    0.00    0.00    0.00  100.00

10:12:41 AM  CPU    %usr   %nice    %sys %iowait    %irq   %soft  %steal  %guest  %gnice   %idle
10:12:42 AM  all    1.37    0.00   16.48    0.00    0.37    7.37    0.00    0.00    0.00   74.41
10:12:42 AM    0    5.00    0.00   65.00    0.00    1.00   29.00    0.00    0.00    0.00    0.00
10:12:42 AM    1    5.94    0.00   66.34    0.00    0.99   26.73    0.00    0.00    0.00    0.00
10:12:42 AM    2    0.00    0.00    0.00    0.00    0.99    0.99    0.00    0.00    0.00   98.02
10:12:42 AM    3    0.00    0.00    0.00    0.00    0.00    1.00    0.00    0.00    0.00   99.00
10:12:42 AM    4    0.00    0.00    0.00    0.00    0.00    0.00    0.00    0.00    0.00  100.00
10:12:42 AM    5    0.00    0.00    0.00    0.00    0.00    0.00    0.00    0.00    0.00  100.00
10:12:42 AM    6    0.00    0.00    0.00    0.00    0.00    0.00    0.00    0.00    0.00  100.00
10:12:42 AM    7    0.00    0.00    0.00    0.00    0.00    1.00    0.00    0.00    0.00   99.00

10:12:42 AM  CPU    %usr   %nice    %sys %iowait    %irq   %soft  %steal  %guest  %gnice   %idle
10:12:43 AM  all    1.37    0.00   16.40    0.00    0.00    7.33    0.00    0.00    0.00   74.91
10:12:43 AM    0    4.95    0.00   65.35    0.00    0.00   29.70    0.00    0.00    0.00    0.00
10:12:43 AM    1    6.00    0.00   66.00    0.00    0.00   28.00    0.00    0.00    0.00    0.00
10:12:43 AM    2    0.00    0.00    0.00    0.00    0.00    0.00    0.00    0.00    0.00  100.00
10:12:43 AM    3    0.00    0.00    0.00    0.00    0.00    0.00    0.00    0.00    0.00  100.00
10:12:43 AM    4    0.00    0.00    0.00    0.00    0.00    0.00    0.00    0.00    0.00  100.00
10:12:43 AM    5    0.00    0.00    0.00    0.00    0.00    0.00    0.00    0.00    0.00  100.00
10:12:43 AM    6    0.00    0.00    0.00    0.00    0.00    0.99    0.00    0.00    0.00   99.01
10:12:43 AM    7    0.00    0.00    0.00    0.00    0.00    0.00    0.00    0.00    0.00  100.00

10:12:43 AM  CPU    %usr   %nice    %sys %iowait    %irq   %soft  %steal  %guest  %gnice   %idle
10:12:44 AM  all    1.50    0.00   16.65    0.00    0.00    7.01    0.00    0.00    0.00   74.84
10:12:44 AM    0    6.00    0.00   65.00    0.00    0.00   29.00    0.00    0.00    0.00    0.00
10:12:44 AM    1    6.00    0.00   67.00    0.00    0.00   27.00    0.00    0.00    0.00    0.00
10:12:44 AM    2    0.00    0.00    0.00    0.00    0.00    0.00    0.00    0.00    0.00  100.00
10:12:44 AM    3    0.00    0.00    0.99    0.00    0.00    0.00    0.00    0.00    0.00   99.01
10:12:44 AM    4    0.00    0.00    0.00    0.00    0.00    0.00    0.00    0.00    0.00  100.00
10:12:44 AM    5    0.00    0.00    0.00    0.00    0.00    0.00    0.00    0.00    0.00  100.00
10:12:44 AM    6    0.00    0.00    0.00    0.00    0.00    0.00    0.00    0.00    0.00  100.00
10:12:44 AM    7    0.00    0.00    0.00    0.00    0.00    0.00    0.00    0.00    0.00  100.00

10:12:44 AM  CPU    %usr   %nice    %sys %iowait    %irq   %soft  %steal  %guest  %gnice   %idle
10:12:45 AM  all    1.12    0.00   16.71    0.00    0.00    6.98    0.00    0.00    0.00   75.19
10:12:45 AM    0    4.04    0.00   66.67    0.00    0.00   29.29    0.00    0.00    0.00    0.00
10:12:45 AM    1    5.00    0.00   68.00    0.00    0.00   27.00    0.00    0.00    0.00    0.00
10:12:45 AM    2    0.00    0.00    0.00    0.00    0.00    0.00    0.00    0.00    0.00  100.00
10:12:45 AM    3    0.00    0.00    0.00    0.00    0.00    0.00    0.00    0.00    0.00  100.00
10:12:45 AM    4    0.00    0.00    0.00    0.00    0.00    0.00    0.00    0.00    0.00  100.00
10:12:45 AM    5    0.00    0.00    0.00    0.00    0.00    0.00    0.00    0.00    0.00  100.00
10:12:45 AM    6    0.00    0.00    0.00    0.00    0.00    0.00    0.00    0.00    0.00  100.00
10:12:45 AM    7    0.00    0.00    0.00    0.00    0.00    0.00    0.00    0.00    0.00  100.00

10:12:45 AM  CPU    %usr   %nice    %sys %iowait    %irq   %soft  %steal  %guest  %gnice   %idle
10:12:46 AM  all    1.37    0.00   16.35    0.00    0.25    7.24    0.00    0.00    0.00   74.78
10:12:46 AM    0    5.88    0.00   63.73    0.00    0.98   29.41    0.00    0.00    0.00    0.00
10:12:46 AM    1    5.00    0.00   66.00    0.00    1.00   28.00    0.00    0.00    0.00    0.00
10:12:46 AM    2    0.00    0.00    0.00    0.00    0.00    0.00    0.00    0.00    0.00  100.00
10:12:46 AM    3    0.00    0.00    0.00    0.00    0.00    0.00    0.00    0.00    0.00  100.00
10:12:46 AM    4    0.00    0.00    0.00    0.00    0.00    0.00    0.00    0.00    0.00  100.00
10:12:46 AM    5    0.00    0.00    0.00    0.00    0.00    0.00    0.00    0.00    0.00  100.00
10:12:46 AM    6    0.00    0.00    0.00    0.00    0.00    0.00    0.00    0.00    0.00  100.00
10:12:46 AM    7    0.00    0.00    0.00    0.00    0.00    0.00    0.00    0.00    0.00  100.00

10:12:46 AM  CPU    %usr   %nice    %sys %iowait    %irq   %soft  %steal  %guest  %gnice   %idle
10:12:47 AM  all    1.37    0.00   16.56    0.00    0.00    6.97    0.00    0.00    0.00   75.09
10:12:47 AM    0    6.00    0.00   65.00    0.00    0.00   29.00    0.00    0.00    0.00    0.00
10:12:47 AM    1    5.00    0.00   68.00    0.00    0.00   27.00    0.00    0.00    0.00    0.00
10:12:47 AM    2    0.00    0.00    0.00    0.00    0.00    0.00    0.00    0.00    0.00  100.00
10:12:47 AM    3    0.00    0.00    0.00    0.00    0.00    0.00    0.00    0.00    0.00  100.00
10:12:47 AM    4    0.00    0.00    0.00    0.00    0.00    0.00    0.00    0.00    0.00  100.00
10:12:47 AM    5    0.00    0.00    0.00    0.00    0.00    0.00    0.00    0.00    0.00  100.00
10:12:47 AM    6    0.00    0.00    0.00    0.00    0.00    0.00    0.00    0.00    0.00  100.00
10:12:47 AM    7    0.00    0.00    0.00    0.00    0.00    0.00    0.00    0.00    0.00  100.00

10:12:47 AM  CPU    %usr   %nice    %sys %iowait    %irq   %soft  %steal  %guest  %gnice   %idle
10:12:48 AM  all    1.38    0.00   16.50    0.00    0.00    7.38    0.00    0.00    0.00   74.75
10:12:48 AM    0    5.00    0.00   65.00    0.00    0.00   30.00    0.00    0.00    0.00    0.00
10:12:48 AM    1    5.94    0.00   66.34    0.00    0.00   27.72    0.00    0.00    0.00    0.00
10:12:48 AM    2    0.00    0.00    0.00    0.00    0.00    0.00    0.00    0.00    0.00  100.00
10:12:48 AM    3    0.00    0.00    0.00    0.00    0.00    1.00    0.00    0.00    0.00   99.00
10:12:48 AM    4    0.00    0.00    0.00    0.00    0.00    0.00    0.00    0.00    0.00  100.00
10:12:48 AM    5    0.00    0.00    0.00    0.00    0.00    0.00    0.00    0.00    0.00  100.00
10:12:48 AM    6    0.00    0.00    0.00    0.00    0.00    0.00    0.00    0.00    0.00  100.00
10:12:48 AM    7    0.00    0.00    0.00    0.00    0.00    0.00    0.00    0.00    0.00  100.00

10:12:48 AM  CPU    %usr   %nice    %sys %iowait    %irq   %soft  %steal  %guest  %gnice   %idle
10:12:49 AM  all    1.37    0.00   16.48    0.00    0.00    7.24    0.00    0.00    0.00   74.91
10:12:49 AM    0    5.05    0.00   65.66    0.00    0.00   29.29    0.00    0.00    0.00    0.00
10:12:49 AM    1    6.00    0.00   67.00    0.00    0.00   27.00    0.00    0.00    0.00    0.00
10:12:49 AM    2    0.00    0.00    0.00    0.00    0.00    0.99    0.00    0.00    0.00   99.01
10:12:49 AM    3    0.00    0.00    0.00    0.00    0.00    0.00    0.00    0.00    0.00  100.00
10:12:49 AM    4    0.00    0.00    0.00    0.00    0.00    0.00    0.00    0.00    0.00  100.00
10:12:49 AM    5    0.00    0.00    0.00    0.00    0.00    0.00    0.00    0.00    0.00  100.00
10:12:49 AM    6    0.00    0.00    0.00    0.00    0.00    0.00    0.00    0.00    0.00  100.00
10:12:49 AM    7    0.00    0.00    0.00    0.00    0.00    0.99    0.00    0.00    0.00   99.01

10:12:49 AM  CPU    %usr   %nice    %sys %iowait    %irq   %soft  %steal  %guest  %gnice   %idle
10:12:50 AM  all    1.49    0.00   16.31    0.00    0.25    7.10    0.00    0.00    0.00   74.84
10:12:50 AM    0    5.94    0.00   64.36    0.00    0.99   28.71    0.00    0.00    0.00    0.00
10:12:50 AM    1    6.06    0.00   66.67    0.00    0.00   27.27    0.00    0.00    0.00    0.00
10:12:50 AM    2    0.00    0.00    0.00    0.00    0.00    0.00    0.00    0.00    0.00  100.00
10:12:50 AM    3    0.00    0.00    0.00    0.00    0.00    0.00    0.00    0.00    0.00  100.00
10:12:50 AM    4    0.00    0.00    0.00    0.00    0.00    0.00    0.00    0.00    0.00  100.00
10:12:50 AM    5    0.00    0.00    0.00    0.00    0.00    0.00    0.00    0.00    0.00  100.00
10:12:50 AM    6    0.00    0.00    0.00    0.00    0.00    0.99    0.00    0.00    0.00   99.01
10:12:50 AM    7    0.00    0.00    0.00    0.00    0.99    0.00    0.00    0.00    0.00   99.01

10:12:50 AM  CPU    %usr   %nice    %sys %iowait    %irq   %soft  %steal  %guest  %gnice   %idle
10:12:51 AM  all    1.24    0.00   16.67    0.00    0.12    7.21    0.00    0.00    0.00   74.75
10:12:51 AM    0    4.95    0.00   65.35    0.00    0.00   29.70    0.00    0.00    0.00    0.00
10:12:51 AM    1    4.90    0.00   66.67    0.00    0.98   27.45    0.00    0.00    0.00    0.00
10:12:51 AM    2    0.00    0.00    0.00    0.00    0.00    0.00    0.00    0.00    0.00  100.00
10:12:51 AM    3    0.00    0.00    0.00    0.00    0.00    0.00    0.00    0.00    0.00  100.00
10:12:51 AM    4    0.00    0.00    0.00    0.00    0.00    0.00    0.00    0.00    0.00  100.00
10:12:51 AM    5    0.00    0.00    0.00    0.00    0.00    0.00    0.00    0.00    0.00  100.00
10:12:51 AM    6    0.00    0.00    0.00    0.00    0.00    0.00    0.00    0.00    0.00  100.00
10:12:51 AM    7    0.00    0.00    0.00    0.00    0.00    0.00    0.00    0.00    0.00  100.00

10:12:51 AM  CPU    %usr   %nice    %sys %iowait    %irq   %soft  %steal  %guest  %gnice   %idle
10:12:52 AM  all    1.37    0.00   16.48    0.00    0.00    6.99    0.00    0.00    0.00   75.16
10:12:52 AM    0    6.06    0.00   64.65    0.00    0.00   29.29    0.00    0.00    0.00    0.00
10:12:52 AM    1    5.00    0.00   68.00    0.00    0.00   27.00    0.00    0.00    0.00    0.00
10:12:52 AM    2    0.00    0.00    0.00    0.00    0.00    0.00    0.00    0.00    0.00  100.00
10:12:52 AM    3    0.00    0.00    0.00    0.00    0.00    0.00    0.00    0.00    0.00  100.00
10:12:52 AM    4    0.00    0.00    0.00    0.00    0.00    0.00    0.00    0.00    0.00  100.00
10:12:52 AM    5    0.00    0.00    0.00    0.00    0.00    0.00    0.00    0.00    0.00  100.00
10:12:52 AM    6    0.00    0.00    0.00    0.00    0.00    0.00    0.00    0.00    0.00  100.00
10:12:52 AM    7    0.00    0.00    0.00    0.00    0.00    0.00    0.00    0.00    0.00  100.00

10:12:52 AM  CPU    %usr   %nice    %sys %iowait    %irq   %soft  %steal  %guest  %gnice   %idle
10:12:53 AM  all    1.25    0.00   16.56    0.00    0.00    7.15    0.00    0.00    0.00   75.03
10:12:53 AM    0    4.95    0.00   65.35    0.00    0.00   29.70    0.00    0.00    0.00    0.00
10:12:53 AM    1    5.10    0.00   67.35    0.00    0.00   27.55    0.00    0.00    0.00    0.00
10:12:53 AM    2    0.00    0.00    0.00    0.00    0.00    0.00    0.00    0.00    0.00  100.00
10:12:53 AM    3    0.00    0.00    0.00    0.00    0.00    0.00    0.00    0.00    0.00  100.00
10:12:53 AM    4    0.00    0.00    0.00    0.00    0.00    0.00    0.00    0.00    0.00  100.00
10:12:53 AM    5    0.00    0.00    0.00    0.00    0.00    0.00    0.00    0.00    0.00  100.00
10:12:53 AM    6    0.00    0.00    0.00    0.00    0.00    0.00    0.00    0.00    0.00  100.00
10:12:53 AM    7    0.00    0.00    0.00    0.00    0.00    0.00    0.00    0.00    0.00  100.00

10:12:53 AM  CPU    %usr   %nice    %sys %iowait    %irq   %soft  %steal  %guest  %gnice   %idle
10:12:54 AM  all    1.37    0.00   16.56    0.00    0.12    6.97    0.00    0.00    0.00   74.97
10:12:54 AM    0    4.95    0.00   65.35    0.00    0.99   28.71    0.00    0.00    0.00    0.00
10:12:54 AM    1    5.94    0.00   66.34    0.00    0.00   26.73    0.00    0.00    0.00    0.99
10:12:54 AM    2    0.00    0.00    0.00    0.00    0.00    0.00    0.00    0.00    0.00  100.00
10:12:54 AM    3    0.00    0.00    0.00    0.00    0.00    0.00    0.00    0.00    0.00  100.00
10:12:54 AM    4    0.00    0.00    0.00    0.00    0.00    0.00    0.00    0.00    0.00  100.00
10:12:54 AM    5    0.00    0.00    0.00    0.00    0.00    0.00    0.00    0.00    0.00  100.00
10:12:54 AM    6    0.00    0.00    0.00    0.00    0.00    0.00    0.00    0.00    0.00  100.00
10:12:54 AM    7    0.00    0.00    0.00    0.00    0.00    0.00    0.00    0.00    0.00  100.00

Average:     CPU    %usr   %nice    %sys %iowait    %irq   %soft  %steal  %guest  %gnice   %idle
Average:     all    1.35    0.00   16.39    0.00    0.07    7.06    0.00    0.00    0.00   75.12
Average:       0    5.39    0.00   65.51    0.00    0.27   28.03    0.00    0.00    0.00    0.80
Average:       1    5.43    0.00   65.59    0.00    0.23   27.95    0.00    0.00    0.00    0.80
Average:       2    0.00    0.00    0.00    0.00    0.03    0.13    0.00    0.00    0.00   99.83
Average:       3    0.00    0.00    0.03    0.00    0.00    0.13    0.00    0.00    0.00   99.83
Average:       4    0.00    0.00    0.00    0.00    0.00    0.00    0.00    0.00    0.00  100.00
Average:       5    0.00    0.00    0.00    0.00    0.03    0.00    0.00    0.00    0.00   99.97
Average:       6    0.00    0.00    0.00    0.00    0.00    0.13    0.00    0.00    0.00   99.87
Average:       7    0.00    0.00    0.00    0.00    0.03    0.13    0.00    0.00    0.00   99.83
