Linux 6.12.87 (pi5-2) 	06/19/2026 	_aarch64_	(4 CPU)

09:49:30 PM  CPU    %usr   %nice    %sys %iowait    %irq   %soft  %steal  %guest  %gnice   %idle
09:49:31 PM  all    0.77    0.00    2.04    0.00    0.77   13.78    0.00    0.00    0.00   82.65
09:49:31 PM    0    1.00    0.00    0.00    0.00    2.00   18.00    0.00    0.00    0.00   79.00
09:49:31 PM    1    1.03    0.00    1.03    0.00    0.00    8.25    0.00    0.00    0.00   89.69
09:49:31 PM    2    0.00    0.00    4.12    0.00    1.03   14.43    0.00    0.00    0.00   80.41
09:49:31 PM    3    1.02    0.00    3.06    0.00    0.00   14.29    0.00    0.00    0.00   81.63

09:49:31 PM  CPU    %usr   %nice    %sys %iowait    %irq   %soft  %steal  %guest  %gnice   %idle
09:49:32 PM  all    0.52    0.00    2.59    0.00    1.55   18.39    0.00    0.00    0.00   76.94
09:49:32 PM    0    0.00    0.00    0.00    0.00    3.09   27.84    0.00    0.00    0.00   69.07
09:49:32 PM    1    1.00    0.00    5.00    0.00    1.00   12.00    0.00    0.00    0.00   81.00
09:49:32 PM    2    1.03    0.00    2.06    0.00    1.03   12.37    0.00    0.00    0.00   83.51
09:49:32 PM    3    0.00    0.00    3.26    0.00    1.09   21.74    0.00    0.00    0.00   73.91

09:49:32 PM  CPU    %usr   %nice    %sys %iowait    %irq   %soft  %steal  %guest  %gnice   %idle
09:49:33 PM  all    0.77    0.00    3.58    0.00    1.28   18.41    0.00    0.00    0.00   75.96
09:49:33 PM    0    0.00    0.00    0.00    0.00    3.03   23.23    0.00    0.00    0.00   73.74
09:49:33 PM    1    1.01    0.00    4.04    0.00    0.00   13.13    0.00    0.00    0.00   81.82
09:49:33 PM    2    1.03    0.00    3.09    0.00    0.00   12.37    0.00    0.00    0.00   83.51
09:49:33 PM    3    1.04    0.00    7.29    0.00    2.08   25.00    0.00    0.00    0.00   64.58

09:49:33 PM  CPU    %usr   %nice    %sys %iowait    %irq   %soft  %steal  %guest  %gnice   %idle
09:49:34 PM  all    0.52    0.00    2.84    0.26    1.55   18.30    0.00    0.00    0.00   76.55
09:49:34 PM    0    0.00    0.00    0.00    0.00    3.03   22.22    0.00    0.00    0.00   74.75
09:49:34 PM    1    1.03    0.00    3.09    0.00    1.03   12.37    0.00    0.00    0.00   82.47
09:49:34 PM    2    1.02    0.00    3.06    0.00    1.02   12.24    0.00    0.00    0.00   82.65
09:49:34 PM    3    0.00    0.00    5.32    1.06    1.06   26.60    0.00    0.00    0.00   65.96

09:49:34 PM  CPU    %usr   %nice    %sys %iowait    %irq   %soft  %steal  %guest  %gnice   %idle
09:49:35 PM  all    0.52    0.00    3.10    0.00    1.29   18.86    0.00    0.00    0.00   76.23
09:49:35 PM    0    0.00    0.00    0.00    0.00    3.03   23.23    0.00    0.00    0.00   73.74
09:49:35 PM    1    0.00    0.00    3.12    0.00    0.00   12.50    0.00    0.00    0.00   84.38
09:49:35 PM    2    0.00    0.00    3.09    0.00    1.03   13.40    0.00    0.00    0.00   82.47
09:49:35 PM    3    2.11    0.00    6.32    0.00    1.05   26.32    0.00    0.00    0.00   64.21

09:49:35 PM  CPU    %usr   %nice    %sys %iowait    %irq   %soft  %steal  %guest  %gnice   %idle
09:49:36 PM  all    0.52    0.00    2.84    0.00    1.29   18.60    0.00    0.00    0.00   76.74
09:49:36 PM    0    0.00    0.00    0.00    0.00    3.03   23.23    0.00    0.00    0.00   73.74
09:49:36 PM    1    0.00    0.00    3.06    0.00    1.02   13.27    0.00    0.00    0.00   82.65
09:49:36 PM    2    1.03    0.00    3.09    0.00    0.00   12.37    0.00    0.00    0.00   83.51
09:49:36 PM    3    1.08    0.00    5.38    0.00    1.08   25.81    0.00    0.00    0.00   66.67

09:49:36 PM  CPU    %usr   %nice    %sys %iowait    %irq   %soft  %steal  %guest  %gnice   %idle
09:49:37 PM  all    0.77    0.00    3.32    0.00    1.79   18.37    0.00    0.00    0.00   75.77
09:49:37 PM    0    0.00    0.00    0.00    0.00    3.03   23.23    0.00    0.00    0.00   73.74
09:49:37 PM    1    1.02    0.00    3.06    0.00    1.02   12.24    0.00    0.00    0.00   82.65
09:49:37 PM    2    1.00    0.00    5.00    0.00    1.00   12.00    0.00    0.00    0.00   81.00
09:49:37 PM    3    1.05    0.00    5.26    0.00    2.11   26.32    0.00    0.00    0.00   65.26

09:49:37 PM  CPU    %usr   %nice    %sys %iowait    %irq   %soft  %steal  %guest  %gnice   %idle
09:49:38 PM  all    0.52    0.00    2.61    0.00    1.04   18.54    0.00    0.00    0.00   77.28
09:49:38 PM    0    0.00    0.00    0.00    0.00    2.04   23.47    0.00    0.00    0.00   74.49
09:49:38 PM    1    0.00    0.00    2.13    0.00    0.00   12.77    0.00    0.00    0.00   85.11
09:49:38 PM    2    1.03    0.00    2.06    0.00    1.03   12.37    0.00    0.00    0.00   83.51
09:49:38 PM    3    1.06    0.00    6.38    0.00    1.06   25.53    0.00    0.00    0.00   65.96

09:49:38 PM  CPU    %usr   %nice    %sys %iowait    %irq   %soft  %steal  %guest  %gnice   %idle
09:49:39 PM  all    0.52    0.00    2.33    0.00    1.29   18.86    0.00    0.00    0.00   77.00
09:49:39 PM    0    0.00    0.00    0.00    0.00    3.00   23.00    0.00    0.00    0.00   74.00
09:49:39 PM    1    1.01    0.00    3.03    0.00    1.01   13.13    0.00    0.00    0.00   81.82
09:49:39 PM    2    1.09    0.00    3.26    0.00    1.09   25.00    0.00    0.00    0.00   69.57
09:49:39 PM    3    0.00    0.00    3.12    0.00    0.00   14.58    0.00    0.00    0.00   82.29

09:49:39 PM  CPU    %usr   %nice    %sys %iowait    %irq   %soft  %steal  %guest  %gnice   %idle
09:49:40 PM  all    0.52    0.00    3.09    0.00    1.29   18.30    0.00    0.00    0.00   76.80
09:49:40 PM    0    0.00    0.00    1.02    0.00    3.06   27.55    0.00    0.00    0.00   68.37
09:49:40 PM    1    0.00    0.00    3.12    0.00    0.00   12.50    0.00    0.00    0.00   84.38
09:49:40 PM    2    1.01    0.00    5.05    0.00    1.01   15.15    0.00    0.00    0.00   77.78
09:49:40 PM    3    1.05    0.00    3.16    0.00    1.05   17.89    0.00    0.00    0.00   76.84

09:49:40 PM  CPU    %usr   %nice    %sys %iowait    %irq   %soft  %steal  %guest  %gnice   %idle
09:49:41 PM  all    0.52    0.00    2.08    0.00    1.30   18.75    0.00    0.00    0.00   77.34
09:49:41 PM    0    0.00    0.00    0.00    0.00    3.03   23.23    0.00    0.00    0.00   73.74
09:49:41 PM    1    1.03    0.00    2.06    0.00    1.03   12.37    0.00    0.00    0.00   83.51
09:49:41 PM    2    1.02    0.00    3.06    0.00    0.00   13.27    0.00    0.00    0.00   82.65
09:49:41 PM    3    0.00    0.00    3.33    0.00    1.11   26.67    0.00    0.00    0.00   68.89

09:49:41 PM  CPU    %usr   %nice    %sys %iowait    %irq   %soft  %steal  %guest  %gnice   %idle
09:49:42 PM  all    1.02    0.00    2.56    0.00    1.79   18.67    0.00    0.00    0.00   75.96
09:49:42 PM    0    1.01    0.00    0.00    0.00    3.03   24.24    0.00    0.00    0.00   71.72
09:49:42 PM    1    1.02    0.00    2.04    0.00    1.02   13.27    0.00    0.00    0.00   82.65
09:49:42 PM    2    0.00    0.00    2.08    0.00    1.04   11.46    0.00    0.00    0.00   85.42
09:49:42 PM    3    2.04    0.00    6.12    0.00    2.04   25.51    0.00    0.00    0.00   64.29

09:49:42 PM  CPU    %usr   %nice    %sys %iowait    %irq   %soft  %steal  %guest  %gnice   %idle
09:49:43 PM  all    0.52    0.00    2.09    0.00    1.05   18.32    0.00    0.00    0.00   78.01
09:49:43 PM    0    0.00    0.00    0.00    0.00    3.03   23.23    0.00    0.00    0.00   73.74
09:49:43 PM    1    1.02    0.00    4.08    0.00    0.00   12.24    0.00    0.00    0.00   82.65
09:49:43 PM    2    1.04    0.00    2.08    0.00    0.00   11.46    0.00    0.00    0.00   85.42
09:49:43 PM    3    0.00    0.00    2.25    0.00    1.12   26.97    0.00    0.00    0.00   69.66

09:49:43 PM  CPU    %usr   %nice    %sys %iowait    %irq   %soft  %steal  %guest  %gnice   %idle
09:49:44 PM  all    0.51    0.00    3.08    0.00    1.54   18.51    0.00    0.00    0.00   76.35
09:49:44 PM    0    0.00    0.00    0.00    0.00    3.03   23.23    0.00    0.00    0.00   73.74
09:49:44 PM    1    0.00    0.00    5.00    0.00    1.00   10.00    0.00    0.00    0.00   84.00
09:49:44 PM    2    1.02    0.00    3.06    0.00    1.02   15.31    0.00    0.00    0.00   79.59
09:49:44 PM    3    1.09    0.00    4.35    0.00    1.09   26.09    0.00    0.00    0.00   67.39

09:49:44 PM  CPU    %usr   %nice    %sys %iowait    %irq   %soft  %steal  %guest  %gnice   %idle
09:49:45 PM  all    0.77    0.00    2.81    0.00    1.53   18.67    0.00    0.00    0.00   76.21
09:49:45 PM    0    0.00    0.00    0.00    0.00    3.03   23.23    0.00    0.00    0.00   73.74
09:49:45 PM    1    0.00    0.00    5.05    0.00    1.01   15.15    0.00    0.00    0.00   78.79
09:49:45 PM    2    0.00    0.00    2.08    0.00    1.04   12.50    0.00    0.00    0.00   84.38
09:49:45 PM    3    3.09    0.00    4.12    0.00    1.03   23.71    0.00    0.00    0.00   68.04

09:49:45 PM  CPU    %usr   %nice    %sys %iowait    %irq   %soft  %steal  %guest  %gnice   %idle
09:49:46 PM  all    0.51    0.00    3.34    0.00    1.54   18.25    0.00    0.00    0.00   76.35
09:49:46 PM    0    0.00    0.00    0.00    0.00    3.03   23.23    0.00    0.00    0.00   73.74
09:49:46 PM    1    1.02    0.00    8.16    0.00    1.02   22.45    0.00    0.00    0.00   67.35
09:49:46 PM    2    1.04    0.00    4.17    0.00    1.04   17.71    0.00    0.00    0.00   76.04
09:49:46 PM    3    0.00    0.00    1.04    0.00    1.04    9.38    0.00    0.00    0.00   88.54

09:49:46 PM  CPU    %usr   %nice    %sys %iowait    %irq   %soft  %steal  %guest  %gnice   %idle
09:49:47 PM  all    0.52    0.00    2.34    0.00    1.04   18.96    0.00    0.00    0.00   77.14
09:49:47 PM    0    0.00    0.00    0.00    0.00    3.00   23.00    0.00    0.00    0.00   74.00
09:49:47 PM    1    1.04    0.00    3.12    0.00    0.00   12.50    0.00    0.00    0.00   83.33
09:49:47 PM    2    1.09    0.00    3.26    0.00    1.09   27.17    0.00    0.00    0.00   67.39
09:49:47 PM    3    0.00    0.00    3.09    0.00    0.00   13.40    0.00    0.00    0.00   83.51

09:49:47 PM  CPU    %usr   %nice    %sys %iowait    %irq   %soft  %steal  %guest  %gnice   %idle
09:49:48 PM  all    0.26    0.00    2.59    0.00    1.30   18.65    0.00    0.00    0.00   77.20
09:49:48 PM    0    0.00    0.00    0.00    0.00    2.04   23.47    0.00    0.00    0.00   74.49
09:49:48 PM    1    0.00    0.00    4.26    0.00    1.06   23.40    0.00    0.00    0.00   71.28
09:49:48 PM    2    0.00    0.00    3.12    0.00    1.04   15.62    0.00    0.00    0.00   80.21
09:49:48 PM    3    1.02    0.00    3.06    0.00    1.02   12.24    0.00    0.00    0.00   82.65

09:49:48 PM  CPU    %usr   %nice    %sys %iowait    %irq   %soft  %steal  %guest  %gnice   %idle
09:49:49 PM  all    0.26    0.00    2.60    0.00    1.30   18.70    0.00    0.00    0.00   77.14
09:49:49 PM    0    0.00    0.00    0.00    0.00    3.06   24.49    0.00    0.00    0.00   72.45
09:49:49 PM    1    0.00    0.00    2.11    0.00    1.05   15.79    0.00    0.00    0.00   81.05
09:49:49 PM    2    0.00    0.00    3.23    0.00    0.00   17.20    0.00    0.00    0.00   79.57
09:49:49 PM    3    1.01    0.00    5.05    0.00    1.01   17.17    0.00    0.00    0.00   75.76

09:49:49 PM  CPU    %usr   %nice    %sys %iowait    %irq   %soft  %steal  %guest  %gnice   %idle
09:49:50 PM  all    0.52    0.00    2.58    0.00    1.55   18.35    0.00    0.00    0.00   77.00
09:49:50 PM    0    0.00    0.00    0.00    0.00    3.00   23.00    0.00    0.00    0.00   74.00
09:49:50 PM    1    0.00    0.00    2.08    0.00    1.04   12.50    0.00    0.00    0.00   84.38
09:49:50 PM    2    1.03    0.00    2.06    0.00    1.03   12.37    0.00    0.00    0.00   83.51
09:49:50 PM    3    1.06    0.00    6.38    0.00    1.06   25.53    0.00    0.00    0.00   65.96

09:49:50 PM  CPU    %usr   %nice    %sys %iowait    %irq   %soft  %steal  %guest  %gnice   %idle
09:49:51 PM  all    0.51    0.00    3.83    0.00    1.28   18.62    0.00    0.00    0.00   75.77
09:49:51 PM    0    0.00    0.00    0.00    0.00    3.03   23.23    0.00    0.00    0.00   73.74
09:49:51 PM    1    1.01    0.00    5.05    0.00    0.00   12.12    0.00    0.00    0.00   81.82
09:49:51 PM    2    0.00    0.00    5.00    0.00    1.00   13.00    0.00    0.00    0.00   81.00
09:49:51 PM    3    1.06    0.00    5.32    0.00    1.06   26.60    0.00    0.00    0.00   65.96

09:49:51 PM  CPU    %usr   %nice    %sys %iowait    %irq   %soft  %steal  %guest  %gnice   %idle
09:49:52 PM  all    0.77    0.00    4.08    0.00    1.28   18.11    0.00    0.00    0.00   75.77
09:49:52 PM    0    0.00    0.00    0.00    0.00    3.03   23.23    0.00    0.00    0.00   73.74
09:49:52 PM    1    1.02    0.00    4.08    0.00    1.02   14.29    0.00    0.00    0.00   79.59
09:49:52 PM    2    1.02    0.00    4.08    0.00    0.00   12.24    0.00    0.00    0.00   82.65
09:49:52 PM    3    1.03    0.00    8.25    0.00    1.03   22.68    0.00    0.00    0.00   67.01

09:49:52 PM  CPU    %usr   %nice    %sys %iowait    %irq   %soft  %steal  %guest  %gnice   %idle
09:49:53 PM  all    0.26    0.00    2.59    0.00    1.55   18.65    0.00    0.00    0.00   76.94
09:49:53 PM    0    0.00    0.00    0.00    0.00    3.06   22.45    0.00    0.00    0.00   74.49
09:49:53 PM    1    0.00    0.00    3.12    0.00    1.04   13.54    0.00    0.00    0.00   82.29
09:49:53 PM    2    0.00    0.00    5.32    0.00    1.06   25.53    0.00    0.00    0.00   68.09
09:49:53 PM    3    1.02    0.00    2.04    0.00    1.02   13.27    0.00    0.00    0.00   82.65

09:49:53 PM  CPU    %usr   %nice    %sys %iowait    %irq   %soft  %steal  %guest  %gnice   %idle
09:49:54 PM  all    0.26    0.00    2.86    0.00    1.04   18.44    0.00    0.00    0.00   77.40
09:49:54 PM    0    0.00    0.00    0.00    0.00    3.00   23.00    0.00    0.00    0.00   74.00
09:49:54 PM    1    0.00    0.00    2.11    0.00    0.00   12.63    0.00    0.00    0.00   85.26
09:49:54 PM    2    1.06    0.00    6.38    0.00    1.06   25.53    0.00    0.00    0.00   65.96
09:49:54 PM    3    0.00    0.00    3.12    0.00    0.00   12.50    0.00    0.00    0.00   84.38

09:49:54 PM  CPU    %usr   %nice    %sys %iowait    %irq   %soft  %steal  %guest  %gnice   %idle
09:49:55 PM  all    0.77    0.00    4.08    0.00    1.53   18.37    0.00    0.00    0.00   75.26
09:49:55 PM    0    0.00    0.00    0.00    0.00    3.03   23.23    0.00    0.00    0.00   73.74
09:49:55 PM    1    0.00    0.00    6.12    0.00    1.02   16.33    0.00    0.00    0.00   76.53
09:49:55 PM    2    2.06    0.00    6.19    0.00    1.03   20.62    0.00    0.00    0.00   70.10
09:49:55 PM    3    1.02    0.00    4.08    0.00    1.02   13.27    0.00    0.00    0.00   80.61

09:49:55 PM  CPU    %usr   %nice    %sys %iowait    %irq   %soft  %steal  %guest  %gnice   %idle
09:49:56 PM  all    0.52    0.00    2.58    0.00    1.55   18.86    0.00    0.00    0.00   76.49
09:49:56 PM    0    0.00    0.00    0.00    0.00    3.03   23.23    0.00    0.00    0.00   73.74
09:49:56 PM    1    1.04    0.00    3.12    0.00    1.04   18.75    0.00    0.00    0.00   76.04
09:49:56 PM    2    1.04    0.00    5.21    0.00    1.04   19.79    0.00    0.00    0.00   72.92
09:49:56 PM    3    0.00    0.00    2.08    0.00    1.04   13.54    0.00    0.00    0.00   83.33

09:49:56 PM  CPU    %usr   %nice    %sys %iowait    %irq   %soft  %steal  %guest  %gnice   %idle
09:49:57 PM  all    1.02    0.00    3.32    0.00    1.28   18.41    0.00    0.00    0.00   75.96
09:49:57 PM    0    0.00    0.00    0.00    0.00    3.03   23.23    0.00    0.00    0.00   73.74
09:49:57 PM    1    1.04    0.00    4.17    0.00    1.04   17.71    0.00    0.00    0.00   76.04
09:49:57 PM    2    2.00    0.00    7.00    0.00    1.00   20.00    0.00    0.00    0.00   70.00
09:49:57 PM    3    1.04    0.00    2.08    0.00    0.00   12.50    0.00    0.00    0.00   84.38

09:49:57 PM  CPU    %usr   %nice    %sys %iowait    %irq   %soft  %steal  %guest  %gnice   %idle
09:49:58 PM  all    0.51    0.00    3.08    0.00    1.29   18.51    0.00    0.00    0.00   76.61
09:49:58 PM    0    0.00    0.00    0.00    0.00    2.04   24.49    0.00    0.00    0.00   73.47
09:49:58 PM    1    1.01    0.00    4.04    0.00    0.00   13.13    0.00    0.00    0.00   81.82
09:49:58 PM    2    1.06    0.00    4.26    0.00    2.13   24.47    0.00    0.00    0.00   68.09
09:49:58 PM    3    0.00    0.00    4.08    0.00    1.02   12.24    0.00    0.00    0.00   82.65

09:49:58 PM  CPU    %usr   %nice    %sys %iowait    %irq   %soft  %steal  %guest  %gnice   %idle
09:49:59 PM  all    1.02    0.00    3.58    0.00    1.28   18.16    0.00    0.00    0.00   75.96
09:49:59 PM    0    0.00    0.00    2.02    0.00    3.03   24.24    0.00    0.00    0.00   70.71
09:49:59 PM    1    1.02    0.00    3.06    0.00    1.02   12.24    0.00    0.00    0.00   82.65
09:49:59 PM    2    1.01    0.00    5.05    0.00    0.00   12.12    0.00    0.00    0.00   81.82
09:49:59 PM    3    2.11    0.00    4.21    0.00    1.05   24.21    0.00    0.00    0.00   68.42

09:49:59 PM  CPU    %usr   %nice    %sys %iowait    %irq   %soft  %steal  %guest  %gnice   %idle
09:50:00 PM  all    0.77    0.00    3.59    0.00    1.54   18.21    0.00    0.00    0.00   75.90
09:50:00 PM    0    0.00    0.00    0.00    0.00    3.03   23.23    0.00    0.00    0.00   73.74
09:50:00 PM    1    1.02    0.00    4.08    0.00    1.02   12.24    0.00    0.00    0.00   81.63
09:50:00 PM    2    1.02    0.00    3.06    0.00    1.02   12.24    0.00    0.00    0.00   82.65
09:50:00 PM    3    1.05    0.00    7.37    0.00    1.05   25.26    0.00    0.00    0.00   65.26

09:50:00 PM  CPU    %usr   %nice    %sys %iowait    %irq   %soft  %steal  %guest  %gnice   %idle
09:50:01 PM  all    0.77    0.00    3.08    0.00    1.29   18.77    0.00    0.00    0.00   76.09
09:50:01 PM    0    0.00    0.00    0.00    0.00    3.03   23.23    0.00    0.00    0.00   73.74
09:50:01 PM    1    1.02    0.00    3.06    0.00    0.00   13.27    0.00    0.00    0.00   82.65
09:50:01 PM    2    1.02    0.00    3.06    0.00    1.02   12.24    0.00    0.00    0.00   82.65
09:50:01 PM    3    1.06    0.00    6.38    0.00    1.06   26.60    0.00    0.00    0.00   64.89

09:50:01 PM  CPU    %usr   %nice    %sys %iowait    %irq   %soft  %steal  %guest  %gnice   %idle
09:50:02 PM  all    0.26    0.00    3.08    0.00    1.54   18.51    0.00    0.00    0.00   76.61
09:50:02 PM    0    0.00    0.00    0.00    0.00    3.00   23.00    0.00    0.00    0.00   74.00
09:50:02 PM    1    0.00    0.00    4.08    0.00    1.02   12.24    0.00    0.00    0.00   82.65
09:50:02 PM    2    0.00    0.00    4.17    0.00    0.00   14.58    0.00    0.00    0.00   81.25
09:50:02 PM    3    1.05    0.00    4.21    0.00    2.11   24.21    0.00    0.00    0.00   68.42

09:50:02 PM  CPU    %usr   %nice    %sys %iowait    %irq   %soft  %steal  %guest  %gnice   %idle
09:50:03 PM  all    0.52    0.00    3.09    0.00    1.29   18.56    0.00    0.00    0.00   76.55
09:50:03 PM    0    0.00    0.00    0.00    0.00    3.06   24.49    0.00    0.00    0.00   72.45
09:50:03 PM    1    0.00    0.00    4.04    0.00    1.01   13.13    0.00    0.00    0.00   81.82
09:50:03 PM    2    1.04    0.00    4.17    0.00    1.04   18.75    0.00    0.00    0.00   75.00
09:50:03 PM    3    1.05    0.00    4.21    0.00    0.00   17.89    0.00    0.00    0.00   76.84

09:50:03 PM  CPU    %usr   %nice    %sys %iowait    %irq   %soft  %steal  %guest  %gnice   %idle
09:50:04 PM  all    0.52    0.00    2.32    0.26    1.55   18.81    0.00    0.00    0.00   76.55
09:50:04 PM    0    0.00    0.00    0.00    0.00    3.03   25.25    0.00    0.00    0.00   71.72
09:50:04 PM    1    1.06    0.00    4.26    0.00    1.06   22.34    0.00    0.00    0.00   71.28
09:50:04 PM    2    0.00    0.00    3.09    0.00    1.03   14.43    0.00    0.00    0.00   81.44
09:50:04 PM    3    1.02    0.00    2.04    1.02    1.02   13.27    0.00    0.00    0.00   81.63

09:50:04 PM  CPU    %usr   %nice    %sys %iowait    %irq   %soft  %steal  %guest  %gnice   %idle
09:50:05 PM  all    1.02    0.00    3.58    0.00    1.53   18.16    0.00    0.00    0.00   75.70
09:50:05 PM    0    0.00    0.00    1.00    0.00    3.00   23.00    0.00    0.00    0.00   73.00
09:50:05 PM    1    1.04    0.00    7.29    0.00    1.04   23.96    0.00    0.00    0.00   66.67
09:50:05 PM    2    2.02    0.00    4.04    0.00    1.01   13.13    0.00    0.00    0.00   79.80
09:50:05 PM    3    1.04    0.00    2.08    0.00    1.04   12.50    0.00    0.00    0.00   83.33

09:50:05 PM  CPU    %usr   %nice    %sys %iowait    %irq   %soft  %steal  %guest  %gnice   %idle
09:50:06 PM  all    0.78    0.00    2.59    0.00    1.04   18.39    0.00    0.00    0.00   77.20
09:50:06 PM    0    0.00    0.00    2.06    0.00    3.09   30.93    0.00    0.00    0.00   63.92
09:50:06 PM    1    1.05    0.00    2.11    0.00    1.05   17.89    0.00    0.00    0.00   77.89
09:50:06 PM    2    2.04    0.00    3.06    0.00    0.00   12.24    0.00    0.00    0.00   82.65
09:50:06 PM    3    0.00    0.00    3.12    0.00    0.00   12.50    0.00    0.00    0.00   84.38

09:50:06 PM  CPU    %usr   %nice    %sys %iowait    %irq   %soft  %steal  %guest  %gnice   %idle
09:50:07 PM  all    0.00    0.00    2.84    0.00    1.55   18.81    0.00    0.00    0.00   76.80
09:50:07 PM    0    0.00    0.00    0.00    0.00    3.00   23.00    0.00    0.00    0.00   74.00
09:50:07 PM    1    0.00    0.00    5.38    0.00    1.08   26.88    0.00    0.00    0.00   66.67
09:50:07 PM    2    0.00    0.00    3.09    0.00    1.03   12.37    0.00    0.00    0.00   83.51
09:50:07 PM    3    0.00    0.00    3.06    0.00    1.02   13.27    0.00    0.00    0.00   82.65

09:50:07 PM  CPU    %usr   %nice    %sys %iowait    %irq   %soft  %steal  %guest  %gnice   %idle
09:50:08 PM  all    0.78    0.00    2.85    0.00    1.30   18.65    0.00    0.00    0.00   76.42
09:50:08 PM    0    1.00    0.00    0.00    0.00    3.00   23.00    0.00    0.00    0.00   73.00
09:50:08 PM    1    1.08    0.00    6.45    0.00    1.08   25.81    0.00    0.00    0.00   65.59
09:50:08 PM    2    0.00    0.00    2.11    0.00    0.00   13.68    0.00    0.00    0.00   84.21
09:50:08 PM    3    1.02    0.00    3.06    0.00    1.02   12.24    0.00    0.00    0.00   82.65

09:50:08 PM  CPU    %usr   %nice    %sys %iowait    %irq   %soft  %steal  %guest  %gnice   %idle
09:50:09 PM  all    0.00    0.00    3.10    0.00    1.29   18.60    0.00    0.00    0.00   77.00
09:50:09 PM    0    0.00    0.00    0.00    0.00    3.03   24.24    0.00    0.00    0.00   72.73
09:50:09 PM    1    0.00    0.00    6.32    0.00    1.05   25.26    0.00    0.00    0.00   67.37
09:50:09 PM    2    0.00    0.00    4.08    0.00    1.02   12.24    0.00    0.00    0.00   82.65
09:50:09 PM    3    0.00    0.00    2.11    0.00    0.00   12.63    0.00    0.00    0.00   85.26

09:50:09 PM  CPU    %usr   %nice    %sys %iowait    %irq   %soft  %steal  %guest  %gnice   %idle
09:50:10 PM  all    0.78    0.00    2.84    0.00    1.29   18.35    0.00    0.00    0.00   76.74
09:50:10 PM    0    0.00    0.00    1.02    0.00    2.04   23.47    0.00    0.00    0.00   73.47
09:50:10 PM    1    1.03    0.00    3.09    0.00    1.03   12.37    0.00    0.00    0.00   82.47
09:50:10 PM    2    2.11    0.00    5.26    0.00    1.05   24.21    0.00    0.00    0.00   67.37
09:50:10 PM    3    0.00    0.00    2.06    0.00    1.03   13.40    0.00    0.00    0.00   83.51

09:50:10 PM  CPU    %usr   %nice    %sys %iowait    %irq   %soft  %steal  %guest  %gnice   %idle
09:50:11 PM  all    1.27    0.00    3.56    0.00    1.27   18.32    0.00    0.00    0.00   75.57
09:50:11 PM    0    0.00    0.00    0.00    0.00    3.03   23.23    0.00    0.00    0.00   73.74
09:50:11 PM    1    1.98    0.00    4.95    0.00    0.99   14.85    0.00    0.00    0.00   77.23
09:50:11 PM    2    2.11    0.00    5.26    0.00    1.05   23.16    0.00    0.00    0.00   68.42
09:50:11 PM    3    1.02    0.00    4.08    0.00    0.00   12.24    0.00    0.00    0.00   82.65

09:50:11 PM  CPU    %usr   %nice    %sys %iowait    %irq   %soft  %steal  %guest  %gnice   %idle
09:50:12 PM  all    0.52    0.00    2.58    0.00    1.55   18.60    0.00    0.00    0.00   76.74
09:50:12 PM    0    0.00    0.00    0.00    0.00    3.03   23.23    0.00    0.00    0.00   73.74
09:50:12 PM    1    0.00    0.00    2.11    0.00    0.00   12.63    0.00    0.00    0.00   85.26
09:50:12 PM    2    2.08    0.00    5.21    0.00    2.08   26.04    0.00    0.00    0.00   64.58
09:50:12 PM    3    0.00    0.00    3.09    0.00    1.03   12.37    0.00    0.00    0.00   83.51

09:50:12 PM  CPU    %usr   %nice    %sys %iowait    %irq   %soft  %steal  %guest  %gnice   %idle
09:50:13 PM  all    0.00    0.00    3.09    0.00    1.55   18.56    0.00    0.00    0.00   76.80
09:50:13 PM    0    0.00    0.00    1.00    0.00    3.00   23.00    0.00    0.00    0.00   73.00
09:50:13 PM    1    0.00    0.00    5.05    0.00    1.01   12.12    0.00    0.00    0.00   81.82
09:50:13 PM    2    0.00    0.00    4.35    0.00    1.09   26.09    0.00    0.00    0.00   68.48
09:50:13 PM    3    0.00    0.00    2.06    0.00    1.03   13.40    0.00    0.00    0.00   83.51

09:50:13 PM  CPU    %usr   %nice    %sys %iowait    %irq   %soft  %steal  %guest  %gnice   %idle
09:50:14 PM  all    1.03    0.00    3.35    0.00    1.03   18.56    0.00    0.00    0.00   76.03
09:50:14 PM    0    0.99    0.00    0.99    0.00    2.97   22.77    0.00    0.00    0.00   72.28
09:50:14 PM    1    1.03    0.00    4.12    0.00    0.00   13.40    0.00    0.00    0.00   81.44
09:50:14 PM    2    1.03    0.00    5.15    0.00    0.00   16.49    0.00    0.00    0.00   77.32
09:50:14 PM    3    1.08    0.00    3.23    0.00    1.08   21.51    0.00    0.00    0.00   73.12

09:50:14 PM  CPU    %usr   %nice    %sys %iowait    %irq   %soft  %steal  %guest  %gnice   %idle
09:50:15 PM  all    0.51    0.00    3.32    0.00    1.53   18.62    0.00    0.00    0.00   76.02
09:50:15 PM    0    0.00    0.00    1.00    0.00    3.00   23.00    0.00    0.00    0.00   73.00
09:50:15 PM    1    1.01    0.00    4.04    0.00    1.01   13.13    0.00    0.00    0.00   80.81
09:50:15 PM    2    0.00    0.00    6.25    0.00    2.08   25.00    0.00    0.00    0.00   66.67
09:50:15 PM    3    1.03    0.00    2.06    0.00    0.00   13.40    0.00    0.00    0.00   83.51

09:50:15 PM  CPU    %usr   %nice    %sys %iowait    %irq   %soft  %steal  %guest  %gnice   %idle
09:50:16 PM  all    0.76    0.00    3.56    0.00    1.53   18.32    0.00    0.00    0.00   75.83
09:50:16 PM    0    0.00    0.00    0.00    0.00    3.00   23.00    0.00    0.00    0.00   74.00
09:50:16 PM    1    1.00    0.00    4.00    0.00    1.00   13.00    0.00    0.00    0.00   81.00
09:50:16 PM    2    1.06    0.00    6.38    0.00    1.06   25.53    0.00    0.00    0.00   65.96
09:50:16 PM    3    1.01    0.00    4.04    0.00    1.01   12.12    0.00    0.00    0.00   81.82

09:50:16 PM  CPU    %usr   %nice    %sys %iowait    %irq   %soft  %steal  %guest  %gnice   %idle
09:50:17 PM  all    0.51    0.00    3.59    0.00    1.54   18.21    0.00    0.00    0.00   76.15
09:50:17 PM    0    0.00    0.00    0.00    0.00    3.03   23.23    0.00    0.00    0.00   73.74
09:50:17 PM    1    1.02    0.00    4.08    0.00    1.02   13.27    0.00    0.00    0.00   80.61
09:50:17 PM    2    1.05    0.00    5.26    0.00    1.05   21.05    0.00    0.00    0.00   71.58
09:50:17 PM    3    0.00    0.00    5.10    0.00    1.02   15.31    0.00    0.00    0.00   78.57

09:50:17 PM  CPU    %usr   %nice    %sys %iowait    %irq   %soft  %steal  %guest  %gnice   %idle
09:50:18 PM  all    1.04    0.00    2.08    0.00    1.30   18.44    0.00    0.00    0.00   77.14
09:50:18 PM    0    0.00    0.00    0.00    0.00    3.06   22.45    0.00    0.00    0.00   74.49
09:50:18 PM    1    1.05    0.00    3.16    0.00    0.00   16.84    0.00    0.00    0.00   78.95
09:50:18 PM    2    1.04    0.00    1.04    0.00    1.04   13.54    0.00    0.00    0.00   83.33
09:50:18 PM    3    2.08    0.00    4.17    0.00    1.04   20.83    0.00    0.00    0.00   71.88

09:50:18 PM  CPU    %usr   %nice    %sys %iowait    %irq   %soft  %steal  %guest  %gnice   %idle
09:50:19 PM  all    0.00    0.00    2.60    0.00    1.30   18.70    0.00    0.00    0.00   77.40
09:50:19 PM    0    0.00    0.00    0.00    0.00    3.03   23.23    0.00    0.00    0.00   73.74
09:50:19 PM    1    0.00    0.00    0.00    0.00    1.03   10.31    0.00    0.00    0.00   88.66
09:50:19 PM    2    0.00    0.00    5.10    0.00    0.00   12.24    0.00    0.00    0.00   82.65
09:50:19 PM    3    0.00    0.00    5.49    0.00    1.10   29.67    0.00    0.00    0.00   63.74

09:50:19 PM  CPU    %usr   %nice    %sys %iowait    %irq   %soft  %steal  %guest  %gnice   %idle
09:50:20 PM  all    1.02    0.00    3.06    0.00    1.28   18.37    0.00    0.00    0.00   76.28
09:50:20 PM    0    0.00    0.00    0.00    0.00    2.04   24.49    0.00    0.00    0.00   73.47
09:50:20 PM    1    2.00    0.00    6.00    0.00    1.00   16.00    0.00    0.00    0.00   75.00
09:50:20 PM    2    1.01    0.00    3.03    0.00    1.01   13.13    0.00    0.00    0.00   81.82
09:50:20 PM    3    1.05    0.00    3.16    0.00    1.05   20.00    0.00    0.00    0.00   74.74

09:50:20 PM  CPU    %usr   %nice    %sys %iowait    %irq   %soft  %steal  %guest  %gnice   %idle
09:50:21 PM  all    0.78    0.00    3.36    0.00    1.03   18.35    0.00    0.00    0.00   76.49
09:50:21 PM    0    0.00    0.00    1.00    0.00    3.00   23.00    0.00    0.00    0.00   73.00
09:50:21 PM    1    1.04    0.00    3.12    0.00    0.00   12.50    0.00    0.00    0.00   83.33
09:50:21 PM    2    1.06    0.00    6.38    0.00    1.06   25.53    0.00    0.00    0.00   65.96
09:50:21 PM    3    1.03    0.00    3.09    0.00    0.00   12.37    0.00    0.00    0.00   83.51

09:50:21 PM  CPU    %usr   %nice    %sys %iowait    %irq   %soft  %steal  %guest  %gnice   %idle
09:50:22 PM  all    0.77    0.00    2.82    0.00    1.54   18.72    0.00    0.00    0.00   76.15
09:50:22 PM    0    0.00    0.00    0.00    0.00    3.03   23.23    0.00    0.00    0.00   73.74
09:50:22 PM    1    2.08    0.00    3.12    0.00    1.04   19.79    0.00    0.00    0.00   73.96
09:50:22 PM    2    0.00    0.00    5.00    0.00    1.00   13.00    0.00    0.00    0.00   81.00
09:50:22 PM    3    1.05    0.00    3.16    0.00    1.05   18.95    0.00    0.00    0.00   75.79

09:50:22 PM  CPU    %usr   %nice    %sys %iowait    %irq   %soft  %steal  %guest  %gnice   %idle
09:50:23 PM  all    1.02    0.00    3.56    0.00    1.27   18.58    0.00    0.00    0.00   75.57
09:50:23 PM    0    0.00    0.00    0.00    0.00    3.03   23.23    0.00    0.00    0.00   73.74
09:50:23 PM    1    0.00    0.00    7.37    0.00    1.05   26.32    0.00    0.00    0.00   65.26
09:50:23 PM    2    2.04    0.00    3.06    0.00    0.00   12.24    0.00    0.00    0.00   82.65
09:50:23 PM    3    1.98    0.00    3.96    0.00    0.99   12.87    0.00    0.00    0.00   80.20

09:50:23 PM  CPU    %usr   %nice    %sys %iowait    %irq   %soft  %steal  %guest  %gnice   %idle
09:50:24 PM  all    0.77    0.00    2.82    0.00    1.79   18.21    0.00    0.00    0.00   76.41
09:50:24 PM    0    1.01    0.00    1.01    0.00    3.03   26.26    0.00    0.00    0.00   68.69
09:50:24 PM    1    2.08    0.00    6.25    0.00    2.08   25.00    0.00    0.00    0.00   64.58
09:50:24 PM    2    0.00    0.00    2.04    0.00    1.02   10.20    0.00    0.00    0.00   86.73
09:50:24 PM    3    0.00    0.00    2.06    0.00    1.03   11.34    0.00    0.00    0.00   85.57

09:50:24 PM  CPU    %usr   %nice    %sys %iowait    %irq   %soft  %steal  %guest  %gnice   %idle
09:50:25 PM  all    0.77    0.00    4.37    0.00    1.03   18.25    0.00    0.00    0.00   75.58
09:50:25 PM    0    0.00    0.00    2.00    0.00    3.00   26.00    0.00    0.00    0.00   69.00
09:50:25 PM    1    1.04    0.00    4.17    0.00    0.00   15.62    0.00    0.00    0.00   79.17
09:50:25 PM    2    1.00    0.00    6.00    0.00    0.00    9.00    0.00    0.00    0.00   84.00
09:50:25 PM    3    1.08    0.00    5.38    0.00    1.08   22.58    0.00    0.00    0.00   69.89

09:50:25 PM  CPU    %usr   %nice    %sys %iowait    %irq   %soft  %steal  %guest  %gnice   %idle
09:50:26 PM  all    0.52    0.00    2.33    0.00    1.55   18.60    0.00    0.00    0.00   77.00
09:50:26 PM    0    0.00    0.00    0.00    0.00    3.03   23.23    0.00    0.00    0.00   73.74
09:50:26 PM    1    0.00    0.00    2.08    0.00    1.04   12.50    0.00    0.00    0.00   84.38
09:50:26 PM    2    0.00    0.00    2.08    0.00    1.04   12.50    0.00    0.00    0.00   84.38
09:50:26 PM    3    2.08    0.00    5.21    0.00    1.04   26.04    0.00    0.00    0.00   65.62

09:50:26 PM  CPU    %usr   %nice    %sys %iowait    %irq   %soft  %steal  %guest  %gnice   %idle
09:50:27 PM  all    0.51    0.00    3.08    0.00    1.54   18.72    0.00    0.00    0.00   76.15
09:50:27 PM    0    0.00    0.00    0.00    0.00    3.03   23.23    0.00    0.00    0.00   73.74
09:50:27 PM    1    0.00    0.00    5.26    0.00    1.05   24.21    0.00    0.00    0.00   69.47
09:50:27 PM    2    2.00    0.00    3.00    0.00    1.00   13.00    0.00    0.00    0.00   81.00
09:50:27 PM    3    0.00    0.00    4.17    0.00    1.04   14.58    0.00    0.00    0.00   80.21

09:50:27 PM  CPU    %usr   %nice    %sys %iowait    %irq   %soft  %steal  %guest  %gnice   %idle
09:50:28 PM  all    0.77    0.00    3.34    0.00    1.29   18.51    0.00    0.00    0.00   76.09
09:50:28 PM    0    1.00    0.00    1.00    0.00    3.00   26.00    0.00    0.00    0.00   69.00
09:50:28 PM    1    1.02    0.00    4.08    0.00    1.02   14.29    0.00    0.00    0.00   79.59
09:50:28 PM    2    0.00    0.00    4.12    0.00    0.00   11.34    0.00    0.00    0.00   84.54
09:50:28 PM    3    1.06    0.00    4.26    0.00    1.06   22.34    0.00    0.00    0.00   71.28

09:50:28 PM  CPU    %usr   %nice    %sys %iowait    %irq   %soft  %steal  %guest  %gnice   %idle
09:50:29 PM  all    1.03    0.00    2.58    0.00    1.29   18.09    0.00    0.00    0.00   77.00
09:50:29 PM    0    0.00    0.00    0.00    0.00    3.09   24.74    0.00    0.00    0.00   72.16
09:50:29 PM    1    2.08    0.00    5.21    0.00    1.04   21.88    0.00    0.00    0.00   69.79
09:50:29 PM    2    1.03    0.00    2.06    0.00    1.03   12.37    0.00    0.00    0.00   83.51
09:50:29 PM    3    1.03    0.00    3.09    0.00    0.00   13.40    0.00    0.00    0.00   82.47

09:50:29 PM  CPU    %usr   %nice    %sys %iowait    %irq   %soft  %steal  %guest  %gnice   %idle
09:50:30 PM  all    0.51    0.00    3.82    0.00    1.53   18.58    0.00    0.00    0.00   75.57
09:50:30 PM    0    0.00    0.00    0.00    0.00    3.03   23.23    0.00    0.00    0.00   73.74
09:50:30 PM    1    1.02    0.00    5.10    0.00    1.02   17.35    0.00    0.00    0.00   75.51
09:50:30 PM    2    1.04    0.00    6.25    0.00    1.04   23.96    0.00    0.00    0.00   67.71
09:50:30 PM    3    0.00    0.00    4.00    0.00    1.00   10.00    0.00    0.00    0.00   85.00

Average:     CPU    %usr   %nice    %sys %iowait    %irq   %soft  %steal  %guest  %gnice   %idle
Average:     all    0.62    0.00    3.01    0.01    1.37   18.42    0.00    0.00    0.00   76.57
Average:       0    0.10    0.00    0.25    0.00    2.93   23.67    0.00    0.00    0.00   73.05
Average:       1    0.74    0.00    3.95    0.00    0.77   15.50    0.00    0.00    0.00   79.03
Average:       2    0.84    0.00    3.95    0.00    0.83   16.17    0.00    0.00    0.00   78.21
Average:       3    0.82    0.00    3.95    0.03    0.90   18.24    0.00    0.00    0.00   76.05
