Linux 6.12.87 (pi5-2) 	06/20/2026 	_aarch64_	(4 CPU)

02:07:47 AM  CPU    %usr   %nice    %sys %iowait    %irq   %soft  %steal  %guest  %gnice   %idle
02:07:48 AM  all    0.00    0.00    0.00    0.00    0.75   28.68    0.00    0.00    0.00   70.57
02:07:48 AM    0    0.00    0.00    0.00    0.00    2.00   46.00    0.00    0.00    0.00   52.00
02:07:48 AM    1    0.00    0.00    0.00    0.00    0.99   68.32    0.00    0.00    0.00   30.69
02:07:48 AM    2    0.00    0.00    0.00    0.00    0.00    0.00    0.00    0.00    0.00  100.00
02:07:48 AM    3    0.00    0.00    0.00    0.00    0.00    0.00    0.00    0.00    0.00  100.00

02:07:48 AM  CPU    %usr   %nice    %sys %iowait    %irq   %soft  %steal  %guest  %gnice   %idle
02:07:49 AM  all    0.00    0.00    0.00    0.00    0.25   28.57    0.00    0.00    0.00   71.18
02:07:49 AM    0    0.00    0.00    0.00    0.00    1.01   45.45    0.00    0.00    0.00   53.54
02:07:49 AM    1    0.00    0.00    0.00    0.00    0.00   69.00    0.00    0.00    0.00   31.00
02:07:49 AM    2    0.00    0.00    0.00    0.00    0.00    0.00    0.00    0.00    0.00  100.00
02:07:49 AM    3    0.00    0.00    0.00    0.00    0.00    0.00    0.00    0.00    0.00  100.00

02:07:49 AM  CPU    %usr   %nice    %sys %iowait    %irq   %soft  %steal  %guest  %gnice   %idle
02:07:50 AM  all    0.00    0.00    0.00    0.00    0.75   28.25    0.00    0.00    0.00   71.00
02:07:50 AM    0    0.00    0.00    0.00    0.00    1.98   45.54    0.00    0.00    0.00   52.48
02:07:50 AM    1    0.00    0.00    0.00    0.00    1.01   67.68    0.00    0.00    0.00   31.31
02:07:50 AM    2    0.00    0.00    0.00    0.00    0.00    0.00    0.00    0.00    0.00  100.00
02:07:50 AM    3    0.00    0.00    0.00    0.00    0.00    0.00    0.00    0.00    0.00  100.00

02:07:50 AM  CPU    %usr   %nice    %sys %iowait    %irq   %soft  %steal  %guest  %gnice   %idle
02:07:51 AM  all    0.00    0.00    0.00    0.00    0.25   27.14    0.00    0.00    0.00   72.61
02:07:51 AM    0    0.00    0.00    0.00    0.00    1.02   64.29    0.00    0.00    0.00   34.69
02:07:51 AM    1    0.00    0.00    0.00    0.00    0.00   45.00    0.00    0.00    0.00   55.00
02:07:51 AM    2    0.00    0.00    0.00    0.00    0.00    0.00    0.00    0.00    0.00  100.00
02:07:51 AM    3    0.00    0.00    0.00    0.00    0.00    0.00    0.00    0.00    0.00  100.00

02:07:51 AM  CPU    %usr   %nice    %sys %iowait    %irq   %soft  %steal  %guest  %gnice   %idle
02:07:52 AM  all    0.00    0.00    0.00    0.00    0.25   24.06    0.00    0.00    0.00   75.69
02:07:52 AM    0    0.00    0.00    0.00    0.00    1.01   96.97    0.00    0.00    0.00    2.02
02:07:52 AM    1    0.00    0.00    0.00    0.00    0.00    0.00    0.00    0.00    0.00  100.00
02:07:52 AM    2    0.00    0.00    0.00    0.00    0.00    0.00    0.00    0.00    0.00  100.00
02:07:52 AM    3    0.00    0.00    0.00    0.00    0.00    0.00    0.00    0.00    0.00  100.00

02:07:52 AM  CPU    %usr   %nice    %sys %iowait    %irq   %soft  %steal  %guest  %gnice   %idle
02:07:53 AM  all    0.00    0.00    0.00    0.00    0.50   23.87    0.00    0.00    0.00   75.63
02:07:53 AM    0    0.00    0.00    0.00    0.00    2.04   96.94    0.00    0.00    0.00    1.02
02:07:53 AM    1    0.00    0.00    0.00    0.00    0.00    0.00    0.00    0.00    0.00  100.00
02:07:53 AM    2    0.00    0.00    0.00    0.00    0.00    0.00    0.00    0.00    0.00  100.00
02:07:53 AM    3    0.00    0.00    0.00    0.00    0.00    0.00    0.00    0.00    0.00  100.00

02:07:53 AM  CPU    %usr   %nice    %sys %iowait    %irq   %soft  %steal  %guest  %gnice   %idle
02:07:54 AM  all    0.00    0.00    0.00    0.00    0.25   24.06    0.00    0.00    0.00   75.69
02:07:54 AM    0    0.00    0.00    0.00    0.00    1.01   96.97    0.00    0.00    0.00    2.02
02:07:54 AM    1    0.00    0.00    0.00    0.00    0.00    0.00    0.00    0.00    0.00  100.00
02:07:54 AM    2    0.00    0.00    0.00    0.00    0.00    0.00    0.00    0.00    0.00  100.00
02:07:54 AM    3    0.00    0.00    0.00    0.00    0.00    0.00    0.00    0.00    0.00  100.00

02:07:54 AM  CPU    %usr   %nice    %sys %iowait    %irq   %soft  %steal  %guest  %gnice   %idle
02:07:55 AM  all    0.00    0.00    0.00    0.00    0.50   24.25    0.00    0.00    0.00   75.25
02:07:55 AM    0    0.00    0.00    0.00    0.00    1.98   96.04    0.00    0.00    0.00    1.98
02:07:55 AM    1    0.00    0.00    0.00    0.00    0.00    0.00    0.00    0.00    0.00  100.00
02:07:55 AM    2    0.00    0.00    0.00    0.00    0.00    0.00    0.00    0.00    0.00  100.00
02:07:55 AM    3    0.00    0.00    0.00    0.00    0.00    0.00    0.00    0.00    0.00  100.00

02:07:55 AM  CPU    %usr   %nice    %sys %iowait    %irq   %soft  %steal  %guest  %gnice   %idle
02:07:56 AM  all    0.00    0.00    0.00    0.00    0.75   25.88    0.00    0.00    0.00   73.37
02:07:56 AM    0    0.00    0.00    0.00    0.00    2.02   73.74    0.00    0.00    0.00   24.24
02:07:56 AM    1    0.00    0.00    0.00    0.00    1.01   30.30    0.00    0.00    0.00   68.69
02:07:56 AM    2    0.00    0.00    0.00    0.00    0.00    0.00    0.00    0.00    0.00  100.00
02:07:56 AM    3    0.00    0.00    0.00    0.00    0.00    0.00    0.00    0.00    0.00  100.00

02:07:56 AM  CPU    %usr   %nice    %sys %iowait    %irq   %soft  %steal  %guest  %gnice   %idle
02:07:57 AM  all    0.00    0.00    0.00    0.00    0.50   26.32    0.00    0.00    0.00   73.18
02:07:57 AM    0    0.00    0.00    0.00    0.00    1.01   72.73    0.00    0.00    0.00   26.26
02:07:57 AM    1    0.00    0.00    0.00    0.00    1.00   33.00    0.00    0.00    0.00   66.00
02:07:57 AM    2    0.00    0.00    0.00    0.00    0.00    0.00    0.00    0.00    0.00  100.00
02:07:57 AM    3    0.00    0.00    0.00    0.00    0.00    0.00    0.00    0.00    0.00  100.00

02:07:57 AM  CPU    %usr   %nice    %sys %iowait    %irq   %soft  %steal  %guest  %gnice   %idle
02:07:58 AM  all    0.00    0.00    0.00    0.00    0.75   26.18    0.00    0.00    0.00   73.07
02:07:58 AM    0    0.00    0.00    0.00    0.00    1.98   72.28    0.00    0.00    0.00   25.74
02:07:58 AM    1    0.00    0.00    0.00    0.00    1.00   32.00    0.00    0.00    0.00   67.00
02:07:58 AM    2    0.00    0.00    0.00    0.00    0.00    0.00    0.00    0.00    0.00  100.00
02:07:58 AM    3    0.00    0.00    0.00    0.00    0.00    0.00    0.00    0.00    0.00  100.00

02:07:58 AM  CPU    %usr   %nice    %sys %iowait    %irq   %soft  %steal  %guest  %gnice   %idle
02:07:59 AM  all    0.25    0.00    0.50    0.00    0.50   26.07    0.00    0.00    0.00   72.68
02:07:59 AM    0    0.00    0.00    1.01    0.00    1.01   72.73    0.00    0.00    0.00   25.25
02:07:59 AM    1    0.00    0.00    0.00    0.00    1.01   32.32    0.00    0.00    0.00   66.67
02:07:59 AM    2    1.00    0.00    0.00    0.00    0.00    0.00    0.00    0.00    0.00   99.00
02:07:59 AM    3    0.00    0.00    0.99    0.00    0.00    0.00    0.00    0.00    0.00   99.01

02:07:59 AM  CPU    %usr   %nice    %sys %iowait    %irq   %soft  %steal  %guest  %gnice   %idle
02:08:00 AM  all    0.00    0.00    0.00    0.00    1.00   31.83    0.00    0.00    0.00   67.17
02:08:00 AM    0    0.00    0.00    0.00    0.00    2.02   62.63    0.00    0.00    0.00   35.35
02:08:00 AM    1    0.00    0.00    0.00    0.00    1.00   40.00    0.00    0.00    0.00   59.00
02:08:00 AM    2    0.00    0.00    0.00    0.00    0.00    0.00    0.00    0.00    0.00  100.00
02:08:00 AM    3    0.00    0.00    0.00    0.00    1.00   25.00    0.00    0.00    0.00   74.00

02:08:00 AM  CPU    %usr   %nice    %sys %iowait    %irq   %soft  %steal  %guest  %gnice   %idle
02:08:01 AM  all    0.00    0.00    0.00    0.00    0.76   39.80    0.00    0.00    0.00   59.45
02:08:01 AM    0    0.00    0.00    0.00    0.00    1.01   58.59    0.00    0.00    0.00   40.40
02:08:01 AM    1    0.00    0.00    0.00    0.00    1.01   50.51    0.00    0.00    0.00   48.48
02:08:01 AM    2    0.00    0.00    0.00    0.00    0.00    0.00    0.00    0.00    0.00  100.00
02:08:01 AM    3    0.00    0.00    0.00    0.00    1.01   50.51    0.00    0.00    0.00   48.48

02:08:01 AM  CPU    %usr   %nice    %sys %iowait    %irq   %soft  %steal  %guest  %gnice   %idle
02:08:02 AM  all    0.25    0.00    0.25    0.00    1.00   38.60    0.00    0.00    0.00   59.90
02:08:02 AM    0    0.00    0.00    0.00    0.00    2.00   57.00    0.00    0.00    0.00   41.00
02:08:02 AM    1    0.00    0.00    1.00    0.00    1.00   48.00    0.00    0.00    0.00   50.00
02:08:02 AM    2    1.01    0.00    0.00    0.00    0.00    0.00    0.00    0.00    0.00   98.99
02:08:02 AM    3    0.00    0.00    0.00    0.00    1.00   49.00    0.00    0.00    0.00   50.00

02:08:02 AM  CPU    %usr   %nice    %sys %iowait    %irq   %soft  %steal  %guest  %gnice   %idle
02:08:03 AM  all    0.00    0.00    0.00    0.25    1.00   39.25    0.00    0.00    0.00   59.50
02:08:03 AM    0    0.00    0.00    0.00    0.00    2.00   58.00    0.00    0.00    0.00   40.00
02:08:03 AM    1    0.00    0.00    0.00    0.00    1.00   50.00    0.00    0.00    0.00   49.00
02:08:03 AM    2    0.00    0.00    0.00    0.99    0.00    0.00    0.00    0.00    0.00   99.01
02:08:03 AM    3    0.00    0.00    0.00    0.00    1.01   49.49    0.00    0.00    0.00   49.49

02:08:03 AM  CPU    %usr   %nice    %sys %iowait    %irq   %soft  %steal  %guest  %gnice   %idle
02:08:04 AM  all    0.00    0.00    0.00    0.00    0.75   38.75    0.00    0.00    0.00   60.50
02:08:04 AM    0    0.00    0.00    0.00    0.00    1.00   63.00    0.00    0.00    0.00   36.00
02:08:04 AM    1    0.00    0.00    0.00    0.00    1.00   49.00    0.00    0.00    0.00   50.00
02:08:04 AM    2    0.00    0.00    0.00    0.00    0.00    0.00    0.00    0.00    0.00  100.00
02:08:04 AM    3    0.00    0.00    0.00    0.00    1.00   43.00    0.00    0.00    0.00   56.00

02:08:04 AM  CPU    %usr   %nice    %sys %iowait    %irq   %soft  %steal  %guest  %gnice   %idle
02:08:05 AM  all    0.00    0.00    0.00    0.00    0.75   26.07    0.00    0.00    0.00   73.18
02:08:05 AM    0    0.00    0.00    0.00    0.00    2.00   72.00    0.00    0.00    0.00   26.00
02:08:05 AM    1    0.00    0.00    0.00    0.00    1.01   32.32    0.00    0.00    0.00   66.67
02:08:05 AM    2    0.00    0.00    0.00    0.00    0.00    0.00    0.00    0.00    0.00  100.00
02:08:05 AM    3    0.00    0.00    0.00    0.00    0.00    0.00    0.00    0.00    0.00  100.00

02:08:05 AM  CPU    %usr   %nice    %sys %iowait    %irq   %soft  %steal  %guest  %gnice   %idle
02:08:06 AM  all    0.00    0.00    0.00    0.00    0.50   26.07    0.00    0.00    0.00   73.43
02:08:06 AM    0    0.00    0.00    0.00    0.00    1.01   72.73    0.00    0.00    0.00   26.26
02:08:06 AM    1    0.00    0.00    0.00    0.00    1.00   32.00    0.00    0.00    0.00   67.00
02:08:06 AM    2    0.00    0.00    0.00    0.00    0.00    0.00    0.00    0.00    0.00  100.00
02:08:06 AM    3    0.00    0.00    0.00    0.00    0.00    0.00    0.00    0.00    0.00  100.00

02:08:06 AM  CPU    %usr   %nice    %sys %iowait    %irq   %soft  %steal  %guest  %gnice   %idle
02:08:07 AM  all    0.00    0.00    0.00    0.00    0.75   26.07    0.00    0.00    0.00   73.18
02:08:07 AM    0    0.00    0.00    0.00    0.00    2.00   72.00    0.00    0.00    0.00   26.00
02:08:07 AM    1    0.00    0.00    0.00    0.00    1.01   32.32    0.00    0.00    0.00   66.67
02:08:07 AM    2    0.00    0.00    0.00    0.00    0.00    0.00    0.00    0.00    0.00  100.00
02:08:07 AM    3    0.00    0.00    0.00    0.00    0.00    0.00    0.00    0.00    0.00  100.00

02:08:07 AM  CPU    %usr   %nice    %sys %iowait    %irq   %soft  %steal  %guest  %gnice   %idle
02:08:08 AM  all    0.00    0.00    0.00    0.00    0.25   26.20    0.00    0.00    0.00   73.55
02:08:08 AM    0    0.00    0.00    0.00    0.00    1.02   73.47    0.00    0.00    0.00   25.51
02:08:08 AM    1    0.00    0.00    0.00    0.00    0.00   32.32    0.00    0.00    0.00   67.68
02:08:08 AM    2    0.00    0.00    0.00    0.00    0.00    0.00    0.00    0.00    0.00  100.00
02:08:08 AM    3    0.00    0.00    0.00    0.00    0.00    0.00    0.00    0.00    0.00  100.00

02:08:08 AM  CPU    %usr   %nice    %sys %iowait    %irq   %soft  %steal  %guest  %gnice   %idle
02:08:09 AM  all    0.00    0.00    0.00    0.00    0.75   34.92    0.00    0.00    0.00   64.32
02:08:09 AM    0    0.00    0.00    0.00    0.00    2.00   60.00    0.00    0.00    0.00   38.00
02:08:09 AM    1    0.00    0.00    0.00    0.00    1.00   44.00    0.00    0.00    0.00   55.00
02:08:09 AM    2    0.00    0.00    0.00    0.00    0.00    0.00    0.00    0.00    0.00  100.00
02:08:09 AM    3    0.00    0.00    0.00    0.00    0.00   35.71    0.00    0.00    0.00   64.29

02:08:09 AM  CPU    %usr   %nice    %sys %iowait    %irq   %soft  %steal  %guest  %gnice   %idle
02:08:10 AM  all    0.00    0.00    0.00    0.00    1.00   38.60    0.00    0.00    0.00   60.40
02:08:10 AM    0    0.00    0.00    0.00    0.00    2.00   57.00    0.00    0.00    0.00   41.00
02:08:10 AM    1    0.00    0.00    0.00    0.00    1.01   48.48    0.00    0.00    0.00   50.51
02:08:10 AM    2    0.00    0.00    0.00    0.00    0.00    0.00    0.00    0.00    0.00  100.00
02:08:10 AM    3    0.00    0.00    0.00    0.00    1.00   49.00    0.00    0.00    0.00   50.00

02:08:10 AM  CPU    %usr   %nice    %sys %iowait    %irq   %soft  %steal  %guest  %gnice   %idle
02:08:11 AM  all    0.00    0.00    0.00    0.00    0.75   38.25    0.00    0.00    0.00   61.00
02:08:11 AM    0    0.00    0.00    0.00    0.00    1.01   56.57    0.00    0.00    0.00   42.42
02:08:11 AM    1    0.00    0.00    0.00    0.00    0.99   48.51    0.00    0.00    0.00   50.50
02:08:11 AM    2    0.00    0.00    0.00    0.00    0.00    0.00    0.00    0.00    0.00  100.00
02:08:11 AM    3    0.00    0.00    0.00    0.00    1.00   48.00    0.00    0.00    0.00   51.00

02:08:11 AM  CPU    %usr   %nice    %sys %iowait    %irq   %soft  %steal  %guest  %gnice   %idle
02:08:12 AM  all    0.00    0.00    0.00    0.00    1.00   39.35    0.00    0.00    0.00   59.65
02:08:12 AM    0    0.00    0.00    0.00    0.00    2.00   58.00    0.00    0.00    0.00   40.00
02:08:12 AM    1    0.00    0.00    0.00    0.00    1.01   49.49    0.00    0.00    0.00   49.49
02:08:12 AM    2    0.00    0.00    0.00    0.00    0.00    0.00    0.00    0.00    0.00  100.00
02:08:12 AM    3    0.00    0.00    0.00    0.00    1.00   50.00    0.00    0.00    0.00   49.00

02:08:12 AM  CPU    %usr   %nice    %sys %iowait    %irq   %soft  %steal  %guest  %gnice   %idle
02:08:13 AM  all    0.00    0.00    0.00    0.00    1.01   38.04    0.00    0.00    0.00   60.96
02:08:13 AM    0    0.00    0.00    0.00    0.00    1.01   56.57    0.00    0.00    0.00   42.42
02:08:13 AM    1    0.00    0.00    0.00    0.00    1.01   48.48    0.00    0.00    0.00   50.51
02:08:13 AM    2    0.00    0.00    0.00    0.00    1.00   17.00    0.00    0.00    0.00   82.00
02:08:13 AM    3    0.00    0.00    0.00    0.00    1.01   30.30    0.00    0.00    0.00   68.69

02:08:13 AM  CPU    %usr   %nice    %sys %iowait    %irq   %soft  %steal  %guest  %gnice   %idle
02:08:14 AM  all    0.25    0.00    0.25    0.00    1.00   39.00    0.00    0.00    0.00   59.50
02:08:14 AM    0    0.00    0.00    0.00    0.00    2.00   58.00    0.00    0.00    0.00   40.00
02:08:14 AM    1    0.00    0.00    0.99    0.00    0.99   48.51    0.00    0.00    0.00   49.50
02:08:14 AM    2    0.00    0.00    0.00    0.00    1.01   49.49    0.00    0.00    0.00   49.49
02:08:14 AM    3    1.00    0.00    0.00    0.00    0.00    0.00    0.00    0.00    0.00   99.00

02:08:14 AM  CPU    %usr   %nice    %sys %iowait    %irq   %soft  %steal  %guest  %gnice   %idle
02:08:15 AM  all    0.00    0.00    0.25    0.00    0.76   39.55    0.00    0.00    0.00   59.45
02:08:15 AM    0    0.00    0.00    0.00    0.00    1.02   58.16    0.00    0.00    0.00   40.82
02:08:15 AM    1    0.00    0.00    0.00    0.00    1.01   50.51    0.00    0.00    0.00   48.48
02:08:15 AM    2    0.00    0.00    1.00    0.00    1.00   50.00    0.00    0.00    0.00   48.00
02:08:15 AM    3    0.00    0.00    0.00    0.00    0.00    0.00    0.00    0.00    0.00  100.00

02:08:15 AM  CPU    %usr   %nice    %sys %iowait    %irq   %soft  %steal  %guest  %gnice   %idle
02:08:16 AM  all    0.00    0.00    0.00    0.00    1.00   38.75    0.00    0.00    0.00   60.25
02:08:16 AM    0    0.00    0.00    0.00    0.00    2.00   57.00    0.00    0.00    0.00   41.00
02:08:16 AM    1    0.00    0.00    0.00    0.00    1.00   49.00    0.00    0.00    0.00   50.00
02:08:16 AM    2    0.00    0.00    0.00    0.00    1.00   49.00    0.00    0.00    0.00   50.00
02:08:16 AM    3    0.00    0.00    0.00    0.00    0.00    0.00    0.00    0.00    0.00  100.00

02:08:16 AM  CPU    %usr   %nice    %sys %iowait    %irq   %soft  %steal  %guest  %gnice   %idle
02:08:17 AM  all    0.00    0.00    0.00    0.00    1.00   38.85    0.00    0.00    0.00   60.15
02:08:17 AM    0    0.00    0.00    0.00    0.00    2.00   57.00    0.00    0.00    0.00   41.00
02:08:17 AM    1    0.00    0.00    0.00    0.00    1.00   49.00    0.00    0.00    0.00   50.00
02:08:17 AM    2    0.00    0.00    0.00    0.00    1.00   49.00    0.00    0.00    0.00   50.00
02:08:17 AM    3    0.00    0.00    0.00    0.00    0.00    0.00    0.00    0.00    0.00  100.00

02:08:17 AM  CPU    %usr   %nice    %sys %iowait    %irq   %soft  %steal  %guest  %gnice   %idle
02:08:18 AM  all    0.00    0.00    0.25    0.00    0.75   39.10    0.00    0.00    0.00   59.90
02:08:18 AM    0    0.00    0.00    0.00    0.00    1.01   57.58    0.00    0.00    0.00   41.41
02:08:18 AM    1    0.00    0.00    0.00    0.00    0.00    3.00    0.00    0.00    0.00   97.00
02:08:18 AM    2    0.00    0.00    0.00    0.00    1.01   49.49    0.00    0.00    0.00   49.49
02:08:18 AM    3    0.00    0.00    0.99    0.00    0.99   46.53    0.00    0.00    0.00   51.49

02:08:18 AM  CPU    %usr   %nice    %sys %iowait    %irq   %soft  %steal  %guest  %gnice   %idle
02:08:19 AM  all    0.00    0.00    0.00    0.00    0.75   39.60    0.00    0.00    0.00   59.65
02:08:19 AM    0    0.00    0.00    0.00    0.00    2.00   58.00    0.00    0.00    0.00   40.00
02:08:19 AM    1    0.00    0.00    0.00    0.00    0.00    0.00    0.00    0.00    0.00  100.00
02:08:19 AM    2    0.00    0.00    0.00    0.00    0.00   50.51    0.00    0.00    0.00   49.49
02:08:19 AM    3    0.00    0.00    0.00    0.00    1.00   50.00    0.00    0.00    0.00   49.00

02:08:19 AM  CPU    %usr   %nice    %sys %iowait    %irq   %soft  %steal  %guest  %gnice   %idle
02:08:20 AM  all    0.00    0.00    0.00    0.00    0.75   39.20    0.00    0.00    0.00   60.05
02:08:20 AM    0    0.00    0.00    0.00    0.00    1.01   57.58    0.00    0.00    0.00   41.41
02:08:20 AM    1    0.00    0.00    0.00    0.00    0.00    0.00    0.00    0.00    0.00  100.00
02:08:20 AM    2    0.00    0.00    0.00    0.00    1.00   50.00    0.00    0.00    0.00   49.00
02:08:20 AM    3    0.00    0.00    0.00    0.00    1.01   49.49    0.00    0.00    0.00   49.49

02:08:20 AM  CPU    %usr   %nice    %sys %iowait    %irq   %soft  %steal  %guest  %gnice   %idle
02:08:21 AM  all    0.00    0.00    0.25    0.00    1.01   38.94    0.00    0.00    0.00   59.80
02:08:21 AM    0    0.00    0.00    0.00    0.00    2.02   57.58    0.00    0.00    0.00   40.40
02:08:21 AM    1    0.00    0.00    0.00    0.00    0.00    0.00    0.00    0.00    0.00  100.00
02:08:21 AM    2    0.00    0.00    1.00    0.00    1.00   49.00    0.00    0.00    0.00   49.00
02:08:21 AM    3    0.00    0.00    0.00    0.00    1.00   49.00    0.00    0.00    0.00   50.00

02:08:21 AM  CPU    %usr   %nice    %sys %iowait    %irq   %soft  %steal  %guest  %gnice   %idle
02:08:22 AM  all    0.00    0.00    0.00    0.00    1.00   33.33    0.00    0.00    0.00   65.66
02:08:22 AM    0    0.00    0.00    0.00    0.00    2.00   69.00    0.00    0.00    0.00   29.00
02:08:22 AM    1    0.00    0.00    0.00    0.00    0.00    0.00    0.00    0.00    0.00  100.00
02:08:22 AM    2    0.00    0.00    0.00    0.00    1.00   22.00    0.00    0.00    0.00   77.00
02:08:22 AM    3    0.00    0.00    0.00    0.00    1.01   42.42    0.00    0.00    0.00   56.57

02:08:22 AM  CPU    %usr   %nice    %sys %iowait    %irq   %soft  %steal  %guest  %gnice   %idle
02:08:23 AM  all    0.00    0.00    0.00    0.00    0.50   26.13    0.00    0.00    0.00   73.37
02:08:23 AM    0    0.00    0.00    0.00    0.00    1.01   72.73    0.00    0.00    0.00   26.26
02:08:23 AM    1    0.00    0.00    0.00    0.00    0.00    0.00    0.00    0.00    0.00  100.00
02:08:23 AM    2    0.00    0.00    0.00    0.00    0.00    0.00    0.00    0.00    0.00  100.00
02:08:23 AM    3    0.00    0.00    0.00    0.00    1.01   32.32    0.00    0.00    0.00   66.67

02:08:23 AM  CPU    %usr   %nice    %sys %iowait    %irq   %soft  %steal  %guest  %gnice   %idle
02:08:24 AM  all    0.00    0.00    0.00    0.00    0.50   26.25    0.00    0.00    0.00   73.25
02:08:24 AM    0    0.00    0.00    0.00    0.00    2.00   72.00    0.00    0.00    0.00   26.00
02:08:24 AM    1    0.00    0.00    0.00    0.00    0.00    0.00    0.00    0.00    0.00  100.00
02:08:24 AM    2    0.00    0.00    0.00    0.00    0.00    0.00    0.00    0.00    0.00  100.00
02:08:24 AM    3    0.00    0.00    0.00    0.00    0.00   33.00    0.00    0.00    0.00   67.00

02:08:24 AM  CPU    %usr   %nice    %sys %iowait    %irq   %soft  %steal  %guest  %gnice   %idle
02:08:25 AM  all    0.25    0.00    0.25    0.25    0.50   26.32    0.00    0.00    0.00   72.43
02:08:25 AM    0    0.00    0.00    0.00    1.00    1.00   73.00    0.00    0.00    0.00   25.00
02:08:25 AM    1    0.00    0.00    1.00    0.00    0.00    0.00    0.00    0.00    0.00   99.00
02:08:25 AM    2    1.00    0.00    0.00    0.00    0.00    0.00    0.00    0.00    0.00   99.00
02:08:25 AM    3    0.00    0.00    0.00    0.00    1.01   32.32    0.00    0.00    0.00   66.67

02:08:25 AM  CPU    %usr   %nice    %sys %iowait    %irq   %soft  %steal  %guest  %gnice   %idle
02:08:26 AM  all    0.00    0.00    0.00    0.00    0.75   27.07    0.00    0.00    0.00   72.18
02:08:26 AM    0    0.00    0.00    0.00    0.00    2.00   69.00    0.00    0.00    0.00   29.00
02:08:26 AM    1    0.00    0.00    0.00    0.00    0.00    6.00    0.00    0.00    0.00   94.00
02:08:26 AM    2    0.00    0.00    0.00    0.00    0.00    0.00    0.00    0.00    0.00  100.00
02:08:26 AM    3    0.00    0.00    0.00    0.00    1.01   33.33    0.00    0.00    0.00   65.66

02:08:26 AM  CPU    %usr   %nice    %sys %iowait    %irq   %soft  %steal  %guest  %gnice   %idle
02:08:27 AM  all    0.00    0.00    0.00    0.00    0.75   38.94    0.00    0.00    0.00   60.30
02:08:27 AM    0    0.00    0.00    0.00    0.00    1.01   57.58    0.00    0.00    0.00   41.41
02:08:27 AM    1    0.00    0.00    0.00    0.00    1.01   49.49    0.00    0.00    0.00   49.49
02:08:27 AM    2    0.00    0.00    0.00    0.00    0.00    0.00    0.00    0.00    0.00  100.00
02:08:27 AM    3    0.00    0.00    0.00    0.00    1.00   49.00    0.00    0.00    0.00   50.00

02:08:27 AM  CPU    %usr   %nice    %sys %iowait    %irq   %soft  %steal  %guest  %gnice   %idle
02:08:28 AM  all    0.00    0.00    0.00    0.00    1.01   39.20    0.00    0.00    0.00   59.80
02:08:28 AM    0    0.00    0.00    0.00    0.00    2.02   57.58    0.00    0.00    0.00   40.40
02:08:28 AM    1    0.00    0.00    0.00    0.00    1.00   50.00    0.00    0.00    0.00   49.00
02:08:28 AM    2    0.00    0.00    0.00    0.00    0.00    0.00    0.00    0.00    0.00  100.00
02:08:28 AM    3    0.00    0.00    0.00    0.00    1.01   49.49    0.00    0.00    0.00   49.49

02:08:28 AM  CPU    %usr   %nice    %sys %iowait    %irq   %soft  %steal  %guest  %gnice   %idle
02:08:29 AM  all    0.00    0.00    0.00    0.00    1.00   38.85    0.00    0.00    0.00   60.15
02:08:29 AM    0    0.00    0.00    0.00    0.00    2.00   57.00    0.00    0.00    0.00   41.00
02:08:29 AM    1    0.00    0.00    0.00    0.00    1.00   49.00    0.00    0.00    0.00   50.00
02:08:29 AM    2    0.00    0.00    0.00    0.00    0.00    0.00    0.00    0.00    0.00  100.00
02:08:29 AM    3    0.00    0.00    0.00    0.00    1.01   49.49    0.00    0.00    0.00   49.49

02:08:29 AM  CPU    %usr   %nice    %sys %iowait    %irq   %soft  %steal  %guest  %gnice   %idle
02:08:30 AM  all    0.00    0.00    0.00    0.00    0.75   39.35    0.00    0.00    0.00   59.90
02:08:30 AM    0    0.00    0.00    0.00    0.00    1.00   58.00    0.00    0.00    0.00   41.00
02:08:30 AM    1    0.00    0.00    0.00    0.00    1.01   49.49    0.00    0.00    0.00   49.49
02:08:30 AM    2    0.00    0.00    0.00    0.00    0.00    0.00    0.00    0.00    0.00  100.00
02:08:30 AM    3    0.00    0.00    0.00    0.00    1.00   50.00    0.00    0.00    0.00   49.00

02:08:30 AM  CPU    %usr   %nice    %sys %iowait    %irq   %soft  %steal  %guest  %gnice   %idle
02:08:31 AM  all    0.00    0.00    0.00    0.00    1.01   39.20    0.00    0.00    0.00   59.80
02:08:31 AM    0    0.00    0.00    0.00    0.00    2.02   57.58    0.00    0.00    0.00   40.40
02:08:31 AM    1    0.00    0.00    0.00    0.00    1.00   50.00    0.00    0.00    0.00   49.00
02:08:31 AM    2    0.00    0.00    0.00    0.00    0.00    0.00    0.00    0.00    0.00  100.00
02:08:31 AM    3    0.00    0.00    0.00    0.00    1.01   49.49    0.00    0.00    0.00   49.49

02:08:31 AM  CPU    %usr   %nice    %sys %iowait    %irq   %soft  %steal  %guest  %gnice   %idle
02:08:32 AM  all    0.00    0.00    0.00    0.00    0.75   39.45    0.00    0.00    0.00   59.80
02:08:32 AM    0    0.00    0.00    0.00    0.00    1.01   58.59    0.00    0.00    0.00   40.40
02:08:32 AM    1    0.00    0.00    0.00    0.00    1.01   49.49    0.00    0.00    0.00   49.49
02:08:32 AM    2    0.00    0.00    0.00    0.00    0.00    0.00    0.00    0.00    0.00  100.00
02:08:32 AM    3    0.00    0.00    0.00    0.00    1.00   50.00    0.00    0.00    0.00   49.00

02:08:32 AM  CPU    %usr   %nice    %sys %iowait    %irq   %soft  %steal  %guest  %gnice   %idle
02:08:33 AM  all    0.00    0.00    0.25    0.00    1.00   38.90    0.00    0.00    0.00   59.85
02:08:33 AM    0    0.00    0.00    0.00    0.00    2.00   57.00    0.00    0.00    0.00   41.00
02:08:33 AM    1    0.00    0.00    0.00    0.00    0.99   49.50    0.00    0.00    0.00   49.50
02:08:33 AM    2    0.00    0.00    0.00    0.00    0.00    0.00    0.00    0.00    0.00  100.00
02:08:33 AM    3    0.00    0.00    1.00    0.00    1.00   49.00    0.00    0.00    0.00   49.00

02:08:33 AM  CPU    %usr   %nice    %sys %iowait    %irq   %soft  %steal  %guest  %gnice   %idle
02:08:34 AM  all    0.00    0.00    0.00    0.00    1.00   38.60    0.00    0.00    0.00   60.40
02:08:34 AM    0    0.00    0.00    0.00    0.00    2.00   57.00    0.00    0.00    0.00   41.00
02:08:34 AM    1    0.00    0.00    0.00    0.00    1.01   48.48    0.00    0.00    0.00   50.51
02:08:34 AM    2    0.00    0.00    0.00    0.00    0.00    0.00    0.00    0.00    0.00  100.00
02:08:34 AM    3    0.00    0.00    0.00    0.00    1.00   49.00    0.00    0.00    0.00   50.00

02:08:34 AM  CPU    %usr   %nice    %sys %iowait    %irq   %soft  %steal  %guest  %gnice   %idle
02:08:35 AM  all    0.00    0.00    0.00    0.00    0.75   35.18    0.00    0.00    0.00   64.07
02:08:35 AM    0    0.00    0.00    0.00    0.00    1.01   64.65    0.00    0.00    0.00   34.34
02:08:35 AM    1    0.00    0.00    0.00    0.00    1.00   32.00    0.00    0.00    0.00   67.00
02:08:35 AM    2    0.00    0.00    0.00    0.00    0.00    0.00    0.00    0.00    0.00  100.00
02:08:35 AM    3    0.00    0.00    0.00    0.00    1.01   44.44    0.00    0.00    0.00   54.55

02:08:35 AM  CPU    %usr   %nice    %sys %iowait    %irq   %soft  %steal  %guest  %gnice   %idle
02:08:36 AM  all    0.00    0.00    0.00    0.00    0.75   26.00    0.00    0.00    0.00   73.25
02:08:36 AM    0    0.00    0.00    0.00    0.00    2.00   72.00    0.00    0.00    0.00   26.00
02:08:36 AM    1    0.00    0.00    0.00    0.00    0.00    0.00    0.00    0.00    0.00  100.00
02:08:36 AM    2    0.00    0.00    0.00    0.00    0.00    0.00    0.00    0.00    0.00  100.00
02:08:36 AM    3    0.00    0.00    0.00    0.00    1.00   32.00    0.00    0.00    0.00   67.00

02:08:36 AM  CPU    %usr   %nice    %sys %iowait    %irq   %soft  %steal  %guest  %gnice   %idle
02:08:37 AM  all    0.00    0.00    0.00    0.00    0.50   26.13    0.00    0.00    0.00   73.37
02:08:37 AM    0    0.00    0.00    0.00    0.00    1.01   72.73    0.00    0.00    0.00   26.26
02:08:37 AM    1    0.00    0.00    0.00    0.00    0.00    0.00    0.00    0.00    0.00  100.00
02:08:37 AM    2    0.00    0.00    0.00    0.00    0.00    0.00    0.00    0.00    0.00  100.00
02:08:37 AM    3    0.00    0.00    0.00    0.00    1.01   32.32    0.00    0.00    0.00   66.67

02:08:37 AM  CPU    %usr   %nice    %sys %iowait    %irq   %soft  %steal  %guest  %gnice   %idle
02:08:38 AM  all    0.00    0.00    0.00    0.00    0.75   26.00    0.00    0.00    0.00   73.25
02:08:38 AM    0    0.00    0.00    0.00    0.00    2.00   72.00    0.00    0.00    0.00   26.00
02:08:38 AM    1    0.00    0.00    0.00    0.00    0.00    0.00    0.00    0.00    0.00  100.00
02:08:38 AM    2    0.00    0.00    0.00    0.00    0.00    0.00    0.00    0.00    0.00  100.00
02:08:38 AM    3    0.00    0.00    0.00    0.00    1.00   32.00    0.00    0.00    0.00   67.00

02:08:38 AM  CPU    %usr   %nice    %sys %iowait    %irq   %soft  %steal  %guest  %gnice   %idle
02:08:39 AM  all    0.00    0.00    0.00    0.00    0.50   26.13    0.00    0.00    0.00   73.37
02:08:39 AM    0    0.00    0.00    0.00    0.00    1.01   72.73    0.00    0.00    0.00   26.26
02:08:39 AM    1    0.00    0.00    0.00    0.00    0.00    0.00    0.00    0.00    0.00  100.00
02:08:39 AM    2    0.00    0.00    0.00    0.00    0.00    0.00    0.00    0.00    0.00  100.00
02:08:39 AM    3    0.00    0.00    0.00    0.00    1.01   32.32    0.00    0.00    0.00   66.67

02:08:39 AM  CPU    %usr   %nice    %sys %iowait    %irq   %soft  %steal  %guest  %gnice   %idle
02:08:40 AM  all    0.00    0.00    0.25    0.00    0.75   36.93    0.00    0.00    0.00   62.06
02:08:40 AM    0    0.00    0.00    1.00    0.00    2.00   56.00    0.00    0.00    0.00   41.00
02:08:40 AM    1    0.00    0.00    0.00    0.00    0.00   44.44    0.00    0.00    0.00   55.56
02:08:40 AM    2    0.00    0.00    0.00    0.00    0.00    0.00    0.00    0.00    0.00  100.00
02:08:40 AM    3    0.00    0.00    0.00    0.00    1.00   47.00    0.00    0.00    0.00   52.00

02:08:40 AM  CPU    %usr   %nice    %sys %iowait    %irq   %soft  %steal  %guest  %gnice   %idle
02:08:41 AM  all    0.00    0.00    0.00    0.00    1.01   38.54    0.00    0.00    0.00   60.45
02:08:41 AM    0    0.00    0.00    0.00    0.00    2.00   57.00    0.00    0.00    0.00   41.00
02:08:41 AM    1    0.00    0.00    0.00    0.00    1.01   48.48    0.00    0.00    0.00   50.51
02:08:41 AM    2    0.00    0.00    0.00    0.00    0.00    0.00    0.00    0.00    0.00  100.00
02:08:41 AM    3    0.00    0.00    0.00    0.00    1.01   48.48    0.00    0.00    0.00   50.51

02:08:41 AM  CPU    %usr   %nice    %sys %iowait    %irq   %soft  %steal  %guest  %gnice   %idle
02:08:42 AM  all    0.00    0.00    0.00    0.00    0.75   37.44    0.00    0.00    0.00   61.81
02:08:42 AM    0    0.00    0.00    0.00    0.00    1.01   55.56    0.00    0.00    0.00   43.43
02:08:42 AM    1    0.00    0.00    0.00    0.00    1.01   47.47    0.00    0.00    0.00   51.52
02:08:42 AM    2    0.00    0.00    0.00    0.00    0.00    0.00    0.00    0.00    0.00  100.00
02:08:42 AM    3    0.00    0.00    0.00    0.00    1.00   47.00    0.00    0.00    0.00   52.00

02:08:42 AM  CPU    %usr   %nice    %sys %iowait    %irq   %soft  %steal  %guest  %gnice   %idle
02:08:43 AM  all    0.00    0.00    0.00    0.00    1.00   38.85    0.00    0.00    0.00   60.15
02:08:43 AM    0    0.00    0.00    0.00    0.00    2.00   57.00    0.00    0.00    0.00   41.00
02:08:43 AM    1    0.00    0.00    0.00    0.00    1.00   49.00    0.00    0.00    0.00   50.00
02:08:43 AM    2    0.00    0.00    0.00    0.00    0.00    0.00    0.00    0.00    0.00  100.00
02:08:43 AM    3    0.00    0.00    0.00    0.00    1.01   49.49    0.00    0.00    0.00   49.49

02:08:43 AM  CPU    %usr   %nice    %sys %iowait    %irq   %soft  %steal  %guest  %gnice   %idle
02:08:44 AM  all    0.00    0.00    0.00    0.00    0.50   39.10    0.00    0.00    0.00   60.40
02:08:44 AM    0    0.00    0.00    0.00    0.00    1.01   57.58    0.00    0.00    0.00   41.41
02:08:44 AM    1    0.00    0.00    0.00    0.00    1.00   50.00    0.00    0.00    0.00   49.00
02:08:44 AM    2    0.00    0.00    0.00    0.00    0.00   27.00    0.00    0.00    0.00   73.00
02:08:44 AM    3    0.00    0.00    0.00    0.00    0.00   22.00    0.00    0.00    0.00   78.00

02:08:44 AM  CPU    %usr   %nice    %sys %iowait    %irq   %soft  %steal  %guest  %gnice   %idle
02:08:45 AM  all    0.00    0.00    0.00    0.00    1.01   39.29    0.00    0.00    0.00   59.70
02:08:45 AM    0    0.00    0.00    0.00    0.00    2.00   58.00    0.00    0.00    0.00   40.00
02:08:45 AM    1    0.00    0.00    0.00    0.00    1.01   49.49    0.00    0.00    0.00   49.49
02:08:45 AM    2    0.00    0.00    0.00    0.00    1.01   49.49    0.00    0.00    0.00   49.49
02:08:45 AM    3    0.00    0.00    0.00    0.00    0.00    0.00    0.00    0.00    0.00  100.00

02:08:45 AM  CPU    %usr   %nice    %sys %iowait    %irq   %soft  %steal  %guest  %gnice   %idle
02:08:46 AM  all    0.00    0.00    0.00    0.00    1.00   39.50    0.00    0.00    0.00   59.50
02:08:46 AM    0    0.00    0.00    0.00    0.00    2.00   58.00    0.00    0.00    0.00   40.00
02:08:46 AM    1    0.00    0.00    0.00    0.00    1.00   50.00    0.00    0.00    0.00   49.00
02:08:46 AM    2    0.00    0.00    0.00    0.00    1.00   50.00    0.00    0.00    0.00   49.00
02:08:46 AM    3    0.00    0.00    0.00    0.00    0.00    0.00    0.00    0.00    0.00  100.00

02:08:46 AM  CPU    %usr   %nice    %sys %iowait    %irq   %soft  %steal  %guest  %gnice   %idle
02:08:47 AM  all    0.00    0.00    0.00    0.00    0.75   38.85    0.00    0.00    0.00   60.40
02:08:47 AM    0    0.00    0.00    0.00    0.00    1.01   57.58    0.00    0.00    0.00   41.41
02:08:47 AM    1    0.00    0.00    0.00    0.00    1.00   49.00    0.00    0.00    0.00   50.00
02:08:47 AM    2    0.00    0.00    0.00    0.00    1.00   49.00    0.00    0.00    0.00   50.00
02:08:47 AM    3    0.00    0.00    0.00    0.00    0.00    0.00    0.00    0.00    0.00  100.00

Average:     CPU    %usr   %nice    %sys %iowait    %irq   %soft  %steal  %guest  %gnice   %idle
Average:     all    0.02    0.00    0.04    0.01    0.75   33.46    0.00    0.00    0.00   65.73
Average:       0    0.00    0.00    0.03    0.02    1.57   64.07    0.00    0.00    0.00   34.30
Average:       1    0.00    0.00    0.05    0.00    0.65   33.39    0.00    0.00    0.00   65.91
Average:       2    0.05    0.00    0.03    0.02    0.20   10.16    0.00    0.00    0.00   89.54
Average:       3    0.02    0.00    0.05    0.00    0.57   26.31    0.00    0.00    0.00   73.05
