Linux 7.2.0-rc1 (bpi-f3) 	07/10/2026 	_riscv64_	(8 CPU)

06:10:33 PM  CPU    %usr   %nice    %sys %iowait    %irq   %soft  %steal  %guest  %gnice   %idle
06:10:34 PM  all    0.00    0.00    0.00    0.00    2.87   22.19    0.00    0.00    0.00   74.94
06:10:34 PM    0    0.00    0.00    0.00    0.00   22.22   77.78    0.00    0.00    0.00    0.00
06:10:34 PM    1    0.00    0.00    0.00    0.00    0.00    0.99    0.00    0.00    0.00   99.01
06:10:34 PM    2    0.00    0.00    0.00    0.00    1.00   99.00    0.00    0.00    0.00    0.00
06:10:34 PM    3    0.00    0.00    0.00    0.00    0.00    0.00    0.00    0.00    0.00  100.00
06:10:34 PM    4    0.00    0.00    0.00    0.00    0.00    0.00    0.00    0.00    0.00  100.00
06:10:34 PM    5    0.00    0.00    0.00    0.00    0.00    0.00    0.00    0.00    0.00  100.00
06:10:34 PM    6    0.00    0.00    0.00    0.00    0.00    0.00    0.00    0.00    0.00  100.00
06:10:34 PM    7    0.00    0.00    0.00    0.00    0.00    0.99    0.00    0.00    0.00   99.01

06:10:34 PM  CPU    %usr   %nice    %sys %iowait    %irq   %soft  %steal  %guest  %gnice   %idle
06:10:35 PM  all    0.00    0.00    0.25    0.00    3.00   21.85    0.00    0.00    0.00   74.91
06:10:35 PM    0    0.00    0.00    1.98    0.00   22.77   75.25    0.00    0.00    0.00    0.00
06:10:35 PM    1    0.00    0.00    0.00    0.00    0.00    0.00    0.00    0.00    0.00  100.00
06:10:35 PM    2    0.00    0.00    0.00    0.00    1.00   99.00    0.00    0.00    0.00    0.00
06:10:35 PM    3    0.00    0.00    0.00    0.00    0.00    0.00    0.00    0.00    0.00  100.00
06:10:35 PM    4    0.00    0.00    0.00    0.00    0.00    0.00    0.00    0.00    0.00  100.00
06:10:35 PM    5    0.00    0.00    0.00    0.00    0.00    0.00    0.00    0.00    0.00  100.00
06:10:35 PM    6    0.00    0.00    0.00    0.00    0.00    0.00    0.00    0.00    0.00  100.00
06:10:35 PM    7    0.00    0.00    0.00    0.00    0.00    0.00    0.00    0.00    0.00  100.00

06:10:35 PM  CPU    %usr   %nice    %sys %iowait    %irq   %soft  %steal  %guest  %gnice   %idle
06:10:36 PM  all    0.00    0.00    0.00    0.00    3.00   22.00    0.00    0.00    0.00   75.00
06:10:36 PM    0    0.00    0.00    0.00    0.00   23.00   77.00    0.00    0.00    0.00    0.00
06:10:36 PM    1    0.00    0.00    0.00    0.00    0.00    0.00    0.00    0.00    0.00  100.00
06:10:36 PM    2    0.00    0.00    0.00    0.00    1.00   99.00    0.00    0.00    0.00    0.00
06:10:36 PM    3    0.00    0.00    0.00    0.00    0.00    0.00    0.00    0.00    0.00  100.00
06:10:36 PM    4    0.00    0.00    0.00    0.00    0.00    0.00    0.00    0.00    0.00  100.00
06:10:36 PM    5    0.00    0.00    0.00    0.00    0.00    0.00    0.00    0.00    0.00  100.00
06:10:36 PM    6    0.00    0.00    0.00    0.00    0.00    0.00    0.00    0.00    0.00  100.00
06:10:36 PM    7    0.00    0.00    0.00    0.00    0.00    0.00    0.00    0.00    0.00  100.00

06:10:36 PM  CPU    %usr   %nice    %sys %iowait    %irq   %soft  %steal  %guest  %gnice   %idle
06:10:37 PM  all    0.00    0.00    0.12    0.00    4.11   13.47    0.00    0.00    0.00   82.29
06:10:37 PM    0    0.00    0.00    1.00    0.00   33.00   66.00    0.00    0.00    0.00    0.00
06:10:37 PM    1    0.00    0.00    0.00    0.00    0.00    0.00    0.00    0.00    0.00  100.00
06:10:37 PM    2    0.00    0.00    0.00    0.00    0.00   20.00    0.00    0.00    0.00   80.00
06:10:37 PM    3    0.00    0.00    0.00    0.00    0.00    0.00    0.00    0.00    0.00  100.00
06:10:37 PM    4    0.00    0.00    0.00    0.00    0.00    0.00    0.00    0.00    0.00  100.00
06:10:37 PM    5    0.00    0.00    0.00    0.00    0.00   22.00    0.00    0.00    0.00   78.00
06:10:37 PM    6    0.00    0.00    0.00    0.00    0.00    0.00    0.00    0.00    0.00  100.00
06:10:37 PM    7    0.00    0.00    0.00    0.00    0.00    0.00    0.00    0.00    0.00  100.00

06:10:37 PM  CPU    %usr   %nice    %sys %iowait    %irq   %soft  %steal  %guest  %gnice   %idle
06:10:38 PM  all    0.00    0.00    0.00    0.00    4.49   11.35    0.00    0.00    0.00   84.16
06:10:38 PM    0    0.00    0.00    0.00    0.00   36.00   64.00    0.00    0.00    0.00    0.00
06:10:38 PM    1    0.00    0.00    0.00    0.00    0.00    1.00    0.00    0.00    0.00   99.00
06:10:38 PM    2    0.00    0.00    0.00    0.00    0.00    0.00    0.00    0.00    0.00  100.00
06:10:38 PM    3    0.00    0.00    0.00    0.00    0.00    0.00    0.00    0.00    0.00  100.00
06:10:38 PM    4    0.00    0.00    0.00    0.00    0.00    0.00    0.00    0.00    0.00  100.00
06:10:38 PM    5    0.00    0.00    0.00    0.00    0.00   26.00    0.00    0.00    0.00   74.00
06:10:38 PM    6    0.00    0.00    0.00    0.00    0.00    0.00    0.00    0.00    0.00  100.00
06:10:38 PM    7    0.00    0.00    0.00    0.00    0.00    0.00    0.00    0.00    0.00  100.00

06:10:38 PM  CPU    %usr   %nice    %sys %iowait    %irq   %soft  %steal  %guest  %gnice   %idle
06:10:39 PM  all    0.00    0.00    0.12    0.12    4.61   11.10    0.00    0.00    0.00   84.04
06:10:39 PM    0    0.00    0.00    1.00    0.00   36.00   63.00    0.00    0.00    0.00    0.00
06:10:39 PM    1    0.00    0.00    0.00    0.98    0.98    0.00    0.00    0.00    0.00   98.04
06:10:39 PM    2    0.00    0.00    0.00    0.00    0.00    0.00    0.00    0.00    0.00  100.00
06:10:39 PM    3    0.00    0.00    0.00    0.00    0.00    0.00    0.00    0.00    0.00  100.00
06:10:39 PM    4    0.00    0.00    0.00    0.00    0.00    0.00    0.00    0.00    0.00  100.00
06:10:39 PM    5    0.00    0.00    0.00    0.00    0.00   26.00    0.00    0.00    0.00   74.00
06:10:39 PM    6    0.00    0.00    0.00    0.00    0.00    0.00    0.00    0.00    0.00  100.00
06:10:39 PM    7    0.00    0.00    0.00    0.00    0.00    0.00    0.00    0.00    0.00  100.00

06:10:39 PM  CPU    %usr   %nice    %sys %iowait    %irq   %soft  %steal  %guest  %gnice   %idle
06:10:40 PM  all    0.00    0.00    0.12    0.00    4.61   11.22    0.00    0.00    0.00   84.04
06:10:40 PM    0    0.00    0.00    0.00    0.00   36.00   64.00    0.00    0.00    0.00    0.00
06:10:40 PM    1    0.00    0.00    1.00    0.00    0.00    0.00    0.00    0.00    0.00   99.00
06:10:40 PM    2    0.00    0.00    0.00    0.00    0.00    0.00    0.00    0.00    0.00  100.00
06:10:40 PM    3    0.00    0.00    0.00    0.00    0.00    0.00    0.00    0.00    0.00  100.00
06:10:40 PM    4    0.00    0.00    0.00    0.00    0.00    0.00    0.00    0.00    0.00  100.00
06:10:40 PM    5    0.00    0.00    0.00    0.00    1.00   26.00    0.00    0.00    0.00   73.00
06:10:40 PM    6    0.00    0.00    0.00    0.00    0.00    0.00    0.00    0.00    0.00  100.00
06:10:40 PM    7    0.00    0.00    0.00    0.00    0.00    0.00    0.00    0.00    0.00  100.00

06:10:40 PM  CPU    %usr   %nice    %sys %iowait    %irq   %soft  %steal  %guest  %gnice   %idle
06:10:41 PM  all    0.00    0.00    0.00    0.00    4.50   11.25    0.00    0.00    0.00   84.25
06:10:41 PM    0    0.00    0.00    0.00    0.00   36.00   64.00    0.00    0.00    0.00    0.00
06:10:41 PM    1    0.00    0.00    0.00    0.00    0.00    0.00    0.00    0.00    0.00  100.00
06:10:41 PM    2    0.00    0.00    0.00    0.00    0.00    0.00    0.00    0.00    0.00  100.00
06:10:41 PM    3    0.00    0.00    0.00    0.00    0.00    0.00    0.00    0.00    0.00  100.00
06:10:41 PM    4    0.00    0.00    0.00    0.00    0.00    0.00    0.00    0.00    0.00  100.00
06:10:41 PM    5    0.00    0.00    0.00    0.00    0.00   26.00    0.00    0.00    0.00   74.00
06:10:41 PM    6    0.00    0.00    0.00    0.00    0.00    0.00    0.00    0.00    0.00  100.00
06:10:41 PM    7    0.00    0.00    0.00    0.00    0.00    0.00    0.00    0.00    0.00  100.00

06:10:41 PM  CPU    %usr   %nice    %sys %iowait    %irq   %soft  %steal  %guest  %gnice   %idle
06:10:42 PM  all    0.00    0.00    0.12    0.00    4.49   11.22    0.00    0.00    0.00   84.16
06:10:42 PM    0    0.00    0.00    1.00    0.00   36.00   63.00    0.00    0.00    0.00    0.00
06:10:42 PM    1    0.00    0.00    0.00    0.00    0.00    0.00    0.00    0.00    0.00  100.00
06:10:42 PM    2    0.00    0.00    0.00    0.00    0.00    0.00    0.00    0.00    0.00  100.00
06:10:42 PM    3    0.00    0.00    0.00    0.00    0.00    0.98    0.00    0.00    0.00   99.02
06:10:42 PM    4    0.00    0.00    0.00    0.00    0.00    0.00    0.00    0.00    0.00  100.00
06:10:42 PM    5    0.00    0.00    0.00    0.00    0.00   26.00    0.00    0.00    0.00   74.00
06:10:42 PM    6    0.00    0.00    0.00    0.00    0.00    0.00    0.00    0.00    0.00  100.00
06:10:42 PM    7    0.00    0.00    0.00    0.00    0.00    0.00    0.00    0.00    0.00  100.00

06:10:42 PM  CPU    %usr   %nice    %sys %iowait    %irq   %soft  %steal  %guest  %gnice   %idle
06:10:43 PM  all    0.12    0.00    0.00    0.00    4.48   11.33    0.00    0.00    0.00   84.06
06:10:43 PM    0    0.00    0.00    0.00    0.00   36.00   64.00    0.00    0.00    0.00    0.00
06:10:43 PM    1    0.00    0.00    0.00    0.00    0.00    0.99    0.00    0.00    0.00   99.01
06:10:43 PM    2    0.00    0.00    0.00    0.00    0.00    0.00    0.00    0.00    0.00  100.00
06:10:43 PM    3    0.00    0.00    0.00    0.00    0.00    0.00    0.00    0.00    0.00  100.00
06:10:43 PM    4    0.00    0.00    0.00    0.00    0.00    0.00    0.00    0.00    0.00  100.00
06:10:43 PM    5    0.00    0.00    0.00    0.00    0.00   26.26    0.00    0.00    0.00   73.74
06:10:43 PM    6    0.00    0.00    0.00    0.00    0.00    0.00    0.00    0.00    0.00  100.00
06:10:43 PM    7    0.99    0.00    0.00    0.00    0.00    0.00    0.00    0.00    0.00   99.01

06:10:43 PM  CPU    %usr   %nice    %sys %iowait    %irq   %soft  %steal  %guest  %gnice   %idle
06:10:44 PM  all    0.12    0.00    0.12    0.00    4.49   11.11    0.00    0.00    0.00   84.14
06:10:44 PM    0    0.00    0.00    1.00    0.00   36.00   63.00    0.00    0.00    0.00    0.00
06:10:44 PM    1    0.00    0.00    0.00    0.00    0.00    0.00    0.00    0.00    0.00  100.00
06:10:44 PM    2    0.00    0.00    0.00    0.00    0.00    0.00    0.00    0.00    0.00  100.00
06:10:44 PM    3    0.00    0.00    0.00    0.00    0.00    0.00    0.00    0.00    0.00  100.00
06:10:44 PM    4    0.00    0.00    0.00    0.00    0.00    0.00    0.00    0.00    0.00  100.00
06:10:44 PM    5    0.00    0.00    0.00    0.00    0.00   26.00    0.00    0.00    0.00   74.00
06:10:44 PM    6    1.00    0.00    0.00    0.00    0.00    0.00    0.00    0.00    0.00   99.00
06:10:44 PM    7    0.00    0.00    0.00    0.00    0.00    0.00    0.00    0.00    0.00  100.00

06:10:44 PM  CPU    %usr   %nice    %sys %iowait    %irq   %soft  %steal  %guest  %gnice   %idle
06:10:45 PM  all    0.12    0.00    0.00    0.00    4.50   11.25    0.00    0.00    0.00   84.12
06:10:45 PM    0    0.00    0.00    0.00    0.00   36.00   64.00    0.00    0.00    0.00    0.00
06:10:45 PM    1    0.00    0.00    0.00    0.00    0.00    0.00    0.00    0.00    0.00  100.00
06:10:45 PM    2    0.00    0.00    0.00    0.00    0.00    0.00    0.00    0.00    0.00  100.00
06:10:45 PM    3    0.00    0.00    0.00    0.00    0.00    0.00    0.00    0.00    0.00  100.00
06:10:45 PM    4    0.00    0.00    0.00    0.00    0.00    0.00    0.00    0.00    0.00  100.00
06:10:45 PM    5    0.00    0.00    0.00    0.00    0.00   26.00    0.00    0.00    0.00   74.00
06:10:45 PM    6    0.00    0.00    0.00    0.00    0.00    0.00    0.00    0.00    0.00  100.00
06:10:45 PM    7    0.99    0.00    0.00    0.00    0.00    0.00    0.00    0.00    0.00   99.01

06:10:45 PM  CPU    %usr   %nice    %sys %iowait    %irq   %soft  %steal  %guest  %gnice   %idle
06:10:46 PM  all    0.62    0.00    0.99    0.00    2.98   21.86    0.00    0.00    0.00   73.54
06:10:46 PM    0    0.00    0.00    1.00    0.00   23.00   76.00    0.00    0.00    0.00    0.00
06:10:46 PM    1    1.00    0.00    0.00    0.00    0.00    0.00    0.00    0.00    0.00   99.00
06:10:46 PM    2    0.99    0.00    0.00    0.00    0.00    0.00    0.00    0.00    0.00   99.01
06:10:46 PM    3    0.00    0.00    2.00    0.00    0.00    0.00    0.00    0.00    0.00   98.00
06:10:46 PM    4    0.00    0.00    0.00    0.00    0.00  100.00    0.00    0.00    0.00    0.00
06:10:46 PM    5    1.96    0.00    1.96    0.00    0.98    0.00    0.00    0.00    0.00   95.10
06:10:46 PM    6    0.98    0.00    0.98    0.00    0.00    0.00    0.00    0.00    0.00   98.04
06:10:46 PM    7    0.00    0.00    2.00    0.00    0.00    0.00    0.00    0.00    0.00   98.00

06:10:46 PM  CPU    %usr   %nice    %sys %iowait    %irq   %soft  %steal  %guest  %gnice   %idle
06:10:47 PM  all    0.00    0.00    0.25    0.00    2.99   21.92    0.00    0.00    0.00   74.84
06:10:47 PM    0    0.00    0.00    1.00    0.00   23.00   76.00    0.00    0.00    0.00    0.00
06:10:47 PM    1    0.00    0.00    0.00    0.00    0.00    0.99    0.00    0.00    0.00   99.01
06:10:47 PM    2    0.00    0.00    0.00    0.00    0.00    0.00    0.00    0.00    0.00  100.00
06:10:47 PM    3    0.00    0.00    0.00    0.00    0.00    0.00    0.00    0.00    0.00  100.00
06:10:47 PM    4    0.00    0.00    0.00    0.00    1.00   99.00    0.00    0.00    0.00    0.00
06:10:47 PM    5    0.00    0.00    0.00    0.00    0.00    0.00    0.00    0.00    0.00  100.00
06:10:47 PM    6    0.00    0.00    0.99    0.00    0.00    0.00    0.00    0.00    0.00   99.01
06:10:47 PM    7    0.00    0.00    0.00    0.00    0.00    0.00    0.00    0.00    0.00  100.00

06:10:47 PM  CPU    %usr   %nice    %sys %iowait    %irq   %soft  %steal  %guest  %gnice   %idle
06:10:48 PM  all    0.00    0.00    0.00    0.00    3.00   22.12    0.00    0.00    0.00   74.88
06:10:48 PM    0    0.00    0.00    0.00    0.00   23.00   77.00    0.00    0.00    0.00    0.00
06:10:48 PM    1    0.00    0.00    0.00    0.00    0.00    0.00    0.00    0.00    0.00  100.00
06:10:48 PM    2    0.00    0.00    0.00    0.00    0.00    0.00    0.00    0.00    0.00  100.00
06:10:48 PM    3    0.00    0.00    0.00    0.00    0.99    0.00    0.00    0.00    0.00   99.01
06:10:48 PM    4    0.00    0.00    0.00    0.00    0.00  100.00    0.00    0.00    0.00    0.00
06:10:48 PM    5    0.00    0.00    0.00    0.00    0.00    0.00    0.00    0.00    0.00  100.00
06:10:48 PM    6    0.00    0.00    0.00    0.00    0.00    0.00    0.00    0.00    0.00  100.00
06:10:48 PM    7    0.00    0.00    0.00    0.00    0.00    0.00    0.00    0.00    0.00  100.00

06:10:48 PM  CPU    %usr   %nice    %sys %iowait    %irq   %soft  %steal  %guest  %gnice   %idle
06:10:49 PM  all    0.00    0.00    0.12    0.00    3.00   21.97    0.00    0.00    0.00   74.91
06:10:49 PM    0    0.00    0.00    0.99    0.00   22.77   76.24    0.00    0.00    0.00    0.00
06:10:49 PM    1    0.00    0.00    0.00    0.00    0.00    0.00    0.00    0.00    0.00  100.00
06:10:49 PM    2    0.00    0.00    0.00    0.00    0.00    0.00    0.00    0.00    0.00  100.00
06:10:49 PM    3    0.00    0.00    0.00    0.00    0.00    0.00    0.00    0.00    0.00  100.00
06:10:49 PM    4    0.00    0.00    0.00    0.00    1.00   99.00    0.00    0.00    0.00    0.00
06:10:49 PM    5    0.00    0.00    0.00    0.00    0.00    0.00    0.00    0.00    0.00  100.00
06:10:49 PM    6    0.00    0.00    0.00    0.00    0.00    0.00    0.00    0.00    0.00  100.00
06:10:49 PM    7    0.00    0.00    0.00    0.00    0.00    0.00    0.00    0.00    0.00  100.00

06:10:49 PM  CPU    %usr   %nice    %sys %iowait    %irq   %soft  %steal  %guest  %gnice   %idle
06:10:50 PM  all    0.38    0.00    0.75    0.00    3.00   29.38    0.00    0.00    0.00   66.50
06:10:50 PM    0    0.00    0.00    0.00    0.00   23.23   76.77    0.00    0.00    0.00    0.00
06:10:50 PM    1    0.00    0.00    1.01    0.00    0.00    0.00    0.00    0.00    0.00   98.99
06:10:50 PM    2    0.99    0.00    0.99    0.00    0.00    0.00    0.00    0.00    0.00   98.02
06:10:50 PM    3    0.00    0.00    0.99    0.00    0.00    0.00    0.00    0.00    0.00   99.01
06:10:50 PM    4    0.00    0.00    0.00    0.00    0.00   39.00    0.00    0.00    0.00   61.00
06:10:50 PM    5    0.00    0.00    1.00    0.00    0.00   58.00    0.00    0.00    0.00   41.00
06:10:50 PM    6    1.00    0.00    2.00    0.00    1.00   62.00    0.00    0.00    0.00   34.00
06:10:50 PM    7    1.00    0.00    0.00    0.00    0.00    0.00    0.00    0.00    0.00   99.00

06:10:50 PM  CPU    %usr   %nice    %sys %iowait    %irq   %soft  %steal  %guest  %gnice   %idle
06:10:51 PM  all    0.00    0.00    0.25    0.00    2.87   33.46    0.00    0.00    0.00   63.42
06:10:51 PM    0    0.00    0.00    2.00    0.00   22.00   76.00    0.00    0.00    0.00    0.00
06:10:51 PM    1    0.00    0.00    0.00    0.00    0.00    0.99    0.00    0.00    0.00   99.01
06:10:51 PM    2    0.00    0.00    0.00    0.00    0.00    0.00    0.00    0.00    0.00  100.00
06:10:51 PM    3    0.00    0.00    0.00    0.00    0.00    0.00    0.00    0.00    0.00  100.00
06:10:51 PM    4    0.00    0.00    0.00    0.00    0.00    0.00    0.00    0.00    0.00  100.00
06:10:51 PM    5    0.00    0.00    0.00    0.00    1.00   92.00    0.00    0.00    0.00    7.00
06:10:51 PM    6    0.00    0.00    0.00    0.00    0.00  100.00    0.00    0.00    0.00    0.00
06:10:51 PM    7    0.00    0.00    0.00    0.00    0.00    0.00    0.00    0.00    0.00  100.00

06:10:51 PM  CPU    %usr   %nice    %sys %iowait    %irq   %soft  %steal  %guest  %gnice   %idle
06:10:52 PM  all    0.00    0.00    0.12    0.00    3.00   33.12    0.00    0.00    0.00   63.75
06:10:52 PM    0    0.00    0.00    1.00    0.00   23.00   76.00    0.00    0.00    0.00    0.00
06:10:52 PM    1    0.00    0.00    0.00    0.00    0.00    0.00    0.00    0.00    0.00  100.00
06:10:52 PM    2    0.00    0.00    0.00    0.00    0.00    0.00    0.00    0.00    0.00  100.00
06:10:52 PM    3    0.00    0.00    0.00    0.00    0.00    0.00    0.00    0.00    0.00  100.00
06:10:52 PM    4    0.00    0.00    0.00    0.00    0.00    0.00    0.00    0.00    0.00  100.00
06:10:52 PM    5    0.00    0.00    0.00    0.00    0.00   90.91    0.00    0.00    0.00    9.09
06:10:52 PM    6    0.00    0.00    0.00    0.00    1.00   99.00    0.00    0.00    0.00    0.00
06:10:52 PM    7    0.00    0.00    0.00    0.00    0.00    0.00    0.00    0.00    0.00  100.00

06:10:52 PM  CPU    %usr   %nice    %sys %iowait    %irq   %soft  %steal  %guest  %gnice   %idle
06:10:53 PM  all    0.37    0.00    1.00    0.00    3.00   33.21    0.00    0.00    0.00   62.42
06:10:53 PM    0    0.00    0.00    2.00    0.00   22.00   76.00    0.00    0.00    0.00    0.00
06:10:53 PM    1    0.00    0.00    1.98    0.00    0.99    0.00    0.00    0.00    0.00   97.03
06:10:53 PM    2    1.01    0.00    1.01    0.00    0.00    0.00    0.00    0.00    0.00   97.98
06:10:53 PM    3    2.00    0.00    3.00    0.00    0.00    0.00    0.00    0.00    0.00   95.00
06:10:53 PM    4    0.00    0.00    0.00    0.00    0.00    0.00    0.00    0.00    0.00  100.00
06:10:53 PM    5    0.00    0.00    0.00    0.00    0.99   89.11    0.00    0.00    0.00    9.90
06:10:53 PM    6    0.00    0.00    0.00    0.00    0.00  100.00    0.00    0.00    0.00    0.00
06:10:53 PM    7    0.00    0.00    0.00    0.00    0.00    0.00    0.00    0.00    0.00  100.00

06:10:53 PM  CPU    %usr   %nice    %sys %iowait    %irq   %soft  %steal  %guest  %gnice   %idle
06:10:54 PM  all    0.00    0.00    0.00    0.00    2.99   34.04    0.00    0.00    0.00   62.97
06:10:54 PM    0    0.00    0.00    0.00    0.00   23.00   77.00    0.00    0.00    0.00    0.00
06:10:54 PM    1    0.00    0.00    0.00    0.00    0.00    0.00    0.00    0.00    0.00  100.00
06:10:54 PM    2    0.00    0.00    0.00    0.00    0.00   23.00    0.00    0.00    0.00   77.00
06:10:54 PM    3    0.00    0.00    0.00    0.00    0.00    0.00    0.00    0.00    0.00  100.00
06:10:54 PM    4    0.00    0.00    0.00    0.00    0.00   23.00    0.00    0.00    0.00   77.00
06:10:54 PM    5    0.00    0.00    0.00    0.00    0.00   72.00    0.00    0.00    0.00   28.00
06:10:54 PM    6    0.00    0.00    0.00    0.00    0.99   77.23    0.00    0.00    0.00   21.78
06:10:54 PM    7    0.00    0.00    0.00    0.00    0.00    0.00    0.00    0.00    0.00  100.00

06:10:54 PM  CPU    %usr   %nice    %sys %iowait    %irq   %soft  %steal  %guest  %gnice   %idle
06:10:55 PM  all    0.00    0.00    0.25    0.00    3.00   34.21    0.00    0.00    0.00   62.55
06:10:55 PM    0    0.00    0.00    2.00    0.00   22.00   76.00    0.00    0.00    0.00    0.00
06:10:55 PM    1    0.00    0.00    0.00    0.00    0.00    0.00    0.00    0.00    0.00  100.00
06:10:55 PM    2    0.00    0.00    0.00    0.00    1.00   99.00    0.00    0.00    0.00    0.00
06:10:55 PM    3    0.00    0.00    0.00    0.00    0.00    0.00    0.00    0.00    0.00  100.00
06:10:55 PM    4    0.00    0.00    0.00    0.00    1.00   99.00    0.00    0.00    0.00    0.00
06:10:55 PM    5    0.00    0.00    0.00    0.00    0.00    0.00    0.00    0.00    0.00  100.00
06:10:55 PM    6    0.00    0.00    0.00    0.00    0.00    0.00    0.00    0.00    0.00  100.00
06:10:55 PM    7    0.00    0.00    0.00    0.00    0.00    0.00    0.00    0.00    0.00  100.00

06:10:55 PM  CPU    %usr   %nice    %sys %iowait    %irq   %soft  %steal  %guest  %gnice   %idle
06:10:56 PM  all    0.00    0.00    0.25    0.00    3.00   34.46    0.00    0.00    0.00   62.30
06:10:56 PM    0    0.00    0.00    2.00    0.00   22.00   76.00    0.00    0.00    0.00    0.00
06:10:56 PM    1    0.00    0.00    0.00    0.00    0.00    1.00    0.00    0.00    0.00   99.00
06:10:56 PM    2    0.00    0.00    0.00    0.00    1.00   99.00    0.00    0.00    0.00    0.00
06:10:56 PM    3    0.00    0.00    0.00    0.00    0.00    0.00    0.00    0.00    0.00  100.00
06:10:56 PM    4    0.00    0.00    0.00    0.00    0.99   99.01    0.00    0.00    0.00    0.00
06:10:56 PM    5    0.00    0.00    0.00    0.00    0.00    0.00    0.00    0.00    0.00  100.00
06:10:56 PM    6    0.00    0.00    0.00    0.00    0.00    0.00    0.00    0.00    0.00  100.00
06:10:56 PM    7    0.00    0.00    0.00    0.00    0.00    0.00    0.00    0.00    0.00  100.00

06:10:56 PM  CPU    %usr   %nice    %sys %iowait    %irq   %soft  %steal  %guest  %gnice   %idle
06:10:57 PM  all    0.00    0.00    0.25    0.00    2.88   34.25    0.00    0.00    0.00   62.62
06:10:57 PM    0    0.00    0.00    2.00    0.00   22.00   76.00    0.00    0.00    0.00    0.00
06:10:57 PM    1    0.00    0.00    0.00    0.00    0.00    0.00    0.00    0.00    0.00  100.00
06:10:57 PM    2    0.00    0.00    0.00    0.00    1.00   99.00    0.00    0.00    0.00    0.00
06:10:57 PM    3    0.00    0.00    0.00    0.00    0.00    0.00    0.00    0.00    0.00  100.00
06:10:57 PM    4    0.00    0.00    0.00    0.00    0.00  100.00    0.00    0.00    0.00    0.00
06:10:57 PM    5    0.00    0.00    0.00    0.00    0.00    0.00    0.00    0.00    0.00  100.00
06:10:57 PM    6    0.00    0.00    0.00    0.00    0.00    0.00    0.00    0.00    0.00  100.00
06:10:57 PM    7    0.00    0.00    0.00    0.00    0.00    0.00    0.00    0.00    0.00  100.00

06:10:57 PM  CPU    %usr   %nice    %sys %iowait    %irq   %soft  %steal  %guest  %gnice   %idle
06:10:58 PM  all    0.00    0.00    0.12    0.00    3.12   34.25    0.00    0.00    0.00   62.50
06:10:58 PM    0    0.00    0.00    1.00    0.00   23.00   76.00    0.00    0.00    0.00    0.00
06:10:58 PM    1    0.00    0.00    0.00    0.00    0.00    0.00    0.00    0.00    0.00  100.00
06:10:58 PM    2    0.00    0.00    0.00    0.00    1.00   99.00    0.00    0.00    0.00    0.00
06:10:58 PM    3    0.00    0.00    0.00    0.00    0.00    0.00    0.00    0.00    0.00  100.00
06:10:58 PM    4    0.00    0.00    0.00    0.00    1.00   99.00    0.00    0.00    0.00    0.00
06:10:58 PM    5    0.00    0.00    0.00    0.00    0.00    0.00    0.00    0.00    0.00  100.00
06:10:58 PM    6    0.00    0.00    0.00    0.00    0.00    0.00    0.00    0.00    0.00  100.00
06:10:58 PM    7    0.00    0.00    0.00    0.00    0.00    0.00    0.00    0.00    0.00  100.00

06:10:58 PM  CPU    %usr   %nice    %sys %iowait    %irq   %soft  %steal  %guest  %gnice   %idle
06:10:59 PM  all    0.50    0.00    1.00    0.00    2.87   33.04    0.00    0.00    0.00   62.59
06:10:59 PM    0    0.00    0.00    2.00    0.00   22.00   76.00    0.00    0.00    0.00    0.00
06:10:59 PM    1    1.00    0.00    2.00    0.00    0.00    0.00    0.00    0.00    0.00   97.00
06:10:59 PM    2    0.00    0.00    0.00    0.00    0.00   17.82    0.00    0.00    0.00   82.18
06:10:59 PM    3    3.00    0.00    4.00    0.00    0.00    0.00    0.00    0.00    0.00   93.00
06:10:59 PM    4    0.00    0.00    0.00    0.00    0.00  100.00    0.00    0.00    0.00    0.00
06:10:59 PM    5    0.00    0.00    0.00    0.00    1.00   71.00    0.00    0.00    0.00   28.00
06:10:59 PM    6    0.00    0.00    0.00    0.00    0.00    0.00    0.00    0.00    0.00  100.00
06:10:59 PM    7    0.00    0.00    0.00    0.00    0.00    0.00    0.00    0.00    0.00  100.00

06:10:59 PM  CPU    %usr   %nice    %sys %iowait    %irq   %soft  %steal  %guest  %gnice   %idle
06:11:00 PM  all    0.00    0.00    0.12    0.00    2.99   33.00    0.00    0.00    0.00   63.89
06:11:00 PM    0    0.00    0.00    1.00    0.00   23.00   76.00    0.00    0.00    0.00    0.00
06:11:00 PM    1    0.00    0.00    0.00    0.00    0.00    0.99    0.00    0.00    0.00   99.01
06:11:00 PM    2    0.00    0.00    0.00    0.00    0.00    0.00    0.00    0.00    0.00  100.00
06:11:00 PM    3    0.00    0.00    0.00    0.00    0.00    0.00    0.00    0.00    0.00  100.00
06:11:00 PM    4    0.00    0.00    0.00    0.00    1.00   99.00    0.00    0.00    0.00    0.00
06:11:00 PM    5    0.00    0.00    0.00    0.00    0.00   89.00    0.00    0.00    0.00   11.00
06:11:00 PM    6    0.00    0.00    0.00    0.00    0.00    0.00    0.00    0.00    0.00  100.00
06:11:00 PM    7    0.00    0.00    0.00    0.00    0.00    0.00    0.00    0.00    0.00  100.00

06:11:00 PM  CPU    %usr   %nice    %sys %iowait    %irq   %soft  %steal  %guest  %gnice   %idle
06:11:01 PM  all    0.00    0.00    0.25    0.00    3.00   33.08    0.00    0.00    0.00   63.67
06:11:01 PM    0    0.00    0.00    2.00    0.00   22.00   76.00    0.00    0.00    0.00    0.00
06:11:01 PM    1    0.00    0.00    0.00    0.00    0.00    0.00    0.00    0.00    0.00  100.00
06:11:01 PM    2    0.00    0.00    0.00    0.00    0.00    0.00    0.00    0.00    0.00  100.00
06:11:01 PM    3    0.00    0.00    0.00    0.00    0.00    0.00    0.00    0.00    0.00  100.00
06:11:01 PM    4    0.00    0.00    0.00    0.00    0.99   99.01    0.00    0.00    0.00    0.00
06:11:01 PM    5    0.00    0.00    0.00    0.00    1.00   89.00    0.00    0.00    0.00   10.00
06:11:01 PM    6    0.00    0.00    0.00    0.00    0.00    0.00    0.00    0.00    0.00  100.00
06:11:01 PM    7    0.00    0.00    0.00    0.00    0.00    0.00    0.00    0.00    0.00  100.00

06:11:01 PM  CPU    %usr   %nice    %sys %iowait    %irq   %soft  %steal  %guest  %gnice   %idle
06:11:02 PM  all    0.00    0.00    0.13    0.00    3.00   33.04    0.00    0.00    0.00   63.83
06:11:02 PM    0    0.00    0.00    1.00    0.00   23.00   76.00    0.00    0.00    0.00    0.00
06:11:02 PM    1    0.00    0.00    0.00    0.00    0.00    0.00    0.00    0.00    0.00  100.00
06:11:02 PM    2    0.00    0.00    0.00    0.00    0.00    0.00    0.00    0.00    0.00  100.00
06:11:02 PM    3    0.00    0.00    0.00    0.00    0.00    0.00    0.00    0.00    0.00  100.00
06:11:02 PM    4    0.00    0.00    0.00    0.00    0.00  100.00    0.00    0.00    0.00    0.00
06:11:02 PM    5    0.00    0.00    0.00    0.00    1.00   89.00    0.00    0.00    0.00   10.00
06:11:02 PM    6    0.00    0.00    0.00    0.00    0.00    0.00    0.00    0.00    0.00  100.00
06:11:02 PM    7    0.00    0.00    0.00    0.00    0.00    0.00    0.00    0.00    0.00  100.00

06:11:02 PM  CPU    %usr   %nice    %sys %iowait    %irq   %soft  %steal  %guest  %gnice   %idle
06:11:03 PM  all    0.12    0.00    0.37    0.00    3.11   32.92    0.00    0.00    0.00   63.48
06:11:03 PM    0    0.00    0.00    1.00    0.00   23.00   76.00    0.00    0.00    0.00    0.00
06:11:03 PM    1    0.00    0.00    0.00    0.00    0.00    0.00    0.00    0.00    0.00  100.00
06:11:03 PM    2    0.00    0.00    0.00    0.00    0.00    0.00    0.00    0.00    0.00  100.00
06:11:03 PM    3    0.00    0.00    0.00    0.00    0.00    0.00    0.00    0.00    0.00  100.00
06:11:03 PM    4    0.00    0.00    0.00    0.00    0.99   56.44    0.00    0.00    0.00   42.57
06:11:03 PM    5    0.00    0.00    0.00    0.00    0.00   94.00    0.00    0.00    0.00    6.00
06:11:03 PM    6    0.00    0.00    0.99    0.00    0.00    0.00    0.00    0.00    0.00   99.01
06:11:03 PM    7    0.97    0.00    0.97    0.00    0.97   36.89    0.00    0.00    0.00   60.19

Average:     CPU    %usr   %nice    %sys %iowait    %irq   %soft  %steal  %guest  %gnice   %idle
Average:     all    0.08    0.00    0.24    0.00    3.43   24.09    0.00    0.00    0.00   72.16
Average:       0    0.00    0.00    0.93    0.00   26.53   72.53    0.00    0.00    0.00    0.00
Average:       1    0.07    0.00    0.20    0.03    0.07    0.23    0.00    0.00    0.00   99.40
Average:       2    0.10    0.00    0.07    0.00    0.23   25.12    0.00    0.00    0.00   74.48
Average:       3    0.17    0.00    0.33    0.00    0.03    0.03    0.00    0.00    0.00   99.44
Average:       4    0.00    0.00    0.00    0.00    0.27   43.72    0.00    0.00    0.00   56.01
Average:       5    0.07    0.00    0.10    0.00    0.23   35.44    0.00    0.00    0.00   64.16
Average:       6    0.10    0.00    0.17    0.00    0.10   14.56    0.00    0.00    0.00   85.08
Average:       7    0.13    0.00    0.10    0.00    0.03    1.30    0.00    0.00    0.00   98.44
