Linux 7.0.9 (hp3) 	06/20/2026 	_x86_64_	(8 CPU)

03:26:37 AM  CPU    %usr   %nice    %sys %iowait    %irq   %soft  %steal  %guest  %gnice   %idle
03:26:38 AM  all    0.00    0.00   10.16    0.00    0.25   28.48    0.00    0.00    0.00   61.10
03:26:38 AM    0    0.00    0.00    0.00    0.00    0.99   99.01    0.00    0.00    0.00    0.00
03:26:38 AM    1    0.00    0.00    0.00    0.00    1.01   56.57    0.00    0.00    0.00   42.42
03:26:38 AM    2    0.00    0.00    6.06    0.00    0.00    0.00    0.00    0.00    0.00   93.94
03:26:38 AM    3    0.00    0.00    0.00    0.00    0.00    0.00    0.00    0.00    0.00  100.00
03:26:38 AM    4    0.00    0.00   27.27    0.00    0.00   38.38    0.00    0.00    0.00   34.34
03:26:38 AM    5    0.00    0.00   23.23    0.00    0.00   13.13    0.00    0.00    0.00   63.64
03:26:38 AM    6    0.00    0.00   15.00    0.00    0.00    0.00    0.00    0.00    0.00   85.00
03:26:38 AM    7    0.00    0.00   10.00    0.00    0.00   20.00    0.00    0.00    0.00   70.00

03:26:38 AM  CPU    %usr   %nice    %sys %iowait    %irq   %soft  %steal  %guest  %gnice   %idle
03:26:39 AM  all    0.00    0.00    9.06    0.00    0.37   29.78    0.00    0.00    0.00   60.79
03:26:39 AM    0    0.00    0.00    0.00    0.00    1.00   99.00    0.00    0.00    0.00    0.00
03:26:39 AM    1    0.00    0.00    0.00    0.00    0.99   74.26    0.00    0.00    0.00   24.75
03:26:39 AM    2    0.00    0.00   53.47    0.00    0.00   32.67    0.00    0.00    0.00   13.86
03:26:39 AM    3    0.00    0.00    0.00    0.00    0.00    0.00    0.00    0.00    0.00  100.00
03:26:39 AM    4    0.00    0.00    0.00    0.00    0.00    0.00    0.00    0.00    0.00  100.00
03:26:39 AM    5    0.00    0.00    0.00    0.00    0.00    0.00    0.00    0.00    0.00  100.00
03:26:39 AM    6    0.00    0.00   18.81    0.00    0.99   32.67    0.00    0.00    0.00   47.52
03:26:39 AM    7    0.00    0.00    0.00    0.00    0.00    0.00    0.00    0.00    0.00  100.00

03:26:39 AM  CPU    %usr   %nice    %sys %iowait    %irq   %soft  %steal  %guest  %gnice   %idle
03:26:40 AM  all    0.00    0.00    7.96    0.00    0.50   33.71    0.00    0.00    0.00   57.84
03:26:40 AM    0    0.00    0.00    0.00    0.00    1.00   99.00    0.00    0.00    0.00    0.00
03:26:40 AM    1    0.00    0.00    0.99    0.00    0.99   74.26    0.00    0.00    0.00   23.76
03:26:40 AM    2    0.00    0.00    4.95    0.00    0.00    4.95    0.00    0.00    0.00   90.10
03:26:40 AM    3    0.00    0.00    5.00    0.00    0.00    4.00    0.00    0.00    0.00   91.00
03:26:40 AM    4    0.00    0.00   26.73    0.00    0.99   42.57    0.00    0.00    0.00   29.70
03:26:40 AM    5    0.00    0.00    0.00    0.00    0.00    0.00    0.00    0.00    0.00  100.00
03:26:40 AM    6    0.00    0.00   12.00    0.00    0.00   27.00    0.00    0.00    0.00   61.00
03:26:40 AM    7    0.00    0.00   13.86    0.00    0.99   17.82    0.00    0.00    0.00   67.33

03:26:40 AM  CPU    %usr   %nice    %sys %iowait    %irq   %soft  %steal  %guest  %gnice   %idle
03:26:41 AM  all    0.13    0.00    7.65    0.00    0.38   31.37    0.00    0.00    0.00   60.48
03:26:41 AM    0    1.01    0.00    0.00    0.00    1.01   56.57    0.00    0.00    0.00   41.41
03:26:41 AM    1    0.00    0.00    0.00    0.00    1.00   99.00    0.00    0.00    0.00    0.00
03:26:41 AM    2    0.00    0.00    0.00    0.00    0.00    0.00    0.00    0.00    0.00  100.00
03:26:41 AM    3    0.00    0.00   19.00    0.00    1.00   34.00    0.00    0.00    0.00   46.00
03:26:41 AM    4    0.00    0.00   15.00    0.00    0.00   31.00    0.00    0.00    0.00   54.00
03:26:41 AM    5    0.00    0.00   17.00    0.00    0.00   16.00    0.00    0.00    0.00   67.00
03:26:41 AM    6    0.00    0.00    0.00    0.00    0.00    0.00    0.00    0.00    0.00  100.00
03:26:41 AM    7    0.00    0.00   10.10    0.00    0.00   14.14    0.00    0.00    0.00   75.76

03:26:41 AM  CPU    %usr   %nice    %sys %iowait    %irq   %soft  %steal  %guest  %gnice   %idle
03:26:42 AM  all    0.00    0.00    8.80    0.00    0.62   29.99    0.00    0.00    0.00   60.59
03:26:42 AM    0    0.00    0.00    0.00    0.00    0.99   52.48    0.00    0.00    0.00   46.53
03:26:42 AM    1    0.00    0.00    0.00    0.00    1.98   98.02    0.00    0.00    0.00    0.00
03:26:42 AM    2    0.00    0.00   16.83    0.00    0.99   14.85    0.00    0.00    0.00   67.33
03:26:42 AM    3    0.00    0.00    6.93    0.00    0.00    3.96    0.00    0.00    0.00   89.11
03:26:42 AM    4    0.00    0.00   29.00    0.00    1.00   40.00    0.00    0.00    0.00   30.00
03:26:42 AM    5    0.00    0.00    6.93    0.00    0.00    4.95    0.00    0.00    0.00   88.12
03:26:42 AM    6    0.00    0.00    0.00    0.00    0.00    0.00    0.00    0.00    0.00  100.00
03:26:42 AM    7    0.00    0.00   10.78    0.00    0.00   25.49    0.00    0.00    0.00   63.73

03:26:42 AM  CPU    %usr   %nice    %sys %iowait    %irq   %soft  %steal  %guest  %gnice   %idle
03:26:43 AM  all    0.00    0.00    8.92    0.25    0.25   30.65    0.00    0.00    0.00   59.92
03:26:43 AM    0    0.00    0.00    0.00    2.02    1.01   79.80    0.00    0.00    0.00   17.17
03:26:43 AM    1    0.00    0.00    0.00    0.00    0.00   74.75    0.00    0.00    0.00   25.25
03:26:43 AM    2    0.00    0.00   10.00    0.00    0.00   20.00    0.00    0.00    0.00   70.00
03:26:43 AM    3    0.00    0.00   11.11    0.00    0.00   11.11    0.00    0.00    0.00   77.78
03:26:43 AM    4    0.00    0.00   15.00    0.00    0.00   14.00    0.00    0.00    0.00   71.00
03:26:43 AM    5    0.00    0.00   25.00    0.00    1.00   26.00    0.00    0.00    0.00   48.00
03:26:43 AM    6    0.00    0.00   10.00    0.00    0.00   20.00    0.00    0.00    0.00   70.00
03:26:43 AM    7    0.00    0.00    0.00    0.00    0.00    0.00    0.00    0.00    0.00  100.00

03:26:43 AM  CPU    %usr   %nice    %sys %iowait    %irq   %soft  %steal  %guest  %gnice   %idle
03:26:44 AM  all    0.00    0.00    8.84    0.00    0.37   32.25    0.00    0.00    0.00   58.53
03:26:44 AM    0    0.00    0.00    0.00    0.00    0.99   69.31    0.00    0.00    0.00   29.70
03:26:44 AM    1    0.00    0.00    0.00    0.00    1.98   98.02    0.00    0.00    0.00    0.00
03:26:44 AM    2    0.00    0.00   10.10    0.00    0.00    4.04    0.00    0.00    0.00   85.86
03:26:44 AM    3    0.00    0.00    9.00    0.00    0.00   21.00    0.00    0.00    0.00   70.00
03:26:44 AM    4    0.00    0.00   16.00    0.00    0.00   31.00    0.00    0.00    0.00   53.00
03:26:44 AM    5    0.00    0.00   20.79    0.00    0.00   16.83    0.00    0.00    0.00   62.38
03:26:44 AM    6    0.00    0.00   15.00    0.00    0.00   17.00    0.00    0.00    0.00   68.00
03:26:44 AM    7    0.00    0.00    0.00    0.00    0.00    0.00    0.00    0.00    0.00  100.00

03:26:44 AM  CPU    %usr   %nice    %sys %iowait    %irq   %soft  %steal  %guest  %gnice   %idle
03:26:45 AM  all    0.00    0.00    9.40    0.00    0.38   29.57    0.00    0.00    0.00   60.65
03:26:45 AM    0    0.00    0.00    0.00    0.00    1.01   76.77    0.00    0.00    0.00   22.22
03:26:45 AM    1    0.00    0.00    0.00    0.00    1.00   99.00    0.00    0.00    0.00    0.00
03:26:45 AM    2    0.00    0.00   20.00    0.00    0.00   29.00    0.00    0.00    0.00   51.00
03:26:45 AM    3    0.00    0.00   35.00    0.00    0.00    1.00    0.00    0.00    0.00   64.00
03:26:45 AM    4    0.00    0.00   20.00    0.00    1.00   31.00    0.00    0.00    0.00   48.00
03:26:45 AM    5    0.00    0.00    0.00    0.00    0.00    0.00    0.00    0.00    0.00  100.00
03:26:45 AM    6    0.00    0.00    0.00    0.00    0.00    0.00    0.00    0.00    0.00  100.00
03:26:45 AM    7    0.00    0.00    0.00    0.00    0.00    0.00    0.00    0.00    0.00  100.00

03:26:45 AM  CPU    %usr   %nice    %sys %iowait    %irq   %soft  %steal  %guest  %gnice   %idle
03:26:46 AM  all    0.00    0.00    8.61    0.00    0.37   32.08    0.00    0.00    0.00   58.93
03:26:46 AM    0    0.00    0.00    1.00    0.00    1.00   96.00    0.00    0.00    0.00    2.00
03:26:46 AM    1    0.00    0.00    0.00    0.00    1.01   72.73    0.00    0.00    0.00   26.26
03:26:46 AM    2    0.00    0.00    0.00    0.00    0.00    0.00    0.00    0.00    0.00  100.00
03:26:46 AM    3    0.00    0.00    2.97    0.00    0.00    1.98    0.00    0.00    0.00   95.05
03:26:46 AM    4    0.00    0.00   14.00    0.00    0.00   17.00    0.00    0.00    0.00   69.00
03:26:46 AM    5    0.00    0.00   16.83    0.00    0.00   25.74    0.00    0.00    0.00   57.43
03:26:46 AM    6    0.00    0.00   34.00    0.00    1.00   44.00    0.00    0.00    0.00   21.00
03:26:46 AM    7    0.00    0.00    0.00    0.00    0.00    0.00    0.00    0.00    0.00  100.00

03:26:46 AM  CPU    %usr   %nice    %sys %iowait    %irq   %soft  %steal  %guest  %gnice   %idle
03:26:47 AM  all    0.00    0.00    7.20    0.00    0.50   28.82    0.00    0.00    0.00   63.48
03:26:47 AM    0    0.00    0.00    0.00    0.00    0.99   33.66    0.00    0.00    0.00   65.35
03:26:47 AM    1    0.00    0.00    0.00    0.00    1.00   99.00    0.00    0.00    0.00    0.00
03:26:47 AM    2    0.00    0.00   11.88    0.00    0.00   20.79    0.00    0.00    0.00   67.33
03:26:47 AM    3    0.00    0.00    8.82    0.00    0.98   18.63    0.00    0.00    0.00   71.57
03:26:47 AM    4    0.00    0.00   11.00    0.00    0.00   20.00    0.00    0.00    0.00   69.00
03:26:47 AM    5    0.00    0.00   19.00    0.00    1.00   30.00    0.00    0.00    0.00   50.00
03:26:47 AM    6    0.00    0.00    6.93    0.00    0.00    8.91    0.00    0.00    0.00   84.16
03:26:47 AM    7    0.00    0.00    0.00    0.00    0.00    0.00    0.00    0.00    0.00  100.00

03:26:47 AM  CPU    %usr   %nice    %sys %iowait    %irq   %soft  %steal  %guest  %gnice   %idle
03:26:48 AM  all    0.00    0.00    9.84    0.00    0.50   30.01    0.00    0.00    0.00   59.65
03:26:48 AM    0    0.00    0.00    1.00    0.00    1.00   76.00    0.00    0.00    0.00   22.00
03:26:48 AM    1    0.00    0.00    0.00    0.00    1.00   79.00    0.00    0.00    0.00   20.00
03:26:48 AM    2    0.00    0.00   11.88    0.00    0.99   16.83    0.00    0.00    0.00   70.30
03:26:48 AM    3    0.00    0.00    2.02    0.00    0.00    1.01    0.00    0.00    0.00   96.97
03:26:48 AM    4    0.00    0.00   18.63    0.00    0.98   16.67    0.00    0.00    0.00   63.73
03:26:48 AM    5    0.00    0.00   36.00    0.00    0.00   45.00    0.00    0.00    0.00   19.00
03:26:48 AM    6    0.00    0.00    9.00    0.00    0.00    6.00    0.00    0.00    0.00   85.00
03:26:48 AM    7    0.00    0.00    0.00    0.00    0.00    0.00    0.00    0.00    0.00  100.00

03:26:48 AM  CPU    %usr   %nice    %sys %iowait    %irq   %soft  %steal  %guest  %gnice   %idle
03:26:49 AM  all    0.00    0.00   12.16    0.00    0.25   20.80    0.00    0.00    0.00   66.79
03:26:49 AM    0    0.00    0.00    0.00    0.00    0.99   71.29    0.00    0.00    0.00   27.72
03:26:49 AM    1    0.00    0.00    0.00    0.00    1.00   75.00    0.00    0.00    0.00   24.00
03:26:49 AM    2    0.00    0.00    0.00    0.00    0.00    0.00    0.00    0.00    0.00  100.00
03:26:49 AM    3    0.00    0.00    0.00    0.00    0.00    0.00    0.00    0.00    0.00  100.00
03:26:49 AM    4    0.00    0.00    2.00    0.00    0.00    2.00    0.00    0.00    0.00   96.00
03:26:49 AM    5    0.00    0.00    6.12    0.00    0.00    6.12    0.00    0.00    0.00   87.76
03:26:49 AM    6    0.00    0.00   48.00    0.00    0.00    9.00    0.00    0.00    0.00   43.00
03:26:49 AM    7    0.00    0.00   41.41    0.00    0.00    2.02    0.00    0.00    0.00   56.57

03:26:49 AM  CPU    %usr   %nice    %sys %iowait    %irq   %soft  %steal  %guest  %gnice   %idle
03:26:50 AM  all    0.12    0.00    9.34    0.00    0.37   28.77    0.00    0.00    0.00   61.39
03:26:50 AM    0    0.00    0.00    0.00    0.00    1.00   65.00    0.00    0.00    0.00   34.00
03:26:50 AM    1    0.99    0.00    0.99    0.00    0.99   79.21    0.00    0.00    0.00   17.82
03:26:50 AM    2    0.00    0.00   15.00    0.00    0.00    8.00    0.00    0.00    0.00   77.00
03:26:50 AM    3    0.00    0.00    0.00    0.00    0.00    0.00    0.00    0.00    0.00  100.00
03:26:50 AM    4    0.00    0.00   11.00    0.00    0.00   18.00    0.00    0.00    0.00   71.00
03:26:50 AM    5    0.00    0.00   27.72    0.00    0.00   32.67    0.00    0.00    0.00   39.60
03:26:50 AM    6    0.00    0.00   20.00    0.00    1.00   27.00    0.00    0.00    0.00   52.00
03:26:50 AM    7    0.00    0.00    0.00    0.00    0.00    0.00    0.00    0.00    0.00  100.00

03:26:50 AM  CPU    %usr   %nice    %sys %iowait    %irq   %soft  %steal  %guest  %gnice   %idle
03:26:51 AM  all    0.00    0.00    7.99    0.00    0.25   28.09    0.00    0.00    0.00   63.67
03:26:51 AM    0    0.00    0.00    0.00    0.00    1.00   99.00    0.00    0.00    0.00    0.00
03:26:51 AM    1    0.00    0.00    0.00    0.00    0.00   27.55    0.00    0.00    0.00   72.45
03:26:51 AM    2    0.00    0.00   14.00    0.00    0.00   26.00    0.00    0.00    0.00   60.00
03:26:51 AM    3    0.00    0.00    2.00    0.00    0.00    0.00    0.00    0.00    0.00   98.00
03:26:51 AM    4    0.00    0.00   14.00    0.00    0.00   20.00    0.00    0.00    0.00   66.00
03:26:51 AM    5    0.00    0.00   16.83    0.00    0.99   23.76    0.00    0.00    0.00   58.42
03:26:51 AM    6    0.00    0.00    5.94    0.00    0.00    8.91    0.00    0.00    0.00   85.15
03:26:51 AM    7    0.00    0.00   10.89    0.00    0.00   19.80    0.00    0.00    0.00   69.31

03:26:51 AM  CPU    %usr   %nice    %sys %iowait    %irq   %soft  %steal  %guest  %gnice   %idle
03:26:52 AM  all    0.00    0.00    9.16    0.00    0.25   27.10    0.00    0.00    0.00   63.49
03:26:52 AM    0    0.00    0.00    0.00    0.00    1.01   98.99    0.00    0.00    0.00    0.00
03:26:52 AM    1    0.00    0.00    0.00    0.00    1.00   50.00    0.00    0.00    0.00   49.00
03:26:52 AM    2    0.00    0.00    0.00    0.00    0.00    0.00    0.00    0.00    0.00  100.00
03:26:52 AM    3    0.00    0.00   26.26    0.00    0.00   31.31    0.00    0.00    0.00   42.42
03:26:52 AM    4    0.00    0.00   10.00    0.00    0.00   21.00    0.00    0.00    0.00   69.00
03:26:52 AM    5    0.00    0.00   12.00    0.00    0.00   14.00    0.00    0.00    0.00   74.00
03:26:52 AM    6    0.00    0.00   25.25    0.00    0.00    2.02    0.00    0.00    0.00   72.73
03:26:52 AM    7    0.00    0.00    0.00    0.00    0.00    0.00    0.00    0.00    0.00  100.00

03:26:52 AM  CPU    %usr   %nice    %sys %iowait    %irq   %soft  %steal  %guest  %gnice   %idle
03:26:53 AM  all    0.12    0.00   12.67    0.00    0.37   25.71    0.00    0.00    0.00   61.12
03:26:53 AM    0    0.00    0.00    1.00    0.00    1.00   81.00    0.00    0.00    0.00   17.00
03:26:53 AM    1    0.99    0.00    0.99    0.00    0.99   86.14    0.00    0.00    0.00   10.89
03:26:53 AM    2    0.00    0.00    0.00    0.00    0.00    0.00    0.00    0.00    0.00  100.00
03:26:53 AM    3    0.00    0.00   42.57    0.00    0.00    0.99    0.00    0.00    0.00   56.44
03:26:53 AM    4    0.00    0.00   17.00    0.00    0.00   15.00    0.00    0.00    0.00   68.00
03:26:53 AM    5    0.00    0.00    0.00    0.00    0.00    0.00    0.00    0.00    0.00  100.00
03:26:53 AM    6    0.00    0.00   19.61    0.00    0.00    5.88    0.00    0.00    0.00   74.51
03:26:53 AM    7    0.00    0.00   20.00    0.00    1.00   17.00    0.00    0.00    0.00   62.00

03:26:53 AM  CPU    %usr   %nice    %sys %iowait    %irq   %soft  %steal  %guest  %gnice   %idle
03:26:54 AM  all    0.00    0.00    9.25    0.00    0.38   32.00    0.00    0.00    0.00   58.38
03:26:54 AM    0    0.00    0.00    0.00    0.00    1.00   85.00    0.00    0.00    0.00   14.00
03:26:54 AM    1    0.00    0.00    0.00    0.00    0.99   79.21    0.00    0.00    0.00   19.80
03:26:54 AM    2    0.00    0.00    0.00    0.00    0.00    0.00    0.00    0.00    0.00  100.00
03:26:54 AM    3    0.00    0.00   13.00    0.00    0.00   19.00    0.00    0.00    0.00   68.00
03:26:54 AM    4    0.00    0.00    7.00    0.00    1.00   13.00    0.00    0.00    0.00   79.00
03:26:54 AM    5    0.00    0.00    0.00    0.00    0.00    0.00    0.00    0.00    0.00  100.00
03:26:54 AM    6    0.00    0.00   27.27    0.00    0.00   24.24    0.00    0.00    0.00   48.48
03:26:54 AM    7    0.00    0.00   27.00    0.00    0.00   35.00    0.00    0.00    0.00   38.00

03:26:54 AM  CPU    %usr   %nice    %sys %iowait    %irq   %soft  %steal  %guest  %gnice   %idle
03:26:55 AM  all    0.00    0.00   10.97    0.12    0.25   30.92    0.00    0.00    0.00   57.73
03:26:55 AM    0    0.00    0.00    0.00    0.00    1.00   90.00    0.00    0.00    0.00    9.00
03:26:55 AM    1    0.00    0.00    0.00    1.00    1.00   79.00    0.00    0.00    0.00   19.00
03:26:55 AM    2    0.00    0.00    0.00    0.00    0.00    0.00    0.00    0.00    0.00  100.00
03:26:55 AM    3    0.00    0.00    0.00    0.00    0.00    0.00    0.00    0.00    0.00  100.00
03:26:55 AM    4    0.00    0.00    4.95    0.00    0.00    6.93    0.00    0.00    0.00   88.12
03:26:55 AM    5    0.00    0.00   12.12    0.00    0.00   18.18    0.00    0.00    0.00   69.70
03:26:55 AM    6    0.00    0.00   42.00    0.00    0.00   40.00    0.00    0.00    0.00   18.00
03:26:55 AM    7    0.00    0.00   29.00    0.00    0.00   14.00    0.00    0.00    0.00   57.00

03:26:55 AM  CPU    %usr   %nice    %sys %iowait    %irq   %soft  %steal  %guest  %gnice   %idle
03:26:56 AM  all    0.00    0.00    8.38    0.12    0.38   34.25    0.00    0.00    0.00   56.88
03:26:56 AM    0    0.00    0.00    0.00    0.00    2.00   98.00    0.00    0.00    0.00    0.00
03:26:56 AM    1    0.00    0.00    0.00    1.00    1.00   80.00    0.00    0.00    0.00   18.00
03:26:56 AM    2    0.00    0.00   21.00    0.00    0.00   36.00    0.00    0.00    0.00   43.00
03:26:56 AM    3    0.00    0.00    0.00    0.00    0.00    0.00    0.00    0.00    0.00  100.00
03:26:56 AM    4    0.00    0.00    0.00    0.00    0.00    0.00    0.00    0.00    0.00  100.00
03:26:56 AM    5    0.00    0.00    6.00    0.00    0.00   15.00    0.00    0.00    0.00   79.00
03:26:56 AM    6    0.00    0.00   11.00    0.00    0.00   13.00    0.00    0.00    0.00   76.00
03:26:56 AM    7    0.00    0.00   29.00    0.00    0.00   32.00    0.00    0.00    0.00   39.00

03:26:56 AM  CPU    %usr   %nice    %sys %iowait    %irq   %soft  %steal  %guest  %gnice   %idle
03:26:57 AM  all    0.00    0.00    9.45    0.00    0.25   20.77    0.00    0.00    0.00   69.53
03:26:57 AM    0    0.00    0.00    0.00    0.00    0.99   99.01    0.00    0.00    0.00    0.00
03:26:57 AM    1    0.00    0.00    0.00    0.00    0.00   15.00    0.00    0.00    0.00   85.00
03:26:57 AM    2    0.00    0.00   10.89    0.00    0.99   23.76    0.00    0.00    0.00   64.36
03:26:57 AM    3    0.00    0.00    0.00    0.00    0.00    0.00    0.00    0.00    0.00  100.00
03:26:57 AM    4    0.00    0.00    9.09    0.00    0.00   20.20    0.00    0.00    0.00   70.71
03:26:57 AM    5    0.00    0.00    3.96    0.00    0.00    5.94    0.00    0.00    0.00   90.10
03:26:57 AM    6    0.00    0.00   51.49    0.00    0.00    1.98    0.00    0.00    0.00   46.53
03:26:57 AM    7    0.00    0.00    0.00    0.00    0.00    0.00    0.00    0.00    0.00  100.00

03:26:57 AM  CPU    %usr   %nice    %sys %iowait    %irq   %soft  %steal  %guest  %gnice   %idle
03:26:58 AM  all    0.00    0.00    9.03    0.00    0.25   24.09    0.00    0.00    0.00   66.62
03:26:58 AM    0    0.00    0.00    0.00    0.00    0.00   38.38    0.00    0.00    0.00   61.62
03:26:58 AM    1    0.00    0.00    0.00    0.00    1.00   80.00    0.00    0.00    0.00   19.00
03:26:58 AM    2    0.00    0.00    0.00    0.00    0.00    0.00    0.00    0.00    0.00  100.00
03:26:58 AM    3    0.00    0.00   10.20    0.00    0.00   19.39    0.00    0.00    0.00   70.41
03:26:58 AM    4    0.00    0.00   11.88    0.00    0.00   14.85    0.00    0.00    0.00   73.27
03:26:58 AM    5    0.00    0.00   16.00    0.00    0.00   16.00    0.00    0.00    0.00   68.00
03:26:58 AM    6    0.00    0.00   34.34    0.00    1.01   24.24    0.00    0.00    0.00   40.40
03:26:58 AM    7    0.00    0.00    0.00    0.00    0.00    0.00    0.00    0.00    0.00  100.00

03:26:58 AM  CPU    %usr   %nice    %sys %iowait    %irq   %soft  %steal  %guest  %gnice   %idle
03:26:59 AM  all    0.13    0.00    8.39    0.00    0.63   20.78    0.00    0.00    0.00   70.09
03:26:59 AM    0    0.00    0.00    0.00    0.00    1.98   98.02    0.00    0.00    0.00    0.00
03:26:59 AM    1    1.01    0.00    1.01    0.00    0.00    0.00    0.00    0.00    0.00   97.98
03:26:59 AM    2    0.00    0.00   39.80    0.00    0.00   11.22    0.00    0.00    0.00   48.98
03:26:59 AM    3    0.00    0.00    9.80    0.00    0.98   20.59    0.00    0.00    0.00   68.63
03:26:59 AM    4    0.00    0.00    2.02    0.00    0.00    5.05    0.00    0.00    0.00   92.93
03:26:59 AM    5    0.00    0.00   11.00    0.00    1.00   22.00    0.00    0.00    0.00   66.00
03:26:59 AM    6    0.00    0.00    0.00    0.00    0.00    0.00    0.00    0.00    0.00  100.00
03:26:59 AM    7    0.00    0.00    4.00    0.00    1.00    8.00    0.00    0.00    0.00   87.00

03:26:59 AM  CPU    %usr   %nice    %sys %iowait    %irq   %soft  %steal  %guest  %gnice   %idle
03:27:00 AM  all    0.00    0.00   10.40    0.00    0.25   32.55    0.00    0.00    0.00   56.81
03:27:00 AM    0    0.00    0.00    0.00    0.00    0.99   99.01    0.00    0.00    0.00    0.00
03:27:00 AM    1    0.00    0.00    0.98    0.00    0.98   75.49    0.00    0.00    0.00   22.55
03:27:00 AM    2    0.00    0.00    7.92    0.00    0.00   13.86    0.00    0.00    0.00   78.22
03:27:00 AM    3    0.00    0.00   14.00    0.00    0.00   17.00    0.00    0.00    0.00   69.00
03:27:00 AM    4    0.00    0.00   16.83    0.00    0.00   16.83    0.00    0.00    0.00   66.34
03:27:00 AM    5    0.00    0.00   19.00    0.00    0.00   11.00    0.00    0.00    0.00   70.00
03:27:00 AM    6    0.00    0.00   19.61    0.00    0.00   13.73    0.00    0.00    0.00   66.67
03:27:00 AM    7    0.00    0.00    4.95    0.00    0.00   12.87    0.00    0.00    0.00   82.18

03:27:00 AM  CPU    %usr   %nice    %sys %iowait    %irq   %soft  %steal  %guest  %gnice   %idle
03:27:01 AM  all    0.00    0.00   10.71    0.00    0.50   32.75    0.00    0.00    0.00   56.04
03:27:01 AM    0    0.00    0.00    0.00    0.00    1.00   99.00    0.00    0.00    0.00    0.00
03:27:01 AM    1    0.00    0.00    0.00    0.00    1.98   98.02    0.00    0.00    0.00    0.00
03:27:01 AM    2    0.00    0.00   50.00    0.00    0.00   30.00    0.00    0.00    0.00   20.00
03:27:01 AM    3    0.00    0.00    0.00    0.00    0.00    0.00    0.00    0.00    0.00  100.00
03:27:01 AM    4    0.00    0.00    0.99    0.00    0.99    0.00    0.00    0.00    0.00   98.02
03:27:01 AM    5    0.00    0.00   18.81    0.00    0.00   18.81    0.00    0.00    0.00   62.38
03:27:01 AM    6    0.00    0.00    0.00    0.00    0.00    0.00    0.00    0.00    0.00  100.00
03:27:01 AM    7    0.00    0.00   16.00    0.00    0.00   16.00    0.00    0.00    0.00   68.00

03:27:01 AM  CPU    %usr   %nice    %sys %iowait    %irq   %soft  %steal  %guest  %gnice   %idle
03:27:02 AM  all    0.00    0.00   10.31    0.00    0.25   22.01    0.00    0.00    0.00   67.42
03:27:02 AM    0    0.00    0.00    0.00    0.00    1.01   98.99    0.00    0.00    0.00    0.00
03:27:02 AM    1    0.00    0.00    1.03    0.00    0.00   35.05    0.00    0.00    0.00   63.92
03:27:02 AM    2    0.00    0.00   59.00    0.00    1.00    4.00    0.00    0.00    0.00   36.00
03:27:02 AM    3    0.00    0.00   12.00    0.00    0.00   19.00    0.00    0.00    0.00   69.00
03:27:02 AM    4    0.00    0.00   10.10    0.00    0.00   20.20    0.00    0.00    0.00   69.70
03:27:02 AM    5    0.00    0.00    0.00    0.00    0.00    0.00    0.00    0.00    0.00  100.00
03:27:02 AM    6    0.00    0.00    0.00    0.00    0.00    0.00    0.00    0.00    0.00  100.00
03:27:02 AM    7    0.00    0.00    0.00    0.00    0.00    0.00    0.00    0.00    0.00  100.00

03:27:02 AM  CPU    %usr   %nice    %sys %iowait    %irq   %soft  %steal  %guest  %gnice   %idle
03:27:03 AM  all    0.00    0.00    7.52    0.00    0.25   31.08    0.00    0.00    0.00   61.15
03:27:03 AM    0    0.00    0.00    0.00    0.00    1.01   74.75    0.00    0.00    0.00   24.24
03:27:03 AM    1    0.00    0.00    0.00    0.00    0.99   76.24    0.00    0.00    0.00   22.77
03:27:03 AM    2    0.00    0.00   13.00    0.00    0.00   21.00    0.00    0.00    0.00   66.00
03:27:03 AM    3    0.00    0.00    5.00    0.00    0.00    9.00    0.00    0.00    0.00   86.00
03:27:03 AM    4    0.00    0.00   12.12    0.00    0.00   19.19    0.00    0.00    0.00   68.69
03:27:03 AM    5    0.00    0.00    8.00    0.00    0.00    9.00    0.00    0.00    0.00   83.00
03:27:03 AM    6    0.00    0.00   22.22    0.00    0.00   39.39    0.00    0.00    0.00   38.38
03:27:03 AM    7    0.00    0.00    0.00    0.00    0.00    0.00    0.00    0.00    0.00  100.00

03:27:03 AM  CPU    %usr   %nice    %sys %iowait    %irq   %soft  %steal  %guest  %gnice   %idle
03:27:04 AM  all    0.00    0.00    5.76    0.00    0.38   25.53    0.00    0.00    0.00   68.34
03:27:04 AM    0    0.00    0.00    0.00    0.00    0.99    0.00    0.00    0.00    0.00   99.01
03:27:04 AM    1    0.00    0.00    0.00    0.00    1.01   98.99    0.00    0.00    0.00    0.00
03:27:04 AM    2    0.00    0.00   19.00    0.00    0.00   42.00    0.00    0.00    0.00   39.00
03:27:04 AM    3    0.00    0.00    5.05    0.00    0.00   13.13    0.00    0.00    0.00   81.82
03:27:04 AM    4    0.00    0.00    0.00    0.00    0.00    0.00    0.00    0.00    0.00  100.00
03:27:04 AM    5    0.00    0.00   13.13    0.00    0.00   31.31    0.00    0.00    0.00   55.56
03:27:04 AM    6    0.00    0.00    8.91    0.00    0.99   19.80    0.00    0.00    0.00   70.30
03:27:04 AM    7    0.00    0.00    0.00    0.00    0.00    0.00    0.00    0.00    0.00  100.00

03:27:04 AM  CPU    %usr   %nice    %sys %iowait    %irq   %soft  %steal  %guest  %gnice   %idle
03:27:05 AM  all    0.12    0.00    7.74    0.12    0.37   26.22    0.00    0.00    0.00   65.42
03:27:05 AM    0    0.00    0.00    0.00    0.99    0.99   61.39    0.00    0.00    0.00   36.63
03:27:05 AM    1    0.99    0.00    0.99    0.00    0.99   52.48    0.00    0.00    0.00   44.55
03:27:05 AM    2    0.00    0.00   12.12    0.00    0.00   18.18    0.00    0.00    0.00   69.70
03:27:05 AM    3    0.00    0.00    9.90    0.00    0.99   18.81    0.00    0.00    0.00   70.30
03:27:05 AM    4    0.00    0.00    9.90    0.00    0.00   20.79    0.00    0.00    0.00   69.31
03:27:05 AM    5    0.00    0.00    0.00    0.00    0.00    0.00    0.00    0.00    0.00  100.00
03:27:05 AM    6    0.00    0.00   10.10    0.00    0.00   10.10    0.00    0.00    0.00   79.80
03:27:05 AM    7    0.00    0.00   19.19    0.00    0.00   27.27    0.00    0.00    0.00   53.54

03:27:05 AM  CPU    %usr   %nice    %sys %iowait    %irq   %soft  %steal  %guest  %gnice   %idle
03:27:06 AM  all    0.00    0.00    9.33    0.00    0.37   33.33    0.00    0.00    0.00   56.97
03:27:06 AM    0    0.00    0.00    0.00    0.00    1.00   99.00    0.00    0.00    0.00    0.00
03:27:06 AM    1    0.00    0.00    0.00    0.00    1.00   82.00    0.00    0.00    0.00   17.00
03:27:06 AM    2    0.00    0.00    0.98    0.00    0.00    0.98    0.00    0.00    0.00   98.04
03:27:06 AM    3    0.00    0.00   19.00    0.00    0.00   14.00    0.00    0.00    0.00   67.00
03:27:06 AM    4    0.00    0.00   30.00    0.00    1.00   33.00    0.00    0.00    0.00   36.00
03:27:06 AM    5    0.00    0.00    0.00    0.00    0.00    0.00    0.00    0.00    0.00  100.00
03:27:06 AM    6    0.00    0.00    4.95    0.00    0.00    9.90    0.00    0.00    0.00   85.15
03:27:06 AM    7    0.00    0.00   19.80    0.00    0.00   28.71    0.00    0.00    0.00   51.49

03:27:06 AM  CPU    %usr   %nice    %sys %iowait    %irq   %soft  %steal  %guest  %gnice   %idle
03:27:07 AM  all    0.00    0.00    8.38    0.00    0.38   26.25    0.00    0.00    0.00   65.00
03:27:07 AM    0    0.00    0.00    0.00    0.00    1.00   99.00    0.00    0.00    0.00    0.00
03:27:07 AM    1    0.00    0.00    0.00    0.00    0.00   10.10    0.00    0.00    0.00   89.90
03:27:07 AM    2    0.00    0.00   14.00    0.00    1.00   19.00    0.00    0.00    0.00   66.00
03:27:07 AM    3    0.00    0.00   19.00    0.00    0.00   31.00    0.00    0.00    0.00   50.00
03:27:07 AM    4    0.00    0.00   14.85    0.00    0.00   19.80    0.00    0.00    0.00   65.35
03:27:07 AM    5    0.00    0.00   19.00    0.00    1.00   31.00    0.00    0.00    0.00   49.00
03:27:07 AM    6    0.00    0.00    0.00    0.00    0.00    0.00    0.00    0.00    0.00  100.00
03:27:07 AM    7    0.00    0.00    0.00    0.00    0.00    0.00    0.00    0.00    0.00  100.00

03:27:07 AM  CPU    %usr   %nice    %sys %iowait    %irq   %soft  %steal  %guest  %gnice   %idle
03:27:08 AM  all    0.13    0.00   10.76    0.00    0.38   25.78    0.00    0.00    0.00   62.95
03:27:08 AM    0    0.00    0.00    0.00    0.00    1.00   99.00    0.00    0.00    0.00    0.00
03:27:08 AM    1    1.00    0.00    1.00    0.00    1.00   52.00    0.00    0.00    0.00   45.00
03:27:08 AM    2    0.00    0.00    0.00    0.00    0.00    2.00    0.00    0.00    0.00   98.00
03:27:08 AM    3    0.00    0.00    3.00    0.00    0.00    8.00    0.00    0.00    0.00   89.00
03:27:08 AM    4    0.00    0.00   18.18    0.00    0.00   15.15    0.00    0.00    0.00   66.67
03:27:08 AM    5    0.00    0.00   43.56    0.00    0.00   12.87    0.00    0.00    0.00   43.56
03:27:08 AM    6    0.00    0.00    2.02    0.00    0.00    3.03    0.00    0.00    0.00   94.95
03:27:08 AM    7    0.00    0.00   18.00    0.00    1.00   14.00    0.00    0.00    0.00   67.00

03:27:08 AM  CPU    %usr   %nice    %sys %iowait    %irq   %soft  %steal  %guest  %gnice   %idle
03:27:09 AM  all    0.00    0.00   10.10    0.00    0.12   23.19    0.00    0.00    0.00   66.58
03:27:09 AM    0    0.00    0.00    0.00    0.00    1.00   99.00    0.00    0.00    0.00    0.00
03:27:09 AM    1    0.00    0.00    0.00    0.00    0.00   28.28    0.00    0.00    0.00   71.72
03:27:09 AM    2    0.00    0.00   10.00    0.00    0.00   18.00    0.00    0.00    0.00   72.00
03:27:09 AM    3    0.00    0.00   14.00    0.00    0.00   10.00    0.00    0.00    0.00   76.00
03:27:09 AM    4    0.00    0.00    0.00    0.00    0.00    0.00    0.00    0.00    0.00  100.00
03:27:09 AM    5    0.00    0.00   39.00    0.00    0.00    4.00    0.00    0.00    0.00   57.00
03:27:09 AM    6    0.00    0.00    7.92    0.00    0.00   16.83    0.00    0.00    0.00   75.25
03:27:09 AM    7    0.00    0.00    9.90    0.00    0.00    9.90    0.00    0.00    0.00   80.20

03:27:09 AM  CPU    %usr   %nice    %sys %iowait    %irq   %soft  %steal  %guest  %gnice   %idle
03:27:10 AM  all    0.00    0.00   11.47    0.00    0.50   29.68    0.00    0.00    0.00   58.35
03:27:10 AM    0    0.00    0.00    0.00    0.00    1.98   98.02    0.00    0.00    0.00    0.00
03:27:10 AM    1    0.00    0.00    0.00    0.00    1.98   98.02    0.00    0.00    0.00    0.00
03:27:10 AM    2    0.00    0.00    8.00    0.00    0.00    2.00    0.00    0.00    0.00   90.00
03:27:10 AM    3    0.00    0.00   23.00    0.00    0.00   19.00    0.00    0.00    0.00   58.00
03:27:10 AM    4    0.00    0.00    0.00    0.00    0.00    0.00    0.00    0.00    0.00  100.00
03:27:10 AM    5    0.00    0.00    0.00    0.00    0.00    0.00    0.00    0.00    0.00  100.00
03:27:10 AM    6    0.00    0.00    0.00    0.00    0.00    0.00    0.00    0.00    0.00  100.00
03:27:10 AM    7    0.00    0.00   61.62    0.00    0.00   19.19    0.00    0.00    0.00   19.19

03:27:10 AM  CPU    %usr   %nice    %sys %iowait    %irq   %soft  %steal  %guest  %gnice   %idle
03:27:11 AM  all    0.00    0.00   12.02    0.00    0.00   22.28    0.00    0.00    0.00   65.71
03:27:11 AM    0    0.00    0.00    0.00    0.00    0.00   73.74    0.00    0.00    0.00   26.26
03:27:11 AM    1    0.00    0.00    0.00    0.00    0.00   76.77    0.00    0.00    0.00   23.23
03:27:11 AM    2    0.00    0.00   31.68    0.00    0.00    2.97    0.00    0.00    0.00   65.35
03:27:11 AM    3    0.00    0.00    0.00    0.00    0.00    0.00    0.00    0.00    0.00  100.00
03:27:11 AM    4    0.00    0.00    0.00    0.00    0.00    0.00    0.00    0.00    0.00  100.00
03:27:11 AM    5    0.00    0.00   12.12    0.00    0.00   13.13    0.00    0.00    0.00   74.75
03:27:11 AM    6    0.00    0.00   52.00    0.00    0.00   13.00    0.00    0.00    0.00   35.00
03:27:11 AM    7    0.00    0.00    0.00    0.00    0.00    0.00    0.00    0.00    0.00  100.00

03:27:11 AM  CPU    %usr   %nice    %sys %iowait    %irq   %soft  %steal  %guest  %gnice   %idle
03:27:12 AM  all    0.00    0.00    9.57    0.00    0.37   22.36    0.00    0.00    0.00   67.70
03:27:12 AM    0    0.00    0.00    0.00    0.00    1.00   27.00    0.00    0.00    0.00   72.00
03:27:12 AM    1    0.00    0.00    0.98    0.00    1.96   97.06    0.00    0.00    0.00    0.00
03:27:12 AM    2    0.00    0.00   10.89    0.00    0.00   19.80    0.00    0.00    0.00   69.31
03:27:12 AM    3    0.00    0.00   50.00    0.00    0.00    2.00    0.00    0.00    0.00   48.00
03:27:12 AM    4    0.00    0.00    0.00    0.00    0.00    0.00    0.00    0.00    0.00  100.00
03:27:12 AM    5    0.00    0.00   12.00    0.00    0.00   24.00    0.00    0.00    0.00   64.00
03:27:12 AM    6    0.00    0.00    2.97    0.00    0.00    7.92    0.00    0.00    0.00   89.11
03:27:12 AM    7    0.00    0.00    0.00    0.00    0.00    0.00    0.00    0.00    0.00  100.00

03:27:12 AM  CPU    %usr   %nice    %sys %iowait    %irq   %soft  %steal  %guest  %gnice   %idle
03:27:13 AM  all    0.00    0.00   10.47    0.00    0.50   32.04    0.00    0.00    0.00   56.98
03:27:13 AM    0    0.00    0.00    0.00    0.00    1.00   99.00    0.00    0.00    0.00    0.00
03:27:13 AM    1    0.00    0.00    0.00    0.00    1.00   99.00    0.00    0.00    0.00    0.00
03:27:13 AM    2    0.00    0.00    0.00    0.00    0.00    0.00    0.00    0.00    0.00  100.00
03:27:13 AM    3    0.00    0.00   52.00    0.00    1.00   29.00    0.00    0.00    0.00   18.00
03:27:13 AM    4    0.00    0.00   13.86    0.00    0.99   13.86    0.00    0.00    0.00   71.29
03:27:13 AM    5    0.00    0.00    0.00    0.00    0.00    0.00    0.00    0.00    0.00  100.00
03:27:13 AM    6    0.00    0.00    0.00    0.00    0.00    0.00    0.00    0.00    0.00  100.00
03:27:13 AM    7    0.00    0.00   17.82    0.00    0.00   15.84    0.00    0.00    0.00   66.34

03:27:13 AM  CPU    %usr   %nice    %sys %iowait    %irq   %soft  %steal  %guest  %gnice   %idle
03:27:14 AM  all    0.00    0.00    8.71    0.00    0.25   31.97    0.00    0.00    0.00   59.08
03:27:14 AM    0    0.00    0.00    0.99    0.00    0.99   65.35    0.00    0.00    0.00   32.67
03:27:14 AM    1    0.00    0.00    0.00    0.00    0.99   99.01    0.00    0.00    0.00    0.00
03:27:14 AM    2    0.00    0.00    9.00    0.00    0.00    0.00    0.00    0.00    0.00   91.00
03:27:14 AM    3    0.00    0.00   18.81    0.00    0.00   22.77    0.00    0.00    0.00   58.42
03:27:14 AM    4    0.00    0.00   31.31    0.00    0.00   48.48    0.00    0.00    0.00   20.20
03:27:14 AM    5    0.00    0.00    0.00    0.00    0.00    0.00    0.00    0.00    0.00  100.00
03:27:14 AM    6    0.00    0.00    0.00    0.00    0.00    0.00    0.00    0.00    0.00  100.00
03:27:14 AM    7    0.00    0.00   10.00    0.00    0.00   20.00    0.00    0.00    0.00   70.00

03:27:14 AM  CPU    %usr   %nice    %sys %iowait    %irq   %soft  %steal  %guest  %gnice   %idle
03:27:15 AM  all    0.13    0.00    9.77    0.00    0.38   32.21    0.00    0.00    0.00   57.52
03:27:15 AM    0    1.00    0.00    1.00    0.00    1.00   80.00    0.00    0.00    0.00   17.00
03:27:15 AM    1    0.00    0.00    0.00    0.00    1.01   98.99    0.00    0.00    0.00    0.00
03:27:15 AM    2    0.00    0.00   12.12    0.00    0.00   12.12    0.00    0.00    0.00   75.76
03:27:15 AM    3    0.00    0.00   28.00    0.00    0.00   29.00    0.00    0.00    0.00   43.00
03:27:15 AM    4    0.00    0.00   37.00    0.00    1.00   38.00    0.00    0.00    0.00   24.00
03:27:15 AM    5    0.00    0.00    0.00    0.00    0.00    0.00    0.00    0.00    0.00  100.00
03:27:15 AM    6    0.00    0.00    0.00    0.00    0.00    0.00    0.00    0.00    0.00  100.00
03:27:15 AM    7    0.00    0.00    0.00    0.00    0.00    0.00    0.00    0.00    0.00  100.00

03:27:15 AM  CPU    %usr   %nice    %sys %iowait    %irq   %soft  %steal  %guest  %gnice   %idle
03:27:16 AM  all    0.00    0.00    9.31    0.00    0.62   28.66    0.00    0.00    0.00   61.41
03:27:16 AM    0    0.00    0.00    0.00    0.00    1.98   98.02    0.00    0.00    0.00    0.00
03:27:16 AM    1    0.00    0.00    0.00    0.00    0.99   42.57    0.00    0.00    0.00   56.44
03:27:16 AM    2    0.00    0.00    7.92    0.00    0.00    3.96    0.00    0.00    0.00   88.12
03:27:16 AM    3    0.00    0.00   26.00    0.00    1.00   24.00    0.00    0.00    0.00   49.00
03:27:16 AM    4    0.00    0.00   15.84    0.00    0.00   20.79    0.00    0.00    0.00   63.37
03:27:16 AM    5    0.00    0.00   14.85    0.00    0.00   19.80    0.00    0.00    0.00   65.35
03:27:16 AM    6    0.00    0.00    0.00    0.00    0.00    0.00    0.00    0.00    0.00  100.00
03:27:16 AM    7    0.00    0.00    9.90    0.00    0.99   19.80    0.00    0.00    0.00   69.31

03:27:16 AM  CPU    %usr   %nice    %sys %iowait    %irq   %soft  %steal  %guest  %gnice   %idle
03:27:17 AM  all    0.00    0.00   11.11    0.00    0.25   34.71    0.00    0.00    0.00   53.93
03:27:17 AM    0    0.00    0.00    0.00    0.00    1.00   99.00    0.00    0.00    0.00    0.00
03:27:17 AM    1    0.00    0.00    0.00    0.00    1.00   99.00    0.00    0.00    0.00    0.00
03:27:17 AM    2    0.00    0.00   14.00    0.00    0.00   11.00    0.00    0.00    0.00   75.00
03:27:17 AM    3    0.00    0.00   42.57    0.00    0.00   36.63    0.00    0.00    0.00   20.79
03:27:17 AM    4    0.00    0.00   15.00    0.00    0.00   17.00    0.00    0.00    0.00   68.00
03:27:17 AM    5    0.00    0.00    0.00    0.00    0.00    0.00    0.00    0.00    0.00  100.00
03:27:17 AM    6    0.00    0.00   17.00    0.00    0.00   15.00    0.00    0.00    0.00   68.00
03:27:17 AM    7    0.00    0.00    0.00    0.00    0.00    0.00    0.00    0.00    0.00  100.00

03:27:17 AM  CPU    %usr   %nice    %sys %iowait    %irq   %soft  %steal  %guest  %gnice   %idle
03:27:18 AM  all    0.00    0.00   11.08    0.00    0.37   30.26    0.00    0.00    0.00   58.28
03:27:18 AM    0    0.00    0.00    0.00    0.00    1.00   71.00    0.00    0.00    0.00   28.00
03:27:18 AM    1    0.00    0.00    0.00    0.00    0.99   99.01    0.00    0.00    0.00    0.00
03:27:18 AM    2    0.00    0.00    0.00    0.00    0.00    0.00    0.00    0.00    0.00  100.00
03:27:18 AM    3    0.00    0.00    2.00    0.00    0.00    3.00    0.00    0.00    0.00   95.00
03:27:18 AM    4    0.00    0.00   27.00    0.00    1.00   23.00    0.00    0.00    0.00   49.00
03:27:18 AM    5    0.00    0.00    0.00    0.00    0.00    0.00    0.00    0.00    0.00  100.00
03:27:18 AM    6    0.00    0.00   23.00    0.00    0.00   14.00    0.00    0.00    0.00   63.00
03:27:18 AM    7    0.00    0.00   36.63    0.00    0.00   31.68    0.00    0.00    0.00   31.68

03:27:18 AM  CPU    %usr   %nice    %sys %iowait    %irq   %soft  %steal  %guest  %gnice   %idle
03:27:19 AM  all    0.00    0.00    9.55    0.12    0.50   30.77    0.00    0.00    0.00   59.06
03:27:19 AM    0    0.00    0.00    0.00    0.00    1.00   99.00    0.00    0.00    0.00    0.00
03:27:19 AM    1    0.00    0.00    0.00    0.99    0.99   79.21    0.00    0.00    0.00   18.81
03:27:19 AM    2    0.00    0.00    0.00    0.00    0.00    0.00    0.00    0.00    0.00  100.00
03:27:19 AM    3    0.00    0.00   22.77    0.00    0.99   35.64    0.00    0.00    0.00   40.59
03:27:19 AM    4    0.00    0.00   32.67    0.00    0.00   17.82    0.00    0.00    0.00   49.50
03:27:19 AM    5    0.00    0.00    0.00    0.00    0.00    0.00    0.00    0.00    0.00  100.00
03:27:19 AM    6    0.00    0.00   20.79    0.00    0.99   14.85    0.00    0.00    0.00   63.37
03:27:19 AM    7    0.00    0.00    0.00    0.00    0.00    0.00    0.00    0.00    0.00  100.00

03:27:19 AM  CPU    %usr   %nice    %sys %iowait    %irq   %soft  %steal  %guest  %gnice   %idle
03:27:20 AM  all    0.00    0.00    8.40    0.00    0.38   32.33    0.00    0.00    0.00   58.90
03:27:20 AM    0    0.00    0.00    0.00    0.00    1.00   99.00    0.00    0.00    0.00    0.00
03:27:20 AM    1    0.00    0.00    0.00    0.00    1.01   66.67    0.00    0.00    0.00   32.32
03:27:20 AM    2    0.00    0.00    3.00    0.00    1.00    9.00    0.00    0.00    0.00   87.00
03:27:20 AM    3    0.00    0.00   10.00    0.00    0.00   24.00    0.00    0.00    0.00   66.00
03:27:20 AM    4    0.00    0.00   17.17    0.00    0.00   15.15    0.00    0.00    0.00   67.68
03:27:20 AM    5    0.00    0.00    0.00    0.00    0.00    0.00    0.00    0.00    0.00  100.00
03:27:20 AM    6    0.00    0.00   30.00    0.00    0.00   33.00    0.00    0.00    0.00   37.00
03:27:20 AM    7    0.00    0.00    7.00    0.00    0.00   12.00    0.00    0.00    0.00   81.00

03:27:20 AM  CPU    %usr   %nice    %sys %iowait    %irq   %soft  %steal  %guest  %gnice   %idle
03:27:21 AM  all    0.13    0.00    7.63    0.00    0.25   25.03    0.00    0.00    0.00   66.96
03:27:21 AM    0    0.00    0.00    0.00    0.00    1.00   99.00    0.00    0.00    0.00    0.00
03:27:21 AM    1    1.00    0.00    1.00    0.00    0.00    1.00    0.00    0.00    0.00   97.00
03:27:21 AM    2    0.00    0.00    4.95    0.00    0.00   12.87    0.00    0.00    0.00   82.18
03:27:21 AM    3    0.00    0.00    9.09    0.00    0.00   19.19    0.00    0.00    0.00   71.72
03:27:21 AM    4    0.00    0.00    0.00    0.00    0.00    0.00    0.00    0.00    0.00  100.00
03:27:21 AM    5    0.00    0.00    9.90    0.00    0.99   23.76    0.00    0.00    0.00   65.35
03:27:21 AM    6    0.00    0.00   17.00    0.00    0.00   18.00    0.00    0.00    0.00   65.00
03:27:21 AM    7    0.00    0.00   19.39    0.00    0.00   26.53    0.00    0.00    0.00   54.08

03:27:21 AM  CPU    %usr   %nice    %sys %iowait    %irq   %soft  %steal  %guest  %gnice   %idle
03:27:22 AM  all    0.00    0.00   10.25    0.00    0.25   31.13    0.00    0.00    0.00   58.38
03:27:22 AM    0    0.00    0.00    0.00    0.00    1.00   99.00    0.00    0.00    0.00    0.00
03:27:22 AM    1    0.00    0.00    0.00    0.00    1.00   65.00    0.00    0.00    0.00   34.00
03:27:22 AM    2    0.00    0.00   25.25    0.00    0.00   30.30    0.00    0.00    0.00   44.44
03:27:22 AM    3    0.00    0.00   30.00    0.00    0.00   22.00    0.00    0.00    0.00   48.00
03:27:22 AM    4    0.00    0.00    0.00    0.00    0.00    0.00    0.00    0.00    0.00  100.00
03:27:22 AM    5    0.00    0.00   27.27    0.00    0.00   33.33    0.00    0.00    0.00   39.39
03:27:22 AM    6    0.00    0.00    0.00    0.00    0.00    0.00    0.00    0.00    0.00  100.00
03:27:22 AM    7    0.00    0.00    0.00    0.00    0.00    0.00    0.00    0.00    0.00  100.00

03:27:22 AM  CPU    %usr   %nice    %sys %iowait    %irq   %soft  %steal  %guest  %gnice   %idle
03:27:23 AM  all    0.00    0.00   12.58    0.00    0.37   25.40    0.00    0.00    0.00   61.64
03:27:23 AM    0    0.00    0.00    0.00    0.00    1.96   98.04    0.00    0.00    0.00    0.00
03:27:23 AM    1    0.00    0.00    1.01    0.00    1.01   82.83    0.00    0.00    0.00   15.15
03:27:23 AM    2    0.00    0.00    7.92    0.00    0.00    3.96    0.00    0.00    0.00   88.12
03:27:23 AM    3    0.00    0.00   10.00    0.00    0.00    8.00    0.00    0.00    0.00   82.00
03:27:23 AM    4    0.00    0.00    6.93    0.00    0.00    1.98    0.00    0.00    0.00   91.09
03:27:23 AM    5    0.00    0.00    0.00    0.00    0.00    0.00    0.00    0.00    0.00  100.00
03:27:23 AM    6    0.00    0.00   75.76    0.00    0.00    8.08    0.00    0.00    0.00   16.16
03:27:23 AM    7    0.00    0.00    0.00    0.00    0.00    0.00    0.00    0.00    0.00  100.00

03:27:23 AM  CPU    %usr   %nice    %sys %iowait    %irq   %soft  %steal  %guest  %gnice   %idle
03:27:24 AM  all    0.00    0.00    9.60    0.00    0.50   34.66    0.00    0.00    0.00   55.24
03:27:24 AM    0    0.00    0.00    0.00    0.00    1.00   99.00    0.00    0.00    0.00    0.00
03:27:24 AM    1    0.00    0.00    0.00    0.00    1.00   99.00    0.00    0.00    0.00    0.00
03:27:24 AM    2    0.00    0.00   18.00    0.00    0.00   16.00    0.00    0.00    0.00   66.00
03:27:24 AM    3    0.00    0.00    0.00    0.00    0.00    0.00    0.00    0.00    0.00  100.00
03:27:24 AM    4    0.00    0.00   21.00    0.00    1.00   27.00    0.00    0.00    0.00   51.00
03:27:24 AM    5    0.00    0.00    0.00    0.00    0.00    0.00    0.00    0.00    0.00  100.00
03:27:24 AM    6    0.00    0.00    8.00    0.00    0.00    9.00    0.00    0.00    0.00   83.00
03:27:24 AM    7    0.00    0.00   29.41    0.00    0.98   27.45    0.00    0.00    0.00   42.16

03:27:24 AM  CPU    %usr   %nice    %sys %iowait    %irq   %soft  %steal  %guest  %gnice   %idle
03:27:25 AM  all    0.00    0.00    9.33    0.00    0.50   36.19    0.00    0.00    0.00   53.98
03:27:25 AM    0    0.00    0.00    0.00    0.00    1.00   99.00    0.00    0.00    0.00    0.00
03:27:25 AM    1    0.00    0.00    0.00    0.00    1.00   99.00    0.00    0.00    0.00    0.00
03:27:25 AM    2    0.00    0.00    0.00    0.00    0.00    0.00    0.00    0.00    0.00  100.00
03:27:25 AM    3    0.00    0.00   11.88    0.00    0.99   18.81    0.00    0.00    0.00   68.32
03:27:25 AM    4    0.00    0.00   35.64    0.00    0.00   39.60    0.00    0.00    0.00   24.75
03:27:25 AM    5    0.00    0.00   18.00    0.00    0.00   19.00    0.00    0.00    0.00   63.00
03:27:25 AM    6    0.00    0.00    6.86    0.00    0.98    8.82    0.00    0.00    0.00   83.33
03:27:25 AM    7    0.00    0.00    2.02    0.00    0.00    6.06    0.00    0.00    0.00   91.92

03:27:25 AM  CPU    %usr   %nice    %sys %iowait    %irq   %soft  %steal  %guest  %gnice   %idle
03:27:26 AM  all    0.00    0.00   11.82    0.00    0.62   34.08    0.00    0.00    0.00   53.48
03:27:26 AM    0    0.00    0.00    0.00    0.00    1.98   98.02    0.00    0.00    0.00    0.00
03:27:26 AM    1    0.00    0.00    0.00    0.00    1.98   98.02    0.00    0.00    0.00    0.00
03:27:26 AM    2    0.00    0.00   18.18    0.00    0.00   16.16    0.00    0.00    0.00   65.66
03:27:26 AM    3    0.00    0.00   21.00    0.00    0.00   14.00    0.00    0.00    0.00   65.00
03:27:26 AM    4    0.00    0.00    0.00    0.00    0.00    0.00    0.00    0.00    0.00  100.00
03:27:26 AM    5    0.00    0.00   29.70    0.00    0.99   27.72    0.00    0.00    0.00   41.58
03:27:26 AM    6    0.00    0.00    0.00    0.00    0.00    0.00    0.00    0.00    0.00  100.00
03:27:26 AM    7    0.00    0.00   25.74    0.00    0.00   17.82    0.00    0.00    0.00   56.44

03:27:26 AM  CPU    %usr   %nice    %sys %iowait    %irq   %soft  %steal  %guest  %gnice   %idle
03:27:27 AM  all    0.00    0.00   11.12    0.00    0.38   27.12    0.00    0.00    0.00   61.38
03:27:27 AM    0    0.00    0.00    0.00    0.00    1.00   84.00    0.00    0.00    0.00   15.00
03:27:27 AM    1    0.00    0.00    0.00    0.00    1.00   80.00    0.00    0.00    0.00   19.00
03:27:27 AM    2    0.00    0.00   14.85    0.00    0.99   16.83    0.00    0.00    0.00   67.33
03:27:27 AM    3    0.00    0.00    0.00    0.00    0.00    0.00    0.00    0.00    0.00  100.00
03:27:27 AM    4    0.00    0.00    0.00    0.00    0.00    0.00    0.00    0.00    0.00  100.00
03:27:27 AM    5    0.00    0.00   16.00    0.00    0.00    3.00    0.00    0.00    0.00   81.00
03:27:27 AM    6    0.00    0.00   39.39    0.00    0.00    7.07    0.00    0.00    0.00   53.54
03:27:27 AM    7    0.00    0.00   19.00    0.00    0.00   26.00    0.00    0.00    0.00   55.00

03:27:27 AM  CPU    %usr   %nice    %sys %iowait    %irq   %soft  %steal  %guest  %gnice   %idle
03:27:28 AM  all    0.00    0.00    9.27    0.00    0.25   27.69    0.00    0.00    0.00   62.78
03:27:28 AM    0    0.00    0.00    0.00    0.00    1.01   98.99    0.00    0.00    0.00    0.00
03:27:28 AM    1    0.00    0.00    0.00    0.00    0.00   52.00    0.00    0.00    0.00   48.00
03:27:28 AM    2    0.00    0.00    7.00    0.00    0.00   12.00    0.00    0.00    0.00   81.00
03:27:28 AM    3    0.00    0.00    0.00    0.00    0.00    0.00    0.00    0.00    0.00  100.00
03:27:28 AM    4    0.00    0.00   14.00    0.00    0.00   18.00    0.00    0.00    0.00   68.00
03:27:28 AM    5    0.00    0.00   31.68    0.00    0.00    3.96    0.00    0.00    0.00   64.36
03:27:28 AM    6    0.00    0.00   11.11    0.00    0.00   20.20    0.00    0.00    0.00   68.69
03:27:28 AM    7    0.00    0.00   10.10    0.00    1.01   17.17    0.00    0.00    0.00   71.72

03:27:28 AM  CPU    %usr   %nice    %sys %iowait    %irq   %soft  %steal  %guest  %gnice   %idle
03:27:29 AM  all    0.00    0.00   11.32    0.00    0.37   29.73    0.00    0.00    0.00   58.58
03:27:29 AM    0    0.00    0.00    0.00    0.00    0.99   82.18    0.00    0.00    0.00   16.83
03:27:29 AM    1    0.00    0.00    0.00    0.00    1.98   94.06    0.00    0.00    0.00    3.96
03:27:29 AM    2    0.00    0.00   12.00    0.00    0.00   14.00    0.00    0.00    0.00   74.00
03:27:29 AM    3    0.00    0.00    6.93    0.00    0.00    0.00    0.00    0.00    0.00   93.07
03:27:29 AM    4    0.00    0.00    0.00    0.00    0.00    0.00    0.00    0.00    0.00  100.00
03:27:29 AM    5    0.00    0.00   40.40    0.00    0.00    6.06    0.00    0.00    0.00   53.54
03:27:29 AM    6    0.00    0.00   12.87    0.00    0.00   20.79    0.00    0.00    0.00   66.34
03:27:29 AM    7    0.00    0.00   18.81    0.00    0.00   19.80    0.00    0.00    0.00   61.39

03:27:29 AM  CPU    %usr   %nice    %sys %iowait    %irq   %soft  %steal  %guest  %gnice   %idle
03:27:30 AM  all    0.00    0.00   10.60    0.00    0.25   32.29    0.00    0.00    0.00   56.86
03:27:30 AM    0    0.00    0.00    0.00    0.00    1.00   83.00    0.00    0.00    0.00   16.00
03:27:30 AM    1    0.00    0.00    0.00    0.00    1.01   98.99    0.00    0.00    0.00    0.00
03:27:30 AM    2    0.00    0.00   26.73    0.00    0.00   25.74    0.00    0.00    0.00   47.52
03:27:30 AM    3    0.00    0.00   36.00    0.00    0.00   19.00    0.00    0.00    0.00   45.00
03:27:30 AM    4    0.00    0.00    0.00    0.00    0.00    0.00    0.00    0.00    0.00  100.00
03:27:30 AM    5    0.00    0.00   12.87    0.00    0.00   19.80    0.00    0.00    0.00   67.33
03:27:30 AM    6    0.00    0.00    0.00    0.00    0.00    0.00    0.00    0.00    0.00  100.00
03:27:30 AM    7    0.00    0.00    8.91    0.00    0.00   12.87    0.00    0.00    0.00   78.22

03:27:30 AM  CPU    %usr   %nice    %sys %iowait    %irq   %soft  %steal  %guest  %gnice   %idle
03:27:31 AM  all    0.00    0.00    9.70    0.12    0.25   27.61    0.00    0.00    0.00   62.31
03:27:31 AM    0    0.00    0.00    0.00    0.99    0.99   31.68    0.00    0.00    0.00   66.34
03:27:31 AM    1    0.00    0.00    0.99    0.00    0.99   98.02    0.00    0.00    0.00    0.00
03:27:31 AM    2    0.00    0.00   27.00    0.00    0.00   25.00    0.00    0.00    0.00   48.00
03:27:31 AM    3    0.00    0.00   12.87    0.00    0.00   20.79    0.00    0.00    0.00   66.34
03:27:31 AM    4    0.00    0.00    0.00    0.00    0.00    0.00    0.00    0.00    0.00  100.00
03:27:31 AM    5    0.00    0.00    0.00    0.00    0.00    0.00    0.00    0.00    0.00  100.00
03:27:31 AM    6    0.00    0.00   19.00    0.00    0.00   21.00    0.00    0.00    0.00   60.00
03:27:31 AM    7    0.00    0.00   18.18    0.00    0.00   24.24    0.00    0.00    0.00   57.58

03:27:31 AM  CPU    %usr   %nice    %sys %iowait    %irq   %soft  %steal  %guest  %gnice   %idle
03:27:32 AM  all    0.12    0.00   10.60    0.00    0.37   32.54    0.00    0.00    0.00   56.36
03:27:32 AM    0    0.99    0.00    0.99    0.00    0.99   97.03    0.00    0.00    0.00    0.00
03:27:32 AM    1    0.00    0.00    0.00    0.00    1.00   99.00    0.00    0.00    0.00    0.00
03:27:32 AM    2    0.00    0.00    6.00    0.00    0.00    9.00    0.00    0.00    0.00   85.00
03:27:32 AM    3    0.00    0.00    0.00    0.00    0.00    0.00    0.00    0.00    0.00  100.00
03:27:32 AM    4    0.00    0.00   14.85    0.00    0.99   16.83    0.00    0.00    0.00   67.33
03:27:32 AM    5    0.00    0.00    0.00    0.00    0.00    0.00    0.00    0.00    0.00  100.00
03:27:32 AM    6    0.00    0.00   15.00    0.00    0.00   14.00    0.00    0.00    0.00   71.00
03:27:32 AM    7    0.00    0.00   48.00    0.00    0.00   24.00    0.00    0.00    0.00   28.00

03:27:32 AM  CPU    %usr   %nice    %sys %iowait    %irq   %soft  %steal  %guest  %gnice   %idle
03:27:33 AM  all    0.00    0.00   10.16    0.00    0.13   19.57    0.00    0.00    0.00   70.14
03:27:33 AM    0    0.00    0.00    0.00    0.00    0.00    9.18    0.00    0.00    0.00   90.82
03:27:33 AM    1    0.00    0.00    0.00    0.00    1.00   99.00    0.00    0.00    0.00    0.00
03:27:33 AM    2    0.00    0.00    2.02    0.00    0.00    5.05    0.00    0.00    0.00   92.93
03:27:33 AM    3    0.00    0.00   35.00    0.00    0.00   12.00    0.00    0.00    0.00   53.00
03:27:33 AM    4    0.00    0.00    7.00    0.00    0.00   11.00    0.00    0.00    0.00   82.00
03:27:33 AM    5    0.00    0.00    0.00    0.00    0.00    0.00    0.00    0.00    0.00  100.00
03:27:33 AM    6    0.00    0.00   34.00    0.00    0.00   13.00    0.00    0.00    0.00   53.00
03:27:33 AM    7    0.00    0.00    3.00    0.00    0.00    7.00    0.00    0.00    0.00   90.00

03:27:33 AM  CPU    %usr   %nice    %sys %iowait    %irq   %soft  %steal  %guest  %gnice   %idle
03:27:34 AM  all    0.00    0.00   11.29    0.00    0.50   22.46    0.00    0.00    0.00   65.76
03:27:34 AM    0    0.00    0.00    0.00    0.00    0.99   43.56    0.00    0.00    0.00   55.45
03:27:34 AM    1    0.00    0.00    0.00    0.00    1.00   99.00    0.00    0.00    0.00    0.00
03:27:34 AM    2    0.00    0.00    7.84    0.00    0.98   14.71    0.00    0.00    0.00   76.47
03:27:34 AM    3    0.00    0.00    0.00    0.00    0.00    0.00    0.00    0.00    0.00  100.00
03:27:34 AM    4    0.00    0.00    8.00    0.00    0.00    9.00    0.00    0.00    0.00   83.00
03:27:34 AM    5    0.00    0.00   38.00    0.00    0.00    4.00    0.00    0.00    0.00   58.00
03:27:34 AM    6    0.00    0.00    0.00    0.00    0.00    0.00    0.00    0.00    0.00  100.00
03:27:34 AM    7    0.00    0.00   36.63    0.00    0.99    9.90    0.00    0.00    0.00   52.48

03:27:34 AM  CPU    %usr   %nice    %sys %iowait    %irq   %soft  %steal  %guest  %gnice   %idle
03:27:35 AM  all    0.00    0.00   10.24    0.00    0.25   29.96    0.00    0.00    0.00   59.55
03:27:35 AM    0    0.00    0.00    0.00    0.00    1.00   99.00    0.00    0.00    0.00    0.00
03:27:35 AM    1    0.00    0.00    0.00    0.00    0.99   85.15    0.00    0.00    0.00   13.86
03:27:35 AM    2    0.00    0.00    0.00    0.00    0.00    0.00    0.00    0.00    0.00  100.00
03:27:35 AM    3    0.00    0.00    0.00    0.00    0.00    0.00    0.00    0.00    0.00  100.00
03:27:35 AM    4    0.00    0.00   62.00    0.00    0.00   27.00    0.00    0.00    0.00   11.00
03:27:35 AM    5    0.00    0.00    5.00    0.00    0.00    3.00    0.00    0.00    0.00   92.00
03:27:35 AM    6    0.00    0.00    2.02    0.00    0.00    6.06    0.00    0.00    0.00   91.92
03:27:35 AM    7    0.00    0.00   12.87    0.00    0.00   18.81    0.00    0.00    0.00   68.32

03:27:35 AM  CPU    %usr   %nice    %sys %iowait    %irq   %soft  %steal  %guest  %gnice   %idle
03:27:36 AM  all    0.00    0.00    9.48    0.00    0.50   30.05    0.00    0.00    0.00   59.98
03:27:36 AM    0    0.00    0.00    0.00    0.00    1.00   75.00    0.00    0.00    0.00   24.00
03:27:36 AM    1    0.00    0.00    0.00    0.00    1.98   96.04    0.00    0.00    0.00    1.98
03:27:36 AM    2    0.00    0.00   30.69    0.00    0.00   15.84    0.00    0.00    0.00   53.47
03:27:36 AM    3    0.00    0.00    2.02    0.00    0.00    3.03    0.00    0.00    0.00   94.95
03:27:36 AM    4    0.00    0.00    4.00    0.00    0.00    7.00    0.00    0.00    0.00   89.00
03:27:36 AM    5    0.00    0.00   15.00    0.00    0.00   17.00    0.00    0.00    0.00   68.00
03:27:36 AM    6    0.00    0.00    6.86    0.00    0.98   14.71    0.00    0.00    0.00   77.45
03:27:36 AM    7    0.00    0.00   17.17    0.00    0.00   11.11    0.00    0.00    0.00   71.72

03:27:36 AM  CPU    %usr   %nice    %sys %iowait    %irq   %soft  %steal  %guest  %gnice   %idle
03:27:37 AM  all    0.00    0.00    9.34    0.00    0.37   27.15    0.00    0.00    0.00   63.14
03:27:37 AM    0    0.00    0.00    0.00    0.00    1.00   60.00    0.00    0.00    0.00   39.00
03:27:37 AM    1    0.00    0.00    0.00    0.00    1.00   99.00    0.00    0.00    0.00    0.00
03:27:37 AM    2    0.00    0.00   11.11    0.00    0.00   11.11    0.00    0.00    0.00   77.78
03:27:37 AM    3    0.00    0.00    8.82    0.00    0.00   16.67    0.00    0.00    0.00   74.51
03:27:37 AM    4    0.00    0.00    0.00    0.00    0.00    0.00    0.00    0.00    0.00  100.00
03:27:37 AM    5    0.00    0.00   51.00    0.00    1.00   19.00    0.00    0.00    0.00   29.00
03:27:37 AM    6    0.00    0.00    2.97    0.00    0.00    7.92    0.00    0.00    0.00   89.11
03:27:37 AM    7    0.00    0.00    0.99    0.00    0.00    3.96    0.00    0.00    0.00   95.05

Average:     CPU    %usr   %nice    %sys %iowait    %irq   %soft  %steal  %guest  %gnice   %idle
Average:     all    0.02    0.00    9.67    0.01    0.36   28.81    0.00    0.00    0.00   61.12
Average:       0    0.05    0.00    0.10    0.07    1.05   80.93    0.00    0.00    0.00   17.81
Average:       1    0.10    0.00    0.20    0.05    0.97   76.51    0.00    0.00    0.00   22.17
Average:       2    0.00    0.00   12.46    0.00    0.13   11.78    0.00    0.00    0.00   75.63
Average:       3    0.00    0.00   12.72    0.00    0.13   11.77    0.00    0.00    0.00   75.37
Average:       4    0.00    0.00   12.63    0.00    0.20   15.22    0.00    0.00    0.00   71.95
Average:       5    0.00    0.00   12.84    0.00    0.13   11.43    0.00    0.00    0.00   75.59
Average:       6    0.00    0.00   14.60    0.00    0.13   11.51    0.00    0.00    0.00   73.76
Average:       7    0.00    0.00   11.77    0.00    0.13   11.43    0.00    0.00    0.00   76.67
