Linux 7.0.0 (hp5) 	06/20/2026 	_x86_64_	(8 CPU)

01:36:56 AM  CPU    %usr   %nice    %sys %iowait    %irq   %soft  %steal  %guest  %gnice   %idle
01:36:57 AM  all    0.00    0.00    9.52    0.00    0.25   11.40    0.00    0.00    0.00   78.82
01:36:57 AM    0    0.00    0.00   38.38    0.00    0.00   39.39    0.00    0.00    0.00   22.22
01:36:57 AM    1    0.00    0.00   38.00    0.00    1.00   39.00    0.00    0.00    0.00   22.00
01:36:57 AM    2    0.00    0.00    0.00    0.00    0.00    0.00    0.00    0.00    0.00  100.00
01:36:57 AM    3    0.00    0.00    0.00    0.00    0.00    1.00    0.00    0.00    0.00   99.00
01:36:57 AM    4    0.00    0.00    0.00    0.00    0.99    3.96    0.00    0.00    0.00   95.05
01:36:57 AM    5    0.00    0.00    0.00    0.00    0.00    0.00    0.00    0.00    0.00  100.00
01:36:57 AM    6    0.00    0.00    0.00    0.00    0.00    4.00    0.00    0.00    0.00   96.00
01:36:57 AM    7    0.00    0.00    0.00    0.00    0.00    4.04    0.00    0.00    0.00   95.96

01:36:57 AM  CPU    %usr   %nice    %sys %iowait    %irq   %soft  %steal  %guest  %gnice   %idle
01:36:58 AM  all    0.00    0.00   12.38    0.00    0.50   14.88    0.00    0.00    0.00   72.25
01:36:58 AM    0    0.00    0.00   50.00    0.00    1.00   49.00    0.00    0.00    0.00    0.00
01:36:58 AM    1    0.00    0.00   48.51    0.00    0.99   50.50    0.00    0.00    0.00    0.00
01:36:58 AM    2    0.00    0.00    0.00    0.00    0.00    1.00    0.00    0.00    0.00   99.00
01:36:58 AM    3    0.00    0.00    0.00    0.00    0.00    1.00    0.00    0.00    0.00   99.00
01:36:58 AM    4    0.00    0.00    0.00    0.00    0.00    5.05    0.00    0.00    0.00   94.95
01:36:58 AM    5    0.00    0.00    0.00    0.00    0.00    0.00    0.00    0.00    0.00  100.00
01:36:58 AM    6    0.00    0.00    0.00    0.00    1.00    5.00    0.00    0.00    0.00   94.00
01:36:58 AM    7    0.00    0.00    0.00    0.00    1.00    7.00    0.00    0.00    0.00   92.00

01:36:58 AM  CPU    %usr   %nice    %sys %iowait    %irq   %soft  %steal  %guest  %gnice   %idle
01:36:59 AM  all    0.00    0.00   12.38    0.00    0.12   15.38    0.00    0.00    0.00   72.12
01:36:59 AM    0    0.00    0.00   50.00    0.00    1.00   49.00    0.00    0.00    0.00    0.00
01:36:59 AM    1    0.00    0.00   50.00    0.00    0.00   50.00    0.00    0.00    0.00    0.00
01:36:59 AM    2    0.00    0.00    0.00    0.00    0.00    1.00    0.00    0.00    0.00   99.00
01:36:59 AM    3    0.00    0.00    0.00    0.00    0.00    1.00    0.00    0.00    0.00   99.00
01:36:59 AM    4    0.00    0.00    0.00    0.00    0.00    9.00    0.00    0.00    0.00   91.00
01:36:59 AM    5    0.00    0.00    0.00    0.00    0.00    0.00    0.00    0.00    0.00  100.00
01:36:59 AM    6    0.00    0.00    0.00    0.00    0.00    8.00    0.00    0.00    0.00   92.00
01:36:59 AM    7    0.00    0.00    0.00    0.00    0.00    5.94    0.00    0.00    0.00   94.06

01:36:59 AM  CPU    %usr   %nice    %sys %iowait    %irq   %soft  %steal  %guest  %gnice   %idle
01:37:00 AM  all    0.25    0.00   12.62    0.00    0.25   15.00    0.00    0.00    0.00   71.88
01:37:00 AM    0    0.99    0.00   46.53    0.00    0.99   51.49    0.00    0.00    0.00    0.00
01:37:00 AM    1    0.99    0.00   52.48    0.00    0.99   45.54    0.00    0.00    0.00    0.00
01:37:00 AM    2    0.00    0.00    0.00    0.00    0.00    1.00    0.00    0.00    0.00   99.00
01:37:00 AM    3    0.00    0.00    0.00    0.00    0.00    1.00    0.00    0.00    0.00   99.00
01:37:00 AM    4    0.00    0.00    1.00    0.00    0.00    9.00    0.00    0.00    0.00   90.00
01:37:00 AM    5    0.00    0.00    0.00    0.00    0.00    0.00    0.00    0.00    0.00  100.00
01:37:00 AM    6    0.00    0.00    0.00    0.00    0.00    5.05    0.00    0.00    0.00   94.95
01:37:00 AM    7    0.00    0.00    0.00    0.00    0.00    6.06    0.00    0.00    0.00   93.94

01:37:00 AM  CPU    %usr   %nice    %sys %iowait    %irq   %soft  %steal  %guest  %gnice   %idle
01:37:01 AM  all    0.00    0.00   12.22    0.00    0.37   15.21    0.00    0.00    0.00   72.19
01:37:01 AM    0    0.00    0.00   47.00    0.00    0.00   53.00    0.00    0.00    0.00    0.00
01:37:01 AM    1    0.00    0.00   51.00    0.00    1.00   48.00    0.00    0.00    0.00    0.00
01:37:01 AM    2    0.00    0.00    0.00    0.00    0.00    1.00    0.00    0.00    0.00   99.00
01:37:01 AM    3    0.00    0.00    0.00    0.00    0.99    0.99    0.00    0.00    0.00   98.02
01:37:01 AM    4    0.00    0.00    0.00    0.00    0.99    7.92    0.00    0.00    0.00   91.09
01:37:01 AM    5    0.00    0.00    0.00    0.00    0.00    0.00    0.00    0.00    0.00  100.00
01:37:01 AM    6    0.00    0.00    0.00    0.00    0.00    5.00    0.00    0.00    0.00   95.00
01:37:01 AM    7    0.00    0.00    0.00    0.00    0.00    6.00    0.00    0.00    0.00   94.00

01:37:01 AM  CPU    %usr   %nice    %sys %iowait    %irq   %soft  %steal  %guest  %gnice   %idle
01:37:02 AM  all    0.12    0.00   12.41    0.00    0.50   14.89    0.00    0.00    0.00   72.08
01:37:02 AM    0    0.00    0.00   48.00    0.00    1.00   51.00    0.00    0.00    0.00    0.00
01:37:02 AM    1    0.98    0.00   50.98    0.00    0.98   47.06    0.00    0.00    0.00    0.00
01:37:02 AM    2    0.00    0.00    0.00    0.00    0.00    1.00    0.00    0.00    0.00   99.00
01:37:02 AM    3    0.00    0.00    0.00    0.00    0.00    0.99    0.00    0.00    0.00   99.01
01:37:02 AM    4    0.00    0.00    0.00    0.00    0.00    6.00    0.00    0.00    0.00   94.00
01:37:02 AM    5    0.00    0.00    0.00    0.00    0.00    0.00    0.00    0.00    0.00  100.00
01:37:02 AM    6    0.00    0.00    0.00    0.00    0.99    6.93    0.00    0.00    0.00   92.08
01:37:02 AM    7    0.00    0.00    0.00    0.00    0.99    5.94    0.00    0.00    0.00   93.07

01:37:02 AM  CPU    %usr   %nice    %sys %iowait    %irq   %soft  %steal  %guest  %gnice   %idle
01:37:03 AM  all    0.00    0.00   12.53    0.00    0.38   14.91    0.00    0.00    0.00   72.18
01:37:03 AM    0    0.00    0.00   51.49    0.00    0.99   47.52    0.00    0.00    0.00    0.00
01:37:03 AM    1    0.00    0.00   48.00    0.00    1.00   51.00    0.00    0.00    0.00    0.00
01:37:03 AM    2    0.00    0.00    0.00    0.00    0.99    0.99    0.00    0.00    0.00   98.02
01:37:03 AM    3    0.00    0.00    0.00    0.00    0.00    1.01    0.00    0.00    0.00   98.99
01:37:03 AM    4    0.00    0.00    0.00    0.00    0.00    4.04    0.00    0.00    0.00   95.96
01:37:03 AM    5    0.00    0.00    0.00    0.00    0.00    0.00    0.00    0.00    0.00  100.00
01:37:03 AM    6    0.00    0.00    0.00    0.00    0.00    7.07    0.00    0.00    0.00   92.93
01:37:03 AM    7    0.00    0.00    0.00    0.00    0.00    7.07    0.00    0.00    0.00   92.93

01:37:03 AM  CPU    %usr   %nice    %sys %iowait    %irq   %soft  %steal  %guest  %gnice   %idle
01:37:04 AM  all    0.12    0.00   12.27    0.00    0.25   14.99    0.00    0.00    0.00   72.37
01:37:04 AM    0    0.00    0.00   47.52    0.00    0.99   50.50    0.00    0.00    0.00    0.99
01:37:04 AM    1    1.00    0.00   51.00    0.00    0.00   48.00    0.00    0.00    0.00    0.00
01:37:04 AM    2    0.00    0.00    0.00    0.00    0.00    0.99    0.00    0.00    0.00   99.01
01:37:04 AM    3    0.00    0.00    0.00    0.00    0.00    0.99    0.00    0.00    0.00   99.01
01:37:04 AM    4    0.00    0.00    0.00    0.00    0.99    5.94    0.00    0.00    0.00   93.07
01:37:04 AM    5    0.00    0.00    0.00    0.00    0.00    0.00    0.00    0.00    0.00  100.00
01:37:04 AM    6    0.00    0.00    0.00    0.00    0.00    6.93    0.00    0.00    0.00   93.07
01:37:04 AM    7    0.00    0.00    0.00    0.00    0.00    6.93    0.00    0.00    0.00   93.07

01:37:04 AM  CPU    %usr   %nice    %sys %iowait    %irq   %soft  %steal  %guest  %gnice   %idle
01:37:05 AM  all    0.12    0.00   12.27    0.00    0.50   15.37    0.00    0.00    0.00   71.75
01:37:05 AM    0    0.98    0.00   49.02    0.00    0.98   49.02    0.00    0.00    0.00    0.00
01:37:05 AM    1    0.00    0.00   48.51    0.00    0.99   50.50    0.00    0.00    0.00    0.00
01:37:05 AM    2    0.00    0.00    0.00    0.00    0.00    1.00    0.00    0.00    0.00   99.00
01:37:05 AM    3    0.00    0.00    0.00    0.00    0.00    1.00    0.00    0.00    0.00   99.00
01:37:05 AM    4    0.00    0.00    0.00    0.00    0.00    6.93    0.00    0.00    0.00   93.07
01:37:05 AM    5    0.00    0.00    0.00    0.00    0.00    0.00    0.00    0.00    0.00  100.00
01:37:05 AM    6    0.00    0.00    0.00    0.00    0.99    6.93    0.00    0.00    0.00   92.08
01:37:05 AM    7    0.00    0.00    0.00    0.00    0.99    6.93    0.00    0.00    0.00   92.08

01:37:05 AM  CPU    %usr   %nice    %sys %iowait    %irq   %soft  %steal  %guest  %gnice   %idle
01:37:06 AM  all    0.13    0.00   12.09    0.00    0.13   15.24    0.00    0.00    0.00   72.42
01:37:06 AM    0    0.00    0.00   47.96    0.00    0.00   52.04    0.00    0.00    0.00    0.00
01:37:06 AM    1    1.00    0.00   49.00    0.00    1.00   49.00    0.00    0.00    0.00    0.00
01:37:06 AM    2    0.00    0.00    0.00    0.00    0.00    1.00    0.00    0.00    0.00   99.00
01:37:06 AM    3    0.00    0.00    0.00    0.00    0.00    0.00    0.00    0.00    0.00  100.00
01:37:06 AM    4    0.00    0.00    0.00    0.00    0.00    8.08    0.00    0.00    0.00   91.92
01:37:06 AM    5    0.00    0.00    0.00    0.00    0.00    0.00    0.00    0.00    0.00  100.00
01:37:06 AM    6    0.00    0.00    0.00    0.00    0.00    8.08    0.00    0.00    0.00   91.92
01:37:06 AM    7    0.00    0.00    0.00    0.00    0.00    4.04    0.00    0.00    0.00   95.96

01:37:06 AM  CPU    %usr   %nice    %sys %iowait    %irq   %soft  %steal  %guest  %gnice   %idle
01:37:07 AM  all    0.00    0.00   12.27    0.00    0.25   15.52    0.00    0.00    0.00   71.96
01:37:07 AM    0    0.00    0.00   48.51    0.00    0.99   50.50    0.00    0.00    0.00    0.00
01:37:07 AM    1    0.00    0.00   48.51    0.00    0.99   50.50    0.00    0.00    0.00    0.00
01:37:07 AM    2    0.00    0.00    0.00    0.00    0.00    1.00    0.00    0.00    0.00   99.00
01:37:07 AM    3    0.00    0.00    0.00    0.00    0.00    1.00    0.00    0.00    0.00   99.00
01:37:07 AM    4    0.00    0.00    0.00    0.00    0.00   10.10    0.00    0.00    0.00   89.90
01:37:07 AM    5    0.00    0.00    0.00    0.00    0.00    0.00    0.00    0.00    0.00  100.00
01:37:07 AM    6    0.00    0.00    0.00    0.00    0.00    6.06    0.00    0.00    0.00   93.94
01:37:07 AM    7    0.00    0.00    0.00    0.00    0.00    4.04    0.00    0.00    0.00   95.96

01:37:07 AM  CPU    %usr   %nice    %sys %iowait    %irq   %soft  %steal  %guest  %gnice   %idle
01:37:08 AM  all    0.00    0.00   12.47    0.00    0.62   14.71    0.00    0.00    0.00   72.19
01:37:08 AM    0    0.00    0.00   50.00    0.00    1.00   49.00    0.00    0.00    0.00    0.00
01:37:08 AM    1    0.00    0.00   50.51    0.00    1.01   48.48    0.00    0.00    0.00    0.00
01:37:08 AM    2    0.00    0.00    0.00    0.00    0.00    1.00    0.00    0.00    0.00   99.00
01:37:08 AM    3    0.00    0.00    0.00    0.00    0.99    0.99    0.00    0.00    0.00   98.02
01:37:08 AM    4    0.00    0.00    0.00    0.00    0.99    6.93    0.00    0.00    0.00   92.08
01:37:08 AM    5    0.00    0.00    0.00    0.00    0.00    0.00    0.00    0.00    0.00  100.00
01:37:08 AM    6    0.00    0.00    0.00    0.00    0.00    7.00    0.00    0.00    0.00   93.00
01:37:08 AM    7    0.00    0.00    0.00    0.00    0.99    4.95    0.00    0.00    0.00   94.06

01:37:08 AM  CPU    %usr   %nice    %sys %iowait    %irq   %soft  %steal  %guest  %gnice   %idle
01:37:09 AM  all    0.25    0.00   12.27    0.00    0.38   15.02    0.00    0.00    0.00   72.09
01:37:09 AM    0    0.99    0.00   49.50    0.00    0.99   48.51    0.00    0.00    0.00    0.00
01:37:09 AM    1    1.00    0.00   48.00    0.00    0.00   51.00    0.00    0.00    0.00    0.00
01:37:09 AM    2    0.00    0.00    0.00    0.00    1.00    1.00    0.00    0.00    0.00   98.00
01:37:09 AM    3    0.00    0.00    0.00    0.00    0.00    1.01    0.00    0.00    0.00   98.99
01:37:09 AM    4    0.00    0.00    0.00    0.00    0.00    6.00    0.00    0.00    0.00   94.00
01:37:09 AM    5    0.00    0.00    0.00    0.00    0.00    0.00    0.00    0.00    0.00  100.00
01:37:09 AM    6    0.00    0.00    0.00    0.00    1.00    7.00    0.00    0.00    0.00   92.00
01:37:09 AM    7    0.00    0.00    0.00    0.00    0.00    5.05    0.00    0.00    0.00   94.95

01:37:09 AM  CPU    %usr   %nice    %sys %iowait    %irq   %soft  %steal  %guest  %gnice   %idle
01:37:10 AM  all    0.00    0.00   12.38    0.00    0.25   14.88    0.00    0.00    0.00   72.50
01:37:10 AM    0    0.00    0.00   48.48    0.00    1.01   50.51    0.00    0.00    0.00    0.00
01:37:10 AM    1    0.00    0.00   49.50    0.00    0.99   48.51    0.00    0.00    0.00    0.99
01:37:10 AM    2    0.00    0.00    0.00    0.00    0.00    1.00    0.00    0.00    0.00   99.00
01:37:10 AM    3    0.00    0.00    0.00    0.00    0.00    1.98    0.00    0.00    0.00   98.02
01:37:10 AM    4    0.00    0.00    0.00    0.00    0.00    5.10    0.00    0.00    0.00   94.90
01:37:10 AM    5    0.00    0.00    0.00    0.00    0.00    0.00    0.00    0.00    0.00  100.00
01:37:10 AM    6    0.00    0.00    0.99    0.00    0.00    5.94    0.00    0.00    0.00   93.07
01:37:10 AM    7    0.00    0.00    0.00    0.00    0.00    6.00    0.00    0.00    0.00   94.00

01:37:10 AM  CPU    %usr   %nice    %sys %iowait    %irq   %soft  %steal  %guest  %gnice   %idle
01:37:11 AM  all    0.12    0.00   12.16    0.00    0.25   15.14    0.00    0.00    0.00   72.33
01:37:11 AM    0    1.00    0.00   50.00    0.00    0.00   49.00    0.00    0.00    0.00    0.00
01:37:11 AM    1    0.00    0.00   47.52    0.00    0.99   51.49    0.00    0.00    0.00    0.00
01:37:11 AM    2    0.00    0.00    0.00    0.00    0.00    0.99    0.00    0.00    0.00   99.01
01:37:11 AM    3    0.00    0.00    0.00    0.00    0.00    0.99    0.00    0.00    0.00   99.01
01:37:11 AM    4    0.00    0.00    0.00    0.00    0.98    6.86    0.00    0.00    0.00   92.16
01:37:11 AM    5    0.00    0.00    0.00    0.00    0.00    0.00    0.00    0.00    0.00  100.00
01:37:11 AM    6    0.00    0.00    0.00    0.00    0.00    6.00    0.00    0.00    0.00   94.00
01:37:11 AM    7    0.00    0.00    0.00    0.00    0.00    6.00    0.00    0.00    0.00   94.00

01:37:11 AM  CPU    %usr   %nice    %sys %iowait    %irq   %soft  %steal  %guest  %gnice   %idle
01:37:12 AM  all    0.25    0.00   12.36    0.00    0.50   14.98    0.00    0.00    0.00   71.91
01:37:12 AM    0    0.99    0.00   48.51    0.00    0.99   49.50    0.00    0.00    0.00    0.00
01:37:12 AM    1    0.99    0.00   49.50    0.00    0.99   48.51    0.00    0.00    0.00    0.00
01:37:12 AM    2    0.00    0.00    0.00    0.00    0.00    1.01    0.00    0.00    0.00   98.99
01:37:12 AM    3    0.00    0.00    0.00    0.00    0.00    1.01    0.00    0.00    0.00   98.99
01:37:12 AM    4    0.00    0.00    0.00    0.00    0.00    7.00    0.00    0.00    0.00   93.00
01:37:12 AM    5    0.00    0.00    0.00    0.00    0.00    0.00    0.00    0.00    0.00  100.00
01:37:12 AM    6    0.00    0.00    0.00    0.00    0.99    7.92    0.00    0.00    0.00   91.09
01:37:12 AM    7    0.00    0.00    0.00    0.00    1.00    4.00    0.00    0.00    0.00   95.00

01:37:12 AM  CPU    %usr   %nice    %sys %iowait    %irq   %soft  %steal  %guest  %gnice   %idle
01:37:13 AM  all    0.00    0.00   12.58    0.00    0.25   14.69    0.00    0.00    0.00   72.48
01:37:13 AM    0    0.00    0.00   47.52    0.00    0.99   51.49    0.00    0.00    0.00    0.00
01:37:13 AM    1    0.00    0.00   53.00    0.00    1.00   46.00    0.00    0.00    0.00    0.00
01:37:13 AM    2    0.00    0.00    0.00    0.00    0.00    0.99    0.00    0.00    0.00   99.01
01:37:13 AM    3    0.00    0.00    0.00    0.00    0.00    0.00    0.00    0.00    0.00  100.00
01:37:13 AM    4    0.00    0.00    0.00    0.00    0.00    7.00    0.00    0.00    0.00   93.00
01:37:13 AM    5    0.00    0.00    0.00    0.00    0.00    0.00    0.00    0.00    0.00  100.00
01:37:13 AM    6    0.00    0.00    0.00    0.00    0.00    7.00    0.00    0.00    0.00   93.00
01:37:13 AM    7    0.00    0.00    0.00    0.00    0.00    5.00    0.00    0.00    0.00   95.00

01:37:13 AM  CPU    %usr   %nice    %sys %iowait    %irq   %soft  %steal  %guest  %gnice   %idle
01:37:14 AM  all    0.00    0.00   12.38    0.00    0.25   14.88    0.00    0.00    0.00   72.50
01:37:14 AM    0    0.00    0.00   51.00    0.00    1.00   48.00    0.00    0.00    0.00    0.00
01:37:14 AM    1    0.00    0.00   48.48    0.00    0.00   51.52    0.00    0.00    0.00    0.00
01:37:14 AM    2    0.00    0.00    0.00    0.00    0.00    1.00    0.00    0.00    0.00   99.00
01:37:14 AM    3    0.00    0.00    0.00    0.00    0.99    0.99    0.00    0.00    0.00   98.02
01:37:14 AM    4    0.00    0.00    0.00    0.00    0.00    6.00    0.00    0.00    0.00   94.00
01:37:14 AM    5    0.00    0.00    0.00    0.00    0.00    0.00    0.00    0.00    0.00  100.00
01:37:14 AM    6    0.00    0.00    0.00    0.00    0.00    6.00    0.00    0.00    0.00   94.00
01:37:14 AM    7    0.00    0.00    0.00    0.00    0.00    6.00    0.00    0.00    0.00   94.00

01:37:14 AM  CPU    %usr   %nice    %sys %iowait    %irq   %soft  %steal  %guest  %gnice   %idle
01:37:15 AM  all    0.25    0.00   12.64    0.00    0.62   14.99    0.00    0.00    0.00   71.50
01:37:15 AM    0    0.98    0.00   49.02    0.00    0.98   48.04    0.00    0.00    0.00    0.98
01:37:15 AM    1    0.98    0.00   50.00    0.00    0.98   48.04    0.00    0.00    0.00    0.00
01:37:15 AM    2    0.00    0.00    0.00    0.00    0.99    0.99    0.00    0.00    0.00   98.02
01:37:15 AM    3    0.00    0.00    0.00    0.00    0.00    1.00    0.00    0.00    0.00   99.00
01:37:15 AM    4    0.00    0.00    0.99    0.00    0.99   10.89    0.00    0.00    0.00   87.13
01:37:15 AM    5    0.00    0.00    0.00    0.00    0.00    0.00    0.00    0.00    0.00  100.00
01:37:15 AM    6    0.00    0.00    0.00    0.00    0.00    5.05    0.00    0.00    0.00   94.95
01:37:15 AM    7    0.00    0.00    0.00    0.00    0.99    4.95    0.00    0.00    0.00   94.06

01:37:15 AM  CPU    %usr   %nice    %sys %iowait    %irq   %soft  %steal  %guest  %gnice   %idle
01:37:16 AM  all    0.00    0.00   12.30    0.00    0.25   14.91    0.00    0.00    0.00   72.55
01:37:16 AM    0    0.00    0.00   48.00    0.00    0.00   52.00    0.00    0.00    0.00    0.00
01:37:16 AM    1    0.00    0.00   51.00    0.00    1.00   48.00    0.00    0.00    0.00    0.00
01:37:16 AM    2    0.00    0.00    0.00    0.00    0.00    0.99    0.00    0.00    0.00   99.01
01:37:16 AM    3    0.00    0.00    0.00    0.00    0.00    1.00    0.00    0.00    0.00   99.00
01:37:16 AM    4    0.00    0.00    0.00    0.00    0.00    6.93    0.00    0.00    0.00   93.07
01:37:16 AM    5    0.00    0.00    0.00    0.00    0.00    0.00    0.00    0.00    0.00  100.00
01:37:16 AM    6    0.00    0.00    0.00    0.00    0.98    5.88    0.00    0.00    0.00   93.14
01:37:16 AM    7    0.00    0.00    0.00    0.00    0.00    5.00    0.00    0.00    0.00   95.00

01:37:16 AM  CPU    %usr   %nice    %sys %iowait    %irq   %soft  %steal  %guest  %gnice   %idle
01:37:17 AM  all    0.13    0.00   12.53    0.00    0.25   14.91    0.00    0.00    0.00   72.18
01:37:17 AM    0    0.99    0.00   51.49    0.00    0.99   46.53    0.00    0.00    0.00    0.00
01:37:17 AM    1    0.00    0.00   48.00    0.00    1.00   51.00    0.00    0.00    0.00    0.00
01:37:17 AM    2    0.00    0.00    0.00    0.00    0.00    1.01    0.00    0.00    0.00   98.99
01:37:17 AM    3    0.00    0.00    0.00    0.00    0.00    1.00    0.00    0.00    0.00   99.00
01:37:17 AM    4    0.00    0.00    0.00    0.00    0.00    5.05    0.00    0.00    0.00   94.95
01:37:17 AM    5    0.00    0.00    0.00    0.00    0.00    0.00    0.00    0.00    0.00  100.00
01:37:17 AM    6    0.00    0.00    0.00    0.00    0.00    6.06    0.00    0.00    0.00   93.94
01:37:17 AM    7    0.00    0.00    0.00    0.00    0.00    8.00    0.00    0.00    0.00   92.00

01:37:17 AM  CPU    %usr   %nice    %sys %iowait    %irq   %soft  %steal  %guest  %gnice   %idle
01:37:18 AM  all    0.00    0.00   12.50    0.00    0.50   14.85    0.00    0.00    0.00   72.15
01:37:18 AM    0    0.00    0.00   51.49    0.00    0.99   47.52    0.00    0.00    0.00    0.00
01:37:18 AM    1    0.00    0.00   48.51    0.00    0.99   50.50    0.00    0.00    0.00    0.00
01:37:18 AM    2    0.00    0.00    0.00    0.00    0.00    0.99    0.00    0.00    0.00   99.01
01:37:18 AM    3    0.00    0.00    0.00    0.00    0.00    0.99    0.00    0.00    0.00   99.01
01:37:18 AM    4    0.00    0.00    0.00    0.00    0.98    6.86    0.00    0.00    0.00   92.16
01:37:18 AM    5    0.00    0.00    0.00    0.00    0.00    0.00    0.00    0.00    0.00  100.00
01:37:18 AM    6    0.00    0.00    0.00    0.00    0.00    7.00    0.00    0.00    0.00   93.00
01:37:18 AM    7    0.00    0.00    0.00    0.00    0.99    4.95    0.00    0.00    0.00   94.06

01:37:18 AM  CPU    %usr   %nice    %sys %iowait    %irq   %soft  %steal  %guest  %gnice   %idle
01:37:19 AM  all    0.25    0.00   12.62    0.00    0.38   14.75    0.00    0.00    0.00   72.00
01:37:19 AM    0    1.00    0.00   51.00    0.00    1.00   47.00    0.00    0.00    0.00    0.00
01:37:19 AM    1    0.98    0.00   49.02    0.00    0.98   49.02    0.00    0.00    0.00    0.00
01:37:19 AM    2    0.00    0.00    0.00    0.00    0.00    1.00    0.00    0.00    0.00   99.00
01:37:19 AM    3    0.00    0.00    0.00    0.00    0.00    1.00    0.00    0.00    0.00   99.00
01:37:19 AM    4    0.00    0.00    0.00    0.00    0.00    7.07    0.00    0.00    0.00   92.93
01:37:19 AM    5    0.00    0.00    0.00    0.00    0.00    0.00    0.00    0.00    0.00  100.00
01:37:19 AM    6    0.00    0.00    0.00    0.00    1.00    7.00    0.00    0.00    0.00   92.00
01:37:19 AM    7    0.00    0.00    0.00    0.00    0.00    5.05    0.00    0.00    0.00   94.95

01:37:19 AM  CPU    %usr   %nice    %sys %iowait    %irq   %soft  %steal  %guest  %gnice   %idle
01:37:20 AM  all    0.00    0.00   12.58    0.00    0.25   14.69    0.00    0.00    0.00   72.48
01:37:20 AM    0    0.00    0.00   49.00    0.00    1.00   50.00    0.00    0.00    0.00    0.00
01:37:20 AM    1    0.00    0.00   52.53    0.00    0.00   47.47    0.00    0.00    0.00    0.00
01:37:20 AM    2    0.00    0.00    0.00    0.00    0.00    1.00    0.00    0.00    0.00   99.00
01:37:20 AM    3    0.00    0.00    0.00    0.00    0.99    0.99    0.00    0.00    0.00   98.02
01:37:20 AM    4    0.00    0.00    0.00    0.00    0.00    7.00    0.00    0.00    0.00   93.00
01:37:20 AM    5    0.00    0.00    0.00    0.00    0.00    0.00    0.00    0.00    0.00  100.00
01:37:20 AM    6    0.00    0.00    0.00    0.00    0.00    5.94    0.00    0.00    0.00   94.06
01:37:20 AM    7    0.00    0.00    0.00    0.00    0.00    5.94    0.00    0.00    0.00   94.06

01:37:20 AM  CPU    %usr   %nice    %sys %iowait    %irq   %soft  %steal  %guest  %gnice   %idle
01:37:21 AM  all    0.00    0.00   12.56    0.00    0.13   14.82    0.00    0.00    0.00   72.49
01:37:21 AM    0    0.00    0.00   49.00    0.00    0.00   51.00    0.00    0.00    0.00    0.00
01:37:21 AM    1    0.00    0.00   51.52    0.00    1.01   47.47    0.00    0.00    0.00    0.00
01:37:21 AM    2    0.00    0.00    0.00    0.00    0.00    1.00    0.00    0.00    0.00   99.00
01:37:21 AM    3    0.00    0.00    0.00    0.00    0.00    1.00    0.00    0.00    0.00   99.00
01:37:21 AM    4    0.00    0.00    0.00    0.00    0.00    6.06    0.00    0.00    0.00   93.94
01:37:21 AM    5    0.00    0.00    0.00    0.00    0.00    0.00    0.00    0.00    0.00  100.00
01:37:21 AM    6    0.00    0.00    0.00    0.00    0.00    6.06    0.00    0.00    0.00   93.94
01:37:21 AM    7    0.00    0.00    0.00    0.00    0.00    6.06    0.00    0.00    0.00   93.94

01:37:21 AM  CPU    %usr   %nice    %sys %iowait    %irq   %soft  %steal  %guest  %gnice   %idle
01:37:22 AM  all    0.25    0.00   12.52    0.00    0.74   15.12    0.00    0.00    0.00   71.38
01:37:22 AM    0    0.99    0.00   48.51    0.00    0.99   49.50    0.00    0.00    0.00    0.00
01:37:22 AM    1    0.98    0.00   50.98    0.00    0.98   47.06    0.00    0.00    0.00    0.00
01:37:22 AM    2    0.00    0.00    0.00    0.00    0.99    0.99    0.00    0.00    0.00   98.02
01:37:22 AM    3    0.00    0.00    0.00    0.00    0.00    1.00    0.00    0.00    0.00   99.00
01:37:22 AM    4    0.00    0.00    0.00    0.00    0.99    4.95    0.00    0.00    0.00   94.06
01:37:22 AM    5    0.00    0.00    0.00    0.00    0.00    0.00    0.00    0.00    0.00  100.00
01:37:22 AM    6    0.00    0.00    0.00    0.00    0.99    7.92    0.00    0.00    0.00   91.09
01:37:22 AM    7    0.00    0.00    0.00    0.00    0.99    8.91    0.00    0.00    0.00   90.10

01:37:22 AM  CPU    %usr   %nice    %sys %iowait    %irq   %soft  %steal  %guest  %gnice   %idle
01:37:23 AM  all    0.00    0.00   12.62    0.00    0.25   14.75    0.00    0.00    0.00   72.38
01:37:23 AM    0    0.00    0.00   53.00    0.00    1.00   46.00    0.00    0.00    0.00    0.00
01:37:23 AM    1    0.00    0.00   48.00    0.00    1.00   51.00    0.00    0.00    0.00    0.00
01:37:23 AM    2    0.00    0.00    0.00    0.00    0.00    1.00    0.00    0.00    0.00   99.00
01:37:23 AM    3    0.00    0.00    0.00    0.00    0.00    1.00    0.00    0.00    0.00   99.00
01:37:23 AM    4    0.00    0.00    0.00    0.00    0.00    6.00    0.00    0.00    0.00   94.00
01:37:23 AM    5    0.00    0.00    0.00    0.00    0.00    0.00    0.00    0.00    0.00  100.00
01:37:23 AM    6    0.00    0.00    0.00    0.00    0.00    6.00    0.00    0.00    0.00   94.00
01:37:23 AM    7    0.00    0.00    0.00    0.00    0.00    7.07    0.00    0.00    0.00   92.93

01:37:23 AM  CPU    %usr   %nice    %sys %iowait    %irq   %soft  %steal  %guest  %gnice   %idle
01:37:24 AM  all    0.12    0.00   12.50    0.00    0.25   14.62    0.00    0.00    0.00   72.50
01:37:24 AM    0    1.00    0.00   52.00    0.00    1.00   46.00    0.00    0.00    0.00    0.00
01:37:24 AM    1    0.00    0.00   47.52    0.00    0.99   51.49    0.00    0.00    0.00    0.00
01:37:24 AM    2    0.00    0.00    0.00    0.00    0.00    1.00    0.00    0.00    0.00   99.00
01:37:24 AM    3    0.00    0.00    0.00    0.00    0.00    1.00    0.00    0.00    0.00   99.00
01:37:24 AM    4    0.00    0.00    0.00    0.00    0.00    6.00    0.00    0.00    0.00   94.00
01:37:24 AM    5    0.00    0.00    0.00    0.00    0.00    0.00    0.00    0.00    0.00  100.00
01:37:24 AM    6    0.00    0.00    0.00    0.00    0.00    5.05    0.00    0.00    0.00   94.95
01:37:24 AM    7    0.00    0.00    0.00    0.00    0.00    6.00    0.00    0.00    0.00   94.00

01:37:24 AM  CPU    %usr   %nice    %sys %iowait    %irq   %soft  %steal  %guest  %gnice   %idle
01:37:25 AM  all    0.25    0.00   12.44    0.00    0.37   15.42    0.00    0.00    0.00   71.52
01:37:25 AM    0    0.98    0.00   49.02    0.00    0.98   49.02    0.00    0.00    0.00    0.00
01:37:25 AM    1    1.00    0.00   49.00    0.00    0.00   50.00    0.00    0.00    0.00    0.00
01:37:25 AM    2    0.00    0.00    0.00    0.00    0.00    1.00    0.00    0.00    0.00   99.00
01:37:25 AM    3    0.00    0.00    0.00    0.00    0.00    1.00    0.00    0.00    0.00   99.00
01:37:25 AM    4    0.00    0.00    0.00    0.00    1.00    7.00    0.00    0.00    0.00   92.00
01:37:25 AM    5    0.00    0.00    0.00    0.00    0.00    0.00    0.00    0.00    0.00  100.00
01:37:25 AM    6    0.00    0.00    0.00    0.00    0.00    6.00    0.00    0.00    0.00   94.00
01:37:25 AM    7    0.00    0.00    0.98    0.00    0.98    8.82    0.00    0.00    0.00   89.22

01:37:25 AM  CPU    %usr   %nice    %sys %iowait    %irq   %soft  %steal  %guest  %gnice   %idle
01:37:26 AM  all    0.00    0.00   12.22    0.00    0.25   15.11    0.00    0.00    0.00   72.42
01:37:26 AM    0    0.00    0.00   48.98    0.00    0.00   51.02    0.00    0.00    0.00    0.00
01:37:26 AM    1    0.00    0.00   50.00    0.00    1.02   48.98    0.00    0.00    0.00    0.00
01:37:26 AM    2    0.00    0.00    0.00    0.00    0.00    1.00    0.00    0.00    0.00   99.00
01:37:26 AM    3    0.00    0.00    0.00    0.00    0.00    1.00    0.00    0.00    0.00   99.00
01:37:26 AM    4    0.00    0.00    0.00    0.00    0.00    8.08    0.00    0.00    0.00   91.92
01:37:26 AM    5    0.00    0.00    0.00    0.00    0.00    0.00    0.00    0.00    0.00  100.00
01:37:26 AM    6    0.00    0.00    0.00    0.00    1.00    8.00    0.00    0.00    0.00   91.00
01:37:26 AM    7    0.00    0.00    0.00    0.00    0.00    4.04    0.00    0.00    0.00   95.96

01:37:26 AM  CPU    %usr   %nice    %sys %iowait    %irq   %soft  %steal  %guest  %gnice   %idle
01:37:27 AM  all    0.12    0.00   12.55    0.00    0.37   14.91    0.00    0.00    0.00   72.05
01:37:27 AM    0    0.98    0.00   50.98    0.00    0.98   47.06    0.00    0.00    0.00    0.00
01:37:27 AM    1    0.00    0.00   48.51    0.00    0.99   50.50    0.00    0.00    0.00    0.00
01:37:27 AM    2    0.00    0.00    0.00    0.00    0.00    1.00    0.00    0.00    0.00   99.00
01:37:27 AM    3    0.00    0.00    0.00    0.00    0.99    0.99    0.00    0.00    0.00   98.02
01:37:27 AM    4    0.00    0.00    0.00    0.00    0.00    7.00    0.00    0.00    0.00   93.00
01:37:27 AM    5    0.00    0.00    0.00    0.00    0.00    0.00    0.00    0.00    0.00  100.00
01:37:27 AM    6    0.00    0.00    0.00    0.00    0.00    7.00    0.00    0.00    0.00   93.00
01:37:27 AM    7    0.00    0.00    0.00    0.00    0.00    5.00    0.00    0.00    0.00   95.00

01:37:27 AM  CPU    %usr   %nice    %sys %iowait    %irq   %soft  %steal  %guest  %gnice   %idle
01:37:28 AM  all    0.12    0.00   12.58    0.00    0.37   14.94    0.00    0.00    0.00   71.98
01:37:28 AM    0    0.00    0.00   51.00    0.00    1.00   48.00    0.00    0.00    0.00    0.00
01:37:28 AM    1    0.98    0.00   49.02    0.00    0.98   49.02    0.00    0.00    0.00    0.00
01:37:28 AM    2    0.00    0.00    0.00    0.00    0.99    0.99    0.00    0.00    0.00   98.02
01:37:28 AM    3    0.00    0.00    0.00    0.00    0.00    1.00    0.00    0.00    0.00   99.00
01:37:28 AM    4    0.00    0.00    0.00    0.00    0.00    9.00    0.00    0.00    0.00   91.00
01:37:28 AM    5    0.00    0.00    0.00    0.00    0.00    0.00    0.00    0.00    0.00  100.00
01:37:28 AM    6    0.00    0.00    0.00    0.00    0.00    5.00    0.00    0.00    0.00   95.00
01:37:28 AM    7    0.00    0.00    0.00    0.00    0.00    6.00    0.00    0.00    0.00   94.00

01:37:28 AM  CPU    %usr   %nice    %sys %iowait    %irq   %soft  %steal  %guest  %gnice   %idle
01:37:29 AM  all    0.00    0.00   12.33    0.00    0.62   14.69    0.00    0.00    0.00   72.35
01:37:29 AM    0    0.00    0.00   50.00    0.00    1.00   49.00    0.00    0.00    0.00    0.00
01:37:29 AM    1    0.00    0.00   49.00    0.00    1.00   50.00    0.00    0.00    0.00    0.00
01:37:29 AM    2    0.00    0.00    0.00    0.00    0.00    1.00    0.00    0.00    0.00   99.00
01:37:29 AM    3    0.00    0.00    0.00    0.00    0.00    1.00    0.00    0.00    0.00   99.00
01:37:29 AM    4    0.00    0.00    0.00    0.00    0.99    6.93    0.00    0.00    0.00   92.08
01:37:29 AM    5    0.00    0.00    0.00    0.00    0.00    0.00    0.00    0.00    0.00  100.00
01:37:29 AM    6    0.00    0.00    0.00    0.00    1.00    4.00    0.00    0.00    0.00   95.00
01:37:29 AM    7    0.00    0.00    0.00    0.00    0.99    5.94    0.00    0.00    0.00   93.07

01:37:29 AM  CPU    %usr   %nice    %sys %iowait    %irq   %soft  %steal  %guest  %gnice   %idle
01:37:30 AM  all    0.13    0.00   12.53    0.00    0.13   14.91    0.00    0.00    0.00   72.31
01:37:30 AM    0    0.99    0.00   46.53    0.00    0.99   51.49    0.00    0.00    0.00    0.00
01:37:30 AM    1    0.00    0.00   53.54    0.00    0.00   46.46    0.00    0.00    0.00    0.00
01:37:30 AM    2    0.00    0.00    0.00    0.00    0.00    1.00    0.00    0.00    0.00   99.00
01:37:30 AM    3    0.00    0.00    0.00    0.00    0.00    1.00    0.00    0.00    0.00   99.00
01:37:30 AM    4    0.00    0.00    0.00    0.00    0.00    4.04    0.00    0.00    0.00   95.96
01:37:30 AM    5    0.00    0.00    0.00    0.00    0.00    0.00    0.00    0.00    0.00  100.00
01:37:30 AM    6    0.00    0.00    0.00    0.00    0.00    8.00    0.00    0.00    0.00   92.00
01:37:30 AM    7    0.00    0.00    0.00    0.00    0.00    7.07    0.00    0.00    0.00   92.93

01:37:30 AM  CPU    %usr   %nice    %sys %iowait    %irq   %soft  %steal  %guest  %gnice   %idle
01:37:31 AM  all    0.12    0.00   12.48    0.00    0.25   14.98    0.00    0.00    0.00   72.16
01:37:31 AM    0    0.00    0.00   50.00    0.00    1.00   49.00    0.00    0.00    0.00    0.00
01:37:31 AM    1    0.99    0.00   49.50    0.00    0.99   48.51    0.00    0.00    0.00    0.00
01:37:31 AM    2    0.00    0.00    0.00    0.00    0.00    1.00    0.00    0.00    0.00   99.00
01:37:31 AM    3    0.00    0.00    0.00    0.00    0.00    1.00    0.00    0.00    0.00   99.00
01:37:31 AM    4    0.00    0.00    0.00    0.00    0.00    7.00    0.00    0.00    0.00   93.00
01:37:31 AM    5    0.00    0.00    0.00    0.00    0.00    0.00    0.00    0.00    0.00  100.00
01:37:31 AM    6    0.00    0.00    0.00    0.00    0.00    6.00    0.00    0.00    0.00   94.00
01:37:31 AM    7    0.00    0.00    0.00    0.00    0.00    7.00    0.00    0.00    0.00   93.00

01:37:31 AM  CPU    %usr   %nice    %sys %iowait    %irq   %soft  %steal  %guest  %gnice   %idle
01:37:32 AM  all    0.00    0.00   12.52    0.00    0.38   15.14    0.00    0.00    0.00   71.96
01:37:32 AM    0    0.00    0.00   51.52    0.00    0.00   48.48    0.00    0.00    0.00    0.00
01:37:32 AM    1    0.00    0.00   49.00    0.00    1.00   50.00    0.00    0.00    0.00    0.00
01:37:32 AM    2    0.00    0.00    0.00    0.00    0.00    1.00    0.00    0.00    0.00   99.00
01:37:32 AM    3    0.00    0.00    0.00    0.00    0.00    1.00    0.00    0.00    0.00   99.00
01:37:32 AM    4    0.00    0.00    0.00    0.00    0.99    7.92    0.00    0.00    0.00   91.09
01:37:32 AM    5    0.00    0.00    0.00    0.00    0.00    0.00    0.00    0.00    0.00  100.00
01:37:32 AM    6    0.00    0.00    0.00    0.00    0.00    5.05    0.00    0.00    0.00   94.95
01:37:32 AM    7    0.00    0.00    0.00    0.00    1.00    8.00    0.00    0.00    0.00   91.00

01:37:32 AM  CPU    %usr   %nice    %sys %iowait    %irq   %soft  %steal  %guest  %gnice   %idle
01:37:33 AM  all    0.25    0.00   12.80    0.00    0.50   15.03    0.00    0.00    0.00   71.43
01:37:33 AM    0    0.99    0.00   48.51    0.00    0.99   49.50    0.00    0.00    0.00    0.00
01:37:33 AM    1    0.98    0.00   51.96    0.00    0.98   46.08    0.00    0.00    0.00    0.00
01:37:33 AM    2    0.00    0.00    0.00    0.00    0.00    0.00    0.00    0.00    0.00  100.00
01:37:33 AM    3    0.00    0.00    0.00    0.00    0.99    0.99    0.00    0.00    0.00   98.02
01:37:33 AM    4    0.00    0.00    1.00    0.00    0.00   10.00    0.00    0.00    0.00   89.00
01:37:33 AM    5    0.00    0.00    0.00    0.00    0.00    0.00    0.00    0.00    0.00  100.00
01:37:33 AM    6    0.00    0.00    0.00    0.00    0.99    5.94    0.00    0.00    0.00   93.07
01:37:33 AM    7    0.00    0.00    0.00    0.00    0.00    7.00    0.00    0.00    0.00   93.00

01:37:33 AM  CPU    %usr   %nice    %sys %iowait    %irq   %soft  %steal  %guest  %gnice   %idle
01:37:34 AM  all    0.12    0.00   12.33    0.00    0.25   15.32    0.00    0.00    0.00   71.98
01:37:34 AM    0    0.00    0.00   51.00    0.00    1.00   48.00    0.00    0.00    0.00    0.00
01:37:34 AM    1    0.99    0.00   47.52    0.00    0.99   50.50    0.00    0.00    0.00    0.00
01:37:34 AM    2    0.00    0.00    0.00    0.00    0.00    0.99    0.00    0.00    0.00   99.01
01:37:34 AM    3    0.00    0.00    0.00    0.00    0.00    0.99    0.00    0.00    0.00   99.01
01:37:34 AM    4    0.00    0.00    0.00    0.00    0.00    8.08    0.00    0.00    0.00   91.92
01:37:34 AM    5    0.00    0.00    0.00    0.00    0.00    0.00    0.00    0.00    0.00  100.00
01:37:34 AM    6    0.00    0.00    0.00    0.00    0.00    6.00    0.00    0.00    0.00   94.00
01:37:34 AM    7    0.00    0.00    0.00    0.00    0.00    8.00    0.00    0.00    0.00   92.00

01:37:34 AM  CPU    %usr   %nice    %sys %iowait    %irq   %soft  %steal  %guest  %gnice   %idle
01:37:35 AM  all    0.00    0.00   12.59    0.00    0.25   15.11    0.00    0.00    0.00   72.04
01:37:35 AM    0    0.00    0.00   49.50    0.00    0.99   49.50    0.00    0.00    0.00    0.00
01:37:35 AM    1    0.00    0.00   51.02    0.00    0.00   48.98    0.00    0.00    0.00    0.00
01:37:35 AM    2    0.00    0.00    0.00    0.00    1.00    1.00    0.00    0.00    0.00   98.00
01:37:35 AM    3    0.00    0.00    0.00    0.00    0.00    0.00    0.00    0.00    0.00  100.00
01:37:35 AM    4    0.00    0.00    0.00    0.00    0.00   10.10    0.00    0.00    0.00   89.90
01:37:35 AM    5    0.00    0.00    0.00    0.00    0.00    0.00    0.00    0.00    0.00  100.00
01:37:35 AM    6    0.00    0.00    0.00    0.00    0.00    5.05    0.00    0.00    0.00   94.95
01:37:35 AM    7    0.00    0.00    0.00    0.00    0.00    6.06    0.00    0.00    0.00   93.94

01:37:35 AM  CPU    %usr   %nice    %sys %iowait    %irq   %soft  %steal  %guest  %gnice   %idle
01:37:36 AM  all    0.12    0.00   12.23    0.00    0.50   14.98    0.00    0.00    0.00   72.16
01:37:36 AM    0    1.00    0.00   48.00    0.00    0.00   51.00    0.00    0.00    0.00    0.00
01:37:36 AM    1    0.00    0.00   50.00    0.00    1.00   49.00    0.00    0.00    0.00    0.00
01:37:36 AM    2    0.00    0.00    0.00    0.00    0.00    1.00    0.00    0.00    0.00   99.00
01:37:36 AM    3    0.00    0.00    0.00    0.00    0.00    1.00    0.00    0.00    0.00   99.00
01:37:36 AM    4    0.00    0.00    0.00    0.00    0.99    6.93    0.00    0.00    0.00   92.08
01:37:36 AM    5    0.00    0.00    0.00    0.00    0.00    0.00    0.00    0.00    0.00  100.00
01:37:36 AM    6    0.00    0.00    0.00    0.00    1.00    6.00    0.00    0.00    0.00   93.00
01:37:36 AM    7    0.00    0.00    0.00    0.00    1.00    5.00    0.00    0.00    0.00   94.00

01:37:36 AM  CPU    %usr   %nice    %sys %iowait    %irq   %soft  %steal  %guest  %gnice   %idle
01:37:37 AM  all    0.00    0.00   12.41    0.00    0.25   14.91    0.00    0.00    0.00   72.43
01:37:37 AM    0    0.00    0.00   50.00    0.00    1.00   49.00    0.00    0.00    0.00    0.00
01:37:37 AM    1    0.00    0.00   49.00    0.00    1.00   50.00    0.00    0.00    0.00    0.00
01:37:37 AM    2    0.00    0.00    0.00    0.00    0.00    1.00    0.00    0.00    0.00   99.00
01:37:37 AM    3    0.00    0.00    0.00    0.00    0.00    1.00    0.00    0.00    0.00   99.00
01:37:37 AM    4    0.00    0.00    0.00    0.00    0.00    8.08    0.00    0.00    0.00   91.92
01:37:37 AM    5    0.00    0.00    0.00    0.00    0.00    0.00    0.00    0.00    0.00  100.00
01:37:37 AM    6    0.00    0.00    0.00    0.00    0.00    6.00    0.00    0.00    0.00   94.00
01:37:37 AM    7    0.00    0.00    0.00    0.00    0.00    4.04    0.00    0.00    0.00   95.96

01:37:37 AM  CPU    %usr   %nice    %sys %iowait    %irq   %soft  %steal  %guest  %gnice   %idle
01:37:38 AM  all    0.00    0.00   12.73    0.00    0.25   14.98    0.00    0.00    0.00   72.03
01:37:38 AM    0    0.00    0.00   50.00    0.00    1.00   49.00    0.00    0.00    0.00    0.00
01:37:38 AM    1    0.00    0.00   51.49    0.00    0.99   47.52    0.00    0.00    0.00    0.00
01:37:38 AM    2    0.00    0.00    0.00    0.00    0.00    1.01    0.00    0.00    0.00   98.99
01:37:38 AM    3    0.00    0.00    0.00    0.00    0.00    1.00    0.00    0.00    0.00   99.00
01:37:38 AM    4    0.00    0.00    0.00    0.00    0.00    9.00    0.00    0.00    0.00   91.00
01:37:38 AM    5    0.00    0.00    0.00    0.00    0.00    0.00    0.00    0.00    0.00  100.00
01:37:38 AM    6    0.00    0.00    0.00    0.00    0.00    6.00    0.00    0.00    0.00   94.00
01:37:38 AM    7    0.00    0.00    0.00    0.00    0.00    5.94    0.00    0.00    0.00   94.06

01:37:38 AM  CPU    %usr   %nice    %sys %iowait    %irq   %soft  %steal  %guest  %gnice   %idle
01:37:39 AM  all    0.12    0.00   12.09    0.00    0.75   14.84    0.00    0.00    0.00   72.19
01:37:39 AM    0    0.00    0.00   48.00    0.00    1.00   51.00    0.00    0.00    0.00    0.00
01:37:39 AM    1    1.00    0.00   49.00    0.00    1.00   49.00    0.00    0.00    0.00    0.00
01:37:39 AM    2    0.00    0.00    0.00    0.00    0.00    1.00    0.00    0.00    0.00   99.00
01:37:39 AM    3    0.00    0.00    0.00    0.00    0.99    0.99    0.00    0.00    0.00   98.02
01:37:39 AM    4    0.00    0.00    0.00    0.00    0.99    5.94    0.00    0.00    0.00   93.07
01:37:39 AM    5    0.00    0.00    0.00    0.00    0.00    0.00    0.00    0.00    0.00  100.00
01:37:39 AM    6    0.00    0.00    0.00    0.00    1.00    4.00    0.00    0.00    0.00   95.00
01:37:39 AM    7    0.00    0.00    0.00    0.00    1.00    7.00    0.00    0.00    0.00   92.00

01:37:39 AM  CPU    %usr   %nice    %sys %iowait    %irq   %soft  %steal  %guest  %gnice   %idle
01:37:40 AM  all    0.12    0.00   12.59    0.00    0.00   15.21    0.00    0.00    0.00   72.07
01:37:40 AM    0    1.00    0.00   50.00    0.00    0.00   49.00    0.00    0.00    0.00    0.00
01:37:40 AM    1    0.00    0.00   50.00    0.00    0.00   50.00    0.00    0.00    0.00    0.00
01:37:40 AM    2    0.00    0.00    0.00    0.00    0.00    0.99    0.00    0.00    0.00   99.01
01:37:40 AM    3    0.00    0.00    0.00    0.00    0.00    1.00    0.00    0.00    0.00   99.00
01:37:40 AM    4    0.00    0.00    0.99    0.00    0.00    6.93    0.00    0.00    0.00   92.08
01:37:40 AM    5    0.00    0.00    0.00    0.00    0.00    0.00    0.00    0.00    0.00  100.00
01:37:40 AM    6    0.00    0.00    0.00    0.00    0.00    6.00    0.00    0.00    0.00   94.00
01:37:40 AM    7    0.00    0.00    0.00    0.00    0.00    8.08    0.00    0.00    0.00   91.92

01:37:40 AM  CPU    %usr   %nice    %sys %iowait    %irq   %soft  %steal  %guest  %gnice   %idle
01:37:41 AM  all    0.25    0.00   12.03    0.00    0.38   15.41    0.00    0.00    0.00   71.93
01:37:41 AM    0    1.00    0.00   47.00    0.00    1.00   51.00    0.00    0.00    0.00    0.00
01:37:41 AM    1    1.00    0.00   49.00    0.00    1.00   49.00    0.00    0.00    0.00    0.00
01:37:41 AM    2    0.00    0.00    0.00    0.00    1.00    1.00    0.00    0.00    0.00   98.00
01:37:41 AM    3    0.00    0.00    0.00    0.00    0.00    1.00    0.00    0.00    0.00   99.00
01:37:41 AM    4    0.00    0.00    0.00    0.00    0.00    8.08    0.00    0.00    0.00   91.92
01:37:41 AM    5    0.00    0.00    0.00    0.00    0.00    0.00    0.00    0.00    0.00  100.00
01:37:41 AM    6    0.00    0.00    0.00    0.00    0.00    5.05    0.00    0.00    0.00   94.95
01:37:41 AM    7    0.00    0.00    0.00    0.00    0.00    8.00    0.00    0.00    0.00   92.00

01:37:41 AM  CPU    %usr   %nice    %sys %iowait    %irq   %soft  %steal  %guest  %gnice   %idle
01:37:42 AM  all    0.00    0.00   12.31    0.00    0.37   15.05    0.00    0.00    0.00   72.26
01:37:42 AM    0    0.00    0.00   46.53    0.00    0.99   52.48    0.00    0.00    0.00    0.00
01:37:42 AM    1    0.00    0.00   51.49    0.00    0.99   46.53    0.00    0.00    0.00    0.99
01:37:42 AM    2    0.00    0.00    0.00    0.00    0.00    0.99    0.00    0.00    0.00   99.01
01:37:42 AM    3    0.00    0.00    0.00    0.00    0.00    1.00    0.00    0.00    0.00   99.00
01:37:42 AM    4    0.00    0.00    0.00    0.00    0.00    8.00    0.00    0.00    0.00   92.00
01:37:42 AM    5    0.00    0.00    0.00    0.00    0.00    0.00    0.00    0.00    0.00  100.00
01:37:42 AM    6    0.00    0.00    0.00    0.00    0.00    5.00    0.00    0.00    0.00   95.00
01:37:42 AM    7    0.00    0.00    0.00    0.00    0.99    5.94    0.00    0.00    0.00   93.07

01:37:42 AM  CPU    %usr   %nice    %sys %iowait    %irq   %soft  %steal  %guest  %gnice   %idle
01:37:43 AM  all    0.25    0.00   12.38    0.00    0.50   14.88    0.00    0.00    0.00   72.00
01:37:43 AM    0    0.99    0.00   48.51    0.00    0.99   49.50    0.00    0.00    0.00    0.00
01:37:43 AM    1    1.00    0.00   50.00    0.00    1.00   48.00    0.00    0.00    0.00    0.00
01:37:43 AM    2    0.00    0.00    0.00    0.00    0.00    1.01    0.00    0.00    0.00   98.99
01:37:43 AM    3    0.00    0.00    0.00    0.00    0.00    1.00    0.00    0.00    0.00   99.00
01:37:43 AM    4    0.00    0.00    0.00    0.00    1.00    7.00    0.00    0.00    0.00   92.00
01:37:43 AM    5    0.00    0.00    0.00    0.00    0.00    0.00    0.00    0.00    0.00  100.00
01:37:43 AM    6    0.00    0.00    0.00    0.00    0.99    6.93    0.00    0.00    0.00   92.08
01:37:43 AM    7    0.00    0.00    0.00    0.00    0.00    5.05    0.00    0.00    0.00   94.95

01:37:43 AM  CPU    %usr   %nice    %sys %iowait    %irq   %soft  %steal  %guest  %gnice   %idle
01:37:44 AM  all    0.00    0.00   12.66    0.00    0.13   15.04    0.00    0.00    0.00   72.18
01:37:44 AM    0    0.00    0.00   50.51    0.00    0.00   49.49    0.00    0.00    0.00    0.00
01:37:44 AM    1    0.00    0.00   50.50    0.00    0.99   48.51    0.00    0.00    0.00    0.00
01:37:44 AM    2    0.00    0.00    0.00    0.00    0.00    1.00    0.00    0.00    0.00   99.00
01:37:44 AM    3    0.00    0.00    0.00    0.00    0.00    1.00    0.00    0.00    0.00   99.00
01:37:44 AM    4    0.00    0.00    0.00    0.00    0.00    8.08    0.00    0.00    0.00   91.92
01:37:44 AM    5    0.00    0.00    0.00    0.00    0.00    0.00    0.00    0.00    0.00  100.00
01:37:44 AM    6    0.00    0.00    0.00    0.00    0.00    7.07    0.00    0.00    0.00   92.93
01:37:44 AM    7    0.00    0.00    0.00    0.00    0.00    5.00    0.00    0.00    0.00   95.00

01:37:44 AM  CPU    %usr   %nice    %sys %iowait    %irq   %soft  %steal  %guest  %gnice   %idle
01:37:45 AM  all    0.13    0.00   12.55    0.00    0.13   15.31    0.00    0.00    0.00   71.89
01:37:45 AM    0    1.00    0.00   53.00    0.00    1.00   45.00    0.00    0.00    0.00    0.00
01:37:45 AM    1    0.00    0.00   47.96    0.00    0.00   52.04    0.00    0.00    0.00    0.00
01:37:45 AM    2    0.00    0.00    0.00    0.00    0.00    1.00    0.00    0.00    0.00   99.00
01:37:45 AM    3    0.00    0.00    0.00    0.00    0.00    1.00    0.00    0.00    0.00   99.00
01:37:45 AM    4    0.00    0.00    0.00    0.00    0.00   11.00    0.00    0.00    0.00   89.00
01:37:45 AM    5    0.00    0.00    0.00    0.00    0.00    0.00    0.00    0.00    0.00  100.00
01:37:45 AM    6    0.00    0.00    0.00    0.00    0.00    5.00    0.00    0.00    0.00   95.00
01:37:45 AM    7    0.00    0.00    0.00    0.00    0.00    8.08    0.00    0.00    0.00   91.92

01:37:45 AM  CPU    %usr   %nice    %sys %iowait    %irq   %soft  %steal  %guest  %gnice   %idle
01:37:46 AM  all    0.00    0.00   12.36    0.00    0.75   15.23    0.00    0.00    0.00   71.66
01:37:46 AM    0    0.00    0.00   48.00    0.00    1.00   50.00    0.00    0.00    0.00    1.00
01:37:46 AM    1    0.00    0.00   49.50    0.00    0.99   49.50    0.00    0.00    0.00    0.00
01:37:46 AM    2    0.00    0.00    0.00    0.00    0.00    1.00    0.00    0.00    0.00   99.00
01:37:46 AM    3    0.00    0.00    0.00    0.00    1.00    1.00    0.00    0.00    0.00   98.00
01:37:46 AM    4    0.00    0.00    1.00    0.00    1.00   10.00    0.00    0.00    0.00   88.00
01:37:46 AM    5    0.00    0.00    0.00    0.00    0.00    0.00    0.00    0.00    0.00  100.00
01:37:46 AM    6    0.00    0.00    0.00    0.00    1.00    5.00    0.00    0.00    0.00   94.00
01:37:46 AM    7    0.00    0.00    0.00    0.00    1.00    5.00    0.00    0.00    0.00   94.00

01:37:46 AM  CPU    %usr   %nice    %sys %iowait    %irq   %soft  %steal  %guest  %gnice   %idle
01:37:47 AM  all    0.25    0.00   12.34    0.00    0.25   14.96    0.00    0.00    0.00   72.19
01:37:47 AM    0    0.99    0.00   48.51    0.00    0.99   49.50    0.00    0.00    0.00    0.00
01:37:47 AM    1    0.99    0.00   49.50    0.00    0.99   48.51    0.00    0.00    0.00    0.00
01:37:47 AM    2    0.00    0.00    0.00    0.00    0.00    1.00    0.00    0.00    0.00   99.00
01:37:47 AM    3    0.00    0.00    0.00    0.00    0.00    0.00    0.00    0.00    0.00  100.00
01:37:47 AM    4    0.00    0.00    0.00    0.00    0.00    8.00    0.00    0.00    0.00   92.00
01:37:47 AM    5    0.00    0.00    0.00    0.00    0.00    0.00    0.00    0.00    0.00  100.00
01:37:47 AM    6    0.00    0.00    0.00    0.00    0.00    6.06    0.00    0.00    0.00   93.94
01:37:47 AM    7    0.00    0.00    0.00    0.00    0.00    6.00    0.00    0.00    0.00   94.00

01:37:47 AM  CPU    %usr   %nice    %sys %iowait    %irq   %soft  %steal  %guest  %gnice   %idle
01:37:48 AM  all    0.00    0.00   12.44    0.00    0.38   15.33    0.00    0.00    0.00   71.86
01:37:48 AM    0    0.00    0.00   49.49    0.00    1.01   49.49    0.00    0.00    0.00    0.00
01:37:48 AM    1    0.00    0.00   50.00    0.00    1.00   49.00    0.00    0.00    0.00    0.00
01:37:48 AM    2    0.00    0.00    0.00    0.00    1.00    1.00    0.00    0.00    0.00   98.00
01:37:48 AM    3    0.00    0.00    0.00    0.00    0.00    1.01    0.00    0.00    0.00   98.99
01:37:48 AM    4    0.00    0.00    0.00    0.00    0.00   11.11    0.00    0.00    0.00   88.89
01:37:48 AM    5    0.00    0.00    0.00    0.00    0.00    0.00    0.00    0.00    0.00  100.00
01:37:48 AM    6    0.00    0.00    0.00    0.00    0.00    7.00    0.00    0.00    0.00   93.00
01:37:48 AM    7    0.00    0.00    0.00    0.00    0.00    4.04    0.00    0.00    0.00   95.96

01:37:48 AM  CPU    %usr   %nice    %sys %iowait    %irq   %soft  %steal  %guest  %gnice   %idle
01:37:49 AM  all    0.12    0.00   12.59    0.00    0.37   15.31    0.00    0.00    0.00   71.60
01:37:49 AM    0    0.99    0.00   49.50    0.00    0.00   49.50    0.00    0.00    0.00    0.00
01:37:49 AM    1    0.00    0.00   50.50    0.00    0.99   48.51    0.00    0.00    0.00    0.00
01:37:49 AM    2    0.00    0.00    0.00    0.00    0.00    0.99    0.00    0.00    0.00   99.01
01:37:49 AM    3    0.00    0.00    0.00    0.00    0.00    0.99    0.00    0.00    0.00   99.01
01:37:49 AM    4    0.00    0.00    0.99    0.00    0.00   12.87    0.00    0.00    0.00   86.14
01:37:49 AM    5    0.00    0.00    0.00    0.00    0.00    0.00    0.00    0.00    0.00  100.00
01:37:49 AM    6    0.00    0.00    0.00    0.00    0.98    4.90    0.00    0.00    0.00   94.12
01:37:49 AM    7    0.00    0.00    0.00    0.00    0.98    4.90    0.00    0.00    0.00   94.12

01:37:49 AM  CPU    %usr   %nice    %sys %iowait    %irq   %soft  %steal  %guest  %gnice   %idle
01:37:50 AM  all    0.00    0.00   12.55    0.00    0.25   14.81    0.00    0.00    0.00   72.40
01:37:50 AM    0    0.00    0.00   48.00    0.00    1.00   51.00    0.00    0.00    0.00    0.00
01:37:50 AM    1    0.00    0.00   52.53    0.00    0.00   47.47    0.00    0.00    0.00    0.00
01:37:50 AM    2    0.00    0.00    0.00    0.00    0.00    1.00    0.00    0.00    0.00   99.00
01:37:50 AM    3    0.00    0.00    0.00    0.00    0.00    1.00    0.00    0.00    0.00   99.00
01:37:50 AM    4    0.00    0.00    0.00    0.00    0.99    5.94    0.00    0.00    0.00   93.07
01:37:50 AM    5    0.00    0.00    0.00    0.00    0.00    0.00    0.00    0.00    0.00  100.00
01:37:50 AM    6    0.00    0.00    0.00    0.00    0.00    6.12    0.00    0.00    0.00   93.88
01:37:50 AM    7    0.00    0.00    0.00    0.00    0.00    6.06    0.00    0.00    0.00   93.94

01:37:50 AM  CPU    %usr   %nice    %sys %iowait    %irq   %soft  %steal  %guest  %gnice   %idle
01:37:51 AM  all    0.00    0.00   12.53    0.00    0.25   14.91    0.00    0.00    0.00   72.31
01:37:51 AM    0    0.00    0.00   48.00    0.00    1.00   51.00    0.00    0.00    0.00    0.00
01:37:51 AM    1    0.00    0.00   52.00    0.00    1.00   47.00    0.00    0.00    0.00    0.00
01:37:51 AM    2    0.00    0.00    0.00    0.00    0.00    1.01    0.00    0.00    0.00   98.99
01:37:51 AM    3    0.00    0.00    0.00    0.00    0.00    1.00    0.00    0.00    0.00   99.00
01:37:51 AM    4    0.00    0.00    0.00    0.00    0.00    5.05    0.00    0.00    0.00   94.95
01:37:51 AM    5    0.00    0.00    0.00    0.00    0.00    0.00    0.00    0.00    0.00  100.00
01:37:51 AM    6    0.00    0.00    0.00    0.00    0.00    7.00    0.00    0.00    0.00   93.00
01:37:51 AM    7    0.00    0.00    0.00    0.00    0.00    7.00    0.00    0.00    0.00   93.00

01:37:51 AM  CPU    %usr   %nice    %sys %iowait    %irq   %soft  %steal  %guest  %gnice   %idle
01:37:52 AM  all    0.12    0.00   12.19    0.00    0.50   14.93    0.00    0.00    0.00   72.26
01:37:52 AM    0    0.00    0.00   47.52    0.00    0.99   51.49    0.00    0.00    0.00    0.00
01:37:52 AM    1    0.99    0.00   49.50    0.00    0.99   48.51    0.00    0.00    0.00    0.00
01:37:52 AM    2    0.00    0.00    0.00    0.00    0.00    1.00    0.00    0.00    0.00   99.00
01:37:52 AM    3    0.00    0.00    0.00    0.00    0.99    0.99    0.00    0.00    0.00   98.02
01:37:52 AM    4    0.00    0.00    0.00    0.00    0.00    7.00    0.00    0.00    0.00   93.00
01:37:52 AM    5    0.00    0.00    0.00    0.00    0.00    0.00    0.00    0.00    0.00  100.00
01:37:52 AM    6    0.00    0.00    0.00    0.00    0.00    5.00    0.00    0.00    0.00   95.00
01:37:52 AM    7    0.00    0.00    0.00    0.00    0.99    4.95    0.00    0.00    0.00   94.06

01:37:52 AM  CPU    %usr   %nice    %sys %iowait    %irq   %soft  %steal  %guest  %gnice   %idle
01:37:53 AM  all    0.12    0.00   12.56    0.00    0.50   14.80    0.00    0.00    0.00   72.01
01:37:53 AM    0    0.99    0.00   47.52    0.00    0.99   50.50    0.00    0.00    0.00    0.00
01:37:53 AM    1    0.00    0.00   52.48    0.00    0.99   46.53    0.00    0.00    0.00    0.00
01:37:53 AM    2    0.00    0.00    0.00    0.00    0.00    1.00    0.00    0.00    0.00   99.00
01:37:53 AM    3    0.00    0.00    0.00    0.00    0.00    1.00    0.00    0.00    0.00   99.00
01:37:53 AM    4    0.00    0.00    0.00    0.00    0.99    5.94    0.00    0.00    0.00   93.07
01:37:53 AM    5    0.00    0.00    0.00    0.00    0.00    0.00    0.00    0.00    0.00  100.00
01:37:53 AM    6    0.00    0.00    0.00    0.00    0.99    6.93    0.00    0.00    0.00   92.08
01:37:53 AM    7    0.00    0.00    0.00    0.00    0.00    6.06    0.00    0.00    0.00   93.94

01:37:53 AM  CPU    %usr   %nice    %sys %iowait    %irq   %soft  %steal  %guest  %gnice   %idle
01:37:54 AM  all    0.00    0.00   12.41    0.00    0.25   14.79    0.00    0.00    0.00   72.56
01:37:54 AM    0    0.00    0.00   47.47    0.00    0.00   52.53    0.00    0.00    0.00    0.00
01:37:54 AM    1    0.00    0.00   52.00    0.00    1.00   47.00    0.00    0.00    0.00    0.00
01:37:54 AM    2    0.00    0.00    0.00    0.00    0.99    0.99    0.00    0.00    0.00   98.02
01:37:54 AM    3    0.00    0.00    0.00    0.00    0.00    1.00    0.00    0.00    0.00   99.00
01:37:54 AM    4    0.00    0.00    0.00    0.00    0.00    4.00    0.00    0.00    0.00   96.00
01:37:54 AM    5    0.00    0.00    0.00    0.00    0.00    0.00    0.00    0.00    0.00  100.00
01:37:54 AM    6    0.00    0.00    0.00    0.00    0.00    7.07    0.00    0.00    0.00   92.93
01:37:54 AM    7    0.00    0.00    0.00    0.00    0.00    6.06    0.00    0.00    0.00   93.94

01:37:54 AM  CPU    %usr   %nice    %sys %iowait    %irq   %soft  %steal  %guest  %gnice   %idle
01:37:55 AM  all    0.00    0.00   12.50    0.00    0.25   15.00    0.00    0.00    0.00   72.25
01:37:55 AM    0    0.00    0.00   48.00    0.00    1.00   51.00    0.00    0.00    0.00    0.00
01:37:55 AM    1    0.00    0.00   52.00    0.00    1.00   47.00    0.00    0.00    0.00    0.00
01:37:55 AM    2    0.00    0.00    0.00    0.00    0.00    1.00    0.00    0.00    0.00   99.00
01:37:55 AM    3    0.00    0.00    0.00    0.00    0.00    1.00    0.00    0.00    0.00   99.00
01:37:55 AM    4    0.00    0.00    0.00    0.00    0.00    7.07    0.00    0.00    0.00   92.93
01:37:55 AM    5    0.00    0.00    0.00    0.00    0.00    0.00    0.00    0.00    0.00  100.00
01:37:55 AM    6    0.00    0.00    0.00    0.00    0.00    7.00    0.00    0.00    0.00   93.00
01:37:55 AM    7    0.00    0.00    0.00    0.00    0.00    6.00    0.00    0.00    0.00   94.00

01:37:55 AM  CPU    %usr   %nice    %sys %iowait    %irq   %soft  %steal  %guest  %gnice   %idle
01:37:56 AM  all    0.00    0.00   12.53    0.00    0.50   15.01    0.00    0.00    0.00   71.96
01:37:56 AM    0    0.00    0.00   51.49    0.00    0.99   47.52    0.00    0.00    0.00    0.00
01:37:56 AM    1    0.00    0.00   48.51    0.00    0.99   50.50    0.00    0.00    0.00    0.00
01:37:56 AM    2    0.00    0.00    0.00    0.00    0.00    0.99    0.00    0.00    0.00   99.01
01:37:56 AM    3    0.00    0.00    0.00    0.00    0.00    1.00    0.00    0.00    0.00   99.00
01:37:56 AM    4    0.00    0.00    0.00    0.00    0.00   10.00    0.00    0.00    0.00   90.00
01:37:56 AM    5    0.00    0.00    0.00    0.00    0.00    0.00    0.00    0.00    0.00  100.00
01:37:56 AM    6    0.00    0.00    0.00    0.00    0.99    4.95    0.00    0.00    0.00   94.06
01:37:56 AM    7    0.00    0.00    0.00    0.00    0.98    4.90    0.00    0.00    0.00   94.12

Average:     CPU    %usr   %nice    %sys %iowait    %irq   %soft  %steal  %guest  %gnice   %idle
Average:     all    0.09    0.00   12.39    0.00    0.35   14.95    0.00    0.00    0.00   72.23
Average:       0    0.37    0.00   49.07    0.00    0.78   49.37    0.00    0.00    0.00    0.42
Average:       1    0.32    0.00   49.74    0.00    0.81   48.73    0.00    0.00    0.00    0.40
Average:       2    0.00    0.00    0.00    0.00    0.15    0.97    0.00    0.00    0.00   98.88
Average:       3    0.00    0.00    0.00    0.00    0.15    0.95    0.00    0.00    0.00   98.90
Average:       4    0.00    0.00    0.10    0.00    0.28    7.32    0.00    0.00    0.00   92.30
Average:       5    0.00    0.00    0.00    0.00    0.00    0.00    0.00    0.00    0.00  100.00
Average:       6    0.00    0.00    0.02    0.00    0.30    6.13    0.00    0.00    0.00   93.55
Average:       7    0.00    0.00    0.02    0.00    0.30    5.98    0.00    0.00    0.00   93.70
