Linux 7.2.0-rc1 (bpi-f3) 	07/10/2026 	_riscv64_	(8 CPU)

05:51:24 PM  CPU    %usr   %nice    %sys %iowait    %irq   %soft  %steal  %guest  %gnice   %idle
05:51:25 PM  all    0.00    0.00    0.00    0.00    3.12   34.54    0.00    0.00    0.00   62.34
05:51:25 PM    0    0.00    0.00    0.00    0.00   23.00   77.00    0.00    0.00    0.00    0.00
05:51:25 PM    1    0.00    0.00    0.00    0.00    0.00    0.00    0.00    0.00    0.00  100.00
05:51:25 PM    2    0.00    0.00    0.00    0.00    1.00   99.00    0.00    0.00    0.00    0.00
05:51:25 PM    3    0.00    0.00    0.00    0.00    0.00    0.00    0.00    0.00    0.00  100.00
05:51:25 PM    4    0.00    0.00    0.00    0.00    0.99   99.01    0.00    0.00    0.00    0.00
05:51:25 PM    5    0.00    0.00    0.00    0.00    0.00    0.00    0.00    0.00    0.00  100.00
05:51:25 PM    6    0.00    0.00    0.00    0.00    0.00    0.00    0.00    0.00    0.00  100.00
05:51:25 PM    7    0.00    0.00    0.00    0.00    0.00    0.99    0.00    0.00    0.00   99.01

05:51:25 PM  CPU    %usr   %nice    %sys %iowait    %irq   %soft  %steal  %guest  %gnice   %idle
05:51:26 PM  all    0.00    0.00    0.25    0.00    3.00   34.25    0.00    0.00    0.00   62.50
05:51:26 PM    0    0.00    0.00    2.00    0.00   22.00   76.00    0.00    0.00    0.00    0.00
05:51:26 PM    1    0.00    0.00    0.00    0.00    1.00    0.00    0.00    0.00    0.00   99.00
05:51:26 PM    2    0.00    0.00    0.00    0.00    1.00   99.00    0.00    0.00    0.00    0.00
05:51:26 PM    3    0.00    0.00    0.00    0.00    0.00    0.00    0.00    0.00    0.00  100.00
05:51:26 PM    4    0.00    0.00    0.00    0.00    0.00  100.00    0.00    0.00    0.00    0.00
05:51:26 PM    5    0.00    0.00    0.00    0.00    0.00    0.00    0.00    0.00    0.00  100.00
05:51:26 PM    6    0.00    0.00    0.00    0.00    0.00    0.00    0.00    0.00    0.00  100.00
05:51:26 PM    7    0.00    0.00    0.00    0.00    0.00    0.00    0.00    0.00    0.00  100.00

05:51:26 PM  CPU    %usr   %nice    %sys %iowait    %irq   %soft  %steal  %guest  %gnice   %idle
05:51:27 PM  all    0.00    0.00    0.25    0.00    3.11   34.50    0.00    0.00    0.00   62.14
05:51:27 PM    0    0.00    0.00    1.98    0.00   22.77   75.25    0.00    0.00    0.00    0.00
05:51:27 PM    1    0.00    0.00    0.00    0.00    0.00    0.99    0.00    0.00    0.00   99.01
05:51:27 PM    2    0.00    0.00    0.00    0.00    1.00   98.00    0.00    0.00    0.00    1.00
05:51:27 PM    3    0.00    0.00    0.00    0.00    0.00    2.97    0.00    0.00    0.00   97.03
05:51:27 PM    4    0.00    0.00    0.00    0.00    1.00   99.00    0.00    0.00    0.00    0.00
05:51:27 PM    5    0.00    0.00    0.00    0.00    0.00    0.00    0.00    0.00    0.00  100.00
05:51:27 PM    6    0.00    0.00    0.00    0.00    0.00    0.00    0.00    0.00    0.00  100.00
05:51:27 PM    7    0.00    0.00    0.00    0.00    0.00    0.00    0.00    0.00    0.00  100.00

05:51:27 PM  CPU    %usr   %nice    %sys %iowait    %irq   %soft  %steal  %guest  %gnice   %idle
05:51:28 PM  all    0.00    0.00    0.12    0.00    2.88   34.62    0.00    0.00    0.00   62.38
05:51:28 PM    0    0.00    0.00    1.00    0.00   22.00   77.00    0.00    0.00    0.00    0.00
05:51:28 PM    1    0.00    0.00    0.00    0.00    0.00    0.00    0.00    0.00    0.00  100.00
05:51:28 PM    2    0.00    0.00    0.00    0.00    0.00    0.00    0.00    0.00    0.00  100.00
05:51:28 PM    3    0.00    0.00    0.00    0.00    1.00   99.00    0.00    0.00    0.00    0.00
05:51:28 PM    4    0.00    0.00    0.00    0.00    0.00   16.00    0.00    0.00    0.00   84.00
05:51:28 PM    5    0.00    0.00    0.00    0.00    0.00   85.86    0.00    0.00    0.00   14.14
05:51:28 PM    6    0.00    0.00    0.00    0.00    0.00    0.00    0.00    0.00    0.00  100.00
05:51:28 PM    7    0.00    0.00    0.00    0.00    0.00    0.00    0.00    0.00    0.00  100.00

05:51:28 PM  CPU    %usr   %nice    %sys %iowait    %irq   %soft  %steal  %guest  %gnice   %idle
05:51:29 PM  all    0.00    0.00    0.00    0.00    3.00   34.42    0.00    0.00    0.00   62.58
05:51:29 PM    0    0.00    0.00    0.00    0.00   22.22   77.78    0.00    0.00    0.00    0.00
05:51:29 PM    1    0.00    0.00    0.00    0.00    0.00    0.00    0.00    0.00    0.00  100.00
05:51:29 PM    2    0.00    0.00    0.00    0.00    0.00    0.00    0.00    0.00    0.00  100.00
05:51:29 PM    3    0.00    0.00    0.00    0.00    1.00   99.00    0.00    0.00    0.00    0.00
05:51:29 PM    4    0.00    0.00    0.00    0.00    0.00    0.00    0.00    0.00    0.00  100.00
05:51:29 PM    5    0.00    0.00    0.00    0.00    1.00   99.00    0.00    0.00    0.00    0.00
05:51:29 PM    6    0.00    0.00    0.00    0.00    0.00    0.00    0.00    0.00    0.00  100.00
05:51:29 PM    7    0.00    0.00    0.00    0.00    0.00    0.00    0.00    0.00    0.00  100.00

05:51:29 PM  CPU    %usr   %nice    %sys %iowait    %irq   %soft  %steal  %guest  %gnice   %idle
05:51:30 PM  all    0.50    0.00    0.88    0.00    2.88   34.50    0.00    0.00    0.00   61.25
05:51:30 PM    0    0.00    0.00    1.00    0.00   22.00   77.00    0.00    0.00    0.00    0.00
05:51:30 PM    1    0.00    0.00    0.00    0.00    0.00    0.99    0.00    0.00    0.00   99.01
05:51:30 PM    2    0.00    0.00    1.00    0.00    0.00    0.00    0.00    0.00    0.00   99.00
05:51:30 PM    3    0.00    0.00    0.00    0.00    1.00   99.00    0.00    0.00    0.00    0.00
05:51:30 PM    4    3.00    0.00    2.00    0.00    0.00    0.00    0.00    0.00    0.00   95.00
05:51:30 PM    5    0.00    0.00    0.00    0.00    0.00  100.00    0.00    0.00    0.00    0.00
05:51:30 PM    6    0.00    0.00    1.00    0.00    0.00    0.00    0.00    0.00    0.00   99.00
05:51:30 PM    7    1.00    0.00    2.00    0.00    0.00    0.00    0.00    0.00    0.00   97.00

05:51:30 PM  CPU    %usr   %nice    %sys %iowait    %irq   %soft  %steal  %guest  %gnice   %idle
05:51:31 PM  all    0.00    0.00    0.12    0.00    3.12   34.41    0.00    0.00    0.00   62.34
05:51:31 PM    0    0.00    0.00    0.99    0.00   22.77   76.24    0.00    0.00    0.00    0.00
05:51:31 PM    1    0.00    0.00    0.00    0.00    0.00    0.00    0.00    0.00    0.00  100.00
05:51:31 PM    2    0.00    0.00    0.00    0.00    0.00    0.00    0.00    0.00    0.00  100.00
05:51:31 PM    3    0.00    0.00    0.00    0.00    1.00   99.00    0.00    0.00    0.00    0.00
05:51:31 PM    4    0.00    0.00    0.00    0.00    0.00    0.00    0.00    0.00    0.00  100.00
05:51:31 PM    5    0.00    0.00    0.00    0.00    0.99   99.01    0.00    0.00    0.00    0.00
05:51:31 PM    6    0.00    0.00    0.00    0.00    0.00    0.00    0.00    0.00    0.00  100.00
05:51:31 PM    7    0.00    0.00    0.00    0.00    0.00    0.00    0.00    0.00    0.00  100.00

05:51:31 PM  CPU    %usr   %nice    %sys %iowait    %irq   %soft  %steal  %guest  %gnice   %idle
05:51:32 PM  all    0.00    0.00    0.13    0.00    3.75   20.28    0.00    0.00    0.00   75.84
05:51:32 PM    0    0.00    0.00    1.01    0.00   30.30   68.69    0.00    0.00    0.00    0.00
05:51:32 PM    1    0.00    0.00    0.00    0.00    0.00    0.00    0.00    0.00    0.00  100.00
05:51:32 PM    2    0.00    0.00    0.00    0.00    0.00    0.00    0.00    0.00    0.00  100.00
05:51:32 PM    3    0.00    0.00    0.00    0.00    0.00   39.00    0.00    0.00    0.00   61.00
05:51:32 PM    4    0.00    0.00    0.00    0.00    0.00    0.00    0.00    0.00    0.00  100.00
05:51:32 PM    5    0.00    0.00    0.00    0.00    0.00   44.00    0.00    0.00    0.00   56.00
05:51:32 PM    6    0.00    0.00    0.00    0.00    0.00   11.00    0.00    0.00    0.00   89.00
05:51:32 PM    7    0.00    0.00    0.00    0.00    0.00    0.00    0.00    0.00    0.00  100.00

05:51:32 PM  CPU    %usr   %nice    %sys %iowait    %irq   %soft  %steal  %guest  %gnice   %idle
05:51:33 PM  all    0.00    0.00    0.12    0.00    4.61   11.46    0.00    0.00    0.00   83.81
05:51:33 PM    0    0.00    0.00    0.99    0.00   35.64   63.37    0.00    0.00    0.00    0.00
05:51:33 PM    1    0.00    0.00    0.00    0.00    0.00    0.00    0.00    0.00    0.00  100.00
05:51:33 PM    2    0.00    0.00    0.00    0.00    0.00    0.00    0.00    0.00    0.00  100.00
05:51:33 PM    3    0.00    0.00    0.00    0.00    0.00    0.00    0.00    0.00    0.00  100.00
05:51:33 PM    4    0.00    0.00    0.00    0.00    0.00    0.00    0.00    0.00    0.00  100.00
05:51:33 PM    5    0.00    0.00    0.00    0.00    0.00    0.00    0.00    0.00    0.00  100.00
05:51:33 PM    6    0.00    0.00    0.00    0.00    0.98   27.45    0.00    0.00    0.00   71.57
05:51:33 PM    7    0.00    0.00    0.00    0.00    0.00    0.00    0.00    0.00    0.00  100.00

05:51:33 PM  CPU    %usr   %nice    %sys %iowait    %irq   %soft  %steal  %guest  %gnice   %idle
05:51:34 PM  all    0.00    0.00    0.00    0.00    4.50   11.38    0.00    0.00    0.00   84.12
05:51:34 PM    0    0.00    0.00    0.00    0.00   36.36   63.64    0.00    0.00    0.00    0.00
05:51:34 PM    1    0.00    0.00    0.00    0.00    0.00    0.99    0.00    0.00    0.00   99.01
05:51:34 PM    2    0.00    0.00    0.00    0.00    0.00    0.00    0.00    0.00    0.00  100.00
05:51:34 PM    3    0.00    0.00    0.00    0.00    0.00    0.00    0.00    0.00    0.00  100.00
05:51:34 PM    4    0.00    0.00    0.00    0.00    0.00    0.00    0.00    0.00    0.00  100.00
05:51:34 PM    5    0.00    0.00    0.00    0.00    0.00    0.00    0.00    0.00    0.00  100.00
05:51:34 PM    6    0.00    0.00    0.00    0.00    0.00   27.00    0.00    0.00    0.00   73.00
05:51:34 PM    7    0.00    0.00    0.00    0.00    0.00    0.00    0.00    0.00    0.00  100.00

05:51:34 PM  CPU    %usr   %nice    %sys %iowait    %irq   %soft  %steal  %guest  %gnice   %idle
05:51:35 PM  all    0.00    0.00    0.00    0.00    4.50   11.38    0.00    0.00    0.00   84.12
05:51:35 PM    0    0.00    0.00    0.00    0.00   36.00   64.00    0.00    0.00    0.00    0.00
05:51:35 PM    1    0.00    0.00    0.00    0.00    0.00    0.00    0.00    0.00    0.00  100.00
05:51:35 PM    2    0.00    0.00    0.00    0.00    0.00    0.00    0.00    0.00    0.00  100.00
05:51:35 PM    3    0.00    0.00    0.00    0.00    0.00    0.00    0.00    0.00    0.00  100.00
05:51:35 PM    4    0.00    0.00    0.00    0.00    0.00    0.00    0.00    0.00    0.00  100.00
05:51:35 PM    5    0.00    0.00    0.00    0.00    0.00    0.00    0.00    0.00    0.00  100.00
05:51:35 PM    6    0.00    0.00    0.00    0.00    0.00   27.27    0.00    0.00    0.00   72.73
05:51:35 PM    7    0.00    0.00    0.00    0.00    0.00    0.00    0.00    0.00    0.00  100.00

05:51:35 PM  CPU    %usr   %nice    %sys %iowait    %irq   %soft  %steal  %guest  %gnice   %idle
05:51:36 PM  all    0.12    0.00    0.12    0.00    4.24   15.84    0.00    0.00    0.00   79.68
05:51:36 PM    0    0.00    0.00    0.99    0.00   32.67   66.34    0.00    0.00    0.00    0.00
05:51:36 PM    1    0.00    0.00    0.00    0.00    1.00   19.00    0.00    0.00    0.00   80.00
05:51:36 PM    2    0.00    0.00    0.00    0.00    0.00    0.00    0.00    0.00    0.00  100.00
05:51:36 PM    3    0.00    0.00    0.00    0.00    0.00    0.00    0.00    0.00    0.00  100.00
05:51:36 PM    4    0.00    0.00    0.00    0.00    0.00    0.00    0.00    0.00    0.00  100.00
05:51:36 PM    5    0.00    0.00    0.00    0.00    0.00    0.00    0.00    0.00    0.00  100.00
05:51:36 PM    6    0.00    0.00    0.00    0.00    0.00   41.00    0.00    0.00    0.00   59.00
05:51:36 PM    7    0.99    0.00    0.00    0.00    0.00    0.00    0.00    0.00    0.00   99.01

05:51:36 PM  CPU    %usr   %nice    %sys %iowait    %irq   %soft  %steal  %guest  %gnice   %idle
05:51:37 PM  all    0.00    0.00    0.12    0.00    2.99   34.29    0.00    0.00    0.00   62.59
05:51:37 PM    0    0.00    0.00    1.00    0.00   23.00   76.00    0.00    0.00    0.00    0.00
05:51:37 PM    1    0.00    0.00    0.00    0.00    0.00  100.00    0.00    0.00    0.00    0.00
05:51:37 PM    2    0.00    0.00    0.00    0.00    0.00    0.00    0.00    0.00    0.00  100.00
05:51:37 PM    3    0.00    0.00    0.00    0.00    0.00    0.00    0.00    0.00    0.00  100.00
05:51:37 PM    4    0.00    0.00    0.00    0.00    0.00    0.00    0.00    0.00    0.00  100.00
05:51:37 PM    5    0.00    0.00    0.00    0.00    0.00    0.00    0.00    0.00    0.00  100.00
05:51:37 PM    6    0.00    0.00    0.00    0.00    1.00   99.00    0.00    0.00    0.00    0.00
05:51:37 PM    7    0.00    0.00    0.00    0.00    0.00    0.00    0.00    0.00    0.00  100.00

05:51:37 PM  CPU    %usr   %nice    %sys %iowait    %irq   %soft  %steal  %guest  %gnice   %idle
05:51:38 PM  all    0.00    0.00    0.12    0.00    2.88   34.50    0.00    0.00    0.00   62.50
05:51:38 PM    0    0.00    0.00    1.00    0.00   22.00   77.00    0.00    0.00    0.00    0.00
05:51:38 PM    1    0.00    0.00    0.00    0.00    1.00   99.00    0.00    0.00    0.00    0.00
05:51:38 PM    2    0.00    0.00    0.00    0.00    0.00    0.00    0.00    0.00    0.00  100.00
05:51:38 PM    3    0.00    0.00    0.00    0.00    0.00    0.00    0.00    0.00    0.00  100.00
05:51:38 PM    4    0.00    0.00    0.00    0.00    0.00    0.00    0.00    0.00    0.00  100.00
05:51:38 PM    5    0.00    0.00    0.00    0.00    0.00    0.00    0.00    0.00    0.00  100.00
05:51:38 PM    6    0.00    0.00    0.00    0.00    0.00  100.00    0.00    0.00    0.00    0.00
05:51:38 PM    7    0.00    0.00    0.00    0.00    0.00    0.00    0.00    0.00    0.00  100.00

05:51:38 PM  CPU    %usr   %nice    %sys %iowait    %irq   %soft  %steal  %guest  %gnice   %idle
05:51:39 PM  all    0.00    0.00    0.12    0.00    3.00   34.33    0.00    0.00    0.00   62.55
05:51:39 PM    0    0.00    0.00    1.01    0.00   22.22   76.77    0.00    0.00    0.00    0.00
05:51:39 PM    1    0.00    0.00    0.00    0.00    1.00   99.00    0.00    0.00    0.00    0.00
05:51:39 PM    2    0.00    0.00    0.00    0.00    0.00    0.99    0.00    0.00    0.00   99.01
05:51:39 PM    3    0.00    0.00    0.00    0.00    0.00    0.00    0.00    0.00    0.00  100.00
05:51:39 PM    4    0.00    0.00    0.00    0.00    0.00    0.00    0.00    0.00    0.00  100.00
05:51:39 PM    5    0.00    0.00    0.00    0.00    0.00    0.00    0.00    0.00    0.00  100.00
05:51:39 PM    6    0.00    0.00    0.00    0.00    1.00   99.00    0.00    0.00    0.00    0.00
05:51:39 PM    7    0.00    0.00    0.00    0.00    0.00    0.00    0.00    0.00    0.00  100.00

05:51:39 PM  CPU    %usr   %nice    %sys %iowait    %irq   %soft  %steal  %guest  %gnice   %idle
05:51:40 PM  all    0.12    0.00    0.12    0.00    3.11   34.33    0.00    0.00    0.00   62.31
05:51:40 PM    0    0.00    0.00    0.99    0.00   22.77   76.24    0.00    0.00    0.00    0.00
05:51:40 PM    1    0.00    0.00    0.00    0.00    1.00   99.00    0.00    0.00    0.00    0.00
05:51:40 PM    2    0.00    0.00    0.00    0.00    0.00    0.00    0.00    0.00    0.00  100.00
05:51:40 PM    3    0.00    0.00    0.00    0.00    0.00    0.00    0.00    0.00    0.00  100.00
05:51:40 PM    4    0.99    0.00    0.00    0.00    0.00    0.00    0.00    0.00    0.00   99.01
05:51:40 PM    5    0.00    0.00    0.00    0.00    0.00    0.00    0.00    0.00    0.00  100.00
05:51:40 PM    6    0.00    0.00    0.00    0.00    0.99   99.01    0.00    0.00    0.00    0.00
05:51:40 PM    7    0.00    0.00    0.00    0.00    0.00    0.00    0.00    0.00    0.00  100.00

05:51:40 PM  CPU    %usr   %nice    %sys %iowait    %irq   %soft  %steal  %guest  %gnice   %idle
05:51:41 PM  all    0.00    0.00    0.00    0.00    3.00   34.92    0.00    0.00    0.00   62.08
05:51:41 PM    0    0.00    0.00    0.00    0.00   22.00   78.00    0.00    0.00    0.00    0.00
05:51:41 PM    1    0.00    0.00    0.00    0.00    0.00   21.00    0.00    0.00    0.00   79.00
05:51:41 PM    2    0.00    0.00    0.00    0.00    1.00   63.00    0.00    0.00    0.00   36.00
05:51:41 PM    3    0.00    0.00    0.00    0.00    1.00   80.00    0.00    0.00    0.00   19.00
05:51:41 PM    4    0.00    0.00    0.00    0.00    0.00    0.00    0.00    0.00    0.00  100.00
05:51:41 PM    5    0.00    0.00    0.00    0.00    0.00    0.00    0.00    0.00    0.00  100.00
05:51:41 PM    6    0.00    0.00    0.00    0.00    0.00   37.00    0.00    0.00    0.00   63.00
05:51:41 PM    7    0.00    0.00    0.00    0.00    0.00    0.00    0.00    0.00    0.00  100.00

05:51:41 PM  CPU    %usr   %nice    %sys %iowait    %irq   %soft  %steal  %guest  %gnice   %idle
05:51:42 PM  all    0.12    0.00    0.12    0.00    3.00   34.33    0.00    0.00    0.00   62.42
05:51:42 PM    0    0.00    0.00    1.00    0.00   22.00   77.00    0.00    0.00    0.00    0.00
05:51:42 PM    1    0.00    0.00    0.00    0.00    0.00    0.00    0.00    0.00    0.00  100.00
05:51:42 PM    2    0.00    0.00    0.00    0.00    1.00   99.00    0.00    0.00    0.00    0.00
05:51:42 PM    3    0.00    0.00    0.00    0.00    1.00   99.00    0.00    0.00    0.00    0.00
05:51:42 PM    4    0.99    0.00    0.00    0.00    0.00    0.00    0.00    0.00    0.00   99.01
05:51:42 PM    5    0.00    0.00    0.00    0.00    0.00    0.00    0.00    0.00    0.00  100.00
05:51:42 PM    6    0.00    0.00    0.00    0.00    0.00    0.00    0.00    0.00    0.00  100.00
05:51:42 PM    7    0.00    0.00    0.00    0.00    0.00    0.00    0.00    0.00    0.00  100.00

05:51:42 PM  CPU    %usr   %nice    %sys %iowait    %irq   %soft  %steal  %guest  %gnice   %idle
05:51:43 PM  all    0.12    0.00    0.12    0.00    3.00   34.33    0.00    0.00    0.00   62.42
05:51:43 PM    0    0.00    0.00    1.00    0.00   22.00   77.00    0.00    0.00    0.00    0.00
05:51:43 PM    1    0.00    0.00    0.00    0.00    0.00    0.00    0.00    0.00    0.00  100.00
05:51:43 PM    2    0.00    0.00    0.00    0.00    1.00   99.00    0.00    0.00    0.00    0.00
05:51:43 PM    3    0.00    0.00    0.00    0.00    1.00   99.00    0.00    0.00    0.00    0.00
05:51:43 PM    4    0.00    0.00    0.00    0.00    0.00    0.00    0.00    0.00    0.00  100.00
05:51:43 PM    5    0.00    0.00    0.00    0.00    0.00    0.00    0.00    0.00    0.00  100.00
05:51:43 PM    6    0.00    0.00    0.00    0.00    0.00    0.00    0.00    0.00    0.00  100.00
05:51:43 PM    7    0.99    0.00    0.00    0.00    0.00    0.00    0.00    0.00    0.00   99.01

05:51:43 PM  CPU    %usr   %nice    %sys %iowait    %irq   %soft  %steal  %guest  %gnice   %idle
05:51:44 PM  all    0.00    0.00    0.25    0.00    2.99   34.45    0.00    0.00    0.00   62.31
05:51:44 PM    0    0.00    0.00    1.00    0.00   22.00   77.00    0.00    0.00    0.00    0.00
05:51:44 PM    1    0.00    0.00    0.00    0.00    0.00    0.98    0.00    0.00    0.00   99.02
05:51:44 PM    2    0.00    0.00    0.00    0.00    1.00   99.00    0.00    0.00    0.00    0.00
05:51:44 PM    3    0.00    0.00    0.00    0.00    0.99   99.01    0.00    0.00    0.00    0.00
05:51:44 PM    4    0.00    0.00    0.00    0.00    0.00    0.00    0.00    0.00    0.00  100.00
05:51:44 PM    5    0.00    0.00    0.00    0.00    0.00    0.00    0.00    0.00    0.00  100.00
05:51:44 PM    6    0.00    0.00    0.00    0.00    0.00    0.00    0.00    0.00    0.00  100.00
05:51:44 PM    7    0.00    0.00    0.99    0.00    0.00    0.00    0.00    0.00    0.00   99.01

05:51:44 PM  CPU    %usr   %nice    %sys %iowait    %irq   %soft  %steal  %guest  %gnice   %idle
05:51:45 PM  all    0.00    0.00    0.25    0.00    3.00   34.62    0.00    0.00    0.00   62.12
05:51:45 PM    0    0.00    0.00    1.98    0.00   22.77   75.25    0.00    0.00    0.00    0.00
05:51:45 PM    1    0.00    0.00    0.00    0.00    0.00    0.00    0.00    0.00    0.00  100.00
05:51:45 PM    2    0.00    0.00    0.00    0.00    0.00   77.00    0.00    0.00    0.00   23.00
05:51:45 PM    3    0.00    0.00    0.00    0.00    0.00   59.60    0.00    0.00    0.00   40.40
05:51:45 PM    4    0.00    0.00    0.00    0.00    0.00   24.00    0.00    0.00    0.00   76.00
05:51:45 PM    5    0.00    0.00    0.00    0.00    0.99   40.59    0.00    0.00    0.00   58.42
05:51:45 PM    6    0.00    0.00    0.00    0.00    0.00    0.00    0.00    0.00    0.00  100.00
05:51:45 PM    7    0.00    0.00    0.00    0.00    0.00    0.00    0.00    0.00    0.00  100.00

05:51:45 PM  CPU    %usr   %nice    %sys %iowait    %irq   %soft  %steal  %guest  %gnice   %idle
05:51:46 PM  all    0.00    0.00    0.12    0.00    2.87   34.46    0.00    0.00    0.00   62.55
05:51:46 PM    0    0.00    0.00    1.01    0.00   22.22   76.77    0.00    0.00    0.00    0.00
05:51:46 PM    1    0.00    0.00    0.00    0.00    0.00    0.00    0.00    0.00    0.00  100.00
05:51:46 PM    2    0.00    0.00    0.00    0.00    0.00    0.00    0.00    0.00    0.00  100.00
05:51:46 PM    3    0.00    0.00    0.00    0.00    0.00    0.99    0.00    0.00    0.00   99.01
05:51:46 PM    4    0.00    0.00    0.00    0.00    0.99   99.01    0.00    0.00    0.00    0.00
05:51:46 PM    5    0.00    0.00    0.00    0.00    0.00  100.00    0.00    0.00    0.00    0.00
05:51:46 PM    6    0.00    0.00    0.00    0.00    0.00    0.00    0.00    0.00    0.00  100.00
05:51:46 PM    7    0.00    0.00    0.00    0.00    0.00    0.00    0.00    0.00    0.00  100.00

05:51:46 PM  CPU    %usr   %nice    %sys %iowait    %irq   %soft  %steal  %guest  %gnice   %idle
05:51:47 PM  all    0.00    0.00    0.00    0.00    3.12   34.46    0.00    0.00    0.00   62.42
05:51:47 PM    0    0.00    0.00    0.00    0.00   23.00   77.00    0.00    0.00    0.00    0.00
05:51:47 PM    1    0.00    0.00    0.00    0.00    0.00    0.00    0.00    0.00    0.00  100.00
05:51:47 PM    2    0.00    0.00    0.00    0.00    0.00    0.00    0.00    0.00    0.00  100.00
05:51:47 PM    3    0.00    0.00    0.00    0.00    0.00    0.00    0.00    0.00    0.00  100.00
05:51:47 PM    4    0.00    0.00    0.00    0.00    1.00   99.00    0.00    0.00    0.00    0.00
05:51:47 PM    5    0.00    0.00    0.00    0.00    0.99   99.01    0.00    0.00    0.00    0.00
05:51:47 PM    6    0.00    0.00    0.00    0.00    0.00    0.00    0.00    0.00    0.00  100.00
05:51:47 PM    7    0.00    0.00    0.00    0.00    0.00    0.00    0.00    0.00    0.00  100.00

05:51:47 PM  CPU    %usr   %nice    %sys %iowait    %irq   %soft  %steal  %guest  %gnice   %idle
05:51:48 PM  all    0.00    0.00    0.25    0.00    2.87   34.33    0.00    0.00    0.00   62.55
05:51:48 PM    0    0.00    0.00    1.98    0.00   22.77   75.25    0.00    0.00    0.00    0.00
05:51:48 PM    1    0.00    0.00    0.00    0.00    0.00    0.99    0.00    0.00    0.00   99.01
05:51:48 PM    2    0.00    0.00    0.00    0.00    0.00    0.00    0.00    0.00    0.00  100.00
05:51:48 PM    3    0.00    0.00    0.00    0.00    0.00    0.00    0.00    0.00    0.00  100.00
05:51:48 PM    4    0.00    0.00    0.00    0.00    0.00  100.00    0.00    0.00    0.00    0.00
05:51:48 PM    5    0.00    0.00    0.00    0.00    0.00  100.00    0.00    0.00    0.00    0.00
05:51:48 PM    6    0.00    0.00    0.00    0.00    0.00    0.00    0.00    0.00    0.00  100.00
05:51:48 PM    7    0.00    0.00    0.00    0.00    0.00    0.00    0.00    0.00    0.00  100.00

05:51:48 PM  CPU    %usr   %nice    %sys %iowait    %irq   %soft  %steal  %guest  %gnice   %idle
05:51:49 PM  all    0.00    0.00    0.12    0.00    3.00   34.46    0.00    0.00    0.00   62.42
05:51:49 PM    0    0.00    0.00    1.01    0.00   22.22   76.77    0.00    0.00    0.00    0.00
05:51:49 PM    1    0.00    0.00    0.00    0.00    0.00    0.00    0.00    0.00    0.00  100.00
05:51:49 PM    2    0.00    0.00    0.00    0.00    0.00    0.00    0.00    0.00    0.00  100.00
05:51:49 PM    3    0.00    0.00    0.00    0.00    0.00    0.00    0.00    0.00    0.00  100.00
05:51:49 PM    4    0.00    0.00    0.00    0.00    0.99   99.01    0.00    0.00    0.00    0.00
05:51:49 PM    5    0.00    0.00    0.00    0.00    0.99   99.01    0.00    0.00    0.00    0.00
05:51:49 PM    6    0.00    0.00    0.00    0.00    0.00    0.00    0.00    0.00    0.00  100.00
05:51:49 PM    7    0.00    0.00    0.00    0.00    0.00    0.00    0.00    0.00    0.00  100.00

05:51:49 PM  CPU    %usr   %nice    %sys %iowait    %irq   %soft  %steal  %guest  %gnice   %idle
05:51:50 PM  all    0.00    0.00    0.13    0.00    3.25   34.42    0.00    0.00    0.00   62.20
05:51:50 PM    0    0.00    0.00    1.00    0.00   23.00   76.00    0.00    0.00    0.00    0.00
05:51:50 PM    1    0.00    0.00    0.00    0.00    0.99    0.00    0.00    0.00    0.00   99.01
05:51:50 PM    2    0.00    0.00    0.00    0.00    1.00   83.00    0.00    0.00    0.00   16.00
05:51:50 PM    3    0.00    0.00    0.00    0.00    0.00    0.00    0.00    0.00    0.00  100.00
05:51:50 PM    4    0.00    0.00    0.00    0.00    0.00   17.17    0.00    0.00    0.00   82.83
05:51:50 PM    5    0.00    0.00    0.00    0.00    0.00    0.00    0.00    0.00    0.00  100.00
05:51:50 PM    6    0.00    0.00    0.00    0.00    0.00    0.00    0.00    0.00    0.00  100.00
05:51:50 PM    7    0.00    0.00    0.00    0.00    1.00   99.00    0.00    0.00    0.00    0.00

05:51:50 PM  CPU    %usr   %nice    %sys %iowait    %irq   %soft  %steal  %guest  %gnice   %idle
05:51:51 PM  all    0.00    0.00    0.12    0.00    3.00   34.46    0.00    0.00    0.00   62.42
05:51:51 PM    0    0.00    0.00    1.00    0.00   22.00   77.00    0.00    0.00    0.00    0.00
05:51:51 PM    1    0.00    0.00    0.00    0.00    0.00    0.00    0.00    0.00    0.00  100.00
05:51:51 PM    2    0.00    0.00    0.00    0.00    1.00   99.00    0.00    0.00    0.00    0.00
05:51:51 PM    3    0.00    0.00    0.00    0.00    0.00    0.00    0.00    0.00    0.00  100.00
05:51:51 PM    4    0.00    0.00    0.00    0.00    0.00    0.00    0.00    0.00    0.00  100.00
05:51:51 PM    5    0.00    0.00    0.00    0.00    0.00    0.00    0.00    0.00    0.00  100.00
05:51:51 PM    6    0.00    0.00    0.00    0.00    0.00    0.00    0.00    0.00    0.00  100.00
05:51:51 PM    7    0.00    0.00    0.00    0.00    0.99   99.01    0.00    0.00    0.00    0.00

05:51:51 PM  CPU    %usr   %nice    %sys %iowait    %irq   %soft  %steal  %guest  %gnice   %idle
05:51:52 PM  all    0.00    0.00    0.12    0.00    3.00   34.25    0.00    0.00    0.00   62.62
05:51:52 PM    0    0.00    0.00    1.01    0.00   22.22   76.77    0.00    0.00    0.00    0.00
05:51:52 PM    1    0.00    0.00    0.00    0.00    0.00    0.00    0.00    0.00    0.00  100.00
05:51:52 PM    2    0.00    0.00    0.00    0.00    1.00   99.00    0.00    0.00    0.00    0.00
05:51:52 PM    3    0.00    0.00    0.00    0.00    0.99    0.00    0.00    0.00    0.00   99.01
05:51:52 PM    4    0.00    0.00    0.00    0.00    0.00    0.00    0.00    0.00    0.00  100.00
05:51:52 PM    5    0.00    0.00    0.00    0.00    0.00    0.00    0.00    0.00    0.00  100.00
05:51:52 PM    6    0.00    0.00    0.00    0.00    0.00    0.00    0.00    0.00    0.00  100.00
05:51:52 PM    7    0.00    0.00    0.00    0.00    0.00  100.00    0.00    0.00    0.00    0.00

05:51:52 PM  CPU    %usr   %nice    %sys %iowait    %irq   %soft  %steal  %guest  %gnice   %idle
05:51:53 PM  all    0.00    0.00    0.25    0.00    3.11   34.41    0.00    0.00    0.00   62.24
05:51:53 PM    0    0.00    0.00    1.96    0.00   22.55   75.49    0.00    0.00    0.00    0.00
05:51:53 PM    1    0.00    0.00    0.00    0.00    0.00    0.99    0.00    0.00    0.00   99.01
05:51:53 PM    2    0.00    0.00    0.00    0.00    1.00   99.00    0.00    0.00    0.00    0.00
05:51:53 PM    3    0.00    0.00    0.00    0.00    0.00    0.00    0.00    0.00    0.00  100.00
05:51:53 PM    4    0.00    0.00    0.00    0.00    0.00    0.00    0.00    0.00    0.00  100.00
05:51:53 PM    5    0.00    0.00    0.00    0.00    0.00    0.00    0.00    0.00    0.00  100.00
05:51:53 PM    6    0.00    0.00    0.00    0.00    0.00    0.00    0.00    0.00    0.00  100.00
05:51:53 PM    7    0.00    0.00    0.00    0.00    0.99   99.01    0.00    0.00    0.00    0.00

05:51:53 PM  CPU    %usr   %nice    %sys %iowait    %irq   %soft  %steal  %guest  %gnice   %idle
05:51:54 PM  all    0.00    0.00    0.00    0.00    2.89   32.50    0.00    0.00    0.00   64.62
05:51:54 PM    0    0.00    0.00    0.00    0.00   22.22   77.78    0.00    0.00    0.00    0.00
05:51:54 PM    1    0.00    0.00    0.00    0.00    0.00    0.00    0.00    0.00    0.00  100.00
05:51:54 PM    2    0.00    0.00    0.00    0.00    1.00   99.00    0.00    0.00    0.00    0.00
05:51:54 PM    3    0.00    0.00    0.00    0.00    0.00   42.86    0.00    0.00    0.00   57.14
05:51:54 PM    4    0.00    0.00    0.00    0.00    0.00    0.00    0.00    0.00    0.00  100.00
05:51:54 PM    5    0.00    0.00    0.00    0.00    0.00    0.00    0.00    0.00    0.00  100.00
05:51:54 PM    6    0.00    0.00    0.00    0.00    0.00    0.00    0.00    0.00    0.00  100.00
05:51:54 PM    7    0.00    0.00    0.00    0.00    0.00   41.00    0.00    0.00    0.00   59.00

Average:     CPU    %usr   %nice    %sys %iowait    %irq   %soft  %steal  %guest  %gnice   %idle
Average:     all    0.03    0.00    0.15    0.00    3.23   30.98    0.00    0.00    0.00   65.62
Average:       0    0.00    0.00    0.93    0.00   24.36   74.71    0.00    0.00    0.00    0.00
Average:       1    0.00    0.00    0.00    0.00    0.20   14.75    0.00    0.00    0.00   85.05
Average:       2    0.00    0.00    0.03    0.00    0.40   40.38    0.00    0.00    0.00   59.19
Average:       3    0.00    0.00    0.00    0.00    0.30   30.57    0.00    0.00    0.00   69.13
Average:       4    0.17    0.00    0.07    0.00    0.17   25.06    0.00    0.00    0.00   74.54
Average:       5    0.00    0.00    0.00    0.00    0.17   28.86    0.00    0.00    0.00   70.98
Average:       6    0.00    0.00    0.03    0.00    0.13   18.94    0.00    0.00    0.00   80.89
Average:       7    0.10    0.00    0.10    0.00    0.10   14.63    0.00    0.00    0.00   85.07
