Linux 7.2.0-rc1 (hp5) 	07/06/2026 	_x86_64_	(8 CPU)

06:59:17 PM  CPU    %usr   %nice    %sys %iowait    %irq   %soft  %steal  %guest  %gnice   %idle
06:59:18 PM  all    0.00    0.00   12.05    0.00    0.38   30.24    0.00    0.00    0.00   57.34
06:59:18 PM    0    0.00    0.00    0.00    0.00    1.00   89.00    0.00    0.00    0.00   10.00
06:59:18 PM    1    0.00    0.00    0.00    0.00    0.99   99.01    0.00    0.00    0.00    0.00
06:59:18 PM    2    0.00    0.00   31.00    0.00    0.00   11.00    0.00    0.00    0.00   58.00
06:59:18 PM    3    0.00    0.00   15.84    0.00    0.00   12.87    0.00    0.00    0.00   71.29
06:59:18 PM    4    0.00    0.00    5.10    0.00    0.00    4.08    0.00    0.00    0.00   90.82
06:59:18 PM    5    0.00    0.00   21.00    0.00    0.00   10.00    0.00    0.00    0.00   69.00
06:59:18 PM    6    0.00    0.00   23.71    0.00    1.03   14.43    0.00    0.00    0.00   60.82
06:59:18 PM    7    0.00    0.00    0.00    0.00    0.00    0.00    0.00    0.00    0.00  100.00

06:59:18 PM  CPU    %usr   %nice    %sys %iowait    %irq   %soft  %steal  %guest  %gnice   %idle
06:59:19 PM  all    0.00    0.00   13.18    0.00    0.00   29.48    0.00    0.00    0.00   57.34
06:59:19 PM    0    0.00    0.00    1.00    0.00    0.00   99.00    0.00    0.00    0.00    0.00
06:59:19 PM    1    0.00    0.00    1.00    0.00    0.00   99.00    0.00    0.00    0.00    0.00
06:59:19 PM    2    0.00    0.00   25.00    0.00    0.00    0.00    0.00    0.00    0.00   75.00
06:59:19 PM    3    0.00    0.00   20.00    0.00    0.00    9.00    0.00    0.00    0.00   71.00
06:59:19 PM    4    0.00    0.00   18.81    0.00    0.00    9.90    0.00    0.00    0.00   71.29
06:59:19 PM    5    0.00    0.00    0.00    0.00    0.00    0.00    0.00    0.00    0.00  100.00
06:59:19 PM    6    0.00    0.00   39.22    0.00    0.00   19.61    0.00    0.00    0.00   41.18
06:59:19 PM    7    0.00    0.00    0.00    0.00    0.00    0.00    0.00    0.00    0.00  100.00

06:59:19 PM  CPU    %usr   %nice    %sys %iowait    %irq   %soft  %steal  %guest  %gnice   %idle
06:59:20 PM  all    0.00    0.00   10.64    0.00    0.13   26.28    0.00    0.00    0.00   62.95
06:59:20 PM    0    0.00    0.00    0.00    0.00    0.99   89.11    0.00    0.00    0.00    9.90
06:59:20 PM    1    0.00    0.00    0.00    0.00    0.00   71.00    0.00    0.00    0.00   29.00
06:59:20 PM    2    0.00    0.00    0.00    0.00    0.00    0.00    0.00    0.00    0.00  100.00
06:59:20 PM    3    0.00    0.00    8.00    0.00    0.00    9.00    0.00    0.00    0.00   83.00
06:59:20 PM    4    0.00    0.00    0.00    0.00    0.00    0.00    0.00    0.00    0.00  100.00
06:59:20 PM    5    0.00    0.00   39.39    0.00    0.00    0.00    0.00    0.00    0.00   60.61
06:59:20 PM    6    0.00    0.00   15.00    0.00    0.00   17.00    0.00    0.00    0.00   68.00
06:59:20 PM    7    0.00    0.00   23.23    0.00    0.00   23.23    0.00    0.00    0.00   53.54

06:59:20 PM  CPU    %usr   %nice    %sys %iowait    %irq   %soft  %steal  %guest  %gnice   %idle
06:59:21 PM  all    0.00    0.00   12.33    0.00    0.37   30.51    0.00    0.00    0.00   56.79
06:59:21 PM    0    0.00    0.00    0.00    0.00    0.00   83.00    0.00    0.00    0.00   17.00
06:59:21 PM    1    0.00    0.00    0.00    0.00    0.99   99.01    0.00    0.00    0.00    0.00
06:59:21 PM    2    0.00    0.00   26.00    0.00    0.00   11.00    0.00    0.00    0.00   63.00
06:59:21 PM    3    0.00    0.00   25.74    0.00    0.99   18.81    0.00    0.00    0.00   54.46
06:59:21 PM    4    0.00    0.00   41.00    0.00    1.00   21.00    0.00    0.00    0.00   37.00
06:59:21 PM    5    0.00    0.00    0.00    0.00    0.00    0.00    0.00    0.00    0.00  100.00
06:59:21 PM    6    0.00    0.00    0.00    0.00    0.00    0.00    0.00    0.00    0.00  100.00
06:59:21 PM    7    0.00    0.00    6.00    0.00    0.00   11.00    0.00    0.00    0.00   83.00

06:59:21 PM  CPU    %usr   %nice    %sys %iowait    %irq   %soft  %steal  %guest  %gnice   %idle
06:59:22 PM  all    0.00    0.00   13.53    0.00    0.13   24.69    0.00    0.00    0.00   61.65
06:59:22 PM    0    0.00    0.00    2.02    0.00    0.00   81.82    0.00    0.00    0.00   16.16
06:59:22 PM    1    0.00    0.00    1.01    0.00    0.00   98.99    0.00    0.00    0.00    0.00
06:59:22 PM    2    0.00    0.00   18.81    0.00    0.99    7.92    0.00    0.00    0.00   72.28
06:59:22 PM    3    0.00    0.00    0.00    0.00    0.00    0.00    0.00    0.00    0.00  100.00
06:59:22 PM    4    0.00    0.00   28.00    0.00    0.00    0.00    0.00    0.00    0.00   72.00
06:59:22 PM    5    0.00    0.00    0.00    0.00    0.00    0.00    0.00    0.00    0.00  100.00
06:59:22 PM    6    0.00    0.00   39.39    0.00    0.00    1.01    0.00    0.00    0.00   59.60
06:59:22 PM    7    0.00    0.00   19.00    0.00    0.00    9.00    0.00    0.00    0.00   72.00

06:59:22 PM  CPU    %usr   %nice    %sys %iowait    %irq   %soft  %steal  %guest  %gnice   %idle
06:59:23 PM  all    0.00    0.00   11.69    0.00    0.37   25.83    0.00    0.00    0.00   62.12
06:59:23 PM    0    0.00    0.00    0.00    0.00    0.98   50.00    0.00    0.00    0.00   49.02
06:59:23 PM    1    0.00    0.00    0.00    0.00    0.99   99.01    0.00    0.00    0.00    0.00
06:59:23 PM    2    0.00    0.00    0.00    0.00    0.00    0.00    0.00    0.00    0.00  100.00
06:59:23 PM    3    0.00    0.00   13.86    0.00    0.00   14.85    0.00    0.00    0.00   71.29
06:59:23 PM    4    0.00    0.00   48.54    0.00    0.00   31.07    0.00    0.00    0.00   20.39
06:59:23 PM    5    0.00    0.00   27.72    0.00    0.00    6.93    0.00    0.00    0.00   65.35
06:59:23 PM    6    0.00    0.00    0.00    0.00    0.00    0.00    0.00    0.00    0.00  100.00
06:59:23 PM    7    0.00    0.00    2.88    0.00    0.96    4.81    0.00    0.00    0.00   91.35

06:59:23 PM  CPU    %usr   %nice    %sys %iowait    %irq   %soft  %steal  %guest  %gnice   %idle
06:59:24 PM  all    0.00    0.00   12.05    0.00    0.00   27.10    0.00    0.00    0.00   60.85
06:59:24 PM    0    0.00    0.00    0.00    0.00    0.00   73.00    0.00    0.00    0.00   27.00
06:59:24 PM    1    0.00    0.00    0.00    0.00    0.00  100.00    0.00    0.00    0.00    0.00
06:59:24 PM    2    0.00    0.00   18.00    0.00    0.00   11.00    0.00    0.00    0.00   71.00
06:59:24 PM    3    0.00    0.00    0.00    0.00    0.00    0.00    0.00    0.00    0.00  100.00
06:59:24 PM    4    0.00    0.00   10.31    0.00    0.00   10.31    0.00    0.00    0.00   79.38
06:59:24 PM    5    0.00    0.00   40.00    0.00    0.00    0.00    0.00    0.00    0.00   60.00
06:59:24 PM    6    0.00    0.00    0.00    0.00    0.00    0.00    0.00    0.00    0.00  100.00
06:59:24 PM    7    0.00    0.00   28.28    0.00    0.00   22.22    0.00    0.00    0.00   49.49

06:59:24 PM  CPU    %usr   %nice    %sys %iowait    %irq   %soft  %steal  %guest  %gnice   %idle
06:59:25 PM  all    0.00    0.00   12.47    0.00    0.37   31.92    0.00    0.00    0.00   55.24
06:59:25 PM    0    0.00    0.00    0.00    0.00    1.00   91.00    0.00    0.00    0.00    8.00
06:59:25 PM    1    0.00    0.00    0.00    0.00    1.00   99.00    0.00    0.00    0.00    0.00
06:59:25 PM    2    0.00    0.00    0.00    0.00    0.00    3.00    0.00    0.00    0.00   97.00
06:59:25 PM    3    0.00    0.00   23.76    0.00    0.00   21.78    0.00    0.00    0.00   54.46
06:59:25 PM    4    0.00    0.00   24.00    0.00    1.00   11.00    0.00    0.00    0.00   64.00
06:59:25 PM    5    0.00    0.00   24.00    0.00    0.00   10.00    0.00    0.00    0.00   66.00
06:59:25 PM    6    0.00    0.00    5.88    0.00    0.00    7.84    0.00    0.00    0.00   86.27
06:59:25 PM    7    0.00    0.00   22.22    0.00    0.00   12.12    0.00    0.00    0.00   65.66

06:59:25 PM  CPU    %usr   %nice    %sys %iowait    %irq   %soft  %steal  %guest  %gnice   %idle
06:59:26 PM  all    0.00    0.00   13.64    0.00    0.25   30.04    0.00    0.00    0.00   56.07
06:59:26 PM    0    0.00    0.00    2.02    0.00    0.00   77.78    0.00    0.00    0.00   20.20
06:59:26 PM    1    0.00    0.00    0.99    0.00    0.00   99.01    0.00    0.00    0.00    0.00
06:59:26 PM    2    0.00    0.00    2.97    0.00    0.00    0.00    0.00    0.00    0.00   97.03
06:59:26 PM    3    0.00    0.00   24.24    0.00    1.01   21.21    0.00    0.00    0.00   53.54
06:59:26 PM    4    0.00    0.00   21.78    0.00    0.00   12.87    0.00    0.00    0.00   65.35
06:59:26 PM    5    0.00    0.00   47.00    0.00    1.00   22.00    0.00    0.00    0.00   30.00
06:59:26 PM    6    0.00    0.00   10.31    0.00    0.00    7.22    0.00    0.00    0.00   82.47
06:59:26 PM    7    0.00    0.00    0.00    0.00    0.00    0.00    0.00    0.00    0.00  100.00

06:59:26 PM  CPU    %usr   %nice    %sys %iowait    %irq   %soft  %steal  %guest  %gnice   %idle
06:59:27 PM  all    0.00    0.00    8.73    0.00    0.12   23.57    0.00    0.00    0.00   67.58
06:59:27 PM    0    0.00    0.00    0.00    0.00    0.00   11.11    0.00    0.00    0.00   88.89
06:59:27 PM    1    0.00    0.00    0.00    0.00    0.00  100.00    0.00    0.00    0.00    0.00
06:59:27 PM    2    0.00    0.00   27.00    0.00    0.00   29.00    0.00    0.00    0.00   44.00
06:59:27 PM    3    0.00    0.00   16.16    0.00    0.00   15.15    0.00    0.00    0.00   68.69
06:59:27 PM    4    0.00    0.00    0.00    0.00    0.00    0.00    0.00    0.00    0.00  100.00
06:59:27 PM    5    0.00    0.00    7.84    0.00    0.00    9.80    0.00    0.00    0.00   82.35
06:59:27 PM    6    0.00    0.00   10.68    0.00    0.97   14.56    0.00    0.00    0.00   73.79
06:59:27 PM    7    0.00    0.00    8.00    0.00    0.00   10.00    0.00    0.00    0.00   82.00

06:59:27 PM  CPU    %usr   %nice    %sys %iowait    %irq   %soft  %steal  %guest  %gnice   %idle
06:59:28 PM  all    0.00    0.00   13.36    0.00    0.37   30.84    0.00    0.00    0.00   55.43
06:59:28 PM    0    0.00    0.00    0.00    0.00    0.98   85.29    0.00    0.00    0.00   13.73
06:59:28 PM    1    0.00    0.00    0.00    0.00    0.99   99.01    0.00    0.00    0.00    0.00
06:59:28 PM    2    0.00    0.00   41.00    0.00    1.00   24.00    0.00    0.00    0.00   34.00
06:59:28 PM    3    0.00    0.00   31.68    0.00    0.00   10.89    0.00    0.00    0.00   57.43
06:59:28 PM    4    0.00    0.00    0.00    0.00    0.00    0.00    0.00    0.00    0.00  100.00
06:59:28 PM    5    0.00    0.00   24.49    0.00    0.00   16.33    0.00    0.00    0.00   59.18
06:59:28 PM    6    0.00    0.00    5.05    0.00    0.00    3.03    0.00    0.00    0.00   91.92
06:59:28 PM    7    0.00    0.00    5.00    0.00    0.00    6.00    0.00    0.00    0.00   89.00

06:59:28 PM  CPU    %usr   %nice    %sys %iowait    %irq   %soft  %steal  %guest  %gnice   %idle
06:59:29 PM  all    0.00    0.00   11.67    0.00    0.13   29.86    0.00    0.00    0.00   58.34
06:59:29 PM    0    0.00    0.00    0.00    0.00    0.00  100.00    0.00    0.00    0.00    0.00
06:59:29 PM    1    0.00    0.00    0.00    0.00    0.00   75.00    0.00    0.00    0.00   25.00
06:59:29 PM    2    0.00    0.00   21.00    0.00    0.00    6.00    0.00    0.00    0.00   73.00
06:59:29 PM    3    0.00    0.00   14.14    0.00    0.00    8.08    0.00    0.00    0.00   77.78
06:59:29 PM    4    0.00    0.00   14.00    0.00    0.00   17.00    0.00    0.00    0.00   69.00
06:59:29 PM    5    0.00    0.00   15.00    0.00    0.00   16.00    0.00    0.00    0.00   69.00
06:59:29 PM    6    0.00    0.00   14.00    0.00    0.00    8.00    0.00    0.00    0.00   78.00
06:59:29 PM    7    0.00    0.00   15.15    0.00    1.01    9.09    0.00    0.00    0.00   74.75

06:59:29 PM  CPU    %usr   %nice    %sys %iowait    %irq   %soft  %steal  %guest  %gnice   %idle
06:59:30 PM  all    0.00    0.00   11.22    0.00    0.37   32.17    0.00    0.00    0.00   56.23
06:59:30 PM    0    0.00    0.00    0.00    0.00    0.99   99.01    0.00    0.00    0.00    0.00
06:59:30 PM    1    0.00    0.00    0.00    0.00    1.00   97.00    0.00    0.00    0.00    2.00
06:59:30 PM    2    0.00    0.00    1.98    0.00    0.00    2.97    0.00    0.00    0.00   95.05
06:59:30 PM    3    0.00    0.00   41.58    0.00    0.99   28.71    0.00    0.00    0.00   28.71
06:59:30 PM    4    0.00    0.00    0.00    0.00    0.00    0.00    0.00    0.00    0.00  100.00
06:59:30 PM    5    0.00    0.00    4.00    0.00    0.00    6.00    0.00    0.00    0.00   90.00
06:59:30 PM    6    0.00    0.00   39.39    0.00    0.00   21.21    0.00    0.00    0.00   39.39
06:59:30 PM    7    0.00    0.00    3.00    0.00    0.00    2.00    0.00    0.00    0.00   95.00

06:59:30 PM  CPU    %usr   %nice    %sys %iowait    %irq   %soft  %steal  %guest  %gnice   %idle
06:59:31 PM  all    0.00    0.00   11.82    0.00    0.25   29.10    0.00    0.00    0.00   58.83
06:59:31 PM    0    0.00    0.00    0.00    0.00    0.00  100.00    0.00    0.00    0.00    0.00
06:59:31 PM    1    0.00    0.00    0.00    0.00    0.00   79.00    0.00    0.00    0.00   21.00
06:59:31 PM    2    0.00    0.00    0.00    0.00    0.00    0.00    0.00    0.00    0.00  100.00
06:59:31 PM    3    0.00    0.00    8.00    0.00    0.00    8.00    0.00    0.00    0.00   84.00
06:59:31 PM    4    0.00    0.00    0.00    0.00    0.00    0.00    0.00    0.00    0.00  100.00
06:59:31 PM    5    0.00    0.00   50.98    0.00    0.98   25.49    0.00    0.00    0.00   22.55
06:59:31 PM    6    0.00    0.00   34.65    0.00    0.99   20.79    0.00    0.00    0.00   43.56
06:59:31 PM    7    0.00    0.00    0.00    0.00    0.00    0.00    0.00    0.00    0.00  100.00

06:59:31 PM  CPU    %usr   %nice    %sys %iowait    %irq   %soft  %steal  %guest  %gnice   %idle
06:59:32 PM  all    0.00    0.00   11.47    0.00    0.12   29.18    0.00    0.00    0.00   59.23
06:59:32 PM    0    0.00    0.00    0.99    0.00    0.99   75.25    0.00    0.00    0.00   22.77
06:59:32 PM    1    0.00    0.00    0.99    0.00    0.00   99.01    0.00    0.00    0.00    0.00
06:59:32 PM    2    0.00    0.00    0.00    0.00    0.00    0.00    0.00    0.00    0.00  100.00
06:59:32 PM    3    0.00    0.00   30.00    0.00    0.00   17.00    0.00    0.00    0.00   53.00
06:59:32 PM    4    0.00    0.00   20.00    0.00    0.00   10.00    0.00    0.00    0.00   70.00
06:59:32 PM    5    0.00    0.00   28.28    0.00    0.00   17.17    0.00    0.00    0.00   54.55
06:59:32 PM    6    0.00    0.00    0.00    0.00    0.00    0.00    0.00    0.00    0.00  100.00
06:59:32 PM    7    0.00    0.00   11.88    0.00    0.00   13.86    0.00    0.00    0.00   74.26

06:59:32 PM  CPU    %usr   %nice    %sys %iowait    %irq   %soft  %steal  %guest  %gnice   %idle
06:59:33 PM  all    0.12    0.00   11.07    0.00    0.25   31.73    0.00    0.00    0.00   56.83
06:59:33 PM    0    0.99    0.00    0.00    0.00    0.00   99.01    0.00    0.00    0.00    0.00
06:59:33 PM    1    0.00    0.00    0.99    0.00    0.99   98.02    0.00    0.00    0.00    0.00
06:59:33 PM    2    0.00    0.00   36.36    0.00    0.00   20.20    0.00    0.00    0.00   43.43
06:59:33 PM    3    0.00    0.00    5.94    0.00    0.00    4.95    0.00    0.00    0.00   89.11
06:59:33 PM    4    0.00    0.00    0.00    0.00    0.00    3.85    0.00    0.00    0.00   96.15
06:59:33 PM    5    0.00    0.00   25.49    0.00    0.98   14.71    0.00    0.00    0.00   58.82
06:59:33 PM    6    0.00    0.00   20.19    0.00    0.00   14.42    0.00    0.00    0.00   65.38
06:59:33 PM    7    0.00    0.00    0.00    0.00    0.00    0.00    0.00    0.00    0.00  100.00

06:59:33 PM  CPU    %usr   %nice    %sys %iowait    %irq   %soft  %steal  %guest  %gnice   %idle
06:59:34 PM  all    0.13    0.00    9.76    0.38    0.25   23.28    0.00    0.00    0.00   66.21
06:59:34 PM    0    0.00    0.00    1.00    0.00    1.00   72.00    0.00    0.00    0.00   26.00
06:59:34 PM    1    1.01    0.00    0.00    3.03    0.00   41.41    0.00    0.00    0.00   54.55
06:59:34 PM    2    0.00    0.00   10.68    0.00    0.00   11.65    0.00    0.00    0.00   77.67
06:59:34 PM    3    0.00    0.00    0.00    0.00    0.00    0.00    0.00    0.00    0.00  100.00
06:59:34 PM    4    0.00    0.00   10.00    0.00    1.00   12.00    0.00    0.00    0.00   77.00
06:59:34 PM    5    0.00    0.00    8.91    0.00    0.00    9.90    0.00    0.00    0.00   81.19
06:59:34 PM    6    0.00    0.00   28.87    0.00    0.00   25.77    0.00    0.00    0.00   45.36
06:59:34 PM    7    0.00    0.00   19.00    0.00    0.00   14.00    0.00    0.00    0.00   67.00

06:59:34 PM  CPU    %usr   %nice    %sys %iowait    %irq   %soft  %steal  %guest  %gnice   %idle
06:59:35 PM  all    0.00    0.00    9.80    0.00    0.25   24.12    0.00    0.00    0.00   65.83
06:59:35 PM    0    0.00    0.00    0.00    0.00    0.00   75.76    0.00    0.00    0.00   24.24
06:59:35 PM    1    0.00    0.00    0.00    0.00    0.00   55.00    0.00    0.00    0.00   45.00
06:59:35 PM    2    0.00    0.00   30.93    0.00    1.03   19.59    0.00    0.00    0.00   48.45
06:59:35 PM    3    0.00    0.00   13.86    0.00    0.99   13.86    0.00    0.00    0.00   71.29
06:59:35 PM    4    0.00    0.00    0.00    0.00    0.00    0.00    0.00    0.00    0.00  100.00
06:59:35 PM    5    0.00    0.00   19.19    0.00    0.00   16.16    0.00    0.00    0.00   64.65
06:59:35 PM    6    0.00    0.00    0.00    0.00    0.00    0.00    0.00    0.00    0.00  100.00
06:59:35 PM    7    0.00    0.00   15.00    0.00    0.00   13.00    0.00    0.00    0.00   72.00

06:59:35 PM  CPU    %usr   %nice    %sys %iowait    %irq   %soft  %steal  %guest  %gnice   %idle
06:59:36 PM  all    0.00    0.00   12.47    0.00    0.12   21.95    0.00    0.00    0.00   65.46
06:59:36 PM    0    0.00    0.00    0.00    0.00    0.00  100.00    0.00    0.00    0.00    0.00
06:59:36 PM    1    0.00    0.00    0.00    0.00    0.99   50.50    0.00    0.00    0.00   48.51
06:59:36 PM    2    0.00    0.00   25.49    0.00    0.00    0.98    0.00    0.00    0.00   73.53
06:59:36 PM    3    0.00    0.00   22.00    0.00    0.00   10.00    0.00    0.00    0.00   68.00
06:59:36 PM    4    0.00    0.00    0.00    0.00    0.00    0.00    0.00    0.00    0.00  100.00
06:59:36 PM    5    0.00    0.00   52.53    0.00    0.00   14.14    0.00    0.00    0.00   33.33
06:59:36 PM    6    0.00    0.00    0.00    0.00    0.00    0.00    0.00    0.00    0.00  100.00
06:59:36 PM    7    0.00    0.00    0.00    0.00    0.00    0.00    0.00    0.00    0.00  100.00

06:59:36 PM  CPU    %usr   %nice    %sys %iowait    %irq   %soft  %steal  %guest  %gnice   %idle
06:59:37 PM  all    0.00    0.00   10.86    0.00    0.25   27.09    0.00    0.00    0.00   61.80
06:59:37 PM    0    0.00    0.00    0.00    0.00    0.99   99.01    0.00    0.00    0.00    0.00
06:59:37 PM    1    0.00    0.00    0.00    0.00    0.00   68.00    0.00    0.00    0.00   32.00
06:59:37 PM    2    0.00    0.00    0.00    0.00    0.00    0.00    0.00    0.00    0.00  100.00
06:59:37 PM    3    0.00    0.00   49.00    0.00    0.00   26.00    0.00    0.00    0.00   25.00
06:59:37 PM    4    0.00    0.00   13.27    0.00    0.00   14.29    0.00    0.00    0.00   72.45
06:59:37 PM    5    0.00    0.00    3.00    0.00    0.00    0.00    0.00    0.00    0.00   97.00
06:59:37 PM    6    0.00    0.00   21.57    0.00    0.98    8.82    0.00    0.00    0.00   68.63
06:59:37 PM    7    0.00    0.00    0.00    0.00    0.00    0.00    0.00    0.00    0.00  100.00

06:59:37 PM  CPU    %usr   %nice    %sys %iowait    %irq   %soft  %steal  %guest  %gnice   %idle
06:59:38 PM  all    0.00    0.00   14.88    0.00    0.00   30.50    0.00    0.00    0.00   54.62
06:59:38 PM    0    0.00    0.00    0.00    0.00    0.00  100.00    0.00    0.00    0.00    0.00
06:59:38 PM    1    0.00    0.00    0.00    0.00    0.00  100.00    0.00    0.00    0.00    0.00
06:59:38 PM    2    0.00    0.00   25.00    0.00    0.00   11.00    0.00    0.00    0.00   64.00
06:59:38 PM    3    0.00    0.00   42.57    0.00    0.00   10.89    0.00    0.00    0.00   46.53
06:59:38 PM    4    0.00    0.00   20.79    0.00    0.00   12.87    0.00    0.00    0.00   66.34
06:59:38 PM    5    0.00    0.00   26.00    0.00    0.00    9.00    0.00    0.00    0.00   65.00
06:59:38 PM    6    0.00    0.00    4.00    0.00    0.00    2.00    0.00    0.00    0.00   94.00
06:59:38 PM    7    0.00    0.00    0.00    0.00    0.00    0.00    0.00    0.00    0.00  100.00

06:59:38 PM  CPU    %usr   %nice    %sys %iowait    %irq   %soft  %steal  %guest  %gnice   %idle
06:59:39 PM  all    0.00    0.00    9.93    0.00    0.50   27.79    0.00    0.00    0.00   61.79
06:59:39 PM    0    0.00    0.00    0.00    0.00    0.99   76.24    0.00    0.00    0.00   22.77
06:59:39 PM    1    0.00    0.00    0.00    0.00    0.98   77.45    0.00    0.00    0.00   21.57
06:59:39 PM    2    0.00    0.00   10.89    0.00    0.00   13.86    0.00    0.00    0.00   75.25
06:59:39 PM    3    0.00    0.00   14.85    0.00    0.99   13.86    0.00    0.00    0.00   70.30
06:59:39 PM    4    0.00    0.00   17.00    0.00    0.00    6.00    0.00    0.00    0.00   77.00
06:59:39 PM    5    0.00    0.00   15.69    0.00    0.98   12.75    0.00    0.00    0.00   70.59
06:59:39 PM    6    0.00    0.00   21.43    0.00    0.00   21.43    0.00    0.00    0.00   57.14
06:59:39 PM    7    0.00    0.00    0.00    0.00    0.00    0.00    0.00    0.00    0.00  100.00

06:59:39 PM  CPU    %usr   %nice    %sys %iowait    %irq   %soft  %steal  %guest  %gnice   %idle
06:59:40 PM  all    0.00    0.00   11.38    0.00    0.12   28.50    0.00    0.00    0.00   60.00
06:59:40 PM    0    0.00    0.00    0.00    0.00    0.00  100.00    0.00    0.00    0.00    0.00
06:59:40 PM    1    0.00    0.00    1.00    0.00    0.00   71.00    0.00    0.00    0.00   28.00
06:59:40 PM    2    0.00    0.00    0.00    0.00    0.00    0.00    0.00    0.00    0.00  100.00
06:59:40 PM    3    0.00    0.00   14.14    0.00    0.00   14.14    0.00    0.00    0.00   71.72
06:59:40 PM    4    0.00    0.00   16.00    0.00    0.00    5.00    0.00    0.00    0.00   79.00
06:59:40 PM    5    0.00    0.00   22.77    0.00    0.00    8.91    0.00    0.00    0.00   68.32
06:59:40 PM    6    0.00    0.00    6.86    0.00    0.00    3.92    0.00    0.00    0.00   89.22
06:59:40 PM    7    0.00    0.00   30.61    0.00    1.02   26.53    0.00    0.00    0.00   41.84

06:59:40 PM  CPU    %usr   %nice    %sys %iowait    %irq   %soft  %steal  %guest  %gnice   %idle
06:59:41 PM  all    0.00    0.00   13.47    0.00    0.12   30.04    0.00    0.00    0.00   56.37
06:59:41 PM    0    0.00    0.00    0.98    0.00    0.98   98.04    0.00    0.00    0.00    0.00
06:59:41 PM    1    0.00    0.00    0.99    0.00    0.00   99.01    0.00    0.00    0.00    0.00
06:59:41 PM    2    0.00    0.00    0.00    0.00    0.00    0.00    0.00    0.00    0.00  100.00
06:59:41 PM    3    0.00    0.00   18.45    0.00    0.00   12.62    0.00    0.00    0.00   68.93
06:59:41 PM    4    0.00    0.00   48.00    0.00    0.00   11.00    0.00    0.00    0.00   41.00
06:59:41 PM    5    0.00    0.00   21.21    0.00    0.00   10.10    0.00    0.00    0.00   68.69
06:59:41 PM    6    0.00    0.00    0.00    0.00    0.00    0.00    0.00    0.00    0.00  100.00
06:59:41 PM    7    0.00    0.00   18.63    0.00    0.00    8.82    0.00    0.00    0.00   72.55

06:59:41 PM  CPU    %usr   %nice    %sys %iowait    %irq   %soft  %steal  %guest  %gnice   %idle
06:59:42 PM  all    0.12    0.00    9.25    0.00    0.38   24.12    0.00    0.00    0.00   66.12
06:59:42 PM    0    0.98    0.00    0.98    0.00    0.00   16.67    0.00    0.00    0.00   81.37
06:59:42 PM    1    0.00    0.00    0.00    0.00    1.01   98.99    0.00    0.00    0.00    0.00
06:59:42 PM    2    0.00    0.00    8.16    0.00    0.00    7.14    0.00    0.00    0.00   84.69
06:59:42 PM    3    0.00    0.00   13.40    0.00    0.00   15.46    0.00    0.00    0.00   71.13
06:59:42 PM    4    0.00    0.00   17.00    0.00    1.00   16.00    0.00    0.00    0.00   66.00
06:59:42 PM    5    0.00    0.00   26.92    0.00    0.96   30.77    0.00    0.00    0.00   41.35
06:59:42 PM    6    0.00    0.00    0.00    0.00    0.00    0.00    0.00    0.00    0.00  100.00
06:59:42 PM    7    0.00    0.00    7.00    0.00    0.00    8.00    0.00    0.00    0.00   85.00

06:59:42 PM  CPU    %usr   %nice    %sys %iowait    %irq   %soft  %steal  %guest  %gnice   %idle
06:59:43 PM  all    0.00    0.00   10.22    0.00    0.12   27.43    0.00    0.00    0.00   62.22
06:59:43 PM    0    0.00    0.00    2.04    0.00    0.00   52.04    0.00    0.00    0.00   45.92
06:59:43 PM    1    0.00    0.00    0.00    0.00    0.00  100.00    0.00    0.00    0.00    0.00
06:59:43 PM    2    0.00    0.00   21.36    0.00    0.97   21.36    0.00    0.00    0.00   56.31
06:59:43 PM    3    0.00    0.00    0.00    0.00    0.00    0.00    0.00    0.00    0.00  100.00
06:59:43 PM    4    0.00    0.00   20.95    0.00    0.00   11.43    0.00    0.00    0.00   67.62
06:59:43 PM    5    0.00    0.00   15.62    0.00    0.00   13.54    0.00    0.00    0.00   70.83
06:59:43 PM    6    0.00    0.00   14.00    0.00    0.00   14.00    0.00    0.00    0.00   72.00
06:59:43 PM    7    0.00    0.00    7.07    0.00    0.00    8.08    0.00    0.00    0.00   84.85

06:59:43 PM  CPU    %usr   %nice    %sys %iowait    %irq   %soft  %steal  %guest  %gnice   %idle
06:59:44 PM  all    0.00    0.00   12.53    0.00    0.37   29.28    0.00    0.00    0.00   57.82
06:59:44 PM    0    0.00    0.00    0.00    0.00    0.99   72.28    0.00    0.00    0.00   26.73
06:59:44 PM    1    0.00    0.00    0.98    0.00    0.98   98.04    0.00    0.00    0.00    0.00
06:59:44 PM    2    0.00    0.00    9.90    0.00    0.00    8.91    0.00    0.00    0.00   81.19
06:59:44 PM    3    0.00    0.00   12.87    0.00    0.99   15.84    0.00    0.00    0.00   70.30
06:59:44 PM    4    0.00    0.00   22.68    0.00    0.00   11.34    0.00    0.00    0.00   65.98
06:59:44 PM    5    0.00    0.00   37.25    0.00    0.00   21.57    0.00    0.00    0.00   41.18
06:59:44 PM    6    0.00    0.00    0.00    0.00    0.00    0.00    0.00    0.00    0.00  100.00
06:59:44 PM    7    0.00    0.00   16.67    0.00    0.00    4.90    0.00    0.00    0.00   78.43

06:59:44 PM  CPU    %usr   %nice    %sys %iowait    %irq   %soft  %steal  %guest  %gnice   %idle
06:59:45 PM  all    0.00    0.00   11.89    0.00    0.25   29.54    0.00    0.00    0.00   58.32
06:59:45 PM    0    0.00    0.00    0.00    0.00    0.00   75.25    0.00    0.00    0.00   24.75
06:59:45 PM    1    0.00    0.00    0.00    0.00    0.00  100.00    0.00    0.00    0.00    0.00
06:59:45 PM    2    0.00    0.00   22.68    0.00    0.00   17.53    0.00    0.00    0.00   59.79
06:59:45 PM    3    0.00    0.00    0.00    0.00    0.00    0.00    0.00    0.00    0.00  100.00
06:59:45 PM    4    0.00    0.00    0.00    0.00    0.00    0.00    0.00    0.00    0.00  100.00
06:59:45 PM    5    0.00    0.00   10.10    0.00    0.00    0.00    0.00    0.00    0.00   89.90
06:59:45 PM    6    0.00    0.00   35.92    0.00    0.97   27.18    0.00    0.00    0.00   35.92
06:59:45 PM    7    0.00    0.00   26.26    0.00    1.01   16.16    0.00    0.00    0.00   56.57

06:59:45 PM  CPU    %usr   %nice    %sys %iowait    %irq   %soft  %steal  %guest  %gnice   %idle
06:59:46 PM  all    0.00    0.00   11.07    0.00    0.25   29.73    0.00    0.00    0.00   58.96
06:59:46 PM    0    0.00    0.00    0.00    0.00    0.99   69.31    0.00    0.00    0.00   29.70
06:59:46 PM    1    0.00    0.00    0.00    0.00    0.00  100.00    0.00    0.00    0.00    0.00
06:59:46 PM    2    0.00    0.00    0.00    0.00    0.00    0.00    0.00    0.00    0.00  100.00
06:59:46 PM    3    0.00    0.00   17.65    0.00    0.00    6.86    0.00    0.00    0.00   75.49
06:59:46 PM    4    0.00    0.00   14.14    0.00    0.00   17.17    0.00    0.00    0.00   68.69
06:59:46 PM    5    0.00    0.00   27.18    0.00    0.97   23.30    0.00    0.00    0.00   48.54
06:59:46 PM    6    0.00    0.00   29.90    0.00    0.00   21.65    0.00    0.00    0.00   48.45
06:59:46 PM    7    0.00    0.00    0.00    0.00    0.00    0.00    0.00    0.00    0.00  100.00

06:59:46 PM  CPU    %usr   %nice    %sys %iowait    %irq   %soft  %steal  %guest  %gnice   %idle
06:59:47 PM  all    0.00    0.00   12.41    0.00    0.12   22.33    0.00    0.00    0.00   65.14
06:59:47 PM    0    0.00    0.00    0.00    0.00    0.00  100.00    0.00    0.00    0.00    0.00
06:59:47 PM    1    0.00    0.00    0.98    0.00    0.98   66.67    0.00    0.00    0.00   31.37
06:59:47 PM    2    0.00    0.00    7.77    0.00    0.00    3.88    0.00    0.00    0.00   88.35
06:59:47 PM    3    0.00    0.00    4.04    0.00    0.00    2.02    0.00    0.00    0.00   93.94
06:59:47 PM    4    0.00    0.00   85.15    0.00    0.00    4.95    0.00    0.00    0.00    9.90
06:59:47 PM    5    0.00    0.00    0.00    0.00    0.00    0.00    0.00    0.00    0.00  100.00
06:59:47 PM    6    0.00    0.00    0.98    0.00    0.00    1.96    0.00    0.00    0.00   97.06
06:59:47 PM    7    0.00    0.00    0.00    0.00    0.00    0.00    0.00    0.00    0.00  100.00

Average:     CPU    %usr   %nice    %sys %iowait    %irq   %soft  %steal  %guest  %gnice   %idle
Average:     all    0.01    0.00   11.69    0.01    0.22   27.94    0.00    0.00    0.00   60.11
Average:       0    0.07    0.00    0.37    0.00    0.43   80.31    0.00    0.00    0.00   18.82
Average:       1    0.03    0.00    0.30    0.10    0.40   87.90    0.00    0.00    0.00   11.27
Average:       2    0.00    0.00   14.02    0.00    0.13    8.04    0.00    0.00    0.00   77.81
Average:       3    0.00    0.00   16.75    0.00    0.20   11.40    0.00    0.00    0.00   71.65
Average:       4    0.00    0.00   17.27    0.00    0.13    8.45    0.00    0.00    0.00   74.14
Average:       5    0.00    0.00   21.40    0.00    0.20   10.87    0.00    0.00    0.00   67.53
Average:       6    0.00    0.00   14.01    0.00    0.17    9.18    0.00    0.00    0.00   76.65
Average:       7    0.00    0.00    9.44    0.00    0.13    7.38    0.00    0.00    0.00   83.04
