Linux 6.18.34 (pi5-2) 	07/10/2026 	_aarch64_	(4 CPU)

09:04:56 PM  CPU    %usr   %nice    %sys %iowait    %irq   %soft  %steal  %guest  %gnice   %idle
09:04:57 PM  all    0.00    0.00    0.00    0.00    1.00   32.58    0.00    0.00    0.00   66.42
09:04:57 PM    0    0.00    0.00    0.00    0.00    2.00   59.00    0.00    0.00    0.00   39.00
09:04:57 PM    1    0.00    0.00    0.00    0.00    1.01   35.35    0.00    0.00    0.00   63.64
09:04:57 PM    2    0.00    0.00    0.00    0.00    0.00    0.00    0.00    0.00    0.00  100.00
09:04:57 PM    3    0.00    0.00    0.00    0.00    1.00   36.00    0.00    0.00    0.00   63.00

09:04:57 PM  CPU    %usr   %nice    %sys %iowait    %irq   %soft  %steal  %guest  %gnice   %idle
09:04:58 PM  all    0.25    0.00    0.25    0.00    0.75   36.34    0.00    0.00    0.00   62.41
09:04:58 PM    0    0.00    0.00    0.00    0.00    1.01   64.65    0.00    0.00    0.00   34.34
09:04:58 PM    1    0.00    0.00    0.00    0.00    1.00   41.00    0.00    0.00    0.00   58.00
09:04:58 PM    2    1.00    0.00    0.00    0.00    0.00    0.00    0.00    0.00    0.00   99.00
09:04:58 PM    3    0.00    0.00    1.00    0.00    1.00   40.00    0.00    0.00    0.00   58.00

09:04:58 PM  CPU    %usr   %nice    %sys %iowait    %irq   %soft  %steal  %guest  %gnice   %idle
09:04:59 PM  all    0.00    0.00    0.25    0.00    0.75   32.67    0.00    0.00    0.00   66.33
09:04:59 PM    0    0.00    0.00    0.00    0.00    1.00   59.00    0.00    0.00    0.00   40.00
09:04:59 PM    1    0.00    0.00    1.00    0.00    1.00   35.00    0.00    0.00    0.00   63.00
09:04:59 PM    2    0.00    0.00    0.00    0.00    0.00    0.99    0.00    0.00    0.00   99.01
09:04:59 PM    3    0.00    0.00    0.00    0.00    1.00   36.00    0.00    0.00    0.00   63.00

09:04:59 PM  CPU    %usr   %nice    %sys %iowait    %irq   %soft  %steal  %guest  %gnice   %idle
09:05:00 PM  all    0.00    0.00    0.00    0.00    0.76   32.75    0.00    0.00    0.00   66.50
09:05:00 PM    0    0.00    0.00    0.00    0.00    2.02   58.59    0.00    0.00    0.00   39.39
09:05:00 PM    1    0.00    0.00    0.00    0.00    1.01   36.36    0.00    0.00    0.00   62.63
09:05:00 PM    2    0.00    0.00    0.00    0.00    0.00    0.00    0.00    0.00    0.00  100.00
09:05:00 PM    3    0.00    0.00    0.00    0.00    0.00   36.36    0.00    0.00    0.00   63.64

09:05:00 PM  CPU    %usr   %nice    %sys %iowait    %irq   %soft  %steal  %guest  %gnice   %idle
09:05:01 PM  all    0.00    0.00    0.00    0.00    0.75   33.25    0.00    0.00    0.00   66.00
09:05:01 PM    0    0.00    0.00    0.00    0.00    1.00   60.00    0.00    0.00    0.00   39.00
09:05:01 PM    1    0.00    0.00    0.00    0.00    0.99   36.63    0.00    0.00    0.00   62.38
09:05:01 PM    2    0.00    0.00    0.00    0.00    0.00    0.00    0.00    0.00    0.00  100.00
09:05:01 PM    3    0.00    0.00    0.00    0.00    1.01   36.36    0.00    0.00    0.00   62.63

09:05:01 PM  CPU    %usr   %nice    %sys %iowait    %irq   %soft  %steal  %guest  %gnice   %idle
09:05:02 PM  all    0.25    0.00    0.00    0.00    0.50   33.75    0.00    0.00    0.00   65.49
09:05:02 PM    0    0.00    0.00    0.00    0.00    1.01   60.61    0.00    0.00    0.00   38.38
09:05:02 PM    1    1.01    0.00    0.00    0.00    0.00   37.37    0.00    0.00    0.00   61.62
09:05:02 PM    2    0.00    0.00    0.00    0.00    0.00    0.00    0.00    0.00    0.00  100.00
09:05:02 PM    3    0.00    0.00    0.00    0.00    1.01   37.37    0.00    0.00    0.00   61.62

09:05:02 PM  CPU    %usr   %nice    %sys %iowait    %irq   %soft  %steal  %guest  %gnice   %idle
09:05:03 PM  all    0.00    0.00    0.00    0.00    1.00   34.16    0.00    0.00    0.00   64.84
09:05:03 PM    0    0.00    0.00    0.00    0.00    2.00   61.00    0.00    0.00    0.00   37.00
09:05:03 PM    1    0.00    0.00    0.00    0.00    1.00   38.00    0.00    0.00    0.00   61.00
09:05:03 PM    2    0.00    0.00    0.00    0.00    0.00    0.00    0.00    0.00    0.00  100.00
09:05:03 PM    3    0.00    0.00    0.00    0.00    0.99   37.62    0.00    0.00    0.00   61.39

09:05:03 PM  CPU    %usr   %nice    %sys %iowait    %irq   %soft  %steal  %guest  %gnice   %idle
09:05:04 PM  all    0.00    0.00    0.00    0.00    0.75   30.90    0.00    0.00    0.00   68.34
09:05:04 PM    0    0.00    0.00    0.00    0.00    1.00   57.00    0.00    0.00    0.00   42.00
09:05:04 PM    1    0.00    0.00    0.00    0.00    1.01   33.33    0.00    0.00    0.00   65.66
09:05:04 PM    2    0.00    0.00    0.00    0.00    0.00    0.00    0.00    0.00    0.00  100.00
09:05:04 PM    3    0.00    0.00    0.00    0.00    1.01   33.33    0.00    0.00    0.00   65.66

09:05:04 PM  CPU    %usr   %nice    %sys %iowait    %irq   %soft  %steal  %guest  %gnice   %idle
09:05:05 PM  all    0.00    0.00    0.00    0.00    0.75   31.83    0.00    0.00    0.00   67.42
09:05:05 PM    0    0.00    0.00    0.00    0.00    1.01   57.58    0.00    0.00    0.00   41.41
09:05:05 PM    1    0.00    0.00    0.00    0.00    1.00   35.00    0.00    0.00    0.00   64.00
09:05:05 PM    2    0.00    0.00    0.00    0.00    0.00    0.00    0.00    0.00    0.00  100.00
09:05:05 PM    3    0.00    0.00    0.00    0.00    1.00   35.00    0.00    0.00    0.00   64.00

09:05:05 PM  CPU    %usr   %nice    %sys %iowait    %irq   %soft  %steal  %guest  %gnice   %idle
09:05:06 PM  all    0.00    0.00    0.25    0.00    0.75   32.00    0.00    0.00    0.00   67.00
09:05:06 PM    0    0.00    0.00    0.00    0.00    1.01   58.59    0.00    0.00    0.00   40.40
09:05:06 PM    1    0.00    0.00    0.00    0.00    1.00   35.00    0.00    0.00    0.00   64.00
09:05:06 PM    2    0.00    0.00    0.00    0.00    0.00    0.00    0.00    0.00    0.00  100.00
09:05:06 PM    3    0.00    0.00    0.99    0.00    0.99   34.65    0.00    0.00    0.00   63.37

09:05:06 PM  CPU    %usr   %nice    %sys %iowait    %irq   %soft  %steal  %guest  %gnice   %idle
09:05:07 PM  all    0.00    0.00    0.25    0.00    0.76   33.16    0.00    0.00    0.00   65.82
09:05:07 PM    0    0.00    0.00    0.00    0.00    2.00   59.00    0.00    0.00    0.00   39.00
09:05:07 PM    1    0.00    0.00    1.01    0.00    1.01   36.36    0.00    0.00    0.00   61.62
09:05:07 PM    2    0.00    0.00    0.00    0.00    0.00    0.00    0.00    0.00    0.00  100.00
09:05:07 PM    3    0.00    0.00    0.00    0.00    0.00   36.73    0.00    0.00    0.00   63.27

09:05:07 PM  CPU    %usr   %nice    %sys %iowait    %irq   %soft  %steal  %guest  %gnice   %idle
09:05:08 PM  all    0.25    0.00    0.00    0.00    0.75   32.75    0.00    0.00    0.00   66.25
09:05:08 PM    0    0.00    0.00    0.00    0.00    1.01   59.60    0.00    0.00    0.00   39.39
09:05:08 PM    1    0.00    0.00    0.00    0.00    1.00   36.00    0.00    0.00    0.00   63.00
09:05:08 PM    2    0.00    0.00    0.00    0.00    0.00    0.00    0.00    0.00    0.00  100.00
09:05:08 PM    3    0.99    0.00    0.00    0.00    0.99   35.64    0.00    0.00    0.00   62.38

09:05:08 PM  CPU    %usr   %nice    %sys %iowait    %irq   %soft  %steal  %guest  %gnice   %idle
09:05:09 PM  all    0.00    0.00    0.00    0.00    1.00   28.93    0.00    0.00    0.00   70.07
09:05:09 PM    0    0.00    0.00    0.00    0.00    1.98   68.32    0.00    0.00    0.00   29.70
09:05:09 PM    1    0.00    0.00    0.00    0.00    1.00   32.00    0.00    0.00    0.00   67.00
09:05:09 PM    2    0.00    0.00    0.00    0.00    0.00    0.00    0.00    0.00    0.00  100.00
09:05:09 PM    3    0.00    0.00    0.00    0.00    1.00   15.00    0.00    0.00    0.00   84.00

09:05:09 PM  CPU    %usr   %nice    %sys %iowait    %irq   %soft  %steal  %guest  %gnice   %idle
09:05:10 PM  all    0.25    0.00    0.00    0.00    0.25   25.19    0.00    0.00    0.00   74.31
09:05:10 PM    0    0.00    0.00    0.00    0.00    1.01   73.74    0.00    0.00    0.00   25.25
09:05:10 PM    1    0.00    0.00    0.00    0.00    0.00   27.55    0.00    0.00    0.00   72.45
09:05:10 PM    2    0.00    0.00    0.00    0.00    0.00    0.00    0.00    0.00    0.00  100.00
09:05:10 PM    3    1.00    0.00    0.00    0.00    0.00    0.00    0.00    0.00    0.00   99.00

09:05:10 PM  CPU    %usr   %nice    %sys %iowait    %irq   %soft  %steal  %guest  %gnice   %idle
09:05:11 PM  all    0.00    0.00    0.00    0.00    0.50   25.06    0.00    0.00    0.00   74.44
09:05:11 PM    0    0.00    0.00    0.00    0.00    1.01   73.74    0.00    0.00    0.00   25.25
09:05:11 PM    1    0.00    0.00    0.00    0.00    1.00   27.00    0.00    0.00    0.00   72.00
09:05:11 PM    2    0.00    0.00    0.00    0.00    0.00    0.00    0.00    0.00    0.00  100.00
09:05:11 PM    3    0.00    0.00    0.00    0.00    0.00    0.00    0.00    0.00    0.00  100.00

09:05:11 PM  CPU    %usr   %nice    %sys %iowait    %irq   %soft  %steal  %guest  %gnice   %idle
09:05:12 PM  all    0.00    0.00    0.00    0.00    0.75   24.81    0.00    0.00    0.00   74.44
09:05:12 PM    0    0.00    0.00    0.00    0.00    2.02   72.73    0.00    0.00    0.00   25.25
09:05:12 PM    1    0.00    0.00    0.00    0.00    1.00   27.00    0.00    0.00    0.00   72.00
09:05:12 PM    2    0.00    0.00    0.00    0.00    0.00    0.00    0.00    0.00    0.00  100.00
09:05:12 PM    3    0.00    0.00    0.00    0.00    0.00    0.00    0.00    0.00    0.00  100.00

09:05:12 PM  CPU    %usr   %nice    %sys %iowait    %irq   %soft  %steal  %guest  %gnice   %idle
09:05:13 PM  all    0.25    0.00    0.00    0.00    0.50   25.94    0.00    0.00    0.00   73.32
09:05:13 PM    0    0.00    0.00    0.00    0.00    1.00   70.00    0.00    0.00    0.00   29.00
09:05:13 PM    1    0.00    0.00    0.00    0.00    1.00   28.00    0.00    0.00    0.00   71.00
09:05:13 PM    2    0.00    0.00    0.00    0.00    0.00    0.00    0.00    0.00    0.00  100.00
09:05:13 PM    3    0.99    0.00    0.00    0.00    0.00    5.94    0.00    0.00    0.00   93.07

09:05:13 PM  CPU    %usr   %nice    %sys %iowait    %irq   %soft  %steal  %guest  %gnice   %idle
09:05:14 PM  all    0.25    0.00    0.00    0.00    0.75   32.33    0.00    0.00    0.00   66.67
09:05:14 PM    0    0.00    0.00    0.00    0.00    1.00   59.00    0.00    0.00    0.00   40.00
09:05:14 PM    1    0.00    0.00    0.00    0.00    1.01   35.35    0.00    0.00    0.00   63.64
09:05:14 PM    2    0.99    0.00    0.00    0.00    0.00    0.00    0.00    0.00    0.00   99.01
09:05:14 PM    3    0.00    0.00    0.00    0.00    1.01   35.35    0.00    0.00    0.00   63.64

09:05:14 PM  CPU    %usr   %nice    %sys %iowait    %irq   %soft  %steal  %guest  %gnice   %idle
09:05:15 PM  all    0.00    0.00    0.25    0.00    1.00   32.50    0.00    0.00    0.00   66.25
09:05:15 PM    0    0.00    0.00    0.00    0.00    2.02   58.59    0.00    0.00    0.00   39.39
09:05:15 PM    1    0.00    0.00    0.00    0.00    1.00   36.00    0.00    0.00    0.00   63.00
09:05:15 PM    2    0.00    0.00    0.00    0.00    0.00    0.00    0.00    0.00    0.00  100.00
09:05:15 PM    3    0.00    0.00    0.99    0.00    0.99   35.64    0.00    0.00    0.00   62.38

09:05:15 PM  CPU    %usr   %nice    %sys %iowait    %irq   %soft  %steal  %guest  %gnice   %idle
09:05:16 PM  all    0.00    0.00    0.00    0.00    0.50   31.66    0.00    0.00    0.00   67.84
09:05:16 PM    0    0.00    0.00    0.00    0.00    1.01   57.58    0.00    0.00    0.00   41.41
09:05:16 PM    1    0.00    0.00    0.00    0.00    1.01   34.34    0.00    0.00    0.00   64.65
09:05:16 PM    2    0.00    0.00    0.00    0.00    0.00    0.00    0.00    0.00    0.00  100.00
09:05:16 PM    3    0.00    0.00    0.00    0.00    0.00   35.00    0.00    0.00    0.00   65.00

09:05:16 PM  CPU    %usr   %nice    %sys %iowait    %irq   %soft  %steal  %guest  %gnice   %idle
09:05:17 PM  all    0.25    0.00    0.00    0.00    0.50   32.83    0.00    0.00    0.00   66.42
09:05:17 PM    0    0.00    0.00    0.00    0.00    1.00   59.00    0.00    0.00    0.00   40.00
09:05:17 PM    1    0.00    0.00    0.00    0.00    0.00   36.36    0.00    0.00    0.00   63.64
09:05:17 PM    2    0.99    0.00    0.00    0.00    0.00    0.00    0.00    0.00    0.00   99.01
09:05:17 PM    3    0.00    0.00    0.00    0.00    1.01   36.36    0.00    0.00    0.00   62.63

09:05:17 PM  CPU    %usr   %nice    %sys %iowait    %irq   %soft  %steal  %guest  %gnice   %idle
09:05:18 PM  all    0.00    0.00    0.25    0.00    0.75   30.85    0.00    0.00    0.00   68.16
09:05:18 PM    0    0.00    0.00    0.00    0.00    1.98   57.43    0.00    0.00    0.00   40.59
09:05:18 PM    1    0.00    0.00    0.00    0.00    1.00   58.00    0.00    0.00    0.00   41.00
09:05:18 PM    2    0.00    0.00    0.99    0.00    0.00    0.00    0.00    0.00    0.00   99.01
09:05:18 PM    3    0.00    0.00    0.00    0.00    0.00    8.00    0.00    0.00    0.00   92.00

09:05:18 PM  CPU    %usr   %nice    %sys %iowait    %irq   %soft  %steal  %guest  %gnice   %idle
09:05:19 PM  all    0.00    0.00    0.00    0.25    0.50   30.08    0.00    0.00    0.00   69.17
09:05:19 PM    0    0.00    0.00    0.00    0.00    1.01   56.57    0.00    0.00    0.00   42.42
09:05:19 PM    1    0.00    0.00    0.00    0.00    1.00   64.00    0.00    0.00    0.00   35.00
09:05:19 PM    2    0.00    0.00    0.00    0.00    0.00    0.00    0.00    0.00    0.00  100.00
09:05:19 PM    3    0.00    0.00    0.00    1.00    0.00    0.00    0.00    0.00    0.00   99.00

09:05:19 PM  CPU    %usr   %nice    %sys %iowait    %irq   %soft  %steal  %guest  %gnice   %idle
09:05:20 PM  all    0.25    0.00    0.75    0.00    0.50   30.92    0.00    0.00    0.00   67.58
09:05:20 PM    0    0.00    0.00    1.00    0.00    1.00   58.00    0.00    0.00    0.00   40.00
09:05:20 PM    1    0.00    0.00    0.00    0.00    0.00   66.67    0.00    0.00    0.00   33.33
09:05:20 PM    2    0.00    0.00    1.00    0.00    0.00    0.00    0.00    0.00    0.00   99.00
09:05:20 PM    3    0.98    0.00    0.98    0.00    0.98    0.00    0.00    0.00    0.00   97.06

09:05:20 PM  CPU    %usr   %nice    %sys %iowait    %irq   %soft  %steal  %guest  %gnice   %idle
09:05:21 PM  all    0.00    0.00    0.25    0.00    0.75   29.43    0.00    0.00    0.00   69.58
09:05:21 PM    0    0.00    0.00    0.00    0.00    2.02   55.56    0.00    0.00    0.00   42.42
09:05:21 PM    1    0.00    0.00    0.00    0.00    0.99   62.38    0.00    0.00    0.00   36.63
09:05:21 PM    2    0.00    0.00    0.99    0.00    0.00    0.00    0.00    0.00    0.00   99.01
09:05:21 PM    3    0.00    0.00    0.00    0.00    0.00    0.00    0.00    0.00    0.00  100.00

09:05:21 PM  CPU    %usr   %nice    %sys %iowait    %irq   %soft  %steal  %guest  %gnice   %idle
09:05:22 PM  all    0.00    0.00    0.00    0.00    0.25   27.82    0.00    0.00    0.00   71.93
09:05:22 PM    0    0.00    0.00    0.00    0.00    1.00   70.00    0.00    0.00    0.00   29.00
09:05:22 PM    1    0.00    0.00    0.00    0.00    0.00   41.41    0.00    0.00    0.00   58.59
09:05:22 PM    2    0.00    0.00    0.00    0.00    0.00    0.00    0.00    0.00    0.00  100.00
09:05:22 PM    3    0.00    0.00    0.00    0.00    0.00    0.00    0.00    0.00    0.00  100.00

09:05:22 PM  CPU    %usr   %nice    %sys %iowait    %irq   %soft  %steal  %guest  %gnice   %idle
09:05:23 PM  all    0.00    0.00    0.25    0.00    0.25   22.11    0.00    0.00    0.00   77.39
09:05:23 PM    0    0.00    0.00    0.00    0.00    1.02   89.80    0.00    0.00    0.00    9.18
09:05:23 PM    1    0.00    0.00    0.00    0.00    0.00    0.00    0.00    0.00    0.00  100.00
09:05:23 PM    2    0.00    0.00    1.00    0.00    0.00    0.00    0.00    0.00    0.00   99.00
09:05:23 PM    3    0.00    0.00    0.00    0.00    0.00    0.00    0.00    0.00    0.00  100.00

09:05:23 PM  CPU    %usr   %nice    %sys %iowait    %irq   %soft  %steal  %guest  %gnice   %idle
09:05:24 PM  all    0.00    0.00    0.00    0.00    0.50   22.00    0.00    0.00    0.00   77.50
09:05:24 PM    0    0.00    0.00    0.00    0.00    2.00   88.00    0.00    0.00    0.00   10.00
09:05:24 PM    1    0.00    0.00    0.00    0.00    0.00    0.00    0.00    0.00    0.00  100.00
09:05:24 PM    2    0.00    0.00    0.00    0.00    0.00    0.00    0.00    0.00    0.00  100.00
09:05:24 PM    3    0.00    0.00    0.00    0.00    0.00    0.00    0.00    0.00    0.00  100.00

09:05:24 PM  CPU    %usr   %nice    %sys %iowait    %irq   %soft  %steal  %guest  %gnice   %idle
09:05:25 PM  all    0.00    0.00    0.00    0.00    0.50   22.19    0.00    0.00    0.00   77.31
09:05:25 PM    0    0.00    0.00    0.00    0.00    1.98   88.12    0.00    0.00    0.00    9.90
09:05:25 PM    1    0.00    0.00    0.00    0.00    0.00    0.00    0.00    0.00    0.00  100.00
09:05:25 PM    2    0.00    0.00    0.00    0.00    0.00    0.00    0.00    0.00    0.00  100.00
09:05:25 PM    3    0.00    0.00    0.00    0.00    0.00    0.00    0.00    0.00    0.00  100.00

09:05:25 PM  CPU    %usr   %nice    %sys %iowait    %irq   %soft  %steal  %guest  %gnice   %idle
09:05:26 PM  all    0.00    0.00    0.00    0.00    0.25   22.08    0.00    0.00    0.00   77.66
09:05:26 PM    0    0.00    0.00    0.00    0.00    1.03   89.69    0.00    0.00    0.00    9.28
09:05:26 PM    1    0.00    0.00    0.00    0.00    0.00    0.00    0.00    0.00    0.00  100.00
09:05:26 PM    2    0.00    0.00    0.00    0.00    0.00    0.00    0.00    0.00    0.00  100.00
09:05:26 PM    3    0.00    0.00    0.00    0.00    0.00    0.00    0.00    0.00    0.00  100.00

Average:     CPU    %usr   %nice    %sys %iowait    %irq   %soft  %steal  %guest  %gnice   %idle
Average:     all    0.07    0.00    0.09    0.01    0.64   29.76    0.00    0.00    0.00   69.43
Average:       0    0.00    0.00    0.03    0.00    1.37   65.33    0.00    0.00    0.00   33.27
Average:       1    0.03    0.00    0.07    0.00    0.70   33.72    0.00    0.00    0.00   65.47
Average:       2    0.10    0.00    0.13    0.00    0.00    0.03    0.00    0.00    0.00   99.73
Average:       3    0.13    0.00    0.13    0.03    0.50   20.18    0.00    0.00    0.00   79.02
