Linux 7.0.0 (hp5) 	06/20/2026 	_x86_64_	(8 CPU)

12:12:42 AM  CPU    %usr   %nice    %sys %iowait    %irq   %soft  %steal  %guest  %gnice   %idle
12:12:43 AM  all    0.00    0.00   10.88    0.00    0.25    9.25    0.00    0.00    0.00   79.62
12:12:43 AM    0    0.00    0.00   43.00    0.00    1.00   33.00    0.00    0.00    0.00   23.00
12:12:43 AM    1    0.00    0.00   43.56    0.00    0.99   33.66    0.00    0.00    0.00   21.78
12:12:43 AM    2    0.00    0.00    0.00    0.00    0.00    3.03    0.00    0.00    0.00   96.97
12:12:43 AM    3    0.00    0.00    0.00    0.00    0.00    4.00    0.00    0.00    0.00   96.00
12:12:43 AM    4    0.00    0.00    0.00    0.00    0.00    0.00    0.00    0.00    0.00  100.00
12:12:43 AM    5    0.00    0.00    0.00    0.00    0.00    0.00    0.00    0.00    0.00  100.00
12:12:43 AM    6    0.00    0.00    0.00    0.00    0.00    0.00    0.00    0.00    0.00  100.00
12:12:43 AM    7    0.00    0.00    0.00    0.00    0.00    0.00    0.00    0.00    0.00  100.00

12:12:43 AM  CPU    %usr   %nice    %sys %iowait    %irq   %soft  %steal  %guest  %gnice   %idle
12:12:44 AM  all    0.00    0.00   14.29    0.00    0.13   11.40    0.00    0.00    0.00   74.19
12:12:44 AM    0    0.00    0.00   56.57    0.00    0.00   43.43    0.00    0.00    0.00    0.00
12:12:44 AM    1    0.00    0.00   58.59    0.00    0.00   41.41    0.00    0.00    0.00    0.00
12:12:44 AM    2    0.00    0.00    0.00    0.00    1.00    3.00    0.00    0.00    0.00   96.00
12:12:44 AM    3    0.00    0.00    0.00    0.00    0.00    4.00    0.00    0.00    0.00   96.00
12:12:44 AM    4    0.00    0.00    0.00    0.00    0.00    0.00    0.00    0.00    0.00  100.00
12:12:44 AM    5    0.00    0.00    0.00    0.00    0.00    0.00    0.00    0.00    0.00  100.00
12:12:44 AM    6    0.00    0.00    0.00    0.00    0.00    0.00    0.00    0.00    0.00  100.00
12:12:44 AM    7    0.00    0.00    0.00    0.00    0.00    0.00    0.00    0.00    0.00  100.00

12:12:44 AM  CPU    %usr   %nice    %sys %iowait    %irq   %soft  %steal  %guest  %gnice   %idle
12:12:45 AM  all    0.25    0.00   14.23    0.00    0.25   11.24    0.00    0.00    0.00   74.03
12:12:45 AM    0    1.00    0.00   57.00    0.00    0.00   42.00    0.00    0.00    0.00    0.00
12:12:45 AM    1    0.99    0.00   56.44    0.00    0.99   41.58    0.00    0.00    0.00    0.00
12:12:45 AM    2    0.00    0.00    0.00    0.00    0.00    3.00    0.00    0.00    0.00   97.00
12:12:45 AM    3    0.00    0.00    0.00    0.00    1.00    3.00    0.00    0.00    0.00   96.00
12:12:45 AM    4    0.00    0.00    0.00    0.00    0.00    0.00    0.00    0.00    0.00  100.00
12:12:45 AM    5    0.00    0.00    0.00    0.00    0.00    0.00    0.00    0.00    0.00  100.00
12:12:45 AM    6    0.00    0.00    0.00    0.00    0.00    0.00    0.00    0.00    0.00  100.00
12:12:45 AM    7    0.00    0.00    0.00    0.00    0.00    0.00    0.00    0.00    0.00  100.00

12:12:45 AM  CPU    %usr   %nice    %sys %iowait    %irq   %soft  %steal  %guest  %gnice   %idle
12:12:46 AM  all    0.00    0.00   14.29    0.00    0.13   11.53    0.00    0.00    0.00   74.06
12:12:46 AM    0    0.00    0.00   57.00    0.00    1.00   42.00    0.00    0.00    0.00    0.00
12:12:46 AM    1    0.00    0.00   57.58    0.00    0.00   42.42    0.00    0.00    0.00    0.00
12:12:46 AM    2    0.00    0.00    0.00    0.00    0.00    4.04    0.00    0.00    0.00   95.96
12:12:46 AM    3    0.00    0.00    0.00    0.00    0.00    4.00    0.00    0.00    0.00   96.00
12:12:46 AM    4    0.00    0.00    0.00    0.00    0.00    0.00    0.00    0.00    0.00  100.00
12:12:46 AM    5    0.00    0.00    0.00    0.00    0.00    0.00    0.00    0.00    0.00  100.00
12:12:46 AM    6    0.00    0.00    0.00    0.00    0.00    0.00    0.00    0.00    0.00  100.00
12:12:46 AM    7    0.00    0.00    0.00    0.00    0.00    0.00    0.00    0.00    0.00  100.00

12:12:46 AM  CPU    %usr   %nice    %sys %iowait    %irq   %soft  %steal  %guest  %gnice   %idle
12:12:47 AM  all    0.25    0.00   14.25    0.00    0.25   11.25    0.00    0.00    0.00   74.00
12:12:47 AM    0    1.00    0.00   57.00    0.00    0.00   42.00    0.00    0.00    0.00    0.00
12:12:47 AM    1    0.99    0.00   56.44    0.00    0.99   41.58    0.00    0.00    0.00    0.00
12:12:47 AM    2    0.00    0.00    0.00    0.00    1.00    3.00    0.00    0.00    0.00   96.00
12:12:47 AM    3    0.00    0.00    0.00    0.00    0.00    3.03    0.00    0.00    0.00   96.97
12:12:47 AM    4    0.00    0.00    0.00    0.00    0.00    0.00    0.00    0.00    0.00  100.00
12:12:47 AM    5    0.00    0.00    0.00    0.00    0.00    0.00    0.00    0.00    0.00  100.00
12:12:47 AM    6    0.00    0.00    0.00    0.00    0.00    0.00    0.00    0.00    0.00  100.00
12:12:47 AM    7    0.00    0.00    0.00    0.00    0.00    0.00    0.00    0.00    0.00  100.00

12:12:47 AM  CPU    %usr   %nice    %sys %iowait    %irq   %soft  %steal  %guest  %gnice   %idle
12:12:48 AM  all    0.13    0.00   14.27    0.00    0.13   11.39    0.00    0.00    0.00   74.09
12:12:48 AM    0    0.00    0.00   57.00    0.00    1.00   42.00    0.00    0.00    0.00    0.00
12:12:48 AM    1    1.00    0.00   57.00    0.00    0.00   42.00    0.00    0.00    0.00    0.00
12:12:48 AM    2    0.00    0.00    0.00    0.00    0.00    4.00    0.00    0.00    0.00   96.00
12:12:48 AM    3    0.00    0.00    0.00    0.00    0.00    3.03    0.00    0.00    0.00   96.97
12:12:48 AM    4    0.00    0.00    0.00    0.00    0.00    0.00    0.00    0.00    0.00  100.00
12:12:48 AM    5    0.00    0.00    0.00    0.00    0.00    0.00    0.00    0.00    0.00  100.00
12:12:48 AM    6    0.00    0.00    0.00    0.00    0.00    0.00    0.00    0.00    0.00  100.00
12:12:48 AM    7    0.00    0.00    0.00    0.00    0.00    0.00    0.00    0.00    0.00  100.00

12:12:48 AM  CPU    %usr   %nice    %sys %iowait    %irq   %soft  %steal  %guest  %gnice   %idle
12:12:49 AM  all    0.12    0.00   14.36    0.00    0.25   11.36    0.00    0.00    0.00   73.91
12:12:49 AM    0    1.00    0.00   57.00    0.00    0.00   42.00    0.00    0.00    0.00    0.00
12:12:49 AM    1    0.00    0.00   58.00    0.00    1.00   41.00    0.00    0.00    0.00    0.00
12:12:49 AM    2    0.00    0.00    0.00    0.00    0.00    4.00    0.00    0.00    0.00   96.00
12:12:49 AM    3    0.00    0.00    0.00    0.00    0.99    3.96    0.00    0.00    0.00   95.05
12:12:49 AM    4    0.00    0.00    0.00    0.00    0.00    0.00    0.00    0.00    0.00  100.00
12:12:49 AM    5    0.00    0.00    0.00    0.00    0.00    0.00    0.00    0.00    0.00  100.00
12:12:49 AM    6    0.00    0.00    0.00    0.00    0.00    0.00    0.00    0.00    0.00  100.00
12:12:49 AM    7    0.00    0.00    0.00    0.00    0.00    0.00    0.00    0.00    0.00  100.00

12:12:49 AM  CPU    %usr   %nice    %sys %iowait    %irq   %soft  %steal  %guest  %gnice   %idle
12:12:50 AM  all    0.13    0.00   14.27    0.00    0.13   11.64    0.00    0.00    0.00   73.84
12:12:50 AM    0    0.00    0.00   58.42    0.00    0.99   40.59    0.00    0.00    0.00    0.00
12:12:50 AM    1    1.00    0.00   55.00    0.00    0.00   44.00    0.00    0.00    0.00    0.00
12:12:50 AM    2    0.00    0.00    0.00    0.00    0.00    4.04    0.00    0.00    0.00   95.96
12:12:50 AM    3    0.00    0.00    0.00    0.00    0.00    4.04    0.00    0.00    0.00   95.96
12:12:50 AM    4    0.00    0.00    0.00    0.00    0.00    0.00    0.00    0.00    0.00  100.00
12:12:50 AM    5    0.00    0.00    0.00    0.00    0.00    0.00    0.00    0.00    0.00  100.00
12:12:50 AM    6    0.00    0.00    0.00    0.00    0.00    0.00    0.00    0.00    0.00  100.00
12:12:50 AM    7    0.00    0.00    0.00    0.00    0.00    0.00    0.00    0.00    0.00  100.00

12:12:50 AM  CPU    %usr   %nice    %sys %iowait    %irq   %soft  %steal  %guest  %gnice   %idle
12:12:51 AM  all    0.12    0.00   14.12    0.00    0.25   11.75    0.00    0.00    0.00   73.75
12:12:51 AM    0    1.01    0.00   57.58    0.00    0.00   41.41    0.00    0.00    0.00    0.00
12:12:51 AM    1    0.00    0.00   56.00    0.00    1.00   43.00    0.00    0.00    0.00    0.00
12:12:51 AM    2    0.00    0.00    0.00    0.00    0.99    4.95    0.00    0.00    0.00   94.06
12:12:51 AM    3    0.00    0.00    0.00    0.00    0.00    5.00    0.00    0.00    0.00   95.00
12:12:51 AM    4    0.00    0.00    0.00    0.00    0.00    0.00    0.00    0.00    0.00  100.00
12:12:51 AM    5    0.00    0.00    0.00    0.00    0.00    0.00    0.00    0.00    0.00  100.00
12:12:51 AM    6    0.00    0.00    0.00    0.00    0.00    0.00    0.00    0.00    0.00  100.00
12:12:51 AM    7    0.00    0.00    0.00    0.00    0.00    0.00    0.00    0.00    0.00  100.00

12:12:51 AM  CPU    %usr   %nice    %sys %iowait    %irq   %soft  %steal  %guest  %gnice   %idle
12:12:52 AM  all    0.25    0.00   14.27    0.00    0.13   11.51    0.00    0.00    0.00   73.84
12:12:52 AM    0    0.99    0.00   56.44    0.00    0.99   41.58    0.00    0.00    0.00    0.00
12:12:52 AM    1    1.00    0.00   57.00    0.00    0.00   42.00    0.00    0.00    0.00    0.00
12:12:52 AM    2    0.00    0.00    0.00    0.00    0.00    4.04    0.00    0.00    0.00   95.96
12:12:52 AM    3    0.00    0.00    0.00    0.00    0.00    4.04    0.00    0.00    0.00   95.96
12:12:52 AM    4    0.00    0.00    0.00    0.00    0.00    0.00    0.00    0.00    0.00  100.00
12:12:52 AM    5    0.00    0.00    0.00    0.00    0.00    0.00    0.00    0.00    0.00  100.00
12:12:52 AM    6    0.00    0.00    0.00    0.00    0.00    0.00    0.00    0.00    0.00  100.00
12:12:52 AM    7    0.00    0.00    0.00    0.00    0.00    0.00    0.00    0.00    0.00  100.00

12:12:52 AM  CPU    %usr   %nice    %sys %iowait    %irq   %soft  %steal  %guest  %gnice   %idle
12:12:53 AM  all    0.13    0.00   14.41    0.00    0.25   11.28    0.00    0.00    0.00   73.93
12:12:53 AM    0    0.00    0.00   58.59    0.00    0.00   41.41    0.00    0.00    0.00    0.00
12:12:53 AM    1    1.00    0.00   57.00    0.00    1.00   41.00    0.00    0.00    0.00    0.00
12:12:53 AM    2    0.00    0.00    0.00    0.00    0.00    4.04    0.00    0.00    0.00   95.96
12:12:53 AM    3    0.00    0.00    0.00    0.00    1.00    4.00    0.00    0.00    0.00   95.00
12:12:53 AM    4    0.00    0.00    0.00    0.00    0.00    0.00    0.00    0.00    0.00  100.00
12:12:53 AM    5    0.00    0.00    0.00    0.00    0.00    0.00    0.00    0.00    0.00  100.00
12:12:53 AM    6    0.00    0.00    0.00    0.00    0.00    0.00    0.00    0.00    0.00  100.00
12:12:53 AM    7    0.00    0.00    0.00    0.00    0.00    0.00    0.00    0.00    0.00  100.00

12:12:53 AM  CPU    %usr   %nice    %sys %iowait    %irq   %soft  %steal  %guest  %gnice   %idle
12:12:54 AM  all    0.00    0.00   14.50    0.00    0.25   11.25    0.00    0.00    0.00   74.00
12:12:54 AM    0    0.00    0.00   58.00    0.00    1.00   41.00    0.00    0.00    0.00    0.00
12:12:54 AM    1    0.00    0.00   58.59    0.00    0.00   41.41    0.00    0.00    0.00    0.00
12:12:54 AM    2    0.00    0.00    0.00    0.00    0.99    3.96    0.00    0.00    0.00   95.05
12:12:54 AM    3    0.00    0.00    0.00    0.00    0.00    4.00    0.00    0.00    0.00   96.00
12:12:54 AM    4    0.00    0.00    0.00    0.00    0.00    0.00    0.00    0.00    0.00  100.00
12:12:54 AM    5    0.00    0.00    0.00    0.00    0.00    0.00    0.00    0.00    0.00  100.00
12:12:54 AM    6    0.00    0.00    0.00    0.00    0.00    0.00    0.00    0.00    0.00  100.00
12:12:54 AM    7    0.00    0.00    0.00    0.00    0.00    0.00    0.00    0.00    0.00  100.00

12:12:54 AM  CPU    %usr   %nice    %sys %iowait    %irq   %soft  %steal  %guest  %gnice   %idle
12:12:55 AM  all    0.25    0.00   14.39    0.00    0.00   11.39    0.00    0.00    0.00   73.97
12:12:55 AM    0    1.00    0.00   57.00    0.00    0.00   42.00    0.00    0.00    0.00    0.00
12:12:55 AM    1    0.99    0.00   57.43    0.00    0.00   41.58    0.00    0.00    0.00    0.00
12:12:55 AM    2    0.00    0.00    0.00    0.00    0.00    4.04    0.00    0.00    0.00   95.96
12:12:55 AM    3    0.00    0.00    0.00    0.00    0.00    3.03    0.00    0.00    0.00   96.97
12:12:55 AM    4    0.00    0.00    0.00    0.00    0.00    0.00    0.00    0.00    0.00  100.00
12:12:55 AM    5    0.00    0.00    0.00    0.00    0.00    0.00    0.00    0.00    0.00  100.00
12:12:55 AM    6    0.00    0.00    0.00    0.00    0.00    0.00    0.00    0.00    0.00  100.00
12:12:55 AM    7    0.00    0.00    0.00    0.00    0.00    0.00    0.00    0.00    0.00  100.00

12:12:55 AM  CPU    %usr   %nice    %sys %iowait    %irq   %soft  %steal  %guest  %gnice   %idle
12:12:56 AM  all    0.12    0.00   14.29    0.00    0.37   11.43    0.00    0.00    0.00   73.79
12:12:56 AM    0    0.98    0.00   56.86    0.00    0.98   41.18    0.00    0.00    0.00    0.00
12:12:56 AM    1    0.00    0.00   57.00    0.00    1.00   42.00    0.00    0.00    0.00    0.00
12:12:56 AM    2    0.00    0.00    0.00    0.00    0.00    4.00    0.00    0.00    0.00   96.00
12:12:56 AM    3    0.00    0.00    0.00    0.00    1.00    4.00    0.00    0.00    0.00   95.00
12:12:56 AM    4    0.00    0.00    0.00    0.00    0.00    0.00    0.00    0.00    0.00  100.00
12:12:56 AM    5    0.00    0.00    0.00    0.00    0.00    0.00    0.00    0.00    0.00  100.00
12:12:56 AM    6    0.00    0.00    0.00    0.00    0.00    0.00    0.00    0.00    0.00  100.00
12:12:56 AM    7    0.00    0.00    0.00    0.00    0.00    0.00    0.00    0.00    0.00  100.00

12:12:56 AM  CPU    %usr   %nice    %sys %iowait    %irq   %soft  %steal  %guest  %gnice   %idle
12:12:57 AM  all    0.12    0.00   14.37    0.00    0.12   11.25    0.00    0.00    0.00   74.12
12:12:57 AM    0    0.00    0.00   58.16    0.00    0.00   41.84    0.00    0.00    0.00    0.00
12:12:57 AM    1    1.00    0.00   58.00    0.00    0.00   41.00    0.00    0.00    0.00    0.00
12:12:57 AM    2    0.00    0.00    0.00    0.00    0.99    3.96    0.00    0.00    0.00   95.05
12:12:57 AM    3    0.00    0.00    0.00    0.00    0.00    4.00    0.00    0.00    0.00   96.00
12:12:57 AM    4    0.00    0.00    0.00    0.00    0.00    0.00    0.00    0.00    0.00  100.00
12:12:57 AM    5    0.00    0.00    0.00    0.00    0.00    0.00    0.00    0.00    0.00  100.00
12:12:57 AM    6    0.00    0.00    0.00    0.00    0.00    0.00    0.00    0.00    0.00  100.00
12:12:57 AM    7    0.00    0.00    0.00    0.00    0.00    0.00    0.00    0.00    0.00  100.00

12:12:57 AM  CPU    %usr   %nice    %sys %iowait    %irq   %soft  %steal  %guest  %gnice   %idle
12:12:58 AM  all    0.25    0.00   14.25    0.00    0.25   11.38    0.00    0.00    0.00   73.88
12:12:58 AM    0    0.99    0.00   58.42    0.00    0.99   39.60    0.00    0.00    0.00    0.00
12:12:58 AM    1    1.00    0.00   55.00    0.00    1.00   43.00    0.00    0.00    0.00    0.00
12:12:58 AM    2    0.00    0.00    0.00    0.00    0.00    4.04    0.00    0.00    0.00   95.96
12:12:58 AM    3    0.00    0.00    0.00    0.00    0.00    4.00    0.00    0.00    0.00   96.00
12:12:58 AM    4    0.00    0.00    0.00    0.00    0.00    0.00    0.00    0.00    0.00  100.00
12:12:58 AM    5    0.00    0.00    0.00    0.00    0.00    0.00    0.00    0.00    0.00  100.00
12:12:58 AM    6    0.00    0.00    0.00    0.00    0.00    0.00    0.00    0.00    0.00  100.00
12:12:58 AM    7    0.00    0.00    0.00    0.00    0.00    0.00    0.00    0.00    0.00  100.00

12:12:58 AM  CPU    %usr   %nice    %sys %iowait    %irq   %soft  %steal  %guest  %gnice   %idle
12:12:59 AM  all    0.25    0.00   14.29    0.00    0.00   11.28    0.00    0.00    0.00   74.19
12:12:59 AM    0    1.00    0.00   57.00    0.00    0.00   42.00    0.00    0.00    0.00    0.00
12:12:59 AM    1    1.00    0.00   57.00    0.00    0.00   42.00    0.00    0.00    0.00    0.00
12:12:59 AM    2    0.00    0.00    0.00    0.00    0.00    3.03    0.00    0.00    0.00   96.97
12:12:59 AM    3    0.00    0.00    0.00    0.00    0.00    3.03    0.00    0.00    0.00   96.97
12:12:59 AM    4    0.00    0.00    0.00    0.00    0.00    0.00    0.00    0.00    0.00  100.00
12:12:59 AM    5    0.00    0.00    0.00    0.00    0.00    0.00    0.00    0.00    0.00  100.00
12:12:59 AM    6    0.00    0.00    0.00    0.00    0.00    0.00    0.00    0.00    0.00  100.00
12:12:59 AM    7    0.00    0.00    0.00    0.00    0.00    0.00    0.00    0.00    0.00  100.00

12:12:59 AM  CPU    %usr   %nice    %sys %iowait    %irq   %soft  %steal  %guest  %gnice   %idle
12:13:00 AM  all    0.00    0.00   14.23    0.00    0.37   11.49    0.00    0.00    0.00   73.91
12:13:00 AM    0    0.00    0.00   57.00    0.00    1.00   42.00    0.00    0.00    0.00    0.00
12:13:00 AM    1    0.00    0.00   57.00    0.00    1.00   42.00    0.00    0.00    0.00    0.00
12:13:00 AM    2    0.00    0.00    0.00    0.00    0.00    4.00    0.00    0.00    0.00   96.00
12:13:00 AM    3    0.00    0.00    0.00    0.00    0.99    3.96    0.00    0.00    0.00   95.05
12:13:00 AM    4    0.00    0.00    0.00    0.00    0.00    0.00    0.00    0.00    0.00  100.00
12:13:00 AM    5    0.00    0.00    0.00    0.00    0.00    0.00    0.00    0.00    0.00  100.00
12:13:00 AM    6    0.00    0.00    0.00    0.00    0.00    0.00    0.00    0.00    0.00  100.00
12:13:00 AM    7    0.00    0.00    0.00    0.00    0.00    0.00    0.00    0.00    0.00  100.00

12:13:00 AM  CPU    %usr   %nice    %sys %iowait    %irq   %soft  %steal  %guest  %gnice   %idle
12:13:01 AM  all    0.25    0.00   14.37    0.00    0.12   11.50    0.00    0.00    0.00   73.75
12:13:01 AM    0    1.00    0.00   57.00    0.00    0.00   42.00    0.00    0.00    0.00    0.00
12:13:01 AM    1    0.99    0.00   57.43    0.00    0.00   41.58    0.00    0.00    0.00    0.00
12:13:01 AM    2    0.00    0.00    0.00    0.00    1.00    4.00    0.00    0.00    0.00   95.00
12:13:01 AM    3    0.00    0.00    0.00    0.00    0.00    4.04    0.00    0.00    0.00   95.96
12:13:01 AM    4    0.00    0.00    0.00    0.00    0.00    0.00    0.00    0.00    0.00  100.00
12:13:01 AM    5    0.00    0.00    0.00    0.00    0.00    0.00    0.00    0.00    0.00  100.00
12:13:01 AM    6    0.00    0.00    0.00    0.00    0.00    0.00    0.00    0.00    0.00  100.00
12:13:01 AM    7    0.00    0.00    0.00    0.00    0.00    0.00    0.00    0.00    0.00  100.00

12:13:01 AM  CPU    %usr   %nice    %sys %iowait    %irq   %soft  %steal  %guest  %gnice   %idle
12:13:02 AM  all    0.13    0.00   14.29    0.00    0.13   11.28    0.00    0.00    0.00   74.19
12:13:02 AM    0    0.00    0.00   57.00    0.00    0.00   43.00    0.00    0.00    0.00    0.00
12:13:02 AM    1    1.00    0.00   57.00    0.00    1.00   41.00    0.00    0.00    0.00    0.00
12:13:02 AM    2    0.00    0.00    0.00    0.00    0.00    3.03    0.00    0.00    0.00   96.97
12:13:02 AM    3    0.00    0.00    0.00    0.00    0.00    3.03    0.00    0.00    0.00   96.97
12:13:02 AM    4    0.00    0.00    0.00    0.00    0.00    0.00    0.00    0.00    0.00  100.00
12:13:02 AM    5    0.00    0.00    0.00    0.00    0.00    0.00    0.00    0.00    0.00  100.00
12:13:02 AM    6    0.00    0.00    0.00    0.00    0.00    0.00    0.00    0.00    0.00  100.00
12:13:02 AM    7    0.00    0.00    0.00    0.00    0.00    0.00    0.00    0.00    0.00  100.00

12:13:02 AM  CPU    %usr   %nice    %sys %iowait    %irq   %soft  %steal  %guest  %gnice   %idle
12:13:03 AM  all    0.12    0.00   14.34    0.00    0.25   11.35    0.00    0.00    0.00   73.94
12:13:03 AM    0    0.99    0.00   56.44    0.00    0.99   41.58    0.00    0.00    0.00    0.00
12:13:03 AM    1    0.00    0.00   58.00    0.00    0.00   42.00    0.00    0.00    0.00    0.00
12:13:03 AM    2    0.00    0.00    0.00    0.00    0.00    3.00    0.00    0.00    0.00   97.00
12:13:03 AM    3    0.00    0.00    0.00    0.00    0.99    3.96    0.00    0.00    0.00   95.05
12:13:03 AM    4    0.00    0.00    0.00    0.00    0.00    0.00    0.00    0.00    0.00  100.00
12:13:03 AM    5    0.00    0.00    0.00    0.00    0.00    0.00    0.00    0.00    0.00  100.00
12:13:03 AM    6    0.00    0.00    0.00    0.00    0.00    0.00    0.00    0.00    0.00  100.00
12:13:03 AM    7    0.00    0.00    0.00    0.00    0.00    0.00    0.00    0.00    0.00  100.00

12:13:03 AM  CPU    %usr   %nice    %sys %iowait    %irq   %soft  %steal  %guest  %gnice   %idle
12:13:04 AM  all    0.13    0.00   14.29    0.00    0.25   11.28    0.00    0.00    0.00   74.06
12:13:04 AM    0    0.00    0.00   58.16    0.00    0.00   41.84    0.00    0.00    0.00    0.00
12:13:04 AM    1    1.00    0.00   57.00    0.00    1.00   41.00    0.00    0.00    0.00    0.00
12:13:04 AM    2    0.00    0.00    0.00    0.00    1.00    4.00    0.00    0.00    0.00   95.00
12:13:04 AM    3    0.00    0.00    0.00    0.00    0.00    4.00    0.00    0.00    0.00   96.00
12:13:04 AM    4    0.00    0.00    0.00    0.00    0.00    0.00    0.00    0.00    0.00  100.00
12:13:04 AM    5    0.00    0.00    0.00    0.00    0.00    0.00    0.00    0.00    0.00  100.00
12:13:04 AM    6    0.00    0.00    0.00    0.00    0.00    0.00    0.00    0.00    0.00  100.00
12:13:04 AM    7    0.00    0.00    0.00    0.00    0.00    0.00    0.00    0.00    0.00  100.00

12:13:04 AM  CPU    %usr   %nice    %sys %iowait    %irq   %soft  %steal  %guest  %gnice   %idle
12:13:05 AM  all    0.00    0.00   14.52    0.00    0.13   11.39    0.00    0.00    0.00   73.97
12:13:05 AM    0    0.00    0.00   58.00    0.00    1.00   41.00    0.00    0.00    0.00    0.00
12:13:05 AM    1    0.00    0.00   58.00    0.00    0.00   42.00    0.00    0.00    0.00    0.00
12:13:05 AM    2    0.00    0.00    0.00    0.00    0.00    4.00    0.00    0.00    0.00   96.00
12:13:05 AM    3    0.00    0.00    0.00    0.00    0.00    4.04    0.00    0.00    0.00   95.96
12:13:05 AM    4    0.00    0.00    0.00    0.00    0.00    0.00    0.00    0.00    0.00  100.00
12:13:05 AM    5    0.00    0.00    0.00    0.00    0.00    0.00    0.00    0.00    0.00  100.00
12:13:05 AM    6    0.00    0.00    0.00    0.00    0.00    0.00    0.00    0.00    0.00  100.00
12:13:05 AM    7    0.00    0.00    0.00    0.00    0.00    0.00    0.00    0.00    0.00  100.00

12:13:05 AM  CPU    %usr   %nice    %sys %iowait    %irq   %soft  %steal  %guest  %gnice   %idle
12:13:06 AM  all    0.38    0.00   14.14    0.00    0.13   11.39    0.00    0.00    0.00   73.97
12:13:06 AM    0    1.98    0.00   56.44    0.00    0.00   41.58    0.00    0.00    0.00    0.00
12:13:06 AM    1    1.00    0.00   56.00    0.00    1.00   42.00    0.00    0.00    0.00    0.00
12:13:06 AM    2    0.00    0.00    0.00    0.00    0.00    4.04    0.00    0.00    0.00   95.96
12:13:06 AM    3    0.00    0.00    0.00    0.00    0.00    3.03    0.00    0.00    0.00   96.97
12:13:06 AM    4    0.00    0.00    0.00    0.00    0.00    0.00    0.00    0.00    0.00  100.00
12:13:06 AM    5    0.00    0.00    0.00    0.00    0.00    0.00    0.00    0.00    0.00  100.00
12:13:06 AM    6    0.00    0.00    0.00    0.00    0.00    0.00    0.00    0.00    0.00  100.00
12:13:06 AM    7    0.00    0.00    0.00    0.00    0.00    0.00    0.00    0.00    0.00  100.00

12:13:06 AM  CPU    %usr   %nice    %sys %iowait    %irq   %soft  %steal  %guest  %gnice   %idle
12:13:07 AM  all    0.12    0.00   14.36    0.00    0.25   11.11    0.00    0.00    0.00   74.16
12:13:07 AM    0    0.00    0.00   57.00    0.00    1.00   42.00    0.00    0.00    0.00    0.00
12:13:07 AM    1    1.00    0.00   58.00    0.00    0.00   41.00    0.00    0.00    0.00    0.00
12:13:07 AM    2    0.00    0.00    0.00    0.00    0.00    3.00    0.00    0.00    0.00   97.00
12:13:07 AM    3    0.00    0.00    0.00    0.00    0.99    2.97    0.00    0.00    0.00   96.04
12:13:07 AM    4    0.00    0.00    0.00    0.00    0.00    0.00    0.00    0.00    0.00  100.00
12:13:07 AM    5    0.00    0.00    0.00    0.00    0.00    0.00    0.00    0.00    0.00  100.00
12:13:07 AM    6    0.00    0.00    0.00    0.00    0.00    0.00    0.00    0.00    0.00  100.00
12:13:07 AM    7    0.00    0.00    0.00    0.00    0.00    0.00    0.00    0.00    0.00  100.00

12:13:07 AM  CPU    %usr   %nice    %sys %iowait    %irq   %soft  %steal  %guest  %gnice   %idle
12:13:08 AM  all    0.13    0.00   14.16    0.00    0.13   11.40    0.00    0.00    0.00   74.19
12:13:08 AM    0    1.00    0.00   56.00    0.00    0.00   43.00    0.00    0.00    0.00    0.00
12:13:08 AM    1    0.00    0.00   57.58    0.00    0.00   42.42    0.00    0.00    0.00    0.00
12:13:08 AM    2    0.00    0.00    0.00    0.00    1.00    3.00    0.00    0.00    0.00   96.00
12:13:08 AM    3    0.00    0.00    0.00    0.00    0.00    3.03    0.00    0.00    0.00   96.97
12:13:08 AM    4    0.00    0.00    0.00    0.00    0.00    0.00    0.00    0.00    0.00  100.00
12:13:08 AM    5    0.00    0.00    0.00    0.00    0.00    0.00    0.00    0.00    0.00  100.00
12:13:08 AM    6    0.00    0.00    0.00    0.00    0.00    0.00    0.00    0.00    0.00  100.00
12:13:08 AM    7    0.00    0.00    0.00    0.00    0.00    0.00    0.00    0.00    0.00  100.00

12:13:08 AM  CPU    %usr   %nice    %sys %iowait    %irq   %soft  %steal  %guest  %gnice   %idle
12:13:09 AM  all    0.25    0.00   14.21    0.00    0.25   11.22    0.00    0.00    0.00   74.06
12:13:09 AM    0    0.99    0.00   56.44    0.00    0.99   41.58    0.00    0.00    0.00    0.00
12:13:09 AM    1    0.99    0.00   56.44    0.00    0.99   41.58    0.00    0.00    0.00    0.00
12:13:09 AM    2    0.00    0.00    0.00    0.00    0.00    3.00    0.00    0.00    0.00   97.00
12:13:09 AM    3    0.00    0.00    0.00    0.00    0.00    3.00    0.00    0.00    0.00   97.00
12:13:09 AM    4    0.00    0.00    0.00    0.00    0.00    0.00    0.00    0.00    0.00  100.00
12:13:09 AM    5    0.00    0.00    0.00    0.00    0.00    0.00    0.00    0.00    0.00  100.00
12:13:09 AM    6    0.00    0.00    0.00    0.00    0.00    0.00    0.00    0.00    0.00  100.00
12:13:09 AM    7    0.00    0.00    0.00    0.00    0.00    0.00    0.00    0.00    0.00  100.00

12:13:09 AM  CPU    %usr   %nice    %sys %iowait    %irq   %soft  %steal  %guest  %gnice   %idle
12:13:10 AM  all    0.13    0.00   14.20    0.00    0.00   11.31    0.00    0.00    0.00   74.37
12:13:10 AM    0    1.01    0.00   56.57    0.00    0.00   42.42    0.00    0.00    0.00    0.00
12:13:10 AM    1    0.00    0.00   57.58    0.00    0.00   42.42    0.00    0.00    0.00    0.00
12:13:10 AM    2    0.00    0.00    0.00    0.00    0.00    3.03    0.00    0.00    0.00   96.97
12:13:10 AM    3    0.00    0.00    0.00    0.00    0.00    3.03    0.00    0.00    0.00   96.97
12:13:10 AM    4    0.00    0.00    0.00    0.00    0.00    0.00    0.00    0.00    0.00  100.00
12:13:10 AM    5    0.00    0.00    0.00    0.00    0.00    0.00    0.00    0.00    0.00  100.00
12:13:10 AM    6    0.00    0.00    0.00    0.00    0.00    0.00    0.00    0.00    0.00  100.00
12:13:10 AM    7    0.00    0.00    0.00    0.00    0.00    0.00    0.00    0.00    0.00  100.00

12:13:10 AM  CPU    %usr   %nice    %sys %iowait    %irq   %soft  %steal  %guest  %gnice   %idle
12:13:11 AM  all    0.25    0.00   14.21    0.00    0.25   11.60    0.00    0.00    0.00   73.69
12:13:11 AM    0    1.00    0.00   58.00    0.00    0.00   41.00    0.00    0.00    0.00    0.00
12:13:11 AM    1    0.99    0.00   55.45    0.00    0.99   42.57    0.00    0.00    0.00    0.00
12:13:11 AM    2    0.00    0.00    0.00    0.00    0.00    4.00    0.00    0.00    0.00   96.00
12:13:11 AM    3    0.00    0.00    0.00    0.00    0.99    4.95    0.00    0.00    0.00   94.06
12:13:11 AM    4    0.00    0.00    0.00    0.00    0.00    0.00    0.00    0.00    0.00  100.00
12:13:11 AM    5    0.00    0.00    0.00    0.00    0.00    0.00    0.00    0.00    0.00  100.00
12:13:11 AM    6    0.00    0.00    0.00    0.00    0.00    0.00    0.00    0.00    0.00  100.00
12:13:11 AM    7    0.00    0.00    0.00    0.00    0.00    0.00    0.00    0.00    0.00  100.00

12:13:11 AM  CPU    %usr   %nice    %sys %iowait    %irq   %soft  %steal  %guest  %gnice   %idle
12:13:12 AM  all    0.00    0.00   14.29    0.00    0.25   11.40    0.00    0.00    0.00   74.06
12:13:12 AM    0    0.00    0.00   59.00    0.00    1.00   40.00    0.00    0.00    0.00    0.00
12:13:12 AM    1    0.00    0.00   55.56    0.00    0.00   44.44    0.00    0.00    0.00    0.00
12:13:12 AM    2    0.00    0.00    0.00    0.00    1.00    3.00    0.00    0.00    0.00   96.00
12:13:12 AM    3    0.00    0.00    0.00    0.00    0.00    4.04    0.00    0.00    0.00   95.96
12:13:12 AM    4    0.00    0.00    0.00    0.00    0.00    0.00    0.00    0.00    0.00  100.00
12:13:12 AM    5    0.00    0.00    0.00    0.00    0.00    0.00    0.00    0.00    0.00  100.00
12:13:12 AM    6    0.00    0.00    0.00    0.00    0.00    0.00    0.00    0.00    0.00  100.00
12:13:12 AM    7    0.00    0.00    0.00    0.00    0.00    0.00    0.00    0.00    0.00  100.00

12:13:12 AM  CPU    %usr   %nice    %sys %iowait    %irq   %soft  %steal  %guest  %gnice   %idle
12:13:13 AM  all    0.00    0.00   14.54    0.00    0.13   11.53    0.00    0.00    0.00   73.81
12:13:13 AM    0    0.00    0.00   56.57    0.00    0.00   43.43    0.00    0.00    0.00    0.00
12:13:13 AM    1    0.00    0.00   59.41    0.00    0.99   39.60    0.00    0.00    0.00    0.00
12:13:13 AM    2    0.00    0.00    0.00    0.00    0.00    5.05    0.00    0.00    0.00   94.95
12:13:13 AM    3    0.00    0.00    0.00    0.00    0.00    4.04    0.00    0.00    0.00   95.96
12:13:13 AM    4    0.00    0.00    0.00    0.00    0.00    0.00    0.00    0.00    0.00  100.00
12:13:13 AM    5    0.00    0.00    0.00    0.00    0.00    0.00    0.00    0.00    0.00  100.00
12:13:13 AM    6    0.00    0.00    0.00    0.00    0.00    0.00    0.00    0.00    0.00  100.00
12:13:13 AM    7    0.00    0.00    0.00    0.00    0.00    0.00    0.00    0.00    0.00  100.00

12:13:13 AM  CPU    %usr   %nice    %sys %iowait    %irq   %soft  %steal  %guest  %gnice   %idle
12:13:14 AM  all    0.25    0.00   14.25    0.00    0.25   11.38    0.00    0.00    0.00   73.88
12:13:14 AM    0    0.99    0.00   56.44    0.00    0.99   41.58    0.00    0.00    0.00    0.00
12:13:14 AM    1    1.01    0.00   57.58    0.00    0.00   41.41    0.00    0.00    0.00    0.00
12:13:14 AM    2    0.00    0.00    0.00    0.00    0.00    4.04    0.00    0.00    0.00   95.96
12:13:14 AM    3    0.00    0.00    0.00    0.00    0.99    3.96    0.00    0.00    0.00   95.05
12:13:14 AM    4    0.00    0.00    0.00    0.00    0.00    0.00    0.00    0.00    0.00  100.00
12:13:14 AM    5    0.00    0.00    0.00    0.00    0.00    0.00    0.00    0.00    0.00  100.00
12:13:14 AM    6    0.00    0.00    0.00    0.00    0.00    0.00    0.00    0.00    0.00  100.00
12:13:14 AM    7    0.00    0.00    0.00    0.00    0.00    0.00    0.00    0.00    0.00  100.00

12:13:14 AM  CPU    %usr   %nice    %sys %iowait    %irq   %soft  %steal  %guest  %gnice   %idle
12:13:15 AM  all    0.00    0.00   14.34    0.00    0.25   11.85    0.00    0.00    0.00   73.57
12:13:15 AM    0    0.00    0.00   57.00    0.00    0.00   43.00    0.00    0.00    0.00    0.00
12:13:15 AM    1    0.00    0.00   57.43    0.00    0.99   41.58    0.00    0.00    0.00    0.00
12:13:15 AM    2    0.00    0.00    0.00    0.00    0.99    4.95    0.00    0.00    0.00   94.06
12:13:15 AM    3    0.00    0.00    0.00    0.00    0.00    5.00    0.00    0.00    0.00   95.00
12:13:15 AM    4    0.00    0.00    0.00    0.00    0.00    0.00    0.00    0.00    0.00  100.00
12:13:15 AM    5    0.00    0.00    0.00    0.00    0.00    0.00    0.00    0.00    0.00  100.00
12:13:15 AM    6    0.00    0.00    0.00    0.00    0.00    0.00    0.00    0.00    0.00  100.00
12:13:15 AM    7    0.00    0.00    0.00    0.00    0.00    0.00    0.00    0.00    0.00  100.00

12:13:15 AM  CPU    %usr   %nice    %sys %iowait    %irq   %soft  %steal  %guest  %gnice   %idle
12:13:16 AM  all    0.25    0.00   14.27    0.00    0.13   11.39    0.00    0.00    0.00   73.97
12:13:16 AM    0    0.99    0.00   56.44    0.00    0.99   41.58    0.00    0.00    0.00    0.00
12:13:16 AM    1    1.01    0.00   57.58    0.00    0.00   41.41    0.00    0.00    0.00    0.00
12:13:16 AM    2    0.00    0.00    0.00    0.00    0.00    4.00    0.00    0.00    0.00   96.00
12:13:16 AM    3    0.00    0.00    0.00    0.00    0.00    4.04    0.00    0.00    0.00   95.96
12:13:16 AM    4    0.00    0.00    0.00    0.00    0.00    0.00    0.00    0.00    0.00  100.00
12:13:16 AM    5    0.00    0.00    0.00    0.00    0.00    0.00    0.00    0.00    0.00  100.00
12:13:16 AM    6    0.00    0.00    0.00    0.00    0.00    0.00    0.00    0.00    0.00  100.00
12:13:16 AM    7    0.00    0.00    0.00    0.00    0.00    0.00    0.00    0.00    0.00  100.00

12:13:16 AM  CPU    %usr   %nice    %sys %iowait    %irq   %soft  %steal  %guest  %gnice   %idle
12:13:17 AM  all    0.13    0.00   14.27    0.00    0.25   11.51    0.00    0.00    0.00   73.84
12:13:17 AM    0    0.00    0.00   57.14    0.00    0.00   42.86    0.00    0.00    0.00    0.00
12:13:17 AM    1    0.99    0.00   56.44    0.00    0.99   41.58    0.00    0.00    0.00    0.00
12:13:17 AM    2    0.00    0.00    0.00    0.00    0.00    4.04    0.00    0.00    0.00   95.96
12:13:17 AM    3    0.00    0.00    0.99    0.00    0.99    3.96    0.00    0.00    0.00   94.06
12:13:17 AM    4    0.00    0.00    0.00    0.00    0.00    0.00    0.00    0.00    0.00  100.00
12:13:17 AM    5    0.00    0.00    0.00    0.00    0.00    0.00    0.00    0.00    0.00  100.00
12:13:17 AM    6    0.00    0.00    0.00    0.00    0.00    0.00    0.00    0.00    0.00  100.00
12:13:17 AM    7    0.00    0.00    0.00    0.00    0.00    0.00    0.00    0.00    0.00  100.00

12:13:17 AM  CPU    %usr   %nice    %sys %iowait    %irq   %soft  %steal  %guest  %gnice   %idle
12:13:18 AM  all    0.25    0.00   14.25    0.00    0.12   11.52    0.00    0.00    0.00   73.85
12:13:18 AM    0    0.98    0.00   56.86    0.00    0.98   41.18    0.00    0.00    0.00    0.00
12:13:18 AM    1    0.99    0.00   56.44    0.00    0.00   42.57    0.00    0.00    0.00    0.00
12:13:18 AM    2    0.00    0.00    0.00    0.00    0.00    4.00    0.00    0.00    0.00   96.00
12:13:18 AM    3    0.00    0.00    0.00    0.00    0.00    4.00    0.00    0.00    0.00   96.00
12:13:18 AM    4    0.00    0.00    0.00    0.00    0.00    0.00    0.00    0.00    0.00  100.00
12:13:18 AM    5    0.00    0.00    0.00    0.00    0.00    0.00    0.00    0.00    0.00  100.00
12:13:18 AM    6    0.00    0.00    0.00    0.00    0.00    0.00    0.00    0.00    0.00  100.00
12:13:18 AM    7    0.00    0.00    0.00    0.00    0.00    0.00    0.00    0.00    0.00  100.00

12:13:18 AM  CPU    %usr   %nice    %sys %iowait    %irq   %soft  %steal  %guest  %gnice   %idle
12:13:19 AM  all    0.13    0.00   14.18    0.00    0.13   11.54    0.00    0.00    0.00   74.03
12:13:19 AM    0    1.01    0.00   56.57    0.00    0.00   42.42    0.00    0.00    0.00    0.00
12:13:19 AM    1    0.00    0.00   58.16    0.00    0.00   41.84    0.00    0.00    0.00    0.00
12:13:19 AM    2    0.00    0.00    0.00    0.00    1.00    4.00    0.00    0.00    0.00   95.00
12:13:19 AM    3    0.00    0.00    0.00    0.00    0.00    5.00    0.00    0.00    0.00   95.00
12:13:19 AM    4    0.00    0.00    0.00    0.00    0.00    0.00    0.00    0.00    0.00  100.00
12:13:19 AM    5    0.00    0.00    0.00    0.00    0.00    0.00    0.00    0.00    0.00  100.00
12:13:19 AM    6    0.00    0.00    0.00    0.00    0.00    0.00    0.00    0.00    0.00  100.00
12:13:19 AM    7    0.00    0.00    0.00    0.00    0.00    0.00    0.00    0.00    0.00  100.00

12:13:19 AM  CPU    %usr   %nice    %sys %iowait    %irq   %soft  %steal  %guest  %gnice   %idle
12:13:20 AM  all    0.12    0.00   14.23    0.00    0.25   11.74    0.00    0.00    0.00   73.66
12:13:20 AM    0    0.00    0.00   57.43    0.00    0.99   41.58    0.00    0.00    0.00    0.00
12:13:20 AM    1    0.99    0.00   55.45    0.00    0.99   42.57    0.00    0.00    0.00    0.00
12:13:20 AM    2    0.00    0.00    0.00    0.00    0.00    5.00    0.00    0.00    0.00   95.00
12:13:20 AM    3    0.00    0.00    0.00    0.00    0.00    4.04    0.00    0.00    0.00   95.96
12:13:20 AM    4    0.00    0.00    0.00    0.00    0.00    0.00    0.00    0.00    0.00  100.00
12:13:20 AM    5    0.00    0.00    0.00    0.00    0.00    0.00    0.00    0.00    0.00  100.00
12:13:20 AM    6    0.00    0.00    0.00    0.00    0.00    0.00    0.00    0.00    0.00  100.00
12:13:20 AM    7    0.00    0.00    0.00    0.00    0.00    0.00    0.00    0.00    0.00  100.00

12:13:20 AM  CPU    %usr   %nice    %sys %iowait    %irq   %soft  %steal  %guest  %gnice   %idle
12:13:21 AM  all    0.13    0.00   14.29    0.00    0.13   11.53    0.00    0.00    0.00   73.93
12:13:21 AM    0    0.00    0.00   57.00    0.00    0.00   43.00    0.00    0.00    0.00    0.00
12:13:21 AM    1    1.01    0.00   57.58    0.00    0.00   41.41    0.00    0.00    0.00    0.00
12:13:21 AM    2    0.00    0.00    0.00    0.00    0.00    4.04    0.00    0.00    0.00   95.96
12:13:21 AM    3    0.00    0.00    0.00    0.00    1.00    4.00    0.00    0.00    0.00   95.00
12:13:21 AM    4    0.00    0.00    0.00    0.00    0.00    0.00    0.00    0.00    0.00  100.00
12:13:21 AM    5    0.00    0.00    0.00    0.00    0.00    0.00    0.00    0.00    0.00  100.00
12:13:21 AM    6    0.00    0.00    0.00    0.00    0.00    0.00    0.00    0.00    0.00  100.00
12:13:21 AM    7    0.00    0.00    0.00    0.00    0.00    0.00    0.00    0.00    0.00  100.00

12:13:21 AM  CPU    %usr   %nice    %sys %iowait    %irq   %soft  %steal  %guest  %gnice   %idle
12:13:22 AM  all    0.12    0.00   14.20    0.00    0.37   11.58    0.00    0.00    0.00   73.72
12:13:22 AM    0    1.00    0.00   55.00    0.00    1.00   43.00    0.00    0.00    0.00    0.00
12:13:22 AM    1    0.00    0.00   57.84    0.00    0.98   41.18    0.00    0.00    0.00    0.00
12:13:22 AM    2    0.00    0.00    0.00    0.00    0.99    3.96    0.00    0.00    0.00   95.05
12:13:22 AM    3    0.00    0.00    0.00    0.00    0.00    4.00    0.00    0.00    0.00   96.00
12:13:22 AM    4    0.00    0.00    0.00    0.00    0.00    0.00    0.00    0.00    0.00  100.00
12:13:22 AM    5    0.00    0.00    0.00    0.00    0.00    0.00    0.00    0.00    0.00  100.00
12:13:22 AM    6    0.00    0.00    0.00    0.00    0.00    0.00    0.00    0.00    0.00  100.00
12:13:22 AM    7    0.00    0.00    0.00    0.00    0.00    0.00    0.00    0.00    0.00  100.00

12:13:22 AM  CPU    %usr   %nice    %sys %iowait    %irq   %soft  %steal  %guest  %gnice   %idle
12:13:23 AM  all    0.00    0.00   14.47    0.00    0.00   11.19    0.00    0.00    0.00   74.34
12:13:23 AM    0    0.00    0.00   58.59    0.00    0.00   41.41    0.00    0.00    0.00    0.00
12:13:23 AM    1    0.00    0.00   58.16    0.00    0.00   41.84    0.00    0.00    0.00    0.00
12:13:23 AM    2    0.00    0.00    0.00    0.00    0.00    3.03    0.00    0.00    0.00   96.97
12:13:23 AM    3    0.00    0.00    0.00    0.00    0.00    4.04    0.00    0.00    0.00   95.96
12:13:23 AM    4    0.00    0.00    0.00    0.00    0.00    0.00    0.00    0.00    0.00  100.00
12:13:23 AM    5    0.00    0.00    0.00    0.00    0.00    0.00    0.00    0.00    0.00  100.00
12:13:23 AM    6    0.00    0.00    0.00    0.00    0.00    0.00    0.00    0.00    0.00  100.00
12:13:23 AM    7    0.00    0.00    0.00    0.00    0.00    0.00    0.00    0.00    0.00  100.00

12:13:23 AM  CPU    %usr   %nice    %sys %iowait    %irq   %soft  %steal  %guest  %gnice   %idle
12:13:24 AM  all    0.25    0.00   14.45    0.00    0.25   11.46    0.00    0.00    0.00   73.60
12:13:24 AM    0    0.99    0.00   57.43    0.00    0.00   41.58    0.00    0.00    0.00    0.00
12:13:24 AM    1    0.98    0.00   56.86    0.00    0.98   41.18    0.00    0.00    0.00    0.00
12:13:24 AM    2    0.00    0.00    0.00    0.00    0.00    4.04    0.00    0.00    0.00   95.96
12:13:24 AM    3    0.00    0.00    0.00    0.00    0.99    3.96    0.00    0.00    0.00   95.05
12:13:24 AM    4    0.00    0.00    0.00    0.00    0.00    0.00    0.00    0.00    0.00  100.00
12:13:24 AM    5    0.00    0.00    0.00    0.00    0.00    0.00    0.00    0.00    0.00  100.00
12:13:24 AM    6    0.00    0.00    0.00    0.00    0.00    0.00    0.00    0.00    0.00  100.00
12:13:24 AM    7    0.00    0.00    0.00    0.00    0.00    0.00    0.00    0.00    0.00  100.00

12:13:24 AM  CPU    %usr   %nice    %sys %iowait    %irq   %soft  %steal  %guest  %gnice   %idle
12:13:25 AM  all    0.00    0.00   14.27    0.00    0.25   11.64    0.00    0.00    0.00   73.84
12:13:25 AM    0    0.00    0.00   57.00    0.00    1.00   42.00    0.00    0.00    0.00    0.00
12:13:25 AM    1    0.00    0.00   57.58    0.00    0.00   42.42    0.00    0.00    0.00    0.00
12:13:25 AM    2    0.00    0.00    0.00    0.00    0.99    4.95    0.00    0.00    0.00   94.06
12:13:25 AM    3    0.00    0.00    0.00    0.00    0.00    4.04    0.00    0.00    0.00   95.96
12:13:25 AM    4    0.00    0.00    0.00    0.00    0.00    0.00    0.00    0.00    0.00  100.00
12:13:25 AM    5    0.00    0.00    0.00    0.00    0.00    0.00    0.00    0.00    0.00  100.00
12:13:25 AM    6    0.00    0.00    0.00    0.00    0.00    0.00    0.00    0.00    0.00  100.00
12:13:25 AM    7    0.00    0.00    0.00    0.00    0.00    0.00    0.00    0.00    0.00  100.00

12:13:25 AM  CPU    %usr   %nice    %sys %iowait    %irq   %soft  %steal  %guest  %gnice   %idle
12:13:26 AM  all    0.00    0.00   14.39    0.00    0.13   11.51    0.00    0.00    0.00   73.97
12:13:26 AM    0    0.00    0.00   58.59    0.00    0.00   41.41    0.00    0.00    0.00    0.00
12:13:26 AM    1    0.00    0.00   56.44    0.00    0.99   42.57    0.00    0.00    0.00    0.00
12:13:26 AM    2    0.00    0.00    0.00    0.00    0.00    4.00    0.00    0.00    0.00   96.00
12:13:26 AM    3    0.00    0.00    0.00    0.00    0.00    4.04    0.00    0.00    0.00   95.96
12:13:26 AM    4    0.00    0.00    0.00    0.00    0.00    0.00    0.00    0.00    0.00  100.00
12:13:26 AM    5    0.00    0.00    0.00    0.00    0.00    0.00    0.00    0.00    0.00  100.00
12:13:26 AM    6    0.00    0.00    0.00    0.00    0.00    0.00    0.00    0.00    0.00  100.00
12:13:26 AM    7    0.00    0.00    0.00    0.00    0.00    0.00    0.00    0.00    0.00  100.00

12:13:26 AM  CPU    %usr   %nice    %sys %iowait    %irq   %soft  %steal  %guest  %gnice   %idle
12:13:27 AM  all    0.25    0.00   14.37    0.00    0.12   11.38    0.00    0.00    0.00   73.88
12:13:27 AM    0    0.98    0.00   56.86    0.00    0.98   41.18    0.00    0.00    0.00    0.00
12:13:27 AM    1    1.00    0.00   57.00    0.00    0.00   42.00    0.00    0.00    0.00    0.00
12:13:27 AM    2    0.00    0.00    0.00    0.00    0.00    3.06    0.00    0.00    0.00   96.94
12:13:27 AM    3    0.00    0.00    0.00    0.00    0.00    4.00    0.00    0.00    0.00   96.00
12:13:27 AM    4    0.00    0.00    0.00    0.00    0.00    0.00    0.00    0.00    0.00  100.00
12:13:27 AM    5    0.00    0.00    0.00    0.00    0.00    0.00    0.00    0.00    0.00  100.00
12:13:27 AM    6    0.00    0.00    0.00    0.00    0.00    0.00    0.00    0.00    0.00  100.00
12:13:27 AM    7    0.00    0.00    0.00    0.00    0.00    0.00    0.00    0.00    0.00  100.00

12:13:27 AM  CPU    %usr   %nice    %sys %iowait    %irq   %soft  %steal  %guest  %gnice   %idle
12:13:28 AM  all    0.00    0.00   14.27    0.00    0.25   11.26    0.00    0.00    0.00   74.22
12:13:28 AM    0    0.00    0.00   58.16    0.00    0.00   41.84    0.00    0.00    0.00    0.00
12:13:28 AM    1    0.00    0.00   57.00    0.00    1.00   42.00    0.00    0.00    0.00    0.00
12:13:28 AM    2    0.00    0.00    0.00    0.00    0.00    3.96    0.00    0.00    0.00   96.04
12:13:28 AM    3    0.00    0.00    0.00    0.00    1.00    3.00    0.00    0.00    0.00   96.00
12:13:28 AM    4    0.00    0.00    0.00    0.00    0.00    0.00    0.00    0.00    0.00  100.00
12:13:28 AM    5    0.00    0.00    0.00    0.00    0.00    0.00    0.00    0.00    0.00  100.00
12:13:28 AM    6    0.00    0.00    0.00    0.00    0.00    0.00    0.00    0.00    0.00  100.00
12:13:28 AM    7    0.00    0.00    0.00    0.00    0.00    0.00    0.00    0.00    0.00  100.00

12:13:28 AM  CPU    %usr   %nice    %sys %iowait    %irq   %soft  %steal  %guest  %gnice   %idle
12:13:29 AM  all    0.12    0.00   14.36    0.00    0.25   11.24    0.00    0.00    0.00   74.03
12:13:29 AM    0    0.98    0.00   56.86    0.00    0.98   41.18    0.00    0.00    0.00    0.00
12:13:29 AM    1    0.00    0.00   57.00    0.00    0.00   43.00    0.00    0.00    0.00    0.00
12:13:29 AM    2    0.00    0.00    0.00    0.00    1.01    2.02    0.00    0.00    0.00   96.97
12:13:29 AM    3    0.00    0.00    0.00    0.00    0.00    3.00    0.00    0.00    0.00   97.00
12:13:29 AM    4    0.00    0.00    0.00    0.00    0.00    0.00    0.00    0.00    0.00  100.00
12:13:29 AM    5    0.00    0.00    0.00    0.00    0.00    0.00    0.00    0.00    0.00  100.00
12:13:29 AM    6    0.00    0.00    0.00    0.00    0.00    0.00    0.00    0.00    0.00  100.00
12:13:29 AM    7    0.00    0.00    0.00    0.00    0.00    0.00    0.00    0.00    0.00  100.00

12:13:29 AM  CPU    %usr   %nice    %sys %iowait    %irq   %soft  %steal  %guest  %gnice   %idle
12:13:30 AM  all    0.25    0.00   14.14    0.00    0.00   11.51    0.00    0.00    0.00   74.09
12:13:30 AM    0    1.01    0.00   58.59    0.00    0.00   40.40    0.00    0.00    0.00    0.00
12:13:30 AM    1    1.01    0.00   55.56    0.00    0.00   43.43    0.00    0.00    0.00    0.00
12:13:30 AM    2    0.00    0.00    0.00    0.00    0.00    3.96    0.00    0.00    0.00   96.04
12:13:30 AM    3    0.00    0.00    0.00    0.00    0.00    5.00    0.00    0.00    0.00   95.00
12:13:30 AM    4    0.00    0.00    0.00    0.00    0.00    0.00    0.00    0.00    0.00  100.00
12:13:30 AM    5    0.00    0.00    0.00    0.00    0.00    0.00    0.00    0.00    0.00  100.00
12:13:30 AM    6    0.00    0.00    0.00    0.00    0.00    0.00    0.00    0.00    0.00  100.00
12:13:30 AM    7    0.00    0.00    0.00    0.00    0.00    0.00    0.00    0.00    0.00  100.00

12:13:30 AM  CPU    %usr   %nice    %sys %iowait    %irq   %soft  %steal  %guest  %gnice   %idle
12:13:31 AM  all    0.13    0.00   14.27    0.00    0.25   11.26    0.00    0.00    0.00   74.09
12:13:31 AM    0    0.99    0.00   57.43    0.00    0.99   40.59    0.00    0.00    0.00    0.00
12:13:31 AM    1    0.00    0.00   56.00    0.00    1.00   43.00    0.00    0.00    0.00    0.00
12:13:31 AM    2    0.00    0.00    0.00    0.00    0.00    3.03    0.00    0.00    0.00   96.97
12:13:31 AM    3    0.00    0.00    0.00    0.00    0.00    3.03    0.00    0.00    0.00   96.97
12:13:31 AM    4    0.00    0.00    0.00    0.00    0.00    0.00    0.00    0.00    0.00  100.00
12:13:31 AM    5    0.00    0.00    0.00    0.00    0.00    0.00    0.00    0.00    0.00  100.00
12:13:31 AM    6    0.00    0.00    0.00    0.00    0.00    0.00    0.00    0.00    0.00  100.00
12:13:31 AM    7    0.00    0.00    0.00    0.00    0.00    0.00    0.00    0.00    0.00  100.00

12:13:31 AM  CPU    %usr   %nice    %sys %iowait    %irq   %soft  %steal  %guest  %gnice   %idle
12:13:32 AM  all    0.13    0.00   14.27    0.00    0.25   11.51    0.00    0.00    0.00   73.84
12:13:32 AM    0    0.00    0.00   57.58    0.00    0.00   42.42    0.00    0.00    0.00    0.00
12:13:32 AM    1    1.00    0.00   57.00    0.00    0.00   42.00    0.00    0.00    0.00    0.00
12:13:32 AM    2    0.00    0.00    0.00    0.00    1.00    4.00    0.00    0.00    0.00   95.00
12:13:32 AM    3    0.00    0.00    0.00    0.00    1.00    4.00    0.00    0.00    0.00   95.00
12:13:32 AM    4    0.00    0.00    0.00    0.00    0.00    0.00    0.00    0.00    0.00  100.00
12:13:32 AM    5    0.00    0.00    0.00    0.00    0.00    0.00    0.00    0.00    0.00  100.00
12:13:32 AM    6    0.00    0.00    0.00    0.00    0.00    0.00    0.00    0.00    0.00  100.00
12:13:32 AM    7    0.00    0.00    0.00    0.00    0.00    0.00    0.00    0.00    0.00  100.00

12:13:32 AM  CPU    %usr   %nice    %sys %iowait    %irq   %soft  %steal  %guest  %gnice   %idle
12:13:33 AM  all    0.38    0.00   14.02    0.00    0.25   11.51    0.00    0.00    0.00   73.84
12:13:33 AM    0    2.00    0.00   55.00    0.00    1.00   42.00    0.00    0.00    0.00    0.00
12:13:33 AM    1    1.00    0.00   57.00    0.00    1.00   41.00    0.00    0.00    0.00    0.00
12:13:33 AM    2    0.00    0.00    0.00    0.00    0.00    4.04    0.00    0.00    0.00   95.96
12:13:33 AM    3    0.00    0.00    0.00    0.00    0.00    5.00    0.00    0.00    0.00   95.00
12:13:33 AM    4    0.00    0.00    0.00    0.00    0.00    0.00    0.00    0.00    0.00  100.00
12:13:33 AM    5    0.00    0.00    0.00    0.00    0.00    0.00    0.00    0.00    0.00  100.00
12:13:33 AM    6    0.00    0.00    0.00    0.00    0.00    0.00    0.00    0.00    0.00  100.00
12:13:33 AM    7    0.00    0.00    0.00    0.00    0.00    0.00    0.00    0.00    0.00  100.00

12:13:33 AM  CPU    %usr   %nice    %sys %iowait    %irq   %soft  %steal  %guest  %gnice   %idle
12:13:34 AM  all    0.12    0.00   14.36    0.00    0.00   11.61    0.00    0.00    0.00   73.91
12:13:34 AM    0    0.00    0.00   57.00    0.00    0.00   43.00    0.00    0.00    0.00    0.00
12:13:34 AM    1    0.99    0.00   57.43    0.00    0.00   41.58    0.00    0.00    0.00    0.00
12:13:34 AM    2    0.00    0.00    0.00    0.00    0.00    4.00    0.00    0.00    0.00   96.00
12:13:34 AM    3    0.00    0.00    0.00    0.00    0.00    4.04    0.00    0.00    0.00   95.96
12:13:34 AM    4    0.00    0.00    0.00    0.00    0.00    0.00    0.00    0.00    0.00  100.00
12:13:34 AM    5    0.00    0.00    0.00    0.00    0.00    0.00    0.00    0.00    0.00  100.00
12:13:34 AM    6    0.00    0.00    0.00    0.00    0.00    0.00    0.00    0.00    0.00  100.00
12:13:34 AM    7    0.00    0.00    0.00    0.00    0.00    0.00    0.00    0.00    0.00  100.00

12:13:34 AM  CPU    %usr   %nice    %sys %iowait    %irq   %soft  %steal  %guest  %gnice   %idle
12:13:35 AM  all    0.12    0.00   14.11    0.00    0.25   11.49    0.00    0.00    0.00   74.03
12:13:35 AM    0    1.00    0.00   56.00    0.00    0.00   43.00    0.00    0.00    0.00    0.00
12:13:35 AM    1    0.00    0.00   57.00    0.00    1.00   41.00    0.00    0.00    0.00    1.00
12:13:35 AM    2    0.00    0.00    0.00    0.00    0.00    4.00    0.00    0.00    0.00   96.00
12:13:35 AM    3    0.00    0.00    0.00    0.00    0.99    3.96    0.00    0.00    0.00   95.05
12:13:35 AM    4    0.00    0.00    0.00    0.00    0.00    0.00    0.00    0.00    0.00  100.00
12:13:35 AM    5    0.00    0.00    0.00    0.00    0.00    0.00    0.00    0.00    0.00  100.00
12:13:35 AM    6    0.00    0.00    0.00    0.00    0.00    0.00    0.00    0.00    0.00  100.00
12:13:35 AM    7    0.00    0.00    0.00    0.00    0.00    0.00    0.00    0.00    0.00  100.00

12:13:35 AM  CPU    %usr   %nice    %sys %iowait    %irq   %soft  %steal  %guest  %gnice   %idle
12:13:36 AM  all    0.12    0.00   14.37    0.00    0.25   11.38    0.00    0.00    0.00   73.88
12:13:36 AM    0    0.00    0.00   59.00    0.00    1.00   40.00    0.00    0.00    0.00    0.00
12:13:36 AM    1    0.99    0.00   55.45    0.00    0.00   43.56    0.00    0.00    0.00    0.00
12:13:36 AM    2    0.00    0.00    0.00    0.00    1.00    3.00    0.00    0.00    0.00   96.00
12:13:36 AM    3    0.00    0.00    0.00    0.00    0.00    4.04    0.00    0.00    0.00   95.96
12:13:36 AM    4    0.00    0.00    0.00    0.00    0.00    0.00    0.00    0.00    0.00  100.00
12:13:36 AM    5    0.00    0.00    0.00    0.00    0.00    0.00    0.00    0.00    0.00  100.00
12:13:36 AM    6    0.00    0.00    0.00    0.00    0.00    0.00    0.00    0.00    0.00  100.00
12:13:36 AM    7    0.00    0.00    0.00    0.00    0.00    0.00    0.00    0.00    0.00  100.00

12:13:36 AM  CPU    %usr   %nice    %sys %iowait    %irq   %soft  %steal  %guest  %gnice   %idle
12:13:37 AM  all    0.12    0.00   14.34    0.00    0.12   11.35    0.00    0.00    0.00   74.06
12:13:37 AM    0    0.99    0.00   58.42    0.00    0.00   40.59    0.00    0.00    0.00    0.00
12:13:37 AM    1    0.00    0.00   56.00    0.00    1.00   43.00    0.00    0.00    0.00    0.00
12:13:37 AM    2    0.00    0.00    0.00    0.00    0.00    4.00    0.00    0.00    0.00   96.00
12:13:37 AM    3    0.00    0.00    0.00    0.00    0.00    3.03    0.00    0.00    0.00   96.97
12:13:37 AM    4    0.00    0.00    0.00    0.00    0.00    0.00    0.00    0.00    0.00  100.00
12:13:37 AM    5    0.00    0.00    0.00    0.00    0.00    0.00    0.00    0.00    0.00  100.00
12:13:37 AM    6    0.00    0.00    0.00    0.00    0.00    0.00    0.00    0.00    0.00  100.00
12:13:37 AM    7    0.00    0.00    0.00    0.00    0.00    0.00    0.00    0.00    0.00  100.00

12:13:37 AM  CPU    %usr   %nice    %sys %iowait    %irq   %soft  %steal  %guest  %gnice   %idle
12:13:38 AM  all    0.13    0.00   14.39    0.00    0.25   11.26    0.00    0.00    0.00   73.97
12:13:38 AM    0    0.00    0.00   57.58    0.00    1.01   41.41    0.00    0.00    0.00    0.00
12:13:38 AM    1    1.00    0.00   58.00    0.00    0.00   41.00    0.00    0.00    0.00    0.00
12:13:38 AM    2    0.00    0.00    0.00    0.00    0.00    4.04    0.00    0.00    0.00   95.96
12:13:38 AM    3    0.00    0.00    0.00    0.00    0.99    3.96    0.00    0.00    0.00   95.05
12:13:38 AM    4    0.00    0.00    0.00    0.00    0.00    0.00    0.00    0.00    0.00  100.00
12:13:38 AM    5    0.00    0.00    0.00    0.00    0.00    0.00    0.00    0.00    0.00  100.00
12:13:38 AM    6    0.00    0.00    0.00    0.00    0.00    0.00    0.00    0.00    0.00  100.00
12:13:38 AM    7    0.00    0.00    0.00    0.00    0.00    0.00    0.00    0.00    0.00  100.00

12:13:38 AM  CPU    %usr   %nice    %sys %iowait    %irq   %soft  %steal  %guest  %gnice   %idle
12:13:39 AM  all    0.12    0.00   14.37    0.00    0.25   11.50    0.00    0.00    0.00   73.75
12:13:39 AM    0    1.00    0.00   57.00    0.00    0.00   42.00    0.00    0.00    0.00    0.00
12:13:39 AM    1    0.00    0.00   58.00    0.00    1.00   41.00    0.00    0.00    0.00    0.00
12:13:39 AM    2    0.00    0.00    0.00    0.00    0.99    4.95    0.00    0.00    0.00   94.06
12:13:39 AM    3    0.00    0.00    0.00    0.00    0.00    4.04    0.00    0.00    0.00   95.96
12:13:39 AM    4    0.00    0.00    0.00    0.00    0.00    0.00    0.00    0.00    0.00  100.00
12:13:39 AM    5    0.00    0.00    0.00    0.00    0.00    0.00    0.00    0.00    0.00  100.00
12:13:39 AM    6    0.00    0.00    0.00    0.00    0.00    0.00    0.00    0.00    0.00  100.00
12:13:39 AM    7    0.00    0.00    0.00    0.00    0.00    0.00    0.00    0.00    0.00  100.00

12:13:39 AM  CPU    %usr   %nice    %sys %iowait    %irq   %soft  %steal  %guest  %gnice   %idle
12:13:40 AM  all    0.12    0.00   14.23    0.00    0.12   11.74    0.00    0.00    0.00   73.78
12:13:40 AM    0    0.00    0.00   56.44    0.00    0.99   42.57    0.00    0.00    0.00    0.00
12:13:40 AM    1    1.00    0.00   57.00    0.00    0.00   42.00    0.00    0.00    0.00    0.00
12:13:40 AM    2    0.00    0.00    0.00    0.00    0.00    4.04    0.00    0.00    0.00   95.96
12:13:40 AM    3    0.00    0.00    0.00    0.00    0.00    5.00    0.00    0.00    0.00   95.00
12:13:40 AM    4    0.00    0.00    0.00    0.00    0.00    0.00    0.00    0.00    0.00  100.00
12:13:40 AM    5    0.00    0.00    0.00    0.00    0.00    0.00    0.00    0.00    0.00  100.00
12:13:40 AM    6    0.00    0.00    0.00    0.00    0.00    0.00    0.00    0.00    0.00  100.00
12:13:40 AM    7    0.00    0.00    0.00    0.00    0.00    0.00    0.00    0.00    0.00  100.00

12:13:40 AM  CPU    %usr   %nice    %sys %iowait    %irq   %soft  %steal  %guest  %gnice   %idle
12:13:41 AM  all    0.13    0.00   14.27    0.00    0.13   11.39    0.00    0.00    0.00   74.09
12:13:41 AM    0    0.00    0.00   58.59    0.00    0.00   41.41    0.00    0.00    0.00    0.00
12:13:41 AM    1    1.00    0.00   56.00    0.00    1.00   42.00    0.00    0.00    0.00    0.00
12:13:41 AM    2    0.00    0.00    0.00    0.00    0.00    4.00    0.00    0.00    0.00   96.00
12:13:41 AM    3    0.00    0.00    0.00    0.00    0.00    4.00    0.00    0.00    0.00   96.00
12:13:41 AM    4    0.00    0.00    0.00    0.00    0.00    0.00    0.00    0.00    0.00  100.00
12:13:41 AM    5    0.00    0.00    0.00    0.00    0.00    0.00    0.00    0.00    0.00  100.00
12:13:41 AM    6    0.00    0.00    0.00    0.00    0.00    0.00    0.00    0.00    0.00  100.00
12:13:41 AM    7    0.00    0.00    0.00    0.00    0.00    0.00    0.00    0.00    0.00  100.00

12:13:41 AM  CPU    %usr   %nice    %sys %iowait    %irq   %soft  %steal  %guest  %gnice   %idle
12:13:42 AM  all    0.00    0.00   14.39    0.00    0.25   11.51    0.00    0.00    0.00   73.84
12:13:42 AM    0    0.00    0.00   57.00    0.00    1.00   42.00    0.00    0.00    0.00    0.00
12:13:42 AM    1    0.00    0.00   58.00    0.00    0.00   42.00    0.00    0.00    0.00    0.00
12:13:42 AM    2    0.00    0.00    0.00    0.00    0.00    4.04    0.00    0.00    0.00   95.96
12:13:42 AM    3    0.00    0.00    0.00    0.00    1.00    4.00    0.00    0.00    0.00   95.00
12:13:42 AM    4    0.00    0.00    0.00    0.00    0.00    0.00    0.00    0.00    0.00  100.00
12:13:42 AM    5    0.00    0.00    0.00    0.00    0.00    0.00    0.00    0.00    0.00  100.00
12:13:42 AM    6    0.00    0.00    0.00    0.00    0.00    0.00    0.00    0.00    0.00  100.00
12:13:42 AM    7    0.00    0.00    0.00    0.00    0.00    0.00    0.00    0.00    0.00  100.00

Average:     CPU    %usr   %nice    %sys %iowait    %irq   %soft  %steal  %guest  %gnice   %idle
Average:     all    0.14    0.00   14.24    0.00    0.19   11.39    0.00    0.00    0.00   74.05
Average:       0    0.53    0.00   56.99    0.00    0.47   41.63    0.00    0.00    0.00    0.38
Average:       1    0.55    0.00   56.81    0.00    0.47   41.79    0.00    0.00    0.00    0.38
Average:       2    0.00    0.00    0.00    0.00    0.28    3.81    0.00    0.00    0.00   95.91
Average:       3    0.00    0.00    0.02    0.00    0.28    3.88    0.00    0.00    0.00   95.82
Average:       4    0.00    0.00    0.00    0.00    0.00    0.00    0.00    0.00    0.00  100.00
Average:       5    0.00    0.00    0.00    0.00    0.00    0.00    0.00    0.00    0.00  100.00
Average:       6    0.00    0.00    0.00    0.00    0.00    0.00    0.00    0.00    0.00  100.00
Average:       7    0.00    0.00    0.00    0.00    0.00    0.00    0.00    0.00    0.00  100.00
