Linux 7.0.9 (hp3) 	06/18/2026 	_x86_64_	(8 CPU)

09:40:30 AM  CPU    %usr   %nice    %sys %iowait    %irq   %soft  %steal  %guest  %gnice   %idle
09:40:31 AM  all    0.50    0.00   13.09    0.00    0.25    5.86    0.00    0.00    0.00   80.30
09:40:31 AM    0    2.00    0.00   52.00    0.00    0.00   23.00    0.00    0.00    0.00   23.00
09:40:31 AM    1    2.00    0.00   53.00    0.00    1.00   21.00    0.00    0.00    0.00   23.00
09:40:31 AM    2    0.00    0.00    0.00    0.00    0.00    0.00    0.00    0.00    0.00  100.00
09:40:31 AM    3    0.00    0.00    0.00    0.00    0.99    0.99    0.00    0.00    0.00   98.02
09:40:31 AM    4    0.00    0.00    0.00    0.00    0.00    0.00    0.00    0.00    0.00  100.00
09:40:31 AM    5    0.00    0.00    0.00    0.00    0.00    1.00    0.00    0.00    0.00   99.00
09:40:31 AM    6    0.00    0.00    0.00    0.00    0.00    0.99    0.00    0.00    0.00   99.01
09:40:31 AM    7    0.00    0.00    0.00    0.00    0.00    0.00    0.00    0.00    0.00  100.00

09:40:31 AM  CPU    %usr   %nice    %sys %iowait    %irq   %soft  %steal  %guest  %gnice   %idle
09:40:32 AM  all    1.00    0.00   16.71    0.00    0.12    7.23    0.00    0.00    0.00   74.94
09:40:32 AM    0    3.96    0.00   65.35    0.00    0.99   27.72    0.00    0.00    0.00    1.98
09:40:32 AM    1    3.96    0.00   67.33    0.00    0.00   26.73    0.00    0.00    0.00    1.98
09:40:32 AM    2    0.00    0.00    0.00    0.00    0.00    0.00    0.00    0.00    0.00  100.00
09:40:32 AM    3    0.00    0.00    0.00    0.00    0.00    1.00    0.00    0.00    0.00   99.00
09:40:32 AM    4    0.00    0.00    0.00    0.00    0.00    0.00    0.00    0.00    0.00  100.00
09:40:32 AM    5    0.00    0.00    0.00    0.00    0.00    0.00    0.00    0.00    0.00  100.00
09:40:32 AM    6    0.00    0.00    0.00    0.00    0.00    1.00    0.00    0.00    0.00   99.00
09:40:32 AM    7    0.00    0.00    0.00    0.00    0.00    1.00    0.00    0.00    0.00   99.00

09:40:32 AM  CPU    %usr   %nice    %sys %iowait    %irq   %soft  %steal  %guest  %gnice   %idle
09:40:33 AM  all    1.12    0.00   16.69    0.00    0.00    7.22    0.00    0.00    0.00   74.97
09:40:33 AM    0    4.00    0.00   66.00    0.00    0.00   30.00    0.00    0.00    0.00    0.00
09:40:33 AM    1    4.95    0.00   67.33    0.00    0.00   27.72    0.00    0.00    0.00    0.00
09:40:33 AM    2    0.00    0.00    0.00    0.00    0.00    0.00    0.00    0.00    0.00  100.00
09:40:33 AM    3    0.00    0.00    0.00    0.00    0.00    0.00    0.00    0.00    0.00  100.00
09:40:33 AM    4    0.00    0.00    0.00    0.00    0.00    0.00    0.00    0.00    0.00  100.00
09:40:33 AM    5    0.00    0.00    0.00    0.00    0.00    0.00    0.00    0.00    0.00  100.00
09:40:33 AM    6    0.00    0.00    0.00    0.00    0.00    0.00    0.00    0.00    0.00  100.00
09:40:33 AM    7    0.00    0.00    0.00    0.00    0.00    0.00    0.00    0.00    0.00  100.00

09:40:33 AM  CPU    %usr   %nice    %sys %iowait    %irq   %soft  %steal  %guest  %gnice   %idle
09:40:34 AM  all    0.75    0.00   17.12    0.00    0.00    7.12    0.00    0.00    0.00   75.00
09:40:34 AM    0    2.97    0.00   67.33    0.00    0.00   29.70    0.00    0.00    0.00    0.00
09:40:34 AM    1    3.03    0.00   69.70    0.00    0.00   27.27    0.00    0.00    0.00    0.00
09:40:34 AM    2    0.00    0.00    0.00    0.00    0.00    0.00    0.00    0.00    0.00  100.00
09:40:34 AM    3    0.00    0.00    0.00    0.00    0.00    0.00    0.00    0.00    0.00  100.00
09:40:34 AM    4    0.00    0.00    0.00    0.00    0.00    0.00    0.00    0.00    0.00  100.00
09:40:34 AM    5    0.00    0.00    0.00    0.00    0.00    0.00    0.00    0.00    0.00  100.00
09:40:34 AM    6    0.00    0.00    0.00    0.00    0.00    0.00    0.00    0.00    0.00  100.00
09:40:34 AM    7    0.00    0.00    0.00    0.00    0.00    0.00    0.00    0.00    0.00  100.00

09:40:34 AM  CPU    %usr   %nice    %sys %iowait    %irq   %soft  %steal  %guest  %gnice   %idle
09:40:35 AM  all    1.00    0.00   16.77    0.00    0.13    7.13    0.00    0.00    0.00   74.97
09:40:35 AM    0    4.04    0.00   66.67    0.00    0.00   29.29    0.00    0.00    0.00    0.00
09:40:35 AM    1    3.96    0.00   67.33    0.00    0.99   27.72    0.00    0.00    0.00    0.00
09:40:35 AM    2    0.00    0.00    0.00    0.00    0.00    0.00    0.00    0.00    0.00  100.00
09:40:35 AM    3    0.00    0.00    0.00    0.00    0.00    0.00    0.00    0.00    0.00  100.00
09:40:35 AM    4    0.00    0.00    0.00    0.00    0.00    0.00    0.00    0.00    0.00  100.00
09:40:35 AM    5    0.00    0.00    0.00    0.00    0.00    0.00    0.00    0.00    0.00  100.00
09:40:35 AM    6    0.00    0.00    0.00    0.00    0.00    0.00    0.00    0.00    0.00  100.00
09:40:35 AM    7    0.00    0.00    0.00    0.00    0.00    0.00    0.00    0.00    0.00  100.00

09:40:35 AM  CPU    %usr   %nice    %sys %iowait    %irq   %soft  %steal  %guest  %gnice   %idle
09:40:36 AM  all    0.75    0.00   16.96    0.00    0.12    7.23    0.00    0.00    0.00   74.94
09:40:36 AM    0    2.97    0.00   68.32    0.00    0.99   26.73    0.00    0.00    0.00    0.99
09:40:36 AM    1    3.03    0.00   67.68    0.00    0.00   29.29    0.00    0.00    0.00    0.00
09:40:36 AM    2    0.00    0.00    0.00    0.00    0.00    0.00    0.00    0.00    0.00  100.00
09:40:36 AM    3    0.00    0.00    0.00    0.00    0.00    0.99    0.00    0.00    0.00   99.01
09:40:36 AM    4    0.00    0.00    0.00    0.00    0.00    0.00    0.00    0.00    0.00  100.00
09:40:36 AM    5    0.00    0.00    0.00    0.00    0.00    0.99    0.00    0.00    0.00   99.01
09:40:36 AM    6    0.00    0.00    0.00    0.00    0.00    0.00    0.00    0.00    0.00  100.00
09:40:36 AM    7    0.00    0.00    0.00    0.00    0.00    0.00    0.00    0.00    0.00  100.00

09:40:36 AM  CPU    %usr   %nice    %sys %iowait    %irq   %soft  %steal  %guest  %gnice   %idle
09:40:37 AM  all    0.75    0.00   17.00    0.00    0.00    7.25    0.00    0.00    0.00   75.00
09:40:37 AM    0    3.03    0.00   69.70    0.00    0.00   27.27    0.00    0.00    0.00    0.00
09:40:37 AM    1    3.00    0.00   67.00    0.00    0.00   30.00    0.00    0.00    0.00    0.00
09:40:37 AM    2    0.00    0.00    0.00    0.00    0.00    0.00    0.00    0.00    0.00  100.00
09:40:37 AM    3    0.00    0.00    0.00    0.00    0.00    0.00    0.00    0.00    0.00  100.00
09:40:37 AM    4    0.00    0.00    0.00    0.00    0.00    0.00    0.00    0.00    0.00  100.00
09:40:37 AM    5    0.00    0.00    0.00    0.00    0.00    0.00    0.00    0.00    0.00  100.00
09:40:37 AM    6    0.00    0.00    0.00    0.00    0.00    0.99    0.00    0.00    0.00   99.01
09:40:37 AM    7    0.00    0.00    0.00    0.00    0.00    0.00    0.00    0.00    0.00  100.00

09:40:37 AM  CPU    %usr   %nice    %sys %iowait    %irq   %soft  %steal  %guest  %gnice   %idle
09:40:38 AM  all    1.00    0.00   16.90    0.00    0.00    7.26    0.00    0.00    0.00   74.84
09:40:38 AM    0    4.00    0.00   68.00    0.00    0.00   28.00    0.00    0.00    0.00    0.00
09:40:38 AM    1    3.96    0.00   66.34    0.00    0.00   28.71    0.00    0.00    0.00    0.99
09:40:38 AM    2    0.00    0.00    0.00    0.00    0.00    0.00    0.00    0.00    0.00  100.00
09:40:38 AM    3    0.00    0.00    0.00    0.00    0.00    0.00    0.00    0.00    0.00  100.00
09:40:38 AM    4    0.00    0.00    0.00    0.00    0.00    0.00    0.00    0.00    0.00  100.00
09:40:38 AM    5    0.00    0.00    0.00    0.00    0.00    0.00    0.00    0.00    0.00  100.00
09:40:38 AM    6    0.00    0.00    0.00    0.00    0.00    0.00    0.00    0.00    0.00  100.00
09:40:38 AM    7    0.00    0.00    0.00    0.00    0.00    0.99    0.00    0.00    0.00   99.01

09:40:38 AM  CPU    %usr   %nice    %sys %iowait    %irq   %soft  %steal  %guest  %gnice   %idle
09:40:39 AM  all    0.87    0.00   16.98    0.00    0.12    7.12    0.00    0.00    0.00   74.91
09:40:39 AM    0    3.96    0.00   66.34    0.00    0.00   29.70    0.00    0.00    0.00    0.00
09:40:39 AM    1    3.00    0.00   69.00    0.00    1.00   27.00    0.00    0.00    0.00    0.00
09:40:39 AM    2    0.00    0.00    0.00    0.00    0.00    0.00    0.00    0.00    0.00  100.00
09:40:39 AM    3    0.00    0.00    0.00    0.00    0.00    0.00    0.00    0.00    0.00  100.00
09:40:39 AM    4    0.00    0.00    0.00    0.00    0.00    0.00    0.00    0.00    0.00  100.00
09:40:39 AM    5    0.00    0.00    0.00    0.00    0.00    0.00    0.00    0.00    0.00  100.00
09:40:39 AM    6    0.00    0.00    0.00    0.00    0.00    0.00    0.00    0.00    0.00  100.00
09:40:39 AM    7    0.00    0.00    0.00    0.00    0.00    0.00    0.00    0.00    0.00  100.00

09:40:39 AM  CPU    %usr   %nice    %sys %iowait    %irq   %soft  %steal  %guest  %gnice   %idle
09:40:40 AM  all    0.87    0.00   16.85    0.00    0.12    7.12    0.00    0.00    0.00   75.03
09:40:40 AM    0    3.00    0.00   67.00    0.00    1.00   29.00    0.00    0.00    0.00    0.00
09:40:40 AM    1    4.00    0.00   68.00    0.00    0.00   28.00    0.00    0.00    0.00    0.00
09:40:40 AM    2    0.00    0.00    0.00    0.00    0.00    0.00    0.00    0.00    0.00  100.00
09:40:40 AM    3    0.00    0.00    0.00    0.00    0.00    0.00    0.00    0.00    0.00  100.00
09:40:40 AM    4    0.00    0.00    0.00    0.00    0.00    0.00    0.00    0.00    0.00  100.00
09:40:40 AM    5    0.00    0.00    0.00    0.00    0.00    0.00    0.00    0.00    0.00  100.00
09:40:40 AM    6    0.00    0.00    0.00    0.00    0.00    0.00    0.00    0.00    0.00  100.00
09:40:40 AM    7    0.00    0.00    0.00    0.00    0.00    0.00    0.00    0.00    0.00  100.00

09:40:40 AM  CPU    %usr   %nice    %sys %iowait    %irq   %soft  %steal  %guest  %gnice   %idle
09:40:41 AM  all    0.88    0.00   16.88    0.00    0.00    7.25    0.00    0.00    0.00   75.00
09:40:41 AM    0    4.00    0.00   66.00    0.00    0.00   30.00    0.00    0.00    0.00    0.00
09:40:41 AM    1    3.00    0.00   69.00    0.00    0.00   28.00    0.00    0.00    0.00    0.00
09:40:41 AM    2    0.00    0.00    0.00    0.00    0.00    0.00    0.00    0.00    0.00  100.00
09:40:41 AM    3    0.00    0.00    0.00    0.00    0.00    0.00    0.00    0.00    0.00  100.00
09:40:41 AM    4    0.00    0.00    0.00    0.00    0.00    0.00    0.00    0.00    0.00  100.00
09:40:41 AM    5    0.00    0.00    0.00    0.00    0.00    0.00    0.00    0.00    0.00  100.00
09:40:41 AM    6    0.00    0.00    0.00    0.00    0.00    0.00    0.00    0.00    0.00  100.00
09:40:41 AM    7    0.00    0.00    0.00    0.00    0.00    0.00    0.00    0.00    0.00  100.00

09:40:41 AM  CPU    %usr   %nice    %sys %iowait    %irq   %soft  %steal  %guest  %gnice   %idle
09:40:42 AM  all    0.75    0.00   17.00    0.00    0.00    7.25    0.00    0.00    0.00   75.00
09:40:42 AM    0    3.00    0.00   67.00    0.00    0.00   30.00    0.00    0.00    0.00    0.00
09:40:42 AM    1    3.03    0.00   69.70    0.00    0.00   27.27    0.00    0.00    0.00    0.00
09:40:42 AM    2    0.00    0.00    0.00    0.00    0.00    0.00    0.00    0.00    0.00  100.00
09:40:42 AM    3    0.00    0.00    0.00    0.00    0.00    0.00    0.00    0.00    0.00  100.00
09:40:42 AM    4    0.00    0.00    0.00    0.00    0.00    0.00    0.00    0.00    0.00  100.00
09:40:42 AM    5    0.00    0.00    0.00    0.00    0.00    0.99    0.00    0.00    0.00   99.01
09:40:42 AM    6    0.00    0.00    0.00    0.00    0.00    0.00    0.00    0.00    0.00  100.00
09:40:42 AM    7    0.00    0.00    0.00    0.00    0.00    0.00    0.00    0.00    0.00  100.00

09:40:42 AM  CPU    %usr   %nice    %sys %iowait    %irq   %soft  %steal  %guest  %gnice   %idle
09:40:43 AM  all    1.25    0.00   16.56    0.00    0.12    7.35    0.00    0.00    0.00   74.72
09:40:43 AM    0    5.05    0.00   65.66    0.00    0.00   29.29    0.00    0.00    0.00    0.00
09:40:43 AM    1    4.90    0.00   66.67    0.00    0.98   27.45    0.00    0.00    0.00    0.00
09:40:43 AM    2    0.00    0.00    0.00    0.00    0.00    0.00    0.00    0.00    0.00  100.00
09:40:43 AM    3    0.00    0.00    0.00    0.00    0.00    0.99    0.00    0.00    0.00   99.01
09:40:43 AM    4    0.00    0.00    0.00    0.00    0.00    0.00    0.00    0.00    0.00  100.00
09:40:43 AM    5    0.00    0.00    0.00    0.00    0.00    0.00    0.00    0.00    0.00  100.00
09:40:43 AM    6    0.00    0.00    0.00    0.00    0.00    0.99    0.00    0.00    0.00   99.01
09:40:43 AM    7    0.00    0.00    0.00    0.00    0.00    0.00    0.00    0.00    0.00  100.00

09:40:43 AM  CPU    %usr   %nice    %sys %iowait    %irq   %soft  %steal  %guest  %gnice   %idle
09:40:44 AM  all    1.00    0.00   16.83    0.00    0.12    7.11    0.00    0.00    0.00   74.94
09:40:44 AM    0    3.92    0.00   65.69    0.00    0.98   29.41    0.00    0.00    0.00    0.00
09:40:44 AM    1    4.04    0.00   68.69    0.00    0.00   27.27    0.00    0.00    0.00    0.00
09:40:44 AM    2    0.00    0.00    0.00    0.00    0.00    0.00    0.00    0.00    0.00  100.00
09:40:44 AM    3    0.00    0.00    0.00    0.00    0.00    0.00    0.00    0.00    0.00  100.00
09:40:44 AM    4    0.00    0.00    0.00    0.00    0.00    0.00    0.00    0.00    0.00  100.00
09:40:44 AM    5    0.00    0.00    0.00    0.00    0.00    0.00    0.00    0.00    0.00  100.00
09:40:44 AM    6    0.00    0.00    0.00    0.00    0.00    0.00    0.00    0.00    0.00  100.00
09:40:44 AM    7    0.00    0.00    0.00    0.00    0.00    0.00    0.00    0.00    0.00  100.00

09:40:44 AM  CPU    %usr   %nice    %sys %iowait    %irq   %soft  %steal  %guest  %gnice   %idle
09:40:45 AM  all    0.75    0.00   16.90    0.00    0.00    7.26    0.00    0.00    0.00   75.09
09:40:45 AM    0    3.03    0.00   66.67    0.00    0.00   30.30    0.00    0.00    0.00    0.00
09:40:45 AM    1    3.00    0.00   69.00    0.00    0.00   28.00    0.00    0.00    0.00    0.00
09:40:45 AM    2    0.00    0.00    0.00    0.00    0.00    0.00    0.00    0.00    0.00  100.00
09:40:45 AM    3    0.00    0.00    0.00    0.00    0.00    0.00    0.00    0.00    0.00  100.00
09:40:45 AM    4    0.00    0.00    0.00    0.00    0.00    0.00    0.00    0.00    0.00  100.00
09:40:45 AM    5    0.00    0.00    0.00    0.00    0.00    0.00    0.00    0.00    0.00  100.00
09:40:45 AM    6    0.00    0.00    0.00    0.00    0.00    0.00    0.00    0.00    0.00  100.00
09:40:45 AM    7    0.00    0.00    0.00    0.00    0.00    0.00    0.00    0.00    0.00  100.00

09:40:45 AM  CPU    %usr   %nice    %sys %iowait    %irq   %soft  %steal  %guest  %gnice   %idle
09:40:46 AM  all    1.38    0.00   16.62    0.00    0.00    7.00    0.00    0.00    0.00   75.00
09:40:46 AM    0    5.00    0.00   66.00    0.00    0.00   29.00    0.00    0.00    0.00    0.00
09:40:46 AM    1    6.00    0.00   67.00    0.00    0.00   27.00    0.00    0.00    0.00    0.00
09:40:46 AM    2    0.00    0.00    0.00    0.00    0.00    0.00    0.00    0.00    0.00  100.00
09:40:46 AM    3    0.00    0.00    0.00    0.00    0.00    0.00    0.00    0.00    0.00  100.00
09:40:46 AM    4    0.00    0.00    0.00    0.00    0.00    0.00    0.00    0.00    0.00  100.00
09:40:46 AM    5    0.00    0.00    0.00    0.00    0.00    0.00    0.00    0.00    0.00  100.00
09:40:46 AM    6    0.00    0.00    0.00    0.00    0.00    0.00    0.00    0.00    0.00  100.00
09:40:46 AM    7    0.00    0.00    0.00    0.00    0.00    0.00    0.00    0.00    0.00  100.00

09:40:46 AM  CPU    %usr   %nice    %sys %iowait    %irq   %soft  %steal  %guest  %gnice   %idle
09:40:47 AM  all    1.75    0.00   15.96    0.00    0.12    7.23    0.00    0.00    0.00   74.94
09:40:47 AM    0    7.00    0.00   63.00    0.00    0.00   30.00    0.00    0.00    0.00    0.00
09:40:47 AM    1    7.00    0.00   65.00    0.00    1.00   27.00    0.00    0.00    0.00    0.00
09:40:47 AM    2    0.00    0.00    0.00    0.00    0.00    0.00    0.00    0.00    0.00  100.00
09:40:47 AM    3    0.00    0.00    0.00    0.00    0.00    0.00    0.00    0.00    0.00  100.00
09:40:47 AM    4    0.00    0.00    0.00    0.00    0.00    0.00    0.00    0.00    0.00  100.00
09:40:47 AM    5    0.00    0.00    0.00    0.00    0.00    0.00    0.00    0.00    0.00  100.00
09:40:47 AM    6    0.00    0.00    0.00    0.00    0.00    0.00    0.00    0.00    0.00  100.00
09:40:47 AM    7    0.00    0.00    0.00    0.00    0.00    0.99    0.00    0.00    0.00   99.01

09:40:47 AM  CPU    %usr   %nice    %sys %iowait    %irq   %soft  %steal  %guest  %gnice   %idle
09:40:48 AM  all    1.62    0.00   16.33    0.00    0.12    7.11    0.00    0.00    0.00   74.81
09:40:48 AM    0    5.94    0.00   64.36    0.00    0.99   28.71    0.00    0.00    0.00    0.00
09:40:48 AM    1    6.93    0.00   65.35    0.00    0.00   27.72    0.00    0.00    0.00    0.00
09:40:48 AM    2    0.00    0.00    0.00    0.00    0.00    0.00    0.00    0.00    0.00  100.00
09:40:48 AM    3    0.00    0.00    0.00    0.00    0.00    0.00    0.00    0.00    0.00  100.00
09:40:48 AM    4    0.00    0.00    0.00    0.00    0.00    0.00    0.00    0.00    0.00  100.00
09:40:48 AM    5    0.00    0.00    0.00    0.00    0.00    0.00    0.00    0.00    0.00  100.00
09:40:48 AM    6    0.00    0.00    0.00    0.00    0.00    0.00    0.00    0.00    0.00  100.00
09:40:48 AM    7    0.00    0.00    0.00    0.00    0.00    0.00    0.00    0.00    0.00  100.00

09:40:48 AM  CPU    %usr   %nice    %sys %iowait    %irq   %soft  %steal  %guest  %gnice   %idle
09:40:49 AM  all    1.12    0.00   16.71    0.00    0.12    7.23    0.00    0.00    0.00   74.81
09:40:49 AM    0    4.00    0.00   66.00    0.00    0.00   30.00    0.00    0.00    0.00    0.00
09:40:49 AM    1    5.00    0.00   68.00    0.00    0.00   27.00    0.00    0.00    0.00    0.00
09:40:49 AM    2    0.00    0.00    0.00    0.00    0.00    0.00    0.00    0.00    0.00  100.00
09:40:49 AM    3    0.00    0.00    0.00    0.00    0.00    0.00    0.00    0.00    0.00  100.00
09:40:49 AM    4    0.00    0.00    0.00    0.00    0.99    0.00    0.00    0.00    0.00   99.01
09:40:49 AM    5    0.00    0.00    0.00    0.00    0.00    0.99    0.00    0.00    0.00   99.01
09:40:49 AM    6    0.00    0.00    0.00    0.00    0.00    0.00    0.00    0.00    0.00  100.00
09:40:49 AM    7    0.00    0.00    0.00    0.00    0.00    0.00    0.00    0.00    0.00  100.00

09:40:49 AM  CPU    %usr   %nice    %sys %iowait    %irq   %soft  %steal  %guest  %gnice   %idle
09:40:50 AM  all    0.88    0.00   16.90    0.00    0.00    7.13    0.00    0.00    0.00   75.09
09:40:50 AM    0    4.04    0.00   66.67    0.00    0.00   29.29    0.00    0.00    0.00    0.00
09:40:50 AM    1    3.00    0.00   69.00    0.00    0.00   28.00    0.00    0.00    0.00    0.00
09:40:50 AM    2    0.00    0.00    0.00    0.00    0.00    0.00    0.00    0.00    0.00  100.00
09:40:50 AM    3    0.00    0.00    0.00    0.00    0.00    0.00    0.00    0.00    0.00  100.00
09:40:50 AM    4    0.00    0.00    0.00    0.00    0.00    0.00    0.00    0.00    0.00  100.00
09:40:50 AM    5    0.00    0.00    0.00    0.00    0.00    0.00    0.00    0.00    0.00  100.00
09:40:50 AM    6    0.00    0.00    0.00    0.00    0.00    0.00    0.00    0.00    0.00  100.00
09:40:50 AM    7    0.00    0.00    0.00    0.00    0.00    0.00    0.00    0.00    0.00  100.00

09:40:50 AM  CPU    %usr   %nice    %sys %iowait    %irq   %soft  %steal  %guest  %gnice   %idle
09:40:51 AM  all    0.87    0.00   16.85    0.00    0.00    7.24    0.00    0.00    0.00   75.03
09:40:51 AM    0    4.00    0.00   68.00    0.00    0.00   28.00    0.00    0.00    0.00    0.00
09:40:51 AM    1    3.03    0.00   67.68    0.00    0.00   29.29    0.00    0.00    0.00    0.00
09:40:51 AM    2    0.00    0.00    0.00    0.00    0.00    0.00    0.00    0.00    0.00  100.00
09:40:51 AM    3    0.00    0.00    0.00    0.00    0.00    0.00    0.00    0.00    0.00  100.00
09:40:51 AM    4    0.00    0.00    0.00    0.00    0.00    0.00    0.00    0.00    0.00  100.00
09:40:51 AM    5    0.00    0.00    0.00    0.00    0.00    0.00    0.00    0.00    0.00  100.00
09:40:51 AM    6    0.00    0.00    0.00    0.00    0.00    0.99    0.00    0.00    0.00   99.01
09:40:51 AM    7    0.00    0.00    0.00    0.00    0.00    0.00    0.00    0.00    0.00  100.00

09:40:51 AM  CPU    %usr   %nice    %sys %iowait    %irq   %soft  %steal  %guest  %gnice   %idle
09:40:52 AM  all    1.12    0.00   16.81    0.00    0.25    7.10    0.00    0.00    0.00   74.72
09:40:52 AM    0    4.95    0.00   67.33    0.00    0.99   26.73    0.00    0.00    0.00    0.00
09:40:52 AM    1    3.96    0.00   66.34    0.00    0.99   28.71    0.00    0.00    0.00    0.00
09:40:52 AM    2    0.00    0.00    0.00    0.00    0.00    0.00    0.00    0.00    0.00  100.00
09:40:52 AM    3    0.00    0.00    0.00    0.00    0.00    0.99    0.00    0.00    0.00   99.01
09:40:52 AM    4    0.00    0.00    0.00    0.00    0.00    0.00    0.00    0.00    0.00  100.00
09:40:52 AM    5    0.00    0.00    0.00    0.00    0.00    0.00    0.00    0.00    0.00  100.00
09:40:52 AM    6    0.00    0.00    0.00    0.00    0.00    0.00    0.00    0.00    0.00  100.00
09:40:52 AM    7    0.00    0.00    0.00    0.00    0.00    0.00    0.00    0.00    0.00  100.00

09:40:52 AM  CPU    %usr   %nice    %sys %iowait    %irq   %soft  %steal  %guest  %gnice   %idle
09:40:53 AM  all    0.88    0.00   16.88    0.00    0.00    7.25    0.00    0.00    0.00   75.00
09:40:53 AM    0    4.00    0.00   68.00    0.00    0.00   28.00    0.00    0.00    0.00    0.00
09:40:53 AM    1    3.00    0.00   67.00    0.00    0.00   30.00    0.00    0.00    0.00    0.00
09:40:53 AM    2    0.00    0.00    0.00    0.00    0.00    0.00    0.00    0.00    0.00  100.00
09:40:53 AM    3    0.00    0.00    0.00    0.00    0.00    0.00    0.00    0.00    0.00  100.00
09:40:53 AM    4    0.00    0.00    0.00    0.00    0.00    0.00    0.00    0.00    0.00  100.00
09:40:53 AM    5    0.00    0.00    0.00    0.00    0.00    0.00    0.00    0.00    0.00  100.00
09:40:53 AM    6    0.00    0.00    0.00    0.00    0.00    0.00    0.00    0.00    0.00  100.00
09:40:53 AM    7    0.00    0.00    0.00    0.00    0.00    0.00    0.00    0.00    0.00  100.00

09:40:53 AM  CPU    %usr   %nice    %sys %iowait    %irq   %soft  %steal  %guest  %gnice   %idle
09:40:54 AM  all    1.00    0.00   16.60    0.00    0.00    7.12    0.00    0.00    0.00   75.28
09:40:54 AM    0    4.00    0.00   66.00    0.00    0.00   29.00    0.00    0.00    0.00    1.00
09:40:54 AM    1    4.04    0.00   67.68    0.00    0.00   27.27    0.00    0.00    0.00    1.01
09:40:54 AM    2    0.00    0.00    0.00    0.00    0.00    0.00    0.00    0.00    0.00  100.00
09:40:54 AM    3    0.00    0.00    0.00    0.00    0.00    0.00    0.00    0.00    0.00  100.00
09:40:54 AM    4    0.00    0.00    0.00    0.00    0.00    0.00    0.00    0.00    0.00  100.00
09:40:54 AM    5    0.00    0.00    0.00    0.00    0.00    0.00    0.00    0.00    0.00  100.00
09:40:54 AM    6    0.00    0.00    0.00    0.00    0.00    0.00    0.00    0.00    0.00  100.00
09:40:54 AM    7    0.00    0.00    0.00    0.00    0.00    0.99    0.00    0.00    0.00   99.01

09:40:54 AM  CPU    %usr   %nice    %sys %iowait    %irq   %soft  %steal  %guest  %gnice   %idle
09:40:55 AM  all    1.00    0.00   16.90    0.00    0.00    7.13    0.00    0.00    0.00   74.97
09:40:55 AM    0    4.04    0.00   66.67    0.00    0.00   29.29    0.00    0.00    0.00    0.00
09:40:55 AM    1    3.96    0.00   68.32    0.00    0.00   27.72    0.00    0.00    0.00    0.00
09:40:55 AM    2    0.00    0.00    0.00    0.00    0.00    0.00    0.00    0.00    0.00  100.00
09:40:55 AM    3    0.00    0.00    0.00    0.00    0.00    0.00    0.00    0.00    0.00  100.00
09:40:55 AM    4    0.00    0.00    0.00    0.00    0.00    0.00    0.00    0.00    0.00  100.00
09:40:55 AM    5    0.00    0.00    0.00    0.00    0.00    0.00    0.00    0.00    0.00  100.00
09:40:55 AM    6    0.00    0.00    0.00    0.00    0.00    0.00    0.00    0.00    0.00  100.00
09:40:55 AM    7    0.00    0.00    0.00    0.00    0.00    0.00    0.00    0.00    0.00  100.00

09:40:55 AM  CPU    %usr   %nice    %sys %iowait    %irq   %soft  %steal  %guest  %gnice   %idle
09:40:56 AM  all    1.00    0.00   16.81    0.00    0.12    7.35    0.00    0.00    0.00   74.72
09:40:56 AM    0    3.96    0.00   66.34    0.00    0.00   29.70    0.00    0.00    0.00    0.00
09:40:56 AM    1    4.00    0.00   68.00    0.00    1.00   27.00    0.00    0.00    0.00    0.00
09:40:56 AM    2    0.00    0.00    0.00    0.00    0.00    0.00    0.00    0.00    0.00  100.00
09:40:56 AM    3    0.00    0.00    0.00    0.00    0.00    0.99    0.00    0.00    0.00   99.01
09:40:56 AM    4    0.00    0.00    0.00    0.00    0.00    0.00    0.00    0.00    0.00  100.00
09:40:56 AM    5    0.00    0.00    0.00    0.00    0.00    0.99    0.00    0.00    0.00   99.01
09:40:56 AM    6    0.00    0.00    0.00    0.00    0.00    0.00    0.00    0.00    0.00  100.00
09:40:56 AM    7    0.00    0.00    0.00    0.00    0.00    0.00    0.00    0.00    0.00  100.00

09:40:56 AM  CPU    %usr   %nice    %sys %iowait    %irq   %soft  %steal  %guest  %gnice   %idle
09:40:57 AM  all    1.12    0.00   16.60    0.00    0.12    7.12    0.00    0.00    0.00   75.03
09:40:57 AM    0    5.00    0.00   65.00    0.00    1.00   29.00    0.00    0.00    0.00    0.00
09:40:57 AM    1    4.00    0.00   68.00    0.00    0.00   28.00    0.00    0.00    0.00    0.00
09:40:57 AM    2    0.00    0.00    0.00    0.00    0.00    0.00    0.00    0.00    0.00  100.00
09:40:57 AM    3    0.00    0.00    0.00    0.00    0.00    0.00    0.00    0.00    0.00  100.00
09:40:57 AM    4    0.00    0.00    0.00    0.00    0.00    0.00    0.00    0.00    0.00  100.00
09:40:57 AM    5    0.00    0.00    0.00    0.00    0.00    0.00    0.00    0.00    0.00  100.00
09:40:57 AM    6    0.00    0.00    0.00    0.00    0.00    0.00    0.00    0.00    0.00  100.00
09:40:57 AM    7    0.00    0.00    0.00    0.00    0.00    0.00    0.00    0.00    0.00  100.00

09:40:57 AM  CPU    %usr   %nice    %sys %iowait    %irq   %soft  %steal  %guest  %gnice   %idle
09:40:58 AM  all    1.25    0.00   16.52    0.00    0.00    7.26    0.00    0.00    0.00   74.97
09:40:58 AM    0    5.00    0.00   65.00    0.00    0.00   30.00    0.00    0.00    0.00    0.00
09:40:58 AM    1    5.05    0.00   67.68    0.00    0.00   27.27    0.00    0.00    0.00    0.00
09:40:58 AM    2    0.00    0.00    0.00    0.00    0.00    0.00    0.00    0.00    0.00  100.00
09:40:58 AM    3    0.00    0.00    0.00    0.00    0.00    0.00    0.00    0.00    0.00  100.00
09:40:58 AM    4    0.00    0.00    0.00    0.00    0.00    0.00    0.00    0.00    0.00  100.00
09:40:58 AM    5    0.00    0.00    0.00    0.00    0.00    0.00    0.00    0.00    0.00  100.00
09:40:58 AM    6    0.00    0.00    0.00    0.00    0.00    0.99    0.00    0.00    0.00   99.01
09:40:58 AM    7    0.00    0.00    0.00    0.00    0.00    0.00    0.00    0.00    0.00  100.00

09:40:58 AM  CPU    %usr   %nice    %sys %iowait    %irq   %soft  %steal  %guest  %gnice   %idle
09:40:59 AM  all    1.37    0.00   16.46    0.00    0.00    7.11    0.00    0.00    0.00   75.06
09:40:59 AM    0    5.05    0.00   65.66    0.00    0.00   29.29    0.00    0.00    0.00    0.00
09:40:59 AM    1    5.94    0.00   66.34    0.00    0.00   27.72    0.00    0.00    0.00    0.00
09:40:59 AM    2    0.00    0.00    0.00    0.00    0.00    0.00    0.00    0.00    0.00  100.00
09:40:59 AM    3    0.00    0.00    0.00    0.00    0.00    0.00    0.00    0.00    0.00  100.00
09:40:59 AM    4    0.00    0.00    0.00    0.00    0.00    0.00    0.00    0.00    0.00  100.00
09:40:59 AM    5    0.00    0.00    0.00    0.00    0.00    0.00    0.00    0.00    0.00  100.00
09:40:59 AM    6    0.00    0.00    0.00    0.00    0.00    0.00    0.00    0.00    0.00  100.00
09:40:59 AM    7    0.00    0.00    0.00    0.00    0.00    0.00    0.00    0.00    0.00  100.00

09:40:59 AM  CPU    %usr   %nice    %sys %iowait    %irq   %soft  %steal  %guest  %gnice   %idle
09:41:00 AM  all    1.25    0.00   16.69    0.00    0.12    7.10    0.00    0.00    0.00   74.84
09:41:00 AM    0    3.96    0.00   66.34    0.00    0.00   29.70    0.00    0.00    0.00    0.00
09:41:00 AM    1    5.94    0.00   66.34    0.00    0.99   26.73    0.00    0.00    0.00    0.00
09:41:00 AM    2    0.00    0.00    0.00    0.00    0.00    0.00    0.00    0.00    0.00  100.00
09:41:00 AM    3    0.00    0.00    0.00    0.00    0.00    0.00    0.00    0.00    0.00  100.00
09:41:00 AM    4    0.00    0.00    0.00    0.00    0.00    0.00    0.00    0.00    0.00  100.00
09:41:00 AM    5    0.00    0.00    0.00    0.00    0.00    0.00    0.00    0.00    0.00  100.00
09:41:00 AM    6    0.00    0.00    0.00    0.00    0.00    0.00    0.00    0.00    0.00  100.00
09:41:00 AM    7    0.00    0.00    0.00    0.00    0.00    0.00    0.00    0.00    0.00  100.00

Average:     CPU    %usr   %nice    %sys %iowait    %irq   %soft  %steal  %guest  %gnice   %idle
Average:     all    1.03    0.00   16.63    0.00    0.07    7.14    0.00    0.00    0.00   75.13
Average:       0    4.10    0.00   65.93    0.00    0.23   28.84    0.00    0.00    0.00    0.90
Average:       1    4.13    0.00   67.11    0.00    0.27   27.60    0.00    0.00    0.00    0.90
Average:       2    0.00    0.00    0.00    0.00    0.00    0.00    0.00    0.00    0.00  100.00
Average:       3    0.00    0.00    0.00    0.00    0.03    0.20    0.00    0.00    0.00   99.77
Average:       4    0.00    0.00    0.00    0.00    0.03    0.00    0.00    0.00    0.00   99.97
Average:       5    0.00    0.00    0.00    0.00    0.00    0.17    0.00    0.00    0.00   99.83
Average:       6    0.00    0.00    0.00    0.00    0.00    0.20    0.00    0.00    0.00   99.80
Average:       7    0.00    0.00    0.00    0.00    0.00    0.13    0.00    0.00    0.00   99.87
