Linux 6.18.34 (pi5-2) 	07/11/2026 	_aarch64_	(4 CPU)

11:39:05 PM  CPU    %usr   %nice    %sys %iowait    %irq   %soft  %steal  %guest  %gnice   %idle
11:39:06 PM  all    0.00    0.00    0.00    0.00    0.50   29.75    0.00    0.00    0.00   69.75
11:39:06 PM    0    0.00    0.00    0.00    0.00    1.98   53.47    0.00    0.00    0.00   44.55
11:39:06 PM    1    0.00    0.00    0.00    0.00    0.00    0.00    0.00    0.00    0.00  100.00
11:39:06 PM    2    0.00    0.00    0.00    0.00    0.00    0.00    0.00    0.00    0.00  100.00
11:39:06 PM    3    0.00    0.00    0.00    0.00    0.00   65.66    0.00    0.00    0.00   34.34

11:39:06 PM  CPU    %usr   %nice    %sys %iowait    %irq   %soft  %steal  %guest  %gnice   %idle
11:39:07 PM  all    0.00    0.00    0.00    0.00    0.50   30.25    0.00    0.00    0.00   69.25
11:39:07 PM    0    0.00    0.00    0.00    0.00    1.01   54.55    0.00    0.00    0.00   44.44
11:39:07 PM    1    0.00    0.00    0.00    0.00    0.00    0.00    0.00    0.00    0.00  100.00
11:39:07 PM    2    0.00    0.00    0.00    0.00    0.00    0.00    0.00    0.00    0.00  100.00
11:39:07 PM    3    0.00    0.00    0.00    0.00    0.99   66.34    0.00    0.00    0.00   32.67

11:39:07 PM  CPU    %usr   %nice    %sys %iowait    %irq   %soft  %steal  %guest  %gnice   %idle
11:39:08 PM  all    0.00    0.00    0.00    0.00    0.25   29.90    0.00    0.00    0.00   69.85
11:39:08 PM    0    0.00    0.00    0.00    0.00    1.00   54.00    0.00    0.00    0.00   45.00
11:39:08 PM    1    0.00    0.00    0.00    0.00    0.00    0.00    0.00    0.00    0.00  100.00
11:39:08 PM    2    0.00    0.00    0.00    0.00    0.00    0.00    0.00    0.00    0.00  100.00
11:39:08 PM    3    0.00    0.00    0.00    0.00    0.00   65.66    0.00    0.00    0.00   34.34

11:39:08 PM  CPU    %usr   %nice    %sys %iowait    %irq   %soft  %steal  %guest  %gnice   %idle
11:39:09 PM  all    0.00    0.00    0.00    0.00    0.75   30.17    0.00    0.00    0.00   69.08
11:39:09 PM    0    0.00    0.00    0.00    0.00    2.00   54.00    0.00    0.00    0.00   44.00
11:39:09 PM    1    0.00    0.00    0.00    0.00    0.00   26.00    0.00    0.00    0.00   74.00
11:39:09 PM    2    0.00    0.00    0.00    0.00    0.99    0.00    0.00    0.00    0.00   99.01
11:39:09 PM    3    0.00    0.00    0.00    0.00    0.00   41.00    0.00    0.00    0.00   59.00

11:39:09 PM  CPU    %usr   %nice    %sys %iowait    %irq   %soft  %steal  %guest  %gnice   %idle
11:39:10 PM  all    0.00    0.00    0.00    0.00    0.50   29.75    0.00    0.00    0.00   69.75
11:39:10 PM    0    0.00    0.00    0.00    0.00    1.01   53.54    0.00    0.00    0.00   45.45
11:39:10 PM    1    0.00    0.00    0.00    0.00    0.99   65.35    0.00    0.00    0.00   33.66
11:39:10 PM    2    0.00    0.00    0.00    0.00    0.00    0.00    0.00    0.00    0.00  100.00
11:39:10 PM    3    0.00    0.00    0.00    0.00    0.00    0.00    0.00    0.00    0.00  100.00

11:39:10 PM  CPU    %usr   %nice    %sys %iowait    %irq   %soft  %steal  %guest  %gnice   %idle
11:39:11 PM  all    0.00    0.00    0.00    0.00    0.25   30.15    0.00    0.00    0.00   69.60
11:39:11 PM    0    0.00    0.00    0.00    0.00    1.01   54.55    0.00    0.00    0.00   44.44
11:39:11 PM    1    0.00    0.00    0.00    0.00    0.00   66.67    0.00    0.00    0.00   33.33
11:39:11 PM    2    0.00    0.00    0.00    0.00    0.00    0.00    0.00    0.00    0.00  100.00
11:39:11 PM    3    0.00    0.00    0.00    0.00    0.00    0.00    0.00    0.00    0.00  100.00

11:39:11 PM  CPU    %usr   %nice    %sys %iowait    %irq   %soft  %steal  %guest  %gnice   %idle
11:39:12 PM  all    0.00    0.00    0.00    0.25    0.50   30.00    0.00    0.00    0.00   69.25
11:39:12 PM    0    0.00    0.00    0.00    0.00    1.00   54.00    0.00    0.00    0.00   45.00
11:39:12 PM    1    0.00    0.00    0.00    0.00    1.00   66.00    0.00    0.00    0.00   33.00
11:39:12 PM    2    0.00    0.00    0.00    0.00    0.00    0.00    0.00    0.00    0.00  100.00
11:39:12 PM    3    0.00    0.00    0.00    1.00    0.00    0.00    0.00    0.00    0.00   99.00

11:39:12 PM  CPU    %usr   %nice    %sys %iowait    %irq   %soft  %steal  %guest  %gnice   %idle
11:39:13 PM  all    0.25    0.00    0.00    0.00    0.50   30.08    0.00    0.00    0.00   69.17
11:39:13 PM    0    0.00    0.00    0.00    0.00    2.00   54.00    0.00    0.00    0.00   44.00
11:39:13 PM    1    0.00    0.00    0.00    0.00    0.00   66.67    0.00    0.00    0.00   33.33
11:39:13 PM    2    1.00    0.00    0.00    0.00    0.00    0.00    0.00    0.00    0.00   99.00
11:39:13 PM    3    0.00    0.00    0.00    0.00    0.00    0.00    0.00    0.00    0.00  100.00

11:39:13 PM  CPU    %usr   %nice    %sys %iowait    %irq   %soft  %steal  %guest  %gnice   %idle
11:39:14 PM  all    0.00    0.00    0.00    0.00    0.75   33.58    0.00    0.00    0.00   65.66
11:39:14 PM    0    0.00    0.00    0.00    0.00    1.00   57.00    0.00    0.00    0.00   42.00
11:39:14 PM    1    0.00    0.00    0.00    0.00    1.00   39.00    0.00    0.00    0.00   60.00
11:39:14 PM    2    0.00    0.00    0.00    0.00    0.00    0.00    0.00    0.00    0.00  100.00
11:39:14 PM    3    0.00    0.00    0.00    0.00    1.01   38.38    0.00    0.00    0.00   60.61

11:39:14 PM  CPU    %usr   %nice    %sys %iowait    %irq   %soft  %steal  %guest  %gnice   %idle
11:39:15 PM  all    0.00    0.00    0.00    0.00    0.75   33.67    0.00    0.00    0.00   65.58
11:39:15 PM    0    0.00    0.00    0.00    0.00    1.01   57.58    0.00    0.00    0.00   41.41
11:39:15 PM    1    0.00    0.00    0.00    0.00    1.01   38.38    0.00    0.00    0.00   60.61
11:39:15 PM    2    0.00    0.00    0.00    0.00    0.00    0.00    0.00    0.00    0.00  100.00
11:39:15 PM    3    0.00    0.00    0.00    0.00    1.00   39.00    0.00    0.00    0.00   60.00

11:39:15 PM  CPU    %usr   %nice    %sys %iowait    %irq   %soft  %steal  %guest  %gnice   %idle
11:39:16 PM  all    0.00    0.00    0.00    0.00    1.00   35.59    0.00    0.00    0.00   63.41
11:39:16 PM    0    0.00    0.00    0.00    0.00    2.00   59.00    0.00    0.00    0.00   39.00
11:39:16 PM    1    0.00    0.00    0.00    0.00    1.00   42.00    0.00    0.00    0.00   57.00
11:39:16 PM    2    0.00    0.00    0.00    0.00    0.00    0.00    0.00    0.00    0.00  100.00
11:39:16 PM    3    0.00    0.00    0.00    0.00    1.01   41.41    0.00    0.00    0.00   57.58

11:39:16 PM  CPU    %usr   %nice    %sys %iowait    %irq   %soft  %steal  %guest  %gnice   %idle
11:39:17 PM  all    0.00    0.00    0.25    0.00    0.75   37.84    0.00    0.00    0.00   61.15
11:39:17 PM    0    0.00    0.00    0.00    0.00    1.01   62.63    0.00    0.00    0.00   36.36
11:39:17 PM    1    0.00    0.00    0.00    0.00    1.01   44.44    0.00    0.00    0.00   54.55
11:39:17 PM    2    0.00    0.00    0.00    0.00    0.00    0.00    0.00    0.00    0.00  100.00
11:39:17 PM    3    0.00    0.00    0.98    0.00    0.98   44.12    0.00    0.00    0.00   53.92

11:39:17 PM  CPU    %usr   %nice    %sys %iowait    %irq   %soft  %steal  %guest  %gnice   %idle
11:39:18 PM  all    0.00    0.00    0.00    0.00    0.51   32.07    0.00    0.00    0.00   67.42
11:39:18 PM    0    0.00    0.00    0.00    0.00    1.01   73.74    0.00    0.00    0.00   25.25
11:39:18 PM    1    0.00    0.00    0.00    0.00    0.00   17.17    0.00    0.00    0.00   82.83
11:39:18 PM    2    0.00    0.00    0.00    0.00    0.00    0.00    0.00    0.00    0.00  100.00
11:39:18 PM    3    0.00    0.00    0.00    0.00    1.01   37.37    0.00    0.00    0.00   61.62

11:39:18 PM  CPU    %usr   %nice    %sys %iowait    %irq   %soft  %steal  %guest  %gnice   %idle
11:39:19 PM  all    0.00    0.00    0.00    0.00    0.50   26.88    0.00    0.00    0.00   72.61
11:39:19 PM    0    0.00    0.00    0.00    0.00    2.02   76.77    0.00    0.00    0.00   21.21
11:39:19 PM    1    0.00    0.00    0.00    0.00    0.00    0.00    0.00    0.00    0.00  100.00
11:39:19 PM    2    0.00    0.00    0.00    0.00    0.00    0.00    0.00    0.00    0.00  100.00
11:39:19 PM    3    0.00    0.00    0.00    0.00    0.00   31.31    0.00    0.00    0.00   68.69

11:39:19 PM  CPU    %usr   %nice    %sys %iowait    %irq   %soft  %steal  %guest  %gnice   %idle
11:39:20 PM  all    0.00    0.00    0.00    0.00    0.50   27.07    0.00    0.00    0.00   72.43
11:39:20 PM    0    0.00    0.00    0.00    0.00    1.00   77.00    0.00    0.00    0.00   22.00
11:39:20 PM    1    0.00    0.00    0.00    0.00    0.00    0.00    0.00    0.00    0.00  100.00
11:39:20 PM    2    0.00    0.00    0.00    0.00    0.00    0.00    0.00    0.00    0.00  100.00
11:39:20 PM    3    0.00    0.00    0.00    0.00    1.01   31.31    0.00    0.00    0.00   67.68

11:39:20 PM  CPU    %usr   %nice    %sys %iowait    %irq   %soft  %steal  %guest  %gnice   %idle
11:39:21 PM  all    0.00    0.00    0.00    0.00    0.75   27.00    0.00    0.00    0.00   72.25
11:39:21 PM    0    0.00    0.00    0.00    0.00    2.00   77.00    0.00    0.00    0.00   21.00
11:39:21 PM    1    0.00    0.00    0.00    0.00    0.00    0.00    0.00    0.00    0.00  100.00
11:39:21 PM    2    0.00    0.00    0.00    0.00    0.00    0.00    0.00    0.00    0.00  100.00
11:39:21 PM    3    0.00    0.00    0.00    0.00    1.00   31.00    0.00    0.00    0.00   68.00

11:39:21 PM  CPU    %usr   %nice    %sys %iowait    %irq   %soft  %steal  %guest  %gnice   %idle
11:39:22 PM  all    0.00    0.00    0.00    0.00    0.50   27.57    0.00    0.00    0.00   71.93
11:39:22 PM    0    0.00    0.00    0.00    0.00    1.01   72.73    0.00    0.00    0.00   26.26
11:39:22 PM    1    0.00    0.00    0.00    0.00    0.00    0.00    0.00    0.00    0.00  100.00
11:39:22 PM    2    0.00    0.00    0.00    0.00    0.00    7.00    0.00    0.00    0.00   93.00
11:39:22 PM    3    0.00    0.00    0.00    0.00    1.00   31.00    0.00    0.00    0.00   68.00

11:39:22 PM  CPU    %usr   %nice    %sys %iowait    %irq   %soft  %steal  %guest  %gnice   %idle
11:39:23 PM  all    0.00    0.00    0.00    0.00    0.75   33.33    0.00    0.00    0.00   65.91
11:39:23 PM    0    0.00    0.00    0.00    0.00    1.01   56.57    0.00    0.00    0.00   42.42
11:39:23 PM    1    0.00    0.00    0.00    0.00    0.00    0.00    0.00    0.00    0.00  100.00
11:39:23 PM    2    0.00    0.00    0.00    0.00    1.00   38.00    0.00    0.00    0.00   61.00
11:39:23 PM    3    0.00    0.00    0.00    0.00    1.00   39.00    0.00    0.00    0.00   60.00

11:39:23 PM  CPU    %usr   %nice    %sys %iowait    %irq   %soft  %steal  %guest  %gnice   %idle
11:39:24 PM  all    0.00    0.00    0.00    0.00    0.75   33.42    0.00    0.00    0.00   65.83
11:39:24 PM    0    0.00    0.00    0.00    0.00    1.00   57.00    0.00    0.00    0.00   42.00
11:39:24 PM    1    0.00    0.00    0.00    0.00    0.00    0.00    0.00    0.00    0.00  100.00
11:39:24 PM    2    0.00    0.00    0.00    0.00    1.01   38.38    0.00    0.00    0.00   60.61
11:39:24 PM    3    0.00    0.00    0.00    0.00    1.01   38.38    0.00    0.00    0.00   60.61

11:39:24 PM  CPU    %usr   %nice    %sys %iowait    %irq   %soft  %steal  %guest  %gnice   %idle
11:39:25 PM  all    0.00    0.00    0.00    0.00    0.50   36.18    0.00    0.00    0.00   63.32
11:39:25 PM    0    0.00    0.00    0.00    0.00    2.00   60.00    0.00    0.00    0.00   38.00
11:39:25 PM    1    0.00    0.00    0.00    0.00    0.00    0.00    0.00    0.00    0.00  100.00
11:39:25 PM    2    0.00    0.00    0.00    0.00    0.00   42.42    0.00    0.00    0.00   57.58
11:39:25 PM    3    0.00    0.00    0.00    0.00    0.00   42.42    0.00    0.00    0.00   57.58

11:39:25 PM  CPU    %usr   %nice    %sys %iowait    %irq   %soft  %steal  %guest  %gnice   %idle
11:39:26 PM  all    0.00    0.00    0.00    0.00    0.75   37.34    0.00    0.00    0.00   61.90
11:39:26 PM    0    0.00    0.00    0.00    0.00    1.01   61.62    0.00    0.00    0.00   37.37
11:39:26 PM    1    0.00    0.00    0.00    0.00    0.00    0.00    0.00    0.00    0.00  100.00
11:39:26 PM    2    0.00    0.00    0.00    0.00    1.00   44.00    0.00    0.00    0.00   55.00
11:39:26 PM    3    0.00    0.00    0.00    0.00    1.00   44.00    0.00    0.00    0.00   55.00

11:39:26 PM  CPU    %usr   %nice    %sys %iowait    %irq   %soft  %steal  %guest  %gnice   %idle
11:39:27 PM  all    0.00    0.00    0.00    0.00    0.50   31.75    0.00    0.00    0.00   67.75
11:39:27 PM    0    0.00    0.00    0.00    0.00    1.00   56.00    0.00    0.00    0.00   43.00
11:39:27 PM    1    0.00    0.00    0.00    0.00    0.00    0.00    0.00    0.00    0.00  100.00
11:39:27 PM    2    0.00    0.00    0.00    0.00    0.00    8.08    0.00    0.00    0.00   91.92
11:39:27 PM    3    0.00    0.00    0.00    0.00    0.99   62.38    0.00    0.00    0.00   36.63

11:39:27 PM  CPU    %usr   %nice    %sys %iowait    %irq   %soft  %steal  %guest  %gnice   %idle
11:39:28 PM  all    0.00    0.00    0.00    0.00    0.50   28.97    0.00    0.00    0.00   70.53
11:39:28 PM    0    0.00    0.00    0.00    0.00    2.00   52.00    0.00    0.00    0.00   46.00
11:39:28 PM    1    0.00    0.00    0.00    0.00    0.00    0.00    0.00    0.00    0.00  100.00
11:39:28 PM    2    0.00    0.00    0.00    0.00    0.00    0.00    0.00    0.00    0.00  100.00
11:39:28 PM    3    0.00    0.00    0.00    0.00    0.00   64.29    0.00    0.00    0.00   35.71

11:39:28 PM  CPU    %usr   %nice    %sys %iowait    %irq   %soft  %steal  %guest  %gnice   %idle
11:39:29 PM  all    0.00    0.00    0.00    0.00    0.50   30.42    0.00    0.00    0.00   69.08
11:39:29 PM    0    0.00    0.00    0.00    0.00    1.00   55.00    0.00    0.00    0.00   44.00
11:39:29 PM    1    0.00    0.00    0.00    0.00    0.00    0.00    0.00    0.00    0.00  100.00
11:39:29 PM    2    0.00    0.00    0.00    0.00    0.00    0.00    0.00    0.00    0.00  100.00
11:39:29 PM    3    0.00    0.00    0.00    0.00    0.99   66.34    0.00    0.00    0.00   32.67

11:39:29 PM  CPU    %usr   %nice    %sys %iowait    %irq   %soft  %steal  %guest  %gnice   %idle
11:39:30 PM  all    0.25    0.00    0.25    0.00    0.25   30.33    0.00    0.00    0.00   68.92
11:39:30 PM    0    0.00    0.00    0.00    0.00    1.02   55.10    0.00    0.00    0.00   43.88
11:39:30 PM    1    0.98    0.00    0.98    0.00    0.00    0.00    0.00    0.00    0.00   98.04
11:39:30 PM    2    0.00    0.00    0.00    0.00    0.00    0.00    0.00    0.00    0.00  100.00
11:39:30 PM    3    0.00    0.00    0.00    0.00    0.00   67.68    0.00    0.00    0.00   32.32

11:39:30 PM  CPU    %usr   %nice    %sys %iowait    %irq   %soft  %steal  %guest  %gnice   %idle
11:39:31 PM  all    0.00    0.00    0.00    0.00    0.75   30.00    0.00    0.00    0.00   69.25
11:39:31 PM    0    0.00    0.00    0.00    0.00    1.98   65.35    0.00    0.00    0.00   32.67
11:39:31 PM    1    0.00    0.00    0.00    0.00    0.00    0.00    0.00    0.00    0.00  100.00
11:39:31 PM    2    0.00    0.00    0.00    0.00    0.00    0.00    0.00    0.00    0.00  100.00
11:39:31 PM    3    0.00    0.00    0.00    0.00    1.00   54.00    0.00    0.00    0.00   45.00

11:39:31 PM  CPU    %usr   %nice    %sys %iowait    %irq   %soft  %steal  %guest  %gnice   %idle
11:39:32 PM  all    0.00    0.00    0.00    0.00    0.50   27.14    0.00    0.00    0.00   72.36
11:39:32 PM    0    0.00    0.00    0.00    0.00    1.01   77.78    0.00    0.00    0.00   21.21
11:39:32 PM    1    0.00    0.00    0.00    0.00    0.00    0.00    0.00    0.00    0.00  100.00
11:39:32 PM    2    0.00    0.00    0.00    0.00    0.00    0.00    0.00    0.00    0.00  100.00
11:39:32 PM    3    0.00    0.00    0.00    0.00    1.00   31.00    0.00    0.00    0.00   68.00

11:39:32 PM  CPU    %usr   %nice    %sys %iowait    %irq   %soft  %steal  %guest  %gnice   %idle
11:39:33 PM  all    0.00    0.00    0.00    0.00    0.50   27.07    0.00    0.00    0.00   72.43
11:39:33 PM    0    0.00    0.00    0.00    0.00    1.01   77.78    0.00    0.00    0.00   21.21
11:39:33 PM    1    0.00    0.00    0.00    0.00    0.00    0.00    0.00    0.00    0.00  100.00
11:39:33 PM    2    0.00    0.00    0.00    0.00    0.00    0.00    0.00    0.00    0.00  100.00
11:39:33 PM    3    0.00    0.00    0.00    0.00    1.00   31.00    0.00    0.00    0.00   68.00

11:39:33 PM  CPU    %usr   %nice    %sys %iowait    %irq   %soft  %steal  %guest  %gnice   %idle
11:39:34 PM  all    0.00    0.00    0.00    0.00    0.50   27.14    0.00    0.00    0.00   72.36
11:39:34 PM    0    0.00    0.00    0.00    0.00    2.00   77.00    0.00    0.00    0.00   21.00
11:39:34 PM    1    0.00    0.00    0.00    0.00    0.00    0.00    0.00    0.00    0.00  100.00
11:39:34 PM    2    0.00    0.00    0.00    0.00    0.00    0.00    0.00    0.00    0.00  100.00
11:39:34 PM    3    0.00    0.00    0.00    0.00    0.00   31.63    0.00    0.00    0.00   68.37

11:39:34 PM  CPU    %usr   %nice    %sys %iowait    %irq   %soft  %steal  %guest  %gnice   %idle
11:39:35 PM  all    0.00    0.00    0.00    0.00    0.50   27.07    0.00    0.00    0.00   72.43
11:39:35 PM    0    0.00    0.00    0.00    0.00    1.01   76.77    0.00    0.00    0.00   22.22
11:39:35 PM    1    0.00    0.00    0.00    0.00    0.00    1.00    0.00    0.00    0.00   99.00
11:39:35 PM    2    0.00    0.00    0.00    0.00    0.00    0.00    0.00    0.00    0.00  100.00
11:39:35 PM    3    0.00    0.00    0.00    0.00    1.00   31.00    0.00    0.00    0.00   68.00

11:39:35 PM  CPU    %usr   %nice    %sys %iowait    %irq   %soft  %steal  %guest  %gnice   %idle
11:39:36 PM  all    0.25    0.00    0.25    0.00    0.50   30.42    0.00    0.00    0.00   68.58
11:39:36 PM    0    0.00    0.00    1.00    0.00    1.00   55.00    0.00    0.00    0.00   43.00
11:39:36 PM    1    0.00    0.00    0.00    0.00    1.00   67.00    0.00    0.00    0.00   32.00
11:39:36 PM    2    0.00    0.00    0.00    0.00    0.00    0.00    0.00    0.00    0.00  100.00
11:39:36 PM    3    0.99    0.00    0.00    0.00    0.00    0.00    0.00    0.00    0.00   99.01

11:39:36 PM  CPU    %usr   %nice    %sys %iowait    %irq   %soft  %steal  %guest  %gnice   %idle
11:39:37 PM  all    0.00    0.00    0.00    0.00    0.75   30.42    0.00    0.00    0.00   68.83
11:39:37 PM    0    0.00    0.00    0.00    0.00    2.00   54.00    0.00    0.00    0.00   44.00
11:39:37 PM    1    0.00    0.00    0.00    0.00    0.00   68.00    0.00    0.00    0.00   32.00
11:39:37 PM    2    0.00    0.00    0.00    0.00    0.99    0.00    0.00    0.00    0.00   99.01
11:39:37 PM    3    0.00    0.00    0.00    0.00    0.00    0.00    0.00    0.00    0.00  100.00

11:39:37 PM  CPU    %usr   %nice    %sys %iowait    %irq   %soft  %steal  %guest  %gnice   %idle
11:39:38 PM  all    0.00    0.00    0.00    0.00    0.50   30.50    0.00    0.00    0.00   69.00
11:39:38 PM    0    0.00    0.00    0.00    0.00    1.00   55.00    0.00    0.00    0.00   44.00
11:39:38 PM    1    0.00    0.00    0.00    0.00    1.00   67.00    0.00    0.00    0.00   32.00
11:39:38 PM    2    0.00    0.00    0.00    0.00    0.00    0.00    0.00    0.00    0.00  100.00
11:39:38 PM    3    0.00    0.00    0.00    0.00    0.00    0.00    0.00    0.00    0.00  100.00

11:39:38 PM  CPU    %usr   %nice    %sys %iowait    %irq   %soft  %steal  %guest  %gnice   %idle
11:39:39 PM  all    0.00    0.00    0.00    0.00    0.25   29.97    0.00    0.00    0.00   69.77
11:39:39 PM    0    0.00    0.00    0.00    0.00    1.01   54.55    0.00    0.00    0.00   44.44
11:39:39 PM    1    0.00    0.00    0.00    0.00    0.00   65.66    0.00    0.00    0.00   34.34
11:39:39 PM    2    0.00    0.00    0.00    0.00    0.00    0.00    0.00    0.00    0.00  100.00
11:39:39 PM    3    0.00    0.00    0.00    0.00    0.00    0.00    0.00    0.00    0.00  100.00

11:39:39 PM  CPU    %usr   %nice    %sys %iowait    %irq   %soft  %steal  %guest  %gnice   %idle
11:39:40 PM  all    0.25    0.00    0.25    0.00    1.00   29.93    0.00    0.00    0.00   68.58
11:39:40 PM    0    0.00    0.00    0.00    0.00    2.00   54.00    0.00    0.00    0.00   44.00
11:39:40 PM    1    0.00    0.00    0.00    0.00    1.00   25.00    0.00    0.00    0.00   74.00
11:39:40 PM    2    1.00    0.00    0.00    0.00    0.00    0.00    0.00    0.00    0.00   99.00
11:39:40 PM    3    0.00    0.00    0.99    0.00    0.99   40.59    0.00    0.00    0.00   57.43

11:39:40 PM  CPU    %usr   %nice    %sys %iowait    %irq   %soft  %steal  %guest  %gnice   %idle
11:39:41 PM  all    0.00    0.00    0.00    0.00    0.25   30.25    0.00    0.00    0.00   69.50
11:39:41 PM    0    0.00    0.00    0.00    0.00    1.00   54.00    0.00    0.00    0.00   45.00
11:39:41 PM    1    0.00    0.00    0.00    0.00    0.00    0.00    0.00    0.00    0.00  100.00
11:39:41 PM    2    0.00    0.00    0.00    0.00    0.00    0.00    0.00    0.00    0.00  100.00
11:39:41 PM    3    0.00    0.00    0.00    0.00    0.00   67.00    0.00    0.00    0.00   33.00

11:39:41 PM  CPU    %usr   %nice    %sys %iowait    %irq   %soft  %steal  %guest  %gnice   %idle
11:39:42 PM  all    0.00    0.00    0.00    0.25    0.50   29.50    0.00    0.00    0.00   69.75
11:39:42 PM    0    0.00    0.00    0.00    0.00    1.01   53.54    0.00    0.00    0.00   45.45
11:39:42 PM    1    0.00    0.00    0.00    0.00    0.00    0.00    0.00    0.00    0.00  100.00
11:39:42 PM    2    0.00    0.00    0.00    0.99    0.00    0.00    0.00    0.00    0.00   99.01
11:39:42 PM    3    0.00    0.00    0.00    0.00    1.00   65.00    0.00    0.00    0.00   34.00

11:39:42 PM  CPU    %usr   %nice    %sys %iowait    %irq   %soft  %steal  %guest  %gnice   %idle
11:39:43 PM  all    0.00    0.00    0.00    0.00    0.25   29.65    0.00    0.00    0.00   70.10
11:39:43 PM    0    0.00    0.00    0.00    0.00    1.01   53.54    0.00    0.00    0.00   45.45
11:39:43 PM    1    0.00    0.00    0.00    0.00    0.00    0.00    0.00    0.00    0.00  100.00
11:39:43 PM    2    0.00    0.00    0.00    0.00    0.00    0.00    0.00    0.00    0.00  100.00
11:39:43 PM    3    0.00    0.00    0.00    0.00    0.00   65.66    0.00    0.00    0.00   34.34

11:39:43 PM  CPU    %usr   %nice    %sys %iowait    %irq   %soft  %steal  %guest  %gnice   %idle
11:39:44 PM  all    0.00    0.00    0.00    0.00    0.75   29.75    0.00    0.00    0.00   69.50
11:39:44 PM    0    0.00    0.00    0.00    0.00    2.00   53.00    0.00    0.00    0.00   45.00
11:39:44 PM    1    0.00    0.00    0.00    0.00    0.00    0.00    0.00    0.00    0.00  100.00
11:39:44 PM    2    0.00    0.00    0.00    0.00    0.00    8.08    0.00    0.00    0.00   91.92
11:39:44 PM    3    0.00    0.00    0.00    0.00    0.99   57.43    0.00    0.00    0.00   41.58

11:39:44 PM  CPU    %usr   %nice    %sys %iowait    %irq   %soft  %steal  %guest  %gnice   %idle
11:39:45 PM  all    0.00    0.00    0.00    0.00    0.75   35.34    0.00    0.00    0.00   63.91
11:39:45 PM    0    0.00    0.00    0.00    0.00    1.00   59.00    0.00    0.00    0.00   40.00
11:39:45 PM    1    0.00    0.00    0.00    0.00    0.00    0.00    0.00    0.00    0.00  100.00
11:39:45 PM    2    0.00    0.00    0.00    0.00    1.00   41.00    0.00    0.00    0.00   58.00
11:39:45 PM    3    0.00    0.00    0.00    0.00    1.01   41.41    0.00    0.00    0.00   57.58

11:39:45 PM  CPU    %usr   %nice    %sys %iowait    %irq   %soft  %steal  %guest  %gnice   %idle
11:39:46 PM  all    0.00    0.00    0.00    0.50    0.50   34.42    0.00    0.00    0.00   64.57
11:39:46 PM    0    0.00    0.00    0.00    0.00    1.01   57.58    0.00    0.00    0.00   41.41
11:39:46 PM    1    0.00    0.00    0.00    2.00    0.00    0.00    0.00    0.00    0.00   98.00
11:39:46 PM    2    0.00    0.00    0.00    0.00    1.00   40.00    0.00    0.00    0.00   59.00
11:39:46 PM    3    0.00    0.00    0.00    0.00    0.00   40.40    0.00    0.00    0.00   59.60

11:39:46 PM  CPU    %usr   %nice    %sys %iowait    %irq   %soft  %steal  %guest  %gnice   %idle
11:39:47 PM  all    0.00    0.00    0.25    0.00    0.75   36.84    0.00    0.00    0.00   62.16
11:39:47 PM    0    0.00    0.00    0.00    0.00    2.00   61.00    0.00    0.00    0.00   37.00
11:39:47 PM    1    0.00    0.00    0.00    0.00    0.00    0.00    0.00    0.00    0.00  100.00
11:39:47 PM    2    0.00    0.00    1.00    0.00    0.00   43.00    0.00    0.00    0.00   56.00
11:39:47 PM    3    0.00    0.00    0.00    0.00    1.01   43.43    0.00    0.00    0.00   55.56

11:39:47 PM  CPU    %usr   %nice    %sys %iowait    %irq   %soft  %steal  %guest  %gnice   %idle
11:39:48 PM  all    0.00    0.00    0.00    0.00    0.75   33.58    0.00    0.00    0.00   65.66
11:39:48 PM    0    0.00    0.00    0.00    0.00    1.01   56.57    0.00    0.00    0.00   42.42
11:39:48 PM    1    0.00    0.00    0.00    0.00    0.00    0.00    0.00    0.00    0.00  100.00
11:39:48 PM    2    0.00    0.00    0.00    0.00    1.00   39.00    0.00    0.00    0.00   60.00
11:39:48 PM    3    0.00    0.00    0.00    0.00    1.00   39.00    0.00    0.00    0.00   60.00

11:39:48 PM  CPU    %usr   %nice    %sys %iowait    %irq   %soft  %steal  %guest  %gnice   %idle
11:39:49 PM  all    0.00    0.00    0.00    0.00    0.50   31.08    0.00    0.00    0.00   68.42
11:39:49 PM    0    0.00    0.00    0.00    0.00    1.00   55.00    0.00    0.00    0.00   44.00
11:39:49 PM    1    0.00    0.00    0.00    0.00    0.00    0.00    0.00    0.00    0.00  100.00
11:39:49 PM    2    0.00    0.00    0.00    0.00    0.00    7.07    0.00    0.00    0.00   92.93
11:39:49 PM    3    0.00    0.00    0.00    0.00    1.00   62.00    0.00    0.00    0.00   37.00

11:39:49 PM  CPU    %usr   %nice    %sys %iowait    %irq   %soft  %steal  %guest  %gnice   %idle
11:39:50 PM  all    0.00    0.00    0.00    0.00    0.25   29.57    0.00    0.00    0.00   70.18
11:39:50 PM    0    0.00    0.00    0.00    0.00    1.01   53.54    0.00    0.00    0.00   45.45
11:39:50 PM    1    0.00    0.00    0.00    0.00    0.00    0.00    0.00    0.00    0.00  100.00
11:39:50 PM    2    0.00    0.00    0.00    0.00    0.00    0.00    0.00    0.00    0.00  100.00
11:39:50 PM    3    0.00    0.00    0.00    0.00    0.00   65.00    0.00    0.00    0.00   35.00

11:39:50 PM  CPU    %usr   %nice    %sys %iowait    %irq   %soft  %steal  %guest  %gnice   %idle
11:39:51 PM  all    0.00    0.00    0.25    0.00    0.75   29.50    0.00    0.00    0.00   69.50
11:39:51 PM    0    0.00    0.00    0.99    0.00    1.98   52.48    0.00    0.00    0.00   44.55
11:39:51 PM    1    0.00    0.00    0.00    0.00    0.00    0.00    0.00    0.00    0.00  100.00
11:39:51 PM    2    0.00    0.00    0.00    0.00    0.00    0.00    0.00    0.00    0.00  100.00
11:39:51 PM    3    0.00    0.00    0.00    0.00    1.00   65.00    0.00    0.00    0.00   34.00

11:39:51 PM  CPU    %usr   %nice    %sys %iowait    %irq   %soft  %steal  %guest  %gnice   %idle
11:39:52 PM  all    0.00    0.00    0.00    0.00    0.25   30.05    0.00    0.00    0.00   69.70
11:39:52 PM    0    0.00    0.00    0.00    0.00    1.01   54.55    0.00    0.00    0.00   44.44
11:39:52 PM    1    0.00    0.00    0.00    0.00    0.00    0.00    0.00    0.00    0.00  100.00
11:39:52 PM    2    0.00    0.00    0.00    0.00    0.00    0.00    0.00    0.00    0.00  100.00
11:39:52 PM    3    0.00    0.00    0.00    0.00    0.00   66.33    0.00    0.00    0.00   33.67

11:39:52 PM  CPU    %usr   %nice    %sys %iowait    %irq   %soft  %steal  %guest  %gnice   %idle
11:39:53 PM  all    0.00    0.00    0.00    0.00    0.75   31.67    0.00    0.00    0.00   67.58
11:39:53 PM    0    0.00    0.00    0.00    0.00    1.00   56.00    0.00    0.00    0.00   43.00
11:39:53 PM    1    0.00    0.00    0.00    0.00    0.00    0.00    0.00    0.00    0.00  100.00
11:39:53 PM    2    0.00    0.00    0.00    0.00    1.00   16.00    0.00    0.00    0.00   83.00
11:39:53 PM    3    0.00    0.00    0.00    0.00    0.99   54.46    0.00    0.00    0.00   44.55

11:39:53 PM  CPU    %usr   %nice    %sys %iowait    %irq   %soft  %steal  %guest  %gnice   %idle
11:39:54 PM  all    0.00    0.00    0.00    0.00    1.00   31.25    0.00    0.00    0.00   67.75
11:39:54 PM    0    0.00    0.00    0.00    0.00    2.00   54.00    0.00    0.00    0.00   44.00
11:39:54 PM    1    0.00    0.00    0.00    0.00    0.00    0.00    0.00    0.00    0.00  100.00
11:39:54 PM    2    0.00    0.00    0.00    0.00    0.99   35.64    0.00    0.00    0.00   63.37
11:39:54 PM    3    0.00    0.00    0.00    0.00    1.01   35.35    0.00    0.00    0.00   63.64

11:39:54 PM  CPU    %usr   %nice    %sys %iowait    %irq   %soft  %steal  %guest  %gnice   %idle
11:39:55 PM  all    0.00    0.00    0.25    0.00    0.75   35.50    0.00    0.00    0.00   63.50
11:39:55 PM    0    0.00    0.00    0.00    0.00    1.01   59.60    0.00    0.00    0.00   39.39
11:39:55 PM    1    0.00    0.00    0.00    0.00    0.00    0.00    0.00    0.00    0.00  100.00
11:39:55 PM    2    0.00    0.00    1.00    0.00    1.00   41.00    0.00    0.00    0.00   57.00
11:39:55 PM    3    0.00    0.00    0.00    0.00    0.99   41.58    0.00    0.00    0.00   57.43

11:39:55 PM  CPU    %usr   %nice    %sys %iowait    %irq   %soft  %steal  %guest  %gnice   %idle
11:39:56 PM  all    0.00    0.00    0.00    0.00    0.25   35.10    0.00    0.00    0.00   64.65
11:39:56 PM    0    0.00    0.00    0.00    0.00    1.01   58.59    0.00    0.00    0.00   40.40
11:39:56 PM    1    0.00    0.00    0.00    0.00    0.00    0.00    0.00    0.00    0.00  100.00
11:39:56 PM    2    0.00    0.00    0.00    0.00    0.00   41.41    0.00    0.00    0.00   58.59
11:39:56 PM    3    0.00    0.00    0.00    0.00    0.00   40.82    0.00    0.00    0.00   59.18

11:39:56 PM  CPU    %usr   %nice    %sys %iowait    %irq   %soft  %steal  %guest  %gnice   %idle
11:39:57 PM  all    0.25    0.00    0.50    0.00    0.75   13.68    0.00    0.00    0.00   84.83
11:39:57 PM    0    0.00    0.00    0.00    0.00    0.99   22.77    0.00    0.00    0.00   76.24
11:39:57 PM    1    0.00    0.00    0.00    0.00    0.00    0.00    0.00    0.00    0.00  100.00
11:39:57 PM    2    0.98    0.00    0.98    0.00    0.98   15.69    0.00    0.00    0.00   81.37
11:39:57 PM    3    0.00    0.00    1.00    0.00    1.00   16.00    0.00    0.00    0.00   82.00

11:39:57 PM  CPU    %usr   %nice    %sys %iowait    %irq   %soft  %steal  %guest  %gnice   %idle
11:39:58 PM  all    0.00    0.00    0.00    0.00    0.00    0.00    0.00    0.00    0.00  100.00
11:39:58 PM    0    0.00    0.00    0.00    0.00    0.00    0.00    0.00    0.00    0.00  100.00
11:39:58 PM    1    0.00    0.00    0.00    0.00    0.00    0.00    0.00    0.00    0.00  100.00
11:39:58 PM    2    0.00    0.00    0.00    0.00    0.00    0.00    0.00    0.00    0.00  100.00
11:39:58 PM    3    0.00    0.00    0.00    0.00    0.00    0.00    0.00    0.00    0.00  100.00

11:39:58 PM  CPU    %usr   %nice    %sys %iowait    %irq   %soft  %steal  %guest  %gnice   %idle
11:39:59 PM  all    0.00    0.00    0.00    0.00    0.00    0.00    0.00    0.00    0.00  100.00
11:39:59 PM    0    0.00    0.00    0.00    0.00    0.00    0.00    0.00    0.00    0.00  100.00
11:39:59 PM    1    0.00    0.00    0.00    0.00    0.00    0.00    0.00    0.00    0.00  100.00
11:39:59 PM    2    0.00    0.00    0.00    0.00    0.00    0.00    0.00    0.00    0.00  100.00
11:39:59 PM    3    0.00    0.00    0.00    0.00    0.00    0.00    0.00    0.00    0.00  100.00

11:39:59 PM  CPU    %usr   %nice    %sys %iowait    %irq   %soft  %steal  %guest  %gnice   %idle
11:40:00 PM  all    0.00    0.00    0.00    0.00    0.00    0.00    0.00    0.00    0.00  100.00
11:40:00 PM    0    0.00    0.00    0.00    0.00    0.00    0.00    0.00    0.00    0.00  100.00
11:40:00 PM    1    0.00    0.00    0.00    0.00    0.00    0.00    0.00    0.00    0.00  100.00
11:40:00 PM    2    0.00    0.00    0.00    0.00    0.00    0.00    0.00    0.00    0.00  100.00
11:40:00 PM    3    0.00    0.00    0.00    0.00    0.00    0.00    0.00    0.00    0.00  100.00

11:40:00 PM  CPU    %usr   %nice    %sys %iowait    %irq   %soft  %steal  %guest  %gnice   %idle
11:40:01 PM  all    0.25    0.00    0.00    0.00    0.00    0.00    0.00    0.00    0.00   99.75
11:40:01 PM    0    0.00    0.00    0.00    0.00    0.00    0.00    0.00    0.00    0.00  100.00
11:40:01 PM    1    0.00    0.00    0.00    0.00    0.00    0.00    0.00    0.00    0.00  100.00
11:40:01 PM    2    0.99    0.00    0.00    0.00    0.00    0.00    0.00    0.00    0.00   99.01
11:40:01 PM    3    0.00    0.00    0.00    0.00    0.00    0.00    0.00    0.00    0.00  100.00

11:40:01 PM  CPU    %usr   %nice    %sys %iowait    %irq   %soft  %steal  %guest  %gnice   %idle
11:40:02 PM  all    0.00    0.00    0.00    0.00    0.00    0.00    0.00    0.00    0.00  100.00
11:40:02 PM    0    0.00    0.00    0.00    0.00    0.00    0.00    0.00    0.00    0.00  100.00
11:40:02 PM    1    0.00    0.00    0.00    0.00    0.00    0.00    0.00    0.00    0.00  100.00
11:40:02 PM    2    0.00    0.00    0.00    0.00    0.00    0.00    0.00    0.00    0.00  100.00
11:40:02 PM    3    0.00    0.00    0.00    0.00    0.00    0.00    0.00    0.00    0.00  100.00

11:40:02 PM  CPU    %usr   %nice    %sys %iowait    %irq   %soft  %steal  %guest  %gnice   %idle
11:40:03 PM  all    0.00    0.00    0.00    0.00    0.00    0.00    0.00    0.00    0.00  100.00
11:40:03 PM    0    0.00    0.00    0.00    0.00    0.00    0.00    0.00    0.00    0.00  100.00
11:40:03 PM    1    0.00    0.00    0.00    0.00    0.00    0.00    0.00    0.00    0.00  100.00
11:40:03 PM    2    0.00    0.00    0.00    0.00    0.00    0.00    0.00    0.00    0.00  100.00
11:40:03 PM    3    0.00    0.00    0.00    0.00    0.00    0.00    0.00    0.00    0.00  100.00

11:40:03 PM  CPU    %usr   %nice    %sys %iowait    %irq   %soft  %steal  %guest  %gnice   %idle
11:40:04 PM  all    0.50    0.00    0.50    0.00    0.00    0.00    0.00    0.00    0.00   99.00
11:40:04 PM    0    0.00    0.00    0.00    0.00    0.00    0.00    0.00    0.00    0.00  100.00
11:40:04 PM    1    0.98    0.00    0.98    0.00    0.00    0.00    0.00    0.00    0.00   98.04
11:40:04 PM    2    0.99    0.00    0.99    0.00    0.00    0.00    0.00    0.00    0.00   98.02
11:40:04 PM    3    0.00    0.00    0.00    0.00    0.00    0.00    0.00    0.00    0.00  100.00

11:40:04 PM  CPU    %usr   %nice    %sys %iowait    %irq   %soft  %steal  %guest  %gnice   %idle
11:40:05 PM  all    0.00    0.00    0.00    0.00    0.00    0.25    0.00    0.00    0.00   99.75
11:40:05 PM    0    0.00    0.00    0.00    0.00    0.00    0.00    0.00    0.00    0.00  100.00
11:40:05 PM    1    0.00    0.00    0.00    0.00    0.00    0.00    0.00    0.00    0.00  100.00
11:40:05 PM    2    0.00    0.00    0.00    0.00    0.00    0.00    0.00    0.00    0.00  100.00
11:40:05 PM    3    0.00    0.00    0.00    0.00    0.00    0.99    0.00    0.00    0.00   99.01

Average:     CPU    %usr   %nice    %sys %iowait    %irq   %soft  %steal  %guest  %gnice   %idle
Average:     all    0.03    0.00    0.05    0.02    0.50   26.65    0.00    0.00    0.00   72.76
Average:       0    0.00    0.00    0.03    0.00    1.14   50.98    0.00    0.00    0.00   47.85
Average:       1    0.03    0.00    0.03    0.03    0.15   12.73    0.00    0.00    0.00   87.02
Average:       2    0.08    0.00    0.07    0.02    0.20    8.42    0.00    0.00    0.00   91.21
Average:       3    0.02    0.00    0.05    0.02    0.50   34.54    0.00    0.00    0.00   64.87
