Linux 7.2.0-rc1 (bpi-f3) 	07/12/2026 	_riscv64_	(8 CPU)

04:48:08 AM  CPU    %usr   %nice    %sys %iowait    %irq   %soft  %steal  %guest  %gnice   %idle
04:48:09 AM  all    0.00    0.00    0.00    0.00    3.37   34.16    0.00    0.00    0.00   62.47
04:48:09 AM    0    0.00    0.00    0.00    0.00   24.00   76.00    0.00    0.00    0.00    0.00
04:48:09 AM    1    0.00    0.00    0.00    0.00    0.00    0.00    0.00    0.00    0.00  100.00
04:48:09 AM    2    0.00    0.00    0.00    0.00    1.00   99.00    0.00    0.00    0.00    0.00
04:48:09 AM    3    0.00    0.00    0.00    0.00    0.00    0.00    0.00    0.00    0.00  100.00
04:48:09 AM    4    0.00    0.00    0.00    0.00    0.00    0.00    0.00    0.00    0.00  100.00
04:48:09 AM    5    0.00    0.00    0.00    0.00    0.99    0.00    0.00    0.00    0.00   99.01
04:48:09 AM    6    0.00    0.00    0.00    0.00    1.00   99.00    0.00    0.00    0.00    0.00
04:48:09 AM    7    0.00    0.00    0.00    0.00    0.00    0.00    0.00    0.00    0.00  100.00

04:48:09 AM  CPU    %usr   %nice    %sys %iowait    %irq   %soft  %steal  %guest  %gnice   %idle
04:48:10 AM  all    0.00    0.00    0.12    0.12    2.87   34.46    0.00    0.00    0.00   62.42
04:48:10 AM    0    0.00    0.00    1.00    0.00   23.00   76.00    0.00    0.00    0.00    0.00
04:48:10 AM    1    0.00    0.00    0.00    0.00    0.00    0.00    0.00    0.00    0.00  100.00
04:48:10 AM    2    0.00    0.00    0.00    0.00    0.00  100.00    0.00    0.00    0.00    0.00
04:48:10 AM    3    0.00    0.00    0.00    0.99    0.00    0.00    0.00    0.00    0.00   99.01
04:48:10 AM    4    0.00    0.00    0.00    0.00    0.00    0.00    0.00    0.00    0.00  100.00
04:48:10 AM    5    0.00    0.00    0.00    0.00    0.00    0.00    0.00    0.00    0.00  100.00
04:48:10 AM    6    0.00    0.00    0.00    0.00    0.00  100.00    0.00    0.00    0.00    0.00
04:48:10 AM    7    0.00    0.00    0.00    0.00    0.00    0.00    0.00    0.00    0.00  100.00

04:48:10 AM  CPU    %usr   %nice    %sys %iowait    %irq   %soft  %steal  %guest  %gnice   %idle
04:48:11 AM  all    0.00    0.00    0.00    0.00    3.12   34.25    0.00    0.00    0.00   62.62
04:48:11 AM    0    0.00    0.00    0.00    0.00   23.23   76.77    0.00    0.00    0.00    0.00
04:48:11 AM    1    0.00    0.00    0.00    0.00    0.00    0.00    0.00    0.00    0.00  100.00
04:48:11 AM    2    0.00    0.00    0.00    0.00    1.00   99.00    0.00    0.00    0.00    0.00
04:48:11 AM    3    0.00    0.00    0.00    0.00    0.00    0.00    0.00    0.00    0.00  100.00
04:48:11 AM    4    0.00    0.00    0.00    0.00    0.00    0.00    0.00    0.00    0.00  100.00
04:48:11 AM    5    0.00    0.00    0.00    0.00    0.00    0.00    0.00    0.00    0.00  100.00
04:48:11 AM    6    0.00    0.00    0.00    0.00    1.00   99.00    0.00    0.00    0.00    0.00
04:48:11 AM    7    0.00    0.00    0.00    0.00    0.00    0.00    0.00    0.00    0.00  100.00

04:48:11 AM  CPU    %usr   %nice    %sys %iowait    %irq   %soft  %steal  %guest  %gnice   %idle
04:48:12 AM  all    0.00    0.00    0.12    0.00    4.86   11.96    0.00    0.00    0.00   83.06
04:48:12 AM    0    0.00    0.00    0.99    0.00   37.62   61.39    0.00    0.00    0.00    0.00
04:48:12 AM    1    0.00    0.00    0.00    0.00    0.98    0.98    0.00    0.00    0.00   98.04
04:48:12 AM    2    0.00    0.00    0.00    0.00    0.00    4.00    0.00    0.00    0.00   96.00
04:48:12 AM    3    0.00    0.00    0.00    0.00    0.00    0.00    0.00    0.00    0.00  100.00
04:48:12 AM    4    0.00    0.00    0.00    0.00    0.00    0.00    0.00    0.00    0.00  100.00
04:48:12 AM    5    0.00    0.00    0.00    0.00    0.00   25.00    0.00    0.00    0.00   75.00
04:48:12 AM    6    0.00    0.00    0.00    0.00    0.00    4.00    0.00    0.00    0.00   96.00
04:48:12 AM    7    0.00    0.00    0.00    0.00    0.00    0.00    0.00    0.00    0.00  100.00

04:48:12 AM  CPU    %usr   %nice    %sys %iowait    %irq   %soft  %steal  %guest  %gnice   %idle
04:48:13 AM  all    0.00    0.00    0.00    0.00    4.74   10.86    0.00    0.00    0.00   84.39
04:48:13 AM    0    0.00    0.00    0.00    0.00   38.00   62.00    0.00    0.00    0.00    0.00
04:48:13 AM    1    0.00    0.00    0.00    0.00    0.00    0.00    0.00    0.00    0.00  100.00
04:48:13 AM    2    0.00    0.00    0.00    0.00    0.00    0.00    0.00    0.00    0.00  100.00
04:48:13 AM    3    0.00    0.00    0.00    0.00    0.00    0.00    0.00    0.00    0.00  100.00
04:48:13 AM    4    0.00    0.00    0.00    0.00    0.00    0.00    0.00    0.00    0.00  100.00
04:48:13 AM    5    0.00    0.00    0.00    0.00    0.00   25.00    0.00    0.00    0.00   75.00
04:48:13 AM    6    0.00    0.00    0.00    0.00    0.00    0.00    0.00    0.00    0.00  100.00
04:48:13 AM    7    0.00    0.00    0.00    0.00    0.00    0.00    0.00    0.00    0.00  100.00

04:48:13 AM  CPU    %usr   %nice    %sys %iowait    %irq   %soft  %steal  %guest  %gnice   %idle
04:48:14 AM  all    0.00    0.00    0.00    0.00    4.73   10.95    0.00    0.00    0.00   84.33
04:48:14 AM    0    0.00    0.00    0.00    0.00   38.00   62.00    0.00    0.00    0.00    0.00
04:48:14 AM    1    0.00    0.00    0.00    0.00    0.00    0.00    0.00    0.00    0.00  100.00
04:48:14 AM    2    0.00    0.00    0.00    0.00    0.00    0.00    0.00    0.00    0.00  100.00
04:48:14 AM    3    0.00    0.00    0.00    0.00    0.00    0.00    0.00    0.00    0.00  100.00
04:48:14 AM    4    0.00    0.00    0.00    0.00    0.00    0.00    0.00    0.00    0.00  100.00
04:48:14 AM    5    0.00    0.00    0.00    0.00    0.00   25.74    0.00    0.00    0.00   74.26
04:48:14 AM    6    0.00    0.00    0.00    0.00    0.00    0.00    0.00    0.00    0.00  100.00
04:48:14 AM    7    0.00    0.00    0.00    0.00    0.00    0.00    0.00    0.00    0.00  100.00

04:48:14 AM  CPU    %usr   %nice    %sys %iowait    %irq   %soft  %steal  %guest  %gnice   %idle
04:48:15 AM  all    0.00    0.00    0.12    0.00    4.61   10.85    0.00    0.00    0.00   84.41
04:48:15 AM    0    0.00    0.00    1.00    0.00   37.00   62.00    0.00    0.00    0.00    0.00
04:48:15 AM    1    0.00    0.00    0.00    0.00    0.00    0.00    0.00    0.00    0.00  100.00
04:48:15 AM    2    0.00    0.00    0.00    0.00    0.00    0.00    0.00    0.00    0.00  100.00
04:48:15 AM    3    0.00    0.00    0.00    0.00    0.00    0.00    0.00    0.00    0.00  100.00
04:48:15 AM    4    0.00    0.00    0.00    0.00    0.00    0.00    0.00    0.00    0.00  100.00
04:48:15 AM    5    0.00    0.00    0.00    0.00    0.00   25.25    0.00    0.00    0.00   74.75
04:48:15 AM    6    0.00    0.00    0.00    0.00    0.00    0.00    0.00    0.00    0.00  100.00
04:48:15 AM    7    0.00    0.00    0.00    0.00    0.00    0.00    0.00    0.00    0.00  100.00

04:48:15 AM  CPU    %usr   %nice    %sys %iowait    %irq   %soft  %steal  %guest  %gnice   %idle
04:48:16 AM  all    0.00    0.00    0.00    0.00    3.87   23.85    0.00    0.00    0.00   72.28
04:48:16 AM    0    0.00    0.00    0.00    0.00   30.00   70.00    0.00    0.00    0.00    0.00
04:48:16 AM    1    0.00    0.00    0.00    0.00    0.00    0.00    0.00    0.00    0.00  100.00
04:48:16 AM    2    0.00    0.00    0.00    0.00    0.99   54.46    0.00    0.00    0.00   44.55
04:48:16 AM    3    0.00    0.00    0.00    0.00    0.00    0.00    0.00    0.00    0.00  100.00
04:48:16 AM    4    0.00    0.00    0.00    0.00    0.00   55.00    0.00    0.00    0.00   45.00
04:48:16 AM    5    0.00    0.00    0.00    0.00    0.00   11.00    0.00    0.00    0.00   89.00
04:48:16 AM    6    0.00    0.00    0.00    0.00    0.00    0.00    0.00    0.00    0.00  100.00
04:48:16 AM    7    0.00    0.00    0.00    0.00    0.00    0.00    0.00    0.00    0.00  100.00

04:48:16 AM  CPU    %usr   %nice    %sys %iowait    %irq   %soft  %steal  %guest  %gnice   %idle
04:48:17 AM  all    0.00    0.00    0.25    0.00    3.00   34.12    0.00    0.00    0.00   62.62
04:48:17 AM    0    0.00    0.00    2.00    0.00   23.00   75.00    0.00    0.00    0.00    0.00
04:48:17 AM    1    0.00    0.00    0.00    0.00    0.00    0.00    0.00    0.00    0.00  100.00
04:48:17 AM    2    0.00    0.00    0.00    0.00    0.00  100.00    0.00    0.00    0.00    0.00
04:48:17 AM    3    0.00    0.00    0.00    0.00    0.00    0.00    0.00    0.00    0.00  100.00
04:48:17 AM    4    0.00    0.00    0.00    0.00    1.00   99.00    0.00    0.00    0.00    0.00
04:48:17 AM    5    0.00    0.00    0.00    0.00    0.00    0.00    0.00    0.00    0.00  100.00
04:48:17 AM    6    0.00    0.00    0.00    0.00    0.00    0.00    0.00    0.00    0.00  100.00
04:48:17 AM    7    0.00    0.00    0.00    0.00    0.00    0.00    0.00    0.00    0.00  100.00

04:48:17 AM  CPU    %usr   %nice    %sys %iowait    %irq   %soft  %steal  %guest  %gnice   %idle
04:48:18 AM  all    0.00    0.00    0.12    0.00    3.12   34.33    0.00    0.00    0.00   62.42
04:48:18 AM    0    0.00    0.00    0.99    0.00   23.76   75.25    0.00    0.00    0.00    0.00
04:48:18 AM    1    0.00    0.00    0.00    0.00    0.00    0.99    0.00    0.00    0.00   99.01
04:48:18 AM    2    0.00    0.00    0.00    0.00    1.00   99.00    0.00    0.00    0.00    0.00
04:48:18 AM    3    0.00    0.00    0.00    0.00    0.00    0.00    0.00    0.00    0.00  100.00
04:48:18 AM    4    0.00    0.00    0.00    0.00    0.00  100.00    0.00    0.00    0.00    0.00
04:48:18 AM    5    0.00    0.00    0.00    0.00    0.00    0.00    0.00    0.00    0.00  100.00
04:48:18 AM    6    0.00    0.00    0.00    0.00    0.00    0.00    0.00    0.00    0.00  100.00
04:48:18 AM    7    0.00    0.00    0.00    0.00    0.00    0.00    0.00    0.00    0.00  100.00

04:48:18 AM  CPU    %usr   %nice    %sys %iowait    %irq   %soft  %steal  %guest  %gnice   %idle
04:48:19 AM  all    0.00    0.00    0.12    0.00    3.12   34.21    0.00    0.00    0.00   62.55
04:48:19 AM    0    0.00    0.00    1.01    0.00   23.23   75.76    0.00    0.00    0.00    0.00
04:48:19 AM    1    0.00    0.00    0.00    0.00    0.00    0.00    0.00    0.00    0.00  100.00
04:48:19 AM    2    0.00    0.00    0.00    0.00    1.00   99.00    0.00    0.00    0.00    0.00
04:48:19 AM    3    0.00    0.00    0.00    0.00    0.00    0.00    0.00    0.00    0.00  100.00
04:48:19 AM    4    0.00    0.00    0.00    0.00    0.99   99.01    0.00    0.00    0.00    0.00
04:48:19 AM    5    0.00    0.00    0.00    0.00    0.00    0.00    0.00    0.00    0.00  100.00
04:48:19 AM    6    0.00    0.00    0.00    0.00    0.00    0.00    0.00    0.00    0.00  100.00
04:48:19 AM    7    0.00    0.00    0.00    0.00    0.00    0.00    0.00    0.00    0.00  100.00

04:48:19 AM  CPU    %usr   %nice    %sys %iowait    %irq   %soft  %steal  %guest  %gnice   %idle
04:48:20 AM  all    0.00    0.00    0.25    0.00    3.00   34.50    0.00    0.00    0.00   62.25
04:48:20 AM    0    0.00    0.00    2.00    0.00   23.00   75.00    0.00    0.00    0.00    0.00
04:48:20 AM    1    0.00    0.00    0.00    0.00    0.00    0.00    0.00    0.00    0.00  100.00
04:48:20 AM    2    0.00    0.00    0.00    0.00    0.99   83.17    0.00    0.00    0.00   15.84
04:48:20 AM    3    0.00    0.00    0.00    0.00    0.00   17.00    0.00    0.00    0.00   83.00
04:48:20 AM    4    0.00    0.00    0.00    0.00    0.00   83.84    0.00    0.00    0.00   16.16
04:48:20 AM    5    0.00    0.00    0.00    0.00    0.00    0.00    0.00    0.00    0.00  100.00
04:48:20 AM    6    0.00    0.00    0.00    0.00    0.00   17.17    0.00    0.00    0.00   82.83
04:48:20 AM    7    0.00    0.00    0.00    0.00    0.00    0.00    0.00    0.00    0.00  100.00

04:48:20 AM  CPU    %usr   %nice    %sys %iowait    %irq   %soft  %steal  %guest  %gnice   %idle
04:48:21 AM  all    0.50    0.00    0.87    0.00    3.24   34.37    0.00    0.00    0.00   61.02
04:48:21 AM    0    0.00    0.00    1.00    0.00   23.00   76.00    0.00    0.00    0.00    0.00
04:48:21 AM    1    0.00    0.00    0.00    0.00    0.00    0.00    0.00    0.00    0.00  100.00
04:48:21 AM    2    1.98    0.00    0.00    0.00    0.00    0.00    0.00    0.00    0.00   98.02
04:48:21 AM    3    0.00    0.00    0.00    0.00    0.99   99.01    0.00    0.00    0.00    0.00
04:48:21 AM    4    1.00    0.00    2.00    0.00    1.00    0.00    0.00    0.00    0.00   96.00
04:48:21 AM    5    1.00    0.00    2.00    0.00    0.00    0.00    0.00    0.00    0.00   97.00
04:48:21 AM    6    0.00    0.00    0.00    0.00    0.99   99.01    0.00    0.00    0.00    0.00
04:48:21 AM    7    0.00    0.00    2.00    0.00    0.00    0.00    0.00    0.00    0.00   98.00

04:48:21 AM  CPU    %usr   %nice    %sys %iowait    %irq   %soft  %steal  %guest  %gnice   %idle
04:48:22 AM  all    0.12    0.00    0.12    0.00    2.99   34.16    0.00    0.00    0.00   62.59
04:48:22 AM    0    0.00    0.00    1.00    0.00   23.00   76.00    0.00    0.00    0.00    0.00
04:48:22 AM    1    0.00    0.00    0.00    0.00    0.00    0.00    0.00    0.00    0.00  100.00
04:48:22 AM    2    0.00    0.00    0.00    0.00    0.00    0.00    0.00    0.00    0.00  100.00
04:48:22 AM    3    0.00    0.00    0.00    0.00    1.00   99.00    0.00    0.00    0.00    0.00
04:48:22 AM    4    0.00    0.00    0.00    0.00    0.00    0.00    0.00    0.00    0.00  100.00
04:48:22 AM    5    0.00    0.00    0.00    0.00    0.00    0.00    0.00    0.00    0.00  100.00
04:48:22 AM    6    0.00    0.00    0.00    0.00    0.00  100.00    0.00    0.00    0.00    0.00
04:48:22 AM    7    0.98    0.00    0.00    0.00    0.00    0.00    0.00    0.00    0.00   99.02

04:48:22 AM  CPU    %usr   %nice    %sys %iowait    %irq   %soft  %steal  %guest  %gnice   %idle
04:48:23 AM  all    0.12    0.00    0.25    0.00    2.99   34.37    0.00    0.00    0.00   62.27
04:48:23 AM    0    0.00    0.00    1.98    0.00   22.77   75.25    0.00    0.00    0.00    0.00
04:48:23 AM    1    0.00    0.00    0.00    0.00    0.00    0.99    0.00    0.00    0.00   99.01
04:48:23 AM    2    0.00    0.00    0.00    0.00    0.00    0.00    0.00    0.00    0.00  100.00
04:48:23 AM    3    0.00    0.00    0.00    0.00    0.00  100.00    0.00    0.00    0.00    0.00
04:48:23 AM    4    0.00    0.00    0.00    0.00    0.00    0.00    0.00    0.00    0.00  100.00
04:48:23 AM    5    0.99    0.00    0.00    0.00    0.00    0.00    0.00    0.00    0.00   99.01
04:48:23 AM    6    0.00    0.00    0.00    0.00    0.99   99.01    0.00    0.00    0.00    0.00
04:48:23 AM    7    0.00    0.00    0.00    0.00    0.00    0.00    0.00    0.00    0.00  100.00

04:48:23 AM  CPU    %usr   %nice    %sys %iowait    %irq   %soft  %steal  %guest  %gnice   %idle
04:48:24 AM  all    0.13    0.00    0.13    0.00    2.88   34.29    0.00    0.00    0.00   62.58
04:48:24 AM    0    0.00    0.00    1.01    0.00   22.22   76.77    0.00    0.00    0.00    0.00
04:48:24 AM    1    0.00    0.00    0.00    0.00    0.00    0.00    0.00    0.00    0.00  100.00
04:48:24 AM    2    0.00    0.00    0.00    0.00    0.00    0.00    0.00    0.00    0.00  100.00
04:48:24 AM    3    0.00    0.00    0.00    0.00    1.00   99.00    0.00    0.00    0.00    0.00
04:48:24 AM    4    0.00    0.00    0.00    0.00    0.00    0.00    0.00    0.00    0.00  100.00
04:48:24 AM    5    0.00    0.00    0.00    0.00    0.00    0.00    0.00    0.00    0.00  100.00
04:48:24 AM    6    0.00    0.00    0.00    0.00    0.00  100.00    0.00    0.00    0.00    0.00
04:48:24 AM    7    0.99    0.00    0.00    0.00    0.00    0.00    0.00    0.00    0.00   99.01

04:48:24 AM  CPU    %usr   %nice    %sys %iowait    %irq   %soft  %steal  %guest  %gnice   %idle
04:48:25 AM  all    0.00    0.00    0.00    0.00    4.49   16.58    0.00    0.00    0.00   78.93
04:48:25 AM    0    0.00    0.00    0.00    0.00   35.00   65.00    0.00    0.00    0.00    0.00
04:48:25 AM    1    0.00    0.00    0.00    0.00    0.00    0.00    0.00    0.00    0.00  100.00
04:48:25 AM    2    0.00    0.00    0.00    0.00    0.00    0.00    0.00    0.00    0.00  100.00
04:48:25 AM    3    0.00    0.00    0.00    0.00    0.00   24.00    0.00    0.00    0.00   76.00
04:48:25 AM    4    0.00    0.00    0.00    0.00    0.00   19.80    0.00    0.00    0.00   80.20
04:48:25 AM    5    0.00    0.00    0.00    0.00    0.00    0.00    0.00    0.00    0.00  100.00
04:48:25 AM    6    0.00    0.00    0.00    0.00    0.99   23.76    0.00    0.00    0.00   75.25
04:48:25 AM    7    0.00    0.00    0.00    0.00    0.00    0.00    0.00    0.00    0.00  100.00

04:48:25 AM  CPU    %usr   %nice    %sys %iowait    %irq   %soft  %steal  %guest  %gnice   %idle
04:48:26 AM  all    0.00    0.00    0.13    0.00    4.63   11.01    0.00    0.00    0.00   84.23
04:48:26 AM    0    0.00    0.00    1.00    0.00   37.00   62.00    0.00    0.00    0.00    0.00
04:48:26 AM    1    0.00    0.00    0.00    0.00    0.00    0.00    0.00    0.00    0.00  100.00
04:48:26 AM    2    0.00    0.00    0.00    0.00    0.00    0.00    0.00    0.00    0.00  100.00
04:48:26 AM    3    0.00    0.00    0.00    0.00    0.00    0.00    0.00    0.00    0.00  100.00
04:48:26 AM    4    0.00    0.00    0.00    0.00    0.00   26.00    0.00    0.00    0.00   74.00
04:48:26 AM    5    0.00    0.00    0.00    0.00    0.00    0.00    0.00    0.00    0.00  100.00
04:48:26 AM    6    0.00    0.00    0.00    0.00    0.00    0.00    0.00    0.00    0.00  100.00
04:48:26 AM    7    0.00    0.00    0.00    0.00    0.00    0.00    0.00    0.00    0.00  100.00

04:48:26 AM  CPU    %usr   %nice    %sys %iowait    %irq   %soft  %steal  %guest  %gnice   %idle
04:48:27 AM  all    0.00    0.00    0.00    0.00    4.74   10.86    0.00    0.00    0.00   84.39
04:48:27 AM    0    0.00    0.00    0.00    0.00   38.00   62.00    0.00    0.00    0.00    0.00
04:48:27 AM    1    0.00    0.00    0.00    0.00    0.00    0.00    0.00    0.00    0.00  100.00
04:48:27 AM    2    0.00    0.00    0.00    0.00    0.00    0.00    0.00    0.00    0.00  100.00
04:48:27 AM    3    0.00    0.00    0.00    0.00    0.00    0.00    0.00    0.00    0.00  100.00
04:48:27 AM    4    0.00    0.00    0.00    0.00    0.00   25.00    0.00    0.00    0.00   75.00
04:48:27 AM    5    0.00    0.00    0.00    0.00    0.00    0.00    0.00    0.00    0.00  100.00
04:48:27 AM    6    0.00    0.00    0.00    0.00    0.00    0.00    0.00    0.00    0.00  100.00
04:48:27 AM    7    0.00    0.00    0.00    0.00    0.00    0.00    0.00    0.00    0.00  100.00

04:48:27 AM  CPU    %usr   %nice    %sys %iowait    %irq   %soft  %steal  %guest  %gnice   %idle
04:48:28 AM  all    0.00    0.00    0.00    0.00    4.88   10.88    0.00    0.00    0.00   84.25
04:48:28 AM    0    0.00    0.00    0.00    0.00   38.00   62.00    0.00    0.00    0.00    0.00
04:48:28 AM    1    0.00    0.00    0.00    0.00    0.99    0.00    0.00    0.00    0.00   99.01
04:48:28 AM    2    0.00    0.00    0.00    0.00    0.00    0.00    0.00    0.00    0.00  100.00
04:48:28 AM    3    0.00    0.00    0.00    0.00    0.00    0.00    0.00    0.00    0.00  100.00
04:48:28 AM    4    0.00    0.00    0.00    0.00    0.00   25.25    0.00    0.00    0.00   74.75
04:48:28 AM    5    0.00    0.00    0.00    0.00    0.00    0.00    0.00    0.00    0.00  100.00
04:48:28 AM    6    0.00    0.00    0.00    0.00    0.00    0.00    0.00    0.00    0.00  100.00
04:48:28 AM    7    0.00    0.00    0.00    0.00    0.00    0.00    0.00    0.00    0.00  100.00

04:48:28 AM  CPU    %usr   %nice    %sys %iowait    %irq   %soft  %steal  %guest  %gnice   %idle
04:48:29 AM  all    0.00    0.00    0.12    0.00    4.11   19.08    0.00    0.00    0.00   76.68
04:48:29 AM    0    0.00    0.00    0.99    0.00   32.67   66.34    0.00    0.00    0.00    0.00
04:48:29 AM    1    0.00    0.00    0.00    0.00    0.00   35.00    0.00    0.00    0.00   65.00
04:48:29 AM    2    0.00    0.00    0.00    0.00    0.00    0.00    0.00    0.00    0.00  100.00
04:48:29 AM    3    0.00    0.00    0.00    0.00    0.00    0.00    0.00    0.00    0.00  100.00
04:48:29 AM    4    0.00    0.00    0.00    0.00    0.00   16.00    0.00    0.00    0.00   84.00
04:48:29 AM    5    0.00    0.00    0.00    0.00    0.00    0.00    0.00    0.00    0.00  100.00
04:48:29 AM    6    0.00    0.00    0.00    0.00    0.00    0.00    0.00    0.00    0.00  100.00
04:48:29 AM    7    0.00    0.00    0.00    0.00    0.00   35.00    0.00    0.00    0.00   65.00

04:48:29 AM  CPU    %usr   %nice    %sys %iowait    %irq   %soft  %steal  %guest  %gnice   %idle
04:48:30 AM  all    0.00    0.00    0.12    0.00    2.99   34.41    0.00    0.00    0.00   62.47
04:48:30 AM    0    0.00    0.00    1.01    0.00   22.22   76.77    0.00    0.00    0.00    0.00
04:48:30 AM    1    0.00    0.00    0.00    0.00    0.99   99.01    0.00    0.00    0.00    0.00
04:48:30 AM    2    0.00    0.00    0.00    0.00    0.00    0.00    0.00    0.00    0.00  100.00
04:48:30 AM    3    0.00    0.00    0.00    0.00    0.00    0.00    0.00    0.00    0.00  100.00
04:48:30 AM    4    0.00    0.00    0.00    0.00    0.00    0.00    0.00    0.00    0.00  100.00
04:48:30 AM    5    0.00    0.00    0.00    0.00    0.00    0.00    0.00    0.00    0.00  100.00
04:48:30 AM    6    0.00    0.00    0.00    0.00    0.00    0.00    0.00    0.00    0.00  100.00
04:48:30 AM    7    0.00    0.00    0.00    0.00    0.99   99.01    0.00    0.00    0.00    0.00

04:48:30 AM  CPU    %usr   %nice    %sys %iowait    %irq   %soft  %steal  %guest  %gnice   %idle
04:48:31 AM  all    0.00    0.00    0.25    0.00    3.00   34.29    0.00    0.00    0.00   62.45
04:48:31 AM    0    0.00    0.00    1.98    0.00   22.77   75.25    0.00    0.00    0.00    0.00
04:48:31 AM    1    0.00    0.00    0.00    0.00    0.00  100.00    0.00    0.00    0.00    0.00
04:48:31 AM    2    0.00    0.00    0.00    0.00    0.00    0.00    0.00    0.00    0.00  100.00
04:48:31 AM    3    0.00    0.00    0.00    0.00    0.99    0.00    0.00    0.00    0.00   99.01
04:48:31 AM    4    0.00    0.00    0.00    0.00    0.00    0.00    0.00    0.00    0.00  100.00
04:48:31 AM    5    0.00    0.00    0.00    0.00    0.00    0.00    0.00    0.00    0.00  100.00
04:48:31 AM    6    0.00    0.00    0.00    0.00    0.00    0.00    0.00    0.00    0.00  100.00
04:48:31 AM    7    0.00    0.00    0.00    0.00    0.00  100.00    0.00    0.00    0.00    0.00

04:48:31 AM  CPU    %usr   %nice    %sys %iowait    %irq   %soft  %steal  %guest  %gnice   %idle
04:48:32 AM  all    0.00    0.00    0.12    0.00    2.99   34.29    0.00    0.00    0.00   62.59
04:48:32 AM    0    0.00    0.00    1.01    0.00   22.22   76.77    0.00    0.00    0.00    0.00
04:48:32 AM    1    0.00    0.00    0.00    0.00    1.00   99.00    0.00    0.00    0.00    0.00
04:48:32 AM    2    0.00    0.00    0.00    0.00    0.00    0.00    0.00    0.00    0.00  100.00
04:48:32 AM    3    0.00    0.00    0.00    0.00    0.00    0.00    0.00    0.00    0.00  100.00
04:48:32 AM    4    0.00    0.00    0.00    0.00    0.00    0.00    0.00    0.00    0.00  100.00
04:48:32 AM    5    0.00    0.00    0.00    0.00    0.00    0.00    0.00    0.00    0.00  100.00
04:48:32 AM    6    0.00    0.00    0.00    0.00    0.00    0.00    0.00    0.00    0.00  100.00
04:48:32 AM    7    0.00    0.00    0.00    0.00    0.99   99.01    0.00    0.00    0.00    0.00

04:48:32 AM  CPU    %usr   %nice    %sys %iowait    %irq   %soft  %steal  %guest  %gnice   %idle
04:48:33 AM  all    0.00    0.00    0.12    0.00    3.24   34.16    0.00    0.00    0.00   62.47
04:48:33 AM    0    0.00    0.00    1.00    0.00   23.00   76.00    0.00    0.00    0.00    0.00
04:48:33 AM    1    0.00    0.00    0.00    0.00    1.00   99.00    0.00    0.00    0.00    0.00
04:48:33 AM    2    0.00    0.00    0.00    0.00    0.00    0.00    0.00    0.00    0.00  100.00
04:48:33 AM    3    0.00    0.00    0.00    0.00    0.00    0.00    0.00    0.00    0.00  100.00
04:48:33 AM    4    0.00    0.00    0.00    0.00    0.00    0.00    0.00    0.00    0.00  100.00
04:48:33 AM    5    0.00    0.00    0.00    0.00    0.99    0.00    0.00    0.00    0.00   99.01
04:48:33 AM    6    0.00    0.00    0.00    0.00    0.00    0.00    0.00    0.00    0.00  100.00
04:48:33 AM    7    0.00    0.00    0.00    0.00    1.00   99.00    0.00    0.00    0.00    0.00

04:48:33 AM  CPU    %usr   %nice    %sys %iowait    %irq   %soft  %steal  %guest  %gnice   %idle
04:48:34 AM  all    0.00    0.00    0.00    0.00    3.12   34.88    0.00    0.00    0.00   62.00
04:48:34 AM    0    0.00    0.00    0.00    0.00   23.00   77.00    0.00    0.00    0.00    0.00
04:48:34 AM    1    0.00    0.00    0.00    0.00    0.00    4.00    0.00    0.00    0.00   96.00
04:48:34 AM    2    0.00    0.00    0.00    0.00    1.00   97.00    0.00    0.00    0.00    2.00
04:48:34 AM    3    0.00    0.00    0.00    0.00    0.00    0.00    0.00    0.00    0.00  100.00
04:48:34 AM    4    0.00    0.00    0.00    0.00    1.00   97.00    0.00    0.00    0.00    2.00
04:48:34 AM    5    0.00    0.00    0.00    0.00    0.00    0.00    0.00    0.00    0.00  100.00
04:48:34 AM    6    0.00    0.00    0.00    0.00    0.00    0.00    0.00    0.00    0.00  100.00
04:48:34 AM    7    0.00    0.00    0.00    0.00    0.00    4.00    0.00    0.00    0.00   96.00

04:48:34 AM  CPU    %usr   %nice    %sys %iowait    %irq   %soft  %steal  %guest  %gnice   %idle
04:48:35 AM  all    0.62    0.00    0.75    0.00    3.12   34.29    0.00    0.00    0.00   61.22
04:48:35 AM    0    0.00    0.00    0.99    0.00   23.76   75.25    0.00    0.00    0.00    0.00
04:48:35 AM    1    0.00    0.00    0.00    0.00    0.00    0.00    0.00    0.00    0.00  100.00
04:48:35 AM    2    0.00    0.00    0.00    0.00    1.00   99.00    0.00    0.00    0.00    0.00
04:48:35 AM    3    1.00    0.00    1.00    0.00    0.00    0.00    0.00    0.00    0.00   98.00
04:48:35 AM    4    0.00    0.00    0.00    0.00    0.00  100.00    0.00    0.00    0.00    0.00
04:48:35 AM    5    2.00    0.00    1.00    0.00    0.00    0.00    0.00    0.00    0.00   97.00
04:48:35 AM    6    1.00    0.00    1.00    0.00    0.00    0.00    0.00    0.00    0.00   98.00
04:48:35 AM    7    0.99    0.00    1.98    0.00    0.00    0.00    0.00    0.00    0.00   97.03

04:48:35 AM  CPU    %usr   %nice    %sys %iowait    %irq   %soft  %steal  %guest  %gnice   %idle
04:48:36 AM  all    0.12    0.00    0.25    0.00    2.98   34.37    0.00    0.00    0.00   62.28
04:48:36 AM    0    0.00    0.00    0.00    0.00   23.23   76.77    0.00    0.00    0.00    0.00
04:48:36 AM    1    0.00    0.00    0.98    0.00    0.00    0.98    0.00    0.00    0.00   98.04
04:48:36 AM    2    0.00    0.00    0.00    0.00    0.00  100.00    0.00    0.00    0.00    0.00
04:48:36 AM    3    0.00    0.00    0.00    0.00    0.00    0.00    0.00    0.00    0.00  100.00
04:48:36 AM    4    0.00    0.00    0.00    0.00    1.00   99.00    0.00    0.00    0.00    0.00
04:48:36 AM    5    0.00    0.00    0.98    0.00    0.00    0.98    0.00    0.00    0.00   98.04
04:48:36 AM    6    0.00    0.00    0.00    0.00    0.00    0.00    0.00    0.00    0.00  100.00
04:48:36 AM    7    0.99    0.00    0.00    0.00    0.00    0.00    0.00    0.00    0.00   99.01

04:48:36 AM  CPU    %usr   %nice    %sys %iowait    %irq   %soft  %steal  %guest  %gnice   %idle
04:48:37 AM  all    0.00    0.00    0.25    0.00    3.24   34.16    0.00    0.00    0.00   62.34
04:48:37 AM    0    0.00    0.00    1.98    0.00   23.76   74.26    0.00    0.00    0.00    0.00
04:48:37 AM    1    0.00    0.00    0.00    0.00    0.00    0.00    0.00    0.00    0.00  100.00
04:48:37 AM    2    0.00    0.00    0.00    0.00    1.00   99.00    0.00    0.00    0.00    0.00
04:48:37 AM    3    0.00    0.00    0.00    0.00    0.00    0.00    0.00    0.00    0.00  100.00
04:48:37 AM    4    0.00    0.00    0.00    0.00    0.99   99.01    0.00    0.00    0.00    0.00
04:48:37 AM    5    0.00    0.00    0.00    0.00    0.00    0.00    0.00    0.00    0.00  100.00
04:48:37 AM    6    0.00    0.00    0.00    0.00    0.00    0.00    0.00    0.00    0.00  100.00
04:48:37 AM    7    0.00    0.00    0.00    0.00    0.00    0.00    0.00    0.00    0.00  100.00

04:48:37 AM  CPU    %usr   %nice    %sys %iowait    %irq   %soft  %steal  %guest  %gnice   %idle
04:48:38 AM  all    0.00    0.00    0.00    0.00    3.87   21.10    0.00    0.00    0.00   75.03
04:48:38 AM    0    0.00    0.00    0.00    0.00   31.31   68.69    0.00    0.00    0.00    0.00
04:48:38 AM    1    0.00    0.00    0.00    0.00    0.00   15.00    0.00    0.00    0.00   85.00
04:48:38 AM    2    0.00    0.00    0.00    0.00    0.00   43.00    0.00    0.00    0.00   57.00
04:48:38 AM    3    0.00    0.00    0.00    0.00    0.00    0.00    0.00    0.00    0.00  100.00
04:48:38 AM    4    0.00    0.00    0.00    0.00    0.00   43.00    0.00    0.00    0.00   57.00
04:48:38 AM    5    0.00    0.00    0.00    0.00    0.00    0.00    0.00    0.00    0.00  100.00
04:48:38 AM    6    0.00    0.00    0.00    0.00    0.00    0.00    0.00    0.00    0.00  100.00
04:48:38 AM    7    0.00    0.00    0.00    0.00    0.00    0.00    0.00    0.00    0.00  100.00

04:48:38 AM  CPU    %usr   %nice    %sys %iowait    %irq   %soft  %steal  %guest  %gnice   %idle
04:48:39 AM  all    0.00    0.00    0.12    0.00    4.73   11.07    0.00    0.00    0.00   84.08
04:48:39 AM    0    0.00    0.00    1.00    0.00   37.00   62.00    0.00    0.00    0.00    0.00
04:48:39 AM    1    0.00    0.00    0.00    0.00    0.98   26.47    0.00    0.00    0.00   72.55
04:48:39 AM    2    0.00    0.00    0.00    0.00    0.00    0.00    0.00    0.00    0.00  100.00
04:48:39 AM    3    0.00    0.00    0.00    0.00    0.00    0.00    0.00    0.00    0.00  100.00
04:48:39 AM    4    0.00    0.00    0.00    0.00    0.00    0.00    0.00    0.00    0.00  100.00
04:48:39 AM    5    0.00    0.00    0.00    0.00    0.00    0.00    0.00    0.00    0.00  100.00
04:48:39 AM    6    0.00    0.00    0.00    0.00    0.00    0.00    0.00    0.00    0.00  100.00
04:48:39 AM    7    0.00    0.00    0.00    0.00    0.00    0.00    0.00    0.00    0.00  100.00

04:48:39 AM  CPU    %usr   %nice    %sys %iowait    %irq   %soft  %steal  %guest  %gnice   %idle
04:48:40 AM  all    0.00    0.00    0.00    0.00    4.73   11.08    0.00    0.00    0.00   84.18
04:48:40 AM    0    0.00    0.00    0.00    0.00   37.62   62.38    0.00    0.00    0.00    0.00
04:48:40 AM    1    0.00    0.00    0.00    0.00    0.00   26.00    0.00    0.00    0.00   74.00
04:48:40 AM    2    0.00    0.00    0.00    0.00    0.00    0.00    0.00    0.00    0.00  100.00
04:48:40 AM    3    0.00    0.00    0.00    0.00    0.00    0.00    0.00    0.00    0.00  100.00
04:48:40 AM    4    0.00    0.00    0.00    0.00    0.00    0.00    0.00    0.00    0.00  100.00
04:48:40 AM    5    0.00    0.00    0.00    0.00    0.00    0.00    0.00    0.00    0.00  100.00
04:48:40 AM    6    0.00    0.00    0.00    0.00    0.00    0.00    0.00    0.00    0.00  100.00
04:48:40 AM    7    0.00    0.00    0.00    0.00    0.00    0.00    0.00    0.00    0.00  100.00

04:48:40 AM  CPU    %usr   %nice    %sys %iowait    %irq   %soft  %steal  %guest  %gnice   %idle
04:48:41 AM  all    0.00    0.00    0.00    0.00    4.62   11.11    0.00    0.00    0.00   84.27
04:48:41 AM    0    0.00    0.00    0.00    0.00   37.37   62.63    0.00    0.00    0.00    0.00
04:48:41 AM    1    0.00    0.00    0.00    0.00    0.00   26.73    0.00    0.00    0.00   73.27
04:48:41 AM    2    0.00    0.00    0.00    0.00    0.00    0.00    0.00    0.00    0.00  100.00
04:48:41 AM    3    0.00    0.00    0.00    0.00    0.00    0.00    0.00    0.00    0.00  100.00
04:48:41 AM    4    0.00    0.00    0.00    0.00    0.00    0.00    0.00    0.00    0.00  100.00
04:48:41 AM    5    0.00    0.00    0.00    0.00    0.00    0.00    0.00    0.00    0.00  100.00
04:48:41 AM    6    0.00    0.00    0.00    0.00    0.00    0.00    0.00    0.00    0.00  100.00
04:48:41 AM    7    0.00    0.00    0.00    0.00    0.00    0.00    0.00    0.00    0.00  100.00

04:48:41 AM  CPU    %usr   %nice    %sys %iowait    %irq   %soft  %steal  %guest  %gnice   %idle
04:48:42 AM  all    0.00    0.00    0.12    0.00    4.48   14.94    0.00    0.00    0.00   80.45
04:48:42 AM    0    0.00    0.00    0.99    0.00   34.65   64.36    0.00    0.00    0.00    0.00
04:48:42 AM    1    0.00    0.00    0.00    0.00    0.00   22.77    0.00    0.00    0.00   77.23
04:48:42 AM    2    0.00    0.00    0.00    0.00    1.00   16.00    0.00    0.00    0.00   83.00
04:48:42 AM    3    0.00    0.00    0.00    0.00    0.00    0.00    0.00    0.00    0.00  100.00
04:48:42 AM    4    0.00    0.00    0.00    0.00    0.00    0.00    0.00    0.00    0.00  100.00
04:48:42 AM    5    0.00    0.00    0.00    0.00    0.00    0.00    0.00    0.00    0.00  100.00
04:48:42 AM    6    0.00    0.00    0.00    0.00    0.00    0.00    0.00    0.00    0.00  100.00
04:48:42 AM    7    0.00    0.00    0.00    0.00    0.00   16.00    0.00    0.00    0.00   84.00

04:48:42 AM  CPU    %usr   %nice    %sys %iowait    %irq   %soft  %steal  %guest  %gnice   %idle
04:48:43 AM  all    0.00    0.00    0.12    0.00    2.88   34.25    0.00    0.00    0.00   62.75
04:48:43 AM    0    0.00    0.00    1.00    0.00   23.00   76.00    0.00    0.00    0.00    0.00
04:48:43 AM    1    0.00    0.00    0.00    0.00    0.00    0.00    0.00    0.00    0.00  100.00
04:48:43 AM    2    0.00    0.00    0.00    0.00    0.00  100.00    0.00    0.00    0.00    0.00
04:48:43 AM    3    0.00    0.00    0.00    0.00    0.00    0.00    0.00    0.00    0.00  100.00
04:48:43 AM    4    0.00    0.00    0.00    0.00    0.00    0.00    0.00    0.00    0.00  100.00
04:48:43 AM    5    0.00    0.00    0.00    0.00    0.00    0.00    0.00    0.00    0.00  100.00
04:48:43 AM    6    0.00    0.00    0.00    0.00    0.00    0.00    0.00    0.00    0.00  100.00
04:48:43 AM    7    0.00    0.00    0.00    0.00    0.00  100.00    0.00    0.00    0.00    0.00

04:48:43 AM  CPU    %usr   %nice    %sys %iowait    %irq   %soft  %steal  %guest  %gnice   %idle
04:48:44 AM  all    0.00    0.00    0.00    0.00    3.12   34.38    0.00    0.00    0.00   62.50
04:48:44 AM    0    0.00    0.00    0.00    0.00   23.23   76.77    0.00    0.00    0.00    0.00
04:48:44 AM    1    0.00    0.00    0.00    0.00    0.00    0.00    0.00    0.00    0.00  100.00
04:48:44 AM    2    0.00    0.00    0.00    0.00    1.00   99.00    0.00    0.00    0.00    0.00
04:48:44 AM    3    0.00    0.00    0.00    0.00    0.00    0.00    0.00    0.00    0.00  100.00
04:48:44 AM    4    0.00    0.00    0.00    0.00    0.00    0.00    0.00    0.00    0.00  100.00
04:48:44 AM    5    0.00    0.00    0.00    0.00    0.00    0.00    0.00    0.00    0.00  100.00
04:48:44 AM    6    0.00    0.00    0.00    0.00    0.00    0.00    0.00    0.00    0.00  100.00
04:48:44 AM    7    0.00    0.00    0.00    0.00    0.99   99.01    0.00    0.00    0.00    0.00

04:48:44 AM  CPU    %usr   %nice    %sys %iowait    %irq   %soft  %steal  %guest  %gnice   %idle
04:48:45 AM  all    0.00    0.00    0.37    0.00    3.11   34.08    0.00    0.00    0.00   62.44
04:48:45 AM    0    0.00    0.00    2.00    0.00   23.00   75.00    0.00    0.00    0.00    0.00
04:48:45 AM    1    0.00    0.00    0.00    0.00    0.00    0.00    0.00    0.00    0.00  100.00
04:48:45 AM    2    0.00    0.00    0.00    0.00    0.99   99.01    0.00    0.00    0.00    0.00
04:48:45 AM    3    0.00    0.00    0.99    0.00    0.00    0.00    0.00    0.00    0.00   99.01
04:48:45 AM    4    0.00    0.00    0.00    0.00    0.00    0.00    0.00    0.00    0.00  100.00
04:48:45 AM    5    0.00    0.00    0.00    0.00    0.00    0.00    0.00    0.00    0.00  100.00
04:48:45 AM    6    0.00    0.00    0.00    0.00    0.00    0.00    0.00    0.00    0.00  100.00
04:48:45 AM    7    0.00    0.00    0.00    0.00    1.00   99.00    0.00    0.00    0.00    0.00

04:48:45 AM  CPU    %usr   %nice    %sys %iowait    %irq   %soft  %steal  %guest  %gnice   %idle
04:48:46 AM  all    0.00    0.00    0.00    0.00    3.12   34.38    0.00    0.00    0.00   62.50
04:48:46 AM    0    0.00    0.00    0.00    0.00   24.00   76.00    0.00    0.00    0.00    0.00
04:48:46 AM    1    0.00    0.00    0.00    0.00    0.00    0.00    0.00    0.00    0.00  100.00
04:48:46 AM    2    0.00    0.00    0.00    0.00    1.00   99.00    0.00    0.00    0.00    0.00
04:48:46 AM    3    0.00    0.00    0.00    0.00    0.00    0.00    0.00    0.00    0.00  100.00
04:48:46 AM    4    0.00    0.00    0.00    0.00    0.00    0.00    0.00    0.00    0.00  100.00
04:48:46 AM    5    0.00    0.00    0.00    0.00    0.00    0.00    0.00    0.00    0.00  100.00
04:48:46 AM    6    0.00    0.00    0.00    0.00    0.00    0.00    0.00    0.00    0.00  100.00
04:48:46 AM    7    0.00    0.00    0.00    0.00    0.00  100.00    0.00    0.00    0.00    0.00

04:48:46 AM  CPU    %usr   %nice    %sys %iowait    %irq   %soft  %steal  %guest  %gnice   %idle
04:48:47 AM  all    0.00    0.00    0.25    0.00    3.23   34.20    0.00    0.00    0.00   62.31
04:48:47 AM    0    0.00    0.00    1.98    0.00   22.77   75.25    0.00    0.00    0.00    0.00
04:48:47 AM    1    0.00    0.00    0.00    0.00    0.99    0.00    0.00    0.00    0.00   99.01
04:48:47 AM    2    0.00    0.00    0.00    0.00    1.00   99.00    0.00    0.00    0.00    0.00
04:48:47 AM    3    0.00    0.00    0.00    0.00    1.00   77.00    0.00    0.00    0.00   22.00
04:48:47 AM    4    0.00    0.00    0.00    0.00    0.00    0.00    0.00    0.00    0.00  100.00
04:48:47 AM    5    0.00    0.00    0.00    0.00    0.00    0.00    0.00    0.00    0.00  100.00
04:48:47 AM    6    0.00    0.00    0.00    0.00    0.00    0.00    0.00    0.00    0.00  100.00
04:48:47 AM    7    0.00    0.00    0.00    0.00    0.00   23.00    0.00    0.00    0.00   77.00

04:48:47 AM  CPU    %usr   %nice    %sys %iowait    %irq   %soft  %steal  %guest  %gnice   %idle
04:48:48 AM  all    0.00    0.00    0.13    0.00    2.88   34.34    0.00    0.00    0.00   62.66
04:48:48 AM    0    0.00    0.00    1.01    0.00   22.22   76.77    0.00    0.00    0.00    0.00
04:48:48 AM    1    0.00    0.00    0.00    0.00    0.00    0.00    0.00    0.00    0.00  100.00
04:48:48 AM    2    0.00    0.00    0.00    0.00    0.00  100.00    0.00    0.00    0.00    0.00
04:48:48 AM    3    0.00    0.00    0.00    0.00    1.00   99.00    0.00    0.00    0.00    0.00
04:48:48 AM    4    0.00    0.00    0.00    0.00    0.00    0.00    0.00    0.00    0.00  100.00
04:48:48 AM    5    0.00    0.00    0.00    0.00    0.00    0.00    0.00    0.00    0.00  100.00
04:48:48 AM    6    0.00    0.00    0.00    0.00    0.00    0.00    0.00    0.00    0.00  100.00
04:48:48 AM    7    0.00    0.00    0.00    0.00    0.00    0.00    0.00    0.00    0.00  100.00

04:48:48 AM  CPU    %usr   %nice    %sys %iowait    %irq   %soft  %steal  %guest  %gnice   %idle
04:48:49 AM  all    0.50    0.00    0.75    0.00    3.36   34.25    0.00    0.00    0.00   61.15
04:48:49 AM    0    0.00    0.00    0.99    0.00   23.76   75.25    0.00    0.00    0.00    0.00
04:48:49 AM    1    0.99    0.00    0.00    0.00    0.00    0.99    0.00    0.00    0.00   98.02
04:48:49 AM    2    0.00    0.00    0.00    0.00    1.00   99.00    0.00    0.00    0.00    0.00
04:48:49 AM    3    0.00    0.00    0.00    0.00    1.00   99.00    0.00    0.00    0.00    0.00
04:48:49 AM    4    0.00    0.00    1.00    0.00    0.00    0.00    0.00    0.00    0.00   99.00
04:48:49 AM    5    1.00    0.00    2.00    0.00    0.00    0.00    0.00    0.00    0.00   97.00
04:48:49 AM    6    0.99    0.00    0.99    0.00    0.00    0.00    0.00    0.00    0.00   98.02
04:48:49 AM    7    1.00    0.00    1.00    0.00    1.00    0.00    0.00    0.00    0.00   97.00

04:48:49 AM  CPU    %usr   %nice    %sys %iowait    %irq   %soft  %steal  %guest  %gnice   %idle
04:48:50 AM  all    0.12    0.00    0.00    0.00    3.12   34.38    0.00    0.00    0.00   62.38
04:48:50 AM    0    0.00    0.00    0.00    0.00   23.00   77.00    0.00    0.00    0.00    0.00
04:48:50 AM    1    0.00    0.00    0.00    0.00    0.00    0.00    0.00    0.00    0.00  100.00
04:48:50 AM    2    0.00    0.00    0.00    0.00    1.00   99.00    0.00    0.00    0.00    0.00
04:48:50 AM    3    0.00    0.00    0.00    0.00    1.00   99.00    0.00    0.00    0.00    0.00
04:48:50 AM    4    0.99    0.00    0.00    0.00    0.00    0.00    0.00    0.00    0.00   99.01
04:48:50 AM    5    0.00    0.00    0.00    0.00    0.00    0.00    0.00    0.00    0.00  100.00
04:48:50 AM    6    0.00    0.00    0.00    0.00    0.00    0.00    0.00    0.00    0.00  100.00
04:48:50 AM    7    0.00    0.00    0.00    0.00    0.00    0.00    0.00    0.00    0.00  100.00

04:48:50 AM  CPU    %usr   %nice    %sys %iowait    %irq   %soft  %steal  %guest  %gnice   %idle
04:48:51 AM  all    0.12    0.00    0.25    0.00    2.87   34.46    0.00    0.00    0.00   62.30
04:48:51 AM    0    0.00    0.00    1.01    0.00   22.22   76.77    0.00    0.00    0.00    0.00
04:48:51 AM    1    0.00    0.00    0.00    0.00    0.00    0.00    0.00    0.00    0.00  100.00
04:48:51 AM    2    0.00    0.00    0.00    0.00    0.99   99.01    0.00    0.00    0.00    0.00
04:48:51 AM    3    0.00    0.00    0.00    0.00    0.00   63.00    0.00    0.00    0.00   37.00
04:48:51 AM    4    0.00    0.00    0.99    0.00    0.00    0.00    0.00    0.00    0.00   99.01
04:48:51 AM    5    1.00    0.00    0.00    0.00    0.00   37.00    0.00    0.00    0.00   62.00
04:48:51 AM    6    0.00    0.00    0.00    0.00    0.00    0.00    0.00    0.00    0.00  100.00
04:48:51 AM    7    0.00    0.00    0.00    0.00    0.00    0.00    0.00    0.00    0.00  100.00

04:48:51 AM  CPU    %usr   %nice    %sys %iowait    %irq   %soft  %steal  %guest  %gnice   %idle
04:48:52 AM  all    0.00    0.00    0.25    0.00    3.24   34.16    0.00    0.00    0.00   62.34
04:48:52 AM    0    0.00    0.00    1.98    0.00   23.76   74.26    0.00    0.00    0.00    0.00
04:48:52 AM    1    0.00    0.00    0.00    0.00    0.00    0.00    0.00    0.00    0.00  100.00
04:48:52 AM    2    0.00    0.00    0.00    0.00    1.00   99.00    0.00    0.00    0.00    0.00
04:48:52 AM    3    0.00    0.00    0.00    0.00    0.00    0.00    0.00    0.00    0.00  100.00
04:48:52 AM    4    0.00    0.00    0.00    0.00    0.00    0.00    0.00    0.00    0.00  100.00
04:48:52 AM    5    0.00    0.00    0.00    0.00    0.99   99.01    0.00    0.00    0.00    0.00
04:48:52 AM    6    0.00    0.00    0.00    0.00    0.00    0.00    0.00    0.00    0.00  100.00
04:48:52 AM    7    0.00    0.00    0.00    0.00    0.00    0.00    0.00    0.00    0.00  100.00

04:48:52 AM  CPU    %usr   %nice    %sys %iowait    %irq   %soft  %steal  %guest  %gnice   %idle
04:48:53 AM  all    0.00    0.00    0.13    0.00    3.00   34.29    0.00    0.00    0.00   62.58
04:48:53 AM    0    0.00    0.00    1.00    0.00   23.00   76.00    0.00    0.00    0.00    0.00
04:48:53 AM    1    0.00    0.00    0.00    0.00    0.00    0.00    0.00    0.00    0.00  100.00
04:48:53 AM    2    0.00    0.00    0.00    0.00    1.00   99.00    0.00    0.00    0.00    0.00
04:48:53 AM    3    0.00    0.00    0.00    0.00    0.00    0.00    0.00    0.00    0.00  100.00
04:48:53 AM    4    0.00    0.00    0.00    0.00    0.00    0.00    0.00    0.00    0.00  100.00
04:48:53 AM    5    0.00    0.00    0.00    0.00    0.00  100.00    0.00    0.00    0.00    0.00
04:48:53 AM    6    0.00    0.00    0.00    0.00    0.00    0.00    0.00    0.00    0.00  100.00
04:48:53 AM    7    0.00    0.00    0.00    0.00    0.00    0.00    0.00    0.00    0.00  100.00

04:48:53 AM  CPU    %usr   %nice    %sys %iowait    %irq   %soft  %steal  %guest  %gnice   %idle
04:48:54 AM  all    0.12    0.00    0.00    0.00    2.99   34.58    0.00    0.00    0.00   62.31
04:48:54 AM    0    0.00    0.00    0.00    0.00   23.00   77.00    0.00    0.00    0.00    0.00
04:48:54 AM    1    0.00    0.00    0.00    0.00    0.00    0.99    0.00    0.00    0.00   99.01
04:48:54 AM    2    0.00    0.00    0.00    0.00    0.00  100.00    0.00    0.00    0.00    0.00
04:48:54 AM    3    0.00    0.00    0.00    0.00    0.00    0.00    0.00    0.00    0.00  100.00
04:48:54 AM    4    0.99    0.00    0.00    0.00    0.00    0.00    0.00    0.00    0.00   99.01
04:48:54 AM    5    0.00    0.00    0.00    0.00    0.99   99.01    0.00    0.00    0.00    0.00
04:48:54 AM    6    0.00    0.00    0.00    0.00    0.00    0.00    0.00    0.00    0.00  100.00
04:48:54 AM    7    0.00    0.00    0.00    0.00    0.00    0.00    0.00    0.00    0.00  100.00

04:48:54 AM  CPU    %usr   %nice    %sys %iowait    %irq   %soft  %steal  %guest  %gnice   %idle
04:48:55 AM  all    0.00    0.00    0.13    0.00    3.01   34.21    0.00    0.00    0.00   62.66
04:48:55 AM    0    0.00    0.00    1.01    0.00   23.23   75.76    0.00    0.00    0.00    0.00
04:48:55 AM    1    0.00    0.00    0.00    0.00    0.00    0.00    0.00    0.00    0.00  100.00
04:48:55 AM    2    0.00    0.00    0.00    0.00    1.00   99.00    0.00    0.00    0.00    0.00
04:48:55 AM    3    0.00    0.00    0.00    0.00    0.00    0.00    0.00    0.00    0.00  100.00
04:48:55 AM    4    0.00    0.00    0.00    0.00    0.00    0.00    0.00    0.00    0.00  100.00
04:48:55 AM    5    0.00    0.00    0.00    0.00    0.00  100.00    0.00    0.00    0.00    0.00
04:48:55 AM    6    0.00    0.00    0.00    0.00    0.00    0.00    0.00    0.00    0.00  100.00
04:48:55 AM    7    0.00    0.00    0.00    0.00    0.00    0.00    0.00    0.00    0.00  100.00

04:48:55 AM  CPU    %usr   %nice    %sys %iowait    %irq   %soft  %steal  %guest  %gnice   %idle
04:48:56 AM  all    0.00    0.00    0.25    0.00    3.12   34.58    0.00    0.00    0.00   62.05
04:48:56 AM    0    0.00    0.00    1.98    0.00   22.77   75.25    0.00    0.00    0.00    0.00
04:48:56 AM    1    0.00    0.00    0.00    0.00    1.00   97.00    0.00    0.00    0.00    2.00
04:48:56 AM    2    0.00    0.00    0.00    0.00    0.00    2.00    0.00    0.00    0.00   98.00
04:48:56 AM    3    0.00    0.00    0.00    0.00    1.00   99.00    0.00    0.00    0.00    0.00
04:48:56 AM    4    0.00    0.00    0.00    0.00    0.00    0.00    0.00    0.00    0.00  100.00
04:48:56 AM    5    0.00    0.00    0.00    0.00    0.00    3.00    0.00    0.00    0.00   97.00
04:48:56 AM    6    0.00    0.00    0.00    0.00    0.00    0.00    0.00    0.00    0.00  100.00
04:48:56 AM    7    0.00    0.00    0.00    0.00    0.00    0.00    0.00    0.00    0.00  100.00

04:48:56 AM  CPU    %usr   %nice    %sys %iowait    %irq   %soft  %steal  %guest  %gnice   %idle
04:48:57 AM  all    0.00    0.00    0.12    0.00    3.00   34.38    0.00    0.00    0.00   62.50
04:48:57 AM    0    0.00    0.00    1.00    0.00   22.00   77.00    0.00    0.00    0.00    0.00
04:48:57 AM    1    0.00    0.00    0.00    0.00    1.00   99.00    0.00    0.00    0.00    0.00
04:48:57 AM    2    0.00    0.00    0.00    0.00    0.00    0.00    0.00    0.00    0.00  100.00
04:48:57 AM    3    0.00    0.00    0.00    0.00    1.00   99.00    0.00    0.00    0.00    0.00
04:48:57 AM    4    0.00    0.00    0.00    0.00    0.00    0.00    0.00    0.00    0.00  100.00
04:48:57 AM    5    0.00    0.00    0.00    0.00    0.00    0.00    0.00    0.00    0.00  100.00
04:48:57 AM    6    0.00    0.00    0.00    0.00    0.00    0.00    0.00    0.00    0.00  100.00
04:48:57 AM    7    0.00    0.00    0.00    0.00    0.00    0.00    0.00    0.00    0.00  100.00

04:48:57 AM  CPU    %usr   %nice    %sys %iowait    %irq   %soft  %steal  %guest  %gnice   %idle
04:48:58 AM  all    0.00    0.00    0.00    0.00    3.12   34.46    0.00    0.00    0.00   62.42
04:48:58 AM    0    0.00    0.00    0.00    0.00   23.00   77.00    0.00    0.00    0.00    0.00
04:48:58 AM    1    0.00    0.00    0.00    0.00    1.00   99.00    0.00    0.00    0.00    0.00
04:48:58 AM    2    0.00    0.00    0.00    0.00    0.00    0.99    0.00    0.00    0.00   99.01
04:48:58 AM    3    0.00    0.00    0.00    0.00    1.00   99.00    0.00    0.00    0.00    0.00
04:48:58 AM    4    0.00    0.00    0.00    0.00    0.00    0.00    0.00    0.00    0.00  100.00
04:48:58 AM    5    0.00    0.00    0.00    0.00    0.00    0.00    0.00    0.00    0.00  100.00
04:48:58 AM    6    0.00    0.00    0.00    0.00    0.00    0.00    0.00    0.00    0.00  100.00
04:48:58 AM    7    0.00    0.00    0.00    0.00    0.00    0.00    0.00    0.00    0.00  100.00

04:48:58 AM  CPU    %usr   %nice    %sys %iowait    %irq   %soft  %steal  %guest  %gnice   %idle
04:48:59 AM  all    0.00    0.00    0.12    0.00    3.00   34.25    0.00    0.00    0.00   62.62
04:48:59 AM    0    0.00    0.00    1.01    0.00   22.22   76.77    0.00    0.00    0.00    0.00
04:48:59 AM    1    0.00    0.00    0.00    0.00    1.00   99.00    0.00    0.00    0.00    0.00
04:48:59 AM    2    0.00    0.00    0.00    0.00    0.00    0.00    0.00    0.00    0.00  100.00
04:48:59 AM    3    0.00    0.00    0.00    0.00    1.00   99.00    0.00    0.00    0.00    0.00
04:48:59 AM    4    0.00    0.00    0.00    0.00    0.00    0.00    0.00    0.00    0.00  100.00
04:48:59 AM    5    0.00    0.00    0.00    0.00    0.00    0.00    0.00    0.00    0.00  100.00
04:48:59 AM    6    0.00    0.00    0.00    0.00    0.00    0.00    0.00    0.00    0.00  100.00
04:48:59 AM    7    0.00    0.00    0.00    0.00    0.00    0.00    0.00    0.00    0.00  100.00

04:48:59 AM  CPU    %usr   %nice    %sys %iowait    %irq   %soft  %steal  %guest  %gnice   %idle
04:49:00 AM  all    0.00    0.00    0.25    0.00    3.12   34.62    0.00    0.00    0.00   62.00
04:49:00 AM    0    0.00    0.00    1.98    0.00   22.77   75.25    0.00    0.00    0.00    0.00
04:49:00 AM    1    0.00    0.00    0.00    0.00    1.00   43.00    0.00    0.00    0.00   56.00
04:49:00 AM    2    0.00    0.00    0.00    0.00    0.00    0.00    0.00    0.00    0.00  100.00
04:49:00 AM    3    0.00    0.00    0.00    0.00    1.00   99.00    0.00    0.00    0.00    0.00
04:49:00 AM    4    0.00    0.00    0.00    0.00    0.00    0.00    0.00    0.00    0.00  100.00
04:49:00 AM    5    0.00    0.00    0.00    0.00    0.00    0.00    0.00    0.00    0.00  100.00
04:49:00 AM    6    0.00    0.00    0.00    0.00    0.00    0.00    0.00    0.00    0.00  100.00
04:49:00 AM    7    0.00    0.00    0.00    0.00    0.00   59.00    0.00    0.00    0.00   41.00

04:49:00 AM  CPU    %usr   %nice    %sys %iowait    %irq   %soft  %steal  %guest  %gnice   %idle
04:49:01 AM  all    0.00    0.00    0.12    0.00    3.12   34.25    0.00    0.00    0.00   62.50
04:49:01 AM    0    0.00    0.00    1.00    0.00   23.00   76.00    0.00    0.00    0.00    0.00
04:49:01 AM    1    0.00    0.00    0.00    0.00    0.00    0.00    0.00    0.00    0.00  100.00
04:49:01 AM    2    0.00    0.00    0.00    0.00    0.00    0.00    0.00    0.00    0.00  100.00
04:49:01 AM    3    0.00    0.00    0.00    0.00    1.00   99.00    0.00    0.00    0.00    0.00
04:49:01 AM    4    0.00    0.00    0.00    0.00    0.00    0.00    0.00    0.00    0.00  100.00
04:49:01 AM    5    0.00    0.00    0.00    0.00    0.00    0.00    0.00    0.00    0.00  100.00
04:49:01 AM    6    0.00    0.00    0.00    0.00    0.00    0.00    0.00    0.00    0.00  100.00
04:49:01 AM    7    0.00    0.00    0.00    0.00    1.00   99.00    0.00    0.00    0.00    0.00

04:49:01 AM  CPU    %usr   %nice    %sys %iowait    %irq   %soft  %steal  %guest  %gnice   %idle
04:49:02 AM  all    0.00    0.00    0.13    0.00    2.75   34.42    0.00    0.00    0.00   62.70
04:49:02 AM    0    0.00    0.00    1.01    0.00   22.22   76.77    0.00    0.00    0.00    0.00
04:49:02 AM    1    0.00    0.00    0.00    0.00    0.00    0.00    0.00    0.00    0.00  100.00
04:49:02 AM    2    0.00    0.00    0.00    0.00    0.00    0.00    0.00    0.00    0.00  100.00
04:49:02 AM    3    0.00    0.00    0.00    0.00    0.00  100.00    0.00    0.00    0.00    0.00
04:49:02 AM    4    0.00    0.00    0.00    0.00    0.00    0.00    0.00    0.00    0.00  100.00
04:49:02 AM    5    0.00    0.00    0.00    0.00    0.00    0.00    0.00    0.00    0.00  100.00
04:49:02 AM    6    0.00    0.00    0.00    0.00    0.00    0.00    0.00    0.00    0.00  100.00
04:49:02 AM    7    0.00    0.00    0.00    0.00    0.00  100.00    0.00    0.00    0.00    0.00

04:49:02 AM  CPU    %usr   %nice    %sys %iowait    %irq   %soft  %steal  %guest  %gnice   %idle
04:49:03 AM  all    0.00    0.00    0.25    0.00    3.11   34.25    0.00    0.00    0.00   62.39
04:49:03 AM    0    0.00    0.00    1.98    0.00   22.77   75.25    0.00    0.00    0.00    0.00
04:49:03 AM    1    0.00    0.00    0.00    0.00    0.00    0.00    0.00    0.00    0.00  100.00
04:49:03 AM    2    0.00    0.00    0.00    0.00    0.00    0.00    0.00    0.00    0.00  100.00
04:49:03 AM    3    0.00    0.00    0.00    0.00    0.99   99.01    0.00    0.00    0.00    0.00
04:49:03 AM    4    0.00    0.00    0.00    0.00    0.00    0.00    0.00    0.00    0.00  100.00
04:49:03 AM    5    0.00    0.00    0.00    0.00    0.00    0.00    0.00    0.00    0.00  100.00
04:49:03 AM    6    0.00    0.00    0.00    0.00    0.00    0.00    0.00    0.00    0.00  100.00
04:49:03 AM    7    0.00    0.00    0.00    0.00    1.00   99.00    0.00    0.00    0.00    0.00

04:49:03 AM  CPU    %usr   %nice    %sys %iowait    %irq   %soft  %steal  %guest  %gnice   %idle
04:49:04 AM  all    0.00    0.00    0.12    0.00    3.11   34.74    0.00    0.00    0.00   62.02
04:49:04 AM    0    0.00    0.00    0.99    0.00   22.77   76.24    0.00    0.00    0.00    0.00
04:49:04 AM    1    0.00    0.00    0.00    0.00    0.00   20.00    0.00    0.00    0.00   80.00
04:49:04 AM    2    0.00    0.00    0.00    0.00    0.00    0.00    0.00    0.00    0.00  100.00
04:49:04 AM    3    0.00    0.00    0.00    0.00    0.99   81.19    0.00    0.00    0.00   17.82
04:49:04 AM    4    0.00    0.00    0.00    0.00    0.00    0.00    0.00    0.00    0.00  100.00
04:49:04 AM    5    0.00    0.00    0.00    0.00    0.98   18.63    0.00    0.00    0.00   80.39
04:49:04 AM    6    0.00    0.00    0.00    0.00    0.00    0.00    0.00    0.00    0.00  100.00
04:49:04 AM    7    0.00    0.00    0.00    0.00    0.00   81.82    0.00    0.00    0.00   18.18

04:49:04 AM  CPU    %usr   %nice    %sys %iowait    %irq   %soft  %steal  %guest  %gnice   %idle
04:49:05 AM  all    0.00    0.00    0.12    0.00    3.12   34.21    0.00    0.00    0.00   62.55
04:49:05 AM    0    0.00    0.00    1.00    0.00   23.00   76.00    0.00    0.00    0.00    0.00
04:49:05 AM    1    0.00    0.00    0.00    0.00    1.00   99.00    0.00    0.00    0.00    0.00
04:49:05 AM    2    0.00    0.00    0.00    0.00    0.99    0.00    0.00    0.00    0.00   99.01
04:49:05 AM    3    0.00    0.00    0.00    0.00    0.00    0.00    0.00    0.00    0.00  100.00
04:49:05 AM    4    0.00    0.00    0.00    0.00    0.00    0.00    0.00    0.00    0.00  100.00
04:49:05 AM    5    0.00    0.00    0.00    0.00    0.00  100.00    0.00    0.00    0.00    0.00
04:49:05 AM    6    0.00    0.00    0.00    0.00    0.00    0.00    0.00    0.00    0.00  100.00
04:49:05 AM    7    0.00    0.00    0.00    0.00    0.00    0.00    0.00    0.00    0.00  100.00

04:49:05 AM  CPU    %usr   %nice    %sys %iowait    %irq   %soft  %steal  %guest  %gnice   %idle
04:49:06 AM  all    0.00    0.00    0.13    0.00    3.01   34.34    0.00    0.00    0.00   62.53
04:49:06 AM    0    0.00    0.00    1.02    0.00   22.45   76.53    0.00    0.00    0.00    0.00
04:49:06 AM    1    0.00    0.00    0.00    0.00    1.00   99.00    0.00    0.00    0.00    0.00
04:49:06 AM    2    0.00    0.00    0.00    0.00    0.00    0.00    0.00    0.00    0.00  100.00
04:49:06 AM    3    0.00    0.00    0.00    0.00    0.00    0.00    0.00    0.00    0.00  100.00
04:49:06 AM    4    0.00    0.00    0.00    0.00    0.00    0.00    0.00    0.00    0.00  100.00
04:49:06 AM    5    0.00    0.00    0.00    0.00    0.99   99.01    0.00    0.00    0.00    0.00
04:49:06 AM    6    0.00    0.00    0.00    0.00    0.00    0.00    0.00    0.00    0.00  100.00
04:49:06 AM    7    0.00    0.00    0.00    0.00    0.00    0.00    0.00    0.00    0.00  100.00

04:49:06 AM  CPU    %usr   %nice    %sys %iowait    %irq   %soft  %steal  %guest  %gnice   %idle
04:49:07 AM  all    0.00    0.00    0.25    0.00    2.99   34.29    0.00    0.00    0.00   62.47
04:49:07 AM    0    0.00    0.00    1.98    0.00   22.77   75.25    0.00    0.00    0.00    0.00
04:49:07 AM    1    0.00    0.00    0.00    0.00    1.00   99.00    0.00    0.00    0.00    0.00
04:49:07 AM    2    0.00    0.00    0.00    0.00    0.00    0.99    0.00    0.00    0.00   99.01
04:49:07 AM    3    0.00    0.00    0.00    0.00    0.00    0.00    0.00    0.00    0.00  100.00
04:49:07 AM    4    0.00    0.00    0.00    0.00    0.00    0.00    0.00    0.00    0.00  100.00
04:49:07 AM    5    0.00    0.00    0.00    0.00    0.00  100.00    0.00    0.00    0.00    0.00
04:49:07 AM    6    0.00    0.00    0.00    0.00    0.00    0.00    0.00    0.00    0.00  100.00
04:49:07 AM    7    0.00    0.00    0.00    0.00    0.00    0.00    0.00    0.00    0.00  100.00

04:49:07 AM  CPU    %usr   %nice    %sys %iowait    %irq   %soft  %steal  %guest  %gnice   %idle
04:49:08 AM  all    0.00    0.00    0.50    0.00    2.99   34.37    0.00    0.00    0.00   62.14
04:49:08 AM    0    0.00    0.00    1.98    0.00   22.77   75.25    0.00    0.00    0.00    0.00
04:49:08 AM    1    0.00    0.00    0.00    0.00    0.00  100.00    0.00    0.00    0.00    0.00
04:49:08 AM    2    0.00    0.00    0.00    0.00    0.00    0.00    0.00    0.00    0.00  100.00
04:49:08 AM    3    0.00    0.00    1.00    0.00    0.00    0.00    0.00    0.00    0.00   99.00
04:49:08 AM    4    0.00    0.00    0.99    0.00    0.00    0.00    0.00    0.00    0.00   99.01
04:49:08 AM    5    0.00    0.00    0.00    0.00    0.99   99.01    0.00    0.00    0.00    0.00
04:49:08 AM    6    0.00    0.00    0.00    0.00    0.00    0.00    0.00    0.00    0.00  100.00
04:49:08 AM    7    0.00    0.00    0.00    0.00    0.00    0.00    0.00    0.00    0.00  100.00

Average:     CPU    %usr   %nice    %sys %iowait    %irq   %soft  %steal  %guest  %gnice   %idle
Average:     all    0.04    0.00    0.16    0.00    3.43   29.19    0.00    0.00    0.00   67.18
Average:       0    0.00    0.00    0.92    0.00   26.21   72.88    0.00    0.00    0.00    0.00
Average:       1    0.02    0.00    0.02    0.00    0.25   23.51    0.00    0.00    0.00   76.21
Average:       2    0.03    0.00    0.00    0.00    0.35   41.38    0.00    0.00    0.00   58.24
Average:       3    0.02    0.00    0.05    0.02    0.27   29.10    0.00    0.00    0.00   70.55
Average:       4    0.05    0.00    0.08    0.00    0.10   16.42    0.00    0.00    0.00   83.35
Average:       5    0.10    0.00    0.10    0.00    0.12   16.10    0.00    0.00    0.00   83.59
Average:       6    0.03    0.00    0.03    0.00    0.08   12.34    0.00    0.00    0.00   87.51
Average:       7    0.08    0.00    0.08    0.00    0.13   21.83    0.00    0.00    0.00   77.87
