Linux 7.0.9 (hp3) 	06/18/2026 	_x86_64_	(8 CPU)

10:17:55 AM  CPU    %usr   %nice    %sys %iowait    %irq   %soft  %steal  %guest  %gnice   %idle
10:17:56 AM  all    1.12    0.00   12.67    0.00    0.12    5.47    0.00    0.00    0.00   80.62
10:17:56 AM    0    4.04    0.00   52.53    0.00    0.00   21.21    0.00    0.00    0.00   22.22
10:17:56 AM    1    4.90    0.00   49.02    0.00    0.98   22.55    0.00    0.00    0.00   22.55
10:17:56 AM    2    0.00    0.00    0.00    0.00    0.00    0.00    0.00    0.00    0.00  100.00
10:17:56 AM    3    0.00    0.00    0.00    0.00    0.00    0.00    0.00    0.00    0.00  100.00
10:17:56 AM    4    0.00    0.00    0.00    0.00    0.00    0.00    0.00    0.00    0.00  100.00
10:17:56 AM    5    0.00    0.00    0.00    0.00    0.00    0.00    0.00    0.00    0.00  100.00
10:17:56 AM    6    0.00    0.00    0.00    0.00    0.00    0.00    0.00    0.00    0.00  100.00
10:17:56 AM    7    0.00    0.00    0.00    0.00    0.00    0.00    0.00    0.00    0.00  100.00

10:17:56 AM  CPU    %usr   %nice    %sys %iowait    %irq   %soft  %steal  %guest  %gnice   %idle
10:17:57 AM  all    1.38    0.00   16.15    0.00    0.00    7.38    0.00    0.00    0.00   75.09
10:17:57 AM    0    6.00    0.00   65.00    0.00    0.00   29.00    0.00    0.00    0.00    0.00
10:17:57 AM    1    5.05    0.00   64.65    0.00    0.00   30.30    0.00    0.00    0.00    0.00
10:17:57 AM    2    0.00    0.00    0.00    0.00    0.00    0.00    0.00    0.00    0.00  100.00
10:17:57 AM    3    0.00    0.00    0.00    0.00    0.00    0.00    0.00    0.00    0.00  100.00
10:17:57 AM    4    0.00    0.00    0.00    0.00    0.00    0.00    0.00    0.00    0.00  100.00
10:17:57 AM    5    0.00    0.00    0.00    0.00    0.00    0.00    0.00    0.00    0.00  100.00
10:17:57 AM    6    0.00    0.00    0.00    0.00    0.00    0.00    0.00    0.00    0.00  100.00
10:17:57 AM    7    0.00    0.00    0.00    0.00    0.00    0.00    0.00    0.00    0.00  100.00

10:17:57 AM  CPU    %usr   %nice    %sys %iowait    %irq   %soft  %steal  %guest  %gnice   %idle
10:17:58 AM  all    1.38    0.00   16.25    0.00    0.00    7.38    0.00    0.00    0.00   75.00
10:17:58 AM    0    5.00    0.00   66.00    0.00    0.00   29.00    0.00    0.00    0.00    0.00
10:17:58 AM    1    6.00    0.00   64.00    0.00    0.00   30.00    0.00    0.00    0.00    0.00
10:17:58 AM    2    0.00    0.00    0.00    0.00    0.00    0.00    0.00    0.00    0.00  100.00
10:17:58 AM    3    0.00    0.00    0.00    0.00    0.00    0.00    0.00    0.00    0.00  100.00
10:17:58 AM    4    0.00    0.00    0.00    0.00    0.00    0.00    0.00    0.00    0.00  100.00
10:17:58 AM    5    0.00    0.00    0.00    0.00    0.00    0.00    0.00    0.00    0.00  100.00
10:17:58 AM    6    0.00    0.00    0.00    0.00    0.00    0.00    0.00    0.00    0.00  100.00
10:17:58 AM    7    0.00    0.00    0.00    0.00    0.00    0.00    0.00    0.00    0.00  100.00

10:17:58 AM  CPU    %usr   %nice    %sys %iowait    %irq   %soft  %steal  %guest  %gnice   %idle
10:17:59 AM  all    1.12    0.00   16.50    0.00    0.00    7.38    0.00    0.00    0.00   75.00
10:17:59 AM    0    5.00    0.00   65.00    0.00    0.00   30.00    0.00    0.00    0.00    0.00
10:17:59 AM    1    4.00    0.00   67.00    0.00    0.00   29.00    0.00    0.00    0.00    0.00
10:17:59 AM    2    0.00    0.00    0.00    0.00    0.00    0.00    0.00    0.00    0.00  100.00
10:17:59 AM    3    0.00    0.00    0.00    0.00    0.00    0.00    0.00    0.00    0.00  100.00
10:17:59 AM    4    0.00    0.00    0.00    0.00    0.00    0.00    0.00    0.00    0.00  100.00
10:17:59 AM    5    0.00    0.00    0.00    0.00    0.00    0.00    0.00    0.00    0.00  100.00
10:17:59 AM    6    0.00    0.00    0.00    0.00    0.00    0.00    0.00    0.00    0.00  100.00
10:17:59 AM    7    0.00    0.00    0.00    0.00    0.00    0.00    0.00    0.00    0.00  100.00

10:17:59 AM  CPU    %usr   %nice    %sys %iowait    %irq   %soft  %steal  %guest  %gnice   %idle
10:18:00 AM  all    1.38    0.00   16.12    0.00    0.25    7.25    0.00    0.00    0.00   75.00
10:18:00 AM    0    5.00    0.00   64.00    0.00    1.00   30.00    0.00    0.00    0.00    0.00
10:18:00 AM    1    6.00    0.00   65.00    0.00    1.00   28.00    0.00    0.00    0.00    0.00
10:18:00 AM    2    0.00    0.00    0.00    0.00    0.00    0.00    0.00    0.00    0.00  100.00
10:18:00 AM    3    0.00    0.00    0.00    0.00    0.00    0.00    0.00    0.00    0.00  100.00
10:18:00 AM    4    0.00    0.00    0.00    0.00    0.00    0.00    0.00    0.00    0.00  100.00
10:18:00 AM    5    0.00    0.00    0.00    0.00    0.00    0.00    0.00    0.00    0.00  100.00
10:18:00 AM    6    0.00    0.00    0.00    0.00    0.00    0.00    0.00    0.00    0.00  100.00
10:18:00 AM    7    0.00    0.00    0.00    0.00    0.00    0.00    0.00    0.00    0.00  100.00

10:18:00 AM  CPU    %usr   %nice    %sys %iowait    %irq   %soft  %steal  %guest  %gnice   %idle
10:18:01 AM  all    1.25    0.00   16.46    0.00    0.00    7.36    0.00    0.00    0.00   74.94
10:18:01 AM    0    4.00    0.00   66.00    0.00    0.00   30.00    0.00    0.00    0.00    0.00
10:18:01 AM    1    5.94    0.00   65.35    0.00    0.00   28.71    0.00    0.00    0.00    0.00
10:18:01 AM    2    0.00    0.00    0.00    0.00    0.00    0.00    0.00    0.00    0.00  100.00
10:18:01 AM    3    0.00    0.00    0.00    0.00    0.00    0.00    0.00    0.00    0.00  100.00
10:18:01 AM    4    0.00    0.00    0.00    0.00    0.00    0.00    0.00    0.00    0.00  100.00
10:18:01 AM    5    0.00    0.00    0.00    0.00    0.00    0.00    0.00    0.00    0.00  100.00
10:18:01 AM    6    0.00    0.00    0.00    0.00    0.00    0.00    0.00    0.00    0.00  100.00
10:18:01 AM    7    0.00    0.00    0.00    0.00    0.00    0.00    0.00    0.00    0.00  100.00

10:18:01 AM  CPU    %usr   %nice    %sys %iowait    %irq   %soft  %steal  %guest  %gnice   %idle
10:18:02 AM  all    1.38    0.00   16.15    0.00    0.00    7.38    0.00    0.00    0.00   75.09
10:18:02 AM    0    6.00    0.00   63.00    0.00    0.00   31.00    0.00    0.00    0.00    0.00
10:18:02 AM    1    5.05    0.00   66.67    0.00    0.00   28.28    0.00    0.00    0.00    0.00
10:18:02 AM    2    0.00    0.00    0.00    0.00    0.00    0.00    0.00    0.00    0.00  100.00
10:18:02 AM    3    0.00    0.00    0.00    0.00    0.00    0.00    0.00    0.00    0.00  100.00
10:18:02 AM    4    0.00    0.00    0.00    0.00    0.00    0.00    0.00    0.00    0.00  100.00
10:18:02 AM    5    0.00    0.00    0.00    0.00    0.00    0.00    0.00    0.00    0.00  100.00
10:18:02 AM    6    0.00    0.00    0.00    0.00    0.00    0.00    0.00    0.00    0.00  100.00
10:18:02 AM    7    0.00    0.00    0.00    0.00    0.00    0.00    0.00    0.00    0.00  100.00

10:18:02 AM  CPU    %usr   %nice    %sys %iowait    %irq   %soft  %steal  %guest  %gnice   %idle
10:18:03 AM  all    1.37    0.00   16.33    0.00    0.00    7.48    0.00    0.00    0.00   74.81
10:18:03 AM    0    5.00    0.00   65.00    0.00    0.00   30.00    0.00    0.00    0.00    0.00
10:18:03 AM    1    5.94    0.00   65.35    0.00    0.00   28.71    0.00    0.00    0.00    0.00
10:18:03 AM    2    0.00    0.00    0.00    0.00    0.00    0.00    0.00    0.00    0.00  100.00
10:18:03 AM    3    0.00    0.00    0.00    0.00    0.00    0.00    0.00    0.00    0.00  100.00
10:18:03 AM    4    0.00    0.00    0.00    0.00    0.00    0.00    0.00    0.00    0.00  100.00
10:18:03 AM    5    0.00    0.00    0.00    0.00    0.00    0.00    0.00    0.00    0.00  100.00
10:18:03 AM    6    0.00    0.00    0.00    0.00    0.00    0.00    0.00    0.00    0.00  100.00
10:18:03 AM    7    0.00    0.00    0.00    0.00    0.00    0.99    0.00    0.00    0.00   99.01

10:18:03 AM  CPU    %usr   %nice    %sys %iowait    %irq   %soft  %steal  %guest  %gnice   %idle
10:18:04 AM  all    1.37    0.00   16.17    0.00    0.12    7.21    0.00    0.00    0.00   75.12
10:18:04 AM    0    5.00    0.00   66.00    0.00    1.00   28.00    0.00    0.00    0.00    0.00
10:18:04 AM    1    6.00    0.00   64.00    0.00    0.00   30.00    0.00    0.00    0.00    0.00
10:18:04 AM    2    0.00    0.00    0.00    0.00    0.00    0.00    0.00    0.00    0.00  100.00
10:18:04 AM    3    0.00    0.00    0.00    0.00    0.00    0.00    0.00    0.00    0.00  100.00
10:18:04 AM    4    0.00    0.00    0.00    0.00    0.00    0.00    0.00    0.00    0.00  100.00
10:18:04 AM    5    0.00    0.00    0.00    0.00    0.00    0.00    0.00    0.00    0.00  100.00
10:18:04 AM    6    0.00    0.00    0.00    0.00    0.00    0.00    0.00    0.00    0.00  100.00
10:18:04 AM    7    0.00    0.00    0.00    0.00    0.00    0.00    0.00    0.00    0.00  100.00

10:18:04 AM  CPU    %usr   %nice    %sys %iowait    %irq   %soft  %steal  %guest  %gnice   %idle
10:18:05 AM  all    1.00    0.00   16.52    0.00    0.13    7.38    0.00    0.00    0.00   74.97
10:18:05 AM    0    5.00    0.00   65.00    0.00    0.00   30.00    0.00    0.00    0.00    0.00
10:18:05 AM    1    3.00    0.00   67.00    0.00    1.00   29.00    0.00    0.00    0.00    0.00
10:18:05 AM    2    0.00    0.00    0.00    0.00    0.00    0.00    0.00    0.00    0.00  100.00
10:18:05 AM    3    0.00    0.00    0.00    0.00    0.00    0.00    0.00    0.00    0.00  100.00
10:18:05 AM    4    0.00    0.00    0.00    0.00    0.00    0.00    0.00    0.00    0.00  100.00
10:18:05 AM    5    0.00    0.00    0.00    0.00    0.00    0.00    0.00    0.00    0.00  100.00
10:18:05 AM    6    0.00    0.00    0.00    0.00    0.00    0.00    0.00    0.00    0.00  100.00
10:18:05 AM    7    0.00    0.00    0.00    0.00    0.00    0.00    0.00    0.00    0.00  100.00

10:18:05 AM  CPU    %usr   %nice    %sys %iowait    %irq   %soft  %steal  %guest  %gnice   %idle
10:18:06 AM  all    1.25    0.00   16.38    0.00    0.00    7.38    0.00    0.00    0.00   75.00
10:18:06 AM    0    5.00    0.00   64.00    0.00    0.00   31.00    0.00    0.00    0.00    0.00
10:18:06 AM    1    5.00    0.00   67.00    0.00    0.00   28.00    0.00    0.00    0.00    0.00
10:18:06 AM    2    0.00    0.00    0.00    0.00    0.00    0.00    0.00    0.00    0.00  100.00
10:18:06 AM    3    0.00    0.00    0.00    0.00    0.00    0.00    0.00    0.00    0.00  100.00
10:18:06 AM    4    0.00    0.00    0.00    0.00    0.00    0.00    0.00    0.00    0.00  100.00
10:18:06 AM    5    0.00    0.00    0.00    0.00    0.00    0.00    0.00    0.00    0.00  100.00
10:18:06 AM    6    0.00    0.00    0.00    0.00    0.00    0.00    0.00    0.00    0.00  100.00
10:18:06 AM    7    0.00    0.00    0.00    0.00    0.00    0.00    0.00    0.00    0.00  100.00

10:18:06 AM  CPU    %usr   %nice    %sys %iowait    %irq   %soft  %steal  %guest  %gnice   %idle
10:18:07 AM  all    1.37    0.00   16.23    0.00    0.00    7.37    0.00    0.00    0.00   75.03
10:18:07 AM    0    6.00    0.00   64.00    0.00    0.00   30.00    0.00    0.00    0.00    0.00
10:18:07 AM    1    5.00    0.00   66.00    0.00    0.00   29.00    0.00    0.00    0.00    0.00
10:18:07 AM    2    0.00    0.00    0.00    0.00    0.00    0.00    0.00    0.00    0.00  100.00
10:18:07 AM    3    0.00    0.00    0.00    0.00    0.00    0.00    0.00    0.00    0.00  100.00
10:18:07 AM    4    0.00    0.00    0.00    0.00    0.00    0.00    0.00    0.00    0.00  100.00
10:18:07 AM    5    0.00    0.00    0.00    0.00    0.00    0.00    0.00    0.00    0.00  100.00
10:18:07 AM    6    0.00    0.00    0.00    0.00    0.00    0.00    0.00    0.00    0.00  100.00
10:18:07 AM    7    0.00    0.00    0.00    0.00    0.00    0.00    0.00    0.00    0.00  100.00

10:18:07 AM  CPU    %usr   %nice    %sys %iowait    %irq   %soft  %steal  %guest  %gnice   %idle
10:18:08 AM  all    1.50    0.00   16.12    0.00    0.12    7.25    0.00    0.00    0.00   75.00
10:18:08 AM    0    5.94    0.00   63.37    0.00    0.99   29.70    0.00    0.00    0.00    0.00
10:18:08 AM    1    6.06    0.00   65.66    0.00    0.00   28.28    0.00    0.00    0.00    0.00
10:18:08 AM    2    0.00    0.00    0.00    0.00    0.00    0.00    0.00    0.00    0.00  100.00
10:18:08 AM    3    0.00    0.00    0.00    0.00    0.00    0.00    0.00    0.00    0.00  100.00
10:18:08 AM    4    0.00    0.00    0.00    0.00    0.00    0.00    0.00    0.00    0.00  100.00
10:18:08 AM    5    0.00    0.00    0.00    0.00    0.00    0.00    0.00    0.00    0.00  100.00
10:18:08 AM    6    0.00    0.00    0.00    0.00    0.00    0.00    0.00    0.00    0.00  100.00
10:18:08 AM    7    0.00    0.00    0.00    0.00    0.00    0.00    0.00    0.00    0.00  100.00

10:18:08 AM  CPU    %usr   %nice    %sys %iowait    %irq   %soft  %steal  %guest  %gnice   %idle
10:18:09 AM  all    1.37    0.00   16.33    0.00    0.12    7.36    0.00    0.00    0.00   74.81
10:18:09 AM    0    5.00    0.00   65.00    0.00    0.00   30.00    0.00    0.00    0.00    0.00
10:18:09 AM    1    5.88    0.00   64.71    0.00    0.98   28.43    0.00    0.00    0.00    0.00
10:18:09 AM    2    0.00    0.00    0.00    0.00    0.00    0.00    0.00    0.00    0.00  100.00
10:18:09 AM    3    0.00    0.00    0.00    0.00    0.00    0.00    0.00    0.00    0.00  100.00
10:18:09 AM    4    0.00    0.00    0.00    0.00    0.00    0.00    0.00    0.00    0.00  100.00
10:18:09 AM    5    0.00    0.00    0.00    0.00    0.00    0.00    0.00    0.00    0.00  100.00
10:18:09 AM    6    0.00    0.00    0.00    0.00    0.00    0.00    0.00    0.00    0.00  100.00
10:18:09 AM    7    0.00    0.00    0.00    0.00    0.00    0.00    0.00    0.00    0.00  100.00

10:18:09 AM  CPU    %usr   %nice    %sys %iowait    %irq   %soft  %steal  %guest  %gnice   %idle
10:18:10 AM  all    1.50    0.00   16.08    0.00    0.00    7.36    0.00    0.00    0.00   75.06
10:18:10 AM    0    5.00    0.00   64.00    0.00    0.00   31.00    0.00    0.00    0.00    0.00
10:18:10 AM    1    7.00    0.00   65.00    0.00    0.00   28.00    0.00    0.00    0.00    0.00
10:18:10 AM    2    0.00    0.00    0.00    0.00    0.00    0.00    0.00    0.00    0.00  100.00
10:18:10 AM    3    0.00    0.00    0.00    0.00    0.00    0.00    0.00    0.00    0.00  100.00
10:18:10 AM    4    0.00    0.00    0.00    0.00    0.00    0.00    0.00    0.00    0.00  100.00
10:18:10 AM    5    0.00    0.00    0.00    0.00    0.00    0.00    0.00    0.00    0.00  100.00
10:18:10 AM    6    0.00    0.00    0.00    0.00    0.00    0.00    0.00    0.00    0.00  100.00
10:18:10 AM    7    0.00    0.00    0.00    0.00    0.00    0.00    0.00    0.00    0.00  100.00

10:18:10 AM  CPU    %usr   %nice    %sys %iowait    %irq   %soft  %steal  %guest  %gnice   %idle
10:18:11 AM  all    1.25    0.00   16.27    0.00    0.00    7.38    0.00    0.00    0.00   75.09
10:18:11 AM    0    6.00    0.00   64.00    0.00    0.00   30.00    0.00    0.00    0.00    0.00
10:18:11 AM    1    4.04    0.00   66.67    0.00    0.00   29.29    0.00    0.00    0.00    0.00
10:18:11 AM    2    0.00    0.00    0.00    0.00    0.00    0.00    0.00    0.00    0.00  100.00
10:18:11 AM    3    0.00    0.00    0.00    0.00    0.00    0.00    0.00    0.00    0.00  100.00
10:18:11 AM    4    0.00    0.00    0.00    0.00    0.00    0.00    0.00    0.00    0.00  100.00
10:18:11 AM    5    0.00    0.00    0.00    0.00    0.00    0.00    0.00    0.00    0.00  100.00
10:18:11 AM    6    0.00    0.00    0.00    0.00    0.00    0.00    0.00    0.00    0.00  100.00
10:18:11 AM    7    0.00    0.00    0.00    0.00    0.00    0.00    0.00    0.00    0.00  100.00

10:18:11 AM  CPU    %usr   %nice    %sys %iowait    %irq   %soft  %steal  %guest  %gnice   %idle
10:18:12 AM  all    1.37    0.00   16.17    0.00    0.12    7.34    0.00    0.00    0.00   75.00
10:18:12 AM    0    5.94    0.00   63.37    0.00    0.99   28.71    0.00    0.00    0.00    0.99
10:18:12 AM    1    5.00    0.00   66.00    0.00    0.00   29.00    0.00    0.00    0.00    0.00
10:18:12 AM    2    0.00    0.00    0.00    0.00    0.00    0.00    0.00    0.00    0.00  100.00
10:18:12 AM    3    0.00    0.00    0.00    0.00    0.00    0.00    0.00    0.00    0.00  100.00
10:18:12 AM    4    0.00    0.00    0.00    0.00    0.00    0.00    0.00    0.00    0.00  100.00
10:18:12 AM    5    0.00    0.00    0.00    0.00    0.00    0.00    0.00    0.00    0.00  100.00
10:18:12 AM    6    0.00    0.00    0.00    0.00    0.00    0.99    0.00    0.00    0.00   99.01
10:18:12 AM    7    0.00    0.00    0.00    0.00    0.00    0.00    0.00    0.00    0.00  100.00

10:18:12 AM  CPU    %usr   %nice    %sys %iowait    %irq   %soft  %steal  %guest  %gnice   %idle
10:18:13 AM  all    1.37    0.00   16.21    0.00    0.12    7.36    0.00    0.00    0.00   74.94
10:18:13 AM    0    6.00    0.00   65.00    0.00    0.00   29.00    0.00    0.00    0.00    0.00
10:18:13 AM    1    4.95    0.00   64.36    0.00    0.99   29.70    0.00    0.00    0.00    0.00
10:18:13 AM    2    0.00    0.00    0.00    0.00    0.00    0.00    0.00    0.00    0.00  100.00
10:18:13 AM    3    0.00    0.00    0.00    0.00    0.00    0.00    0.00    0.00    0.00  100.00
10:18:13 AM    4    0.00    0.00    0.00    0.00    0.00    0.00    0.00    0.00    0.00  100.00
10:18:13 AM    5    0.00    0.00    0.00    0.00    0.00    0.00    0.00    0.00    0.00  100.00
10:18:13 AM    6    0.00    0.00    0.00    0.00    0.00    0.00    0.00    0.00    0.00  100.00
10:18:13 AM    7    0.00    0.00    0.00    0.00    0.00    0.00    0.00    0.00    0.00  100.00

10:18:13 AM  CPU    %usr   %nice    %sys %iowait    %irq   %soft  %steal  %guest  %gnice   %idle
10:18:14 AM  all    1.50    0.00   16.25    0.00    0.00    7.25    0.00    0.00    0.00   75.00
10:18:14 AM    0    6.00    0.00   66.00    0.00    0.00   28.00    0.00    0.00    0.00    0.00
10:18:14 AM    1    6.00    0.00   64.00    0.00    0.00   30.00    0.00    0.00    0.00    0.00
10:18:14 AM    2    0.00    0.00    0.00    0.00    0.00    0.00    0.00    0.00    0.00  100.00
10:18:14 AM    3    0.00    0.00    0.00    0.00    0.00    0.00    0.00    0.00    0.00  100.00
10:18:14 AM    4    0.00    0.00    0.00    0.00    0.00    0.00    0.00    0.00    0.00  100.00
10:18:14 AM    5    0.00    0.00    0.00    0.00    0.00    0.00    0.00    0.00    0.00  100.00
10:18:14 AM    6    0.00    0.00    0.00    0.00    0.00    0.00    0.00    0.00    0.00  100.00
10:18:14 AM    7    0.00    0.00    0.00    0.00    0.00    0.00    0.00    0.00    0.00  100.00

10:18:14 AM  CPU    %usr   %nice    %sys %iowait    %irq   %soft  %steal  %guest  %gnice   %idle
10:18:15 AM  all    1.38    0.00   16.27    0.00    0.00    7.26    0.00    0.00    0.00   75.09
10:18:15 AM    0    5.05    0.00   66.67    0.00    0.00   28.28    0.00    0.00    0.00    0.00
10:18:15 AM    1    6.00    0.00   64.00    0.00    0.00   30.00    0.00    0.00    0.00    0.00
10:18:15 AM    2    0.00    0.00    0.00    0.00    0.00    0.00    0.00    0.00    0.00  100.00
10:18:15 AM    3    0.00    0.00    0.00    0.00    0.00    0.00    0.00    0.00    0.00  100.00
10:18:15 AM    4    0.00    0.00    0.00    0.00    0.00    0.00    0.00    0.00    0.00  100.00
10:18:15 AM    5    0.00    0.00    0.00    0.00    0.00    0.00    0.00    0.00    0.00  100.00
10:18:15 AM    6    0.00    0.00    0.00    0.00    0.00    0.00    0.00    0.00    0.00  100.00
10:18:15 AM    7    0.00    0.00    0.00    0.00    0.00    0.00    0.00    0.00    0.00  100.00

10:18:15 AM  CPU    %usr   %nice    %sys %iowait    %irq   %soft  %steal  %guest  %gnice   %idle
10:18:16 AM  all    1.25    0.00   16.35    0.00    0.12    7.37    0.00    0.00    0.00   74.91
10:18:16 AM    0    4.90    0.00   65.69    0.00    0.98   28.43    0.00    0.00    0.00    0.00
10:18:16 AM    1    5.05    0.00   64.65    0.00    0.00   30.30    0.00    0.00    0.00    0.00
10:18:16 AM    2    0.00    0.00    0.00    0.00    0.00    0.00    0.00    0.00    0.00  100.00
10:18:16 AM    3    0.00    0.00    0.00    0.00    0.00    0.00    0.00    0.00    0.00  100.00
10:18:16 AM    4    0.00    0.00    0.00    0.00    0.00    0.00    0.00    0.00    0.00  100.00
10:18:16 AM    5    0.00    0.00    0.00    0.00    0.00    0.00    0.00    0.00    0.00  100.00
10:18:16 AM    6    0.00    0.00    0.00    0.00    0.00    0.00    0.00    0.00    0.00  100.00
10:18:16 AM    7    0.00    0.00    0.00    0.00    0.00    0.00    0.00    0.00    0.00  100.00

10:18:16 AM  CPU    %usr   %nice    %sys %iowait    %irq   %soft  %steal  %guest  %gnice   %idle
10:18:17 AM  all    1.37    0.00   16.23    0.00    0.12    7.37    0.00    0.00    0.00   74.91
10:18:17 AM    0    6.06    0.00   65.66    0.00    0.00   28.28    0.00    0.00    0.00    0.00
10:18:17 AM    1    4.90    0.00   63.73    0.00    0.98   30.39    0.00    0.00    0.00    0.00
10:18:17 AM    2    0.00    0.00    0.00    0.00    0.00    0.00    0.00    0.00    0.00  100.00
10:18:17 AM    3    0.00    0.00    0.00    0.00    0.00    0.00    0.00    0.00    0.00  100.00
10:18:17 AM    4    0.00    0.00    0.00    0.00    0.00    0.00    0.00    0.00    0.00  100.00
10:18:17 AM    5    0.00    0.00    0.00    0.00    0.00    0.00    0.00    0.00    0.00  100.00
10:18:17 AM    6    0.00    0.00    0.00    0.00    0.00    0.00    0.00    0.00    0.00  100.00
10:18:17 AM    7    0.00    0.00    0.00    0.00    0.00    0.00    0.00    0.00    0.00  100.00

10:18:17 AM  CPU    %usr   %nice    %sys %iowait    %irq   %soft  %steal  %guest  %gnice   %idle
10:18:18 AM  all    1.25    0.00   16.38    0.00    0.00    7.25    0.00    0.00    0.00   75.12
10:18:18 AM    0    6.00    0.00   66.00    0.00    0.00   28.00    0.00    0.00    0.00    0.00
10:18:18 AM    1    4.00    0.00   65.00    0.00    0.00   30.00    0.00    0.00    0.00    1.00
10:18:18 AM    2    0.00    0.00    0.00    0.00    0.00    0.00    0.00    0.00    0.00  100.00
10:18:18 AM    3    0.00    0.00    0.00    0.00    0.00    0.00    0.00    0.00    0.00  100.00
10:18:18 AM    4    0.00    0.00    0.00    0.00    0.00    0.00    0.00    0.00    0.00  100.00
10:18:18 AM    5    0.00    0.00    0.00    0.00    0.00    0.00    0.00    0.00    0.00  100.00
10:18:18 AM    6    0.00    0.00    0.00    0.00    0.00    0.00    0.00    0.00    0.00  100.00
10:18:18 AM    7    0.00    0.00    0.00    0.00    0.00    0.00    0.00    0.00    0.00  100.00

10:18:18 AM  CPU    %usr   %nice    %sys %iowait    %irq   %soft  %steal  %guest  %gnice   %idle
10:18:19 AM  all    1.50    0.00   16.10    0.00    0.00    7.24    0.00    0.00    0.00   75.16
10:18:19 AM    0    5.05    0.00   66.67    0.00    0.00   28.28    0.00    0.00    0.00    0.00
10:18:19 AM    1    7.00    0.00   63.00    0.00    0.00   30.00    0.00    0.00    0.00    0.00
10:18:19 AM    2    0.00    0.00    0.00    0.00    0.00    0.00    0.00    0.00    0.00  100.00
10:18:19 AM    3    0.00    0.00    0.00    0.00    0.00    0.00    0.00    0.00    0.00  100.00
10:18:19 AM    4    0.00    0.00    0.00    0.00    0.00    0.00    0.00    0.00    0.00  100.00
10:18:19 AM    5    0.00    0.00    0.00    0.00    0.00    0.00    0.00    0.00    0.00  100.00
10:18:19 AM    6    0.00    0.00    0.00    0.00    0.00    0.00    0.00    0.00    0.00  100.00
10:18:19 AM    7    0.00    0.00    0.00    0.00    0.00    0.00    0.00    0.00    0.00  100.00

10:18:19 AM  CPU    %usr   %nice    %sys %iowait    %irq   %soft  %steal  %guest  %gnice   %idle
10:18:20 AM  all    1.37    0.00   16.17    0.00    0.12    7.46    0.00    0.00    0.00   74.88
10:18:20 AM    0    6.86    0.00   63.73    0.00    0.98   28.43    0.00    0.00    0.00    0.00
10:18:20 AM    1    4.00    0.00   65.00    0.00    0.00   31.00    0.00    0.00    0.00    0.00
10:18:20 AM    2    0.00    0.00    0.00    0.00    0.00    0.00    0.00    0.00    0.00  100.00
10:18:20 AM    3    0.00    0.00    0.00    0.00    0.00    0.00    0.00    0.00    0.00  100.00
10:18:20 AM    4    0.00    0.00    0.00    0.00    0.00    0.00    0.00    0.00    0.00  100.00
10:18:20 AM    5    0.00    0.00    0.00    0.00    0.00    0.00    0.00    0.00    0.00  100.00
10:18:20 AM    6    0.00    0.00    0.00    0.00    0.00    0.00    0.00    0.00    0.00  100.00
10:18:20 AM    7    0.00    0.00    0.00    0.00    0.00    0.00    0.00    0.00    0.00  100.00

10:18:20 AM  CPU    %usr   %nice    %sys %iowait    %irq   %soft  %steal  %guest  %gnice   %idle
10:18:21 AM  all    1.50    0.00   16.25    0.00    0.12    7.25    0.00    0.00    0.00   74.88
10:18:21 AM    0    6.00    0.00   65.00    0.00    0.00   29.00    0.00    0.00    0.00    0.00
10:18:21 AM    1    5.94    0.00   64.36    0.00    0.99   28.71    0.00    0.00    0.00    0.00
10:18:21 AM    2    0.00    0.00    0.00    0.00    0.00    0.00    0.00    0.00    0.00  100.00
10:18:21 AM    3    0.00    0.00    0.00    0.00    0.00    0.00    0.00    0.00    0.00  100.00
10:18:21 AM    4    0.00    0.00    0.00    0.00    0.00    0.00    0.00    0.00    0.00  100.00
10:18:21 AM    5    0.00    0.00    0.00    0.00    0.00    0.00    0.00    0.00    0.00  100.00
10:18:21 AM    6    0.00    0.00    0.00    0.00    0.00    0.00    0.00    0.00    0.00  100.00
10:18:21 AM    7    0.00    0.00    0.00    0.00    0.00    0.00    0.00    0.00    0.00  100.00

10:18:21 AM  CPU    %usr   %nice    %sys %iowait    %irq   %soft  %steal  %guest  %gnice   %idle
10:18:22 AM  all    1.25    0.00   16.33    0.00    0.00    7.23    0.00    0.00    0.00   75.19
10:18:22 AM    0    5.00    0.00   65.00    0.00    0.00   30.00    0.00    0.00    0.00    0.00
10:18:22 AM    1    5.05    0.00   66.67    0.00    0.00   28.28    0.00    0.00    0.00    0.00
10:18:22 AM    2    0.00    0.00    0.00    0.00    0.00    0.00    0.00    0.00    0.00  100.00
10:18:22 AM    3    0.00    0.00    0.00    0.00    0.00    0.00    0.00    0.00    0.00  100.00
10:18:22 AM    4    0.00    0.00    0.00    0.00    0.00    0.00    0.00    0.00    0.00  100.00
10:18:22 AM    5    0.00    0.00    0.00    0.00    0.00    0.00    0.00    0.00    0.00  100.00
10:18:22 AM    6    0.00    0.00    0.00    0.00    0.00    0.00    0.00    0.00    0.00  100.00
10:18:22 AM    7    0.00    0.00    0.00    0.00    0.00    0.00    0.00    0.00    0.00  100.00

10:18:22 AM  CPU    %usr   %nice    %sys %iowait    %irq   %soft  %steal  %guest  %gnice   %idle
10:18:23 AM  all    1.38    0.00   16.15    0.00    0.00    7.38    0.00    0.00    0.00   75.09
10:18:23 AM    0    5.10    0.00   64.29    0.00    0.00   30.61    0.00    0.00    0.00    0.00
10:18:23 AM    1    5.94    0.00   65.35    0.00    0.00   28.71    0.00    0.00    0.00    0.00
10:18:23 AM    2    0.00    0.00    0.00    0.00    0.00    0.00    0.00    0.00    0.00  100.00
10:18:23 AM    3    0.00    0.00    0.00    0.00    0.00    0.00    0.00    0.00    0.00  100.00
10:18:23 AM    4    0.00    0.00    0.00    0.00    0.00    0.00    0.00    0.00    0.00  100.00
10:18:23 AM    5    0.00    0.00    0.00    0.00    0.00    0.00    0.00    0.00    0.00  100.00
10:18:23 AM    6    0.00    0.00    0.00    0.00    0.00    0.00    0.00    0.00    0.00  100.00
10:18:23 AM    7    0.00    0.00    0.00    0.00    0.00    0.00    0.00    0.00    0.00  100.00

10:18:23 AM  CPU    %usr   %nice    %sys %iowait    %irq   %soft  %steal  %guest  %gnice   %idle
10:18:24 AM  all    1.50    0.00   16.08    0.00    0.12    7.48    0.00    0.00    0.00   74.81
10:18:24 AM    0    4.90    0.00   63.73    0.00    0.98   30.39    0.00    0.00    0.00    0.00
10:18:24 AM    1    7.07    0.00   64.65    0.00    0.00   28.28    0.00    0.00    0.00    0.00
10:18:24 AM    2    0.00    0.00    0.00    0.00    0.00    0.00    0.00    0.00    0.00  100.00
10:18:24 AM    3    0.00    0.00    0.00    0.00    0.00    0.00    0.00    0.00    0.00  100.00
10:18:24 AM    4    0.00    0.00    0.00    0.00    0.00    0.00    0.00    0.00    0.00  100.00
10:18:24 AM    5    0.00    0.00    0.00    0.00    0.00    0.00    0.00    0.00    0.00  100.00
10:18:24 AM    6    0.00    0.00    0.00    0.00    0.00    0.00    0.00    0.00    0.00  100.00
10:18:24 AM    7    0.00    0.00    0.00    0.00    0.00    0.99    0.00    0.00    0.00   99.01

10:18:24 AM  CPU    %usr   %nice    %sys %iowait    %irq   %soft  %steal  %guest  %gnice   %idle
10:18:25 AM  all    1.25    0.00   16.35    0.00    0.00    7.37    0.00    0.00    0.00   75.03
10:18:25 AM    0    5.00    0.00   66.00    0.00    0.00   29.00    0.00    0.00    0.00    0.00
10:18:25 AM    1    5.00    0.00   65.00    0.00    0.00   30.00    0.00    0.00    0.00    0.00
10:18:25 AM    2    0.00    0.00    0.00    0.00    0.00    0.00    0.00    0.00    0.00  100.00
10:18:25 AM    3    0.00    0.00    0.00    0.00    0.00    0.00    0.00    0.00    0.00  100.00
10:18:25 AM    4    0.00    0.00    0.00    0.00    0.00    0.00    0.00    0.00    0.00  100.00
10:18:25 AM    5    0.00    0.00    0.00    0.00    0.00    0.00    0.00    0.00    0.00  100.00
10:18:25 AM    6    0.00    0.00    0.00    0.00    0.00    0.00    0.00    0.00    0.00  100.00
10:18:25 AM    7    0.00    0.00    0.00    0.00    0.00    0.00    0.00    0.00    0.00  100.00

Average:     CPU    %usr   %nice    %sys %iowait    %irq   %soft  %steal  %guest  %gnice   %idle
Average:     all    1.34    0.00   16.13    0.00    0.06    7.28    0.00    0.00    0.00   75.19
Average:       0    5.36    0.00   64.49    0.00    0.23   29.15    0.00    0.00    0.00    0.77
Average:       1    5.36    0.00   64.61    0.00    0.23   28.99    0.00    0.00    0.00    0.80
Average:       2    0.00    0.00    0.00    0.00    0.00    0.00    0.00    0.00    0.00  100.00
Average:       3    0.00    0.00    0.00    0.00    0.00    0.00    0.00    0.00    0.00  100.00
Average:       4    0.00    0.00    0.00    0.00    0.00    0.00    0.00    0.00    0.00  100.00
Average:       5    0.00    0.00    0.00    0.00    0.00    0.00    0.00    0.00    0.00  100.00
Average:       6    0.00    0.00    0.00    0.00    0.00    0.03    0.00    0.00    0.00   99.97
Average:       7    0.00    0.00    0.00    0.00    0.00    0.07    0.00    0.00    0.00   99.93
