Linux 6.12.87 (pi5-2) 	06/20/2026 	_aarch64_	(4 CPU)

02:34:59 AM  CPU    %usr   %nice    %sys %iowait    %irq   %soft  %steal  %guest  %gnice   %idle
02:35:00 AM  all    0.00    0.00    0.00    0.00    0.50   26.07    0.00    0.00    0.00   73.43
02:35:00 AM    0    0.00    0.00    0.00    0.00    1.01   72.73    0.00    0.00    0.00   26.26
02:35:00 AM    1    0.00    0.00    0.00    0.00    1.00   32.00    0.00    0.00    0.00   67.00
02:35:00 AM    2    0.00    0.00    0.00    0.00    0.00    0.00    0.00    0.00    0.00  100.00
02:35:00 AM    3    0.00    0.00    0.00    0.00    0.00    0.00    0.00    0.00    0.00  100.00

02:35:00 AM  CPU    %usr   %nice    %sys %iowait    %irq   %soft  %steal  %guest  %gnice   %idle
02:35:01 AM  all    0.00    0.00    0.00    0.00    0.75   26.07    0.00    0.00    0.00   73.18
02:35:01 AM    0    0.00    0.00    0.00    0.00    2.00   72.00    0.00    0.00    0.00   26.00
02:35:01 AM    1    0.00    0.00    0.00    0.00    1.01   32.32    0.00    0.00    0.00   66.67
02:35:01 AM    2    0.00    0.00    0.00    0.00    0.00    0.00    0.00    0.00    0.00  100.00
02:35:01 AM    3    0.00    0.00    0.00    0.00    0.00    0.00    0.00    0.00    0.00  100.00

02:35:01 AM  CPU    %usr   %nice    %sys %iowait    %irq   %soft  %steal  %guest  %gnice   %idle
02:35:02 AM  all    0.00    0.00    0.00    0.00    0.50   26.07    0.00    0.00    0.00   73.43
02:35:02 AM    0    0.00    0.00    0.00    0.00    1.01   72.73    0.00    0.00    0.00   26.26
02:35:02 AM    1    0.00    0.00    0.00    0.00    1.00   32.00    0.00    0.00    0.00   67.00
02:35:02 AM    2    0.00    0.00    0.00    0.00    0.00    0.00    0.00    0.00    0.00  100.00
02:35:02 AM    3    0.00    0.00    0.00    0.00    0.00    0.00    0.00    0.00    0.00  100.00

02:35:02 AM  CPU    %usr   %nice    %sys %iowait    %irq   %soft  %steal  %guest  %gnice   %idle
02:35:03 AM  all    0.00    0.00    0.00    0.00    0.75   26.07    0.00    0.00    0.00   73.18
02:35:03 AM    0    0.00    0.00    0.00    0.00    2.00   72.00    0.00    0.00    0.00   26.00
02:35:03 AM    1    0.00    0.00    0.00    0.00    1.01   32.32    0.00    0.00    0.00   66.67
02:35:03 AM    2    0.00    0.00    0.00    0.00    0.00    0.00    0.00    0.00    0.00  100.00
02:35:03 AM    3    0.00    0.00    0.00    0.00    0.00    0.00    0.00    0.00    0.00  100.00

02:35:03 AM  CPU    %usr   %nice    %sys %iowait    %irq   %soft  %steal  %guest  %gnice   %idle
02:35:04 AM  all    0.00    0.00    0.00    0.00    0.75   26.25    0.00    0.00    0.00   73.00
02:35:04 AM    0    0.00    0.00    0.00    0.00    2.00   73.00    0.00    0.00    0.00   25.00
02:35:04 AM    1    0.00    0.00    0.00    0.00    1.00   32.00    0.00    0.00    0.00   67.00
02:35:04 AM    2    0.00    0.00    0.00    0.00    0.00    0.00    0.00    0.00    0.00  100.00
02:35:04 AM    3    0.00    0.00    0.00    0.00    0.00    0.00    0.00    0.00    0.00  100.00

02:35:04 AM  CPU    %usr   %nice    %sys %iowait    %irq   %soft  %steal  %guest  %gnice   %idle
02:35:05 AM  all    0.00    0.00    0.00    0.00    0.50   26.13    0.00    0.00    0.00   73.37
02:35:05 AM    0    0.00    0.00    0.00    0.00    1.01   72.73    0.00    0.00    0.00   26.26
02:35:05 AM    1    0.00    0.00    0.00    0.00    1.01   32.32    0.00    0.00    0.00   66.67
02:35:05 AM    2    0.00    0.00    0.00    0.00    0.00    0.00    0.00    0.00    0.00  100.00
02:35:05 AM    3    0.00    0.00    0.00    0.00    0.00    0.00    0.00    0.00    0.00  100.00

02:35:05 AM  CPU    %usr   %nice    %sys %iowait    %irq   %soft  %steal  %guest  %gnice   %idle
02:35:06 AM  all    0.00    0.00    0.25    0.00    0.75   25.94    0.00    0.00    0.00   73.07
02:35:06 AM    0    0.00    0.00    0.00    0.00    2.00   72.00    0.00    0.00    0.00   26.00
02:35:06 AM    1    0.00    0.00    0.00    0.00    1.00   32.00    0.00    0.00    0.00   67.00
02:35:06 AM    2    0.00    0.00    0.99    0.00    0.00    0.00    0.00    0.00    0.00   99.01
02:35:06 AM    3    0.00    0.00    0.00    0.00    0.00    0.00    0.00    0.00    0.00  100.00

02:35:06 AM  CPU    %usr   %nice    %sys %iowait    %irq   %soft  %steal  %guest  %gnice   %idle
02:35:07 AM  all    0.00    0.00    0.00    0.00    0.50   26.07    0.00    0.00    0.00   73.43
02:35:07 AM    0    0.00    0.00    0.00    0.00    1.01   72.73    0.00    0.00    0.00   26.26
02:35:07 AM    1    0.00    0.00    0.00    0.00    1.00   32.00    0.00    0.00    0.00   67.00
02:35:07 AM    2    0.00    0.00    0.00    0.00    0.00    0.00    0.00    0.00    0.00  100.00
02:35:07 AM    3    0.00    0.00    0.00    0.00    0.00    0.00    0.00    0.00    0.00  100.00

02:35:07 AM  CPU    %usr   %nice    %sys %iowait    %irq   %soft  %steal  %guest  %gnice   %idle
02:35:08 AM  all    0.25    0.00    0.25    0.00    0.50   24.18    0.00    0.00    0.00   74.81
02:35:08 AM    0    0.00    0.00    0.00    0.00    2.02   95.96    0.00    0.00    0.00    2.02
02:35:08 AM    1    0.00    0.00    1.01    0.00    0.00    1.01    0.00    0.00    0.00   97.98
02:35:08 AM    2    0.00    0.00    0.00    0.00    0.00    0.00    0.00    0.00    0.00  100.00
02:35:08 AM    3    1.00    0.00    0.00    0.00    0.00    0.00    0.00    0.00    0.00   99.00

02:35:08 AM  CPU    %usr   %nice    %sys %iowait    %irq   %soft  %steal  %guest  %gnice   %idle
02:35:09 AM  all    0.00    0.00    0.00    0.00    0.25   24.06    0.00    0.00    0.00   75.69
02:35:09 AM    0    0.00    0.00    0.00    0.00    1.01   96.97    0.00    0.00    0.00    2.02
02:35:09 AM    1    0.00    0.00    0.00    0.00    0.00    0.00    0.00    0.00    0.00  100.00
02:35:09 AM    2    0.00    0.00    0.00    0.00    0.00    0.00    0.00    0.00    0.00  100.00
02:35:09 AM    3    0.00    0.00    0.00    0.00    0.00    0.00    0.00    0.00    0.00  100.00

02:35:09 AM  CPU    %usr   %nice    %sys %iowait    %irq   %soft  %steal  %guest  %gnice   %idle
02:35:10 AM  all    0.00    0.00    0.00    0.00    0.50   24.06    0.00    0.00    0.00   75.44
02:35:10 AM    0    0.00    0.00    0.00    0.00    2.02   96.97    0.00    0.00    0.00    1.01
02:35:10 AM    1    0.00    0.00    0.00    0.00    0.00    0.00    0.00    0.00    0.00  100.00
02:35:10 AM    2    0.00    0.00    0.00    0.00    0.00    0.00    0.00    0.00    0.00  100.00
02:35:10 AM    3    0.00    0.00    0.00    0.00    0.00    0.00    0.00    0.00    0.00  100.00

02:35:10 AM  CPU    %usr   %nice    %sys %iowait    %irq   %soft  %steal  %guest  %gnice   %idle
02:35:11 AM  all    0.00    0.00    0.00    0.00    0.25   24.06    0.00    0.00    0.00   75.69
02:35:11 AM    0    0.00    0.00    0.00    0.00    1.01   96.97    0.00    0.00    0.00    2.02
02:35:11 AM    1    0.00    0.00    0.00    0.00    0.00    0.00    0.00    0.00    0.00  100.00
02:35:11 AM    2    0.00    0.00    0.00    0.00    0.00    0.00    0.00    0.00    0.00  100.00
02:35:11 AM    3    0.00    0.00    0.00    0.00    0.00    0.00    0.00    0.00    0.00  100.00

02:35:11 AM  CPU    %usr   %nice    %sys %iowait    %irq   %soft  %steal  %guest  %gnice   %idle
02:35:12 AM  all    0.00    0.00    0.00    0.00    0.50   25.06    0.00    0.00    0.00   74.44
02:35:12 AM    0    0.00    0.00    0.00    0.00    2.02   82.83    0.00    0.00    0.00   15.15
02:35:12 AM    1    0.00    0.00    0.00    0.00    0.00   18.00    0.00    0.00    0.00   82.00
02:35:12 AM    2    0.00    0.00    0.00    0.00    0.00    0.00    0.00    0.00    0.00  100.00
02:35:12 AM    3    0.00    0.00    0.00    0.00    0.00    0.00    0.00    0.00    0.00  100.00

02:35:12 AM  CPU    %usr   %nice    %sys %iowait    %irq   %soft  %steal  %guest  %gnice   %idle
02:35:13 AM  all    0.25    0.00    0.25    0.00    0.50   26.25    0.00    0.00    0.00   72.75
02:35:13 AM    0    0.00    0.00    0.00    0.00    1.00   73.00    0.00    0.00    0.00   26.00
02:35:13 AM    1    0.00    0.00    0.00    0.00    1.01   32.32    0.00    0.00    0.00   66.67
02:35:13 AM    2    1.00    0.00    0.00    0.00    0.00    0.00    0.00    0.00    0.00   99.00
02:35:13 AM    3    0.00    0.00    0.99    0.00    0.00    0.00    0.00    0.00    0.00   99.01

02:35:13 AM  CPU    %usr   %nice    %sys %iowait    %irq   %soft  %steal  %guest  %gnice   %idle
02:35:14 AM  all    0.00    0.00    0.00    0.00    0.75   26.25    0.00    0.00    0.00   73.00
02:35:14 AM    0    0.00    0.00    0.00    0.00    2.00   72.00    0.00    0.00    0.00   26.00
02:35:14 AM    1    0.00    0.00    0.00    0.00    1.00   33.00    0.00    0.00    0.00   66.00
02:35:14 AM    2    0.00    0.00    0.00    0.00    0.00    0.00    0.00    0.00    0.00  100.00
02:35:14 AM    3    0.00    0.00    0.00    0.00    0.00    0.00    0.00    0.00    0.00  100.00

02:35:14 AM  CPU    %usr   %nice    %sys %iowait    %irq   %soft  %steal  %guest  %gnice   %idle
02:35:15 AM  all    0.00    0.00    0.00    0.00    0.50   26.13    0.00    0.00    0.00   73.37
02:35:15 AM    0    0.00    0.00    0.00    0.00    1.02   73.47    0.00    0.00    0.00   25.51
02:35:15 AM    1    0.00    0.00    0.00    0.00    1.00   32.00    0.00    0.00    0.00   67.00
02:35:15 AM    2    0.00    0.00    0.00    0.00    0.00    0.00    0.00    0.00    0.00  100.00
02:35:15 AM    3    0.00    0.00    0.00    0.00    0.00    0.00    0.00    0.00    0.00  100.00

02:35:15 AM  CPU    %usr   %nice    %sys %iowait    %irq   %soft  %steal  %guest  %gnice   %idle
02:35:16 AM  all    0.00    0.00    0.00    0.00    1.00   26.18    0.00    0.00    0.00   72.82
02:35:16 AM    0    0.00    0.00    0.00    0.00    1.98   72.28    0.00    0.00    0.00   25.74
02:35:16 AM    1    0.00    0.00    0.00    0.00    1.01   27.27    0.00    0.00    0.00   71.72
02:35:16 AM    2    0.00    0.00    0.00    0.00    0.99    4.95    0.00    0.00    0.00   94.06
02:35:16 AM    3    0.00    0.00    0.00    0.00    0.00    0.00    0.00    0.00    0.00  100.00

02:35:16 AM  CPU    %usr   %nice    %sys %iowait    %irq   %soft  %steal  %guest  %gnice   %idle
02:35:17 AM  all    0.00    0.00    0.25    0.00    0.50   26.07    0.00    0.00    0.00   73.18
02:35:17 AM    0    0.00    0.00    0.00    0.00    1.01   72.73    0.00    0.00    0.00   26.26
02:35:17 AM    1    0.00    0.00    0.00    0.00    0.00    0.00    0.00    0.00    0.00  100.00
02:35:17 AM    2    0.00    0.00    1.00    0.00    1.00   32.00    0.00    0.00    0.00   66.00
02:35:17 AM    3    0.00    0.00    0.00    0.00    0.00    0.00    0.00    0.00    0.00  100.00

02:35:17 AM  CPU    %usr   %nice    %sys %iowait    %irq   %soft  %steal  %guest  %gnice   %idle
02:35:18 AM  all    0.00    0.00    0.00    0.00    0.50   26.13    0.00    0.00    0.00   73.37
02:35:18 AM    0    0.00    0.00    0.00    0.00    2.00   72.00    0.00    0.00    0.00   26.00
02:35:18 AM    1    0.00    0.00    0.00    0.00    0.00    0.00    0.00    0.00    0.00  100.00
02:35:18 AM    2    0.00    0.00    0.00    0.00    0.00   32.65    0.00    0.00    0.00   67.35
02:35:18 AM    3    0.00    0.00    0.00    0.00    0.00    0.00    0.00    0.00    0.00  100.00

02:35:18 AM  CPU    %usr   %nice    %sys %iowait    %irq   %soft  %steal  %guest  %gnice   %idle
02:35:19 AM  all    0.00    0.00    0.00    0.00    0.50   26.07    0.00    0.00    0.00   73.43
02:35:19 AM    0    0.00    0.00    0.00    0.00    1.01   72.73    0.00    0.00    0.00   26.26
02:35:19 AM    1    0.00    0.00    0.00    0.00    0.00    0.00    0.00    0.00    0.00  100.00
02:35:19 AM    2    0.00    0.00    0.00    0.00    1.00   32.00    0.00    0.00    0.00   67.00
02:35:19 AM    3    0.00    0.00    0.00    0.00    0.00    0.00    0.00    0.00    0.00  100.00

02:35:19 AM  CPU    %usr   %nice    %sys %iowait    %irq   %soft  %steal  %guest  %gnice   %idle
02:35:20 AM  all    0.00    0.00    0.00    0.00    0.75   26.07    0.00    0.00    0.00   73.18
02:35:20 AM    0    0.00    0.00    0.00    0.00    2.00   72.00    0.00    0.00    0.00   26.00
02:35:20 AM    1    0.00    0.00    0.00    0.00    0.00    0.00    0.00    0.00    0.00  100.00
02:35:20 AM    2    0.00    0.00    0.00    0.00    1.01   32.32    0.00    0.00    0.00   66.67
02:35:20 AM    3    0.00    0.00    0.00    0.00    0.00    0.00    0.00    0.00    0.00  100.00

02:35:20 AM  CPU    %usr   %nice    %sys %iowait    %irq   %soft  %steal  %guest  %gnice   %idle
02:35:21 AM  all    0.00    0.00    0.00    0.00    0.75   26.25    0.00    0.00    0.00   73.00
02:35:21 AM    0    0.00    0.00    0.00    0.00    2.02   72.73    0.00    0.00    0.00   25.25
02:35:21 AM    1    0.00    0.00    0.00    0.00    0.00    0.00    0.00    0.00    0.00  100.00
02:35:21 AM    2    0.00    0.00    0.00    0.00    0.99   32.67    0.00    0.00    0.00   66.34
02:35:21 AM    3    0.00    0.00    0.00    0.00    0.00    0.00    0.00    0.00    0.00  100.00

02:35:21 AM  CPU    %usr   %nice    %sys %iowait    %irq   %soft  %steal  %guest  %gnice   %idle
02:35:22 AM  all    0.00    0.00    0.00    0.00    0.50   26.45    0.00    0.00    0.00   73.05
02:35:22 AM    0    0.00    0.00    0.00    0.00    1.00   73.00    0.00    0.00    0.00   26.00
02:35:22 AM    1    0.00    0.00    0.00    0.00    0.00    0.00    0.00    0.00    0.00  100.00
02:35:22 AM    2    0.00    0.00    0.00    0.00    1.01   32.32    0.00    0.00    0.00   66.67
02:35:22 AM    3    0.00    0.00    0.00    0.00    0.00    0.00    0.00    0.00    0.00  100.00

02:35:22 AM  CPU    %usr   %nice    %sys %iowait    %irq   %soft  %steal  %guest  %gnice   %idle
02:35:23 AM  all    0.00    0.00    0.25    0.00    0.75   26.00    0.00    0.00    0.00   73.00
02:35:23 AM    0    0.00    0.00    0.00    0.00    2.00   72.00    0.00    0.00    0.00   26.00
02:35:23 AM    1    0.00    0.00    0.00    0.00    0.00    0.00    0.00    0.00    0.00  100.00
02:35:23 AM    2    0.00    0.00    1.00    0.00    1.00   32.00    0.00    0.00    0.00   66.00
02:35:23 AM    3    0.00    0.00    0.00    0.00    0.00    0.00    0.00    0.00    0.00  100.00

02:35:23 AM  CPU    %usr   %nice    %sys %iowait    %irq   %soft  %steal  %guest  %gnice   %idle
02:35:24 AM  all    0.00    0.00    0.00    0.00    0.50   26.20    0.00    0.00    0.00   73.30
02:35:24 AM    0    0.00    0.00    0.00    0.00    1.02   73.47    0.00    0.00    0.00   25.51
02:35:24 AM    1    0.00    0.00    0.00    0.00    0.00    0.00    0.00    0.00    0.00  100.00
02:35:24 AM    2    0.00    0.00    0.00    0.00    1.01   32.32    0.00    0.00    0.00   66.67
02:35:24 AM    3    0.00    0.00    0.00    0.00    0.00    0.00    0.00    0.00    0.00  100.00

02:35:24 AM  CPU    %usr   %nice    %sys %iowait    %irq   %soft  %steal  %guest  %gnice   %idle
02:35:25 AM  all    0.00    0.00    0.00    0.00    0.75   26.25    0.00    0.00    0.00   73.00
02:35:25 AM    0    0.00    0.00    0.00    0.00    1.98   72.28    0.00    0.00    0.00   25.74
02:35:25 AM    1    0.00    0.00    0.00    0.00    0.00    0.00    0.00    0.00    0.00  100.00
02:35:25 AM    2    0.00    0.00    0.00    0.00    1.00   21.00    0.00    0.00    0.00   78.00
02:35:25 AM    3    0.00    0.00    0.00    0.00    0.00   11.11    0.00    0.00    0.00   88.89

02:35:25 AM  CPU    %usr   %nice    %sys %iowait    %irq   %soft  %steal  %guest  %gnice   %idle
02:35:26 AM  all    0.00    0.00    0.00    0.00    0.50   26.07    0.00    0.00    0.00   73.43
02:35:26 AM    0    0.00    0.00    0.00    0.00    1.01   72.73    0.00    0.00    0.00   26.26
02:35:26 AM    1    0.00    0.00    0.00    0.00    0.00    0.00    0.00    0.00    0.00  100.00
02:35:26 AM    2    0.00    0.00    0.00    0.00    0.00    0.00    0.00    0.00    0.00  100.00
02:35:26 AM    3    0.00    0.00    0.00    0.00    1.00   32.00    0.00    0.00    0.00   67.00

02:35:26 AM  CPU    %usr   %nice    %sys %iowait    %irq   %soft  %steal  %guest  %gnice   %idle
02:35:27 AM  all    0.00    0.00    0.00    0.00    0.75   26.00    0.00    0.00    0.00   73.25
02:35:27 AM    0    0.00    0.00    0.00    0.00    2.00   72.00    0.00    0.00    0.00   26.00
02:35:27 AM    1    0.00    0.00    0.00    0.00    0.00    0.00    0.00    0.00    0.00  100.00
02:35:27 AM    2    0.00    0.00    0.00    0.00    0.00    0.00    0.00    0.00    0.00  100.00
02:35:27 AM    3    0.00    0.00    0.00    0.00    1.00   32.00    0.00    0.00    0.00   67.00

02:35:27 AM  CPU    %usr   %nice    %sys %iowait    %irq   %soft  %steal  %guest  %gnice   %idle
02:35:28 AM  all    0.00    0.00    0.00    0.00    0.50   26.20    0.00    0.00    0.00   73.30
02:35:28 AM    0    0.00    0.00    0.00    0.00    1.02   73.47    0.00    0.00    0.00   25.51
02:35:28 AM    1    0.00    0.00    0.00    0.00    0.00    0.00    0.00    0.00    0.00  100.00
02:35:28 AM    2    0.00    0.00    0.00    0.00    0.00    0.00    0.00    0.00    0.00  100.00
02:35:28 AM    3    0.00    0.00    0.00    0.00    1.01   32.32    0.00    0.00    0.00   66.67

02:35:28 AM  CPU    %usr   %nice    %sys %iowait    %irq   %soft  %steal  %guest  %gnice   %idle
02:35:29 AM  all    0.25    0.00    0.25    0.00    0.75   26.12    0.00    0.00    0.00   72.64
02:35:29 AM    0    0.00    0.00    0.00    0.00    1.98   72.28    0.00    0.00    0.00   25.74
02:35:29 AM    1    1.00    0.00    0.00    0.00    0.00    0.00    0.00    0.00    0.00   99.00
02:35:29 AM    2    0.00    0.00    0.99    0.00    0.00    0.00    0.00    0.00    0.00   99.01
02:35:29 AM    3    0.00    0.00    0.00    0.00    1.00   32.00    0.00    0.00    0.00   67.00

02:35:29 AM  CPU    %usr   %nice    %sys %iowait    %irq   %soft  %steal  %guest  %gnice   %idle
02:35:30 AM  all    0.00    0.00    0.00    0.00    0.75   35.68    0.00    0.00    0.00   63.57
02:35:30 AM    0    0.00    0.00    0.00    0.00    1.01   55.56    0.00    0.00    0.00   43.43
02:35:30 AM    1    0.00    0.00    0.00    0.00    1.01   42.42    0.00    0.00    0.00   56.57
02:35:30 AM    2    0.00    0.00    0.00    0.00    1.00   43.00    0.00    0.00    0.00   56.00
02:35:30 AM    3    0.00    0.00    0.00    0.00    0.00    2.00    0.00    0.00    0.00   98.00

02:35:30 AM  CPU    %usr   %nice    %sys %iowait    %irq   %soft  %steal  %guest  %gnice   %idle
02:35:31 AM  all    0.00    0.00    0.25    0.00    1.00   39.10    0.00    0.00    0.00   59.65
02:35:31 AM    0    0.00    0.00    0.00    0.00    2.02   57.58    0.00    0.00    0.00   40.40
02:35:31 AM    1    0.00    0.00    0.00    0.00    1.00   50.00    0.00    0.00    0.00   49.00
02:35:31 AM    2    0.00    0.00    1.00    0.00    1.00   49.00    0.00    0.00    0.00   49.00
02:35:31 AM    3    0.00    0.00    0.00    0.00    0.00    0.00    0.00    0.00    0.00  100.00

02:35:31 AM  CPU    %usr   %nice    %sys %iowait    %irq   %soft  %steal  %guest  %gnice   %idle
02:35:32 AM  all    0.00    0.00    0.00    0.00    1.00   36.50    0.00    0.00    0.00   62.50
02:35:32 AM    0    0.00    0.00    0.00    0.00    1.98   53.47    0.00    0.00    0.00   44.55
02:35:32 AM    1    0.00    0.00    0.00    0.00    1.00   46.00    0.00    0.00    0.00   53.00
02:35:32 AM    2    0.00    0.00    0.00    0.00    1.01   46.46    0.00    0.00    0.00   52.53
02:35:32 AM    3    0.00    0.00    0.00    0.00    0.00    0.00    0.00    0.00    0.00  100.00

02:35:32 AM  CPU    %usr   %nice    %sys %iowait    %irq   %soft  %steal  %guest  %gnice   %idle
02:35:33 AM  all    0.00    0.00    0.00    0.00    0.76   38.54    0.00    0.00    0.00   60.71
02:35:33 AM    0    0.00    0.00    0.00    0.00    1.02   57.14    0.00    0.00    0.00   41.84
02:35:33 AM    1    0.00    0.00    0.00    0.00    1.01   48.48    0.00    0.00    0.00   50.51
02:35:33 AM    2    0.00    0.00    0.00    0.00    1.00   49.00    0.00    0.00    0.00   50.00
02:35:33 AM    3    0.00    0.00    0.00    0.00    0.00    0.00    0.00    0.00    0.00  100.00

02:35:33 AM  CPU    %usr   %nice    %sys %iowait    %irq   %soft  %steal  %guest  %gnice   %idle
02:35:34 AM  all    0.00    0.00    0.00    0.00    0.75   34.25    0.00    0.00    0.00   65.00
02:35:34 AM    0    0.00    0.00    0.00    0.00    1.98   51.49    0.00    0.00    0.00   46.53
02:35:34 AM    1    0.00    0.00    0.00    0.00    1.00   63.00    0.00    0.00    0.00   36.00
02:35:34 AM    2    0.00    0.00    0.00    0.00    0.00   22.22    0.00    0.00    0.00   77.78
02:35:34 AM    3    0.00    0.00    0.00    0.00    0.00    0.00    0.00    0.00    0.00  100.00

02:35:34 AM  CPU    %usr   %nice    %sys %iowait    %irq   %soft  %steal  %guest  %gnice   %idle
02:35:35 AM  all    0.00    0.00    0.00    0.00    0.25   28.72    0.00    0.00    0.00   71.03
02:35:35 AM    0    0.00    0.00    0.00    0.00    1.02   45.92    0.00    0.00    0.00   53.06
02:35:35 AM    1    0.00    0.00    0.00    0.00    0.00   69.70    0.00    0.00    0.00   30.30
02:35:35 AM    2    0.00    0.00    0.00    0.00    0.00    0.00    0.00    0.00    0.00  100.00
02:35:35 AM    3    0.00    0.00    0.00    0.00    0.00    0.00    0.00    0.00    0.00  100.00

02:35:35 AM  CPU    %usr   %nice    %sys %iowait    %irq   %soft  %steal  %guest  %gnice   %idle
02:35:36 AM  all    0.00    0.00    0.25    0.00    0.75   29.07    0.00    0.00    0.00   69.92
02:35:36 AM    0    0.00    0.00    0.00    0.00    1.98   46.53    0.00    0.00    0.00   51.49
02:35:36 AM    1    0.00    0.00    1.00    0.00    1.00   69.00    0.00    0.00    0.00   29.00
02:35:36 AM    2    0.00    0.00    0.00    0.00    0.00    0.00    0.00    0.00    0.00  100.00
02:35:36 AM    3    0.00    0.00    0.00    0.00    0.00    0.00    0.00    0.00    0.00  100.00

02:35:36 AM  CPU    %usr   %nice    %sys %iowait    %irq   %soft  %steal  %guest  %gnice   %idle
02:35:37 AM  all    0.00    0.00    0.00    0.00    0.25   28.89    0.00    0.00    0.00   70.85
02:35:37 AM    0    0.00    0.00    0.00    0.00    1.02   45.92    0.00    0.00    0.00   53.06
02:35:37 AM    1    0.00    0.00    0.00    0.00    0.00   70.00    0.00    0.00    0.00   30.00
02:35:37 AM    2    0.00    0.00    0.00    0.00    0.00    0.00    0.00    0.00    0.00  100.00
02:35:37 AM    3    0.00    0.00    0.00    0.00    0.00    0.00    0.00    0.00    0.00  100.00

02:35:37 AM  CPU    %usr   %nice    %sys %iowait    %irq   %soft  %steal  %guest  %gnice   %idle
02:35:38 AM  all    0.00    0.00    0.00    0.00    0.75   28.25    0.00    0.00    0.00   71.00
02:35:38 AM    0    0.00    0.00    0.00    0.00    2.00   45.00    0.00    0.00    0.00   53.00
02:35:38 AM    1    0.00    0.00    0.00    0.00    1.00   55.00    0.00    0.00    0.00   44.00
02:35:38 AM    2    0.00    0.00    0.00    0.00    0.00    0.00    0.00    0.00    0.00  100.00
02:35:38 AM    3    0.00    0.00    0.00    0.00    0.00   13.00    0.00    0.00    0.00   87.00

02:35:38 AM  CPU    %usr   %nice    %sys %iowait    %irq   %soft  %steal  %guest  %gnice   %idle
02:35:39 AM  all    0.00    0.00    0.25    0.00    0.50   28.18    0.00    0.00    0.00   71.07
02:35:39 AM    0    0.00    0.00    0.00    0.00    1.00   46.00    0.00    0.00    0.00   53.00
02:35:39 AM    1    0.00    0.00    0.00    0.00    0.00    0.00    0.00    0.00    0.00  100.00
02:35:39 AM    2    0.00    0.00    0.00    0.00    0.00    0.00    0.00    0.00    0.00  100.00
02:35:39 AM    3    0.00    0.00    0.99    0.00    0.99   66.34    0.00    0.00    0.00   31.68

02:35:39 AM  CPU    %usr   %nice    %sys %iowait    %irq   %soft  %steal  %guest  %gnice   %idle
02:35:40 AM  all    0.00    0.00    0.00    0.00    0.50   29.00    0.00    0.00    0.00   70.50
02:35:40 AM    0    0.00    0.00    0.00    0.00    1.01   46.46    0.00    0.00    0.00   52.53
02:35:40 AM    1    0.00    0.00    0.00    0.00    0.00    0.00    0.00    0.00    0.00  100.00
02:35:40 AM    2    0.00    0.00    0.00    0.00    0.00    0.00    0.00    0.00    0.00  100.00
02:35:40 AM    3    0.00    0.00    0.00    0.00    0.99   69.31    0.00    0.00    0.00   29.70

02:35:40 AM  CPU    %usr   %nice    %sys %iowait    %irq   %soft  %steal  %guest  %gnice   %idle
02:35:41 AM  all    0.00    0.00    0.00    0.00    0.50   28.32    0.00    0.00    0.00   71.18
02:35:41 AM    0    0.00    0.00    0.00    0.00    2.00   45.00    0.00    0.00    0.00   53.00
02:35:41 AM    1    0.00    0.00    0.00    0.00    0.00    0.00    0.00    0.00    0.00  100.00
02:35:41 AM    2    0.00    0.00    0.00    0.00    0.00    0.00    0.00    0.00    0.00  100.00
02:35:41 AM    3    0.00    0.00    0.00    0.00    0.00   68.69    0.00    0.00    0.00   31.31

02:35:41 AM  CPU    %usr   %nice    %sys %iowait    %irq   %soft  %steal  %guest  %gnice   %idle
02:35:42 AM  all    0.25    0.00    0.00    0.00    0.50   28.57    0.00    0.00    0.00   70.68
02:35:42 AM    0    0.00    0.00    0.00    0.00    1.02   45.92    0.00    0.00    0.00   53.06
02:35:42 AM    1    0.00    0.00    0.00    0.00    0.00    0.00    0.00    0.00    0.00  100.00
02:35:42 AM    2    0.99    0.00    0.00    0.00    0.00    0.00    0.00    0.00    0.00   99.01
02:35:42 AM    3    0.00    0.00    0.00    0.00    1.00   69.00    0.00    0.00    0.00   30.00

02:35:42 AM  CPU    %usr   %nice    %sys %iowait    %irq   %soft  %steal  %guest  %gnice   %idle
02:35:43 AM  all    0.00    0.00    0.00    0.00    1.00   35.50    0.00    0.00    0.00   63.50
02:35:43 AM    0    0.00    0.00    0.00    0.00    1.98   53.47    0.00    0.00    0.00   44.55
02:35:43 AM    1    0.00    0.00    0.00    0.00    0.00    0.00    0.00    0.00    0.00  100.00
02:35:43 AM    2    0.00    0.00    0.00    0.00    1.00   36.00    0.00    0.00    0.00   63.00
02:35:43 AM    3    0.00    0.00    0.00    0.00    1.01   52.53    0.00    0.00    0.00   46.46

02:35:43 AM  CPU    %usr   %nice    %sys %iowait    %irq   %soft  %steal  %guest  %gnice   %idle
02:35:44 AM  all    0.00    0.00    0.00    0.00    0.75   34.42    0.00    0.00    0.00   64.82
02:35:44 AM    0    0.00    0.00    0.00    0.00    1.01   51.52    0.00    0.00    0.00   47.47
02:35:44 AM    1    0.00    0.00    0.00    0.00    0.00    0.00    0.00    0.00    0.00  100.00
02:35:44 AM    2    0.00    0.00    0.00    0.00    1.01   43.43    0.00    0.00    0.00   55.56
02:35:44 AM    3    0.00    0.00    0.00    0.00    1.00   43.00    0.00    0.00    0.00   56.00

02:35:44 AM  CPU    %usr   %nice    %sys %iowait    %irq   %soft  %steal  %guest  %gnice   %idle
02:35:45 AM  all    0.00    0.00    0.50    0.00    1.01   38.94    0.00    0.00    0.00   59.55
02:35:45 AM    0    0.00    0.00    1.00    0.00    2.00   57.00    0.00    0.00    0.00   40.00
02:35:45 AM    1    0.00    0.00    0.00    0.00    0.00    0.00    0.00    0.00    0.00  100.00
02:35:45 AM    2    0.00    0.00    1.00    0.00    1.00   49.00    0.00    0.00    0.00   49.00
02:35:45 AM    3    0.00    0.00    0.00    0.00    1.01   49.49    0.00    0.00    0.00   49.49

02:35:45 AM  CPU    %usr   %nice    %sys %iowait    %irq   %soft  %steal  %guest  %gnice   %idle
02:35:46 AM  all    0.25    0.00    0.00    0.00    1.00   37.75    0.00    0.00    0.00   61.00
02:35:46 AM    0    0.00    0.00    0.00    0.00    2.00   56.00    0.00    0.00    0.00   42.00
02:35:46 AM    1    0.99    0.00    0.00    0.00    0.00    0.00    0.00    0.00    0.00   99.01
02:35:46 AM    2    0.00    0.00    0.00    0.00    1.00   48.00    0.00    0.00    0.00   51.00
02:35:46 AM    3    0.00    0.00    0.00    0.00    1.01   47.47    0.00    0.00    0.00   51.52

02:35:46 AM  CPU    %usr   %nice    %sys %iowait    %irq   %soft  %steal  %guest  %gnice   %idle
02:35:47 AM  all    0.00    0.00    0.25    0.00    0.25   35.77    0.00    0.00    0.00   63.73
02:35:47 AM    0    0.00    0.00    0.00    0.00    1.01   53.54    0.00    0.00    0.00   45.45
02:35:47 AM    1    0.00    0.00    1.00    0.00    0.00   29.00    0.00    0.00    0.00   70.00
02:35:47 AM    2    0.00    0.00    0.00    0.00    0.00   30.30    0.00    0.00    0.00   69.70
02:35:47 AM    3    0.00    0.00    0.00    0.00    0.00   30.30    0.00    0.00    0.00   69.70

02:35:47 AM  CPU    %usr   %nice    %sys %iowait    %irq   %soft  %steal  %guest  %gnice   %idle
02:35:48 AM  all    0.00    0.00    0.00    0.00    0.75   28.00    0.00    0.00    0.00   71.25
02:35:48 AM    0    0.00    0.00    0.00    0.00    2.00   45.00    0.00    0.00    0.00   53.00
02:35:48 AM    1    0.00    0.00    0.00    0.00    1.00   67.00    0.00    0.00    0.00   32.00
02:35:48 AM    2    0.00    0.00    0.00    0.00    0.00    0.00    0.00    0.00    0.00  100.00
02:35:48 AM    3    0.00    0.00    0.00    0.00    0.00    0.00    0.00    0.00    0.00  100.00

02:35:48 AM  CPU    %usr   %nice    %sys %iowait    %irq   %soft  %steal  %guest  %gnice   %idle
02:35:49 AM  all    0.00    0.00    0.00    0.00    0.25   27.82    0.00    0.00    0.00   71.93
02:35:49 AM    0    0.00    0.00    0.00    0.00    1.01   44.44    0.00    0.00    0.00   54.55
02:35:49 AM    1    0.00    0.00    0.00    0.00    0.00   67.00    0.00    0.00    0.00   33.00
02:35:49 AM    2    0.00    0.00    0.00    0.00    0.00    0.00    0.00    0.00    0.00  100.00
02:35:49 AM    3    0.00    0.00    0.00    0.00    0.00    0.00    0.00    0.00    0.00  100.00

02:35:49 AM  CPU    %usr   %nice    %sys %iowait    %irq   %soft  %steal  %guest  %gnice   %idle
02:35:50 AM  all    0.50    0.00    0.00    0.00    1.00   28.86    0.00    0.00    0.00   69.65
02:35:50 AM    0    0.00    0.00    0.00    0.00    2.00   47.00    0.00    0.00    0.00   51.00
02:35:50 AM    1    0.00    0.00    0.00    0.00    1.00   69.00    0.00    0.00    0.00   30.00
02:35:50 AM    2    0.99    0.00    0.00    0.00    0.99    0.00    0.00    0.00    0.00   98.02
02:35:50 AM    3    0.99    0.00    0.00    0.00    0.00    0.00    0.00    0.00    0.00   99.01

02:35:50 AM  CPU    %usr   %nice    %sys %iowait    %irq   %soft  %steal  %guest  %gnice   %idle
02:35:51 AM  all    0.00    0.00    0.25    0.00    0.50   28.50    0.00    0.00    0.00   70.75
02:35:51 AM    0    0.00    0.00    0.00    0.00    1.01   45.45    0.00    0.00    0.00   53.54
02:35:51 AM    1    0.00    0.00    0.00    0.00    1.00   69.00    0.00    0.00    0.00   30.00
02:35:51 AM    2    0.00    0.00    0.99    0.00    0.00    0.00    0.00    0.00    0.00   99.01
02:35:51 AM    3    0.00    0.00    0.00    0.00    0.00    0.00    0.00    0.00    0.00  100.00

02:35:51 AM  CPU    %usr   %nice    %sys %iowait    %irq   %soft  %steal  %guest  %gnice   %idle
02:35:52 AM  all    0.00    0.00    0.25    0.00    0.75   27.00    0.00    0.00    0.00   72.00
02:35:52 AM    0    0.00    0.00    0.00    0.00    2.00   74.00    0.00    0.00    0.00   24.00
02:35:52 AM    1    0.00    0.00    1.00    0.00    1.00   34.00    0.00    0.00    0.00   64.00
02:35:52 AM    2    0.00    0.00    0.00    0.00    0.00    0.00    0.00    0.00    0.00  100.00
02:35:52 AM    3    0.00    0.00    0.00    0.00    0.00    0.00    0.00    0.00    0.00  100.00

02:35:52 AM  CPU    %usr   %nice    %sys %iowait    %irq   %soft  %steal  %guest  %gnice   %idle
02:35:53 AM  all    0.25    0.00    0.00    0.00    0.50   26.25    0.00    0.00    0.00   73.00
02:35:53 AM    0    0.00    0.00    0.00    0.00    1.01   72.73    0.00    0.00    0.00   26.26
02:35:53 AM    1    0.00    0.00    0.00    0.00    1.00   33.00    0.00    0.00    0.00   66.00
02:35:53 AM    2    0.99    0.00    0.00    0.00    0.00    0.00    0.00    0.00    0.00   99.01
02:35:53 AM    3    0.00    0.00    0.00    0.00    0.00    0.00    0.00    0.00    0.00  100.00

02:35:53 AM  CPU    %usr   %nice    %sys %iowait    %irq   %soft  %steal  %guest  %gnice   %idle
02:35:54 AM  all    0.00    0.00    0.00    0.00    0.50   26.20    0.00    0.00    0.00   73.30
02:35:54 AM    0    0.00    0.00    0.00    0.00    2.02   72.73    0.00    0.00    0.00   25.25
02:35:54 AM    1    0.00    0.00    0.00    0.00    0.00   32.32    0.00    0.00    0.00   67.68
02:35:54 AM    2    0.00    0.00    0.00    0.00    0.00    0.00    0.00    0.00    0.00  100.00
02:35:54 AM    3    0.00    0.00    0.00    0.00    0.00    0.00    0.00    0.00    0.00  100.00

02:35:54 AM  CPU    %usr   %nice    %sys %iowait    %irq   %soft  %steal  %guest  %gnice   %idle
02:35:55 AM  all    0.00    0.00    0.00    0.00    0.50   26.32    0.00    0.00    0.00   73.18
02:35:55 AM    0    0.00    0.00    0.00    0.00    1.00   73.00    0.00    0.00    0.00   26.00
02:35:55 AM    1    0.00    0.00    0.00    0.00    1.01   32.32    0.00    0.00    0.00   66.67
02:35:55 AM    2    0.00    0.00    0.00    0.00    0.00    0.00    0.00    0.00    0.00  100.00
02:35:55 AM    3    0.00    0.00    0.00    0.00    0.00    0.00    0.00    0.00    0.00  100.00

02:35:55 AM  CPU    %usr   %nice    %sys %iowait    %irq   %soft  %steal  %guest  %gnice   %idle
02:35:56 AM  all    0.00    0.00    0.00    0.00    0.75   26.00    0.00    0.00    0.00   73.25
02:35:56 AM    0    0.00    0.00    0.00    0.00    2.00   72.00    0.00    0.00    0.00   26.00
02:35:56 AM    1    0.00    0.00    0.00    0.00    1.00   32.00    0.00    0.00    0.00   67.00
02:35:56 AM    2    0.00    0.00    0.00    0.00    0.00    0.00    0.00    0.00    0.00  100.00
02:35:56 AM    3    0.00    0.00    0.00    0.00    0.00    0.00    0.00    0.00    0.00  100.00

02:35:56 AM  CPU    %usr   %nice    %sys %iowait    %irq   %soft  %steal  %guest  %gnice   %idle
02:35:57 AM  all    0.00    0.00    0.25    0.00    0.50   26.07    0.00    0.00    0.00   73.18
02:35:57 AM    0    0.00    0.00    0.00    0.00    1.01   72.73    0.00    0.00    0.00   26.26
02:35:57 AM    1    0.00    0.00    0.00    0.00    1.01   32.32    0.00    0.00    0.00   66.67
02:35:57 AM    2    0.00    0.00    0.99    0.00    0.00    0.00    0.00    0.00    0.00   99.01
02:35:57 AM    3    0.00    0.00    0.00    0.00    0.00    0.00    0.00    0.00    0.00  100.00

02:35:57 AM  CPU    %usr   %nice    %sys %iowait    %irq   %soft  %steal  %guest  %gnice   %idle
02:35:58 AM  all    0.00    0.00    0.25    0.00    0.75   26.43    0.00    0.00    0.00   72.57
02:35:58 AM    0    0.00    0.00    0.00    0.00    2.00   73.00    0.00    0.00    0.00   25.00
02:35:58 AM    1    0.00    0.00    0.00    0.00    1.00   33.00    0.00    0.00    0.00   66.00
02:35:58 AM    2    0.00    0.00    0.99    0.00    0.00    0.00    0.00    0.00    0.00   99.01
02:35:58 AM    3    0.00    0.00    0.00    0.00    0.00    0.00    0.00    0.00    0.00  100.00

02:35:58 AM  CPU    %usr   %nice    %sys %iowait    %irq   %soft  %steal  %guest  %gnice   %idle
02:35:59 AM  all    0.00    0.00    0.00    0.00    0.50   26.07    0.00    0.00    0.00   73.43
02:35:59 AM    0    0.00    0.00    0.00    0.00    1.01   72.73    0.00    0.00    0.00   26.26
02:35:59 AM    1    0.00    0.00    0.00    0.00    1.00   32.00    0.00    0.00    0.00   67.00
02:35:59 AM    2    0.00    0.00    0.00    0.00    0.00    0.00    0.00    0.00    0.00  100.00
02:35:59 AM    3    0.00    0.00    0.00    0.00    0.00    0.00    0.00    0.00    0.00  100.00

Average:     CPU    %usr   %nice    %sys %iowait    %irq   %soft  %steal  %guest  %gnice   %idle
Average:     all    0.03    0.00    0.07    0.00    0.62   28.23    0.00    0.00    0.00   71.05
Average:       0    0.00    0.00    0.02    0.00    1.52   66.02    0.00    0.00    0.00   32.43
Average:       1    0.03    0.00    0.07    0.00    0.48   24.59    0.00    0.00    0.00   74.83
Average:       2    0.07    0.00    0.15    0.00    0.30   11.64    0.00    0.00    0.00   87.85
Average:       3    0.03    0.00    0.03    0.00    0.18   10.83    0.00    0.00    0.00   88.92
