Linux 7.2.0-rc1 (hp5) 	07/11/2026 	_x86_64_	(8 CPU)

09:04:21 PM  CPU    %usr   %nice    %sys %iowait    %irq   %soft  %steal  %guest  %gnice   %idle
09:04:22 PM  all    0.00    0.00    9.89    0.00    0.38   29.79    0.00    0.00    0.00   59.95
09:04:22 PM    0    0.00    0.00    0.00    0.00    0.99   99.01    0.00    0.00    0.00    0.00
09:04:22 PM    1    0.00    0.00    0.00    0.00    1.00   71.00    0.00    0.00    0.00   28.00
09:04:22 PM    2    0.00    0.00   24.75    0.00    0.00   13.86    0.00    0.00    0.00   61.39
09:04:22 PM    3    0.00    0.00   11.00    0.00    0.00   15.00    0.00    0.00    0.00   74.00
09:04:22 PM    4    0.00    0.00    0.00    0.00    0.00    0.00    0.00    0.00    0.00  100.00
09:04:22 PM    5    0.00    0.00    8.08    0.00    0.00    3.03    0.00    0.00    0.00   88.89
09:04:22 PM    6    0.00    0.00   18.81    0.00    0.99   22.77    0.00    0.00    0.00   57.43
09:04:22 PM    7    0.00    0.00   16.49    0.00    0.00   12.37    0.00    0.00    0.00   71.13

09:04:22 PM  CPU    %usr   %nice    %sys %iowait    %irq   %soft  %steal  %guest  %gnice   %idle
09:04:23 PM  all    0.00    0.00   10.85    0.00    0.25   22.32    0.00    0.00    0.00   66.58
09:04:23 PM    0    0.00    0.00    0.00    0.00    0.00  100.00    0.00    0.00    0.00    0.00
09:04:23 PM    1    0.00    0.00    0.98    0.00    0.00   38.24    0.00    0.00    0.00   60.78
09:04:23 PM    2    0.00    0.00   24.75    0.00    0.99   20.79    0.00    0.00    0.00   53.47
09:04:23 PM    3    0.00    0.00    0.00    0.00    0.00    0.00    0.00    0.00    0.00  100.00
09:04:23 PM    4    0.00    0.00    0.00    0.00    0.00    0.00    0.00    0.00    0.00  100.00
09:04:23 PM    5    0.00    0.00    0.00    0.00    0.00    0.00    0.00    0.00    0.00  100.00
09:04:23 PM    6    0.00    0.00   49.00    0.00    0.00    9.00    0.00    0.00    0.00   42.00
09:04:23 PM    7    0.00    0.00   12.00    0.00    1.00   11.00    0.00    0.00    0.00   76.00

09:04:23 PM  CPU    %usr   %nice    %sys %iowait    %irq   %soft  %steal  %guest  %gnice   %idle
09:04:24 PM  all    0.00    0.00    9.63    0.00    0.25   23.58    0.00    0.00    0.00   66.54
09:04:24 PM    0    0.00    0.00    0.00    0.00    0.00  100.00    0.00    0.00    0.00    0.00
09:04:24 PM    1    0.00    0.00    0.00    0.00    0.00   20.20    0.00    0.00    0.00   79.80
09:04:24 PM    2    0.00    0.00   15.15    0.00    0.00    5.05    0.00    0.00    0.00   79.80
09:04:24 PM    3    0.00    0.00   11.65    0.00    0.97   13.59    0.00    0.00    0.00   73.79
09:04:24 PM    4    0.00    0.00   26.47    0.00    0.00   27.45    0.00    0.00    0.00   46.08
09:04:24 PM    5    0.00    0.00   14.42    0.00    0.96   14.42    0.00    0.00    0.00   70.19
09:04:24 PM    6    0.00    0.00    9.00    0.00    0.00    7.00    0.00    0.00    0.00   84.00
09:04:24 PM    7    0.00    0.00    0.00    0.00    0.00    1.94    0.00    0.00    0.00   98.06

09:04:24 PM  CPU    %usr   %nice    %sys %iowait    %irq   %soft  %steal  %guest  %gnice   %idle
09:04:25 PM  all    0.00    0.00   11.74    0.00    0.12   23.72    0.00    0.00    0.00   64.42
09:04:25 PM    0    0.00    0.00    0.00    0.00    0.98   76.47    0.00    0.00    0.00   22.55
09:04:25 PM    1    0.00    0.00    0.00    0.00    0.00   76.00    0.00    0.00    0.00   24.00
09:04:25 PM    2    0.00    0.00   44.55    0.00    0.00    5.94    0.00    0.00    0.00   49.50
09:04:25 PM    3    0.00    0.00   21.21    0.00    0.00   13.13    0.00    0.00    0.00   65.66
09:04:25 PM    4    0.00    0.00    0.00    0.00    0.00    0.00    0.00    0.00    0.00  100.00
09:04:25 PM    5    0.00    0.00    5.10    0.00    0.00    1.02    0.00    0.00    0.00   93.88
09:04:25 PM    6    0.00    0.00    7.84    0.00    0.00    3.92    0.00    0.00    0.00   88.24
09:04:25 PM    7    0.00    0.00   15.15    0.00    0.00   12.12    0.00    0.00    0.00   72.73

09:04:25 PM  CPU    %usr   %nice    %sys %iowait    %irq   %soft  %steal  %guest  %gnice   %idle
09:04:26 PM  all    0.13    0.00    9.17    0.00    0.25   22.11    0.00    0.00    0.00   68.34
09:04:26 PM    0    1.01    0.00    1.01    0.00    0.00   83.84    0.00    0.00    0.00   14.14
09:04:26 PM    1    0.00    0.00    0.00    0.00    0.99   37.62    0.00    0.00    0.00   61.39
09:04:26 PM    2    0.00    0.00    0.00    0.00    0.00    0.00    0.00    0.00    0.00  100.00
09:04:26 PM    3    0.00    0.00   21.21    0.00    0.00   25.25    0.00    0.00    0.00   53.54
09:04:26 PM    4    0.00    0.00   13.13    0.00    1.01   14.14    0.00    0.00    0.00   71.72
09:04:26 PM    5    0.00    0.00   10.00    0.00    0.00   11.00    0.00    0.00    0.00   79.00
09:04:26 PM    6    0.00    0.00    0.00    0.00    0.00    0.00    0.00    0.00    0.00  100.00
09:04:26 PM    7    0.00    0.00   28.28    0.00    0.00    5.05    0.00    0.00    0.00   66.67

09:04:26 PM  CPU    %usr   %nice    %sys %iowait    %irq   %soft  %steal  %guest  %gnice   %idle
09:04:27 PM  all    0.12    0.00   11.40    0.00    0.25   22.06    0.00    0.00    0.00   66.17
09:04:27 PM    0    0.98    0.00    0.98    0.00    0.98   66.67    0.00    0.00    0.00   30.39
09:04:27 PM    1    0.00    0.00    0.99    0.00    0.00   73.27    0.00    0.00    0.00   25.74
09:04:27 PM    2    0.00    0.00    6.93    0.00    0.00    3.96    0.00    0.00    0.00   89.11
09:04:27 PM    3    0.00    0.00   12.75    0.00    0.98   12.75    0.00    0.00    0.00   73.53
09:04:27 PM    4    0.00    0.00    0.00    0.00    0.00    0.00    0.00    0.00    0.00  100.00
09:04:27 PM    5    0.00    0.00    0.00    0.00    0.00    0.00    0.00    0.00    0.00  100.00
09:04:27 PM    6    0.00    0.00   16.16    0.00    0.00   12.12    0.00    0.00    0.00   71.72
09:04:27 PM    7    0.00    0.00   53.47    0.00    0.00    6.93    0.00    0.00    0.00   39.60

09:04:27 PM  CPU    %usr   %nice    %sys %iowait    %irq   %soft  %steal  %guest  %gnice   %idle
09:04:28 PM  all    0.00    0.00    9.99    0.00    0.12   28.96    0.00    0.00    0.00   60.92
09:04:28 PM    0    0.00    0.00    1.00    0.00    0.00   70.00    0.00    0.00    0.00   29.00
09:04:28 PM    1    0.00    0.00    0.00    0.00    0.00  100.00    0.00    0.00    0.00    0.00
09:04:28 PM    2    0.00    0.00    8.91    0.00    0.00    7.92    0.00    0.00    0.00   83.17
09:04:28 PM    3    0.00    0.00   12.00    0.00    0.00   14.00    0.00    0.00    0.00   74.00
09:04:28 PM    4    0.00    0.00    0.00    0.00    0.00    0.00    0.00    0.00    0.00  100.00
09:04:28 PM    5    0.00    0.00   33.00    0.00    0.00   22.00    0.00    0.00    0.00   45.00
09:04:28 PM    6    0.00    0.00   16.83    0.00    0.99   12.87    0.00    0.00    0.00   69.31
09:04:28 PM    7    0.00    0.00    8.00    0.00    0.00    6.00    0.00    0.00    0.00   86.00

09:04:28 PM  CPU    %usr   %nice    %sys %iowait    %irq   %soft  %steal  %guest  %gnice   %idle
09:04:29 PM  all    0.00    0.00   11.22    0.00    0.25   27.31    0.00    0.00    0.00   61.22
09:04:29 PM    0    0.00    0.00    0.00    0.00    1.00   74.00    0.00    0.00    0.00   25.00
09:04:29 PM    1    0.00    0.00    0.00    0.00    1.00   99.00    0.00    0.00    0.00    0.00
09:04:29 PM    2    0.00    0.00    0.00    0.00    0.00    0.00    0.00    0.00    0.00  100.00
09:04:29 PM    3    0.00    0.00   27.00    0.00    0.00   18.00    0.00    0.00    0.00   55.00
09:04:29 PM    4    0.00    0.00    0.00    0.00    0.00    0.00    0.00    0.00    0.00  100.00
09:04:29 PM    5    0.00    0.00   14.85    0.00    0.00   15.84    0.00    0.00    0.00   69.31
09:04:29 PM    6    0.00    0.00   37.00    0.00    0.00    3.00    0.00    0.00    0.00   60.00
09:04:29 PM    7    0.00    0.00   11.00    0.00    0.00    9.00    0.00    0.00    0.00   80.00

09:04:29 PM  CPU    %usr   %nice    %sys %iowait    %irq   %soft  %steal  %guest  %gnice   %idle
09:04:30 PM  all    0.00    0.00   10.74    0.00    0.25   29.59    0.00    0.00    0.00   59.43
09:04:30 PM    0    0.00    0.00    0.00    0.00    0.00  100.00    0.00    0.00    0.00    0.00
09:04:30 PM    1    0.00    0.00    0.00    0.00    0.00   73.00    0.00    0.00    0.00   27.00
09:04:30 PM    2    0.00    0.00    0.00    0.00    0.00    0.00    0.00    0.00    0.00  100.00
09:04:30 PM    3    0.00    0.00   23.23    0.00    1.01   21.21    0.00    0.00    0.00   54.55
09:04:30 PM    4    0.00    0.00   23.76    0.00    0.00    8.91    0.00    0.00    0.00   67.33
09:04:30 PM    5    0.00    0.00    0.00    0.00    0.00    0.00    0.00    0.00    0.00  100.00
09:04:30 PM    6    0.00    0.00    0.00    0.00    0.00    0.00    0.00    0.00    0.00  100.00
09:04:30 PM    7    0.00    0.00   38.61    0.00    0.99   33.66    0.00    0.00    0.00   26.73

09:04:30 PM  CPU    %usr   %nice    %sys %iowait    %irq   %soft  %steal  %guest  %gnice   %idle
09:04:31 PM  all    0.00    0.00   11.28    0.00    0.13   29.07    0.00    0.00    0.00   59.52
09:04:31 PM    0    0.00    0.00    0.00    0.00    0.00  100.00    0.00    0.00    0.00    0.00
09:04:31 PM    1    0.00    0.00    1.00    0.00    0.00   74.00    0.00    0.00    0.00   25.00
09:04:31 PM    2    0.00    0.00    0.00    0.00    0.00    0.00    0.00    0.00    0.00  100.00
09:04:31 PM    3    0.00    0.00   35.00    0.00    0.00   20.00    0.00    0.00    0.00   45.00
09:04:31 PM    4    0.00    0.00    0.00    0.00    0.00    0.00    0.00    0.00    0.00  100.00
09:04:31 PM    5    0.00    0.00   15.00    0.00    1.00    8.00    0.00    0.00    0.00   76.00
09:04:31 PM    6    0.00    0.00   10.89    0.00    0.00    8.91    0.00    0.00    0.00   80.20
09:04:31 PM    7    0.00    0.00   28.57    0.00    0.00   22.45    0.00    0.00    0.00   48.98

09:04:31 PM  CPU    %usr   %nice    %sys %iowait    %irq   %soft  %steal  %guest  %gnice   %idle
09:04:32 PM  all    0.00    0.00    9.39    0.00    0.38   26.16    0.00    0.00    0.00   64.08
09:04:32 PM    0    0.00    0.00    0.00    0.00    0.99   76.24    0.00    0.00    0.00   22.77
09:04:32 PM    1    0.00    0.00    0.00    0.00    0.98   61.76    0.00    0.00    0.00   37.25
09:04:32 PM    2    0.00    0.00    5.10    0.00    0.00    5.10    0.00    0.00    0.00   89.80
09:04:32 PM    3    0.00    0.00    0.00    0.00    0.00    0.00    0.00    0.00    0.00  100.00
09:04:32 PM    4    0.00    0.00    4.04    0.00    0.00    3.03    0.00    0.00    0.00   92.93
09:04:32 PM    5    0.00    0.00   28.00    0.00    0.00   32.00    0.00    0.00    0.00   40.00
09:04:32 PM    6    0.00    0.00    6.12    0.00    0.00    3.06    0.00    0.00    0.00   90.82
09:04:32 PM    7    0.00    0.00   31.68    0.00    0.99   25.74    0.00    0.00    0.00   41.58

09:04:32 PM  CPU    %usr   %nice    %sys %iowait    %irq   %soft  %steal  %guest  %gnice   %idle
09:04:33 PM  all    0.12    0.00   11.50    0.00    0.00   23.88    0.00    0.00    0.00   64.50
09:04:33 PM    0    0.00    0.00    0.00    0.00    0.00  100.00    0.00    0.00    0.00    0.00
09:04:33 PM    1    1.01    0.00    1.01    0.00    0.00   49.49    0.00    0.00    0.00   48.48
09:04:33 PM    2    0.00    0.00    7.92    0.00    0.00    8.91    0.00    0.00    0.00   83.17
09:04:33 PM    3    0.00    0.00   16.83    0.00    0.00   11.88    0.00    0.00    0.00   71.29
09:04:33 PM    4    0.00    0.00   32.00    0.00    0.00   19.00    0.00    0.00    0.00   49.00
09:04:33 PM    5    0.00    0.00   34.34    0.00    0.00    2.02    0.00    0.00    0.00   63.64
09:04:33 PM    6    0.00    0.00    0.00    0.00    0.00    0.00    0.00    0.00    0.00  100.00
09:04:33 PM    7    0.00    0.00    0.00    0.00    0.00    0.00    0.00    0.00    0.00  100.00

09:04:33 PM  CPU    %usr   %nice    %sys %iowait    %irq   %soft  %steal  %guest  %gnice   %idle
09:04:34 PM  all    0.00    0.00   13.51    0.00    0.12   22.92    0.00    0.00    0.00   63.44
09:04:34 PM    0    0.00    0.00    0.99    0.00    0.00   99.01    0.00    0.00    0.00    0.00
09:04:34 PM    1    0.00    0.00    0.00    0.00    0.00   59.00    0.00    0.00    0.00   41.00
09:04:34 PM    2    0.00    0.00   43.56    0.00    0.99   10.89    0.00    0.00    0.00   44.55
09:04:34 PM    3    0.00    0.00   22.00    0.00    0.00   12.00    0.00    0.00    0.00   66.00
09:04:34 PM    4    0.00    0.00    0.00    0.00    0.00    0.00    0.00    0.00    0.00  100.00
09:04:34 PM    5    0.00    0.00   41.18    0.00    0.00    2.94    0.00    0.00    0.00   55.88
09:04:34 PM    6    0.00    0.00    0.00    0.00    0.00    0.00    0.00    0.00    0.00  100.00
09:04:34 PM    7    0.00    0.00    0.00    0.00    0.00    0.00    0.00    0.00    0.00  100.00

09:04:34 PM  CPU    %usr   %nice    %sys %iowait    %irq   %soft  %steal  %guest  %gnice   %idle
09:04:35 PM  all    0.00    0.00   10.14    0.00    0.13   26.03    0.00    0.00    0.00   63.70
09:04:35 PM    0    0.00    0.00    0.00    0.00    1.00   78.00    0.00    0.00    0.00   21.00
09:04:35 PM    1    0.00    0.00    0.00    0.00    0.00   76.00    0.00    0.00    0.00   24.00
09:04:35 PM    2    0.00    0.00   49.50    0.00    0.00   24.75    0.00    0.00    0.00   25.74
09:04:35 PM    3    0.00    0.00    4.04    0.00    0.00    0.00    0.00    0.00    0.00   95.96
09:04:35 PM    4    0.00    0.00   15.00    0.00    0.00   14.00    0.00    0.00    0.00   71.00
09:04:35 PM    5    0.00    0.00    0.00    0.00    0.00    0.00    0.00    0.00    0.00  100.00
09:04:35 PM    6    0.00    0.00    0.00    0.00    0.00    0.00    0.00    0.00    0.00  100.00
09:04:35 PM    7    0.00    0.00   12.12    0.00    0.00   15.15    0.00    0.00    0.00   72.73

09:04:35 PM  CPU    %usr   %nice    %sys %iowait    %irq   %soft  %steal  %guest  %gnice   %idle
09:04:36 PM  all    0.12    0.00   12.44    0.00    0.25   31.72    0.00    0.00    0.00   55.47
09:04:36 PM    0    1.00    0.00    1.00    0.00    0.00   92.00    0.00    0.00    0.00    6.00
09:04:36 PM    1    0.00    0.00    0.00    0.00    1.00   99.00    0.00    0.00    0.00    0.00
09:04:36 PM    2    0.00    0.00   19.00    0.00    0.00   14.00    0.00    0.00    0.00   67.00
09:04:36 PM    3    0.00    0.00   42.57    0.00    0.99   17.82    0.00    0.00    0.00   38.61
09:04:36 PM    4    0.00    0.00    0.00    0.00    0.00    0.00    0.00    0.00    0.00  100.00
09:04:36 PM    5    0.00    0.00    0.00    0.00    0.00    0.00    0.00    0.00    0.00  100.00
09:04:36 PM    6    0.00    0.00    8.82    0.00    0.00    8.82    0.00    0.00    0.00   82.35
09:04:36 PM    7    0.00    0.00   27.72    0.00    0.00   22.77    0.00    0.00    0.00   49.50

09:04:36 PM  CPU    %usr   %nice    %sys %iowait    %irq   %soft  %steal  %guest  %gnice   %idle
09:04:37 PM  all    0.00    0.00   10.54    0.00    0.38   26.47    0.00    0.00    0.00   62.61
09:04:37 PM    0    0.00    0.00    0.00    0.00    1.00   50.00    0.00    0.00    0.00   49.00
09:04:37 PM    1    0.00    0.00    0.00    0.00    0.00  100.00    0.00    0.00    0.00    0.00
09:04:37 PM    2    0.00    0.00    0.00    0.00    0.00    0.00    0.00    0.00    0.00  100.00
09:04:37 PM    3    0.00    0.00    0.00    0.00    0.00    0.00    0.00    0.00    0.00  100.00
09:04:37 PM    4    0.00    0.00   14.14    0.00    1.01   16.16    0.00    0.00    0.00   68.69
09:04:37 PM    5    0.00    0.00   16.83    0.00    0.00   12.87    0.00    0.00    0.00   70.30
09:04:37 PM    6    0.00    0.00   48.98    0.00    0.00   28.57    0.00    0.00    0.00   22.45
09:04:37 PM    7    0.00    0.00    5.00    0.00    1.00    5.00    0.00    0.00    0.00   89.00

09:04:37 PM  CPU    %usr   %nice    %sys %iowait    %irq   %soft  %steal  %guest  %gnice   %idle
09:04:38 PM  all    0.00    0.00   12.27    0.00    0.37   28.13    0.00    0.00    0.00   59.23
09:04:38 PM    0    0.00    0.00    0.00    0.00    0.00   67.00    0.00    0.00    0.00   33.00
09:04:38 PM    1    0.00    0.00    0.00    0.00    0.98   99.02    0.00    0.00    0.00    0.00
09:04:38 PM    2    0.00    0.00    0.00    0.00    0.00    0.00    0.00    0.00    0.00  100.00
09:04:38 PM    3    0.00    0.00    0.00    0.00    0.00    0.00    0.00    0.00    0.00  100.00
09:04:38 PM    4    0.00    0.00   31.68    0.00    0.00   20.79    0.00    0.00    0.00   47.52
09:04:38 PM    5    0.00    0.00   34.00    0.00    1.00   19.00    0.00    0.00    0.00   46.00
09:04:38 PM    6    0.00    0.00   32.35    0.00    0.98   18.63    0.00    0.00    0.00   48.04
09:04:38 PM    7    0.00    0.00    0.00    0.00    0.00    0.00    0.00    0.00    0.00  100.00

09:04:38 PM  CPU    %usr   %nice    %sys %iowait    %irq   %soft  %steal  %guest  %gnice   %idle
09:04:39 PM  all    0.00    0.00   11.78    0.00    0.00   31.45    0.00    0.00    0.00   56.77
09:04:39 PM    0    0.00    0.00    0.00    0.00    0.00   98.00    0.00    0.00    0.00    2.00
09:04:39 PM    1    0.00    0.00    0.00    0.00    0.00  100.00    0.00    0.00    0.00    0.00
09:04:39 PM    2    0.00    0.00   28.57    0.00    0.00   11.22    0.00    0.00    0.00   60.20
09:04:39 PM    3    0.00    0.00    0.00    0.00    0.00    0.00    0.00    0.00    0.00  100.00
09:04:39 PM    4    0.00    0.00   19.00    0.00    0.00   14.00    0.00    0.00    0.00   67.00
09:04:39 PM    5    0.00    0.00    3.96    0.00    0.00    3.96    0.00    0.00    0.00   92.08
09:04:39 PM    6    0.00    0.00   20.59    0.00    0.00    9.80    0.00    0.00    0.00   69.61
09:04:39 PM    7    0.00    0.00   22.22    0.00    0.00   15.15    0.00    0.00    0.00   62.63

09:04:39 PM  CPU    %usr   %nice    %sys %iowait    %irq   %soft  %steal  %guest  %gnice   %idle
09:04:40 PM  all    0.00    0.00   11.17    0.00    0.25   22.95    0.00    0.00    0.00   65.63
09:04:40 PM    0    0.00    0.00    0.00    0.00    1.00   60.00    0.00    0.00    0.00   39.00
09:04:40 PM    1    0.00    0.00    0.00    0.00    0.00   80.20    0.00    0.00    0.00   19.80
09:04:40 PM    2    0.00    0.00    6.67    0.00    0.95    8.57    0.00    0.00    0.00   83.81
09:04:40 PM    3    0.00    0.00   14.85    0.00    0.00   12.87    0.00    0.00    0.00   72.28
09:04:40 PM    4    0.00    0.00    0.00    0.00    0.00    0.00    0.00    0.00    0.00  100.00
09:04:40 PM    5    0.00    0.00   16.83    0.00    0.00   11.88    0.00    0.00    0.00   71.29
09:04:40 PM    6    0.00    0.00    0.00    0.00    0.00    0.00    0.00    0.00    0.00  100.00
09:04:40 PM    7    0.00    0.00   50.50    0.00    0.00    9.90    0.00    0.00    0.00   39.60

09:04:40 PM  CPU    %usr   %nice    %sys %iowait    %irq   %soft  %steal  %guest  %gnice   %idle
09:04:41 PM  all    0.00    0.00   10.28    0.00    0.25   27.82    0.00    0.00    0.00   61.65
09:04:41 PM    0    0.00    0.00    1.00    0.00    0.00   86.00    0.00    0.00    0.00   13.00
09:04:41 PM    1    0.00    0.00    0.99    0.00    0.99   70.30    0.00    0.00    0.00   27.72
09:04:41 PM    2    0.00    0.00    0.00    0.00    0.00    0.00    0.00    0.00    0.00  100.00
09:04:41 PM    3    0.00    0.00   28.28    0.00    0.00   16.16    0.00    0.00    0.00   55.56
09:04:41 PM    4    0.00    0.00    0.00    0.00    0.00    0.00    0.00    0.00    0.00  100.00
09:04:41 PM    5    0.00    0.00   13.40    0.00    0.00   13.40    0.00    0.00    0.00   73.20
09:04:41 PM    6    0.00    0.00   37.62    0.00    0.99   32.67    0.00    0.00    0.00   28.71
09:04:41 PM    7    0.00    0.00    1.00    0.00    0.00    3.00    0.00    0.00    0.00   96.00

09:04:41 PM  CPU    %usr   %nice    %sys %iowait    %irq   %soft  %steal  %guest  %gnice   %idle
09:04:42 PM  all    0.00    0.00   11.84    0.00    0.25   27.50    0.00    0.00    0.00   60.42
09:04:42 PM    0    0.00    0.00    0.00    0.00    0.98   83.33    0.00    0.00    0.00   15.69
09:04:42 PM    1    0.00    0.00    0.00    0.00    0.00  100.00    0.00    0.00    0.00    0.00
09:04:42 PM    2    0.00    0.00    0.00    0.00    0.00    0.00    0.00    0.00    0.00  100.00
09:04:42 PM    3    0.00    0.00    4.85    0.00    0.00    8.74    0.00    0.00    0.00   86.41
09:04:42 PM    4    0.00    0.00   16.35    0.00    0.96   12.50    0.00    0.00    0.00   70.19
09:04:42 PM    5    0.00    0.00   40.78    0.00    0.00    2.91    0.00    0.00    0.00   56.31
09:04:42 PM    6    0.00    0.00   32.00    0.00    0.00   13.00    0.00    0.00    0.00   55.00
09:04:42 PM    7    0.00    0.00    0.00    0.00    0.00    0.00    0.00    0.00    0.00  100.00

09:04:42 PM  CPU    %usr   %nice    %sys %iowait    %irq   %soft  %steal  %guest  %gnice   %idle
09:04:43 PM  all    0.00    0.00   11.38    0.00    0.25   28.25    0.00    0.00    0.00   60.12
09:04:43 PM    0    0.00    0.00    0.00    0.00    0.00   79.80    0.00    0.00    0.00   20.20
09:04:43 PM    1    0.00    0.00    0.00    0.00    0.00   79.80    0.00    0.00    0.00   20.20
09:04:43 PM    2    0.00    0.00    0.00    0.00    0.00    0.00    0.00    0.00    0.00  100.00
09:04:43 PM    3    0.00    0.00   17.82    0.00    0.99   11.88    0.00    0.00    0.00   69.31
09:04:43 PM    4    0.00    0.00   16.33    0.00    0.00   13.27    0.00    0.00    0.00   70.41
09:04:43 PM    5    0.00    0.00    8.82    0.00    0.98    8.82    0.00    0.00    0.00   81.37
09:04:43 PM    6    0.00    0.00   33.00    0.00    0.00   18.00    0.00    0.00    0.00   49.00
09:04:43 PM    7    0.00    0.00   15.00    0.00    0.00   16.00    0.00    0.00    0.00   69.00

09:04:43 PM  CPU    %usr   %nice    %sys %iowait    %irq   %soft  %steal  %guest  %gnice   %idle
09:04:44 PM  all    0.12    0.00   10.82    0.00    0.37   27.61    0.00    0.00    0.00   61.07
09:04:44 PM    0    0.99    0.00    0.99    0.00    0.99   81.19    0.00    0.00    0.00   15.84
09:04:44 PM    1    0.00    0.00    0.00    0.00    0.98   77.45    0.00    0.00    0.00   21.57
09:04:44 PM    2    0.00    0.00   33.67    0.00    0.00   23.47    0.00    0.00    0.00   42.86
09:04:44 PM    3    0.00    0.00    0.00    0.00    0.00    0.00    0.00    0.00    0.00  100.00
09:04:44 PM    4    0.00    0.00   12.00    0.00    0.00    0.00    0.00    0.00    0.00   88.00
09:04:44 PM    5    0.00    0.00    8.25    0.00    0.00    3.09    0.00    0.00    0.00   88.66
09:04:44 PM    6    0.00    0.00    3.88    0.00    0.00    2.91    0.00    0.00    0.00   93.20
09:04:44 PM    7    0.00    0.00   28.43    0.00    0.98   31.37    0.00    0.00    0.00   39.22

09:04:44 PM  CPU    %usr   %nice    %sys %iowait    %irq   %soft  %steal  %guest  %gnice   %idle
09:04:45 PM  all    0.00    0.00    9.09    0.00    0.00   27.02    0.00    0.00    0.00   63.89
09:04:45 PM    0    0.00    0.00    0.00    0.00    0.00   45.45    0.00    0.00    0.00   54.55
09:04:45 PM    1    0.00    0.00    0.00    0.00    0.00  100.00    0.00    0.00    0.00    0.00
09:04:45 PM    2    0.00    0.00    0.00    0.00    0.00    0.00    0.00    0.00    0.00  100.00
09:04:45 PM    3    0.00    0.00   12.37    0.00    0.00   13.40    0.00    0.00    0.00   74.23
09:04:45 PM    4    0.00    0.00   22.77    0.00    0.00   21.78    0.00    0.00    0.00   55.45
09:04:45 PM    5    0.00    0.00    0.00    0.00    0.00    0.00    0.00    0.00    0.00  100.00
09:04:45 PM    6    0.00    0.00   10.31    0.00    0.00   10.31    0.00    0.00    0.00   79.38
09:04:45 PM    7    0.00    0.00   27.00    0.00    0.00   25.00    0.00    0.00    0.00   48.00

09:04:45 PM  CPU    %usr   %nice    %sys %iowait    %irq   %soft  %steal  %guest  %gnice   %idle
09:04:46 PM  all    0.00    0.00   12.00    0.00    0.25   31.37    0.00    0.00    0.00   56.38
09:04:46 PM    0    0.00    0.00    1.00    0.00    0.00   89.00    0.00    0.00    0.00   10.00
09:04:46 PM    1    0.00    0.00    0.00    0.00    1.00   99.00    0.00    0.00    0.00    0.00
09:04:46 PM    2    0.00    0.00   21.43    0.00    0.00   13.27    0.00    0.00    0.00   65.31
09:04:46 PM    3    0.00    0.00   27.00    0.00    0.00   10.00    0.00    0.00    0.00   63.00
09:04:46 PM    4    0.00    0.00    0.00    0.00    0.00    0.00    0.00    0.00    0.00  100.00
09:04:46 PM    5    0.00    0.00   22.77    0.00    0.00   19.80    0.00    0.00    0.00   57.43
09:04:46 PM    6    0.00    0.00    7.92    0.00    0.99    7.92    0.00    0.00    0.00   83.17
09:04:46 PM    7    0.00    0.00   16.00    0.00    0.00   12.00    0.00    0.00    0.00   72.00

09:04:46 PM  CPU    %usr   %nice    %sys %iowait    %irq   %soft  %steal  %guest  %gnice   %idle
09:04:47 PM  all    0.12    0.00   11.10    0.00    0.37   27.43    0.00    0.00    0.00   60.97
09:04:47 PM    0    0.00    0.00    0.00    0.00    0.99   80.20    0.00    0.00    0.00   18.81
09:04:47 PM    1    1.00    0.00    1.00    0.00    0.00   82.00    0.00    0.00    0.00   16.00
09:04:47 PM    2    0.00    0.00   14.85    0.00    0.00   10.89    0.00    0.00    0.00   74.26
09:04:47 PM    3    0.00    0.00   17.00    0.00    0.00   12.00    0.00    0.00    0.00   71.00
09:04:47 PM    4    0.00    0.00   37.37    0.00    1.01   18.18    0.00    0.00    0.00   43.43
09:04:47 PM    5    0.00    0.00    6.00    0.00    0.00    6.00    0.00    0.00    0.00   88.00
09:04:47 PM    6    0.00    0.00   10.00    0.00    0.00    9.00    0.00    0.00    0.00   81.00
09:04:47 PM    7    0.00    0.00    2.97    0.00    0.99    0.99    0.00    0.00    0.00   95.05

09:04:47 PM  CPU    %usr   %nice    %sys %iowait    %irq   %soft  %steal  %guest  %gnice   %idle
09:04:48 PM  all    0.00    0.00   12.92    0.00    0.12   25.96    0.00    0.00    0.00   60.99
09:04:48 PM    0    0.00    0.00    0.00    0.00    0.00   72.00    0.00    0.00    0.00   28.00
09:04:48 PM    1    0.00    0.00    0.99    0.00    0.00   99.01    0.00    0.00    0.00    0.00
09:04:48 PM    2    0.00    0.00   51.46    0.00    0.97    7.77    0.00    0.00    0.00   39.81
09:04:48 PM    3    0.00    0.00    0.00    0.00    0.00    0.00    0.00    0.00    0.00  100.00
09:04:48 PM    4    0.00    0.00    0.00    0.00    0.00    0.00    0.00    0.00    0.00  100.00
09:04:48 PM    5    0.00    0.00    8.91    0.00    0.00    4.95    0.00    0.00    0.00   86.14
09:04:48 PM    6    0.00    0.00   24.00    0.00    0.00   10.00    0.00    0.00    0.00   66.00
09:04:48 PM    7    0.00    0.00   17.00    0.00    0.00   14.00    0.00    0.00    0.00   69.00

09:04:48 PM  CPU    %usr   %nice    %sys %iowait    %irq   %soft  %steal  %guest  %gnice   %idle
09:04:49 PM  all    0.00    0.00   11.19    0.00    0.25   22.76    0.00    0.00    0.00   65.80
09:04:49 PM    0    0.00    0.00    0.00    0.00    1.00   99.00    0.00    0.00    0.00    0.00
09:04:49 PM    1    0.00    0.00    0.00    0.00    1.00   38.00    0.00    0.00    0.00   61.00
09:04:49 PM    2    0.00    0.00   20.20    0.00    0.00   18.18    0.00    0.00    0.00   61.62
09:04:49 PM    3    0.00    0.00    0.00    0.00    0.00    1.96    0.00    0.00    0.00   98.04
09:04:49 PM    4    0.00    0.00    8.91    0.00    0.00    0.99    0.00    0.00    0.00   90.10
09:04:49 PM    5    0.00    0.00    9.90    0.00    0.00    5.94    0.00    0.00    0.00   84.16
09:04:49 PM    6    0.00    0.00   51.00    0.00    0.00   19.00    0.00    0.00    0.00   30.00
09:04:49 PM    7    0.00    0.00    0.00    0.00    0.00    0.00    0.00    0.00    0.00  100.00

09:04:49 PM  CPU    %usr   %nice    %sys %iowait    %irq   %soft  %steal  %guest  %gnice   %idle
09:04:50 PM  all    0.00    0.00   11.26    0.00    0.12   30.07    0.00    0.00    0.00   58.54
09:04:50 PM    0    0.00    0.00    0.00    0.00    0.00  100.00    0.00    0.00    0.00    0.00
09:04:50 PM    1    0.00    0.00    0.00    0.00    0.00   75.25    0.00    0.00    0.00   24.75
09:04:50 PM    2    0.00    0.00    0.00    0.00    0.00    0.00    0.00    0.00    0.00  100.00
09:04:50 PM    3    0.00    0.00   14.85    0.00    0.00   12.87    0.00    0.00    0.00   72.28
09:04:50 PM    4    0.00    0.00   29.13    0.00    0.00   22.33    0.00    0.00    0.00   48.54
09:04:50 PM    5    0.00    0.00   26.00    0.00    1.00   24.00    0.00    0.00    0.00   49.00
09:04:50 PM    6    0.00    0.00   19.61    0.00    0.00    6.86    0.00    0.00    0.00   73.53
09:04:50 PM    7    0.00    0.00    0.00    0.00    0.00    0.00    0.00    0.00    0.00  100.00

09:04:50 PM  CPU    %usr   %nice    %sys %iowait    %irq   %soft  %steal  %guest  %gnice   %idle
09:04:51 PM  all    0.00    0.00   12.70    0.00    0.13   24.28    0.00    0.00    0.00   62.89
09:04:51 PM    0    0.00    0.00    0.98    0.00    0.98   98.04    0.00    0.00    0.00    0.00
09:04:51 PM    1    0.00    0.00    0.00    0.00    0.00   75.00    0.00    0.00    0.00   25.00
09:04:51 PM    2    0.00    0.00    0.00    0.00    0.00    0.00    0.00    0.00    0.00  100.00
09:04:51 PM    3    0.00    0.00   44.90    0.00    0.00    2.04    0.00    0.00    0.00   53.06
09:04:51 PM    4    0.00    0.00   35.05    0.00    0.00    8.25    0.00    0.00    0.00   56.70
09:04:51 PM    5    0.00    0.00   19.19    0.00    0.00    6.06    0.00    0.00    0.00   74.75
09:04:51 PM    6    0.00    0.00    3.03    0.00    0.00    2.02    0.00    0.00    0.00   94.95
09:04:51 PM    7    0.00    0.00    0.00    0.00    0.00    0.00    0.00    0.00    0.00  100.00

09:04:51 PM  CPU    %usr   %nice    %sys %iowait    %irq   %soft  %steal  %guest  %gnice   %idle
09:04:52 PM  all    0.00    0.00   10.00    0.00    0.25   20.38    0.00    0.00    0.00   69.38
09:04:52 PM    0    0.00    0.00    0.00    0.00    0.00    4.04    0.00    0.00    0.00   95.96
09:04:52 PM    1    0.00    0.00    0.00    0.00    1.00   99.00    0.00    0.00    0.00    0.00
09:04:52 PM    2    0.00    0.00   26.26    0.00    0.00   28.28    0.00    0.00    0.00   45.45
09:04:52 PM    3    0.00    0.00   14.85    0.00    0.99   14.85    0.00    0.00    0.00   69.31
09:04:52 PM    4    0.00    0.00    0.00    0.00    0.00    0.00    0.00    0.00    0.00  100.00
09:04:52 PM    5    0.00    0.00   38.61    0.00    0.00   16.83    0.00    0.00    0.00   44.55
09:04:52 PM    6    0.00    0.00    0.00    0.00    0.00    0.00    0.00    0.00    0.00  100.00
09:04:52 PM    7    0.00    0.00    0.00    0.00    0.00    0.00    0.00    0.00    0.00  100.00

09:04:52 PM  CPU    %usr   %nice    %sys %iowait    %irq   %soft  %steal  %guest  %gnice   %idle
09:04:53 PM  all    0.12    0.00   12.90    0.00    0.12   29.90    0.00    0.00    0.00   56.95
09:04:53 PM    0    0.99    0.00    1.98    0.00    0.00   88.12    0.00    0.00    0.00    8.91
09:04:53 PM    1    0.00    0.00    1.00    0.00    0.00   99.00    0.00    0.00    0.00    0.00
09:04:53 PM    2    0.00    0.00    2.97    0.00    0.00    2.97    0.00    0.00    0.00   94.06
09:04:53 PM    3    0.00    0.00   16.83    0.00    0.00   13.86    0.00    0.00    0.00   69.31
09:04:53 PM    4    0.00    0.00   22.00    0.00    0.00   10.00    0.00    0.00    0.00   68.00
09:04:53 PM    5    0.00    0.00    0.00    0.00    0.00    0.00    0.00    0.00    0.00  100.00
09:04:53 PM    6    0.00    0.00   49.02    0.00    0.98   22.55    0.00    0.00    0.00   27.45
09:04:53 PM    7    0.00    0.00    9.00    0.00    0.00    3.00    0.00    0.00    0.00   88.00

09:04:53 PM  CPU    %usr   %nice    %sys %iowait    %irq   %soft  %steal  %guest  %gnice   %idle
09:04:54 PM  all    0.00    0.00   12.38    0.00    0.25   27.88    0.00    0.00    0.00   59.50
09:04:54 PM    0    0.00    0.00    0.00    0.00    1.00   99.00    0.00    0.00    0.00    0.00
09:04:54 PM    1    0.00    0.00    0.00    0.00    0.00   79.00    0.00    0.00    0.00   21.00
09:04:54 PM    2    0.00    0.00   16.00    0.00    1.00   16.00    0.00    0.00    0.00   67.00
09:04:54 PM    3    0.00    0.00   14.14    0.00    0.00   16.16    0.00    0.00    0.00   69.70
09:04:54 PM    4    0.00    0.00    5.94    0.00    0.00    0.00    0.00    0.00    0.00   94.06
09:04:54 PM    5    0.00    0.00    0.00    0.00    0.00    0.00    0.00    0.00    0.00  100.00
09:04:54 PM    6    0.00    0.00   11.11    0.00    0.00    5.05    0.00    0.00    0.00   83.84
09:04:54 PM    7    0.00    0.00   51.49    0.00    0.00    7.92    0.00    0.00    0.00   40.59

09:04:54 PM  CPU    %usr   %nice    %sys %iowait    %irq   %soft  %steal  %guest  %gnice   %idle
09:04:55 PM  all    0.00    0.00   13.33    0.00    0.25   30.51    0.00    0.00    0.00   55.92
09:04:55 PM    0    0.00    0.00    0.00    0.00    0.00   82.83    0.00    0.00    0.00   17.17
09:04:55 PM    1    0.00    0.00    0.00    0.00    0.99   99.01    0.00    0.00    0.00    0.00
09:04:55 PM    2    0.00    0.00   22.22    0.00    0.00    5.05    0.00    0.00    0.00   72.73
09:04:55 PM    3    0.00    0.00   13.73    0.00    0.00    5.88    0.00    0.00    0.00   80.39
09:04:55 PM    4    0.00    0.00   37.62    0.00    0.99   21.78    0.00    0.00    0.00   39.60
09:04:55 PM    5    0.00    0.00   21.21    0.00    0.00   14.14    0.00    0.00    0.00   64.65
09:04:55 PM    6    0.00    0.00    0.00    0.00    0.00    0.00    0.00    0.00    0.00  100.00
09:04:55 PM    7    0.00    0.00   11.76    0.00    0.00   15.69    0.00    0.00    0.00   72.55

09:04:55 PM  CPU    %usr   %nice    %sys %iowait    %irq   %soft  %steal  %guest  %gnice   %idle
09:04:56 PM  all    0.00    0.00   11.15    0.00    0.12   22.92    0.00    0.00    0.00   65.80
09:04:56 PM    0    0.00    0.00    0.00    0.00    0.98   36.27    0.00    0.00    0.00   62.75
09:04:56 PM    1    0.00    0.00    0.00    0.00    0.00  100.00    0.00    0.00    0.00    0.00
09:04:56 PM    2    0.00    0.00    6.00    0.00    0.00    4.00    0.00    0.00    0.00   90.00
09:04:56 PM    3    0.00    0.00    8.91    0.00    0.00    6.93    0.00    0.00    0.00   84.16
09:04:56 PM    4    0.00    0.00   16.00    0.00    0.00   14.00    0.00    0.00    0.00   70.00
09:04:56 PM    5    0.00    0.00   45.54    0.00    0.00    6.93    0.00    0.00    0.00   47.52
09:04:56 PM    6    0.00    0.00   12.75    0.00    0.00   14.71    0.00    0.00    0.00   72.55
09:04:56 PM    7    0.00    0.00    0.00    0.00    0.00    1.96    0.00    0.00    0.00   98.04

09:04:56 PM  CPU    %usr   %nice    %sys %iowait    %irq   %soft  %steal  %guest  %gnice   %idle
09:04:57 PM  all    0.13    0.00   11.70    0.00    0.38   28.55    0.00    0.00    0.00   59.25
09:04:57 PM    0    1.01    0.00    1.01    0.00    0.00   80.81    0.00    0.00    0.00   17.17
09:04:57 PM    1    0.00    0.00    0.00    0.00    0.99   99.01    0.00    0.00    0.00    0.00
09:04:57 PM    2    0.00    0.00    0.00    0.00    0.00    0.00    0.00    0.00    0.00  100.00
09:04:57 PM    3    0.00    0.00    0.00    0.00    0.00    0.00    0.00    0.00    0.00  100.00
09:04:57 PM    4    0.00    0.00    0.00    0.00    0.00    0.00    0.00    0.00    0.00  100.00
09:04:57 PM    5    0.00    0.00   57.58    0.00    1.01   24.24    0.00    0.00    0.00   17.17
09:04:57 PM    6    0.00    0.00    0.00    0.00    0.00    0.00    0.00    0.00    0.00  100.00
09:04:57 PM    7    0.00    0.00   36.46    0.00    1.04   23.96    0.00    0.00    0.00   38.54

09:04:57 PM  CPU    %usr   %nice    %sys %iowait    %irq   %soft  %steal  %guest  %gnice   %idle
09:04:58 PM  all    0.00    0.00   11.42    0.00    0.00   27.98    0.00    0.00    0.00   60.60
09:04:58 PM    0    0.00    0.00    0.00    0.00    0.00   88.89    0.00    0.00    0.00   11.11
09:04:58 PM    1    0.00    0.00    1.01    0.00    0.00   72.73    0.00    0.00    0.00   26.26
09:04:58 PM    2    0.00    0.00   18.00    0.00    0.00   18.00    0.00    0.00    0.00   64.00
09:04:58 PM    3    0.00    0.00    0.00    0.00    0.00    0.00    0.00    0.00    0.00  100.00
09:04:58 PM    4    0.00    0.00    0.00    0.00    0.00    0.00    0.00    0.00    0.00  100.00
09:04:58 PM    5    0.00    0.00    9.00    0.00    0.00    3.00    0.00    0.00    0.00   88.00
09:04:58 PM    6    0.00    0.00   14.14    0.00    0.00   16.16    0.00    0.00    0.00   69.70
09:04:58 PM    7    0.00    0.00   49.00    0.00    0.00   26.00    0.00    0.00    0.00   25.00

09:04:58 PM  CPU    %usr   %nice    %sys %iowait    %irq   %soft  %steal  %guest  %gnice   %idle
09:04:59 PM  all    0.00    0.00    9.51    0.00    0.25   19.02    0.00    0.00    0.00   71.21
09:04:59 PM    0    0.00    0.00    0.00    0.00    0.99    0.00    0.00    0.00    0.00   99.01
09:04:59 PM    1    0.00    0.00    0.00    0.00    0.00  100.00    0.00    0.00    0.00    0.00
09:04:59 PM    2    0.00    0.00   10.00    0.00    0.00   12.00    0.00    0.00    0.00   78.00
09:04:59 PM    3    0.00    0.00    0.00    0.00    0.00    0.00    0.00    0.00    0.00  100.00
09:04:59 PM    4    0.00    0.00    0.00    0.00    0.00    0.00    0.00    0.00    0.00  100.00
09:04:59 PM    5    0.00    0.00   46.00    0.00    0.00   18.00    0.00    0.00    0.00   36.00
09:04:59 PM    6    0.00    0.00   13.13    0.00    1.01   14.14    0.00    0.00    0.00   71.72
09:04:59 PM    7    0.00    0.00    7.07    0.00    0.00    8.08    0.00    0.00    0.00   84.85

09:04:59 PM  CPU    %usr   %nice    %sys %iowait    %irq   %soft  %steal  %guest  %gnice   %idle
09:05:00 PM  all    0.00    0.00   12.24    0.00    0.12   21.26    0.00    0.00    0.00   66.38
09:05:00 PM    0    0.00    0.00    0.99    0.00    0.00   91.09    0.00    0.00    0.00    7.92
09:05:00 PM    1    0.00    0.00    0.98    0.00    0.98   61.76    0.00    0.00    0.00   36.27
09:05:00 PM    2    0.00    0.00   37.62    0.00    0.00    4.95    0.00    0.00    0.00   57.43
09:05:00 PM    3    0.00    0.00    0.00    0.00    0.00    0.00    0.00    0.00    0.00  100.00
09:05:00 PM    4    0.00    0.00   18.00    0.00    0.00    3.00    0.00    0.00    0.00   79.00
09:05:00 PM    5    0.00    0.00    1.98    0.00    0.00    2.97    0.00    0.00    0.00   95.05
09:05:00 PM    6    0.00    0.00   38.24    0.00    0.00    5.88    0.00    0.00    0.00   55.88
09:05:00 PM    7    0.00    0.00    0.00    0.00    0.00    0.00    0.00    0.00    0.00  100.00

09:05:00 PM  CPU    %usr   %nice    %sys %iowait    %irq   %soft  %steal  %guest  %gnice   %idle
09:05:01 PM  all    0.00    0.00   10.09    0.00    0.25   23.91    0.00    0.00    0.00   65.75
09:05:01 PM    0    0.00    0.00    0.00    0.00    1.00   99.00    0.00    0.00    0.00    0.00
09:05:01 PM    1    0.00    0.00    1.00    0.00    0.00   35.00    0.00    0.00    0.00   64.00
09:05:01 PM    2    0.00    0.00    1.94    0.00    0.00    2.91    0.00    0.00    0.00   95.15
09:05:01 PM    3    0.00    0.00   29.90    0.00    1.03   25.77    0.00    0.00    0.00   43.30
09:05:01 PM    4    0.00    0.00   20.79    0.00    0.00    0.99    0.00    0.00    0.00   78.22
09:05:01 PM    5    0.00    0.00    0.00    0.00    0.00    0.00    0.00    0.00    0.00  100.00
09:05:01 PM    6    0.00    0.00   11.76    0.00    0.00   14.71    0.00    0.00    0.00   73.53
09:05:01 PM    7    0.00    0.00   16.00    0.00    0.00   14.00    0.00    0.00    0.00   70.00

09:05:01 PM  CPU    %usr   %nice    %sys %iowait    %irq   %soft  %steal  %guest  %gnice   %idle
09:05:02 PM  all    0.00    0.00   13.87    0.00    0.13   29.13    0.00    0.00    0.00   56.87
09:05:02 PM    0    0.00    0.00    0.00    0.00    0.00  100.00    0.00    0.00    0.00    0.00
09:05:02 PM    1    0.00    0.00    0.00    0.00    0.00   79.80    0.00    0.00    0.00   20.20
09:05:02 PM    2    0.00    0.00   18.37    0.00    1.02   10.20    0.00    0.00    0.00   70.41
09:05:02 PM    3    0.00    0.00   34.34    0.00    0.00   16.16    0.00    0.00    0.00   49.49
09:05:02 PM    4    0.00    0.00   37.37    0.00    0.00   14.14    0.00    0.00    0.00   48.48
09:05:02 PM    5    0.00    0.00   19.61    0.00    0.00   12.75    0.00    0.00    0.00   67.65
09:05:02 PM    6    0.00    0.00    1.03    0.00    0.00    0.00    0.00    0.00    0.00   98.97
09:05:02 PM    7    0.00    0.00    0.00    0.00    0.00    0.00    0.00    0.00    0.00  100.00

09:05:02 PM  CPU    %usr   %nice    %sys %iowait    %irq   %soft  %steal  %guest  %gnice   %idle
09:05:03 PM  all    0.00    0.00    9.94    0.00    0.37   22.98    0.00    0.00    0.00   66.71
09:05:03 PM    0    0.00    0.00    0.00    0.00    0.00  100.00    0.00    0.00    0.00    0.00
09:05:03 PM    1    0.00    0.00    0.00    0.00    0.00   13.00    0.00    0.00    0.00   87.00
09:05:03 PM    2    0.00    0.00    0.00    0.00    0.00    0.00    0.00    0.00    0.00  100.00
09:05:03 PM    3    0.00    0.00   30.69    0.00    0.99   22.77    0.00    0.00    0.00   45.54
09:05:03 PM    4    0.00    0.00    2.97    0.00    0.00    3.96    0.00    0.00    0.00   93.07
09:05:03 PM    5    0.00    0.00    0.00    0.00    0.00    0.00    0.00    0.00    0.00  100.00
09:05:03 PM    6    0.00    0.00   29.70    0.00    0.99   29.70    0.00    0.00    0.00   39.60
09:05:03 PM    7    0.00    0.00   15.69    0.00    0.98   14.71    0.00    0.00    0.00   68.63

09:05:03 PM  CPU    %usr   %nice    %sys %iowait    %irq   %soft  %steal  %guest  %gnice   %idle
09:05:04 PM  all    0.25    0.00   12.90    0.00    0.37   26.92    0.00    0.00    0.00   59.55
09:05:04 PM    0    0.98    0.00    0.98    0.00    0.98   69.61    0.00    0.00    0.00   27.45
09:05:04 PM    1    0.99    0.00    0.99    0.00    0.99   97.03    0.00    0.00    0.00    0.00
09:05:04 PM    2    0.00    0.00   15.84    0.00    0.00   13.86    0.00    0.00    0.00   70.30
09:05:04 PM    3    0.00    0.00   31.07    0.00    0.00    1.94    0.00    0.00    0.00   66.99
09:05:04 PM    4    0.00    0.00   17.00    0.00    0.00   14.00    0.00    0.00    0.00   69.00
09:05:04 PM    5    0.00    0.00   37.37    0.00    1.01   18.18    0.00    0.00    0.00   43.43
09:05:04 PM    6    0.00    0.00    0.00    0.00    0.00    0.00    0.00    0.00    0.00  100.00
09:05:04 PM    7    0.00    0.00    0.00    0.00    0.00    0.00    0.00    0.00    0.00  100.00

09:05:04 PM  CPU    %usr   %nice    %sys %iowait    %irq   %soft  %steal  %guest  %gnice   %idle
09:05:05 PM  all    0.00    0.00   12.58    0.00    0.12   27.52    0.00    0.00    0.00   59.78
09:05:05 PM    0    0.00    0.00    0.00    0.00    0.00  100.00    0.00    0.00    0.00    0.00
09:05:05 PM    1    0.00    0.00    0.00    0.00    0.00  100.00    0.00    0.00    0.00    0.00
09:05:05 PM    2    0.00    0.00    0.00    0.00    0.00    0.00    0.00    0.00    0.00  100.00
09:05:05 PM    3    0.00    0.00   38.38    0.00    0.00    6.06    0.00    0.00    0.00   55.56
09:05:05 PM    4    0.00    0.00   10.89    0.00    0.99    7.92    0.00    0.00    0.00   80.20
09:05:05 PM    5    0.00    0.00   41.75    0.00    0.00    5.83    0.00    0.00    0.00   52.43
09:05:05 PM    6    0.00    0.00    0.00    0.00    0.00    0.00    0.00    0.00    0.00  100.00
09:05:05 PM    7    0.00    0.00    9.00    0.00    0.00    2.00    0.00    0.00    0.00   89.00

09:05:05 PM  CPU    %usr   %nice    %sys %iowait    %irq   %soft  %steal  %guest  %gnice   %idle
09:05:06 PM  all    0.00    0.00   10.09    0.00    0.12   27.40    0.00    0.00    0.00   62.39
09:05:06 PM    0    0.00    0.00    0.98    0.00    0.98   80.39    0.00    0.00    0.00   17.65
09:05:06 PM    1    0.00    0.00    0.99    0.00    0.00   71.29    0.00    0.00    0.00   27.72
09:05:06 PM    2    0.00    0.00   19.00    0.00    0.00   11.00    0.00    0.00    0.00   70.00
09:05:06 PM    3    0.00    0.00   12.75    0.00    0.00   15.69    0.00    0.00    0.00   71.57
09:05:06 PM    4    0.00    0.00   10.00    0.00    0.00    5.00    0.00    0.00    0.00   85.00
09:05:06 PM    5    0.00    0.00   10.10    0.00    0.00   12.12    0.00    0.00    0.00   77.78
09:05:06 PM    6    0.00    0.00    0.00    0.00    0.00    0.00    0.00    0.00    0.00  100.00
09:05:06 PM    7    0.00    0.00   27.27    0.00    0.00   22.22    0.00    0.00    0.00   50.51

09:05:06 PM  CPU    %usr   %nice    %sys %iowait    %irq   %soft  %steal  %guest  %gnice   %idle
09:05:07 PM  all    0.00    0.00   11.51    0.00    0.13   25.41    0.00    0.00    0.00   62.95
09:05:07 PM    0    0.00    0.00    0.00    0.00    0.00   55.00    0.00    0.00    0.00   45.00
09:05:07 PM    1    0.00    0.00    0.00    0.00    0.99   99.01    0.00    0.00    0.00    0.00
09:05:07 PM    2    0.00    0.00   10.20    0.00    0.00    9.18    0.00    0.00    0.00   80.61
09:05:07 PM    3    0.00    0.00   52.53    0.00    0.00   20.20    0.00    0.00    0.00   27.27
09:05:07 PM    4    0.00    0.00    0.00    0.00    0.00    0.00    0.00    0.00    0.00  100.00
09:05:07 PM    5    0.00    0.00    3.00    0.00    0.00    2.00    0.00    0.00    0.00   95.00
09:05:07 PM    6    0.00    0.00    0.00    0.00    0.00    0.00    0.00    0.00    0.00  100.00
09:05:07 PM    7    0.00    0.00   26.73    0.00    0.00   16.83    0.00    0.00    0.00   56.44

09:05:07 PM  CPU    %usr   %nice    %sys %iowait    %irq   %soft  %steal  %guest  %gnice   %idle
09:05:08 PM  all    0.00    0.00   11.26    0.00    0.38   30.29    0.00    0.00    0.00   58.07
09:05:08 PM    0    0.00    0.00    0.00    0.00    0.00   76.77    0.00    0.00    0.00   23.23
09:05:08 PM    1    0.00    0.00    0.00    0.00    0.00  100.00    0.00    0.00    0.00    0.00
09:05:08 PM    2    0.00    0.00   23.53    0.00    0.98   18.63    0.00    0.00    0.00   56.86
09:05:08 PM    3    0.00    0.00    0.00    0.00    0.00    0.00    0.00    0.00    0.00  100.00
09:05:08 PM    4    0.00    0.00    0.00    0.00    0.00    0.00    0.00    0.00    0.00  100.00
09:05:08 PM    5    0.00    0.00   36.36    0.00    1.01   24.24    0.00    0.00    0.00   38.38
09:05:08 PM    6    0.00    0.00    4.00    0.00    0.00    4.00    0.00    0.00    0.00   92.00
09:05:08 PM    7    0.00    0.00   26.00    0.00    1.00   20.00    0.00    0.00    0.00   53.00

09:05:08 PM  CPU    %usr   %nice    %sys %iowait    %irq   %soft  %steal  %guest  %gnice   %idle
09:05:09 PM  all    0.00    0.00   11.98    0.00    0.25   26.42    0.00    0.00    0.00   61.36
09:05:09 PM    0    0.00    0.00    0.00    0.00    0.99   99.01    0.00    0.00    0.00    0.00
09:05:09 PM    1    0.00    0.00    0.00    0.00    0.99   99.01    0.00    0.00    0.00    0.00
09:05:09 PM    2    0.00    0.00   35.58    0.00    0.00    6.73    0.00    0.00    0.00   57.69
09:05:09 PM    3    0.00    0.00    0.00    0.00    0.00    0.00    0.00    0.00    0.00  100.00
09:05:09 PM    4    0.00    0.00   25.74    0.00    0.00    3.96    0.00    0.00    0.00   70.30
09:05:09 PM    5    0.00    0.00    0.00    0.00    0.00    0.00    0.00    0.00    0.00  100.00
09:05:09 PM    6    0.00    0.00   33.66    0.00    0.00    2.97    0.00    0.00    0.00   63.37
09:05:09 PM    7    0.00    0.00    0.00    0.00    0.00    0.00    0.00    0.00    0.00  100.00

09:05:09 PM  CPU    %usr   %nice    %sys %iowait    %irq   %soft  %steal  %guest  %gnice   %idle
09:05:10 PM  all    0.00    0.00   14.37    0.00    0.00   24.75    0.00    0.00    0.00   60.88
09:05:10 PM    0    0.00    0.00    0.00    0.00    0.00  100.00    0.00    0.00    0.00    0.00
09:05:10 PM    1    0.00    0.00    0.00    0.00    0.00   64.00    0.00    0.00    0.00   36.00
09:05:10 PM    2    0.00    0.00   39.18    0.00    0.00    7.22    0.00    0.00    0.00   53.61
09:05:10 PM    3    0.00    0.00    6.06    0.00    0.00    0.00    0.00    0.00    0.00   93.94
09:05:10 PM    4    0.00    0.00   38.61    0.00    0.00   10.89    0.00    0.00    0.00   50.50
09:05:10 PM    5    0.00    0.00   24.75    0.00    0.00   11.88    0.00    0.00    0.00   63.37
09:05:10 PM    6    0.00    0.00    6.86    0.00    0.00    4.90    0.00    0.00    0.00   88.24
09:05:10 PM    7    0.00    0.00    0.00    0.00    0.00    0.00    0.00    0.00    0.00  100.00

09:05:10 PM  CPU    %usr   %nice    %sys %iowait    %irq   %soft  %steal  %guest  %gnice   %idle
09:05:11 PM  all    0.00    0.00   12.00    0.00    0.25   29.62    0.00    0.00    0.00   58.13
09:05:11 PM    0    0.00    0.00    0.98    0.00    0.98   98.04    0.00    0.00    0.00    0.00
09:05:11 PM    1    0.00    0.00    0.00    0.00    0.00   81.82    0.00    0.00    0.00   18.18
09:05:11 PM    2    0.00    0.00   37.62    0.00    0.00   16.83    0.00    0.00    0.00   45.54
09:05:11 PM    3    0.00    0.00   17.48    0.00    0.97    8.74    0.00    0.00    0.00   72.82
09:05:11 PM    4    0.00    0.00   15.31    0.00    0.00   13.27    0.00    0.00    0.00   71.43
09:05:11 PM    5    0.00    0.00   14.14    0.00    0.00    9.09    0.00    0.00    0.00   76.77
09:05:11 PM    6    0.00    0.00   10.20    0.00    0.00    8.16    0.00    0.00    0.00   81.63
09:05:11 PM    7    0.00    0.00    0.00    0.00    0.00    0.00    0.00    0.00    0.00  100.00

09:05:11 PM  CPU    %usr   %nice    %sys %iowait    %irq   %soft  %steal  %guest  %gnice   %idle
09:05:12 PM  all    0.00    0.00   11.10    0.00    0.12   27.62    0.00    0.00    0.00   61.16
09:05:12 PM    0    0.00    0.00    0.00    0.00    0.00   83.00    0.00    0.00    0.00   17.00
09:05:12 PM    1    0.00    0.00    0.00    0.00    0.98   81.37    0.00    0.00    0.00   17.65
09:05:12 PM    2    0.00    0.00   27.45    0.00    0.00   13.73    0.00    0.00    0.00   58.82
09:05:12 PM    3    0.00    0.00    0.00    0.00    0.00    0.00    0.00    0.00    0.00  100.00
09:05:12 PM    4    0.00    0.00    5.71    0.00    0.00    3.81    0.00    0.00    0.00   90.48
09:05:12 PM    5    0.00    0.00    6.00    0.00    0.00    3.00    0.00    0.00    0.00   91.00
09:05:12 PM    6    0.00    0.00   17.00    0.00    0.00   15.00    0.00    0.00    0.00   68.00
09:05:12 PM    7    0.00    0.00   32.35    0.00    0.00   21.57    0.00    0.00    0.00   46.08

09:05:12 PM  CPU    %usr   %nice    %sys %iowait    %irq   %soft  %steal  %guest  %gnice   %idle
09:05:13 PM  all    0.00    0.00   12.25    0.00    0.38   30.75    0.00    0.00    0.00   56.62
09:05:13 PM    0    0.00    0.00    0.99    0.00    0.99   82.18    0.00    0.00    0.00   15.84
09:05:13 PM    1    0.00    0.00    1.00    0.00    0.00   99.00    0.00    0.00    0.00    0.00
09:05:13 PM    2    0.00    0.00   23.00    0.00    1.00   20.00    0.00    0.00    0.00   56.00
09:05:13 PM    3    0.00    0.00    0.00    0.00    0.00    0.00    0.00    0.00    0.00  100.00
09:05:13 PM    4    0.00    0.00   46.00    0.00    1.00   32.00    0.00    0.00    0.00   21.00
09:05:13 PM    5    0.00    0.00    0.00    0.00    0.00    0.00    0.00    0.00    0.00  100.00
09:05:13 PM    6    0.00    0.00   24.00    0.00    0.00   10.00    0.00    0.00    0.00   66.00
09:05:13 PM    7    0.00    0.00    3.06    0.00    0.00    2.04    0.00    0.00    0.00   94.90

09:05:13 PM  CPU    %usr   %nice    %sys %iowait    %irq   %soft  %steal  %guest  %gnice   %idle
09:05:14 PM  all    0.00    0.00   12.20    0.00    0.00   24.15    0.00    0.00    0.00   63.65
09:05:14 PM    0    0.00    0.00    0.00    0.00    0.00   93.00    0.00    0.00    0.00    7.00
09:05:14 PM    1    0.00    0.00    0.00    0.00    0.00   73.74    0.00    0.00    0.00   26.26
09:05:14 PM    2    0.00    0.00   15.46    0.00    0.00    6.19    0.00    0.00    0.00   78.35
09:05:14 PM    3    0.00    0.00    0.00    0.00    0.00    0.00    0.00    0.00    0.00  100.00
09:05:14 PM    4    0.00    0.00    4.12    0.00    0.00    1.03    0.00    0.00    0.00   94.85
09:05:14 PM    5    0.00    0.00   37.25    0.00    0.00    7.84    0.00    0.00    0.00   54.90
09:05:14 PM    6    0.00    0.00    0.00    0.00    0.00    0.00    0.00    0.00    0.00  100.00
09:05:14 PM    7    0.00    0.00   40.00    0.00    0.00   11.00    0.00    0.00    0.00   49.00

09:05:14 PM  CPU    %usr   %nice    %sys %iowait    %irq   %soft  %steal  %guest  %gnice   %idle
09:05:15 PM  all    0.00    0.00   10.39    0.00    0.25   27.66    0.00    0.00    0.00   61.70
09:05:15 PM    0    0.00    0.00    0.00    0.00    0.00   51.02    0.00    0.00    0.00   48.98
09:05:15 PM    1    0.00    0.00    0.00    0.00    0.99   99.01    0.00    0.00    0.00    0.00
09:05:15 PM    2    0.00    0.00   27.45    0.00    0.00   13.73    0.00    0.00    0.00   58.82
09:05:15 PM    3    0.00    0.00   11.00    0.00    0.00   16.00    0.00    0.00    0.00   73.00
09:05:15 PM    4    0.00    0.00    0.00    0.00    0.00    0.00    0.00    0.00    0.00  100.00
09:05:15 PM    5    0.00    0.00   21.65    0.00    0.00   18.56    0.00    0.00    0.00   59.79
09:05:15 PM    6    0.00    0.00   13.86    0.00    0.99   14.85    0.00    0.00    0.00   70.30
09:05:15 PM    7    0.00    0.00    9.00    0.00    0.00    8.00    0.00    0.00    0.00   83.00

09:05:15 PM  CPU    %usr   %nice    %sys %iowait    %irq   %soft  %steal  %guest  %gnice   %idle
09:05:16 PM  all    0.12    0.00   11.33    0.00    0.25   21.67    0.00    0.00    0.00   66.63
09:05:16 PM    0    0.98    0.00    0.98    0.00    0.98   33.33    0.00    0.00    0.00   63.73
09:05:16 PM    1    0.00    0.00    0.00    0.00    0.00   86.87    0.00    0.00    0.00   13.13
09:05:16 PM    2    0.00    0.00    0.00    0.00    0.00    0.00    0.00    0.00    0.00  100.00
09:05:16 PM    3    0.00    0.00   13.86    0.00    0.00   14.85    0.00    0.00    0.00   71.29
09:05:16 PM    4    0.00    0.00    0.00    0.00    0.00    0.00    0.00    0.00    0.00  100.00
09:05:16 PM    5    0.00    0.00   33.00    0.00    0.00    4.00    0.00    0.00    0.00   63.00
09:05:16 PM    6    0.00    0.00    9.00    0.00    0.00   10.00    0.00    0.00    0.00   81.00
09:05:16 PM    7    0.00    0.00   33.66    0.00    0.99   24.75    0.00    0.00    0.00   40.59

09:05:16 PM  CPU    %usr   %nice    %sys %iowait    %irq   %soft  %steal  %guest  %gnice   %idle
09:05:17 PM  all    0.00    0.00   11.78    0.00    0.13   27.82    0.00    0.00    0.00   60.28
09:05:17 PM    0    0.00    0.00    1.01    0.00    0.00   98.99    0.00    0.00    0.00    0.00
09:05:17 PM    1    0.00    0.00    1.00    0.00    0.00   65.00    0.00    0.00    0.00   34.00
09:05:17 PM    2    0.00    0.00    0.00    0.00    0.00    0.00    0.00    0.00    0.00  100.00
09:05:17 PM    3    0.00    0.00    3.09    0.00    0.00    2.06    0.00    0.00    0.00   94.85
09:05:17 PM    4    0.00    0.00   13.00    0.00    0.00    3.00    0.00    0.00    0.00   84.00
09:05:17 PM    5    0.00    0.00   15.69    0.00    0.98   12.75    0.00    0.00    0.00   70.59
09:05:17 PM    6    0.00    0.00   43.00    0.00    0.00   24.00    0.00    0.00    0.00   33.00
09:05:17 PM    7    0.00    0.00   17.00    0.00    0.00   17.00    0.00    0.00    0.00   66.00

09:05:17 PM  CPU    %usr   %nice    %sys %iowait    %irq   %soft  %steal  %guest  %gnice   %idle
09:05:18 PM  all    0.00    0.00   12.03    0.00    0.37   31.39    0.00    0.00    0.00   56.20
09:05:18 PM    0    0.00    0.00    0.00    0.00    0.99   99.01    0.00    0.00    0.00    0.00
09:05:18 PM    1    0.00    0.00    0.98    0.00    0.98   98.04    0.00    0.00    0.00    0.00
09:05:18 PM    2    0.00    0.00    0.00    0.00    0.00    0.00    0.00    0.00    0.00  100.00
09:05:18 PM    3    0.00    0.00   52.48    0.00    0.99   26.73    0.00    0.00    0.00   19.80
09:05:18 PM    4    0.00    0.00   27.00    0.00    0.00   13.00    0.00    0.00    0.00   60.00
09:05:18 PM    5    0.00    0.00    0.00    0.00    0.00    0.00    0.00    0.00    0.00  100.00
09:05:18 PM    6    0.00    0.00   16.00    0.00    0.00   13.00    0.00    0.00    0.00   71.00
09:05:18 PM    7    0.00    0.00    0.00    0.00    0.00    0.00    0.00    0.00    0.00  100.00

09:05:18 PM  CPU    %usr   %nice    %sys %iowait    %irq   %soft  %steal  %guest  %gnice   %idle
09:05:19 PM  all    0.00    0.00   11.54    0.00    0.00   21.83    0.00    0.00    0.00   66.62
09:05:19 PM    0    0.00    0.00    0.00    0.00    0.00   60.61    0.00    0.00    0.00   39.39
09:05:19 PM    1    0.00    0.00    0.00    0.00    0.00   73.74    0.00    0.00    0.00   26.26
09:05:19 PM    2    0.00    0.00   24.74    0.00    0.00   23.71    0.00    0.00    0.00   51.55
09:05:19 PM    3    0.00    0.00   42.16    0.00    0.00    4.90    0.00    0.00    0.00   52.94
09:05:19 PM    4    0.00    0.00   19.80    0.00    0.00    8.91    0.00    0.00    0.00   71.29
09:05:19 PM    5    0.00    0.00    0.00    0.00    0.00    0.00    0.00    0.00    0.00  100.00
09:05:19 PM    6    0.00    0.00    0.00    0.00    0.00    0.00    0.00    0.00    0.00  100.00
09:05:19 PM    7    0.00    0.00    5.05    0.00    0.00    4.04    0.00    0.00    0.00   90.91

09:05:19 PM  CPU    %usr   %nice    %sys %iowait    %irq   %soft  %steal  %guest  %gnice   %idle
09:05:20 PM  all    0.12    0.00   11.60    0.00    0.25   23.09    0.00    0.00    0.00   64.94
09:05:20 PM    0    0.99    0.00    1.98    0.00    0.00   70.30    0.00    0.00    0.00   26.73
09:05:20 PM    1    0.00    0.00    1.00    0.00    0.00   72.00    0.00    0.00    0.00   27.00
09:05:20 PM    2    0.00    0.00    5.83    0.00    0.97    5.83    0.00    0.00    0.00   87.38
09:05:20 PM    3    0.00    0.00    0.00    0.00    0.00    0.00    0.00    0.00    0.00  100.00
09:05:20 PM    4    0.00    0.00    0.00    0.00    0.00    0.00    0.00    0.00    0.00  100.00
09:05:20 PM    5    0.00    0.00   16.83    0.00    0.00   11.88    0.00    0.00    0.00   71.29
09:05:20 PM    6    0.00    0.00   38.00    0.00    0.00    5.00    0.00    0.00    0.00   57.00
09:05:20 PM    7    0.00    0.00   28.85    0.00    0.96   20.19    0.00    0.00    0.00   50.00

09:05:20 PM  CPU    %usr   %nice    %sys %iowait    %irq   %soft  %steal  %guest  %gnice   %idle
09:05:21 PM  all    0.00    0.00   11.96    0.00    0.38   31.36    0.00    0.00    0.00   56.30
09:05:21 PM    0    0.00    0.00    0.00    0.00    1.00   99.00    0.00    0.00    0.00    0.00
09:05:21 PM    1    0.00    0.00    0.99    0.00    0.99   90.10    0.00    0.00    0.00    7.92
09:05:21 PM    2    0.00    0.00    6.12    0.00    0.00    7.14    0.00    0.00    0.00   86.73
09:05:21 PM    3    0.00    0.00   31.25    0.00    0.00   23.96    0.00    0.00    0.00   44.79
09:05:21 PM    4    0.00    0.00    0.00    0.00    0.00    0.00    0.00    0.00    0.00  100.00
09:05:21 PM    5    0.00    0.00   23.23    0.00    0.00    9.09    0.00    0.00    0.00   67.68
09:05:21 PM    6    0.00    0.00   18.45    0.00    0.97    6.80    0.00    0.00    0.00   73.79
09:05:21 PM    7    0.00    0.00   16.49    0.00    0.00   13.40    0.00    0.00    0.00   70.10

Average:     CPU    %usr   %nice    %sys %iowait    %irq   %soft  %steal  %guest  %gnice   %idle
Average:     all    0.02    0.00   11.41    0.00    0.21   26.47    0.00    0.00    0.00   61.88
Average:       0    0.15    0.00    0.35    0.00    0.42   80.38    0.00    0.00    0.00   18.71
Average:       1    0.05    0.00    0.30    0.00    0.35   79.51    0.00    0.00    0.00   19.79
Average:       2    0.00    0.00   14.97    0.00    0.15    8.20    0.00    0.00    0.00   76.68
Average:       3    0.00    0.00   15.27    0.00    0.17    9.31    0.00    0.00    0.00   75.25
Average:       4    0.00    0.00   12.52    0.00    0.12    7.00    0.00    0.00    0.00   80.36
Average:       5    0.00    0.00   16.70    0.00    0.15    8.40    0.00    0.00    0.00   74.75
Average:       6    0.00    0.00   15.53    0.00    0.17    8.71    0.00    0.00    0.00   75.60
Average:       7    0.00    0.00   15.66    0.00    0.18   10.25    0.00    0.00    0.00   73.91
