Linux 7.2.0-rc1 (hp5) 	07/10/2026 	_x86_64_	(8 CPU)

08:57:50 AM  CPU    %usr   %nice    %sys %iowait    %irq   %soft  %steal  %guest  %gnice   %idle
08:57:51 AM  all    0.00    0.00   12.59    0.00    0.12   19.58    0.00    0.00    0.00   67.71
08:57:51 AM    0    0.00    0.00    0.00    0.00    0.00   58.00    0.00    0.00    0.00   42.00
08:57:51 AM    1    0.00    0.00    0.99    0.00    0.99   98.02    0.00    0.00    0.00    0.00
08:57:51 AM    2    0.00    0.00  100.00    0.00    0.00    0.00    0.00    0.00    0.00    0.00
08:57:51 AM    3    0.00    0.00    0.00    0.00    0.00    0.00    0.00    0.00    0.00  100.00
08:57:51 AM    4    0.00    0.00    0.00    0.00    0.00    0.00    0.00    0.00    0.00  100.00
08:57:51 AM    5    0.00    0.00    0.00    0.00    0.00    0.00    0.00    0.00    0.00  100.00
08:57:51 AM    6    0.00    0.00    0.00    0.00    0.00    0.00    0.00    0.00    0.00  100.00
08:57:51 AM    7    0.00    0.00    0.00    0.00    0.00    0.00    0.00    0.00    0.00  100.00

08:57:51 AM  CPU    %usr   %nice    %sys %iowait    %irq   %soft  %steal  %guest  %gnice   %idle
08:57:52 AM  all    0.00    0.00   12.50    0.00    0.12   17.75    0.00    0.00    0.00   69.62
08:57:52 AM    0    0.00    0.00    0.00    0.00    1.00   71.00    0.00    0.00    0.00   28.00
08:57:52 AM    1    0.00    0.00    0.00    0.00    0.00   71.00    0.00    0.00    0.00   29.00
08:57:52 AM    2    0.00    0.00  100.00    0.00    0.00    0.00    0.00    0.00    0.00    0.00
08:57:52 AM    3    0.00    0.00    0.00    0.00    0.00    0.00    0.00    0.00    0.00  100.00
08:57:52 AM    4    0.00    0.00    0.00    0.00    0.00    0.00    0.00    0.00    0.00  100.00
08:57:52 AM    5    0.00    0.00    0.00    0.00    0.00    0.00    0.00    0.00    0.00  100.00
08:57:52 AM    6    0.00    0.00    0.00    0.00    0.00    0.00    0.00    0.00    0.00  100.00
08:57:52 AM    7    0.00    0.00    0.00    0.00    0.00    0.00    0.00    0.00    0.00  100.00

08:57:52 AM  CPU    %usr   %nice    %sys %iowait    %irq   %soft  %steal  %guest  %gnice   %idle
08:57:53 AM  all    0.00    0.00   12.50    0.00    0.00   22.75    0.00    0.00    0.00   64.75
08:57:53 AM    0    0.00    0.00    0.00    0.00    0.00   94.95    0.00    0.00    0.00    5.05
08:57:53 AM    1    0.00    0.00    0.00    0.00    0.00   87.13    0.00    0.00    0.00   12.87
08:57:53 AM    2    0.00    0.00  100.00    0.00    0.00    0.00    0.00    0.00    0.00    0.00
08:57:53 AM    3    0.00    0.00    0.00    0.00    0.00    0.00    0.00    0.00    0.00  100.00
08:57:53 AM    4    0.00    0.00    0.00    0.00    0.00    0.00    0.00    0.00    0.00  100.00
08:57:53 AM    5    0.00    0.00    0.00    0.00    0.00    0.00    0.00    0.00    0.00  100.00
08:57:53 AM    6    0.00    0.00    0.00    0.00    0.00    0.00    0.00    0.00    0.00  100.00
08:57:53 AM    7    0.00    0.00    0.00    0.00    0.00    0.00    0.00    0.00    0.00  100.00

08:57:53 AM  CPU    %usr   %nice    %sys %iowait    %irq   %soft  %steal  %guest  %gnice   %idle
08:57:54 AM  all    0.12    0.00   12.70    0.00    0.00   15.32    0.00    0.00    0.00   71.86
08:57:54 AM    0    0.98    0.00    1.96    0.00    0.00   50.00    0.00    0.00    0.00   47.06
08:57:54 AM    1    0.00    0.00    0.00    0.00    0.00   71.29    0.00    0.00    0.00   28.71
08:57:54 AM    2    0.00    0.00  100.00    0.00    0.00    0.00    0.00    0.00    0.00    0.00
08:57:54 AM    3    0.00    0.00    0.00    0.00    0.00    0.00    0.00    0.00    0.00  100.00
08:57:54 AM    4    0.00    0.00    0.00    0.00    0.00    0.00    0.00    0.00    0.00  100.00
08:57:54 AM    5    0.00    0.00    0.00    0.00    0.00    0.00    0.00    0.00    0.00  100.00
08:57:54 AM    6    0.00    0.00    0.00    0.00    0.00    0.00    0.00    0.00    0.00  100.00
08:57:54 AM    7    0.00    0.00    0.00    0.00    0.00    0.00    0.00    0.00    0.00  100.00

08:57:54 AM  CPU    %usr   %nice    %sys %iowait    %irq   %soft  %steal  %guest  %gnice   %idle
08:57:55 AM  all    0.00    0.00   12.50    0.00    0.25   22.38    0.00    0.00    0.00   64.88
08:57:55 AM    0    0.00    0.00    0.00    0.00    1.00   89.00    0.00    0.00    0.00   10.00
08:57:55 AM    1    0.00    0.00    0.00    0.00    1.00   90.00    0.00    0.00    0.00    9.00
08:57:55 AM    2    0.00    0.00  100.00    0.00    0.00    0.00    0.00    0.00    0.00    0.00
08:57:55 AM    3    0.00    0.00    0.00    0.00    0.00    0.00    0.00    0.00    0.00  100.00
08:57:55 AM    4    0.00    0.00    0.00    0.00    0.00    0.00    0.00    0.00    0.00  100.00
08:57:55 AM    5    0.00    0.00    0.00    0.00    0.00    0.00    0.00    0.00    0.00  100.00
08:57:55 AM    6    0.00    0.00    0.00    0.00    0.00    0.00    0.00    0.00    0.00  100.00
08:57:55 AM    7    0.00    0.00    0.00    0.00    0.00    0.00    0.00    0.00    0.00  100.00

08:57:55 AM  CPU    %usr   %nice    %sys %iowait    %irq   %soft  %steal  %guest  %gnice   %idle
08:57:56 AM  all    0.00    0.00   12.50    0.12    0.00   18.75    0.00    0.00    0.00   68.62
08:57:56 AM    0    0.00    0.00    0.00    0.00    0.00   70.00    0.00    0.00    0.00   30.00
08:57:56 AM    1    0.00    0.00    0.00    1.00    0.00   80.00    0.00    0.00    0.00   19.00
08:57:56 AM    2    0.00    0.00  100.00    0.00    0.00    0.00    0.00    0.00    0.00    0.00
08:57:56 AM    3    0.00    0.00    0.00    0.00    0.00    0.00    0.00    0.00    0.00  100.00
08:57:56 AM    4    0.00    0.00    0.00    0.00    0.00    0.00    0.00    0.00    0.00  100.00
08:57:56 AM    5    0.00    0.00    0.00    0.00    0.00    0.00    0.00    0.00    0.00  100.00
08:57:56 AM    6    0.00    0.00    0.00    0.00    0.00    0.00    0.00    0.00    0.00  100.00
08:57:56 AM    7    0.00    0.00    0.00    0.00    0.00    0.00    0.00    0.00    0.00  100.00

08:57:56 AM  CPU    %usr   %nice    %sys %iowait    %irq   %soft  %steal  %guest  %gnice   %idle
08:57:57 AM  all    0.00    0.00   12.52    0.00    0.00   17.27    0.00    0.00    0.00   70.21
08:57:57 AM    0    0.00    0.00    0.00    0.00    0.00   38.38    0.00    0.00    0.00   61.62
08:57:57 AM    1    0.00    0.00    0.00    0.00    0.00  100.00    0.00    0.00    0.00    0.00
08:57:57 AM    2    0.00    0.00  100.00    0.00    0.00    0.00    0.00    0.00    0.00    0.00
08:57:57 AM    3    0.00    0.00    0.00    0.00    0.00    0.00    0.00    0.00    0.00  100.00
08:57:57 AM    4    0.00    0.00    0.00    0.00    0.00    0.00    0.00    0.00    0.00  100.00
08:57:57 AM    5    0.00    0.00    0.00    0.00    0.00    0.00    0.00    0.00    0.00  100.00
08:57:57 AM    6    0.00    0.00    0.00    0.00    0.00    0.00    0.00    0.00    0.00  100.00
08:57:57 AM    7    0.00    0.00    0.00    0.00    0.00    0.00    0.00    0.00    0.00  100.00

08:57:57 AM  CPU    %usr   %nice    %sys %iowait    %irq   %soft  %steal  %guest  %gnice   %idle
08:57:58 AM  all    0.12    0.00   12.61    0.00    0.12   17.98    0.00    0.00    0.00   69.16
08:57:58 AM    0    0.99    0.00    0.99    0.00    0.99   43.56    0.00    0.00    0.00   53.47
08:57:58 AM    1    0.00    0.00    0.00    0.00    0.00  100.00    0.00    0.00    0.00    0.00
08:57:58 AM    2    0.00    0.00  100.00    0.00    0.00    0.00    0.00    0.00    0.00    0.00
08:57:58 AM    3    0.00    0.00    0.00    0.00    0.00    0.00    0.00    0.00    0.00  100.00
08:57:58 AM    4    0.00    0.00    0.00    0.00    0.00    0.00    0.00    0.00    0.00  100.00
08:57:58 AM    5    0.00    0.00    0.00    0.00    0.00    0.00    0.00    0.00    0.00  100.00
08:57:58 AM    6    0.00    0.00    0.00    0.00    0.00    0.00    0.00    0.00    0.00  100.00
08:57:58 AM    7    0.00    0.00    0.00    0.00    0.00    0.00    0.00    0.00    0.00  100.00

08:57:58 AM  CPU    %usr   %nice    %sys %iowait    %irq   %soft  %steal  %guest  %gnice   %idle
08:57:59 AM  all    0.00    0.00   12.52    0.00    0.13   20.15    0.00    0.00    0.00   67.21
08:57:59 AM    0    0.00    0.00    0.00    0.00    0.00   62.63    0.00    0.00    0.00   37.37
08:57:59 AM    1    0.00    0.00    0.00    0.00    1.00   99.00    0.00    0.00    0.00    0.00
08:57:59 AM    2    0.00    0.00  100.00    0.00    0.00    0.00    0.00    0.00    0.00    0.00
08:57:59 AM    3    0.00    0.00    0.00    0.00    0.00    0.00    0.00    0.00    0.00  100.00
08:57:59 AM    4    0.00    0.00    0.00    0.00    0.00    0.00    0.00    0.00    0.00  100.00
08:57:59 AM    5    0.00    0.00    0.00    0.00    0.00    0.00    0.00    0.00    0.00  100.00
08:57:59 AM    6    0.00    0.00    0.00    0.00    0.00    0.00    0.00    0.00    0.00  100.00
08:57:59 AM    7    0.00    0.00    0.00    0.00    0.00    0.00    0.00    0.00    0.00  100.00

08:57:59 AM  CPU    %usr   %nice    %sys %iowait    %irq   %soft  %steal  %guest  %gnice   %idle
08:58:00 AM  all    0.00    0.00   12.47    0.00    0.00   16.71    0.00    0.00    0.00   70.82
08:58:00 AM    0    0.00    0.00    0.00    0.00    0.00   60.40    0.00    0.00    0.00   39.60
08:58:00 AM    1    0.00    0.00    0.00    0.00    0.00   73.00    0.00    0.00    0.00   27.00
08:58:00 AM    2    0.00    0.00  100.00    0.00    0.00    0.00    0.00    0.00    0.00    0.00
08:58:00 AM    3    0.00    0.00    0.00    0.00    0.00    0.00    0.00    0.00    0.00  100.00
08:58:00 AM    4    0.00    0.00    0.00    0.00    0.00    0.00    0.00    0.00    0.00  100.00
08:58:00 AM    5    0.00    0.00    0.00    0.00    0.00    0.00    0.00    0.00    0.00  100.00
08:58:00 AM    6    0.00    0.00    0.00    0.00    0.00    0.00    0.00    0.00    0.00  100.00
08:58:00 AM    7    0.00    0.00    0.00    0.00    0.00    0.00    0.00    0.00    0.00  100.00

08:58:00 AM  CPU    %usr   %nice    %sys %iowait    %irq   %soft  %steal  %guest  %gnice   %idle
08:58:01 AM  all    0.00    0.00   12.47    0.00    0.12   20.70    0.00    0.00    0.00   66.71
08:58:01 AM    0    0.00    0.00    0.00    0.00    1.00   99.00    0.00    0.00    0.00    0.00
08:58:01 AM    1    0.00    0.00    0.00    0.00    0.00   67.00    0.00    0.00    0.00   33.00
08:58:01 AM    2    0.00    0.00  100.00    0.00    0.00    0.00    0.00    0.00    0.00    0.00
08:58:01 AM    3    0.00    0.00    0.00    0.00    0.00    0.00    0.00    0.00    0.00  100.00
08:58:01 AM    4    0.00    0.00    0.00    0.00    0.00    0.00    0.00    0.00    0.00  100.00
08:58:01 AM    5    0.00    0.00    0.00    0.00    0.00    0.00    0.00    0.00    0.00  100.00
08:58:01 AM    6    0.00    0.00    0.00    0.00    0.00    0.00    0.00    0.00    0.00  100.00
08:58:01 AM    7    0.00    0.00    0.00    0.00    0.00    0.00    0.00    0.00    0.00  100.00

08:58:01 AM  CPU    %usr   %nice    %sys %iowait    %irq   %soft  %steal  %guest  %gnice   %idle
08:58:02 AM  all    0.00    0.00   12.58    0.00    0.00   16.56    0.00    0.00    0.00   70.86
08:58:02 AM    0    0.00    0.00    0.00    0.00    0.00   74.00    0.00    0.00    0.00   26.00
08:58:02 AM    1    0.00    0.00    0.00    0.00    0.00   59.00    0.00    0.00    0.00   41.00
08:58:02 AM    2    0.00    0.00  100.00    0.00    0.00    0.00    0.00    0.00    0.00    0.00
08:58:02 AM    3    0.00    0.00    0.00    0.00    0.00    0.00    0.00    0.00    0.00  100.00
08:58:02 AM    4    0.00    0.00    0.00    0.00    0.00    0.00    0.00    0.00    0.00  100.00
08:58:02 AM    5    0.00    0.00    0.00    0.00    0.00    0.00    0.00    0.00    0.00  100.00
08:58:02 AM    6    0.00    0.00    0.00    0.00    0.00    0.00    0.00    0.00    0.00  100.00
08:58:02 AM    7    0.00    0.00    0.00    0.00    0.00    0.00    0.00    0.00    0.00  100.00

08:58:02 AM  CPU    %usr   %nice    %sys %iowait    %irq   %soft  %steal  %guest  %gnice   %idle
08:58:03 AM  all    0.00    0.00   12.48    0.00    0.12   20.72    0.00    0.00    0.00   66.67
08:58:03 AM    0    0.00    0.00    0.00    0.00    0.00   94.00    0.00    0.00    0.00    6.00
08:58:03 AM    1    0.00    0.00    0.00    0.00    0.99   71.29    0.00    0.00    0.00   27.72
08:58:03 AM    2    0.00    0.00  100.00    0.00    0.00    0.00    0.00    0.00    0.00    0.00
08:58:03 AM    3    0.00    0.00    0.00    0.00    0.00    0.00    0.00    0.00    0.00  100.00
08:58:03 AM    4    0.00    0.00    0.00    0.00    0.00    0.00    0.00    0.00    0.00  100.00
08:58:03 AM    5    0.00    0.00    0.00    0.00    0.00    0.00    0.00    0.00    0.00  100.00
08:58:03 AM    6    0.00    0.00    0.00    0.00    0.00    0.00    0.00    0.00    0.00  100.00
08:58:03 AM    7    0.00    0.00    0.00    0.00    0.00    0.00    0.00    0.00    0.00  100.00

08:58:03 AM  CPU    %usr   %nice    %sys %iowait    %irq   %soft  %steal  %guest  %gnice   %idle
08:58:04 AM  all    0.00    0.00   12.47    0.00    0.12   21.07    0.00    0.00    0.00   66.33
08:58:04 AM    0    0.00    0.00    0.00    0.00    0.99   69.31    0.00    0.00    0.00   29.70
08:58:04 AM    1    0.00    0.00    0.00    0.00    0.00   98.02    0.00    0.00    0.00    1.98
08:58:04 AM    2    0.00    0.00  100.00    0.00    0.00    0.00    0.00    0.00    0.00    0.00
08:58:04 AM    3    0.00    0.00    0.00    0.00    0.00    0.00    0.00    0.00    0.00  100.00
08:58:04 AM    4    0.00    0.00    0.00    0.00    0.00    0.00    0.00    0.00    0.00  100.00
08:58:04 AM    5    0.00    0.00    0.00    0.00    0.00    0.00    0.00    0.00    0.00  100.00
08:58:04 AM    6    0.00    0.00    0.00    0.00    0.00    0.00    0.00    0.00    0.00  100.00
08:58:04 AM    7    0.00    0.00    0.00    0.00    0.00    0.00    0.00    0.00    0.00  100.00

08:58:04 AM  CPU    %usr   %nice    %sys %iowait    %irq   %soft  %steal  %guest  %gnice   %idle
08:58:05 AM  all    0.00    0.00   12.58    0.00    0.00   18.18    0.00    0.00    0.00   69.24
08:58:05 AM    0    0.00    0.00    0.00    0.00    0.00   47.00    0.00    0.00    0.00   53.00
08:58:05 AM    1    0.00    0.00    1.00    0.00    0.00   99.00    0.00    0.00    0.00    0.00
08:58:05 AM    2    0.00    0.00  100.00    0.00    0.00    0.00    0.00    0.00    0.00    0.00
08:58:05 AM    3    0.00    0.00    0.00    0.00    0.00    0.00    0.00    0.00    0.00  100.00
08:58:05 AM    4    0.00    0.00    0.00    0.00    0.00    0.00    0.00    0.00    0.00  100.00
08:58:05 AM    5    0.00    0.00    0.00    0.00    0.00    0.00    0.00    0.00    0.00  100.00
08:58:05 AM    6    0.00    0.00    0.00    0.00    0.00    0.00    0.00    0.00    0.00  100.00
08:58:05 AM    7    0.00    0.00    0.00    0.00    0.00    0.00    0.00    0.00    0.00  100.00

08:58:05 AM  CPU    %usr   %nice    %sys %iowait    %irq   %soft  %steal  %guest  %gnice   %idle
08:58:06 AM  all    0.00    0.00   12.58    0.00    0.00   16.31    0.00    0.00    0.00   71.11
08:58:06 AM    0    0.00    0.00    0.00    0.00    0.00  100.00    0.00    0.00    0.00    0.00
08:58:06 AM    1    0.00    0.00    0.00    0.00    0.00   31.00    0.00    0.00    0.00   69.00
08:58:06 AM    2    0.00    0.00  100.00    0.00    0.00    0.00    0.00    0.00    0.00    0.00
08:58:06 AM    3    0.00    0.00    0.00    0.00    0.00    0.00    0.00    0.00    0.00  100.00
08:58:06 AM    4    0.00    0.00    0.00    0.00    0.00    0.00    0.00    0.00    0.00  100.00
08:58:06 AM    5    0.00    0.00    0.00    0.00    0.00    0.00    0.00    0.00    0.00  100.00
08:58:06 AM    6    0.00    0.00    0.00    0.00    0.00    0.00    0.00    0.00    0.00  100.00
08:58:06 AM    7    0.00    0.00    0.00    0.00    0.00    0.00    0.00    0.00    0.00  100.00

08:58:06 AM  CPU    %usr   %nice    %sys %iowait    %irq   %soft  %steal  %guest  %gnice   %idle
08:58:07 AM  all    0.00    0.00   12.86    0.37    0.25   19.73    0.00    0.00    0.00   66.79
08:58:07 AM    0    0.00    0.00    1.98    2.97    0.99   60.40    0.00    0.00    0.00   33.66
08:58:07 AM    1    0.00    0.00    1.00    0.00    1.00   97.00    0.00    0.00    0.00    1.00
08:58:07 AM    2    0.00    0.00  100.00    0.00    0.00    0.00    0.00    0.00    0.00    0.00
08:58:07 AM    3    0.00    0.00    0.00    0.00    0.00    0.00    0.00    0.00    0.00  100.00
08:58:07 AM    4    0.00    0.00    0.00    0.00    0.00    0.00    0.00    0.00    0.00  100.00
08:58:07 AM    5    0.00    0.00    0.00    0.00    0.00    0.00    0.00    0.00    0.00  100.00
08:58:07 AM    6    0.00    0.00    0.00    0.00    0.00    0.00    0.00    0.00    0.00  100.00
08:58:07 AM    7    0.00    0.00    0.00    0.00    0.00    0.00    0.00    0.00    0.00  100.00

08:58:07 AM  CPU    %usr   %nice    %sys %iowait    %irq   %soft  %steal  %guest  %gnice   %idle
08:58:08 AM  all    0.00    0.00   12.50    0.00    0.00   20.38    0.00    0.00    0.00   67.12
08:58:08 AM    0    0.00    0.00    0.00    0.00    0.00   63.00    0.00    0.00    0.00   37.00
08:58:08 AM    1    0.00    0.00    0.00    0.00    0.00  100.00    0.00    0.00    0.00    0.00
08:58:08 AM    2    0.00    0.00  100.00    0.00    0.00    0.00    0.00    0.00    0.00    0.00
08:58:08 AM    3    0.00    0.00    0.00    0.00    0.00    0.00    0.00    0.00    0.00  100.00
08:58:08 AM    4    0.00    0.00    0.00    0.00    0.00    0.00    0.00    0.00    0.00  100.00
08:58:08 AM    5    0.00    0.00    0.00    0.00    0.00    0.00    0.00    0.00    0.00  100.00
08:58:08 AM    6    0.00    0.00    0.00    0.00    0.00    0.00    0.00    0.00    0.00  100.00
08:58:08 AM    7    0.00    0.00    0.00    0.00    0.00    0.00    0.00    0.00    0.00  100.00

08:58:08 AM  CPU    %usr   %nice    %sys %iowait    %irq   %soft  %steal  %guest  %gnice   %idle
08:58:09 AM  all    0.00    0.00   12.48    0.00    0.00   16.10    0.00    0.00    0.00   71.41
08:58:09 AM    0    0.00    0.00    0.00    0.00    0.00   59.00    0.00    0.00    0.00   41.00
08:58:09 AM    1    0.00    0.00    0.00    0.00    0.00   70.00    0.00    0.00    0.00   30.00
08:58:09 AM    2    0.00    0.00  100.00    0.00    0.00    0.00    0.00    0.00    0.00    0.00
08:58:09 AM    3    0.00    0.00    0.00    0.00    0.00    0.00    0.00    0.00    0.00  100.00
08:58:09 AM    4    0.00    0.00    0.00    0.00    0.00    0.00    0.00    0.00    0.00  100.00
08:58:09 AM    5    0.00    0.00    0.00    0.00    0.00    0.00    0.00    0.00    0.00  100.00
08:58:09 AM    6    0.00    0.00    0.00    0.00    0.00    0.00    0.00    0.00    0.00  100.00
08:58:09 AM    7    0.00    0.00    0.00    0.00    0.00    0.00    0.00    0.00    0.00  100.00

08:58:09 AM  CPU    %usr   %nice    %sys %iowait    %irq   %soft  %steal  %guest  %gnice   %idle
08:58:10 AM  all    0.00    0.00   12.78    0.00    0.13   24.19    0.00    0.00    0.00   62.91
08:58:10 AM    0    0.00    0.00    1.01    0.00    1.01   97.98    0.00    0.00    0.00    0.00
08:58:10 AM    1    0.00    0.00    1.01    0.00    0.00   95.96    0.00    0.00    0.00    3.03
08:58:10 AM    2    0.00    0.00  100.00    0.00    0.00    0.00    0.00    0.00    0.00    0.00
08:58:10 AM    3    0.00    0.00    0.00    0.00    0.00    0.99    0.00    0.00    0.00   99.01
08:58:10 AM    4    0.00    0.00    0.00    0.00    0.00    0.00    0.00    0.00    0.00  100.00
08:58:10 AM    5    0.00    0.00    0.00    0.00    0.00    0.00    0.00    0.00    0.00  100.00
08:58:10 AM    6    0.00    0.00    0.00    0.00    0.00    0.00    0.00    0.00    0.00  100.00
08:58:10 AM    7    0.00    0.00    0.00    0.00    0.00    0.00    0.00    0.00    0.00  100.00

08:58:10 AM  CPU    %usr   %nice    %sys %iowait    %irq   %soft  %steal  %guest  %gnice   %idle
08:58:11 AM  all    0.00    0.00   12.48    0.00    0.12   17.43    0.00    0.00    0.00   69.96
08:58:11 AM    0    0.00    0.00    0.00    0.00    0.00   68.32    0.00    0.00    0.00   31.68
08:58:11 AM    1    0.00    0.00    0.00    0.00    0.98   70.59    0.00    0.00    0.00   28.43
08:58:11 AM    2    0.00    0.00  100.00    0.00    0.00    0.00    0.00    0.00    0.00    0.00
08:58:11 AM    3    0.00    0.00    0.00    0.00    0.00    0.00    0.00    0.00    0.00  100.00
08:58:11 AM    4    0.00    0.00    0.00    0.00    0.00    0.00    0.00    0.00    0.00  100.00
08:58:11 AM    5    0.00    0.00    0.00    0.00    0.00    0.00    0.00    0.00    0.00  100.00
08:58:11 AM    6    0.00    0.00    0.00    0.00    0.00    0.00    0.00    0.00    0.00  100.00
08:58:11 AM    7    0.00    0.00    0.00    0.00    0.00    0.00    0.00    0.00    0.00  100.00

08:58:11 AM  CPU    %usr   %nice    %sys %iowait    %irq   %soft  %steal  %guest  %gnice   %idle
08:58:12 AM  all    0.12    0.00   12.50    0.00    0.00   19.88    0.00    0.00    0.00   67.50
08:58:12 AM    0    0.00    0.00    0.00    0.00    0.00  100.00    0.00    0.00    0.00    0.00
08:58:12 AM    1    1.00    0.00    0.00    0.00    0.00   59.00    0.00    0.00    0.00   40.00
08:58:12 AM    2    0.00    0.00  100.00    0.00    0.00    0.00    0.00    0.00    0.00    0.00
08:58:12 AM    3    0.00    0.00    0.00    0.00    0.00    0.00    0.00    0.00    0.00  100.00
08:58:12 AM    4    0.00    0.00    0.00    0.00    0.00    0.00    0.00    0.00    0.00  100.00
08:58:12 AM    5    0.00    0.00    0.00    0.00    0.00    0.00    0.00    0.00    0.00  100.00
08:58:12 AM    6    0.00    0.00    0.00    0.00    0.00    0.00    0.00    0.00    0.00  100.00
08:58:12 AM    7    0.00    0.00    0.00    0.00    0.00    0.00    0.00    0.00    0.00  100.00

08:58:12 AM  CPU    %usr   %nice    %sys %iowait    %irq   %soft  %steal  %guest  %gnice   %idle
08:58:13 AM  all    0.00    0.00   12.59    0.00    0.00   19.95    0.00    0.00    0.00   67.46
08:58:13 AM    0    0.00    0.00    0.00    0.00    0.00   69.00    0.00    0.00    0.00   31.00
08:58:13 AM    1    0.00    0.00    0.98    0.00    0.00   89.22    0.00    0.00    0.00    9.80
08:58:13 AM    2    0.00    0.00  100.00    0.00    0.00    0.00    0.00    0.00    0.00    0.00
08:58:13 AM    3    0.00    0.00    0.00    0.00    0.00    0.00    0.00    0.00    0.00  100.00
08:58:13 AM    4    0.00    0.00    0.00    0.00    0.00    0.00    0.00    0.00    0.00  100.00
08:58:13 AM    5    0.00    0.00    0.00    0.00    0.00    0.00    0.00    0.00    0.00  100.00
08:58:13 AM    6    0.00    0.00    0.00    0.00    0.00    0.00    0.00    0.00    0.00  100.00
08:58:13 AM    7    0.00    0.00    0.00    0.00    0.00    0.00    0.00    0.00    0.00  100.00

08:58:13 AM  CPU    %usr   %nice    %sys %iowait    %irq   %soft  %steal  %guest  %gnice   %idle
08:58:14 AM  all    0.00    0.00   12.64    0.00    0.13   17.02    0.00    0.00    0.00   70.21
08:58:14 AM    0    0.00    0.00    1.00    0.00    1.00   67.00    0.00    0.00    0.00   31.00
08:58:14 AM    1    0.00    0.00    0.00    0.00    0.00   69.70    0.00    0.00    0.00   30.30
08:58:14 AM    2    0.00    0.00  100.00    0.00    0.00    0.00    0.00    0.00    0.00    0.00
08:58:14 AM    3    0.00    0.00    0.00    0.00    0.00    0.00    0.00    0.00    0.00  100.00
08:58:14 AM    4    0.00    0.00    0.00    0.00    0.00    0.00    0.00    0.00    0.00  100.00
08:58:14 AM    5    0.00    0.00    0.00    0.00    0.00    0.00    0.00    0.00    0.00  100.00
08:58:14 AM    6    0.00    0.00    0.00    0.00    0.00    0.00    0.00    0.00    0.00  100.00
08:58:14 AM    7    0.00    0.00    0.00    0.00    0.00    0.00    0.00    0.00    0.00  100.00

08:58:14 AM  CPU    %usr   %nice    %sys %iowait    %irq   %soft  %steal  %guest  %gnice   %idle
08:58:15 AM  all    0.00    0.00   12.47    0.00    0.12   16.71    0.00    0.00    0.00   70.70
08:58:15 AM    0    0.00    0.00    0.00    0.00    0.00   63.00    0.00    0.00    0.00   37.00
08:58:15 AM    1    0.00    0.00    0.00    0.00    0.98   69.61    0.00    0.00    0.00   29.41
08:58:15 AM    2    0.00    0.00  100.00    0.00    0.00    0.00    0.00    0.00    0.00    0.00
08:58:15 AM    3    0.00    0.00    0.00    0.00    0.00    0.00    0.00    0.00    0.00  100.00
08:58:15 AM    4    0.00    0.00    0.00    0.00    0.00    0.00    0.00    0.00    0.00  100.00
08:58:15 AM    5    0.00    0.00    0.00    0.00    0.00    0.00    0.00    0.00    0.00  100.00
08:58:15 AM    6    0.00    0.00    0.00    0.00    0.00    0.00    0.00    0.00    0.00  100.00
08:58:15 AM    7    0.00    0.00    0.00    0.00    0.00    0.00    0.00    0.00    0.00  100.00

08:58:15 AM  CPU    %usr   %nice    %sys %iowait    %irq   %soft  %steal  %guest  %gnice   %idle
08:58:16 AM  all    0.12    0.00   12.62    0.00    0.00   19.88    0.00    0.00    0.00   67.38
08:58:16 AM    0    0.00    0.00    0.00    0.00    0.00  100.00    0.00    0.00    0.00    0.00
08:58:16 AM    1    1.01    0.00    1.01    0.00    0.00   59.60    0.00    0.00    0.00   38.38
08:58:16 AM    2    0.00    0.00  100.00    0.00    0.00    0.00    0.00    0.00    0.00    0.00
08:58:16 AM    3    0.00    0.00    0.00    0.00    0.00    0.00    0.00    0.00    0.00  100.00
08:58:16 AM    4    0.00    0.00    0.00    0.00    0.00    0.00    0.00    0.00    0.00  100.00
08:58:16 AM    5    0.00    0.00    0.00    0.00    0.00    0.00    0.00    0.00    0.00  100.00
08:58:16 AM    6    0.00    0.00    0.00    0.00    0.00    0.00    0.00    0.00    0.00  100.00
08:58:16 AM    7    0.00    0.00    0.00    0.00    0.00    0.00    0.00    0.00    0.00  100.00

08:58:16 AM  CPU    %usr   %nice    %sys %iowait    %irq   %soft  %steal  %guest  %gnice   %idle
08:58:17 AM  all    0.00    0.00   12.53    0.00    0.12   16.38    0.00    0.00    0.00   70.97
08:58:17 AM    0    0.00    0.00    0.00    0.00    0.99   31.68    0.00    0.00    0.00   67.33
08:58:17 AM    1    0.00    0.00    0.00    0.00    0.00  100.00    0.00    0.00    0.00    0.00
08:58:17 AM    2    0.00    0.00  100.00    0.00    0.00    0.00    0.00    0.00    0.00    0.00
08:58:17 AM    3    0.00    0.00    0.00    0.00    0.00    0.00    0.00    0.00    0.00  100.00
08:58:17 AM    4    0.00    0.00    0.00    0.00    0.00    0.00    0.00    0.00    0.00  100.00
08:58:17 AM    5    0.00    0.00    0.00    0.00    0.00    0.00    0.00    0.00    0.00  100.00
08:58:17 AM    6    0.00    0.00    0.00    0.00    0.00    0.00    0.00    0.00    0.00  100.00
08:58:17 AM    7    0.00    0.00    0.00    0.00    0.00    0.00    0.00    0.00    0.00  100.00

08:58:17 AM  CPU    %usr   %nice    %sys %iowait    %irq   %soft  %steal  %guest  %gnice   %idle
08:58:18 AM  all    0.00    0.00   12.48    0.25    0.12   19.73    0.00    0.00    0.00   67.42
08:58:18 AM    0    0.00    0.00    0.00    2.00    0.00   58.00    0.00    0.00    0.00   40.00
08:58:18 AM    1    0.00    0.00    0.00    0.00    0.99   99.01    0.00    0.00    0.00    0.00
08:58:18 AM    2    0.00    0.00  100.00    0.00    0.00    0.00    0.00    0.00    0.00    0.00
08:58:18 AM    3    0.00    0.00    0.00    0.00    0.00    0.00    0.00    0.00    0.00  100.00
08:58:18 AM    4    0.00    0.00    0.00    0.00    0.00    0.00    0.00    0.00    0.00  100.00
08:58:18 AM    5    0.00    0.00    0.00    0.00    0.00    0.00    0.00    0.00    0.00  100.00
08:58:18 AM    6    0.00    0.00    0.00    0.00    0.00    0.00    0.00    0.00    0.00  100.00
08:58:18 AM    7    0.00    0.00    0.00    0.00    0.00    0.00    0.00    0.00    0.00  100.00

08:58:18 AM  CPU    %usr   %nice    %sys %iowait    %irq   %soft  %steal  %guest  %gnice   %idle
08:58:19 AM  all    0.12    0.00   12.88    0.00    0.00   20.25    0.00    0.00    0.00   66.75
08:58:19 AM    0    1.00    0.00    2.00    0.00    0.00   95.00    0.00    0.00    0.00    2.00
08:58:19 AM    1    0.00    0.00    1.00    0.00    0.00   67.00    0.00    0.00    0.00   32.00
08:58:19 AM    2    0.00    0.00  100.00    0.00    0.00    0.00    0.00    0.00    0.00    0.00
08:58:19 AM    3    0.00    0.00    0.00    0.00    0.00    0.00    0.00    0.00    0.00  100.00
08:58:19 AM    4    0.00    0.00    0.00    0.00    0.00    0.00    0.00    0.00    0.00  100.00
08:58:19 AM    5    0.00    0.00    0.00    0.00    0.00    0.00    0.00    0.00    0.00  100.00
08:58:19 AM    6    0.00    0.00    0.00    0.00    0.00    0.00    0.00    0.00    0.00  100.00
08:58:19 AM    7    0.00    0.00    0.00    0.00    0.00    0.00    0.00    0.00    0.00  100.00

08:58:19 AM  CPU    %usr   %nice    %sys %iowait    %irq   %soft  %steal  %guest  %gnice   %idle
08:58:20 AM  all    0.00    0.00   12.50    0.00    0.12   21.75    0.00    0.00    0.00   65.62
08:58:20 AM    0    0.00    0.00    0.00    0.00    0.99   96.04    0.00    0.00    0.00    2.97
08:58:20 AM    1    0.00    0.00    0.00    0.00    0.00   77.78    0.00    0.00    0.00   22.22
08:58:20 AM    2    0.00    0.00  100.00    0.00    0.00    0.00    0.00    0.00    0.00    0.00
08:58:20 AM    3    0.00    0.00    0.00    0.00    0.00    0.00    0.00    0.00    0.00  100.00
08:58:20 AM    4    0.00    0.00    0.00    0.00    0.00    0.00    0.00    0.00    0.00  100.00
08:58:20 AM    5    0.00    0.00    0.00    0.00    0.00    0.00    0.00    0.00    0.00  100.00
08:58:20 AM    6    0.00    0.00    0.00    0.00    0.00    0.00    0.00    0.00    0.00  100.00
08:58:20 AM    7    0.00    0.00    0.00    0.00    0.00    0.00    0.00    0.00    0.00  100.00

Average:     CPU    %usr   %nice    %sys %iowait    %irq   %soft  %steal  %guest  %gnice   %idle
Average:     all    0.02    0.00   12.56    0.02    0.07   19.05    0.00    0.00    0.00   68.27
Average:       0    0.10    0.00    0.30    0.17    0.33   71.61    0.00    0.00    0.00   27.49
Average:       1    0.07    0.00    0.23    0.03    0.27   80.65    0.00    0.00    0.00   18.75
Average:       2    0.00    0.00  100.00    0.00    0.00    0.00    0.00    0.00    0.00    0.00
Average:       3    0.00    0.00    0.00    0.00    0.00    0.03    0.00    0.00    0.00   99.97
Average:       4    0.00    0.00    0.00    0.00    0.00    0.00    0.00    0.00    0.00  100.00
Average:       5    0.00    0.00    0.00    0.00    0.00    0.00    0.00    0.00    0.00  100.00
Average:       6    0.00    0.00    0.00    0.00    0.00    0.00    0.00    0.00    0.00  100.00
Average:       7    0.00    0.00    0.00    0.00    0.00    0.00    0.00    0.00    0.00  100.00
