Linux 6.12.87 (pi5-2) 	06/20/2026 	_aarch64_	(4 CPU)

02:02:07 AM  CPU    %usr   %nice    %sys %iowait    %irq   %soft  %steal  %guest  %gnice   %idle
02:02:08 AM  all    0.25    0.00    0.00    0.00    0.50   25.88    0.00    0.00    0.00   73.37
02:02:08 AM    0    0.00    0.00    0.00    0.00    1.01   72.73    0.00    0.00    0.00   26.26
02:02:08 AM    1    0.99    0.00    0.00    0.00    0.00    0.00    0.00    0.00    0.00   99.01
02:02:08 AM    2    0.00    0.00    0.00    0.00    1.02   31.63    0.00    0.00    0.00   67.35
02:02:08 AM    3    0.00    0.00    0.00    0.00    0.00    0.00    0.00    0.00    0.00  100.00

02:02:08 AM  CPU    %usr   %nice    %sys %iowait    %irq   %soft  %steal  %guest  %gnice   %idle
02:02:09 AM  all    0.00    0.00    0.00    0.00    0.75   25.94    0.00    0.00    0.00   73.32
02:02:09 AM    0    0.00    0.00    0.00    0.00    2.00   72.00    0.00    0.00    0.00   26.00
02:02:09 AM    1    0.00    0.00    0.00    0.00    0.00    0.00    0.00    0.00    0.00  100.00
02:02:09 AM    2    0.00    0.00    0.00    0.00    0.99   31.68    0.00    0.00    0.00   67.33
02:02:09 AM    3    0.00    0.00    0.00    0.00    0.00    0.00    0.00    0.00    0.00  100.00

02:02:09 AM  CPU    %usr   %nice    %sys %iowait    %irq   %soft  %steal  %guest  %gnice   %idle
02:02:10 AM  all    0.25    0.00    0.50    0.00    0.50   26.07    0.00    0.00    0.00   72.68
02:02:10 AM    0    0.99    0.00    0.99    0.00    0.99   71.29    0.00    0.00    0.00   25.74
02:02:10 AM    1    0.00    0.00    0.00    0.00    0.00    0.00    0.00    0.00    0.00  100.00
02:02:10 AM    2    0.00    0.00    1.00    0.00    1.00   32.00    0.00    0.00    0.00   66.00
02:02:10 AM    3    0.00    0.00    0.00    0.00    0.00    0.00    0.00    0.00    0.00  100.00

02:02:10 AM  CPU    %usr   %nice    %sys %iowait    %irq   %soft  %steal  %guest  %gnice   %idle
02:02:11 AM  all    0.00    0.00    0.00    0.00    1.00   28.82    0.00    0.00    0.00   70.18
02:02:11 AM    0    0.00    0.00    0.00    0.00    2.00   65.00    0.00    0.00    0.00   33.00
02:02:11 AM    1    0.00    0.00    0.00    0.00    0.00    0.00    0.00    0.00    0.00  100.00
02:02:11 AM    2    0.00    0.00    0.00    0.00    1.01   35.35    0.00    0.00    0.00   63.64
02:02:11 AM    3    0.00    0.00    0.00    0.00    1.00   15.00    0.00    0.00    0.00   84.00

02:02:11 AM  CPU    %usr   %nice    %sys %iowait    %irq   %soft  %steal  %guest  %gnice   %idle
02:02:12 AM  all    0.00    0.00    0.00    0.00    1.00   35.84    0.00    0.00    0.00   63.16
02:02:12 AM    0    0.00    0.00    0.00    0.00    2.02   53.54    0.00    0.00    0.00   44.44
02:02:12 AM    1    0.00    0.00    0.00    0.00    0.00    0.00    0.00    0.00    0.00  100.00
02:02:12 AM    2    0.00    0.00    0.00    0.00    1.00   45.00    0.00    0.00    0.00   54.00
02:02:12 AM    3    0.00    0.00    0.00    0.00    1.00   45.00    0.00    0.00    0.00   54.00

02:02:12 AM  CPU    %usr   %nice    %sys %iowait    %irq   %soft  %steal  %guest  %gnice   %idle
02:02:13 AM  all    0.00    0.00    0.00    0.25    0.75   38.44    0.00    0.00    0.00   60.55
02:02:13 AM    0    0.00    0.00    0.00    1.00    1.00   57.00    0.00    0.00    0.00   41.00
02:02:13 AM    1    0.00    0.00    0.00    0.00    0.00    0.00    0.00    0.00    0.00  100.00
02:02:13 AM    2    0.00    0.00    0.00    0.00    1.01   48.48    0.00    0.00    0.00   50.51
02:02:13 AM    3    0.00    0.00    0.00    0.00    1.01   48.48    0.00    0.00    0.00   50.51

02:02:13 AM  CPU    %usr   %nice    %sys %iowait    %irq   %soft  %steal  %guest  %gnice   %idle
02:02:14 AM  all    0.25    0.00    0.00    0.00    1.01   39.20    0.00    0.00    0.00   59.55
02:02:14 AM    0    0.00    0.00    0.00    0.00    2.02   58.59    0.00    0.00    0.00   39.39
02:02:14 AM    1    0.00    0.00    0.00    0.00    0.00    0.00    0.00    0.00    0.00  100.00
02:02:14 AM    2    0.99    0.00    0.00    0.00    0.99   48.51    0.00    0.00    0.00   49.50
02:02:14 AM    3    0.00    0.00    0.00    0.00    1.01   49.49    0.00    0.00    0.00   49.49

02:02:14 AM  CPU    %usr   %nice    %sys %iowait    %irq   %soft  %steal  %guest  %gnice   %idle
02:02:15 AM  all    0.00    0.00    0.00    0.00    0.75   37.44    0.00    0.00    0.00   61.81
02:02:15 AM    0    0.00    0.00    0.00    0.00    1.01   55.56    0.00    0.00    0.00   43.43
02:02:15 AM    1    0.00    0.00    0.00    0.00    0.00    0.00    0.00    0.00    0.00  100.00
02:02:15 AM    2    0.00    0.00    0.00    0.00    1.01   47.47    0.00    0.00    0.00   51.52
02:02:15 AM    3    0.00    0.00    0.00    0.00    1.00   47.00    0.00    0.00    0.00   52.00

02:02:15 AM  CPU    %usr   %nice    %sys %iowait    %irq   %soft  %steal  %guest  %gnice   %idle
02:02:16 AM  all    0.25    0.00    0.00    0.00    0.75   26.93    0.00    0.00    0.00   72.07
02:02:16 AM    0    0.00    0.00    0.00    0.00    2.00   73.00    0.00    0.00    0.00   25.00
02:02:16 AM    1    0.99    0.00    0.00    0.00    0.00    0.00    0.00    0.00    0.00   99.01
02:02:16 AM    2    0.00    0.00    0.00    0.00    1.00   33.00    0.00    0.00    0.00   66.00
02:02:16 AM    3    0.00    0.00    0.00    0.00    0.00    2.00    0.00    0.00    0.00   98.00

02:02:16 AM  CPU    %usr   %nice    %sys %iowait    %irq   %soft  %steal  %guest  %gnice   %idle
02:02:17 AM  all    0.00    0.00    0.50    0.00    0.50   26.07    0.00    0.00    0.00   72.93
02:02:17 AM    0    0.00    0.00    0.00    0.00    1.01   72.73    0.00    0.00    0.00   26.26
02:02:17 AM    1    0.00    0.00    1.00    0.00    0.00    0.00    0.00    0.00    0.00   99.00
02:02:17 AM    2    0.00    0.00    1.00    0.00    1.00   32.00    0.00    0.00    0.00   66.00
02:02:17 AM    3    0.00    0.00    0.00    0.00    0.00    0.00    0.00    0.00    0.00  100.00

02:02:17 AM  CPU    %usr   %nice    %sys %iowait    %irq   %soft  %steal  %guest  %gnice   %idle
02:02:18 AM  all    0.00    0.00    0.00    0.25    0.75   25.75    0.00    0.00    0.00   73.25
02:02:18 AM    0    0.00    0.00    0.00    0.00    2.00   72.00    0.00    0.00    0.00   26.00
02:02:18 AM    1    0.00    0.00    0.00    0.00    0.00    0.00    0.00    0.00    0.00  100.00
02:02:18 AM    2    0.00    0.00    0.00    1.00    1.00   31.00    0.00    0.00    0.00   67.00
02:02:18 AM    3    0.00    0.00    0.00    0.00    0.00    0.00    0.00    0.00    0.00  100.00

02:02:18 AM  CPU    %usr   %nice    %sys %iowait    %irq   %soft  %steal  %guest  %gnice   %idle
02:02:19 AM  all    0.00    0.00    0.00    0.00    0.75   26.00    0.00    0.00    0.00   73.25
02:02:19 AM    0    0.00    0.00    0.00    0.00    2.00   72.00    0.00    0.00    0.00   26.00
02:02:19 AM    1    0.00    0.00    0.00    0.00    0.00    0.00    0.00    0.00    0.00  100.00
02:02:19 AM    2    0.00    0.00    0.00    0.00    1.00   32.00    0.00    0.00    0.00   67.00
02:02:19 AM    3    0.00    0.00    0.00    0.00    0.00    0.00    0.00    0.00    0.00  100.00

02:02:19 AM  CPU    %usr   %nice    %sys %iowait    %irq   %soft  %steal  %guest  %gnice   %idle
02:02:20 AM  all    0.00    0.00    0.00    0.00    0.50   25.88    0.00    0.00    0.00   73.62
02:02:20 AM    0    0.00    0.00    0.00    0.00    1.01   72.73    0.00    0.00    0.00   26.26
02:02:20 AM    1    0.00    0.00    0.00    0.00    1.00   17.00    0.00    0.00    0.00   82.00
02:02:20 AM    2    0.00    0.00    0.00    0.00    0.00   14.14    0.00    0.00    0.00   85.86
02:02:20 AM    3    0.00    0.00    0.00    0.00    0.00    0.00    0.00    0.00    0.00  100.00

02:02:20 AM  CPU    %usr   %nice    %sys %iowait    %irq   %soft  %steal  %guest  %gnice   %idle
02:02:21 AM  all    0.00    0.00    0.00    0.00    0.75   26.00    0.00    0.00    0.00   73.25
02:02:21 AM    0    0.00    0.00    0.00    0.00    2.00   72.00    0.00    0.00    0.00   26.00
02:02:21 AM    1    0.00    0.00    0.00    0.00    1.00   32.00    0.00    0.00    0.00   67.00
02:02:21 AM    2    0.00    0.00    0.00    0.00    0.00    0.00    0.00    0.00    0.00  100.00
02:02:21 AM    3    0.00    0.00    0.00    0.00    0.00    0.00    0.00    0.00    0.00  100.00

02:02:21 AM  CPU    %usr   %nice    %sys %iowait    %irq   %soft  %steal  %guest  %gnice   %idle
02:02:22 AM  all    0.00    0.00    0.25    0.00    0.25   26.26    0.00    0.00    0.00   73.23
02:02:22 AM    0    0.00    0.00    0.00    0.00    1.01   72.73    0.00    0.00    0.00   26.26
02:02:22 AM    1    0.00    0.00    0.00    0.00    0.00   32.65    0.00    0.00    0.00   67.35
02:02:22 AM    2    0.00    0.00    0.00    0.00    0.00    0.00    0.00    0.00    0.00  100.00
02:02:22 AM    3    0.00    0.00    1.00    0.00    0.00    0.00    0.00    0.00    0.00   99.00

02:02:22 AM  CPU    %usr   %nice    %sys %iowait    %irq   %soft  %steal  %guest  %gnice   %idle
02:02:23 AM  all    0.00    0.00    0.00    0.00    0.75   25.81    0.00    0.00    0.00   73.43
02:02:23 AM    0    0.00    0.00    0.00    0.00    2.00   72.00    0.00    0.00    0.00   26.00
02:02:23 AM    1    0.00    0.00    0.00    0.00    1.01   31.31    0.00    0.00    0.00   67.68
02:02:23 AM    2    0.00    0.00    0.00    0.00    0.00    0.00    0.00    0.00    0.00  100.00
02:02:23 AM    3    0.00    0.00    0.00    0.00    0.00    0.00    0.00    0.00    0.00  100.00

02:02:23 AM  CPU    %usr   %nice    %sys %iowait    %irq   %soft  %steal  %guest  %gnice   %idle
02:02:24 AM  all    0.00    0.00    0.00    0.00    0.50   25.81    0.00    0.00    0.00   73.68
02:02:24 AM    0    0.00    0.00    0.00    0.00    1.02   72.45    0.00    0.00    0.00   26.53
02:02:24 AM    1    0.00    0.00    0.00    0.00    0.99   27.72    0.00    0.00    0.00   71.29
02:02:24 AM    2    0.00    0.00    0.00    0.00    0.00    0.00    0.00    0.00    0.00  100.00
02:02:24 AM    3    0.00    0.00    0.00    0.00    0.00    4.00    0.00    0.00    0.00   96.00

02:02:24 AM  CPU    %usr   %nice    %sys %iowait    %irq   %soft  %steal  %guest  %gnice   %idle
02:02:25 AM  all    0.00    0.00    0.00    0.00    0.75   26.07    0.00    0.00    0.00   73.18
02:02:25 AM    0    0.00    0.00    0.00    0.00    2.00   72.00    0.00    0.00    0.00   26.00
02:02:25 AM    1    0.00    0.00    0.00    0.00    0.00    0.00    0.00    0.00    0.00  100.00
02:02:25 AM    2    0.00    0.00    0.00    0.00    0.00    0.00    0.00    0.00    0.00  100.00
02:02:25 AM    3    0.00    0.00    0.00    0.00    1.00   32.00    0.00    0.00    0.00   67.00

02:02:25 AM  CPU    %usr   %nice    %sys %iowait    %irq   %soft  %steal  %guest  %gnice   %idle
02:02:26 AM  all    0.00    0.00    0.00    0.00    0.50   25.88    0.00    0.00    0.00   73.62
02:02:26 AM    0    0.00    0.00    0.00    0.00    1.01   72.73    0.00    0.00    0.00   26.26
02:02:26 AM    1    0.00    0.00    0.00    0.00    0.00    0.00    0.00    0.00    0.00  100.00
02:02:26 AM    2    0.00    0.00    0.00    0.00    0.00    0.00    0.00    0.00    0.00  100.00
02:02:26 AM    3    0.00    0.00    0.00    0.00    1.01   31.31    0.00    0.00    0.00   67.68

02:02:26 AM  CPU    %usr   %nice    %sys %iowait    %irq   %soft  %steal  %guest  %gnice   %idle
02:02:27 AM  all    0.25    0.00    0.25    0.00    0.75   26.12    0.00    0.00    0.00   72.64
02:02:27 AM    0    0.00    0.00    0.00    0.00    1.98   72.28    0.00    0.00    0.00   25.74
02:02:27 AM    1    1.00    0.00    0.00    0.00    0.00    0.00    0.00    0.00    0.00   99.00
02:02:27 AM    2    0.00    0.00    0.99    0.00    0.00    0.00    0.00    0.00    0.00   99.01
02:02:27 AM    3    0.00    0.00    0.00    0.00    1.00   32.00    0.00    0.00    0.00   67.00

02:02:27 AM  CPU    %usr   %nice    %sys %iowait    %irq   %soft  %steal  %guest  %gnice   %idle
02:02:28 AM  all    0.00    0.00    0.00    0.00    0.75   25.63    0.00    0.00    0.00   73.62
02:02:28 AM    0    0.00    0.00    0.00    0.00    2.02   71.72    0.00    0.00    0.00   26.26
02:02:28 AM    1    0.00    0.00    0.00    0.00    0.00    0.00    0.00    0.00    0.00  100.00
02:02:28 AM    2    0.00    0.00    0.00    0.00    0.00    0.00    0.00    0.00    0.00  100.00
02:02:28 AM    3    0.00    0.00    0.00    0.00    1.01   31.31    0.00    0.00    0.00   67.68

02:02:28 AM  CPU    %usr   %nice    %sys %iowait    %irq   %soft  %steal  %guest  %gnice   %idle
02:02:29 AM  all    0.00    0.00    0.00    0.00    0.25   28.82    0.00    0.00    0.00   70.93
02:02:29 AM    0    0.00    0.00    0.00    0.00    1.01   53.54    0.00    0.00    0.00   45.45
02:02:29 AM    1    0.00    0.00    0.00    0.00    0.00    0.00    0.00    0.00    0.00  100.00
02:02:29 AM    2    0.00    0.00    0.00    0.00    0.00   53.00    0.00    0.00    0.00   47.00
02:02:29 AM    3    0.00    0.00    0.00    0.00    0.00    9.00    0.00    0.00    0.00   91.00

02:02:29 AM  CPU    %usr   %nice    %sys %iowait    %irq   %soft  %steal  %guest  %gnice   %idle
02:02:30 AM  all    0.25    0.00    0.25    0.00    0.50   28.57    0.00    0.00    0.00   70.43
02:02:30 AM    0    0.00    0.00    1.00    0.00    1.00   46.00    0.00    0.00    0.00   52.00
02:02:30 AM    1    0.00    0.00    0.00    0.00    0.00    0.00    0.00    0.00    0.00  100.00
02:02:30 AM    2    1.00    0.00    0.00    0.00    1.00   68.00    0.00    0.00    0.00   30.00
02:02:30 AM    3    0.00    0.00    0.00    0.00    0.00    0.00    0.00    0.00    0.00  100.00

02:02:30 AM  CPU    %usr   %nice    %sys %iowait    %irq   %soft  %steal  %guest  %gnice   %idle
02:02:31 AM  all    0.00    0.00    0.00    0.00    0.75   28.00    0.00    0.00    0.00   71.25
02:02:31 AM    0    0.00    0.00    0.00    0.00    2.00   45.00    0.00    0.00    0.00   53.00
02:02:31 AM    1    0.00    0.00    0.00    0.00    0.00    0.00    0.00    0.00    0.00  100.00
02:02:31 AM    2    0.00    0.00    0.00    0.00    1.00   67.00    0.00    0.00    0.00   32.00
02:02:31 AM    3    0.00    0.00    0.00    0.00    0.00    0.00    0.00    0.00    0.00  100.00

02:02:31 AM  CPU    %usr   %nice    %sys %iowait    %irq   %soft  %steal  %guest  %gnice   %idle
02:02:32 AM  all    0.00    0.00    0.00    0.00    0.25   28.32    0.00    0.00    0.00   71.43
02:02:32 AM    0    0.00    0.00    0.00    0.00    1.01   45.45    0.00    0.00    0.00   53.54
02:02:32 AM    1    0.00    0.00    0.00    0.00    0.00    0.00    0.00    0.00    0.00  100.00
02:02:32 AM    2    0.00    0.00    0.00    0.00    0.00   68.00    0.00    0.00    0.00   32.00
02:02:32 AM    3    0.00    0.00    0.00    0.00    0.00    0.00    0.00    0.00    0.00  100.00

02:02:32 AM  CPU    %usr   %nice    %sys %iowait    %irq   %soft  %steal  %guest  %gnice   %idle
02:02:33 AM  all    0.00    0.00    0.00    0.00    0.75   27.50    0.00    0.00    0.00   71.75
02:02:33 AM    0    0.00    0.00    0.00    0.00    1.98   55.45    0.00    0.00    0.00   42.57
02:02:33 AM    1    0.00    0.00    0.00    0.00    0.00    0.00    0.00    0.00    0.00  100.00
02:02:33 AM    2    0.00    0.00    0.00    0.00    1.01   54.55    0.00    0.00    0.00   44.44
02:02:33 AM    3    0.00    0.00    0.00    0.00    0.00    0.00    0.00    0.00    0.00  100.00

02:02:33 AM  CPU    %usr   %nice    %sys %iowait    %irq   %soft  %steal  %guest  %gnice   %idle
02:02:34 AM  all    0.00    0.00    0.00    0.00    0.50   26.07    0.00    0.00    0.00   73.43
02:02:34 AM    0    0.00    0.00    0.00    0.00    1.01   72.73    0.00    0.00    0.00   26.26
02:02:34 AM    1    0.00    0.00    0.00    0.00    0.00    0.00    0.00    0.00    0.00  100.00
02:02:34 AM    2    0.00    0.00    0.00    0.00    1.00   32.00    0.00    0.00    0.00   67.00
02:02:34 AM    3    0.00    0.00    0.00    0.00    0.00    0.00    0.00    0.00    0.00  100.00

02:02:34 AM  CPU    %usr   %nice    %sys %iowait    %irq   %soft  %steal  %guest  %gnice   %idle
02:02:35 AM  all    0.00    0.00    0.00    0.00    0.75   25.81    0.00    0.00    0.00   73.43
02:02:35 AM    0    0.00    0.00    0.00    0.00    2.02   71.72    0.00    0.00    0.00   26.26
02:02:35 AM    1    0.00    0.00    0.00    0.00    0.00    0.00    0.00    0.00    0.00  100.00
02:02:35 AM    2    0.00    0.00    0.00    0.00    1.00   32.00    0.00    0.00    0.00   67.00
02:02:35 AM    3    0.00    0.00    0.00    0.00    0.00    0.00    0.00    0.00    0.00  100.00

02:02:35 AM  CPU    %usr   %nice    %sys %iowait    %irq   %soft  %steal  %guest  %gnice   %idle
02:02:36 AM  all    0.00    0.00    0.00    0.00    0.75   25.81    0.00    0.00    0.00   73.43
02:02:36 AM    0    0.00    0.00    0.00    0.00    2.00   72.00    0.00    0.00    0.00   26.00
02:02:36 AM    1    0.00    0.00    0.00    0.00    0.00    0.00    0.00    0.00    0.00  100.00
02:02:36 AM    2    0.00    0.00    0.00    0.00    1.01   31.31    0.00    0.00    0.00   67.68
02:02:36 AM    3    0.00    0.00    0.00    0.00    0.00    0.00    0.00    0.00    0.00  100.00

02:02:36 AM  CPU    %usr   %nice    %sys %iowait    %irq   %soft  %steal  %guest  %gnice   %idle
02:02:37 AM  all    0.00    0.00    0.00    0.00    0.51   26.26    0.00    0.00    0.00   73.23
02:02:37 AM    0    0.00    0.00    0.00    0.00    1.01   72.73    0.00    0.00    0.00   26.26
02:02:37 AM    1    0.00    0.00    0.00    0.00    0.00    0.00    0.00    0.00    0.00  100.00
02:02:37 AM    2    0.00    0.00    0.00    0.00    1.01   32.32    0.00    0.00    0.00   66.67
02:02:37 AM    3    0.00    0.00    0.00    0.00    0.00    0.00    0.00    0.00    0.00  100.00

02:02:37 AM  CPU    %usr   %nice    %sys %iowait    %irq   %soft  %steal  %guest  %gnice   %idle
02:02:38 AM  all    0.25    0.00    0.00    0.00    0.75   25.94    0.00    0.00    0.00   73.07
02:02:38 AM    0    0.00    0.00    0.00    0.00    2.00   72.00    0.00    0.00    0.00   26.00
02:02:38 AM    1    0.99    0.00    0.00    0.00    0.00    0.00    0.00    0.00    0.00   99.01
02:02:38 AM    2    0.00    0.00    0.00    0.00    1.00   32.00    0.00    0.00    0.00   67.00
02:02:38 AM    3    0.00    0.00    0.00    0.00    0.00    0.00    0.00    0.00    0.00  100.00

02:02:38 AM  CPU    %usr   %nice    %sys %iowait    %irq   %soft  %steal  %guest  %gnice   %idle
02:02:39 AM  all    0.00    0.00    0.00    0.00    0.50   25.94    0.00    0.00    0.00   73.55
02:02:39 AM    0    0.00    0.00    0.00    0.00    1.01   72.73    0.00    0.00    0.00   26.26
02:02:39 AM    1    0.00    0.00    0.00    0.00    0.00    0.00    0.00    0.00    0.00  100.00
02:02:39 AM    2    0.00    0.00    0.00    0.00    1.01   31.31    0.00    0.00    0.00   67.68
02:02:39 AM    3    0.00    0.00    0.00    0.00    0.00    0.00    0.00    0.00    0.00  100.00

02:02:39 AM  CPU    %usr   %nice    %sys %iowait    %irq   %soft  %steal  %guest  %gnice   %idle
02:02:40 AM  all    0.00    0.00    0.00    0.00    0.75   26.00    0.00    0.00    0.00   73.25
02:02:40 AM    0    0.00    0.00    0.00    0.00    2.00   72.00    0.00    0.00    0.00   26.00
02:02:40 AM    1    0.00    0.00    0.00    0.00    0.00    0.00    0.00    0.00    0.00  100.00
02:02:40 AM    2    0.00    0.00    0.00    0.00    1.00   32.00    0.00    0.00    0.00   67.00
02:02:40 AM    3    0.00    0.00    0.00    0.00    0.00    0.00    0.00    0.00    0.00  100.00

02:02:40 AM  CPU    %usr   %nice    %sys %iowait    %irq   %soft  %steal  %guest  %gnice   %idle
02:02:41 AM  all    0.00    0.00    0.50    0.00    0.50   25.94    0.00    0.00    0.00   73.07
02:02:41 AM    0    0.00    0.00    0.00    0.00    1.01   72.73    0.00    0.00    0.00   26.26
02:02:41 AM    1    0.00    0.00    0.99    0.00    0.00    0.00    0.00    0.00    0.00   99.01
02:02:41 AM    2    0.00    0.00    0.99    0.00    0.99   31.68    0.00    0.00    0.00   66.34
02:02:41 AM    3    0.00    0.00    0.00    0.00    0.00    0.00    0.00    0.00    0.00  100.00

02:02:41 AM  CPU    %usr   %nice    %sys %iowait    %irq   %soft  %steal  %guest  %gnice   %idle
02:02:42 AM  all    0.00    0.00    0.00    0.00    1.00   30.08    0.00    0.00    0.00   68.92
02:02:42 AM    0    0.00    0.00    0.00    0.00    2.00   61.00    0.00    0.00    0.00   37.00
02:02:42 AM    1    0.00    0.00    0.00    0.00    0.00    0.00    0.00    0.00    0.00  100.00
02:02:42 AM    2    0.00    0.00    0.00    0.00    1.00   36.00    0.00    0.00    0.00   63.00
02:02:42 AM    3    0.00    0.00    0.00    0.00    1.00   23.00    0.00    0.00    0.00   76.00

02:02:42 AM  CPU    %usr   %nice    %sys %iowait    %irq   %soft  %steal  %guest  %gnice   %idle
02:02:43 AM  all    0.00    0.00    0.00    0.00    0.76   37.03    0.00    0.00    0.00   62.22
02:02:43 AM    0    0.00    0.00    0.00    0.00    1.01   55.56    0.00    0.00    0.00   43.43
02:02:43 AM    1    0.00    0.00    0.00    0.00    0.00    0.00    0.00    0.00    0.00  100.00
02:02:43 AM    2    0.00    0.00    0.00    0.00    1.01   46.46    0.00    0.00    0.00   52.53
02:02:43 AM    3    0.00    0.00    0.00    0.00    1.01   46.46    0.00    0.00    0.00   52.53

02:02:43 AM  CPU    %usr   %nice    %sys %iowait    %irq   %soft  %steal  %guest  %gnice   %idle
02:02:44 AM  all    0.50    0.00    0.00    0.00    1.00   36.09    0.00    0.00    0.00   62.41
02:02:44 AM    0    0.00    0.00    0.00    0.00    2.00   54.00    0.00    0.00    0.00   44.00
02:02:44 AM    1    0.99    0.00    0.00    0.00    0.00    0.00    0.00    0.00    0.00   99.01
02:02:44 AM    2    1.01    0.00    0.00    0.00    1.01   45.45    0.00    0.00    0.00   52.53
02:02:44 AM    3    0.00    0.00    0.00    0.00    1.01   45.45    0.00    0.00    0.00   53.54

02:02:44 AM  CPU    %usr   %nice    %sys %iowait    %irq   %soft  %steal  %guest  %gnice   %idle
02:02:45 AM  all    0.00    0.00    0.00    0.00    1.00   39.10    0.00    0.00    0.00   59.90
02:02:45 AM    0    0.00    0.00    0.00    0.00    2.00   58.00    0.00    0.00    0.00   40.00
02:02:45 AM    1    0.00    0.00    0.00    0.00    0.00    0.00    0.00    0.00    0.00  100.00
02:02:45 AM    2    0.00    0.00    0.00    0.00    1.00   49.00    0.00    0.00    0.00   50.00
02:02:45 AM    3    0.00    0.00    0.00    0.00    1.00   49.00    0.00    0.00    0.00   50.00

02:02:45 AM  CPU    %usr   %nice    %sys %iowait    %irq   %soft  %steal  %guest  %gnice   %idle
02:02:46 AM  all    0.00    0.00    0.00    0.00    0.50   37.94    0.00    0.00    0.00   61.56
02:02:46 AM    0    0.00    0.00    0.00    0.00    1.01   56.57    0.00    0.00    0.00   42.42
02:02:46 AM    1    0.00    0.00    0.00    0.00    0.99   13.86    0.00    0.00    0.00   85.15
02:02:46 AM    2    0.00    0.00    0.00    0.00    0.00   41.41    0.00    0.00    0.00   58.59
02:02:46 AM    3    0.00    0.00    0.00    0.00    0.00   40.40    0.00    0.00    0.00   59.60

02:02:46 AM  CPU    %usr   %nice    %sys %iowait    %irq   %soft  %steal  %guest  %gnice   %idle
02:02:47 AM  all    0.00    0.00    0.00    0.00    0.50   27.39    0.00    0.00    0.00   72.11
02:02:47 AM    0    0.00    0.00    0.00    0.00    2.02   44.44    0.00    0.00    0.00   53.54
02:02:47 AM    1    0.00    0.00    0.00    0.00    0.00   65.66    0.00    0.00    0.00   34.34
02:02:47 AM    2    0.00    0.00    0.00    0.00    0.00    0.00    0.00    0.00    0.00  100.00
02:02:47 AM    3    0.00    0.00    0.00    0.00    0.00    0.00    0.00    0.00    0.00  100.00

02:02:47 AM  CPU    %usr   %nice    %sys %iowait    %irq   %soft  %steal  %guest  %gnice   %idle
02:02:48 AM  all    0.00    0.00    0.00    0.00    0.75   27.68    0.00    0.00    0.00   71.57
02:02:48 AM    0    0.00    0.00    0.00    0.00    1.00   45.00    0.00    0.00    0.00   54.00
02:02:48 AM    1    0.00    0.00    0.00    0.00    1.00   66.00    0.00    0.00    0.00   33.00
02:02:48 AM    2    0.00    0.00    0.00    0.00    0.00    0.00    0.00    0.00    0.00  100.00
02:02:48 AM    3    0.00    0.00    0.00    0.00    0.99    0.00    0.00    0.00    0.00   99.01

02:02:48 AM  CPU    %usr   %nice    %sys %iowait    %irq   %soft  %steal  %guest  %gnice   %idle
02:02:49 AM  all    0.00    0.00    0.00    0.00    0.50   28.82    0.00    0.00    0.00   70.68
02:02:49 AM    0    0.00    0.00    0.00    0.00    1.01   46.46    0.00    0.00    0.00   52.53
02:02:49 AM    1    0.00    0.00    0.00    0.00    1.00   69.00    0.00    0.00    0.00   30.00
02:02:49 AM    2    0.00    0.00    0.00    0.00    0.00    0.00    0.00    0.00    0.00  100.00
02:02:49 AM    3    0.00    0.00    0.00    0.00    0.00    0.00    0.00    0.00    0.00  100.00

02:02:49 AM  CPU    %usr   %nice    %sys %iowait    %irq   %soft  %steal  %guest  %gnice   %idle
02:02:50 AM  all    0.00    0.00    0.25    0.00    0.75   29.07    0.00    0.00    0.00   69.92
02:02:50 AM    0    0.00    0.00    0.00    0.00    2.02   47.47    0.00    0.00    0.00   50.51
02:02:50 AM    1    0.00    0.00    1.00    0.00    0.00   69.00    0.00    0.00    0.00   30.00
02:02:50 AM    2    0.00    0.00    0.00    0.00    0.99    0.00    0.00    0.00    0.00   99.01
02:02:50 AM    3    0.00    0.00    0.00    0.00    0.00    0.00    0.00    0.00    0.00  100.00

02:02:50 AM  CPU    %usr   %nice    %sys %iowait    %irq   %soft  %steal  %guest  %gnice   %idle
02:02:51 AM  all    0.00    0.00    0.00    0.00    0.75   34.42    0.00    0.00    0.00   64.82
02:02:51 AM    0    0.00    0.00    0.00    0.00    2.00   52.00    0.00    0.00    0.00   46.00
02:02:51 AM    1    0.00    0.00    0.00    0.00    1.00   51.00    0.00    0.00    0.00   48.00
02:02:51 AM    2    0.00    0.00    0.00    0.00    0.00   34.69    0.00    0.00    0.00   65.31
02:02:51 AM    3    0.00    0.00    0.00    0.00    0.00    0.00    0.00    0.00    0.00  100.00

02:02:51 AM  CPU    %usr   %nice    %sys %iowait    %irq   %soft  %steal  %guest  %gnice   %idle
02:02:52 AM  all    0.00    0.00    0.00    0.00    0.76   35.52    0.00    0.00    0.00   63.73
02:02:52 AM    0    0.00    0.00    0.00    0.00    1.01   53.54    0.00    0.00    0.00   45.45
02:02:52 AM    1    0.00    0.00    0.00    0.00    1.01   44.44    0.00    0.00    0.00   54.55
02:02:52 AM    2    0.00    0.00    0.00    0.00    1.01   44.44    0.00    0.00    0.00   54.55
02:02:52 AM    3    0.00    0.00    0.00    0.00    0.00    0.00    0.00    0.00    0.00  100.00

02:02:52 AM  CPU    %usr   %nice    %sys %iowait    %irq   %soft  %steal  %guest  %gnice   %idle
02:02:53 AM  all    0.00    0.00    0.25    0.00    1.00   35.50    0.00    0.00    0.00   63.25
02:02:53 AM    0    0.00    0.00    0.99    0.00    1.98   53.47    0.00    0.00    0.00   43.56
02:02:53 AM    1    0.00    0.00    0.00    0.00    1.00   44.00    0.00    0.00    0.00   55.00
02:02:53 AM    2    0.00    0.00    0.00    0.00    1.00   44.00    0.00    0.00    0.00   55.00
02:02:53 AM    3    0.00    0.00    0.00    0.00    0.00    0.00    0.00    0.00    0.00  100.00

02:02:53 AM  CPU    %usr   %nice    %sys %iowait    %irq   %soft  %steal  %guest  %gnice   %idle
02:02:54 AM  all    0.00    0.00    0.00    0.00    0.75   36.68    0.00    0.00    0.00   62.56
02:02:54 AM    0    0.00    0.00    0.00    0.00    1.01   54.55    0.00    0.00    0.00   44.44
02:02:54 AM    1    0.00    0.00    0.00    0.00    1.01   46.46    0.00    0.00    0.00   52.53
02:02:54 AM    2    0.00    0.00    0.00    0.00    1.00   46.00    0.00    0.00    0.00   53.00
02:02:54 AM    3    0.00    0.00    0.00    0.00    0.00    0.00    0.00    0.00    0.00  100.00

02:02:54 AM  CPU    %usr   %nice    %sys %iowait    %irq   %soft  %steal  %guest  %gnice   %idle
02:02:55 AM  all    0.00    0.00    0.00    0.00    1.01   33.67    0.00    0.00    0.00   65.33
02:02:55 AM    0    0.00    0.00    0.00    0.00    2.02   62.63    0.00    0.00    0.00   35.35
02:02:55 AM    1    0.00    0.00    0.00    0.00    1.00   31.00    0.00    0.00    0.00   68.00
02:02:55 AM    2    0.00    0.00    0.00    0.00    1.00   41.00    0.00    0.00    0.00   58.00
02:02:55 AM    3    0.00    0.00    0.00    0.00    0.00    0.00    0.00    0.00    0.00  100.00

02:02:55 AM  CPU    %usr   %nice    %sys %iowait    %irq   %soft  %steal  %guest  %gnice   %idle
02:02:56 AM  all    0.00    0.00    0.50    0.00    0.50   25.81    0.00    0.00    0.00   73.18
02:02:56 AM    0    0.00    0.00    0.00    0.00    1.01   72.73    0.00    0.00    0.00   26.26
02:02:56 AM    1    0.00    0.00    0.99    0.00    0.00    0.00    0.00    0.00    0.00   99.01
02:02:56 AM    2    0.00    0.00    1.01    0.00    1.01   31.31    0.00    0.00    0.00   66.67
02:02:56 AM    3    0.00    0.00    0.00    0.00    0.00    0.00    0.00    0.00    0.00  100.00

02:02:56 AM  CPU    %usr   %nice    %sys %iowait    %irq   %soft  %steal  %guest  %gnice   %idle
02:02:57 AM  all    0.00    0.00    0.00    0.00    0.75   26.00    0.00    0.00    0.00   73.25
02:02:57 AM    0    0.00    0.00    0.00    0.00    2.00   72.00    0.00    0.00    0.00   26.00
02:02:57 AM    1    0.00    0.00    0.00    0.00    0.00    0.00    0.00    0.00    0.00  100.00
02:02:57 AM    2    0.00    0.00    0.00    0.00    1.00   32.00    0.00    0.00    0.00   67.00
02:02:57 AM    3    0.00    0.00    0.00    0.00    0.00    0.00    0.00    0.00    0.00  100.00

02:02:57 AM  CPU    %usr   %nice    %sys %iowait    %irq   %soft  %steal  %guest  %gnice   %idle
02:02:58 AM  all    0.00    0.00    0.25    0.00    0.50   25.75    0.00    0.00    0.00   73.50
02:02:58 AM    0    0.00    0.00    0.00    0.00    1.00   72.00    0.00    0.00    0.00   27.00
02:02:58 AM    1    0.00    0.00    0.00    0.00    0.00    0.00    0.00    0.00    0.00  100.00
02:02:58 AM    2    0.00    0.00    0.00    0.00    1.01   31.31    0.00    0.00    0.00   67.68
02:02:58 AM    3    0.00    0.00    0.99    0.00    0.00    0.00    0.00    0.00    0.00   99.01

02:02:58 AM  CPU    %usr   %nice    %sys %iowait    %irq   %soft  %steal  %guest  %gnice   %idle
02:02:59 AM  all    0.25    0.00    0.25    0.00    0.75   26.13    0.00    0.00    0.00   72.61
02:02:59 AM    0    0.00    0.00    0.00    0.00    2.02   72.73    0.00    0.00    0.00   25.25
02:02:59 AM    1    0.00    0.00    0.00    0.00    0.00    0.00    0.00    0.00    0.00  100.00
02:02:59 AM    2    0.99    0.00    0.99    0.00    0.99   31.68    0.00    0.00    0.00   65.35
02:02:59 AM    3    0.00    0.00    0.00    0.00    0.00    0.00    0.00    0.00    0.00  100.00

02:02:59 AM  CPU    %usr   %nice    %sys %iowait    %irq   %soft  %steal  %guest  %gnice   %idle
02:03:00 AM  all    0.00    0.00    0.00    0.00    0.25   27.14    0.00    0.00    0.00   72.61
02:03:00 AM    0    0.00    0.00    0.00    0.00    1.01   45.45    0.00    0.00    0.00   53.54
02:03:00 AM    1    0.00    0.00    0.00    0.00    0.00    0.00    0.00    0.00    0.00  100.00
02:03:00 AM    2    0.00    0.00    0.00    0.00    0.00    2.00    0.00    0.00    0.00   98.00
02:03:00 AM    3    0.00    0.00    0.00    0.00    0.00   61.62    0.00    0.00    0.00   38.38

02:03:00 AM  CPU    %usr   %nice    %sys %iowait    %irq   %soft  %steal  %guest  %gnice   %idle
02:03:01 AM  all    0.00    0.00    0.00    0.00    0.75   27.68    0.00    0.00    0.00   71.57
02:03:01 AM    0    0.00    0.00    0.00    0.00    1.98   44.55    0.00    0.00    0.00   53.47
02:03:01 AM    1    0.00    0.00    0.00    0.00    0.00    0.00    0.00    0.00    0.00  100.00
02:03:01 AM    2    0.00    0.00    0.00    0.00    0.00    0.00    0.00    0.00    0.00  100.00
02:03:01 AM    3    0.00    0.00    0.00    0.00    1.00   66.00    0.00    0.00    0.00   33.00

02:03:01 AM  CPU    %usr   %nice    %sys %iowait    %irq   %soft  %steal  %guest  %gnice   %idle
02:03:02 AM  all    0.00    0.00    0.50    0.00    0.50   28.64    0.00    0.00    0.00   70.35
02:03:02 AM    0    0.00    0.00    1.01    0.00    1.01   46.46    0.00    0.00    0.00   51.52
02:03:02 AM    1    0.00    0.00    0.00    0.00    0.00    0.00    0.00    0.00    0.00  100.00
02:03:02 AM    2    0.00    0.00    0.00    0.00    0.00    0.00    0.00    0.00    0.00  100.00
02:03:02 AM    3    0.00    0.00    1.00    0.00    1.00   68.00    0.00    0.00    0.00   30.00

02:03:02 AM  CPU    %usr   %nice    %sys %iowait    %irq   %soft  %steal  %guest  %gnice   %idle
02:03:03 AM  all    0.00    0.00    0.00    0.00    0.50   28.75    0.00    0.00    0.00   70.75
02:03:03 AM    0    0.00    0.00    0.00    0.00    2.00   46.00    0.00    0.00    0.00   52.00
02:03:03 AM    1    0.00    0.00    0.00    0.00    0.00    0.00    0.00    0.00    0.00  100.00
02:03:03 AM    2    0.00    0.00    0.00    0.00    0.00    0.00    0.00    0.00    0.00  100.00
02:03:03 AM    3    0.00    0.00    0.00    0.00    0.00   69.00    0.00    0.00    0.00   31.00

02:03:03 AM  CPU    %usr   %nice    %sys %iowait    %irq   %soft  %steal  %guest  %gnice   %idle
02:03:04 AM  all    0.00    0.00    0.00    0.00    0.50   28.75    0.00    0.00    0.00   70.75
02:03:04 AM    0    0.00    0.00    0.00    0.00    1.01   46.46    0.00    0.00    0.00   52.53
02:03:04 AM    1    0.00    0.00    0.00    0.00    0.00    0.00    0.00    0.00    0.00  100.00
02:03:04 AM    2    0.00    0.00    0.00    0.00    0.00   37.62    0.00    0.00    0.00   62.38
02:03:04 AM    3    0.00    0.00    0.00    0.00    1.00   31.00    0.00    0.00    0.00   68.00

02:03:04 AM  CPU    %usr   %nice    %sys %iowait    %irq   %soft  %steal  %guest  %gnice   %idle
02:03:05 AM  all    0.00    0.00    0.00    0.00    0.75   28.89    0.00    0.00    0.00   70.35
02:03:05 AM    0    0.00    0.00    0.00    0.00    2.00   47.00    0.00    0.00    0.00   51.00
02:03:05 AM    1    0.00    0.00    0.00    0.00    0.00    0.00    0.00    0.00    0.00  100.00
02:03:05 AM    2    0.00    0.00    0.00    0.00    1.01   68.69    0.00    0.00    0.00   30.30
02:03:05 AM    3    0.00    0.00    0.00    0.00    0.00    0.00    0.00    0.00    0.00  100.00

02:03:05 AM  CPU    %usr   %nice    %sys %iowait    %irq   %soft  %steal  %guest  %gnice   %idle
02:03:06 AM  all    0.00    0.00    0.00    0.00    0.50   29.32    0.00    0.00    0.00   70.18
02:03:06 AM    0    0.00    0.00    0.00    0.00    1.01   47.47    0.00    0.00    0.00   51.52
02:03:06 AM    1    0.00    0.00    0.00    0.00    0.00    0.00    0.00    0.00    0.00  100.00
02:03:06 AM    2    0.00    0.00    0.00    0.00    0.99   69.31    0.00    0.00    0.00   29.70
02:03:06 AM    3    0.00    0.00    0.00    0.00    0.00    0.00    0.00    0.00    0.00  100.00

02:03:06 AM  CPU    %usr   %nice    %sys %iowait    %irq   %soft  %steal  %guest  %gnice   %idle
02:03:07 AM  all    0.00    0.00    0.00    0.00    0.50   27.96    0.00    0.00    0.00   71.54
02:03:07 AM    0    0.00    0.00    0.00    0.00    2.00   45.00    0.00    0.00    0.00   53.00
02:03:07 AM    1    0.00    0.00    0.00    0.00    0.00    0.00    0.00    0.00    0.00  100.00
02:03:07 AM    2    0.00    0.00    0.00    0.00    0.00   67.35    0.00    0.00    0.00   32.65
02:03:07 AM    3    0.00    0.00    0.00    0.00    0.00    0.00    0.00    0.00    0.00  100.00

Average:     CPU    %usr   %nice    %sys %iowait    %irq   %soft  %steal  %guest  %gnice   %idle
Average:     all    0.04    0.00    0.07    0.01    0.66   29.07    0.00    0.00    0.00   70.14
Average:       0    0.02    0.00    0.07    0.02    1.54   61.21    0.00    0.00    0.00   37.15
Average:       1    0.08    0.00    0.07    0.00    0.20   10.67    0.00    0.00    0.00   88.98
Average:       2    0.07    0.00    0.10    0.02    0.63   30.43    0.00    0.00    0.00   68.76
Average:       3    0.00    0.00    0.05    0.00    0.28   14.08    0.00    0.00    0.00   85.59
