Linux 6.18.34 (pi5-2) 	07/10/2026 	_aarch64_	(4 CPU)

09:04:19 PM  CPU    %usr   %nice    %sys %iowait    %irq   %soft  %steal  %guest  %gnice   %idle
09:04:20 PM  all    0.25    0.00    0.50    0.00    1.00   35.34    0.00    0.00    0.00   62.91
09:04:20 PM    0    0.00    0.00    0.00    0.00    2.00   63.00    0.00    0.00    0.00   35.00
09:04:20 PM    1    1.00    0.00    1.00    0.00    0.00    0.00    0.00    0.00    0.00   98.00
09:04:20 PM    2    0.00    0.00    1.00    0.00    1.00   39.00    0.00    0.00    0.00   59.00
09:04:20 PM    3    0.00    0.00    0.00    0.00    1.01   39.39    0.00    0.00    0.00   59.60

09:04:20 PM  CPU    %usr   %nice    %sys %iowait    %irq   %soft  %steal  %guest  %gnice   %idle
09:04:21 PM  all    0.00    0.00    0.00    0.25    0.75   35.84    0.00    0.00    0.00   63.16
09:04:21 PM    0    0.00    0.00    0.00    0.00    1.01   63.64    0.00    0.00    0.00   35.35
09:04:21 PM    1    0.00    0.00    0.00    0.99    0.00    0.00    0.00    0.00    0.00   99.01
09:04:21 PM    2    0.00    0.00    0.00    0.00    1.01   40.40    0.00    0.00    0.00   58.59
09:04:21 PM    3    0.00    0.00    0.00    0.00    1.00   40.00    0.00    0.00    0.00   59.00

09:04:21 PM  CPU    %usr   %nice    %sys %iowait    %irq   %soft  %steal  %guest  %gnice   %idle
09:04:22 PM  all    0.00    0.00    0.00    0.00    0.75   32.83    0.00    0.00    0.00   66.42
09:04:22 PM    0    0.00    0.00    0.00    0.00    1.01   59.60    0.00    0.00    0.00   39.39
09:04:22 PM    1    0.00    0.00    0.00    0.00    0.00    0.00    0.00    0.00    0.00  100.00
09:04:22 PM    2    0.00    0.00    0.00    0.00    1.00   36.00    0.00    0.00    0.00   63.00
09:04:22 PM    3    0.00    0.00    0.00    0.00    1.00   36.00    0.00    0.00    0.00   63.00

09:04:22 PM  CPU    %usr   %nice    %sys %iowait    %irq   %soft  %steal  %guest  %gnice   %idle
09:04:23 PM  all    0.00    0.00    0.00    0.00    1.00   34.25    0.00    0.00    0.00   64.75
09:04:23 PM    0    0.00    0.00    0.00    0.00    1.98   60.40    0.00    0.00    0.00   37.62
09:04:23 PM    1    0.00    0.00    0.00    0.00    0.00   12.12    0.00    0.00    0.00   87.88
09:04:23 PM    2    0.00    0.00    0.00    0.00    1.00   38.00    0.00    0.00    0.00   61.00
09:04:23 PM    3    0.00    0.00    0.00    0.00    1.00   26.00    0.00    0.00    0.00   73.00

09:04:23 PM  CPU    %usr   %nice    %sys %iowait    %irq   %soft  %steal  %guest  %gnice   %idle
09:04:24 PM  all    0.25    0.00    0.00    0.00    0.75   34.17    0.00    0.00    0.00   64.82
09:04:24 PM    0    0.00    0.00    0.00    0.00    1.00   61.00    0.00    0.00    0.00   38.00
09:04:24 PM    1    0.00    0.00    0.00    0.00    1.01   38.38    0.00    0.00    0.00   60.61
09:04:24 PM    2    0.00    0.00    0.00    0.00    1.01   37.37    0.00    0.00    0.00   61.62
09:04:24 PM    3    1.00    0.00    0.00    0.00    0.00    0.00    0.00    0.00    0.00   99.00

09:04:24 PM  CPU    %usr   %nice    %sys %iowait    %irq   %soft  %steal  %guest  %gnice   %idle
09:04:25 PM  all    0.00    0.00    0.00    0.00    0.51   34.09    0.00    0.00    0.00   65.40
09:04:25 PM    0    0.00    0.00    0.00    0.00    1.02   61.22    0.00    0.00    0.00   37.76
09:04:25 PM    1    0.00    0.00    0.00    0.00    1.01   37.37    0.00    0.00    0.00   61.62
09:04:25 PM    2    0.00    0.00    0.00    0.00    0.00   38.38    0.00    0.00    0.00   61.62
09:04:25 PM    3    0.00    0.00    0.00    0.00    0.00    0.00    0.00    0.00    0.00  100.00

09:04:25 PM  CPU    %usr   %nice    %sys %iowait    %irq   %soft  %steal  %guest  %gnice   %idle
09:04:26 PM  all    0.25    0.00    0.25    0.00    0.99   34.00    0.00    0.00    0.00   64.52
09:04:26 PM    0    0.00    0.00    0.00    0.00    1.98   60.40    0.00    0.00    0.00   37.62
09:04:26 PM    1    0.98    0.00    0.98    0.00    0.98   37.25    0.00    0.00    0.00   59.80
09:04:26 PM    2    0.00    0.00    0.00    0.00    1.00   38.00    0.00    0.00    0.00   61.00
09:04:26 PM    3    0.00    0.00    0.00    0.00    0.00    0.00    0.00    0.00    0.00  100.00

09:04:26 PM  CPU    %usr   %nice    %sys %iowait    %irq   %soft  %steal  %guest  %gnice   %idle
09:04:27 PM  all    0.00    0.00    0.25    0.00    0.75   34.42    0.00    0.00    0.00   64.57
09:04:27 PM    0    0.00    0.00    0.00    0.00    1.01   61.62    0.00    0.00    0.00   37.37
09:04:27 PM    1    0.00    0.00    0.00    0.00    1.01   38.38    0.00    0.00    0.00   60.61
09:04:27 PM    2    0.00    0.00    1.00    0.00    1.00   38.00    0.00    0.00    0.00   60.00
09:04:27 PM    3    0.00    0.00    0.00    0.00    0.00    0.00    0.00    0.00    0.00  100.00

09:04:27 PM  CPU    %usr   %nice    %sys %iowait    %irq   %soft  %steal  %guest  %gnice   %idle
09:04:28 PM  all    0.00    0.00    0.50    0.00    0.76   32.24    0.00    0.00    0.00   66.50
09:04:28 PM    0    0.00    0.00    0.00    0.00    1.02   59.18    0.00    0.00    0.00   39.80
09:04:28 PM    1    0.00    0.00    1.00    0.00    0.00    2.00    0.00    0.00    0.00   97.00
09:04:28 PM    2    0.00    0.00    0.00    0.00    1.01   35.35    0.00    0.00    0.00   63.64
09:04:28 PM    3    0.00    0.00    1.00    0.00    1.00   33.00    0.00    0.00    0.00   65.00

09:04:28 PM  CPU    %usr   %nice    %sys %iowait    %irq   %soft  %steal  %guest  %gnice   %idle
09:04:29 PM  all    0.00    0.00    0.00    2.26    0.75   35.09    0.00    0.00    0.00   61.90
09:04:29 PM    0    0.00    0.00    0.00    0.00    1.98   61.39    0.00    0.00    0.00   36.63
09:04:29 PM    1    0.00    0.00    0.00    6.00    0.00    0.00    0.00    0.00    0.00   94.00
09:04:29 PM    2    0.00    0.00    0.00    2.02    1.01   39.39    0.00    0.00    0.00   57.58
09:04:29 PM    3    0.00    0.00    0.00    1.01    0.00   39.39    0.00    0.00    0.00   59.60

09:04:29 PM  CPU    %usr   %nice    %sys %iowait    %irq   %soft  %steal  %guest  %gnice   %idle
09:04:30 PM  all    0.00    0.00    0.00    0.00    0.75   34.34    0.00    0.00    0.00   64.91
09:04:30 PM    0    0.00    0.00    0.00    0.00    1.01   61.62    0.00    0.00    0.00   37.37
09:04:30 PM    1    0.00    0.00    0.00    0.00    0.00    0.00    0.00    0.00    0.00  100.00
09:04:30 PM    2    0.00    0.00    0.00    0.00    1.00   38.00    0.00    0.00    0.00   61.00
09:04:30 PM    3    0.00    0.00    0.00    0.00    1.00   38.00    0.00    0.00    0.00   61.00

09:04:30 PM  CPU    %usr   %nice    %sys %iowait    %irq   %soft  %steal  %guest  %gnice   %idle
09:04:31 PM  all    0.00    0.00    0.00    0.00    1.00   34.09    0.00    0.00    0.00   64.91
09:04:31 PM    0    0.00    0.00    0.00    0.00    2.00   60.00    0.00    0.00    0.00   38.00
09:04:31 PM    1    0.00    0.00    0.00    0.00    0.00    0.00    0.00    0.00    0.00  100.00
09:04:31 PM    2    0.00    0.00    0.00    0.00    1.00   38.00    0.00    0.00    0.00   61.00
09:04:31 PM    3    0.00    0.00    0.00    0.00    1.01   38.38    0.00    0.00    0.00   60.61

09:04:31 PM  CPU    %usr   %nice    %sys %iowait    %irq   %soft  %steal  %guest  %gnice   %idle
09:04:32 PM  all    0.00    0.00    0.25    0.00    0.50   35.77    0.00    0.00    0.00   63.48
09:04:32 PM    0    0.00    0.00    0.00    0.00    1.01   63.64    0.00    0.00    0.00   35.35
09:04:32 PM    1    0.00    0.00    0.00    0.00    0.00   21.43    0.00    0.00    0.00   78.57
09:04:32 PM    2    0.00    0.00    1.00    0.00    0.00   19.00    0.00    0.00    0.00   80.00
09:04:32 PM    3    0.00    0.00    0.00    0.00    1.00   39.00    0.00    0.00    0.00   60.00

09:04:32 PM  CPU    %usr   %nice    %sys %iowait    %irq   %soft  %steal  %guest  %gnice   %idle
09:04:33 PM  all    0.00    0.00    0.00    0.00    0.75   36.09    0.00    0.00    0.00   63.16
09:04:33 PM    0    0.00    0.00    0.00    0.00    1.00   64.00    0.00    0.00    0.00   35.00
09:04:33 PM    1    0.00    0.00    0.00    0.00    1.00   40.00    0.00    0.00    0.00   59.00
09:04:33 PM    2    0.00    0.00    0.00    0.00    0.00    0.00    0.00    0.00    0.00  100.00
09:04:33 PM    3    0.00    0.00    0.00    0.00    1.01   40.40    0.00    0.00    0.00   58.59

09:04:33 PM  CPU    %usr   %nice    %sys %iowait    %irq   %soft  %steal  %guest  %gnice   %idle
09:04:34 PM  all    0.00    0.00    0.00    0.00    1.00   33.08    0.00    0.00    0.00   65.91
09:04:34 PM    0    0.00    0.00    0.00    0.00    2.00   59.00    0.00    0.00    0.00   39.00
09:04:34 PM    1    0.00    0.00    0.00    0.00    1.01   36.36    0.00    0.00    0.00   62.63
09:04:34 PM    2    0.00    0.00    0.00    0.00    0.00    0.00    0.00    0.00    0.00  100.00
09:04:34 PM    3    0.00    0.00    0.00    0.00    1.00   37.00    0.00    0.00    0.00   62.00

09:04:34 PM  CPU    %usr   %nice    %sys %iowait    %irq   %soft  %steal  %guest  %gnice   %idle
09:04:35 PM  all    0.25    0.00    0.00    0.00    0.76   35.26    0.00    0.00    0.00   63.73
09:04:35 PM    0    0.00    0.00    0.00    0.00    1.01   63.64    0.00    0.00    0.00   35.35
09:04:35 PM    1    0.00    0.00    0.00    0.00    1.01   39.39    0.00    0.00    0.00   59.60
09:04:35 PM    2    1.00    0.00    0.00    0.00    0.00    0.00    0.00    0.00    0.00   99.00
09:04:35 PM    3    0.00    0.00    0.00    0.00    1.01   38.38    0.00    0.00    0.00   60.61

09:04:35 PM  CPU    %usr   %nice    %sys %iowait    %irq   %soft  %steal  %guest  %gnice   %idle
09:04:36 PM  all    0.00    0.00    0.00    0.00    0.50   33.17    0.00    0.00    0.00   66.33
09:04:36 PM    0    0.00    0.00    0.00    0.00    1.01   63.64    0.00    0.00    0.00   35.35
09:04:36 PM    1    0.00    0.00    0.00    0.00    1.00   37.00    0.00    0.00    0.00   62.00
09:04:36 PM    2    0.00    0.00    0.00    0.00    0.00    0.00    0.00    0.00    0.00  100.00
09:04:36 PM    3    0.00    0.00    0.00    0.00    0.00   32.32    0.00    0.00    0.00   67.68

09:04:36 PM  CPU    %usr   %nice    %sys %iowait    %irq   %soft  %steal  %guest  %gnice   %idle
09:04:37 PM  all    0.00    0.00    0.00    0.00    0.75   25.31    0.00    0.00    0.00   73.93
09:04:37 PM    0    0.00    0.00    0.00    0.00    2.00   74.00    0.00    0.00    0.00   24.00
09:04:37 PM    1    0.00    0.00    0.00    0.00    1.01   27.27    0.00    0.00    0.00   71.72
09:04:37 PM    2    0.00    0.00    0.00    0.00    0.00    0.00    0.00    0.00    0.00  100.00
09:04:37 PM    3    0.00    0.00    0.00    0.00    0.00    0.00    0.00    0.00    0.00  100.00

09:04:37 PM  CPU    %usr   %nice    %sys %iowait    %irq   %soft  %steal  %guest  %gnice   %idle
09:04:38 PM  all    0.00    0.00    0.00    0.00    0.25   25.06    0.00    0.00    0.00   74.69
09:04:38 PM    0    0.00    0.00    0.00    0.00    1.00   73.00    0.00    0.00    0.00   26.00
09:04:38 PM    1    0.00    0.00    0.00    0.00    0.00   27.27    0.00    0.00    0.00   72.73
09:04:38 PM    2    0.00    0.00    0.00    0.00    0.00    0.00    0.00    0.00    0.00  100.00
09:04:38 PM    3    0.00    0.00    0.00    0.00    0.00    0.00    0.00    0.00    0.00  100.00

09:04:38 PM  CPU    %usr   %nice    %sys %iowait    %irq   %soft  %steal  %guest  %gnice   %idle
09:04:39 PM  all    0.00    0.00    0.00    0.00    0.75   24.81    0.00    0.00    0.00   74.44
09:04:39 PM    0    0.00    0.00    0.00    0.00    2.02   72.73    0.00    0.00    0.00   25.25
09:04:39 PM    1    0.00    0.00    0.00    0.00    1.00   27.00    0.00    0.00    0.00   72.00
09:04:39 PM    2    0.00    0.00    0.00    0.00    0.00    0.00    0.00    0.00    0.00  100.00
09:04:39 PM    3    0.00    0.00    0.00    0.00    0.00    0.00    0.00    0.00    0.00  100.00

09:04:39 PM  CPU    %usr   %nice    %sys %iowait    %irq   %soft  %steal  %guest  %gnice   %idle
09:04:40 PM  all    0.00    0.00    0.00    0.00    0.50   25.06    0.00    0.00    0.00   74.44
09:04:40 PM    0    0.00    0.00    0.00    0.00    1.01   73.74    0.00    0.00    0.00   25.25
09:04:40 PM    1    0.00    0.00    0.00    0.00    1.00   27.00    0.00    0.00    0.00   72.00
09:04:40 PM    2    0.00    0.00    0.00    0.00    0.00    0.00    0.00    0.00    0.00  100.00
09:04:40 PM    3    0.00    0.00    0.00    0.00    0.00    0.00    0.00    0.00    0.00  100.00

09:04:40 PM  CPU    %usr   %nice    %sys %iowait    %irq   %soft  %steal  %guest  %gnice   %idle
09:04:41 PM  all    0.50    0.00    0.25    0.00    0.50   29.57    0.00    0.00    0.00   69.17
09:04:41 PM    0    0.00    0.00    1.00    0.00    1.00   62.00    0.00    0.00    0.00   36.00
09:04:41 PM    1    2.00    0.00    0.00    0.00    0.00    7.00    0.00    0.00    0.00   91.00
09:04:41 PM    2    0.00    0.00    0.00    0.00    0.00    0.00    0.00    0.00    0.00  100.00
09:04:41 PM    3    0.00    0.00    0.00    0.00    1.00   49.00    0.00    0.00    0.00   50.00

09:04:41 PM  CPU    %usr   %nice    %sys %iowait    %irq   %soft  %steal  %guest  %gnice   %idle
09:04:42 PM  all    0.00    0.00    0.00    0.00    0.50   31.58    0.00    0.00    0.00   67.92
09:04:42 PM    0    0.00    0.00    0.00    0.00    2.00   58.00    0.00    0.00    0.00   40.00
09:04:42 PM    1    0.00    0.00    0.00    0.00    0.00    0.00    0.00    0.00    0.00  100.00
09:04:42 PM    2    0.00    0.00    0.00    0.00    0.00    0.00    0.00    0.00    0.00  100.00
09:04:42 PM    3    0.00    0.00    0.00    0.00    0.00   68.69    0.00    0.00    0.00   31.31

09:04:42 PM  CPU    %usr   %nice    %sys %iowait    %irq   %soft  %steal  %guest  %gnice   %idle
09:04:43 PM  all    0.00    0.00    0.00    0.00    0.50   31.42    0.00    0.00    0.00   68.08
09:04:43 PM    0    0.00    0.00    0.00    0.00    1.00   58.00    0.00    0.00    0.00   41.00
09:04:43 PM    1    0.00    0.00    0.00    0.00    0.00    0.00    0.00    0.00    0.00  100.00
09:04:43 PM    2    0.00    0.00    0.00    0.00    0.00    0.00    0.00    0.00    0.00  100.00
09:04:43 PM    3    0.00    0.00    0.00    0.00    0.99   67.33    0.00    0.00    0.00   31.68

09:04:43 PM  CPU    %usr   %nice    %sys %iowait    %irq   %soft  %steal  %guest  %gnice   %idle
09:04:44 PM  all    0.00    0.00    0.00    0.00    0.25   30.25    0.00    0.00    0.00   69.50
09:04:44 PM    0    0.00    0.00    0.00    0.00    1.00   57.00    0.00    0.00    0.00   42.00
09:04:44 PM    1    0.00    0.00    0.00    0.00    0.00    0.00    0.00    0.00    0.00  100.00
09:04:44 PM    2    0.00    0.00    0.00    0.00    0.00    0.00    0.00    0.00    0.00  100.00
09:04:44 PM    3    0.00    0.00    0.00    0.00    0.00   64.00    0.00    0.00    0.00   36.00

09:04:44 PM  CPU    %usr   %nice    %sys %iowait    %irq   %soft  %steal  %guest  %gnice   %idle
09:04:45 PM  all    0.00    0.00    0.00    0.00    1.00   31.58    0.00    0.00    0.00   67.42
09:04:45 PM    0    0.00    0.00    0.00    0.00    2.00   58.00    0.00    0.00    0.00   40.00
09:04:45 PM    1    0.00    0.00    0.00    0.00    0.00    0.00    0.00    0.00    0.00  100.00
09:04:45 PM    2    0.00    0.00    0.00    0.00    1.00   12.00    0.00    0.00    0.00   87.00
09:04:45 PM    3    0.00    0.00    0.00    0.00    1.01   56.57    0.00    0.00    0.00   42.42

09:04:45 PM  CPU    %usr   %nice    %sys %iowait    %irq   %soft  %steal  %guest  %gnice   %idle
09:04:46 PM  all    0.00    0.00    0.50    0.00    0.50   34.67    0.00    0.00    0.00   64.32
09:04:46 PM    0    0.00    0.00    0.00    0.00    1.01   61.62    0.00    0.00    0.00   37.37
09:04:46 PM    1    0.00    0.00    1.00    0.00    0.00    0.00    0.00    0.00    0.00   99.00
09:04:46 PM    2    0.00    0.00    0.00    0.00    0.00   38.78    0.00    0.00    0.00   61.22
09:04:46 PM    3    0.00    0.00    0.99    0.00    0.99   38.61    0.00    0.00    0.00   59.41

09:04:46 PM  CPU    %usr   %nice    %sys %iowait    %irq   %soft  %steal  %guest  %gnice   %idle
09:04:47 PM  all    0.00    0.00    0.00    0.25    0.50   35.18    0.00    0.00    0.00   64.07
09:04:47 PM    0    0.00    0.00    0.00    0.00    1.01   62.63    0.00    0.00    0.00   36.36
09:04:47 PM    1    0.00    0.00    0.00    0.00    0.00    0.00    0.00    0.00    0.00  100.00
09:04:47 PM    2    0.00    0.00    0.00    0.00    1.00   39.00    0.00    0.00    0.00   60.00
09:04:47 PM    3    0.00    0.00    0.00    1.01    0.00   39.39    0.00    0.00    0.00   59.60

09:04:47 PM  CPU    %usr   %nice    %sys %iowait    %irq   %soft  %steal  %guest  %gnice   %idle
09:04:48 PM  all    0.25    0.00    0.50    0.00    1.00   32.75    0.00    0.00    0.00   65.50
09:04:48 PM    0    0.00    0.00    0.00    0.00    2.00   59.00    0.00    0.00    0.00   39.00
09:04:48 PM    1    0.00    0.00    1.00    0.00    0.00    0.00    0.00    0.00    0.00   99.00
09:04:48 PM    2    0.00    0.00    1.00    0.00    1.00   36.00    0.00    0.00    0.00   62.00
09:04:48 PM    3    1.00    0.00    0.00    0.00    1.00   36.00    0.00    0.00    0.00   62.00

09:04:48 PM  CPU    %usr   %nice    %sys %iowait    %irq   %soft  %steal  %guest  %gnice   %idle
09:04:49 PM  all    0.25    0.00    0.00    0.00    0.75   33.75    0.00    0.00    0.00   65.25
09:04:49 PM    0    0.00    0.00    0.00    0.00    1.01   60.61    0.00    0.00    0.00   38.38
09:04:49 PM    1    0.99    0.00    0.00    0.00    0.00    0.00    0.00    0.00    0.00   99.01
09:04:49 PM    2    0.00    0.00    0.00    0.00    0.99   37.62    0.00    0.00    0.00   61.39
09:04:49 PM    3    0.00    0.00    0.00    0.00    1.01   37.37    0.00    0.00    0.00   61.62

Average:     CPU    %usr   %nice    %sys %iowait    %irq   %soft  %steal  %guest  %gnice   %idle
Average:     all    0.07    0.00    0.10    0.09    0.70   32.50    0.00    0.00    0.00   66.54
Average:       0    0.00    0.00    0.03    0.00    1.37   62.57    0.00    0.00    0.00   36.02
Average:       1    0.17    0.00    0.17    0.23    0.37   15.13    0.00    0.00    0.00   83.93
Average:       2    0.03    0.00    0.13    0.07    0.50   21.25    0.00    0.00    0.00   78.02
Average:       3    0.07    0.00    0.07    0.07    0.57   31.12    0.00    0.00    0.00   68.11
