Linux 7.0.12 (bpi-f3) 	06/25/2026 	_riscv64_	(8 CPU)

01:31:21 PM  CPU    %usr   %nice    %sys %iowait    %irq   %soft  %steal  %guest  %gnice   %idle
01:31:22 PM  all    0.52    0.00    1.95    0.00    1.17   36.75    0.00    0.00    0.00   59.61
01:31:22 PM    0    0.00    0.00    0.00    0.00    5.00   95.00    0.00    0.00    0.00    0.00
01:31:22 PM    1    0.00    0.00    1.01    0.00    0.00    8.08    0.00    0.00    0.00   90.91
01:31:22 PM    2    0.00    0.00    1.01    0.00    0.00    7.07    0.00    0.00    0.00   91.92
01:31:22 PM    3    0.00    0.00    0.00    0.00    0.00    0.00    0.00    0.00    0.00  100.00
01:31:22 PM    4    1.08    0.00    4.30    0.00    1.08   49.46    0.00    0.00    0.00   44.09
01:31:22 PM    5    1.06    0.00    4.26    0.00    1.06   47.87    0.00    0.00    0.00   45.74
01:31:22 PM    6    1.08    0.00    2.15    0.00    1.08   43.01    0.00    0.00    0.00   52.69
01:31:22 PM    7    1.08    0.00    3.23    0.00    1.08   45.16    0.00    0.00    0.00   49.46

01:31:22 PM  CPU    %usr   %nice    %sys %iowait    %irq   %soft  %steal  %guest  %gnice   %idle
01:31:23 PM  all    1.16    0.00    4.11    0.00    2.31   34.58    0.00    0.00    0.00   57.84
01:31:23 PM    0    0.00    0.00    0.00    0.00    5.00   95.00    0.00    0.00    0.00    0.00
01:31:23 PM    1    1.05    0.00    7.37    0.00    3.16   14.74    0.00    0.00    0.00   73.68
01:31:23 PM    2    1.00    0.00    1.00    0.00    0.00   10.00    0.00    0.00    0.00   88.00
01:31:23 PM    3    1.00    0.00    1.00    0.00    1.00   12.00    0.00    0.00    0.00   85.00
01:31:23 PM    4    1.09    0.00    6.52    0.00    4.35   25.00    0.00    0.00    0.00   63.04
01:31:23 PM    5    1.00    0.00    3.00    0.00    1.00   68.00    0.00    0.00    0.00   27.00
01:31:23 PM    6    1.05    0.00    7.37    0.00    2.11   29.47    0.00    0.00    0.00   60.00
01:31:23 PM    7    3.12    0.00    7.29    0.00    2.08   19.79    0.00    0.00    0.00   67.71

01:31:23 PM  CPU    %usr   %nice    %sys %iowait    %irq   %soft  %steal  %guest  %gnice   %idle
01:31:24 PM  all    1.56    0.00    6.00    0.00    3.26   31.16    0.00    0.00    0.00   58.02
01:31:24 PM    0    0.00    0.00    0.00    0.00    4.04   95.96    0.00    0.00    0.00    0.00
01:31:24 PM    1    5.26    0.00   17.89    0.00    6.32    0.00    0.00    0.00    0.00   70.53
01:31:24 PM    2    0.00    0.00    1.02    0.00    0.00    2.04    0.00    0.00    0.00   96.94
01:31:24 PM    3    0.00    0.00    1.00    0.00    0.00    6.00    0.00    0.00    0.00   93.00
01:31:24 PM    4    3.37    0.00    7.87    0.00    5.62   13.48    0.00    0.00    0.00   69.66
01:31:24 PM    5    0.00    0.00    0.00    0.00    1.00   99.00    0.00    0.00    0.00    0.00
01:31:24 PM    6    1.06    0.00   10.64    0.00    4.26   15.96    0.00    0.00    0.00   68.09
01:31:24 PM    7    3.26    0.00   10.87    0.00    5.43   10.87    0.00    0.00    0.00   69.57

01:31:24 PM  CPU    %usr   %nice    %sys %iowait    %irq   %soft  %steal  %guest  %gnice   %idle
01:31:25 PM  all    1.82    0.00    5.32    0.00    3.38   31.04    0.00    0.00    0.00   58.44
01:31:25 PM    0    0.00    0.00    0.00    0.00    5.00   95.00    0.00    0.00    0.00    0.00
01:31:25 PM    1    5.43    0.00   14.13    0.00    6.52    1.09    0.00    0.00    0.00   72.83
01:31:25 PM    2    0.00    0.00    1.01    0.00    1.01    6.06    0.00    0.00    0.00   91.92
01:31:25 PM    3    0.00    0.00    0.00    0.00    0.00    0.00    0.00    0.00    0.00  100.00
01:31:25 PM    4    3.12    0.00    9.38    0.00    4.17   19.79    0.00    0.00    0.00   63.54
01:31:25 PM    5    0.00    0.00    0.00    0.00    0.00  100.00    0.00    0.00    0.00    0.00
01:31:25 PM    6    2.17    0.00    9.78    0.00    4.35   13.04    0.00    0.00    0.00   70.65
01:31:25 PM    7    4.35    0.00    9.78    0.00    6.52    7.61    0.00    0.00    0.00   71.74

01:31:25 PM  CPU    %usr   %nice    %sys %iowait    %irq   %soft  %steal  %guest  %gnice   %idle
01:31:26 PM  all    1.32    0.00    5.39    0.00    3.29   31.84    0.00    0.00    0.00   58.16
01:31:26 PM    0    0.00    0.00    0.00    0.00    4.95   95.05    0.00    0.00    0.00    0.00
01:31:26 PM    1    0.00    0.00    5.26    0.00    2.11   11.58    0.00    0.00    0.00   81.05
01:31:26 PM    2    3.30    0.00   10.99    0.00    5.49    4.40    0.00    0.00    0.00   75.82
01:31:26 PM    3    0.00    0.00    0.00    0.00    0.00    0.00    0.00    0.00    0.00  100.00
01:31:26 PM    4    4.44    0.00   11.11    0.00    5.56    6.67    0.00    0.00    0.00   72.22
01:31:26 PM    5    0.00    0.00    0.00    0.00    1.00   99.00    0.00    0.00    0.00    0.00
01:31:26 PM    6    1.04    0.00    7.29    0.00    2.08   20.83    0.00    0.00    0.00   68.75
01:31:26 PM    7    2.27    0.00   10.23    0.00    5.68    6.82    0.00    0.00    0.00   75.00

01:31:26 PM  CPU    %usr   %nice    %sys %iowait    %irq   %soft  %steal  %guest  %gnice   %idle
01:31:27 PM  all    1.55    0.00    6.21    0.00    3.36   31.18    0.00    0.00    0.00   57.70
01:31:27 PM    0    0.00    0.00    0.00    0.00    4.04   95.96    0.00    0.00    0.00    0.00
01:31:27 PM    1    3.19    0.00    9.57    0.00    3.19   12.77    0.00    0.00    0.00   71.28
01:31:27 PM    2    4.00    0.00    8.00    0.00    3.00    0.00    0.00    0.00    0.00   85.00
01:31:27 PM    3    0.00    0.00    0.00    0.00    0.00    0.00    0.00    0.00    0.00  100.00
01:31:27 PM    4    2.22    0.00   13.33    0.00    7.78    1.11    0.00    0.00    0.00   75.56
01:31:27 PM    5    0.00    0.00    0.00    0.00    0.99   99.01    0.00    0.00    0.00    0.00
01:31:27 PM    6    1.05    0.00    9.47    0.00    4.21   11.58    0.00    0.00    0.00   73.68
01:31:27 PM    7    2.13    0.00   10.64    0.00    4.26   23.40    0.00    0.00    0.00   59.57

01:31:27 PM  CPU    %usr   %nice    %sys %iowait    %irq   %soft  %steal  %guest  %gnice   %idle
01:31:28 PM  all    1.57    0.00    5.88    0.00    3.14   31.24    0.00    0.00    0.00   58.17
01:31:28 PM    0    0.00    0.00    0.00    0.00    5.00   95.00    0.00    0.00    0.00    0.00
01:31:28 PM    1    2.08    0.00    4.17    0.00    3.12   10.42    0.00    0.00    0.00   80.21
01:31:28 PM    2    0.00    0.00    0.00    0.00    0.00    9.28    0.00    0.00    0.00   90.72
01:31:28 PM    3    4.12    0.00   13.40    0.00    4.12    0.00    0.00    0.00    0.00   78.35
01:31:28 PM    4    3.12    0.00   10.42    0.00    3.12   10.42    0.00    0.00    0.00   72.92
01:31:28 PM    5    0.00    0.00    0.00    0.00    0.00  100.00    0.00    0.00    0.00    0.00
01:31:28 PM    6    1.14    0.00    7.95    0.00    4.55   18.18    0.00    0.00    0.00   68.18
01:31:28 PM    7    2.17    0.00   11.96    0.00    5.43    0.00    0.00    0.00    0.00   80.43

01:31:28 PM  CPU    %usr   %nice    %sys %iowait    %irq   %soft  %steal  %guest  %gnice   %idle
01:31:29 PM  all    1.82    0.00    5.59    0.00    3.38   31.08    0.00    0.00    0.00   58.13
01:31:29 PM    0    0.00    0.00    0.00    0.00    4.95   95.05    0.00    0.00    0.00    0.00
01:31:29 PM    1    0.00    0.00    0.00    0.00    0.00    1.00    0.00    0.00    0.00   99.00
01:31:29 PM    2    0.00    0.00    0.00    0.00    0.00    0.00    0.00    0.00    0.00  100.00
01:31:29 PM    3    3.33    0.00   16.67    0.00    7.78    0.00    0.00    0.00    0.00   72.22
01:31:29 PM    4    4.49    0.00   12.36    0.00    6.74    0.00    0.00    0.00    0.00   76.40
01:31:29 PM    5    0.00    0.00    0.00    0.00    1.00   99.00    0.00    0.00    0.00    0.00
01:31:29 PM    6    4.30    0.00    7.53    0.00    3.23   23.66    0.00    0.00    0.00   61.29
01:31:29 PM    7    3.12    0.00   10.42    0.00    4.17   21.88    0.00    0.00    0.00   60.42

01:31:29 PM  CPU    %usr   %nice    %sys %iowait    %irq   %soft  %steal  %guest  %gnice   %idle
01:31:30 PM  all    2.10    0.00    6.55    0.00    3.54   31.59    0.00    0.00    0.00   56.23
01:31:30 PM    0    0.00    0.00    0.00    0.00    5.00   95.00    0.00    0.00    0.00    0.00
01:31:30 PM    1    1.08    0.00    8.60    0.00    2.15    9.68    0.00    0.00    0.00   78.49
01:31:30 PM    2    1.08    0.00   10.75    0.00    4.30    3.23    0.00    0.00    0.00   80.65
01:31:30 PM    3    4.35    0.00   13.04    0.00    5.43    1.09    0.00    0.00    0.00   76.09
01:31:30 PM    4    4.26    0.00   11.70    0.00    6.38    8.51    0.00    0.00    0.00   69.15
01:31:30 PM    5    0.00    0.00    0.00    0.00    1.00   99.00    0.00    0.00    0.00    0.00
01:31:30 PM    6    4.12    0.00    6.19    0.00    3.09    5.15    0.00    0.00    0.00   81.44
01:31:30 PM    7    2.13    0.00    3.19    0.00    1.06   22.34    0.00    0.00    0.00   71.28

01:31:30 PM  CPU    %usr   %nice    %sys %iowait    %irq   %soft  %steal  %guest  %gnice   %idle
01:31:31 PM  all    1.32    0.00    5.66    0.00    3.55   31.97    0.00    0.00    0.00   57.50
01:31:31 PM    0    0.00    0.00    0.00    0.00    4.04   95.96    0.00    0.00    0.00    0.00
01:31:31 PM    1    2.25    0.00   11.24    0.00    6.74   17.98    0.00    0.00    0.00   61.80
01:31:31 PM    2    5.75    0.00    9.20    0.00    8.05    4.60    0.00    0.00    0.00   72.41
01:31:31 PM    3    1.10    0.00   15.38    0.00    6.59    9.89    0.00    0.00    0.00   67.03
01:31:31 PM    4    1.05    0.00    9.47    0.00    3.16    4.21    0.00    0.00    0.00   82.11
01:31:31 PM    5    0.00    0.00    0.00    0.00    0.99   99.01    0.00    0.00    0.00    0.00
01:31:31 PM    6    0.00    0.00    1.00    0.00    0.00    4.00    0.00    0.00    0.00   95.00
01:31:31 PM    7    1.02    0.00    1.02    0.00    0.00   11.22    0.00    0.00    0.00   86.73

01:31:31 PM  CPU    %usr   %nice    %sys %iowait    %irq   %soft  %steal  %guest  %gnice   %idle
01:31:32 PM  all    1.69    0.00    6.87    0.00    3.24   31.39    0.00    0.00    0.00   56.81
01:31:32 PM    0    0.00    0.00    0.00    0.00    5.00   95.00    0.00    0.00    0.00    0.00
01:31:32 PM    1    2.11    0.00   14.74    0.00    4.21   12.63    0.00    0.00    0.00   66.32
01:31:32 PM    2    2.06    0.00    9.28    0.00    3.09    7.22    0.00    0.00    0.00   78.35
01:31:32 PM    3    1.06    0.00   11.70    0.00    4.26    5.32    0.00    0.00    0.00   77.66
01:31:32 PM    4    2.02    0.00    5.05    0.00    2.02   11.11    0.00    0.00    0.00   79.80
01:31:32 PM    5    0.00    0.00    0.00    0.00    0.00  100.00    0.00    0.00    0.00    0.00
01:31:32 PM    6    5.56    0.00   11.11    0.00    5.56    3.33    0.00    0.00    0.00   74.44
01:31:32 PM    7    1.03    0.00    4.12    0.00    2.06   10.31    0.00    0.00    0.00   82.47

01:31:32 PM  CPU    %usr   %nice    %sys %iowait    %irq   %soft  %steal  %guest  %gnice   %idle
01:31:33 PM  all    1.70    0.00    6.42    0.00    3.67   31.98    0.00    0.00    0.00   56.23
01:31:33 PM    0    0.00    0.00    0.00    0.00    4.95   95.05    0.00    0.00    0.00    0.00
01:31:33 PM    1    3.30    0.00   13.19    0.00    7.69    2.20    0.00    0.00    0.00   73.63
01:31:33 PM    2    1.04    0.00    4.17    0.00    1.04   16.67    0.00    0.00    0.00   77.08
01:31:33 PM    3    3.09    0.00    6.19    0.00    2.06    3.09    0.00    0.00    0.00   85.57
01:31:33 PM    4    4.49    0.00   12.36    0.00    6.74    1.12    0.00    0.00    0.00   75.28
01:31:33 PM    5    0.00    0.00    0.00    0.00    0.99   99.01    0.00    0.00    0.00    0.00
01:31:33 PM    6    1.10    0.00    9.89    0.00    4.40    6.59    0.00    0.00    0.00   78.02
01:31:33 PM    7    1.03    0.00    7.22    0.00    2.06   20.62    0.00    0.00    0.00   69.07

01:31:33 PM  CPU    %usr   %nice    %sys %iowait    %irq   %soft  %steal  %guest  %gnice   %idle
01:31:34 PM  all    1.04    0.00    6.62    0.00    3.77   31.04    0.00    0.00    0.00   57.53
01:31:34 PM    0    0.00    0.00    0.00    0.00    5.00   95.00    0.00    0.00    0.00    0.00
01:31:34 PM    1    1.08    0.00    8.60    0.00    4.30    0.00    0.00    0.00    0.00   86.02
01:31:34 PM    2    1.05    0.00    8.42    0.00    5.26    4.21    0.00    0.00    0.00   81.05
01:31:34 PM    3    1.03    0.00    9.28    0.00    4.12    6.19    0.00    0.00    0.00   79.38
01:31:34 PM    4    3.23    0.00    9.68    0.00    4.30    8.60    0.00    0.00    0.00   74.19
01:31:34 PM    5    0.00    0.00    0.00    0.00    1.00   99.00    0.00    0.00    0.00    0.00
01:31:34 PM    6    1.04    0.00    8.33    0.00    3.12   14.58    0.00    0.00    0.00   72.92
01:31:34 PM    7    1.04    0.00    9.38    0.00    3.12   13.54    0.00    0.00    0.00   72.92

01:31:34 PM  CPU    %usr   %nice    %sys %iowait    %irq   %soft  %steal  %guest  %gnice   %idle
01:31:35 PM  all    1.83    0.00    5.87    0.00    3.13   31.20    0.00    0.00    0.00   57.96
01:31:35 PM    0    0.00    0.00    0.00    0.00    4.04   95.96    0.00    0.00    0.00    0.00
01:31:35 PM    1    1.01    0.00    4.04    0.00    1.01    1.01    0.00    0.00    0.00   92.93
01:31:35 PM    2    4.17    0.00   14.58    0.00    6.25    1.04    0.00    0.00    0.00   73.96
01:31:35 PM    3    5.56    0.00    7.78    0.00    5.56    0.00    0.00    0.00    0.00   81.11
01:31:35 PM    4    1.03    0.00    4.12    0.00    1.03   23.71    0.00    0.00    0.00   70.10
01:31:35 PM    5    0.00    0.00    0.00    0.00    0.00  100.00    0.00    0.00    0.00    0.00
01:31:35 PM    6    1.09    0.00    7.61    0.00    4.35   17.39    0.00    0.00    0.00   69.57
01:31:35 PM    7    2.13    0.00    9.57    0.00    3.19    4.26    0.00    0.00    0.00   80.85

01:31:35 PM  CPU    %usr   %nice    %sys %iowait    %irq   %soft  %steal  %guest  %gnice   %idle
01:31:36 PM  all    1.04    0.00    6.01    0.00    3.52   31.33    0.00    0.00    0.00   58.09
01:31:36 PM    0    0.00    0.00    0.00    0.00    4.95   95.05    0.00    0.00    0.00    0.00
01:31:36 PM    1    0.00    0.00    4.17    0.00    3.12    3.12    0.00    0.00    0.00   89.58
01:31:36 PM    2    0.00    0.00    4.08    0.00    1.02    4.08    0.00    0.00    0.00   90.82
01:31:36 PM    3    3.37    0.00   14.61    0.00    7.87    0.00    0.00    0.00    0.00   74.16
01:31:36 PM    4    2.04    0.00    7.14    0.00    2.04   11.22    0.00    0.00    0.00   77.55
01:31:36 PM    5    0.00    0.00    0.00    0.00    0.99   99.01    0.00    0.00    0.00    0.00
01:31:36 PM    6    1.09    0.00    7.61    0.00    3.26   16.30    0.00    0.00    0.00   71.74
01:31:36 PM    7    2.20    0.00   12.09    0.00    5.49   12.09    0.00    0.00    0.00   68.13

01:31:36 PM  CPU    %usr   %nice    %sys %iowait    %irq   %soft  %steal  %guest  %gnice   %idle
01:31:37 PM  all    1.42    0.00    7.11    0.00    3.36   30.75    0.00    0.00    0.00   57.36
01:31:37 PM    0    0.00    0.00    0.00    0.00    4.04   95.96    0.00    0.00    0.00    0.00
01:31:37 PM    1    3.12    0.00   12.50    0.00    4.17    0.00    0.00    0.00    0.00   80.21
01:31:37 PM    2    1.08    0.00   11.83    0.00    5.38    0.00    0.00    0.00    0.00   81.72
01:31:37 PM    3    2.04    0.00    4.08    0.00    2.04    1.02    0.00    0.00    0.00   90.82
01:31:37 PM    4    3.23    0.00   15.05    0.00    6.45    7.53    0.00    0.00    0.00   67.74
01:31:37 PM    5    0.00    0.00    0.00    0.00    1.00   99.00    0.00    0.00    0.00    0.00
01:31:37 PM    6    1.02    0.00    8.16    0.00    2.04   16.33    0.00    0.00    0.00   72.45
01:31:37 PM    7    1.03    0.00    6.19    0.00    2.06   20.62    0.00    0.00    0.00   70.10

01:31:37 PM  CPU    %usr   %nice    %sys %iowait    %irq   %soft  %steal  %guest  %gnice   %idle
01:31:38 PM  all    1.31    0.00    5.63    0.00    3.66   31.28    0.00    0.00    0.00   58.12
01:31:38 PM    0    0.00    0.00    0.00    0.00    5.00   95.00    0.00    0.00    0.00    0.00
01:31:38 PM    1    2.02    0.00    4.04    0.00    2.02    9.09    0.00    0.00    0.00   82.83
01:31:38 PM    2    3.33    0.00   13.33    0.00    7.78    0.00    0.00    0.00    0.00   75.56
01:31:38 PM    3    0.00    0.00    6.25    0.00    3.12    0.00    0.00    0.00    0.00   90.62
01:31:38 PM    4    0.00    0.00    6.38    0.00    2.13   31.91    0.00    0.00    0.00   59.57
01:31:38 PM    5    0.00    0.00    0.00    0.00    1.00   99.00    0.00    0.00    0.00    0.00
01:31:38 PM    6    3.37    0.00   13.48    0.00    6.74    2.25    0.00    0.00    0.00   74.16
01:31:38 PM    7    2.08    0.00    3.12    0.00    2.08    4.17    0.00    0.00    0.00   88.54

01:31:38 PM  CPU    %usr   %nice    %sys %iowait    %irq   %soft  %steal  %guest  %gnice   %idle
01:31:39 PM  all    2.08    0.00    7.02    0.00    3.38   31.34    0.00    0.00    0.00   56.18
01:31:39 PM    0    0.00    0.00    0.98    0.00    4.90   94.12    0.00    0.00    0.00    0.00
01:31:39 PM    1    0.00    0.00    2.06    0.00    1.03    6.19    0.00    0.00    0.00   90.72
01:31:39 PM    2    3.33    0.00   11.11    0.00    4.44    0.00    0.00    0.00    0.00   81.11
01:31:39 PM    3    2.00    0.00    1.00    0.00    1.00    0.00    0.00    0.00    0.00   96.00
01:31:39 PM    4    5.32    0.00   15.96    0.00    5.32    7.45    0.00    0.00    0.00   65.96
01:31:39 PM    5    0.00    0.00    0.00    0.00    0.00  100.00    0.00    0.00    0.00    0.00
01:31:39 PM    6    2.11    0.00   12.63    0.00    4.21   25.26    0.00    0.00    0.00   55.79
01:31:39 PM    7    4.35    0.00   14.13    0.00    6.52    9.78    0.00    0.00    0.00   65.22

01:31:39 PM  CPU    %usr   %nice    %sys %iowait    %irq   %soft  %steal  %guest  %gnice   %idle
01:31:40 PM  all    1.06    0.00    5.80    0.00    3.30   31.40    0.00    0.00    0.00   58.44
01:31:40 PM    0    0.00    0.00    0.00    0.00    4.04   95.96    0.00    0.00    0.00    0.00
01:31:40 PM    1    0.00    0.00    1.00    0.00    0.00    3.00    0.00    0.00    0.00   96.00
01:31:40 PM    2    3.37    0.00   15.73    0.00    7.87    0.00    0.00    0.00    0.00   73.03
01:31:40 PM    3    0.00    0.00    0.00    0.00    0.00    0.00    0.00    0.00    0.00  100.00
01:31:40 PM    4    3.30    0.00    9.89    0.00    5.49   14.29    0.00    0.00    0.00   67.03
01:31:40 PM    5    0.00    0.00    0.00    0.00    1.00   99.00    0.00    0.00    0.00    0.00
01:31:40 PM    6    1.12    0.00   10.11    0.00    3.37   23.60    0.00    0.00    0.00   61.80
01:31:40 PM    7    1.11    0.00   12.22    0.00    5.56    7.78    0.00    0.00    0.00   73.33

01:31:40 PM  CPU    %usr   %nice    %sys %iowait    %irq   %soft  %steal  %guest  %gnice   %idle
01:31:41 PM  all    1.44    0.00    5.25    0.00    3.54   32.02    0.00    0.00    0.00   57.74
01:31:41 PM    0    0.00    0.00    0.00    0.00    4.95   95.05    0.00    0.00    0.00    0.00
01:31:41 PM    1    2.13    0.00    7.45    0.00    3.19   17.02    0.00    0.00    0.00   70.21
01:31:41 PM    2    2.15    0.00    6.45    0.00    4.30    3.23    0.00    0.00    0.00   83.87
01:31:41 PM    3    3.45    0.00   12.64    0.00    6.90    0.00    0.00    0.00    0.00   77.01
01:31:41 PM    4    1.08    0.00    6.45    0.00    3.23    6.45    0.00    0.00    0.00   82.80
01:31:41 PM    5    0.00    0.00    0.00    0.00    0.99   99.01    0.00    0.00    0.00    0.00
01:31:41 PM    6    0.00    0.00    6.25    0.00    3.12   12.50    0.00    0.00    0.00   78.12
01:31:41 PM    7    3.09    0.00    4.12    0.00    2.06   11.34    0.00    0.00    0.00   79.38

01:31:41 PM  CPU    %usr   %nice    %sys %iowait    %irq   %soft  %steal  %guest  %gnice   %idle
01:31:42 PM  all    1.30    0.00    6.26    0.00    3.13   31.68    0.00    0.00    0.00   57.63
01:31:42 PM    0    0.00    0.00    0.00    0.00    4.04   95.96    0.00    0.00    0.00    0.00
01:31:42 PM    1    4.26    0.00    7.45    0.00    4.26    9.57    0.00    0.00    0.00   74.47
01:31:42 PM    2    1.05    0.00   13.68    0.00    4.21    0.00    0.00    0.00    0.00   81.05
01:31:42 PM    3    0.00    0.00    5.21    0.00    2.08   13.54    0.00    0.00    0.00   79.17
01:31:42 PM    4    4.44    0.00   12.22    0.00    6.67    3.33    0.00    0.00    0.00   73.33
01:31:42 PM    5    0.00    0.00    0.00    0.00    0.00  100.00    0.00    0.00    0.00    0.00
01:31:42 PM    6    1.02    0.00    3.06    0.00    1.02   15.31    0.00    0.00    0.00   79.59
01:31:42 PM    7    0.00    0.00    9.38    0.00    3.12    9.38    0.00    0.00    0.00   78.12

01:31:42 PM  CPU    %usr   %nice    %sys %iowait    %irq   %soft  %steal  %guest  %gnice   %idle
01:31:43 PM  all    1.83    0.00    5.87    0.00    3.66   31.33    0.00    0.00    0.00   57.31
01:31:43 PM    0    0.00    0.00    0.00    0.00    5.00   95.00    0.00    0.00    0.00    0.00
01:31:43 PM    1    2.11    0.00   12.63    0.00    5.26    9.47    0.00    0.00    0.00   70.53
01:31:43 PM    2    6.45    0.00   15.05    0.00    7.53    0.00    0.00    0.00    0.00   70.97
01:31:43 PM    3    2.11    0.00    5.26    0.00    3.16   13.68    0.00    0.00    0.00   75.79
01:31:43 PM    4    1.03    0.00    2.06    0.00    1.03   21.65    0.00    0.00    0.00   74.23
01:31:43 PM    5    0.00    0.00    0.00    0.00    1.00   99.00    0.00    0.00    0.00    0.00
01:31:43 PM    6    0.00    0.00    0.00    0.00    0.00    3.06    0.00    0.00    0.00   96.94
01:31:43 PM    7    3.41    0.00   13.64    0.00    6.82    0.00    0.00    0.00    0.00   76.14

01:31:43 PM  CPU    %usr   %nice    %sys %iowait    %irq   %soft  %steal  %guest  %gnice   %idle
01:31:44 PM  all    1.68    0.00    6.57    0.00    3.61   31.44    0.00    0.00    0.00   56.70
01:31:44 PM    0    0.00    0.00    0.00    0.00    4.95   95.05    0.00    0.00    0.00    0.00
01:31:44 PM    1    3.23    0.00   15.05    0.00    6.45    9.68    0.00    0.00    0.00   65.59
01:31:44 PM    2    3.19    0.00   17.02    0.00    7.45    1.06    0.00    0.00    0.00   71.28
01:31:44 PM    3    1.02    0.00    4.08    0.00    1.02   11.22    0.00    0.00    0.00   82.65
01:31:44 PM    4    3.26    0.00   11.96    0.00    5.43   14.13    0.00    0.00    0.00   65.22
01:31:44 PM    5    0.00    0.00    0.00    0.00    1.00   99.00    0.00    0.00    0.00    0.00
01:31:44 PM    6    1.00    0.00    0.00    0.00    0.00    4.00    0.00    0.00    0.00   95.00
01:31:44 PM    7    2.04    0.00    6.12    0.00    3.06   11.22    0.00    0.00    0.00   77.55

01:31:44 PM  CPU    %usr   %nice    %sys %iowait    %irq   %soft  %steal  %guest  %gnice   %idle
01:31:45 PM  all    1.19    0.00    5.42    0.00    3.17   31.88    0.00    0.00    0.00   58.33
01:31:45 PM    0    0.00    0.00    0.00    0.00    4.04   95.96    0.00    0.00    0.00    0.00
01:31:45 PM    1    0.00    0.00    3.09    0.00    1.03    8.25    0.00    0.00    0.00   87.63
01:31:45 PM    2    3.37    0.00   14.61    0.00    5.62    5.62    0.00    0.00    0.00   70.79
01:31:45 PM    3    0.00    0.00    0.00    0.00    0.00    4.12    0.00    0.00    0.00   95.88
01:31:45 PM    4    1.08    0.00    7.53    0.00    3.23    9.68    0.00    0.00    0.00   78.49
01:31:45 PM    5    0.00    0.00    0.00    0.00    0.99   99.01    0.00    0.00    0.00    0.00
01:31:45 PM    6    3.37    0.00   11.24    0.00    6.74    3.37    0.00    0.00    0.00   75.28
01:31:45 PM    7    2.20    0.00    8.79    0.00    4.40   18.68    0.00    0.00    0.00   65.93

01:31:45 PM  CPU    %usr   %nice    %sys %iowait    %irq   %soft  %steal  %guest  %gnice   %idle
01:31:46 PM  all    1.70    0.00    5.24    0.00    3.41   31.98    0.00    0.00    0.00   57.67
01:31:46 PM    0    0.00    0.00    0.00    0.00    5.00   95.00    0.00    0.00    0.00    0.00
01:31:46 PM    1    0.00    0.00    5.26    0.00    2.11   12.63    0.00    0.00    0.00   80.00
01:31:46 PM    2    1.01    0.00    3.03    0.00    2.02   15.15    0.00    0.00    0.00   78.79
01:31:46 PM    3    4.49    0.00   10.11    0.00    6.74    5.62    0.00    0.00    0.00   73.03
01:31:46 PM    4    1.04    0.00    4.17    0.00    2.08   10.42    0.00    0.00    0.00   82.29
01:31:46 PM    5    0.00    0.00    0.00    0.00    0.00  100.00    0.00    0.00    0.00    0.00
01:31:46 PM    6    3.19    0.00    7.45    0.00    3.19    5.32    0.00    0.00    0.00   80.85
01:31:46 PM    7    4.40    0.00   13.19    0.00    6.59    3.30    0.00    0.00    0.00   72.53

01:31:46 PM  CPU    %usr   %nice    %sys %iowait    %irq   %soft  %steal  %guest  %gnice   %idle
01:31:47 PM  all    1.05    0.00    6.04    0.00    3.54   32.02    0.00    0.00    0.00   57.35
01:31:47 PM    0    0.00    0.00    0.00    0.00    4.00   96.00    0.00    0.00    0.00    0.00
01:31:47 PM    1    3.30    0.00   15.38    0.00    7.69    1.10    0.00    0.00    0.00   72.53
01:31:47 PM    2    2.22    0.00   14.44    0.00    6.67    5.56    0.00    0.00    0.00   71.11
01:31:47 PM    3    1.02    0.00    2.04    0.00    1.02   15.31    0.00    0.00    0.00   80.61
01:31:47 PM    4    0.00    0.00    2.06    0.00    1.03   17.53    0.00    0.00    0.00   79.38
01:31:47 PM    5    0.00    0.00    0.00    0.00    1.00   99.00    0.00    0.00    0.00    0.00
01:31:47 PM    6    2.25    0.00   13.48    0.00    6.74    6.74    0.00    0.00    0.00   70.79
01:31:47 PM    7    0.00    0.00    3.09    0.00    1.03    5.15    0.00    0.00    0.00   90.72

01:31:47 PM  CPU    %usr   %nice    %sys %iowait    %irq   %soft  %steal  %guest  %gnice   %idle
01:31:48 PM  all    1.31    0.00    5.90    0.00    3.41   31.98    0.00    0.00    0.00   57.40
01:31:48 PM    0    0.00    0.00    0.00    0.00    5.00   95.00    0.00    0.00    0.00    0.00
01:31:48 PM    1    2.11    0.00   12.63    0.00    5.26   15.79    0.00    0.00    0.00   64.21
01:31:48 PM    2    3.19    0.00    9.57    0.00    4.26    5.32    0.00    0.00    0.00   77.66
01:31:48 PM    3    1.06    0.00    6.38    0.00    3.19   12.77    0.00    0.00    0.00   76.60
01:31:48 PM    4    4.40    0.00   12.09    0.00    5.49    0.00    0.00    0.00    0.00   78.02
01:31:48 PM    5    0.00    0.00    0.00    0.00    0.99   99.01    0.00    0.00    0.00    0.00
01:31:48 PM    6    0.00    0.00    3.16    0.00    1.05   10.53    0.00    0.00    0.00   85.26
01:31:48 PM    7    0.00    0.00    4.30    0.00    2.15    7.53    0.00    0.00    0.00   86.02

01:31:48 PM  CPU    %usr   %nice    %sys %iowait    %irq   %soft  %steal  %guest  %gnice   %idle
01:31:49 PM  all    1.31    0.00    5.61    0.00    3.39   32.11    0.00    0.00    0.00   57.57
01:31:49 PM    0    0.00    0.00    0.00    0.00    4.00   96.00    0.00    0.00    0.00    0.00
01:31:49 PM    1    1.03    0.00    4.12    0.00    1.03   20.62    0.00    0.00    0.00   73.20
01:31:49 PM    2    2.06    0.00    7.22    0.00    3.09    8.25    0.00    0.00    0.00   79.38
01:31:49 PM    3    1.08    0.00    7.53    0.00    4.30    6.45    0.00    0.00    0.00   80.65
01:31:49 PM    4    2.15    0.00    9.68    0.00    5.38   11.83    0.00    0.00    0.00   70.97
01:31:49 PM    5    0.00    0.00    0.00    0.00    0.00  100.00    0.00    0.00    0.00    0.00
01:31:49 PM    6    2.17    0.00    8.70    0.00    5.43    0.00    0.00    0.00    0.00   83.70
01:31:49 PM    7    2.11    0.00    8.42    0.00    4.21    6.32    0.00    0.00    0.00   78.95

01:31:49 PM  CPU    %usr   %nice    %sys %iowait    %irq   %soft  %steal  %guest  %gnice   %idle
01:31:50 PM  all    1.31    0.00    5.50    0.00    3.40   31.68    0.00    0.00    0.00   58.12
01:31:50 PM    0    0.00    0.00    0.00    0.00    5.00   95.00    0.00    0.00    0.00    0.00
01:31:50 PM    1    0.00    0.00    4.12    0.00    2.06    4.12    0.00    0.00    0.00   89.69
01:31:50 PM    2    1.14    0.00   10.23    0.00    5.68    5.68    0.00    0.00    0.00   77.27
01:31:50 PM    3    0.00    0.00    1.02    0.00    0.00   12.24    0.00    0.00    0.00   86.73
01:31:50 PM    4    4.35    0.00   10.87    0.00    6.52    3.26    0.00    0.00    0.00   75.00
01:31:50 PM    5    0.00    0.00    0.00    0.00    1.00   99.00    0.00    0.00    0.00    0.00
01:31:50 PM    6    4.35    0.00   13.04    0.00    6.52    1.09    0.00    0.00    0.00   75.00
01:31:50 PM    7    1.03    0.00    6.19    0.00    1.03   23.71    0.00    0.00    0.00   68.04

01:31:50 PM  CPU    %usr   %nice    %sys %iowait    %irq   %soft  %steal  %guest  %gnice   %idle
01:31:51 PM  all    1.32    0.00    5.66    0.00    3.16   31.71    0.00    0.00    0.00   58.16
01:31:51 PM    0    0.00    0.00    0.00    0.00    4.00   96.00    0.00    0.00    0.00    0.00
01:31:51 PM    1    0.00    0.00    1.03    0.00    0.00   11.34    0.00    0.00    0.00   87.63
01:31:51 PM    2    3.37    0.00   15.73    0.00    7.87    0.00    0.00    0.00    0.00   73.03
01:31:51 PM    3    0.00    0.00    1.01    0.00    0.00    5.05    0.00    0.00    0.00   93.94
01:31:51 PM    4    3.12    0.00    6.25    0.00    2.08   22.92    0.00    0.00    0.00   65.62
01:31:51 PM    5    0.00    0.00    0.00    0.00    1.00   99.00    0.00    0.00    0.00    0.00
01:31:51 PM    6    2.30    0.00    9.20    0.00    4.60    4.60    0.00    0.00    0.00   79.31
01:31:51 PM    7    2.17    0.00   14.13    0.00    6.52    4.35    0.00    0.00    0.00   72.83

01:31:51 PM  CPU    %usr   %nice    %sys %iowait    %irq   %soft  %steal  %guest  %gnice   %idle
01:31:52 PM  all    1.56    0.00    5.98    0.00    3.38   31.60    0.00    0.00    0.00   57.48
01:31:52 PM    0    0.00    0.00    0.00    0.00    5.00   95.00    0.00    0.00    0.00    0.00
01:31:52 PM    1    1.06    0.00    9.57    0.00    3.19   12.77    0.00    0.00    0.00   73.40
01:31:52 PM    2    3.26    0.00    8.70    0.00    4.35   14.13    0.00    0.00    0.00   69.57
01:31:52 PM    3    0.00    0.00    0.00    0.00    0.00    0.00    0.00    0.00    0.00  100.00
01:31:52 PM    4    3.09    0.00    6.19    0.00    2.06    9.28    0.00    0.00    0.00   79.38
01:31:52 PM    5    0.00    0.00    0.00    0.00    0.99   99.01    0.00    0.00    0.00    0.00
01:31:52 PM    6    2.15    0.00   13.98    0.00    6.45    6.45    0.00    0.00    0.00   70.97
01:31:52 PM    7    3.23    0.00   10.75    0.00    5.38    8.60    0.00    0.00    0.00   72.04

01:31:52 PM  CPU    %usr   %nice    %sys %iowait    %irq   %soft  %steal  %guest  %gnice   %idle
01:31:53 PM  all    0.92    0.00    5.01    0.00    3.30   32.59    0.00    0.00    0.00   58.18
01:31:53 PM    0    0.00    0.00    0.00    0.00    4.04   95.96    0.00    0.00    0.00    0.00
01:31:53 PM    1    2.20    0.00    9.89    0.00    6.59    8.79    0.00    0.00    0.00   72.53
01:31:53 PM    2    1.05    0.00    4.21    0.00    2.11   13.68    0.00    0.00    0.00   78.95
01:31:53 PM    3    1.01    0.00    2.02    0.00    1.01   22.22    0.00    0.00    0.00   73.74
01:31:53 PM    4    0.00    0.00   10.23    0.00    5.68    2.27    0.00    0.00    0.00   81.82
01:31:53 PM    5    0.00    0.00    0.00    0.00    0.00  100.00    0.00    0.00    0.00    0.00
01:31:53 PM    6    3.30    0.00   13.19    0.00    6.59    1.10    0.00    0.00    0.00   75.82
01:31:53 PM    7    0.00    0.00    2.08    0.00    1.04    7.29    0.00    0.00    0.00   89.58

01:31:53 PM  CPU    %usr   %nice    %sys %iowait    %irq   %soft  %steal  %guest  %gnice   %idle
01:31:54 PM  all    1.18    0.00    6.01    0.00    3.53   31.50    0.00    0.00    0.00   57.78
01:31:54 PM    0    0.00    0.00    0.00    0.00    4.95   95.05    0.00    0.00    0.00    0.00
01:31:54 PM    1    1.02    0.00    2.04    0.00    0.00   18.37    0.00    0.00    0.00   78.57
01:31:54 PM    2    1.00    0.00    4.00    0.00    2.00    0.00    0.00    0.00    0.00   93.00
01:31:54 PM    3    3.30    0.00   13.19    0.00    5.49    0.00    0.00    0.00    0.00   78.02
01:31:54 PM    4    1.05    0.00    7.37    0.00    4.21   11.58    0.00    0.00    0.00   75.79
01:31:54 PM    5    0.00    0.00    0.00    0.00    1.00   99.00    0.00    0.00    0.00    0.00
01:31:54 PM    6    1.10    0.00   12.09    0.00    4.40   16.48    0.00    0.00    0.00   65.93
01:31:54 PM    7    2.25    0.00   11.24    0.00    6.74    2.25    0.00    0.00    0.00   77.53

01:31:54 PM  CPU    %usr   %nice    %sys %iowait    %irq   %soft  %steal  %guest  %gnice   %idle
01:31:55 PM  all    1.43    0.00    6.49    0.00    3.25   30.91    0.00    0.00    0.00   57.92
01:31:55 PM    0    0.00    0.00    0.00    0.00    5.00   95.00    0.00    0.00    0.00    0.00
01:31:55 PM    1    0.00    0.00    0.00    0.00    0.00    2.02    0.00    0.00    0.00   97.98
01:31:55 PM    2    0.00    0.00    0.00    0.00    0.00    0.00    0.00    0.00    0.00  100.00
01:31:55 PM    3    5.21    0.00   19.79    0.00    7.29    0.00    0.00    0.00    0.00   67.71
01:31:55 PM    4    2.25    0.00   12.36    0.00    4.49    8.99    0.00    0.00    0.00   71.91
01:31:55 PM    5    0.00    0.00    0.00    0.00    0.99   99.01    0.00    0.00    0.00    0.00
01:31:55 PM    6    2.17    0.00   10.87    0.00    4.35   15.22    0.00    0.00    0.00   67.39
01:31:55 PM    7    2.15    0.00   10.75    0.00    4.30   20.43    0.00    0.00    0.00   62.37

01:31:55 PM  CPU    %usr   %nice    %sys %iowait    %irq   %soft  %steal  %guest  %gnice   %idle
01:31:56 PM  all    1.17    0.00    6.11    0.00    3.12   32.12    0.00    0.00    0.00   57.48
01:31:56 PM    0    0.00    0.00    0.00    0.00    4.00   96.00    0.00    0.00    0.00    0.00
01:31:56 PM    1    1.02    0.00    3.06    0.00    1.02   21.43    0.00    0.00    0.00   73.47
01:31:56 PM    2    1.01    0.00    2.02    0.00    1.01   12.12    0.00    0.00    0.00   83.84
01:31:56 PM    3    3.37    0.00   13.48    0.00    6.74    4.49    0.00    0.00    0.00   71.91
01:31:56 PM    4    1.06    0.00   14.89    0.00    5.32    9.57    0.00    0.00    0.00   69.15
01:31:56 PM    5    0.00    0.00    0.00    0.00    0.00  100.00    0.00    0.00    0.00    0.00
01:31:56 PM    6    1.04    0.00    5.21    0.00    3.12    6.25    0.00    0.00    0.00   84.38
01:31:56 PM    7    2.13    0.00   11.70    0.00    4.26    0.00    0.00    0.00    0.00   81.91

01:31:56 PM  CPU    %usr   %nice    %sys %iowait    %irq   %soft  %steal  %guest  %gnice   %idle
01:31:57 PM  all    1.56    0.00    6.23    0.00    3.50   31.91    0.00    0.00    0.00   56.81
01:31:57 PM    0    0.00    0.00    0.00    0.00    5.00   95.00    0.00    0.00    0.00    0.00
01:31:57 PM    1    1.01    0.00    2.02    0.00    1.01   20.20    0.00    0.00    0.00   75.76
01:31:57 PM    2    1.08    0.00    9.68    0.00    3.23   25.81    0.00    0.00    0.00   60.22
01:31:57 PM    3    1.05    0.00   11.58    0.00    4.21    3.16    0.00    0.00    0.00   80.00
01:31:57 PM    4    3.26    0.00   14.13    0.00    7.61    0.00    0.00    0.00    0.00   75.00
01:31:57 PM    5    0.00    0.00    0.00    0.00    1.00   99.00    0.00    0.00    0.00    0.00
01:31:57 PM    6    1.02    0.00    1.02    0.00    0.00    1.02    0.00    0.00    0.00   96.94
01:31:57 PM    7    5.32    0.00   12.77    0.00    6.38    4.26    0.00    0.00    0.00   71.28

01:31:57 PM  CPU    %usr   %nice    %sys %iowait    %irq   %soft  %steal  %guest  %gnice   %idle
01:31:58 PM  all    1.18    0.00    5.64    0.13    3.28   31.72    0.00    0.00    0.00   58.06
01:31:58 PM    0    0.00    0.00    0.00    0.00    4.00   96.00    0.00    0.00    0.00    0.00
01:31:58 PM    1    0.00    0.00    0.00    1.00    0.00    2.00    0.00    0.00    0.00   97.00
01:31:58 PM    2    0.00    0.00    1.02    0.00    0.00    9.18    0.00    0.00    0.00   89.80
01:31:58 PM    3    3.26    0.00   19.57    0.00    7.61    0.00    0.00    0.00    0.00   69.57
01:31:58 PM    4    2.20    0.00    8.79    0.00    4.40   16.48    0.00    0.00    0.00   68.13
01:31:58 PM    5    0.00    0.00    0.00    0.00    0.99   99.01    0.00    0.00    0.00    0.00
01:31:58 PM    6    2.22    0.00   11.11    0.00    5.56   10.00    0.00    0.00    0.00   71.11
01:31:58 PM    7    2.20    0.00    6.59    0.00    4.40   12.09    0.00    0.00    0.00   74.73

01:31:58 PM  CPU    %usr   %nice    %sys %iowait    %irq   %soft  %steal  %guest  %gnice   %idle
01:31:59 PM  all    1.05    0.00    5.26    0.00    3.55   32.06    0.00    0.00    0.00   58.08
01:31:59 PM    0    0.00    0.00    0.00    0.00    5.00   95.00    0.00    0.00    0.00    0.00
01:31:59 PM    1    0.00    0.00    0.00    0.00    0.00    1.00    0.00    0.00    0.00   99.00
01:31:59 PM    2    1.00    0.00    3.00    0.00    1.00   25.00    0.00    0.00    0.00   70.00
01:31:59 PM    3    2.27    0.00   14.77    0.00    7.95    0.00    0.00    0.00    0.00   75.00
01:31:59 PM    4    1.10    0.00    5.49    0.00    3.30   13.19    0.00    0.00    0.00   76.92
01:31:59 PM    5    0.00    0.00    0.00    0.00    1.00   99.00    0.00    0.00    0.00    0.00
01:31:59 PM    6    1.12    0.00   10.11    0.00    5.62    6.74    0.00    0.00    0.00   76.40
01:31:59 PM    7    3.23    0.00   10.75    0.00    5.38    6.45    0.00    0.00    0.00   74.19

01:31:59 PM  CPU    %usr   %nice    %sys %iowait    %irq   %soft  %steal  %guest  %gnice   %idle
01:32:00 PM  all    0.92    0.00    5.65    0.00    3.15   32.06    0.00    0.00    0.00   58.21
01:32:00 PM    0    0.00    0.00    0.00    0.00    4.00   96.00    0.00    0.00    0.00    0.00
01:32:00 PM    1    0.00    0.00    3.03    0.00    1.01   20.20    0.00    0.00    0.00   75.76
01:32:00 PM    2    0.00    0.00    2.08    0.00    1.04    2.08    0.00    0.00    0.00   94.79
01:32:00 PM    3    3.33    0.00   11.11    0.00    6.67    3.33    0.00    0.00    0.00   75.56
01:32:00 PM    4    0.00    0.00   14.44    0.00    5.56    7.78    0.00    0.00    0.00   72.22
01:32:00 PM    5    0.00    0.00    0.00    0.00    0.00  100.00    0.00    0.00    0.00    0.00
01:32:00 PM    6    2.25    0.00    7.87    0.00    4.49   11.24    0.00    0.00    0.00   74.16
01:32:00 PM    7    2.06    0.00    8.25    0.00    3.09    6.19    0.00    0.00    0.00   80.41

01:32:00 PM  CPU    %usr   %nice    %sys %iowait    %irq   %soft  %steal  %guest  %gnice   %idle
01:32:01 PM  all    1.17    0.00    5.74    0.00    3.39   31.29    0.00    0.00    0.00   58.41
01:32:01 PM    0    0.00    0.00    0.00    0.00    5.00   95.00    0.00    0.00    0.00    0.00
01:32:01 PM    1    0.00    0.00    0.00    0.00    0.00    0.00    0.00    0.00    0.00  100.00
01:32:01 PM    2    0.00    0.00    2.00    0.00    1.00    0.00    0.00    0.00    0.00   97.00
01:32:01 PM    3    1.08    0.00   13.98    0.00    4.30   10.75    0.00    0.00    0.00   69.89
01:32:01 PM    4    2.15    0.00   11.83    0.00    6.45   10.75    0.00    0.00    0.00   68.82
01:32:01 PM    5    0.00    0.00    0.00    0.00    1.01   98.99    0.00    0.00    0.00    0.00
01:32:01 PM    6    3.19    0.00    7.45    0.00    3.19   26.60    0.00    0.00    0.00   59.57
01:32:01 PM    7    3.37    0.00   12.36    0.00    6.74    2.25    0.00    0.00    0.00   75.28

01:32:01 PM  CPU    %usr   %nice    %sys %iowait    %irq   %soft  %steal  %guest  %gnice   %idle
01:32:02 PM  all    1.18    0.00    6.04    0.00    3.02   31.63    0.00    0.00    0.00   58.14
01:32:02 PM    0    0.00    0.00    0.00    0.00    4.00   96.00    0.00    0.00    0.00    0.00
01:32:02 PM    1    0.00    0.00    8.89    0.00    3.33    0.00    0.00    0.00    0.00   87.78
01:32:02 PM    2    2.13    0.00    5.32    0.00    3.19    5.32    0.00    0.00    0.00   84.04
01:32:02 PM    3    2.04    0.00    4.08    0.00    2.04    4.08    0.00    0.00    0.00   87.76
01:32:02 PM    4    2.17    0.00   13.04    0.00    4.35   13.04    0.00    0.00    0.00   67.39
01:32:02 PM    5    0.00    0.00    0.00    0.00    0.99   99.01    0.00    0.00    0.00    0.00
01:32:02 PM    6    1.06    0.00   10.64    0.00    3.19   11.70    0.00    0.00    0.00   73.40
01:32:02 PM    7    2.15    0.00    7.53    0.00    3.23   13.98    0.00    0.00    0.00   73.12

01:32:02 PM  CPU    %usr   %nice    %sys %iowait    %irq   %soft  %steal  %guest  %gnice   %idle
01:32:03 PM  all    0.40    0.00    5.56    0.00    3.18   32.45    0.00    0.00    0.00   58.41
01:32:03 PM    0    0.00    0.00    0.00    0.00    5.00   95.00    0.00    0.00    0.00    0.00
01:32:03 PM    1    1.08    0.00    7.53    0.00    4.30    9.68    0.00    0.00    0.00   77.42
01:32:03 PM    2    0.00    0.00    2.11    0.00    0.00   17.89    0.00    0.00    0.00   80.00
01:32:03 PM    3    1.08    0.00    8.60    0.00    3.23   19.35    0.00    0.00    0.00   67.74
01:32:03 PM    4    0.00    0.00    2.02    0.00    0.00    7.07    0.00    0.00    0.00   90.91
01:32:03 PM    5    0.00    0.00    0.00    0.00    0.00  100.00    0.00    0.00    0.00    0.00
01:32:03 PM    6    0.00    0.00   10.59    0.00    7.06    0.00    0.00    0.00    0.00   82.35
01:32:03 PM    7    1.10    0.00   15.38    0.00    6.59    0.00    0.00    0.00    0.00   76.92

01:32:03 PM  CPU    %usr   %nice    %sys %iowait    %irq   %soft  %steal  %guest  %gnice   %idle
01:32:04 PM  all    1.68    0.00    6.22    0.00    3.37   31.22    0.00    0.00    0.00   57.51
01:32:04 PM    0    0.00    0.00    0.00    0.00    4.00   96.00    0.00    0.00    0.00    0.00
01:32:04 PM    1    1.00    0.00    3.00    0.00    1.00    3.00    0.00    0.00    0.00   92.00
01:32:04 PM    2    5.26    0.00   16.84    0.00    6.32    6.32    0.00    0.00    0.00   65.26
01:32:04 PM    3    0.00    0.00    0.00    0.00    0.00    0.00    0.00    0.00    0.00  100.00
01:32:04 PM    4    1.11    0.00    8.89    0.00    4.44   22.22    0.00    0.00    0.00   63.33
01:32:04 PM    5    0.00    0.00    0.00    0.00    1.00   99.00    0.00    0.00    0.00    0.00
01:32:04 PM    6    3.12    0.00    9.38    0.00    4.17   15.62    0.00    0.00    0.00   67.71
01:32:04 PM    7    3.30    0.00   13.19    0.00    6.59    2.20    0.00    0.00    0.00   74.73

01:32:04 PM  CPU    %usr   %nice    %sys %iowait    %irq   %soft  %steal  %guest  %gnice   %idle
01:32:05 PM  all    0.91    0.00    5.87    0.00    3.78   31.68    0.00    0.00    0.00   57.76
01:32:05 PM    0    0.00    0.00    0.00    0.00    5.00   95.00    0.00    0.00    0.00    0.00
01:32:05 PM    1    2.15    0.00   13.98    0.00    5.38    5.38    0.00    0.00    0.00   73.12
01:32:05 PM    2    1.06    0.00    6.38    0.00    4.26    1.06    0.00    0.00    0.00   87.23
01:32:05 PM    3    1.02    0.00    2.04    0.00    2.04    1.02    0.00    0.00    0.00   93.88
01:32:05 PM    4    1.08    0.00    6.45    0.00    4.30   10.75    0.00    0.00    0.00   77.42
01:32:05 PM    5    0.00    0.00    0.00    0.00    0.99   99.01    0.00    0.00    0.00    0.00
01:32:05 PM    6    0.00    0.00    8.42    0.00    3.16   18.95    0.00    0.00    0.00   69.47
01:32:05 PM    7    2.15    0.00   10.75    0.00    5.38   13.98    0.00    0.00    0.00   67.74

01:32:05 PM  CPU    %usr   %nice    %sys %iowait    %irq   %soft  %steal  %guest  %gnice   %idle
01:32:06 PM  all    0.66    0.00    6.46    0.00    3.03   32.06    0.00    0.00    0.00   57.78
01:32:06 PM    0    0.00    0.00    0.00    0.00    4.00   96.00    0.00    0.00    0.00    0.00
01:32:06 PM    1    0.00    0.00    3.12    0.00    1.04   30.21    0.00    0.00    0.00   65.62
01:32:06 PM    2    0.00    0.00   15.12    0.00    6.98    1.16    0.00    0.00    0.00   76.74
01:32:06 PM    3    1.11    0.00   17.78    0.00    6.67    0.00    0.00    0.00    0.00   74.44
01:32:06 PM    4    2.11    0.00    9.47    0.00    3.16   10.53    0.00    0.00    0.00   74.74
01:32:06 PM    5    0.00    0.00    0.00    0.00    0.00  100.00    0.00    0.00    0.00    0.00
01:32:06 PM    6    2.15    0.00    7.53    0.00    3.23    4.30    0.00    0.00    0.00   82.80
01:32:06 PM    7    0.00    0.00    1.01    0.00    0.00    4.04    0.00    0.00    0.00   94.95

01:32:06 PM  CPU    %usr   %nice    %sys %iowait    %irq   %soft  %steal  %guest  %gnice   %idle
01:32:07 PM  all    1.05    0.00    5.91    0.00    3.54   32.02    0.00    0.00    0.00   57.48
01:32:07 PM    0    0.00    0.00    0.00    0.00    5.00   95.00    0.00    0.00    0.00    0.00
01:32:07 PM    1    2.22    0.00    7.78    0.00    3.33   26.67    0.00    0.00    0.00   60.00
01:32:07 PM    2    1.10    0.00   15.38    0.00    6.59    7.69    0.00    0.00    0.00   69.23
01:32:07 PM    3    1.09    0.00    9.78    0.00    5.43    4.35    0.00    0.00    0.00   79.35
01:32:07 PM    4    0.00    0.00    0.00    0.00    1.04    9.38    0.00    0.00    0.00   89.58
01:32:07 PM    5    0.00    0.00    0.00    0.00    1.00   99.00    0.00    0.00    0.00    0.00
01:32:07 PM    6    0.00    0.00    1.00    0.00    0.00    3.00    0.00    0.00    0.00   96.00
01:32:07 PM    7    4.30    0.00   15.05    0.00    6.45    3.23    0.00    0.00    0.00   70.97

01:32:07 PM  CPU    %usr   %nice    %sys %iowait    %irq   %soft  %steal  %guest  %gnice   %idle
01:32:08 PM  all    1.71    0.00    4.87    0.00    3.68   31.71    0.00    0.00    0.00   58.03
01:32:08 PM    0    0.00    0.00    0.00    0.00    4.04   95.96    0.00    0.00    0.00    0.00
01:32:08 PM    1    4.44    0.00   12.22    0.00    7.78    1.11    0.00    0.00    0.00   74.44
01:32:08 PM    2    3.33    0.00    7.78    0.00    6.67    6.67    0.00    0.00    0.00   75.56
01:32:08 PM    3    2.08    0.00    4.17    0.00    2.08   14.58    0.00    0.00    0.00   77.08
01:32:08 PM    4    3.23    0.00    8.60    0.00    4.30   13.98    0.00    0.00    0.00   69.89
01:32:08 PM    5    0.00    0.00    0.00    0.00    1.00   99.00    0.00    0.00    0.00    0.00
01:32:08 PM    6    0.00    0.00    1.01    0.00    1.01    6.06    0.00    0.00    0.00   91.92
01:32:08 PM    7    1.08    0.00    6.45    0.00    3.23    7.53    0.00    0.00    0.00   81.72

01:32:08 PM  CPU    %usr   %nice    %sys %iowait    %irq   %soft  %steal  %guest  %gnice   %idle
01:32:09 PM  all    1.18    0.00    5.65    0.00    3.29   32.06    0.00    0.00    0.00   57.82
01:32:09 PM    0    0.00    0.00    0.98    0.00    4.90   94.12    0.00    0.00    0.00    0.00
01:32:09 PM    1    3.23    0.00    6.45    0.00    3.23    5.38    0.00    0.00    0.00   81.72
01:32:09 PM    2    0.00    0.00    3.06    0.00    0.00   11.22    0.00    0.00    0.00   85.71
01:32:09 PM    3    1.15    0.00   16.09    0.00    6.90    2.30    0.00    0.00    0.00   73.56
01:32:09 PM    4    2.08    0.00    6.25    0.00    3.12   12.50    0.00    0.00    0.00   76.04
01:32:09 PM    5    0.00    0.00    0.00    0.00    0.99   99.01    0.00    0.00    0.00    0.00
01:32:09 PM    6    1.03    0.00    4.12    0.00    1.03   15.46    0.00    0.00    0.00   78.35
01:32:09 PM    7    2.30    0.00   10.34    0.00    6.90    3.45    0.00    0.00    0.00   77.01

01:32:09 PM  CPU    %usr   %nice    %sys %iowait    %irq   %soft  %steal  %guest  %gnice   %idle
01:32:10 PM  all    1.84    0.00    6.83    0.00    3.55   31.93    0.00    0.00    0.00   55.85
01:32:10 PM    0    0.00    0.00    0.00    0.00    5.00   95.00    0.00    0.00    0.00    0.00
01:32:10 PM    1    1.00    0.00    6.00    0.00    2.00    6.00    0.00    0.00    0.00   85.00
01:32:10 PM    2    2.15    0.00    9.68    0.00    4.30   18.28    0.00    0.00    0.00   65.59
01:32:10 PM    3    3.16    0.00    8.42    0.00    4.21    7.37    0.00    0.00    0.00   76.84
01:32:10 PM    4    3.37    0.00   14.61    0.00    5.62    5.62    0.00    0.00    0.00   70.79
01:32:10 PM    5    0.00    0.00    0.00    0.00    0.00  100.00    0.00    0.00    0.00    0.00
01:32:10 PM    6    3.30    0.00    9.89    0.00    4.40   12.09    0.00    0.00    0.00   70.33
01:32:10 PM    7    2.13    0.00    7.45    0.00    3.19    3.19    0.00    0.00    0.00   84.04

01:32:10 PM  CPU    %usr   %nice    %sys %iowait    %irq   %soft  %steal  %guest  %gnice   %idle
01:32:11 PM  all    1.45    0.00    5.65    0.00    3.29   31.67    0.00    0.00    0.00   57.95
01:32:11 PM    0    0.00    0.00    0.00    0.00    4.00   96.00    0.00    0.00    0.00    0.00
01:32:11 PM    1    0.00    0.00    1.03    0.00    0.00    9.28    0.00    0.00    0.00   89.69
01:32:11 PM    2    2.33    0.00   15.12    0.00    6.98    0.00    0.00    0.00    0.00   75.58
01:32:11 PM    3    1.03    0.00    1.03    0.00    1.03    0.00    0.00    0.00    0.00   96.91
01:32:11 PM    4    2.22    0.00   11.11    0.00    5.56   13.33    0.00    0.00    0.00   67.78
01:32:11 PM    5    0.00    0.00    0.00    0.00    1.00   99.00    0.00    0.00    0.00    0.00
01:32:11 PM    6    4.17    0.00   10.42    0.00    4.17    9.38    0.00    0.00    0.00   71.88
01:32:11 PM    7    2.11    0.00    8.42    0.00    4.21   16.84    0.00    0.00    0.00   68.42

01:32:11 PM  CPU    %usr   %nice    %sys %iowait    %irq   %soft  %steal  %guest  %gnice   %idle
01:32:12 PM  all    1.17    0.00    6.74    0.00    3.50   31.87    0.00    0.00    0.00   56.74
01:32:12 PM    0    0.00    0.00    0.00    0.00    5.00   95.00    0.00    0.00    0.00    0.00
01:32:12 PM    1    2.06    0.00   13.40    0.00    5.15    4.12    0.00    0.00    0.00   75.26
01:32:12 PM    2    3.19    0.00   12.77    0.00    5.32   19.15    0.00    0.00    0.00   59.57
01:32:12 PM    3    2.06    0.00   13.40    0.00    4.12    9.28    0.00    0.00    0.00   71.13
01:32:12 PM    4    1.09    0.00    6.52    0.00    3.26    8.70    0.00    0.00    0.00   80.43
01:32:12 PM    5    0.00    0.00    0.00    0.00    0.99   99.01    0.00    0.00    0.00    0.00
01:32:12 PM    6    1.08    0.00    6.45    0.00    4.30    0.00    0.00    0.00    0.00   88.17
01:32:12 PM    7    0.00    0.00    2.04    0.00    0.00   12.24    0.00    0.00    0.00   85.71

01:32:12 PM  CPU    %usr   %nice    %sys %iowait    %irq   %soft  %steal  %guest  %gnice   %idle
01:32:13 PM  all    1.33    0.00    5.31    0.00    3.18   31.70    0.00    0.00    0.00   58.49
01:32:13 PM    0    0.00    0.00    0.00    0.00    4.04   95.96    0.00    0.00    0.00    0.00
01:32:13 PM    1    3.41    0.00   11.36    0.00    6.82    2.27    0.00    0.00    0.00   76.14
01:32:13 PM    2    3.33    0.00   16.67    0.00    6.67    0.00    0.00    0.00    0.00   73.33
01:32:13 PM    3    0.00    0.00    2.04    0.00    1.02   10.20    0.00    0.00    0.00   86.73
01:32:13 PM    4    2.20    0.00    6.59    0.00    4.40   10.99    0.00    0.00    0.00   75.82
01:32:13 PM    5    0.00    0.00    0.00    0.00    0.00  100.00    0.00    0.00    0.00    0.00
01:32:13 PM    6    1.10    0.00    5.49    0.00    3.30    8.79    0.00    0.00    0.00   81.32
01:32:13 PM    7    1.02    0.00    2.04    0.00    0.00   15.31    0.00    0.00    0.00   81.63

01:32:13 PM  CPU    %usr   %nice    %sys %iowait    %irq   %soft  %steal  %guest  %gnice   %idle
01:32:14 PM  all    1.32    0.00    4.87    0.00    3.68   32.76    0.00    0.00    0.00   57.37
01:32:14 PM    0    0.00    0.00    0.00    0.00    4.95   95.05    0.00    0.00    0.00    0.00
01:32:14 PM    1    3.26    0.00    7.61    0.00    5.43   11.96    0.00    0.00    0.00   71.74
01:32:14 PM    2    1.11    0.00    8.89    0.00    4.44   25.56    0.00    0.00    0.00   60.00
01:32:14 PM    3    2.20    0.00   10.99    0.00    5.49   12.09    0.00    0.00    0.00   69.23
01:32:14 PM    4    1.02    0.00    3.06    0.00    2.04    3.06    0.00    0.00    0.00   90.82
01:32:14 PM    5    0.00    0.00    0.00    0.00    1.00   99.00    0.00    0.00    0.00    0.00
01:32:14 PM    6    3.37    0.00    8.99    0.00    6.74    1.12    0.00    0.00    0.00   79.78
01:32:14 PM    7    0.00    0.00    1.01    0.00    0.00    5.05    0.00    0.00    0.00   93.94

01:32:14 PM  CPU    %usr   %nice    %sys %iowait    %irq   %soft  %steal  %guest  %gnice   %idle
01:32:15 PM  all    1.44    0.00    5.64    0.00    3.28   31.59    0.00    0.00    0.00   58.06
01:32:15 PM    0    0.00    0.00    0.00    0.00    4.04   95.96    0.00    0.00    0.00    0.00
01:32:15 PM    1    0.00    0.00    1.01    0.00    1.01    7.07    0.00    0.00    0.00   90.91
01:32:15 PM    2    2.15    0.00   13.98    0.00    5.38    7.53    0.00    0.00    0.00   70.97
01:32:15 PM    3    2.11    0.00    2.11    0.00    1.05    6.32    0.00    0.00    0.00   88.42
01:32:15 PM    4    3.33    0.00   11.11    0.00    5.56   10.00    0.00    0.00    0.00   70.00
01:32:15 PM    5    0.00    0.00    0.00    0.00    1.00   99.00    0.00    0.00    0.00    0.00
01:32:15 PM    6    2.15    0.00   13.98    0.00    5.38    8.60    0.00    0.00    0.00   69.89
01:32:15 PM    7    2.13    0.00    4.26    0.00    3.19   10.64    0.00    0.00    0.00   79.79

01:32:15 PM  CPU    %usr   %nice    %sys %iowait    %irq   %soft  %steal  %guest  %gnice   %idle
01:32:16 PM  all    0.92    0.00    5.38    0.00    3.54   31.76    0.00    0.00    0.00   58.40
01:32:16 PM    0    0.00    0.00    0.00    0.00    4.95   95.05    0.00    0.00    0.00    0.00
01:32:16 PM    1    1.04    0.00   10.42    0.00    3.12    3.12    0.00    0.00    0.00   82.29
01:32:16 PM    2    0.00    0.00    4.30    0.00    3.23    4.30    0.00    0.00    0.00   88.17
01:32:16 PM    3    0.00    0.00    2.00    0.00    1.00    6.00    0.00    0.00    0.00   91.00
01:32:16 PM    4    2.27    0.00   10.23    0.00    5.68    7.95    0.00    0.00    0.00   73.86
01:32:16 PM    5    0.00    0.00    0.98    0.00    0.98   98.04    0.00    0.00    0.00    0.00
01:32:16 PM    6    2.20    0.00    5.49    0.00    4.40   17.58    0.00    0.00    0.00   70.33
01:32:16 PM    7    2.20    0.00   10.99    0.00    5.49   10.99    0.00    0.00    0.00   70.33

01:32:16 PM  CPU    %usr   %nice    %sys %iowait    %irq   %soft  %steal  %guest  %gnice   %idle
01:32:17 PM  all    1.32    0.00    5.79    0.00    3.16   32.24    0.00    0.00    0.00   57.50
01:32:17 PM    0    0.00    0.00    0.00    0.00    5.00   95.00    0.00    0.00    0.00    0.00
01:32:17 PM    1    0.00    0.00    7.45    0.00    2.13   15.96    0.00    0.00    0.00   74.47
01:32:17 PM    2    2.15    0.00    9.68    0.00    3.23   17.20    0.00    0.00    0.00   67.74
01:32:17 PM    3    3.26    0.00    5.43    0.00    3.26    4.35    0.00    0.00    0.00   83.70
01:32:17 PM    4    2.15    0.00    8.60    0.00    5.38    3.23    0.00    0.00    0.00   80.65
01:32:17 PM    5    0.00    0.00    0.00    0.00    0.00  100.00    0.00    0.00    0.00    0.00
01:32:17 PM    6    2.17    0.00   11.96    0.00    4.35    7.61    0.00    0.00    0.00   73.91
01:32:17 PM    7    1.03    0.00    4.12    0.00    2.06    6.19    0.00    0.00    0.00   86.60

01:32:17 PM  CPU    %usr   %nice    %sys %iowait    %irq   %soft  %steal  %guest  %gnice   %idle
01:32:18 PM  all    0.92    0.00    5.65    0.00    3.55   32.19    0.00    0.00    0.00   57.69
01:32:18 PM    0    0.00    0.00    0.00    0.00    4.00   96.00    0.00    0.00    0.00    0.00
01:32:18 PM    1    1.03    0.00    5.15    0.00    2.06   21.65    0.00    0.00    0.00   70.10
01:32:18 PM    2    0.00    0.00    8.33    0.00    3.12    9.38    0.00    0.00    0.00   79.17
01:32:18 PM    3    1.05    0.00    8.42    0.00    4.21    6.32    0.00    0.00    0.00   80.00
01:32:18 PM    4    2.22    0.00    8.89    0.00    4.44    8.89    0.00    0.00    0.00   75.56
01:32:18 PM    5    0.00    0.00    0.00    0.00    1.00   99.00    0.00    0.00    0.00    0.00
01:32:18 PM    6    2.20    0.00   10.99    0.00    6.59    3.30    0.00    0.00    0.00   76.92
01:32:18 PM    7    1.09    0.00    4.35    0.00    3.26    3.26    0.00    0.00    0.00   88.04

01:32:18 PM  CPU    %usr   %nice    %sys %iowait    %irq   %soft  %steal  %guest  %gnice   %idle
01:32:19 PM  all    1.17    0.00    6.39    0.00    3.52   32.07    0.00    0.00    0.00   56.84
01:32:19 PM    0    0.00    0.00    0.00    0.00    5.00   95.00    0.00    0.00    0.00    0.00
01:32:19 PM    1    1.05    0.00    5.26    0.00    2.11   25.26    0.00    0.00    0.00   66.32
01:32:19 PM    2    2.22    0.00   13.33    0.00    6.67    8.89    0.00    0.00    0.00   68.89
01:32:19 PM    3    1.06    0.00   12.77    0.00    4.26    9.57    0.00    0.00    0.00   72.34
01:32:19 PM    4    4.40    0.00   14.29    0.00    6.59    3.30    0.00    0.00    0.00   71.43
01:32:19 PM    5    0.00    0.00    0.00    0.00    0.99   99.01    0.00    0.00    0.00    0.00
01:32:19 PM    6    1.03    0.00    5.15    0.00    2.06    3.09    0.00    0.00    0.00   88.66
01:32:19 PM    7    0.00    0.00    2.02    0.00    1.01    4.04    0.00    0.00    0.00   92.93

01:32:19 PM  CPU    %usr   %nice    %sys %iowait    %irq   %soft  %steal  %guest  %gnice   %idle
01:32:20 PM  all    1.45    0.00    5.53    0.00    3.43   32.28    0.00    0.00    0.00   57.31
01:32:20 PM    0    0.00    0.00    0.00    0.00    5.00   95.00    0.00    0.00    0.00    0.00
01:32:20 PM    1    4.44    0.00   14.44    0.00    6.67    4.44    0.00    0.00    0.00   70.00
01:32:20 PM    2    2.22    0.00   10.00    0.00    4.44   21.11    0.00    0.00    0.00   62.22
01:32:20 PM    3    2.17    0.00    6.52    0.00    4.35   17.39    0.00    0.00    0.00   69.57
01:32:20 PM    4    0.00    0.00    0.00    0.00    1.01    6.06    0.00    0.00    0.00   92.93
01:32:20 PM    5    0.00    0.00    0.00    0.00    0.00  100.00    0.00    0.00    0.00    0.00
01:32:20 PM    6    3.33    0.00   15.56    0.00    6.67    2.22    0.00    0.00    0.00   72.22
01:32:20 PM    7    0.00    0.00    0.00    0.00    0.00    4.04    0.00    0.00    0.00   95.96

01:32:20 PM  CPU    %usr   %nice    %sys %iowait    %irq   %soft  %steal  %guest  %gnice   %idle
01:32:21 PM  all    0.79    0.00    4.06    0.00    2.88   25.00    0.00    0.00    0.00   67.28
01:32:21 PM    0    0.00    0.00    0.00    0.00    4.00   73.00    0.00    0.00    0.00   23.00
01:32:21 PM    1    1.06    0.00    5.32    0.00    3.19   21.28    0.00    0.00    0.00   69.15
01:32:21 PM    2    1.09    0.00    7.61    0.00    4.35    8.70    0.00    0.00    0.00   78.26
01:32:21 PM    3    2.17    0.00    9.78    0.00    5.43    3.26    0.00    0.00    0.00   79.35
01:32:21 PM    4    0.00    0.00    2.08    0.00    0.00    5.21    0.00    0.00    0.00   92.71
01:32:21 PM    5    0.00    0.00    0.00    0.00    1.00   78.00    0.00    0.00    0.00   21.00
01:32:21 PM    6    1.14    0.00    7.95    0.00    5.68    2.27    0.00    0.00    0.00   82.95
01:32:21 PM    7    0.98    0.00    0.98    0.00    0.00    1.96    0.00    0.00    0.00   96.08

Average:     CPU    %usr   %nice    %sys %iowait    %irq   %soft  %steal  %guest  %gnice   %idle
Average:     all    1.32    0.00    5.77    0.00    3.33   31.73    0.00    0.00    0.00   57.85
Average:       0    0.00    0.00    0.03    0.00    4.60   94.98    0.00    0.00    0.00    0.38
Average:       1    1.47    0.00    6.77    0.02    2.95    9.41    0.00    0.00    0.00   79.39
Average:       2    1.75    0.00    8.20    0.00    3.76    7.17    0.00    0.00    0.00   79.11
Average:       3    1.63    0.00    7.18    0.00    3.28    5.46    0.00    0.00    0.00   82.45
Average:       4    2.17    0.00    8.67    0.00    4.10   10.93    0.00    0.00    0.00   74.14
Average:       5    0.03    0.00    0.13    0.00    0.72   97.60    0.00    0.00    0.00    1.52
Average:       6    1.79    0.00    8.11    0.00    3.76   10.52    0.00    0.00    0.00   75.83
Average:       7    1.91    0.00    7.77    0.00    3.56    9.79    0.00    0.00    0.00   76.96
