Linux 7.0.9 (hp3) 	06/19/2026 	_x86_64_	(8 CPU)

08:37:33 AM  CPU    %usr   %nice    %sys %iowait    %irq   %soft  %steal  %guest  %gnice   %idle
08:37:34 AM  all    0.25    0.00    8.57    0.00    0.37   11.93    0.00    0.00    0.00   78.88
08:37:34 AM    0    0.00    0.00   33.33    0.00    0.98   42.16    0.00    0.00    0.00   23.53
08:37:34 AM    1    1.98    0.00   33.66    0.00    0.00   40.59    0.00    0.00    0.00   23.76
08:37:34 AM    2    0.00    0.00    0.99    0.00    0.00    3.96    0.00    0.00    0.00   95.05
08:37:34 AM    3    0.00    0.00    0.00    0.00    0.99    3.96    0.00    0.00    0.00   95.05
08:37:34 AM    4    0.00    0.00    0.00    0.00    0.00    2.02    0.00    0.00    0.00   97.98
08:37:34 AM    5    0.00    0.00    0.00    0.00    0.00    0.00    0.00    0.00    0.00  100.00
08:37:34 AM    6    0.00    0.00    0.00    0.00    0.00    0.00    0.00    0.00    0.00  100.00
08:37:34 AM    7    0.00    0.00    0.00    0.00    0.99    1.98    0.00    0.00    0.00   97.03

08:37:34 AM  CPU    %usr   %nice    %sys %iowait    %irq   %soft  %steal  %guest  %gnice   %idle
08:37:35 AM  all    0.00    0.00   11.50    0.00    0.50   14.62    0.00    0.00    0.00   73.38
08:37:35 AM    0    0.00    0.00   46.46    0.00    0.00   52.53    0.00    0.00    0.00    1.01
08:37:35 AM    1    0.00    0.00   46.00    0.00    1.00   52.00    0.00    0.00    0.00    1.00
08:37:35 AM    2    0.00    0.00    0.00    0.00    1.00    4.00    0.00    0.00    0.00   95.00
08:37:35 AM    3    0.00    0.00    0.00    0.00    1.01    4.04    0.00    0.00    0.00   94.95
08:37:35 AM    4    0.00    0.00    0.00    0.00    0.98    2.94    0.00    0.00    0.00   96.08
08:37:35 AM    5    0.00    0.00    0.00    0.00    0.00    0.00    0.00    0.00    0.00  100.00
08:37:35 AM    6    0.00    0.00    0.00    0.00    0.00    0.00    0.00    0.00    0.00  100.00
08:37:35 AM    7    0.00    0.00    0.00    0.00    0.00    2.00    0.00    0.00    0.00   98.00

08:37:35 AM  CPU    %usr   %nice    %sys %iowait    %irq   %soft  %steal  %guest  %gnice   %idle
08:37:36 AM  all    0.12    0.00   11.57    0.00    0.37   14.55    0.00    0.00    0.00   73.38
08:37:36 AM    0    0.00    0.00   45.54    0.00    0.99   53.47    0.00    0.00    0.00    0.00
08:37:36 AM    1    0.99    0.00   46.53    0.00    0.00   51.49    0.00    0.00    0.00    0.99
08:37:36 AM    2    0.00    0.00    0.00    0.00    1.01    4.04    0.00    0.00    0.00   94.95
08:37:36 AM    3    0.00    0.00    0.00    0.00    0.99    3.96    0.00    0.00    0.00   95.05
08:37:36 AM    4    0.00    0.00    0.00    0.00    0.00    2.00    0.00    0.00    0.00   98.00
08:37:36 AM    5    0.00    0.00    0.00    0.00    0.00    0.00    0.00    0.00    0.00  100.00
08:37:36 AM    6    0.00    0.00    0.00    0.00    0.00    0.00    0.00    0.00    0.00  100.00
08:37:36 AM    7    0.00    0.00    0.00    0.00    0.00    1.00    0.00    0.00    0.00   99.00

08:37:36 AM  CPU    %usr   %nice    %sys %iowait    %irq   %soft  %steal  %guest  %gnice   %idle
08:37:37 AM  all    0.13    0.00   11.56    0.00    0.13   14.57    0.00    0.00    0.00   73.62
08:37:37 AM    0    1.01    0.00   46.46    0.00    0.00   52.53    0.00    0.00    0.00    0.00
08:37:37 AM    1    0.00    0.00   46.00    0.00    1.00   53.00    0.00    0.00    0.00    0.00
08:37:37 AM    2    0.00    0.00    0.00    0.00    0.00    4.04    0.00    0.00    0.00   95.96
08:37:37 AM    3    0.00    0.00    0.00    0.00    0.00    4.04    0.00    0.00    0.00   95.96
08:37:37 AM    4    0.00    0.00    0.00    0.00    0.00    1.01    0.00    0.00    0.00   98.99
08:37:37 AM    5    0.00    0.00    0.00    0.00    0.00    0.00    0.00    0.00    0.00  100.00
08:37:37 AM    6    0.00    0.00    0.00    0.00    0.00    0.00    0.00    0.00    0.00  100.00
08:37:37 AM    7    0.00    0.00    0.00    0.00    0.00    2.00    0.00    0.00    0.00   98.00

08:37:37 AM  CPU    %usr   %nice    %sys %iowait    %irq   %soft  %steal  %guest  %gnice   %idle
08:37:38 AM  all    0.00    0.00   11.71    0.00    0.25   14.57    0.00    0.00    0.00   73.47
08:37:38 AM    0    0.00    0.00   47.00    0.00    0.00   52.00    0.00    0.00    0.00    1.00
08:37:38 AM    1    0.00    0.00   46.53    0.00    0.00   52.48    0.00    0.00    0.00    0.99
08:37:38 AM    2    0.00    0.00    0.00    0.00    0.98    3.92    0.00    0.00    0.00   95.10
08:37:38 AM    3    0.00    0.00    0.00    0.00    1.00    4.00    0.00    0.00    0.00   95.00
08:37:38 AM    4    0.00    0.00    0.00    0.00    0.00    3.00    0.00    0.00    0.00   97.00
08:37:38 AM    5    0.00    0.00    0.00    0.00    0.00    0.00    0.00    0.00    0.00  100.00
08:37:38 AM    6    0.00    0.00    0.00    0.00    0.00    0.00    0.00    0.00    0.00  100.00
08:37:38 AM    7    0.00    0.00    0.00    0.00    0.00    1.00    0.00    0.00    0.00   99.00

08:37:38 AM  CPU    %usr   %nice    %sys %iowait    %irq   %soft  %steal  %guest  %gnice   %idle
08:37:39 AM  all    0.12    0.00   11.49    0.00    0.62   14.11    0.00    0.00    0.00   73.66
08:37:39 AM    0    0.00    0.00   46.00    0.00    1.00   52.00    0.00    0.00    0.00    1.00
08:37:39 AM    1    1.00    0.00   46.00    0.00    1.00   51.00    0.00    0.00    0.00    1.00
08:37:39 AM    2    0.00    0.00    0.00    0.00    1.01    3.03    0.00    0.00    0.00   95.96
08:37:39 AM    3    0.00    0.00    0.00    0.00    0.99    3.96    0.00    0.00    0.00   95.05
08:37:39 AM    4    0.00    0.00    0.00    0.00    0.99    1.98    0.00    0.00    0.00   97.03
08:37:39 AM    5    0.00    0.00    0.00    0.00    0.00    0.00    0.00    0.00    0.00  100.00
08:37:39 AM    6    0.00    0.00    0.00    0.00    0.00    0.00    0.00    0.00    0.00  100.00
08:37:39 AM    7    0.00    0.00    0.00    0.00    0.00    1.00    0.00    0.00    0.00   99.00

08:37:39 AM  CPU    %usr   %nice    %sys %iowait    %irq   %soft  %steal  %guest  %gnice   %idle
08:37:40 AM  all    0.13    0.00   11.76    0.00    0.13   14.14    0.00    0.00    0.00   73.84
08:37:40 AM    0    0.00    0.00   47.00    0.00    0.00   52.00    0.00    0.00    0.00    1.00
08:37:40 AM    1    1.00    0.00   47.00    0.00    0.00   52.00    0.00    0.00    0.00    0.00
08:37:40 AM    2    0.00    0.00    0.00    0.00    0.00    3.03    0.00    0.00    0.00   96.97
08:37:40 AM    3    0.00    0.00    0.00    0.00    0.00    3.03    0.00    0.00    0.00   96.97
08:37:40 AM    4    0.00    0.00    0.00    0.00    0.00    1.00    0.00    0.00    0.00   99.00
08:37:40 AM    5    0.00    0.00    0.00    0.00    0.00    0.00    0.00    0.00    0.00  100.00
08:37:40 AM    6    0.00    0.00    0.00    0.00    0.00    0.00    0.00    0.00    0.00  100.00
08:37:40 AM    7    0.00    0.00    0.00    0.00    0.99    1.98    0.00    0.00    0.00   97.03

08:37:40 AM  CPU    %usr   %nice    %sys %iowait    %irq   %soft  %steal  %guest  %gnice   %idle
08:37:41 AM  all    0.12    0.00   11.50    0.00    0.38   14.00    0.00    0.00    0.00   74.00
08:37:41 AM    0    1.00    0.00   46.00    0.00    1.00   52.00    0.00    0.00    0.00    0.00
08:37:41 AM    1    0.00    0.00   46.46    0.00    0.00   52.53    0.00    0.00    0.00    1.01
08:37:41 AM    2    0.00    0.00    0.00    0.00    0.99    2.97    0.00    0.00    0.00   96.04
08:37:41 AM    3    0.00    0.00    0.00    0.00    1.00    3.00    0.00    0.00    0.00   96.00
08:37:41 AM    4    0.00    0.00    0.00    0.00    0.00    1.00    0.00    0.00    0.00   99.00
08:37:41 AM    5    0.00    0.00    0.00    0.00    0.00    0.00    0.00    0.00    0.00  100.00
08:37:41 AM    6    0.00    0.00    0.00    0.00    0.00    0.00    0.00    0.00    0.00  100.00
08:37:41 AM    7    0.00    0.00    0.00    0.00    0.00    1.00    0.00    0.00    0.00   99.00

08:37:41 AM  CPU    %usr   %nice    %sys %iowait    %irq   %soft  %steal  %guest  %gnice   %idle
08:37:42 AM  all    0.25    0.00   11.74    0.00    0.12   14.11    0.00    0.00    0.00   73.78
08:37:42 AM    0    0.99    0.00   46.53    0.00    0.00   51.49    0.00    0.00    0.00    0.99
08:37:42 AM    1    0.98    0.00   46.08    0.00    0.98   50.98    0.00    0.00    0.00    0.98
08:37:42 AM    2    0.00    0.00    0.00    0.00    0.00    3.03    0.00    0.00    0.00   96.97
08:37:42 AM    3    0.00    0.00    0.00    0.00    0.00    3.03    0.00    0.00    0.00   96.97
08:37:42 AM    4    0.00    0.00    0.00    0.00    0.00    2.00    0.00    0.00    0.00   98.00
08:37:42 AM    5    0.00    0.00    0.00    0.00    0.00    0.00    0.00    0.00    0.00  100.00
08:37:42 AM    6    0.00    0.00    0.00    0.00    0.00    0.00    0.00    0.00    0.00  100.00
08:37:42 AM    7    0.00    0.00    0.00    0.00    0.00    1.00    0.00    0.00    0.00   99.00

08:37:42 AM  CPU    %usr   %nice    %sys %iowait    %irq   %soft  %steal  %guest  %gnice   %idle
08:37:43 AM  all    0.13    0.00   11.78    0.00    0.25   14.04    0.00    0.00    0.00   73.81
08:37:43 AM    0    0.00    0.00   47.47    0.00    0.00   52.53    0.00    0.00    0.00    0.00
08:37:43 AM    1    1.00    0.00   47.00    0.00    0.00   52.00    0.00    0.00    0.00    0.00
08:37:43 AM    2    0.00    0.00    0.00    0.00    1.00    4.00    0.00    0.00    0.00   95.00
08:37:43 AM    3    0.00    0.00    0.00    0.00    1.00    3.00    0.00    0.00    0.00   96.00
08:37:43 AM    4    0.00    0.00    0.00    0.00    0.00    0.00    0.00    0.00    0.00  100.00
08:37:43 AM    5    0.00    0.00    0.00    0.00    0.00    0.00    0.00    0.00    0.00  100.00
08:37:43 AM    6    0.00    0.00    0.00    0.00    0.00    0.00    0.00    0.00    0.00  100.00
08:37:43 AM    7    0.00    0.00    0.00    0.00    0.00    1.00    0.00    0.00    0.00   99.00

08:37:43 AM  CPU    %usr   %nice    %sys %iowait    %irq   %soft  %steal  %guest  %gnice   %idle
08:37:44 AM  all    0.00    0.00   12.00    0.00    0.37   13.74    0.00    0.00    0.00   73.89
08:37:44 AM    0    0.00    0.00   47.52    0.00    0.99   51.49    0.00    0.00    0.00    0.00
08:37:44 AM    1    0.00    0.00   47.52    0.00    0.99   51.49    0.00    0.00    0.00    0.00
08:37:44 AM    2    0.00    0.00    0.00    0.00    0.99    2.97    0.00    0.00    0.00   96.04
08:37:44 AM    3    0.00    0.00    0.98    0.00    0.00    2.94    0.00    0.00    0.00   96.08
08:37:44 AM    4    0.00    0.00    0.00    0.00    0.00    0.99    0.00    0.00    0.00   99.01
08:37:44 AM    5    0.00    0.00    0.00    0.00    0.00    0.00    0.00    0.00    0.00  100.00
08:37:44 AM    6    0.00    0.00    0.00    0.00    0.00    0.00    0.00    0.00    0.00  100.00
08:37:44 AM    7    0.00    0.00    0.00    0.00    0.00    0.00    0.00    0.00    0.00  100.00

08:37:44 AM  CPU    %usr   %nice    %sys %iowait    %irq   %soft  %steal  %guest  %gnice   %idle
08:37:45 AM  all    0.13    0.00   11.78    0.00    0.13   13.78    0.00    0.00    0.00   74.19
08:37:45 AM    0    1.00    0.00   47.00    0.00    0.00   52.00    0.00    0.00    0.00    0.00
08:37:45 AM    1    0.00    0.00   47.47    0.00    0.00   52.53    0.00    0.00    0.00    0.00
08:37:45 AM    2    0.00    0.00    0.00    0.00    0.00    3.03    0.00    0.00    0.00   96.97
08:37:45 AM    3    0.00    0.00    0.00    0.00    1.01    2.02    0.00    0.00    0.00   96.97
08:37:45 AM    4    0.00    0.00    0.00    0.00    0.00    0.00    0.00    0.00    0.00  100.00
08:37:45 AM    5    0.00    0.00    0.00    0.00    0.00    0.00    0.00    0.00    0.00  100.00
08:37:45 AM    6    0.00    0.00    0.00    0.00    0.00    0.00    0.00    0.00    0.00  100.00
08:37:45 AM    7    0.00    0.00    0.00    0.00    0.00    0.99    0.00    0.00    0.00   99.01

08:37:45 AM  CPU    %usr   %nice    %sys %iowait    %irq   %soft  %steal  %guest  %gnice   %idle
08:37:46 AM  all    0.00    0.00   11.90    0.00    0.13   13.78    0.00    0.00    0.00   74.19
08:37:46 AM    0    0.00    0.00   48.00    0.00    0.00   52.00    0.00    0.00    0.00    0.00
08:37:46 AM    1    0.00    0.00   47.47    0.00    0.00   52.53    0.00    0.00    0.00    0.00
08:37:46 AM    2    0.00    0.00    0.00    0.00    1.00    2.00    0.00    0.00    0.00   97.00
08:37:46 AM    3    0.00    0.00    0.00    0.00    0.00    2.00    0.00    0.00    0.00   98.00
08:37:46 AM    4    0.00    0.00    0.00    0.00    0.00    1.00    0.00    0.00    0.00   99.00
08:37:46 AM    5    0.00    0.00    0.00    0.00    0.00    0.00    0.00    0.00    0.00  100.00
08:37:46 AM    6    0.00    0.00    0.00    0.00    0.00    0.00    0.00    0.00    0.00  100.00
08:37:46 AM    7    0.00    0.00    0.00    0.00    0.00    1.01    0.00    0.00    0.00   98.99

08:37:46 AM  CPU    %usr   %nice    %sys %iowait    %irq   %soft  %steal  %guest  %gnice   %idle
08:37:47 AM  all    0.12    0.00   11.86    0.00    0.37   13.48    0.00    0.00    0.00   74.16
08:37:47 AM    0    0.00    0.00   47.00    0.00    1.00   52.00    0.00    0.00    0.00    0.00
08:37:47 AM    1    0.98    0.00   47.06    0.00    0.98   50.98    0.00    0.00    0.00    0.00
08:37:47 AM    2    0.00    0.00    0.00    0.00    0.00    2.00    0.00    0.00    0.00   98.00
08:37:47 AM    3    0.00    0.00    0.00    0.00    1.00    2.00    0.00    0.00    0.00   97.00
08:37:47 AM    4    0.00    0.00    0.00    0.00    0.00    0.00    0.00    0.00    0.00  100.00
08:37:47 AM    5    0.00    0.00    0.00    0.00    0.00    0.00    0.00    0.00    0.00  100.00
08:37:47 AM    6    0.00    0.00    0.00    0.00    0.00    0.00    0.00    0.00    0.00  100.00
08:37:47 AM    7    0.00    0.00    0.00    0.00    0.00    0.00    0.00    0.00    0.00  100.00

08:37:47 AM  CPU    %usr   %nice    %sys %iowait    %irq   %soft  %steal  %guest  %gnice   %idle
08:37:48 AM  all    0.12    0.00   11.75    0.00    0.12   13.75    0.00    0.00    0.00   74.25
08:37:48 AM    0    1.00    0.00   47.00    0.00    0.00   52.00    0.00    0.00    0.00    0.00
08:37:48 AM    1    0.00    0.00   47.47    0.00    0.00   52.53    0.00    0.00    0.00    0.00
08:37:48 AM    2    0.00    0.00    0.00    0.00    1.00    2.00    0.00    0.00    0.00   97.00
08:37:48 AM    3    0.00    0.00    0.00    0.00    0.00    2.00    0.00    0.00    0.00   98.00
08:37:48 AM    4    0.00    0.00    0.00    0.00    0.00    0.99    0.00    0.00    0.00   99.01
08:37:48 AM    5    0.00    0.00    0.00    0.00    0.00    0.00    0.00    0.00    0.00  100.00
08:37:48 AM    6    0.00    0.00    0.00    0.00    0.00    0.00    0.00    0.00    0.00  100.00
08:37:48 AM    7    0.00    0.00    0.00    0.00    0.00    1.00    0.00    0.00    0.00   99.00

08:37:48 AM  CPU    %usr   %nice    %sys %iowait    %irq   %soft  %steal  %guest  %gnice   %idle
08:37:49 AM  all    0.12    0.00   11.75    0.00    0.25   13.50    0.00    0.00    0.00   74.38
08:37:49 AM    0    0.00    0.00   48.00    0.00    1.00   51.00    0.00    0.00    0.00    0.00
08:37:49 AM    1    1.00    0.00   46.00    0.00    0.00   52.00    0.00    0.00    0.00    1.00
08:37:49 AM    2    0.00    0.00    0.00    0.00    0.00    2.00    0.00    0.00    0.00   98.00
08:37:49 AM    3    0.00    0.00    0.00    0.00    1.00    2.00    0.00    0.00    0.00   97.00
08:37:49 AM    4    0.00    0.00    0.00    0.00    0.00    1.00    0.00    0.00    0.00   99.00
08:37:49 AM    5    0.00    0.00    0.00    0.00    0.00    0.00    0.00    0.00    0.00  100.00
08:37:49 AM    6    0.00    0.00    0.00    0.00    0.00    0.00    0.00    0.00    0.00  100.00
08:37:49 AM    7    0.00    0.00    0.00    0.00    0.00    0.00    0.00    0.00    0.00  100.00

08:37:49 AM  CPU    %usr   %nice    %sys %iowait    %irq   %soft  %steal  %guest  %gnice   %idle
08:37:50 AM  all    0.12    0.00   11.86    0.00    0.37   13.61    0.00    0.00    0.00   74.03
08:37:50 AM    0    1.00    0.00   47.00    0.00    0.00   52.00    0.00    0.00    0.00    0.00
08:37:50 AM    1    0.00    0.00   47.52    0.00    0.99   51.49    0.00    0.00    0.00    0.00
08:37:50 AM    2    0.00    0.00    0.00    0.00    1.00    2.00    0.00    0.00    0.00   97.00
08:37:50 AM    3    0.00    0.00    0.00    0.00    0.00    2.00    0.00    0.00    0.00   98.00
08:37:50 AM    4    0.00    0.00    0.00    0.00    1.00    0.00    0.00    0.00    0.00   99.00
08:37:50 AM    5    0.00    0.00    0.00    0.00    0.00    0.00    0.00    0.00    0.00  100.00
08:37:50 AM    6    0.00    0.00    0.00    0.00    0.00    0.00    0.00    0.00    0.00  100.00
08:37:50 AM    7    0.00    0.00    0.00    0.00    0.00    1.00    0.00    0.00    0.00   99.00

08:37:50 AM  CPU    %usr   %nice    %sys %iowait    %irq   %soft  %steal  %guest  %gnice   %idle
08:37:51 AM  all    0.12    0.00   11.74    0.00    0.12   13.86    0.00    0.00    0.00   74.16
08:37:51 AM    0    0.00    0.00   47.00    0.00    0.00   53.00    0.00    0.00    0.00    0.00
08:37:51 AM    1    1.01    0.00   47.47    0.00    0.00   51.52    0.00    0.00    0.00    0.00
08:37:51 AM    2    0.00    0.00    0.00    0.00    0.00    3.00    0.00    0.00    0.00   97.00
08:37:51 AM    3    0.00    0.00    0.00    0.00    1.00    2.00    0.00    0.00    0.00   97.00
08:37:51 AM    4    0.00    0.00    0.00    0.00    0.00    2.00    0.00    0.00    0.00   98.00
08:37:51 AM    5    0.00    0.00    0.00    0.00    0.00    0.00    0.00    0.00    0.00  100.00
08:37:51 AM    6    0.00    0.00    0.00    0.00    0.00    0.00    0.00    0.00    0.00  100.00
08:37:51 AM    7    0.00    0.00    0.00    0.00    0.00    0.00    0.00    0.00    0.00  100.00

08:37:51 AM  CPU    %usr   %nice    %sys %iowait    %irq   %soft  %steal  %guest  %gnice   %idle
08:37:52 AM  all    0.00    0.00   11.89    0.00    0.25   13.64    0.00    0.00    0.00   74.22
08:37:52 AM    0    0.00    0.00   47.00    0.00    1.00   52.00    0.00    0.00    0.00    0.00
08:37:52 AM    1    0.00    0.00   48.00    0.00    0.00   52.00    0.00    0.00    0.00    0.00
08:37:52 AM    2    0.00    0.00    0.00    0.00    1.00    2.00    0.00    0.00    0.00   97.00
08:37:52 AM    3    0.00    0.00    0.00    0.00    0.00    1.01    0.00    0.00    0.00   98.99
08:37:52 AM    4    0.00    0.00    0.00    0.00    0.00    1.00    0.00    0.00    0.00   99.00
08:37:52 AM    5    0.00    0.00    0.00    0.00    0.00    0.00    0.00    0.00    0.00  100.00
08:37:52 AM    6    0.00    0.00    0.00    0.00    0.00    0.00    0.00    0.00    0.00  100.00
08:37:52 AM    7    0.00    0.00    0.00    0.00    0.00    1.00    0.00    0.00    0.00   99.00

08:37:52 AM  CPU    %usr   %nice    %sys %iowait    %irq   %soft  %steal  %guest  %gnice   %idle
08:37:53 AM  all    0.25    0.00   11.72    0.00    0.37   13.84    0.00    0.00    0.00   73.82
08:37:53 AM    0    1.00    0.00   47.00    0.00    0.00   52.00    0.00    0.00    0.00    0.00
08:37:53 AM    1    0.99    0.00   46.53    0.00    0.99   51.49    0.00    0.00    0.00    0.00
08:37:53 AM    2    0.00    0.00    0.00    0.00    1.00    3.00    0.00    0.00    0.00   96.00
08:37:53 AM    3    0.00    0.00    0.00    0.00    0.99    2.97    0.00    0.00    0.00   96.04
08:37:53 AM    4    0.00    0.00    0.00    0.00    0.00    1.00    0.00    0.00    0.00   99.00
08:37:53 AM    5    0.00    0.00    0.00    0.00    0.00    0.00    0.00    0.00    0.00  100.00
08:37:53 AM    6    0.00    0.00    0.00    0.00    0.00    0.00    0.00    0.00    0.00  100.00
08:37:53 AM    7    0.00    0.00    0.00    0.00    0.00    0.00    0.00    0.00    0.00  100.00

08:37:53 AM  CPU    %usr   %nice    %sys %iowait    %irq   %soft  %steal  %guest  %gnice   %idle
08:37:54 AM  all    0.00    0.00   11.79    0.00    0.00   13.93    0.00    0.00    0.00   74.28
08:37:54 AM    0    0.00    0.00   47.00    0.00    0.00   52.00    0.00    0.00    0.00    1.00
08:37:54 AM    1    0.00    0.00   47.47    0.00    0.00   52.53    0.00    0.00    0.00    0.00
08:37:54 AM    2    0.00    0.00    0.00    0.00    0.00    3.03    0.00    0.00    0.00   96.97
08:37:54 AM    3    0.00    0.00    0.00    0.00    0.00    2.02    0.00    0.00    0.00   97.98
08:37:54 AM    4    0.00    0.00    0.00    0.00    0.00    1.00    0.00    0.00    0.00   99.00
08:37:54 AM    5    0.00    0.00    0.00    0.00    0.00    0.00    0.00    0.00    0.00  100.00
08:37:54 AM    6    0.00    0.00    0.00    0.00    0.00    0.00    0.00    0.00    0.00  100.00
08:37:54 AM    7    0.00    0.00    0.00    0.00    0.00    1.00    0.00    0.00    0.00   99.00

08:37:54 AM  CPU    %usr   %nice    %sys %iowait    %irq   %soft  %steal  %guest  %gnice   %idle
08:37:55 AM  all    0.12    0.00   11.80    0.00    0.50   14.16    0.00    0.00    0.00   73.42
08:37:55 AM    0    0.97    0.00   46.60    0.00    0.97   51.46    0.00    0.00    0.00    0.00
08:37:55 AM    1    0.00    0.00   46.53    0.00    0.99   52.48    0.00    0.00    0.00    0.00
08:37:55 AM    2    0.00    0.00    0.00    0.00    1.00    3.00    0.00    0.00    0.00   96.00
08:37:55 AM    3    0.00    0.00    0.00    0.00    1.00    3.00    0.00    0.00    0.00   96.00
08:37:55 AM    4    0.00    0.00    0.00    0.00    0.00    1.00    0.00    0.00    0.00   99.00
08:37:55 AM    5    0.00    0.00    0.00    0.00    0.00    0.00    0.00    0.00    0.00  100.00
08:37:55 AM    6    0.00    0.00    0.00    0.00    0.00    0.00    0.00    0.00    0.00  100.00
08:37:55 AM    7    0.00    0.00    0.00    0.00    0.00    0.99    0.00    0.00    0.00   99.01

08:37:55 AM  CPU    %usr   %nice    %sys %iowait    %irq   %soft  %steal  %guest  %gnice   %idle
08:37:56 AM  all    0.12    0.00   11.74    0.00    0.37   13.86    0.00    0.00    0.00   73.91
08:37:56 AM    0    0.00    0.00   47.47    0.00    0.00   52.53    0.00    0.00    0.00    0.00
08:37:56 AM    1    1.00    0.00   47.00    0.00    0.00   51.00    0.00    0.00    0.00    1.00
08:37:56 AM    2    0.00    0.00    0.00    0.00    0.99    2.97    0.00    0.00    0.00   96.04
08:37:56 AM    3    0.00    0.00    0.00    0.00    0.99    2.97    0.00    0.00    0.00   96.04
08:37:56 AM    4    0.00    0.00    0.00    0.00    0.00    1.00    0.00    0.00    0.00   99.00
08:37:56 AM    5    0.00    0.00    0.00    0.00    0.00    0.00    0.00    0.00    0.00  100.00
08:37:56 AM    6    0.00    0.00    0.00    0.00    0.00    0.00    0.00    0.00    0.00  100.00
08:37:56 AM    7    0.00    0.00    0.00    0.00    1.00    1.00    0.00    0.00    0.00   98.00

08:37:56 AM  CPU    %usr   %nice    %sys %iowait    %irq   %soft  %steal  %guest  %gnice   %idle
08:37:57 AM  all    0.12    0.00   11.75    0.00    0.12   13.88    0.00    0.00    0.00   74.12
08:37:57 AM    0    0.00    0.00   47.00    0.00    1.00   52.00    0.00    0.00    0.00    0.00
08:37:57 AM    1    1.00    0.00   47.00    0.00    0.00   52.00    0.00    0.00    0.00    0.00
08:37:57 AM    2    0.00    0.00    0.00    0.00    0.00    3.03    0.00    0.00    0.00   96.97
08:37:57 AM    3    0.00    0.00    0.00    0.00    0.00    3.00    0.00    0.00    0.00   97.00
08:37:57 AM    4    0.00    0.00    0.00    0.00    0.00    0.00    0.00    0.00    0.00  100.00
08:37:57 AM    5    0.00    0.00    0.00    0.00    0.00    0.00    0.00    0.00    0.00  100.00
08:37:57 AM    6    0.00    0.00    0.00    0.00    0.00    0.00    0.00    0.00    0.00  100.00
08:37:57 AM    7    0.00    0.00    0.00    0.00    0.00    0.99    0.00    0.00    0.00   99.01

08:37:57 AM  CPU    %usr   %nice    %sys %iowait    %irq   %soft  %steal  %guest  %gnice   %idle
08:37:58 AM  all    0.12    0.00   11.71    0.00    0.50   13.57    0.00    0.00    0.00   74.10
08:37:58 AM    0    1.00    0.00   47.00    0.00    0.00   52.00    0.00    0.00    0.00    0.00
08:37:58 AM    1    0.00    0.00   47.00    0.00    1.00   52.00    0.00    0.00    0.00    0.00
08:37:58 AM    2    0.00    0.00    0.00    0.00    1.00    2.00    0.00    0.00    0.00   97.00
08:37:58 AM    3    0.00    0.00    0.00    0.00    1.00    2.00    0.00    0.00    0.00   97.00
08:37:58 AM    4    0.00    0.00    0.00    0.00    0.98    0.98    0.00    0.00    0.00   98.04
08:37:58 AM    5    0.00    0.00    0.00    0.00    0.00    0.00    0.00    0.00    0.00  100.00
08:37:58 AM    6    0.00    0.00    0.00    0.00    0.00    0.00    0.00    0.00    0.00  100.00
08:37:58 AM    7    0.00    0.00    0.00    0.00    0.00    0.00    0.00    0.00    0.00  100.00

08:37:58 AM  CPU    %usr   %nice    %sys %iowait    %irq   %soft  %steal  %guest  %gnice   %idle
08:37:59 AM  all    0.13    0.00   11.90    0.00    0.00   13.91    0.00    0.00    0.00   74.06
08:37:59 AM    0    0.00    0.00   47.47    0.00    0.00   52.53    0.00    0.00    0.00    0.00
08:37:59 AM    1    0.99    0.00   47.52    0.00    0.00   51.49    0.00    0.00    0.00    0.00
08:37:59 AM    2    0.00    0.00    0.00    0.00    0.00    3.00    0.00    0.00    0.00   97.00
08:37:59 AM    3    0.00    0.00    0.00    0.00    0.00    2.02    0.00    0.00    0.00   97.98
08:37:59 AM    4    0.00    0.00    0.00    0.00    0.00    1.01    0.00    0.00    0.00   98.99
08:37:59 AM    5    0.00    0.00    0.00    0.00    0.00    0.00    0.00    0.00    0.00  100.00
08:37:59 AM    6    0.00    0.00    0.00    0.00    0.00    0.00    0.00    0.00    0.00  100.00
08:37:59 AM    7    0.00    0.00    0.00    0.00    0.00    1.00    0.00    0.00    0.00   99.00

08:37:59 AM  CPU    %usr   %nice    %sys %iowait    %irq   %soft  %steal  %guest  %gnice   %idle
08:38:00 AM  all    0.00    0.00   11.85    0.00    0.37   13.72    0.00    0.00    0.00   74.06
08:38:00 AM    0    0.00    0.00   47.52    0.00    0.99   51.49    0.00    0.00    0.00    0.00
08:38:00 AM    1    0.00    0.00   47.47    0.00    0.00   52.53    0.00    0.00    0.00    0.00
08:38:00 AM    2    0.00    0.00    0.00    0.00    1.00    2.00    0.00    0.00    0.00   97.00
08:38:00 AM    3    0.00    0.00    0.00    0.00    1.00    2.00    0.00    0.00    0.00   97.00
08:38:00 AM    4    0.00    0.00    0.00    0.00    0.00    0.99    0.00    0.00    0.00   99.01
08:38:00 AM    5    0.00    0.00    0.00    0.00    0.00    0.00    0.00    0.00    0.00  100.00
08:38:00 AM    6    0.00    0.00    0.00    0.00    0.00    0.00    0.00    0.00    0.00  100.00
08:38:00 AM    7    0.00    0.00    0.00    0.00    0.00    0.99    0.00    0.00    0.00   99.01

08:38:00 AM  CPU    %usr   %nice    %sys %iowait    %irq   %soft  %steal  %guest  %gnice   %idle
08:38:01 AM  all    0.25    0.00   11.76    0.00    0.13   13.77    0.00    0.00    0.00   74.09
08:38:01 AM    0    0.99    0.00   46.53    0.00    0.00   51.49    0.00    0.00    0.00    0.99
08:38:01 AM    1    0.99    0.00   46.53    0.00    0.99   51.49    0.00    0.00    0.00    0.00
08:38:01 AM    2    0.00    0.00    0.00    0.00    0.00    2.02    0.00    0.00    0.00   97.98
08:38:01 AM    3    0.00    0.00    0.00    0.00    0.00    3.00    0.00    0.00    0.00   97.00
08:38:01 AM    4    0.00    0.00    0.00    0.00    0.00    1.01    0.00    0.00    0.00   98.99
08:38:01 AM    5    0.00    0.00    0.00    0.00    0.00    0.00    0.00    0.00    0.00  100.00
08:38:01 AM    6    0.00    0.00    0.00    0.00    0.00    0.00    0.00    0.00    0.00  100.00
08:38:01 AM    7    0.00    0.00    0.00    0.00    0.00    0.00    0.00    0.00    0.00  100.00

08:38:01 AM  CPU    %usr   %nice    %sys %iowait    %irq   %soft  %steal  %guest  %gnice   %idle
08:38:02 AM  all    0.13    0.00   11.64    0.00    0.38   14.27    0.00    0.00    0.00   73.59
08:38:02 AM    0    1.00    0.00   47.00    0.00    1.00   51.00    0.00    0.00    0.00    0.00
08:38:02 AM    1    0.00    0.00   46.94    0.00    0.00   53.06    0.00    0.00    0.00    0.00
08:38:02 AM    2    0.00    0.00    0.00    0.00    0.99    3.96    0.00    0.00    0.00   95.05
08:38:02 AM    3    0.00    0.00    0.00    0.00    1.00    3.00    0.00    0.00    0.00   96.00
08:38:02 AM    4    0.00    0.00    0.00    0.00    0.00    2.00    0.00    0.00    0.00   98.00
08:38:02 AM    5    0.00    0.00    0.00    0.00    0.00    0.00    0.00    0.00    0.00  100.00
08:38:02 AM    6    0.00    0.00    0.00    0.00    0.00    0.00    0.00    0.00    0.00  100.00
08:38:02 AM    7    0.00    0.00    0.00    0.00    0.00    2.00    0.00    0.00    0.00   98.00

08:38:02 AM  CPU    %usr   %nice    %sys %iowait    %irq   %soft  %steal  %guest  %gnice   %idle
08:38:03 AM  all    0.12    0.00   11.69    0.00    0.12   13.81    0.00    0.00    0.00   74.25
08:38:03 AM    0    0.00    0.00   47.00    0.00    0.00   53.00    0.00    0.00    0.00    0.00
08:38:03 AM    1    0.98    0.00   46.08    0.00    0.98   50.98    0.00    0.00    0.00    0.98
08:38:03 AM    2    0.00    0.00    0.00    0.00    0.00    2.00    0.00    0.00    0.00   98.00
08:38:03 AM    3    0.00    0.00    0.00    0.00    0.00    2.00    0.00    0.00    0.00   98.00
08:38:03 AM    4    0.00    0.00    0.00    0.00    0.00    1.00    0.00    0.00    0.00   99.00
08:38:03 AM    5    0.00    0.00    0.00    0.00    0.00    0.00    0.00    0.00    0.00  100.00
08:38:03 AM    6    0.00    0.00    0.00    0.00    0.00    0.00    0.00    0.00    0.00  100.00
08:38:03 AM    7    0.00    0.00    0.00    0.00    0.00    0.99    0.00    0.00    0.00   99.01

08:38:03 AM  CPU    %usr   %nice    %sys %iowait    %irq   %soft  %steal  %guest  %gnice   %idle
08:38:04 AM  all    0.00    0.00   11.54    0.00    0.25   14.30    0.00    0.00    0.00   73.90
08:38:04 AM    0    0.00    0.00   46.46    0.00    0.00   53.54    0.00    0.00    0.00    0.00
08:38:04 AM    1    0.00    0.00   46.46    0.00    0.00   53.54    0.00    0.00    0.00    0.00
08:38:04 AM    2    0.00    0.00    0.00    0.00    1.00    3.00    0.00    0.00    0.00   96.00
08:38:04 AM    3    0.00    0.00    0.00    0.00    1.00    3.00    0.00    0.00    0.00   96.00
08:38:04 AM    4    0.00    0.00    0.00    0.00    0.00    1.00    0.00    0.00    0.00   99.00
08:38:04 AM    5    0.00    0.00    0.00    0.00    0.00    0.00    0.00    0.00    0.00  100.00
08:38:04 AM    6    0.00    0.00    0.00    0.00    0.00    0.00    0.00    0.00    0.00  100.00
08:38:04 AM    7    0.00    0.00    0.00    0.00    0.00    1.01    0.00    0.00    0.00   98.99

08:38:04 AM  CPU    %usr   %nice    %sys %iowait    %irq   %soft  %steal  %guest  %gnice   %idle
08:38:05 AM  all    0.37    0.00   11.72    0.00    0.50   13.84    0.00    0.00    0.00   73.57
08:38:05 AM    0    1.96    0.00   46.08    0.00    0.98   50.00    0.00    0.00    0.00    0.98
08:38:05 AM    1    1.00    0.00   47.00    0.00    0.00   52.00    0.00    0.00    0.00    0.00
08:38:05 AM    2    0.00    0.00    0.00    0.00    0.00    3.03    0.00    0.00    0.00   96.97
08:38:05 AM    3    0.00    0.00    0.00    0.00    1.00    3.00    0.00    0.00    0.00   96.00
08:38:05 AM    4    0.00    0.00    0.00    0.00    1.00    1.00    0.00    0.00    0.00   98.00
08:38:05 AM    5    0.00    0.00    0.00    0.00    0.00    0.00    0.00    0.00    0.00  100.00
08:38:05 AM    6    0.00    0.00    0.00    0.00    0.00    0.00    0.00    0.00    0.00  100.00
08:38:05 AM    7    0.00    0.00    0.00    0.00    0.99    0.99    0.00    0.00    0.00   98.02

08:38:05 AM  CPU    %usr   %nice    %sys %iowait    %irq   %soft  %steal  %guest  %gnice   %idle
08:38:06 AM  all    0.00    0.00   11.64    0.00    0.25   14.27    0.00    0.00    0.00   73.84
08:38:06 AM    0    0.00    0.00   46.94    0.00    0.00   53.06    0.00    0.00    0.00    0.00
08:38:06 AM    1    0.00    0.00   46.53    0.00    0.99   52.48    0.00    0.00    0.00    0.00
08:38:06 AM    2    0.00    0.00    0.00    0.00    0.99    2.97    0.00    0.00    0.00   96.04
08:38:06 AM    3    0.00    0.00    0.00    0.00    0.00    4.04    0.00    0.00    0.00   95.96
08:38:06 AM    4    0.00    0.00    0.00    0.00    0.00    1.00    0.00    0.00    0.00   99.00
08:38:06 AM    5    0.00    0.00    0.00    0.00    0.00    0.00    0.00    0.00    0.00  100.00
08:38:06 AM    6    0.00    0.00    0.00    0.00    0.00    0.00    0.00    0.00    0.00  100.00
08:38:06 AM    7    0.00    0.00    0.00    0.00    0.00    1.00    0.00    0.00    0.00   99.00

08:38:06 AM  CPU    %usr   %nice    %sys %iowait    %irq   %soft  %steal  %guest  %gnice   %idle
08:38:07 AM  all    0.00    0.00   11.72    0.00    0.12   13.84    0.00    0.00    0.00   74.31
08:38:07 AM    0    0.00    0.00   47.00    0.00    0.00   53.00    0.00    0.00    0.00    0.00
08:38:07 AM    1    0.00    0.00   47.47    0.00    0.00   52.53    0.00    0.00    0.00    0.00
08:38:07 AM    2    0.00    0.00    0.00    0.00    0.00    2.02    0.00    0.00    0.00   97.98
08:38:07 AM    3    0.00    0.00    0.00    0.00    0.99    1.98    0.00    0.00    0.00   97.03
08:38:07 AM    4    0.00    0.00    0.00    0.00    0.00    0.99    0.00    0.00    0.00   99.01
08:38:07 AM    5    0.00    0.00    0.00    0.00    0.00    0.00    0.00    0.00    0.00  100.00
08:38:07 AM    6    0.00    0.00    0.00    0.00    0.00    0.00    0.00    0.00    0.00  100.00
08:38:07 AM    7    0.00    0.00    0.00    0.00    0.00    0.99    0.00    0.00    0.00   99.01

08:38:07 AM  CPU    %usr   %nice    %sys %iowait    %irq   %soft  %steal  %guest  %gnice   %idle
08:38:08 AM  all    0.25    0.00   11.67    0.00    0.25   13.43    0.00    0.00    0.00   74.40
08:38:08 AM    0    1.00    0.00   47.00    0.00    1.00   51.00    0.00    0.00    0.00    0.00
08:38:08 AM    1    1.01    0.00   46.46    0.00    0.00   51.52    0.00    0.00    0.00    1.01
08:38:08 AM    2    0.00    0.00    0.00    0.00    1.00    2.00    0.00    0.00    0.00   97.00
08:38:08 AM    3    0.00    0.00    0.00    0.00    0.00    2.02    0.00    0.00    0.00   97.98
08:38:08 AM    4    0.00    0.00    0.00    0.00    0.00    1.00    0.00    0.00    0.00   99.00
08:38:08 AM    5    0.00    0.00    0.00    0.00    0.00    0.00    0.00    0.00    0.00  100.00
08:38:08 AM    6    0.00    0.00    0.00    0.00    0.00    0.00    0.00    0.00    0.00  100.00
08:38:08 AM    7    0.00    0.00    0.00    0.00    0.00    0.00    0.00    0.00    0.00  100.00

08:38:08 AM  CPU    %usr   %nice    %sys %iowait    %irq   %soft  %steal  %guest  %gnice   %idle
08:38:09 AM  all    0.12    0.00   11.83    0.00    0.25   14.32    0.00    0.00    0.00   73.47
08:38:09 AM    0    0.99    0.00   46.53    0.00    0.00   52.48    0.00    0.00    0.00    0.00
08:38:09 AM    1    0.00    0.00   47.06    0.00    0.98   51.96    0.00    0.00    0.00    0.00
08:38:09 AM    2    0.00    0.00    0.00    0.00    0.00    3.00    0.00    0.00    0.00   97.00
08:38:09 AM    3    0.00    0.00    0.00    0.00    1.00    3.00    0.00    0.00    0.00   96.00
08:38:09 AM    4    0.00    0.00    0.00    0.00    0.00    1.01    0.00    0.00    0.00   98.99
08:38:09 AM    5    0.00    0.00    0.00    0.00    0.00    0.00    0.00    0.00    0.00  100.00
08:38:09 AM    6    0.00    0.00    0.00    0.00    0.00    0.00    0.00    0.00    0.00  100.00
08:38:09 AM    7    0.00    0.00    0.00    0.00    0.00    1.98    0.00    0.00    0.00   98.02

08:38:09 AM  CPU    %usr   %nice    %sys %iowait    %irq   %soft  %steal  %guest  %gnice   %idle
08:38:10 AM  all    0.00    0.00   11.88    0.00    0.38   13.75    0.00    0.00    0.00   74.00
08:38:10 AM    0    0.00    0.00   47.52    0.00    0.99   51.49    0.00    0.00    0.00    0.00
08:38:10 AM    1    0.00    0.00   47.47    0.00    0.00   52.53    0.00    0.00    0.00    0.00
08:38:10 AM    2    0.00    0.00    0.00    0.00    1.00    2.00    0.00    0.00    0.00   97.00
08:38:10 AM    3    0.00    0.00    0.00    0.00    1.00    3.00    0.00    0.00    0.00   96.00
08:38:10 AM    4    0.00    0.00    0.00    0.00    0.00    0.99    0.00    0.00    0.00   99.01
08:38:10 AM    5    0.00    0.00    0.00    0.00    0.00    0.00    0.00    0.00    0.00  100.00
08:38:10 AM    6    0.00    0.00    0.00    0.00    0.00    0.00    0.00    0.00    0.00  100.00
08:38:10 AM    7    0.00    0.00    0.00    0.00    0.00    0.00    0.00    0.00    0.00  100.00

08:38:10 AM  CPU    %usr   %nice    %sys %iowait    %irq   %soft  %steal  %guest  %gnice   %idle
08:38:11 AM  all    0.12    0.00   11.85    0.00    0.50   14.09    0.00    0.00    0.00   73.44
08:38:11 AM    0    0.00    0.00   47.47    0.00    0.00   52.53    0.00    0.00    0.00    0.00
08:38:11 AM    1    0.99    0.00   46.53    0.00    0.99   51.49    0.00    0.00    0.00    0.00
08:38:11 AM    2    0.00    0.00    0.99    0.00    0.99    2.97    0.00    0.00    0.00   95.05
08:38:11 AM    3    0.00    0.00    0.00    0.00    0.99    3.96    0.00    0.00    0.00   95.05
08:38:11 AM    4    0.00    0.00    0.00    0.00    1.00    1.00    0.00    0.00    0.00   98.00
08:38:11 AM    5    0.00    0.00    0.00    0.00    0.00    0.00    0.00    0.00    0.00  100.00
08:38:11 AM    6    0.00    0.00    0.00    0.00    0.00    0.00    0.00    0.00    0.00  100.00
08:38:11 AM    7    0.00    0.00    0.00    0.00    0.00    1.00    0.00    0.00    0.00   99.00

08:38:11 AM  CPU    %usr   %nice    %sys %iowait    %irq   %soft  %steal  %guest  %gnice   %idle
08:38:12 AM  all    0.13    0.00   11.65    0.00    0.00   13.66    0.00    0.00    0.00   74.56
08:38:12 AM    0    1.01    0.00   46.46    0.00    0.00   52.53    0.00    0.00    0.00    0.00
08:38:12 AM    1    0.00    0.00   47.47    0.00    0.00   52.53    0.00    0.00    0.00    0.00
08:38:12 AM    2    0.00    0.00    0.00    0.00    0.00    2.00    0.00    0.00    0.00   98.00
08:38:12 AM    3    0.00    0.00    0.00    0.00    0.00    2.02    0.00    0.00    0.00   97.98
08:38:12 AM    4    0.00    0.00    0.00    0.00    0.00    0.00    0.00    0.00    0.00  100.00
08:38:12 AM    5    0.00    0.00    0.00    0.00    0.00    0.00    0.00    0.00    0.00  100.00
08:38:12 AM    6    0.00    0.00    0.00    0.00    0.00    0.00    0.00    0.00    0.00  100.00
08:38:12 AM    7    0.00    0.00    0.00    0.00    0.00    1.00    0.00    0.00    0.00   99.00

08:38:12 AM  CPU    %usr   %nice    %sys %iowait    %irq   %soft  %steal  %guest  %gnice   %idle
08:38:13 AM  all    0.12    0.00   11.71    0.00    0.37   14.32    0.00    0.00    0.00   73.47
08:38:13 AM    0    0.00    0.00   46.53    0.00    0.99   52.48    0.00    0.00    0.00    0.00
08:38:13 AM    1    0.99    0.00   46.53    0.00    0.00   52.48    0.00    0.00    0.00    0.00
08:38:13 AM    2    0.00    0.00    0.00    0.00    1.00    3.00    0.00    0.00    0.00   96.00
08:38:13 AM    3    0.00    0.00    0.00    0.00    1.00    2.00    0.00    0.00    0.00   97.00
08:38:13 AM    4    0.00    0.00    0.00    0.00    0.00    2.00    0.00    0.00    0.00   98.00
08:38:13 AM    5    0.00    0.00    0.00    0.00    0.00    0.00    0.00    0.00    0.00  100.00
08:38:13 AM    6    0.00    0.00    0.00    0.00    0.00    0.00    0.00    0.00    0.00  100.00
08:38:13 AM    7    0.00    0.00    0.00    0.00    0.00    2.00    0.00    0.00    0.00   98.00

08:38:13 AM  CPU    %usr   %nice    %sys %iowait    %irq   %soft  %steal  %guest  %gnice   %idle
08:38:14 AM  all    0.12    0.00   11.72    0.00    0.25   14.09    0.00    0.00    0.00   73.82
08:38:14 AM    0    0.99    0.00   46.53    0.00    0.00   52.48    0.00    0.00    0.00    0.00
08:38:14 AM    1    0.00    0.00   47.00    0.00    1.00   52.00    0.00    0.00    0.00    0.00
08:38:14 AM    2    0.00    0.00    0.00    0.00    0.00    4.00    0.00    0.00    0.00   96.00
08:38:14 AM    3    0.00    0.00    0.00    0.00    0.00    3.00    0.00    0.00    0.00   97.00
08:38:14 AM    4    0.00    0.00    0.00    0.00    0.00    0.00    0.00    0.00    0.00  100.00
08:38:14 AM    5    0.00    0.00    0.00    0.00    0.00    0.00    0.00    0.00    0.00  100.00
08:38:14 AM    6    0.00    0.00    0.00    0.00    0.00    0.00    0.00    0.00    0.00  100.00
08:38:14 AM    7    0.00    0.00    0.00    0.00    0.99    0.99    0.00    0.00    0.00   98.02

08:38:14 AM  CPU    %usr   %nice    %sys %iowait    %irq   %soft  %steal  %guest  %gnice   %idle
08:38:15 AM  all    0.00    0.00   11.88    0.00    0.38   13.75    0.00    0.00    0.00   74.00
08:38:15 AM    0    0.00    0.00   47.00    0.00    1.00   52.00    0.00    0.00    0.00    0.00
08:38:15 AM    1    0.00    0.00   47.47    0.00    0.00   52.53    0.00    0.00    0.00    0.00
08:38:15 AM    2    0.00    0.00    0.00    0.00    1.00    2.00    0.00    0.00    0.00   97.00
08:38:15 AM    3    0.00    0.00    0.00    0.00    1.00    2.00    0.00    0.00    0.00   97.00
08:38:15 AM    4    0.00    0.00    0.00    0.00    0.00    1.00    0.00    0.00    0.00   99.00
08:38:15 AM    5    0.00    0.00    0.00    0.00    0.00    0.00    0.00    0.00    0.00  100.00
08:38:15 AM    6    0.00    0.00    0.00    0.00    0.00    0.00    0.00    0.00    0.00  100.00
08:38:15 AM    7    0.00    0.00    0.99    0.00    0.00    0.99    0.00    0.00    0.00   98.02

08:38:15 AM  CPU    %usr   %nice    %sys %iowait    %irq   %soft  %steal  %guest  %gnice   %idle
08:38:16 AM  all    0.12    0.00   11.69    0.00    0.00   14.18    0.00    0.00    0.00   74.00
08:38:16 AM    0    0.00    0.00   46.53    0.00    0.00   52.48    0.00    0.00    0.00    0.99
08:38:16 AM    1    0.99    0.00   46.53    0.00    0.00   52.48    0.00    0.00    0.00    0.00
08:38:16 AM    2    0.00    0.00    0.00    0.00    0.00    3.00    0.00    0.00    0.00   97.00
08:38:16 AM    3    0.00    0.00    0.00    0.00    0.00    3.00    0.00    0.00    0.00   97.00
08:38:16 AM    4    0.00    0.00    0.00    0.00    0.00    0.99    0.00    0.00    0.00   99.01
08:38:16 AM    5    0.00    0.00    0.00    0.00    0.00    0.00    0.00    0.00    0.00  100.00
08:38:16 AM    6    0.00    0.00    0.00    0.00    0.00    0.00    0.00    0.00    0.00  100.00
08:38:16 AM    7    0.00    0.00    0.00    0.00    0.00    1.00    0.00    0.00    0.00   99.00

08:38:16 AM  CPU    %usr   %nice    %sys %iowait    %irq   %soft  %steal  %guest  %gnice   %idle
08:38:17 AM  all    0.12    0.00   11.62    0.00    0.38   13.88    0.00    0.00    0.00   74.00
08:38:17 AM    0    1.00    0.00   47.00    0.00    0.00   52.00    0.00    0.00    0.00    0.00
08:38:17 AM    1    0.00    0.00   46.00    0.00    1.00   53.00    0.00    0.00    0.00    0.00
08:38:17 AM    2    0.00    0.00    0.00    0.00    1.00    2.00    0.00    0.00    0.00   97.00
08:38:17 AM    3    0.00    0.00    0.00    0.00    1.00    3.00    0.00    0.00    0.00   96.00
08:38:17 AM    4    0.00    0.00    0.00    0.00    0.00    0.00    0.00    0.00    0.00  100.00
08:38:17 AM    5    0.00    0.00    0.00    0.00    0.00    0.00    0.00    0.00    0.00  100.00
08:38:17 AM    6    0.00    0.00    0.00    0.00    0.00    0.00    0.00    0.00    0.00  100.00
08:38:17 AM    7    0.00    0.00    0.00    0.00    0.00    1.00    0.00    0.00    0.00   99.00

08:38:17 AM  CPU    %usr   %nice    %sys %iowait    %irq   %soft  %steal  %guest  %gnice   %idle
08:38:18 AM  all    0.13    0.00   11.64    0.00    0.25   14.27    0.00    0.00    0.00   73.72
08:38:18 AM    0    0.00    0.00   46.00    0.00    1.00   53.00    0.00    0.00    0.00    0.00
08:38:18 AM    1    1.00    0.00   47.00    0.00    0.00   52.00    0.00    0.00    0.00    0.00
08:38:18 AM    2    0.00    0.00    0.00    0.00    1.00    3.00    0.00    0.00    0.00   96.00
08:38:18 AM    3    0.00    0.00    0.00    0.00    0.00    3.03    0.00    0.00    0.00   96.97
08:38:18 AM    4    0.00    0.00    0.00    0.00    0.00    1.00    0.00    0.00    0.00   99.00
08:38:18 AM    5    0.00    0.00    0.00    0.00    0.00    0.00    0.00    0.00    0.00  100.00
08:38:18 AM    6    0.00    0.00    0.00    0.00    0.00    0.00    0.00    0.00    0.00  100.00
08:38:18 AM    7    0.00    0.00    0.00    0.00    0.00    2.00    0.00    0.00    0.00   98.00

08:38:18 AM  CPU    %usr   %nice    %sys %iowait    %irq   %soft  %steal  %guest  %gnice   %idle
08:38:19 AM  all    0.12    0.00   11.71    0.00    0.25   14.20    0.00    0.00    0.00   73.72
08:38:19 AM    0    0.99    0.00   46.53    0.00    0.00   52.48    0.00    0.00    0.00    0.00
08:38:19 AM    1    0.00    0.00   47.00    0.00    1.00   52.00    0.00    0.00    0.00    0.00
08:38:19 AM    2    0.00    0.00    0.00    0.00    0.00    3.00    0.00    0.00    0.00   97.00
08:38:19 AM    3    0.00    0.00    0.00    0.00    0.99    3.96    0.00    0.00    0.00   95.05
08:38:19 AM    4    0.00    0.00    0.00    0.00    0.00    0.99    0.00    0.00    0.00   99.01
08:38:19 AM    5    0.00    0.00    0.00    0.00    0.00    0.00    0.00    0.00    0.00  100.00
08:38:19 AM    6    0.00    0.00    0.00    0.00    0.00    0.00    0.00    0.00    0.00  100.00
08:38:19 AM    7    0.00    0.00    0.00    0.00    0.00    1.00    0.00    0.00    0.00   99.00

08:38:19 AM  CPU    %usr   %nice    %sys %iowait    %irq   %soft  %steal  %guest  %gnice   %idle
08:38:20 AM  all    0.00    0.00   11.78    0.00    0.38   13.91    0.00    0.00    0.00   73.93
08:38:20 AM    0    0.00    0.00   47.00    0.00    1.00   52.00    0.00    0.00    0.00    0.00
08:38:20 AM    1    0.00    0.00   47.00    0.00    0.00   53.00    0.00    0.00    0.00    0.00
08:38:20 AM    2    0.00    0.00    0.00    0.00    1.01    2.02    0.00    0.00    0.00   96.97
08:38:20 AM    3    0.00    0.00    0.00    0.00    1.00    3.00    0.00    0.00    0.00   96.00
08:38:20 AM    4    0.00    0.00    0.00    0.00    0.00    0.00    0.00    0.00    0.00  100.00
08:38:20 AM    5    0.00    0.00    0.00    0.00    0.00    0.00    0.00    0.00    0.00  100.00
08:38:20 AM    6    0.00    0.00    0.00    0.00    0.00    0.00    0.00    0.00    0.00  100.00
08:38:20 AM    7    0.00    0.00    0.00    0.00    0.00    1.00    0.00    0.00    0.00   99.00

08:38:20 AM  CPU    %usr   %nice    %sys %iowait    %irq   %soft  %steal  %guest  %gnice   %idle
08:38:21 AM  all    0.00    0.00   11.74    0.00    0.12   14.23    0.00    0.00    0.00   73.91
08:38:21 AM    0    0.00    0.00   47.00    0.00    0.00   53.00    0.00    0.00    0.00    0.00
08:38:21 AM    1    0.00    0.00   47.00    0.00    0.00   53.00    0.00    0.00    0.00    0.00
08:38:21 AM    2    0.00    0.00    0.00    0.00    0.99    2.97    0.00    0.00    0.00   96.04
08:38:21 AM    3    0.00    0.00    0.00    0.00    0.00    3.03    0.00    0.00    0.00   96.97
08:38:21 AM    4    0.00    0.00    0.00    0.00    0.00    0.99    0.00    0.00    0.00   99.01
08:38:21 AM    5    0.00    0.00    0.00    0.00    0.00    0.00    0.00    0.00    0.00  100.00
08:38:21 AM    6    0.00    0.00    0.00    0.00    0.00    0.00    0.00    0.00    0.00  100.00
08:38:21 AM    7    0.00    0.00    0.00    0.00    0.00    1.00    0.00    0.00    0.00   99.00

08:38:21 AM  CPU    %usr   %nice    %sys %iowait    %irq   %soft  %steal  %guest  %gnice   %idle
08:38:22 AM  all    0.37    0.00   11.47    0.00    0.37   14.09    0.00    0.00    0.00   73.69
08:38:22 AM    0    2.00    0.00   46.00    0.00    0.00   52.00    0.00    0.00    0.00    0.00
08:38:22 AM    1    0.99    0.00   45.54    0.00    0.99   51.49    0.00    0.00    0.00    0.99
08:38:22 AM    2    0.00    0.00    0.00    0.00    0.00    4.04    0.00    0.00    0.00   95.96
08:38:22 AM    3    0.00    0.00    0.00    0.00    0.99    2.97    0.00    0.00    0.00   96.04
08:38:22 AM    4    0.00    0.00    0.00    0.00    0.00    1.00    0.00    0.00    0.00   99.00
08:38:22 AM    5    0.00    0.00    0.00    0.00    0.00    0.00    0.00    0.00    0.00  100.00
08:38:22 AM    6    0.00    0.00    0.00    0.00    0.00    0.00    0.00    0.00    0.00  100.00
08:38:22 AM    7    0.00    0.00    0.00    0.00    0.99    0.99    0.00    0.00    0.00   98.02

08:38:22 AM  CPU    %usr   %nice    %sys %iowait    %irq   %soft  %steal  %guest  %gnice   %idle
08:38:23 AM  all    0.12    0.00   11.61    0.00    0.37   13.86    0.00    0.00    0.00   74.03
08:38:23 AM    0    0.00    0.00   46.46    0.00    1.01   52.53    0.00    0.00    0.00    0.00
08:38:23 AM    1    0.99    0.00   46.53    0.00    0.00   52.48    0.00    0.00    0.00    0.00
08:38:23 AM    2    0.00    0.00    0.00    0.00    0.99    1.98    0.00    0.00    0.00   97.03
08:38:23 AM    3    0.00    0.00    0.00    0.00    0.00    3.03    0.00    0.00    0.00   96.97
08:38:23 AM    4    0.00    0.00    0.00    0.00    0.99    0.99    0.00    0.00    0.00   98.02
08:38:23 AM    5    0.00    0.00    0.00    0.00    0.00    0.00    0.00    0.00    0.00  100.00
08:38:23 AM    6    0.00    0.00    0.00    0.00    0.00    0.00    0.00    0.00    0.00  100.00
08:38:23 AM    7    0.00    0.00    0.00    0.00    0.00    0.00    0.00    0.00    0.00  100.00

08:38:23 AM  CPU    %usr   %nice    %sys %iowait    %irq   %soft  %steal  %guest  %gnice   %idle
08:38:24 AM  all    0.00    0.00   11.79    0.00    0.13   13.93    0.00    0.00    0.00   74.15
08:38:24 AM    0    0.00    0.00   47.00    0.00    0.00   53.00    0.00    0.00    0.00    0.00
08:38:24 AM    1    0.00    0.00   47.47    0.00    0.00   52.53    0.00    0.00    0.00    0.00
08:38:24 AM    2    0.00    0.00    0.00    0.00    0.00    2.04    0.00    0.00    0.00   97.96
08:38:24 AM    3    0.00    0.00    0.00    0.00    1.00    2.00    0.00    0.00    0.00   97.00
08:38:24 AM    4    0.00    0.00    0.00    0.00    0.00    1.00    0.00    0.00    0.00   99.00
08:38:24 AM    5    0.00    0.00    0.00    0.00    0.00    0.00    0.00    0.00    0.00  100.00
08:38:24 AM    6    0.00    0.00    0.00    0.00    0.00    0.00    0.00    0.00    0.00  100.00
08:38:24 AM    7    0.00    0.00    0.00    0.00    0.00    1.00    0.00    0.00    0.00   99.00

08:38:24 AM  CPU    %usr   %nice    %sys %iowait    %irq   %soft  %steal  %guest  %gnice   %idle
08:38:25 AM  all    0.37    0.00   11.60    0.00    0.25   13.97    0.00    0.00    0.00   73.82
08:38:25 AM    0    2.00    0.00   47.00    0.00    0.00   51.00    0.00    0.00    0.00    0.00
08:38:25 AM    1    1.00    0.00   46.00    0.00    1.00   52.00    0.00    0.00    0.00    0.00
08:38:25 AM    2    0.00    0.00    0.00    0.00    0.99    2.97    0.00    0.00    0.00   96.04
08:38:25 AM    3    0.00    0.00    0.00    0.00    0.00    4.00    0.00    0.00    0.00   96.00
08:38:25 AM    4    0.00    0.00    0.00    0.00    0.00    1.00    0.00    0.00    0.00   99.00
08:38:25 AM    5    0.00    0.00    0.00    0.00    0.00    0.00    0.00    0.00    0.00  100.00
08:38:25 AM    6    0.00    0.00    0.00    0.00    0.00    0.00    0.00    0.00    0.00  100.00
08:38:25 AM    7    0.00    0.00    0.00    0.00    0.00    1.00    0.00    0.00    0.00   99.00

08:38:25 AM  CPU    %usr   %nice    %sys %iowait    %irq   %soft  %steal  %guest  %gnice   %idle
08:38:26 AM  all    0.00    0.00   11.72    0.00    0.37   14.09    0.00    0.00    0.00   73.82
08:38:26 AM    0    0.00    0.00   46.53    0.00    0.99   52.48    0.00    0.00    0.00    0.00
08:38:26 AM    1    0.00    0.00   47.00    0.00    0.00   53.00    0.00    0.00    0.00    0.00
08:38:26 AM    2    0.00    0.00    0.00    0.00    1.00    3.00    0.00    0.00    0.00   96.00
08:38:26 AM    3    0.00    0.00    0.00    0.00    1.00    2.00    0.00    0.00    0.00   97.00
08:38:26 AM    4    0.00    0.00    0.00    0.00    0.00    0.00    0.00    0.00    0.00  100.00
08:38:26 AM    5    0.00    0.00    0.00    0.00    0.00    0.00    0.00    0.00    0.00  100.00
08:38:26 AM    6    0.00    0.00    0.00    0.00    0.00    0.00    0.00    0.00    0.00  100.00
08:38:26 AM    7    0.00    0.00    0.00    0.00    0.00    2.00    0.00    0.00    0.00   98.00

08:38:26 AM  CPU    %usr   %nice    %sys %iowait    %irq   %soft  %steal  %guest  %gnice   %idle
08:38:27 AM  all    0.13    0.00   11.76    0.00    0.25   13.77    0.00    0.00    0.00   74.09
08:38:27 AM    0    1.01    0.00   46.46    0.00    0.00   52.53    0.00    0.00    0.00    0.00
08:38:27 AM    1    0.00    0.00   47.00    0.00    1.00   52.00    0.00    0.00    0.00    0.00
08:38:27 AM    2    0.00    0.00    0.00    0.00    0.00    3.00    0.00    0.00    0.00   97.00
08:38:27 AM    3    0.00    0.00    0.99    0.00    0.99    1.98    0.00    0.00    0.00   96.04
08:38:27 AM    4    0.00    0.00    0.00    0.00    0.00    1.00    0.00    0.00    0.00   99.00
08:38:27 AM    5    0.00    0.00    0.00    0.00    0.00    0.00    0.00    0.00    0.00  100.00
08:38:27 AM    6    0.00    0.00    0.00    0.00    0.00    0.00    0.00    0.00    0.00  100.00
08:38:27 AM    7    0.00    0.00    0.00    0.00    0.00    0.00    0.00    0.00    0.00  100.00

08:38:27 AM  CPU    %usr   %nice    %sys %iowait    %irq   %soft  %steal  %guest  %gnice   %idle
08:38:28 AM  all    0.12    0.00   11.83    0.00    0.25   14.07    0.00    0.00    0.00   73.72
08:38:28 AM    0    0.00    0.00   47.06    0.00    0.98   50.98    0.00    0.00    0.00    0.98
08:38:28 AM    1    0.99    0.00   46.53    0.00    0.00   51.49    0.00    0.00    0.00    0.99
08:38:28 AM    2    0.00    0.00    0.00    0.00    1.00    3.00    0.00    0.00    0.00   96.00
08:38:28 AM    3    0.00    0.00    0.00    0.00    0.00    3.03    0.00    0.00    0.00   96.97
08:38:28 AM    4    0.00    0.00    0.00    0.00    0.00    1.00    0.00    0.00    0.00   99.00
08:38:28 AM    5    0.00    0.00    0.00    0.00    0.00    0.00    0.00    0.00    0.00  100.00
08:38:28 AM    6    0.00    0.00    0.00    0.00    0.00    0.00    0.00    0.00    0.00  100.00
08:38:28 AM    7    0.00    0.00    0.00    0.00    0.00    1.98    0.00    0.00    0.00   98.02

08:38:28 AM  CPU    %usr   %nice    %sys %iowait    %irq   %soft  %steal  %guest  %gnice   %idle
08:38:29 AM  all    0.00    0.00   11.74    0.00    0.12   14.11    0.00    0.00    0.00   74.03
08:38:29 AM    0    0.00    0.00   47.00    0.00    0.00   53.00    0.00    0.00    0.00    0.00
08:38:29 AM    1    0.00    0.00   47.00    0.00    0.00   53.00    0.00    0.00    0.00    0.00
08:38:29 AM    2    0.00    0.00    0.00    0.00    0.00    2.00    0.00    0.00    0.00   98.00
08:38:29 AM    3    0.00    0.00    0.00    0.00    0.99    2.97    0.00    0.00    0.00   96.04
08:38:29 AM    4    0.00    0.00    0.00    0.00    0.00    1.00    0.00    0.00    0.00   99.00
08:38:29 AM    5    0.00    0.00    0.00    0.00    0.00    0.00    0.00    0.00    0.00  100.00
08:38:29 AM    6    0.00    0.00    0.00    0.00    0.00    0.00    0.00    0.00    0.00  100.00
08:38:29 AM    7    0.00    0.00    0.00    0.00    0.00    1.00    0.00    0.00    0.00   99.00

08:38:29 AM  CPU    %usr   %nice    %sys %iowait    %irq   %soft  %steal  %guest  %gnice   %idle
08:38:30 AM  all    0.25    0.00   11.76    0.00    0.25   13.52    0.00    0.00    0.00   74.22
08:38:30 AM    0    1.00    0.00   47.00    0.00    0.00   52.00    0.00    0.00    0.00    0.00
08:38:30 AM    1    0.99    0.00   46.53    0.00    0.99   51.49    0.00    0.00    0.00    0.00
08:38:30 AM    2    0.00    0.00    0.00    0.00    1.00    2.00    0.00    0.00    0.00   97.00
08:38:30 AM    3    0.00    0.00    0.00    0.00    0.00    2.02    0.00    0.00    0.00   97.98
08:38:30 AM    4    0.00    0.00    0.00    0.00    0.00    0.00    0.00    0.00    0.00  100.00
08:38:30 AM    5    0.00    0.00    0.00    0.00    0.00    0.00    0.00    0.00    0.00  100.00
08:38:30 AM    6    0.00    0.00    0.00    0.00    0.00    0.00    0.00    0.00    0.00  100.00
08:38:30 AM    7    0.00    0.00    0.00    0.00    0.00    0.00    0.00    0.00    0.00  100.00

08:38:30 AM  CPU    %usr   %nice    %sys %iowait    %irq   %soft  %steal  %guest  %gnice   %idle
08:38:31 AM  all    0.00    0.00   11.54    0.00    0.25   14.30    0.00    0.00    0.00   73.90
08:38:31 AM    0    0.00    0.00   46.46    0.00    1.01   52.53    0.00    0.00    0.00    0.00
08:38:31 AM    1    0.00    0.00   46.94    0.00    0.00   53.06    0.00    0.00    0.00    0.00
08:38:31 AM    2    0.00    0.00    0.00    0.00    0.00    3.00    0.00    0.00    0.00   97.00
08:38:31 AM    3    0.00    0.00    0.00    0.00    1.00    4.00    0.00    0.00    0.00   95.00
08:38:31 AM    4    0.00    0.00    0.00    0.00    0.00    1.00    0.00    0.00    0.00   99.00
08:38:31 AM    5    0.00    0.00    0.00    0.00    0.00    0.00    0.00    0.00    0.00  100.00
08:38:31 AM    6    0.00    0.00    0.00    0.00    0.00    0.00    0.00    0.00    0.00  100.00
08:38:31 AM    7    0.00    0.00    0.00    0.00    0.00    2.00    0.00    0.00    0.00   98.00

08:38:31 AM  CPU    %usr   %nice    %sys %iowait    %irq   %soft  %steal  %guest  %gnice   %idle
08:38:32 AM  all    0.12    0.00   11.71    0.00    0.37   14.07    0.00    0.00    0.00   73.72
08:38:32 AM    0    0.00    0.00   47.00    0.00    0.00   53.00    0.00    0.00    0.00    0.00
08:38:32 AM    1    1.00    0.00   47.00    0.00    0.00   52.00    0.00    0.00    0.00    0.00
08:38:32 AM    2    0.00    0.00    0.00    0.00    1.00    3.00    0.00    0.00    0.00   96.00
08:38:32 AM    3    0.00    0.00    0.00    0.00    1.00    2.00    0.00    0.00    0.00   97.00
08:38:32 AM    4    0.00    0.00    0.00    0.00    0.00    1.98    0.00    0.00    0.00   98.02
08:38:32 AM    5    0.00    0.00    0.00    0.00    0.00    0.00    0.00    0.00    0.00  100.00
08:38:32 AM    6    0.00    0.00    0.00    0.00    0.00    0.00    0.00    0.00    0.00  100.00
08:38:32 AM    7    0.00    0.00    0.00    0.00    0.99    0.99    0.00    0.00    0.00   98.02

08:38:32 AM  CPU    %usr   %nice    %sys %iowait    %irq   %soft  %steal  %guest  %gnice   %idle
08:38:33 AM  all    0.13    0.00   11.67    0.00    0.38   13.93    0.00    0.00    0.00   73.90
08:38:33 AM    0    1.00    0.00   47.00    0.00    0.00   52.00    0.00    0.00    0.00    0.00
08:38:33 AM    1    0.00    0.00   46.00    0.00    1.00   53.00    0.00    0.00    0.00    0.00
08:38:33 AM    2    0.00    0.00    0.00    0.00    1.01    3.03    0.00    0.00    0.00   95.96
08:38:33 AM    3    0.00    0.00    0.00    0.00    0.00    3.03    0.00    0.00    0.00   96.97
08:38:33 AM    4    0.00    0.00    0.00    0.00    1.00    0.00    0.00    0.00    0.00   99.00
08:38:33 AM    5    0.00    0.00    0.00    0.00    0.00    0.00    0.00    0.00    0.00  100.00
08:38:33 AM    6    0.00    0.00    0.00    0.00    0.00    0.00    0.00    0.00    0.00  100.00
08:38:33 AM    7    0.00    0.00    0.00    0.00    0.00    0.00    0.00    0.00    0.00  100.00

Average:     CPU    %usr   %nice    %sys %iowait    %irq   %soft  %steal  %guest  %gnice   %idle
Average:     all    0.11    0.00   11.67    0.00    0.27   13.94    0.00    0.00    0.00   74.00
Average:       0    0.43    0.00   46.62    0.00    0.38   52.00    0.00    0.00    0.00    0.57
Average:       1    0.47    0.00   46.61    0.00    0.38   51.94    0.00    0.00    0.00    0.60
Average:       2    0.00    0.00    0.03    0.00    0.58    2.80    0.00    0.00    0.00   96.58
Average:       3    0.00    0.00    0.03    0.00    0.58    2.79    0.00    0.00    0.00   96.60
Average:       4    0.00    0.00    0.00    0.00    0.13    1.00    0.00    0.00    0.00   98.87
Average:       5    0.00    0.00    0.00    0.00    0.00    0.00    0.00    0.00    0.00  100.00
Average:       6    0.00    0.00    0.00    0.00    0.00    0.00    0.00    0.00    0.00  100.00
Average:       7    0.00    0.00    0.02    0.00    0.12    0.97    0.00    0.00    0.00   98.90
