Linux 6.12.87 (pi5-2) 	06/19/2026 	_aarch64_	(4 CPU)

08:39:14 PM  CPU    %usr   %nice    %sys %iowait    %irq   %soft  %steal  %guest  %gnice   %idle
08:39:15 PM  all    0.51    0.00    3.05    0.00    1.52    9.64    0.00    0.00    0.00   85.28
08:39:15 PM    0    0.00    0.00    1.01    0.00    3.03   17.17    0.00    0.00    0.00   78.79
08:39:15 PM    1    0.00    0.00    2.00    0.00    1.00    2.00    0.00    0.00    0.00   95.00
08:39:15 PM    2    1.05    0.00    5.26    0.00    1.05   13.68    0.00    0.00    0.00   78.95
08:39:15 PM    3    1.00    0.00    4.00    0.00    1.00    6.00    0.00    0.00    0.00   88.00

08:39:15 PM  CPU    %usr   %nice    %sys %iowait    %irq   %soft  %steal  %guest  %gnice   %idle
08:39:16 PM  all    0.52    0.00    3.61    0.00    1.29   13.66    0.00    0.00    0.00   80.93
08:39:16 PM    0    0.00    0.00    0.00    0.00    3.00   20.00    0.00    0.00    0.00   77.00
08:39:16 PM    1    1.03    0.00    3.09    0.00    0.00    8.25    0.00    0.00    0.00   87.63
08:39:16 PM    2    1.08    0.00    7.53    0.00    1.08   17.20    0.00    0.00    0.00   73.12
08:39:16 PM    3    0.00    0.00    4.08    0.00    1.02    9.18    0.00    0.00    0.00   85.71

08:39:16 PM  CPU    %usr   %nice    %sys %iowait    %irq   %soft  %steal  %guest  %gnice   %idle
08:39:17 PM  all    0.26    0.00    3.13    0.00    1.57   13.32    0.00    0.00    0.00   81.72
08:39:17 PM    0    0.00    0.00    0.00    0.00    3.06   19.39    0.00    0.00    0.00   77.55
08:39:17 PM    1    0.00    0.00    2.11    0.00    1.05    7.37    0.00    0.00    0.00   89.47
08:39:17 PM    2    1.04    0.00    8.33    0.00    2.08   17.71    0.00    0.00    0.00   70.83
08:39:17 PM    3    0.00    0.00    2.13    0.00    0.00    8.51    0.00    0.00    0.00   89.36

08:39:17 PM  CPU    %usr   %nice    %sys %iowait    %irq   %soft  %steal  %guest  %gnice   %idle
08:39:18 PM  all    0.26    0.00    4.63    0.26    1.54   13.11    0.00    0.00    0.00   80.21
08:39:18 PM    0    0.00    0.00    0.00    0.00    3.00   20.00    0.00    0.00    0.00   77.00
08:39:18 PM    1    0.00    0.00    5.15    0.00    1.03    7.22    0.00    0.00    0.00   86.60
08:39:18 PM    2    0.00    0.00    8.51    1.06    1.06   17.02    0.00    0.00    0.00   72.34
08:39:18 PM    3    1.02    0.00    5.10    0.00    1.02    8.16    0.00    0.00    0.00   84.69

08:39:18 PM  CPU    %usr   %nice    %sys %iowait    %irq   %soft  %steal  %guest  %gnice   %idle
08:39:19 PM  all    1.29    0.00    3.35    0.00    1.29   13.66    0.00    0.00    0.00   80.41
08:39:19 PM    0    1.01    0.00    0.00    0.00    3.03   19.19    0.00    0.00    0.00   76.77
08:39:19 PM    1    1.02    0.00    4.08    0.00    0.00    8.16    0.00    0.00    0.00   86.73
08:39:19 PM    2    2.11    0.00    7.37    0.00    1.05   17.89    0.00    0.00    0.00   71.58
08:39:19 PM    3    1.04    0.00    2.08    0.00    1.04    9.38    0.00    0.00    0.00   86.46

08:39:19 PM  CPU    %usr   %nice    %sys %iowait    %irq   %soft  %steal  %guest  %gnice   %idle
08:39:20 PM  all    0.52    0.00    3.88    0.00    1.29   13.44    0.00    0.00    0.00   80.88
08:39:20 PM    0    0.00    0.00    0.00    0.00    3.03   20.20    0.00    0.00    0.00   76.77
08:39:20 PM    1    0.00    0.00    5.10    0.00    1.02    7.14    0.00    0.00    0.00   86.73
08:39:20 PM    2    1.06    0.00    7.45    0.00    1.06   18.09    0.00    0.00    0.00   72.34
08:39:20 PM    3    1.04    0.00    3.12    0.00    0.00    8.33    0.00    0.00    0.00   87.50

08:39:20 PM  CPU    %usr   %nice    %sys %iowait    %irq   %soft  %steal  %guest  %gnice   %idle
08:39:21 PM  all    0.51    0.00    4.10    0.00    1.79   13.08    0.00    0.00    0.00   80.51
08:39:21 PM    0    0.00    0.00    0.00    0.00    3.03   19.19    0.00    0.00    0.00   77.78
08:39:21 PM    1    0.00    0.00    4.08    0.00    1.02    8.16    0.00    0.00    0.00   86.73
08:39:21 PM    2    1.05    0.00    8.42    0.00    2.11   16.84    0.00    0.00    0.00   71.58
08:39:21 PM    3    1.02    0.00    4.08    0.00    1.02    8.16    0.00    0.00    0.00   85.71

08:39:21 PM  CPU    %usr   %nice    %sys %iowait    %irq   %soft  %steal  %guest  %gnice   %idle
08:39:22 PM  all    0.52    0.00    4.13    0.00    1.29   13.70    0.00    0.00    0.00   80.36
08:39:22 PM    0    0.00    0.00    0.00    0.00    3.03   20.20    0.00    0.00    0.00   76.77
08:39:22 PM    1    1.04    0.00    4.17    0.00    0.00    7.29    0.00    0.00    0.00   87.50
08:39:22 PM    2    0.00    0.00    8.51    0.00    1.06   18.09    0.00    0.00    0.00   72.34
08:39:22 PM    3    1.02    0.00    4.08    0.00    1.02    9.18    0.00    0.00    0.00   84.69

08:39:22 PM  CPU    %usr   %nice    %sys %iowait    %irq   %soft  %steal  %guest  %gnice   %idle
08:39:23 PM  all    0.52    0.00    2.89    0.00    1.31   13.12    0.00    0.00    0.00   82.15
08:39:23 PM    0    0.00    0.00    0.00    0.00    3.06   19.39    0.00    0.00    0.00   77.55
08:39:23 PM    1    1.03    0.00    3.09    0.00    1.03    7.22    0.00    0.00    0.00   87.63
08:39:23 PM    2    1.10    0.00    5.49    0.00    1.10   17.58    0.00    0.00    0.00   74.73
08:39:23 PM    3    0.00    0.00    3.16    0.00    0.00    8.42    0.00    0.00    0.00   88.42

08:39:23 PM  CPU    %usr   %nice    %sys %iowait    %irq   %soft  %steal  %guest  %gnice   %idle
08:39:24 PM  all    0.26    0.00    3.32    0.00    1.79   13.81    0.00    0.00    0.00   80.82
08:39:24 PM    0    0.00    0.00    0.00    0.00    3.00   20.00    0.00    0.00    0.00   77.00
08:39:24 PM    1    0.00    0.00    4.04    0.00    1.01    8.08    0.00    0.00    0.00   86.87
08:39:24 PM    2    0.00    0.00    6.45    0.00    2.15   18.28    0.00    0.00    0.00   73.12
08:39:24 PM    3    1.01    0.00    3.03    0.00    1.01    9.09    0.00    0.00    0.00   85.86

08:39:24 PM  CPU    %usr   %nice    %sys %iowait    %irq   %soft  %steal  %guest  %gnice   %idle
08:39:25 PM  all    0.52    0.00    3.64    0.00    1.04   13.25    0.00    0.00    0.00   81.56
08:39:25 PM    0    0.00    0.00    0.00    0.00    3.06   19.39    0.00    0.00    0.00   77.55
08:39:25 PM    1    0.00    0.00    5.15    0.00    0.00    7.22    0.00    0.00    0.00   87.63
08:39:25 PM    2    2.08    0.00    7.29    0.00    1.04   17.71    0.00    0.00    0.00   71.88
08:39:25 PM    3    0.00    0.00    2.13    0.00    0.00    8.51    0.00    0.00    0.00   89.36

08:39:25 PM  CPU    %usr   %nice    %sys %iowait    %irq   %soft  %steal  %guest  %gnice   %idle
08:39:26 PM  all    0.26    0.00    3.62    0.00    1.55   13.44    0.00    0.00    0.00   81.14
08:39:26 PM    0    0.00    0.00    0.00    0.00    3.00   20.00    0.00    0.00    0.00   77.00
08:39:26 PM    1    1.02    0.00    3.06    0.00    1.02    8.16    0.00    0.00    0.00   86.73
08:39:26 PM    2    0.00    0.00    6.59    0.00    1.10   17.58    0.00    0.00    0.00   74.73
08:39:26 PM    3    0.00    0.00    5.10    0.00    1.02    8.16    0.00    0.00    0.00   85.71

08:39:26 PM  CPU    %usr   %nice    %sys %iowait    %irq   %soft  %steal  %guest  %gnice   %idle
08:39:27 PM  all    1.03    0.00    3.10    0.00    1.55   13.44    0.00    0.00    0.00   80.88
08:39:27 PM    0    0.00    0.00    0.00    0.00    3.06   19.39    0.00    0.00    0.00   77.55
08:39:27 PM    1    1.08    0.00    3.23    0.00    1.08   12.90    0.00    0.00    0.00   81.72
08:39:27 PM    2    2.06    0.00    5.15    0.00    1.03   12.37    0.00    0.00    0.00   79.38
08:39:27 PM    3    1.01    0.00    4.04    0.00    1.01    9.09    0.00    0.00    0.00   84.85

08:39:27 PM  CPU    %usr   %nice    %sys %iowait    %irq   %soft  %steal  %guest  %gnice   %idle
08:39:28 PM  all    0.77    0.00    3.87    0.00    1.29   13.66    0.00    0.00    0.00   80.41
08:39:28 PM    0    0.00    0.00    1.00    0.00    3.00   20.00    0.00    0.00    0.00   76.00
08:39:28 PM    1    1.05    0.00    7.37    0.00    1.05   16.84    0.00    0.00    0.00   73.68
08:39:28 PM    2    2.06    0.00    2.06    0.00    1.03    9.28    0.00    0.00    0.00   85.57
08:39:28 PM    3    0.00    0.00    5.21    0.00    0.00    8.33    0.00    0.00    0.00   86.46

08:39:28 PM  CPU    %usr   %nice    %sys %iowait    %irq   %soft  %steal  %guest  %gnice   %idle
08:39:29 PM  all    0.52    0.00    3.12    0.00    1.56   13.02    0.00    0.00    0.00   81.77
08:39:29 PM    0    0.00    0.00    0.00    0.00    3.03   19.19    0.00    0.00    0.00   77.78
08:39:29 PM    1    1.11    0.00    4.44    0.00    1.11   16.67    0.00    0.00    0.00   76.67
08:39:29 PM    2    0.00    0.00    4.12    0.00    1.03    8.25    0.00    0.00    0.00   86.60
08:39:29 PM    3    1.02    0.00    4.08    0.00    1.02    8.16    0.00    0.00    0.00   85.71

08:39:29 PM  CPU    %usr   %nice    %sys %iowait    %irq   %soft  %steal  %guest  %gnice   %idle
08:39:30 PM  all    0.77    0.00    3.60    0.00    1.29   13.62    0.00    0.00    0.00   80.72
08:39:30 PM    0    0.00    0.00    0.00    0.00    3.03   20.20    0.00    0.00    0.00   76.77
08:39:30 PM    1    2.11    0.00    6.32    0.00    1.05   16.84    0.00    0.00    0.00   73.68
08:39:30 PM    2    1.03    0.00    4.12    0.00    0.00    8.25    0.00    0.00    0.00   86.60
08:39:30 PM    3    0.00    0.00    4.08    0.00    1.02    9.18    0.00    0.00    0.00   85.71

08:39:30 PM  CPU    %usr   %nice    %sys %iowait    %irq   %soft  %steal  %guest  %gnice   %idle
08:39:31 PM  all    0.77    0.00    3.86    0.00    1.54   13.11    0.00    0.00    0.00   80.72
08:39:31 PM    0    0.00    0.00    0.00    0.00    3.03   19.19    0.00    0.00    0.00   77.78
08:39:31 PM    1    2.11    0.00    7.37    0.00    2.11   15.79    0.00    0.00    0.00   72.63
08:39:31 PM    2    0.00    0.00    3.09    0.00    1.03    9.28    0.00    0.00    0.00   86.60
08:39:31 PM    3    1.02    0.00    5.10    0.00    0.00    8.16    0.00    0.00    0.00   85.71

08:39:31 PM  CPU    %usr   %nice    %sys %iowait    %irq   %soft  %steal  %guest  %gnice   %idle
08:39:32 PM  all    0.52    0.00    3.61    0.00    1.55   13.40    0.00    0.00    0.00   80.93
08:39:32 PM    0    0.00    0.00    0.00    0.00    3.03   20.20    0.00    0.00    0.00   76.77
08:39:32 PM    1    1.06    0.00    4.26    0.00    1.06   13.83    0.00    0.00    0.00   79.79
08:39:32 PM    2    1.04    0.00    2.08    0.00    1.04    8.33    0.00    0.00    0.00   87.50
08:39:32 PM    3    0.00    0.00    8.08    0.00    1.01   11.11    0.00    0.00    0.00   79.80

08:39:32 PM  CPU    %usr   %nice    %sys %iowait    %irq   %soft  %steal  %guest  %gnice   %idle
08:39:33 PM  all    1.04    0.00    3.37    0.00    1.30   13.73    0.00    0.00    0.00   80.57
08:39:33 PM    0    1.01    0.00    0.00    0.00    3.03   19.19    0.00    0.00    0.00   76.77
08:39:33 PM    1    2.11    0.00    5.26    0.00    1.05   15.79    0.00    0.00    0.00   75.79
08:39:33 PM    2    1.01    0.00    1.01    0.00    0.00    3.03    0.00    0.00    0.00   94.95
08:39:33 PM    3    0.00    0.00    7.53    0.00    1.08   17.20    0.00    0.00    0.00   74.19

08:39:33 PM  CPU    %usr   %nice    %sys %iowait    %irq   %soft  %steal  %guest  %gnice   %idle
08:39:34 PM  all    0.78    0.00    2.86    0.00    1.56   13.25    0.00    0.00    0.00   81.56
08:39:34 PM    0    0.00    0.00    0.00    0.00    3.00   20.00    0.00    0.00    0.00   77.00
08:39:34 PM    1    2.15    0.00    6.45    0.00    1.08   17.20    0.00    0.00    0.00   73.12
08:39:34 PM    2    0.00    0.00    0.00    0.00    0.00    0.00    0.00    0.00    0.00  100.00
08:39:34 PM    3    1.09    0.00    5.43    0.00    2.17   16.30    0.00    0.00    0.00   75.00

08:39:34 PM  CPU    %usr   %nice    %sys %iowait    %irq   %soft  %steal  %guest  %gnice   %idle
08:39:35 PM  all    1.04    0.00    3.11    0.00    1.30   13.47    0.00    0.00    0.00   81.09
08:39:35 PM    0    0.00    0.00    0.00    0.00    3.06   19.39    0.00    0.00    0.00   77.55
08:39:35 PM    1    2.13    0.00    6.38    0.00    1.06   18.09    0.00    0.00    0.00   72.34
08:39:35 PM    2    0.00    0.00    0.00    0.00    0.00    0.00    0.00    0.00    0.00  100.00
08:39:35 PM    3    2.13    0.00    6.38    0.00    1.06   17.02    0.00    0.00    0.00   73.40

08:39:35 PM  CPU    %usr   %nice    %sys %iowait    %irq   %soft  %steal  %guest  %gnice   %idle
08:39:36 PM  all    1.28    0.00    3.59    0.00    1.54   13.59    0.00    0.00    0.00   80.00
08:39:36 PM    0    1.00    0.00    0.00    0.00    3.00   20.00    0.00    0.00    0.00   76.00
08:39:36 PM    1    1.05    0.00    7.37    0.00    2.11   17.89    0.00    0.00    0.00   71.58
08:39:36 PM    2    1.00    0.00    0.00    0.00    0.00    0.00    0.00    0.00    0.00   99.00
08:39:36 PM    3    2.11    0.00    7.37    0.00    1.05   16.84    0.00    0.00    0.00   72.63

08:39:36 PM  CPU    %usr   %nice    %sys %iowait    %irq   %soft  %steal  %guest  %gnice   %idle
08:39:37 PM  all    0.52    0.00    2.88    0.00    1.31   13.09    0.00    0.00    0.00   82.20
08:39:37 PM    0    0.00    0.00    0.00    0.00    3.06   19.39    0.00    0.00    0.00   77.55
08:39:37 PM    1    1.10    0.00    5.49    0.00    1.10   17.58    0.00    0.00    0.00   74.73
08:39:37 PM    2    0.00    0.00    0.00    0.00    0.00    0.00    0.00    0.00    0.00  100.00
08:39:37 PM    3    1.08    0.00    6.45    0.00    1.08   16.13    0.00    0.00    0.00   75.27

08:39:37 PM  CPU    %usr   %nice    %sys %iowait    %irq   %soft  %steal  %guest  %gnice   %idle
08:39:38 PM  all    0.77    0.00    4.08    0.00    1.53   13.52    0.00    0.00    0.00   80.10
08:39:38 PM    0    0.00    0.00    0.00    0.00    3.00   20.00    0.00    0.00    0.00   77.00
08:39:38 PM    1    2.11    0.00    7.37    0.00    1.05   17.89    0.00    0.00    0.00   71.58
08:39:38 PM    2    0.00    0.00    0.00    0.00    0.00    0.00    0.00    0.00    0.00  100.00
08:39:38 PM    3    1.03    0.00    9.28    0.00    2.06   16.49    0.00    0.00    0.00   71.13

08:39:38 PM  CPU    %usr   %nice    %sys %iowait    %irq   %soft  %steal  %guest  %gnice   %idle
08:39:39 PM  all    0.26    0.00    3.91    0.00    1.30   13.54    0.00    0.00    0.00   80.99
08:39:39 PM    0    0.00    0.00    1.03    0.00    3.09   21.65    0.00    0.00    0.00   74.23
08:39:39 PM    1    0.00    0.00    6.25    0.00    1.04   11.46    0.00    0.00    0.00   81.25
08:39:39 PM    2    0.00    0.00    3.03    0.00    0.00    4.04    0.00    0.00    0.00   92.93
08:39:39 PM    3    1.09    0.00    5.43    0.00    1.09   17.39    0.00    0.00    0.00   75.00

08:39:39 PM  CPU    %usr   %nice    %sys %iowait    %irq   %soft  %steal  %guest  %gnice   %idle
08:39:40 PM  all    0.51    0.00    4.60    0.00    1.28   13.04    0.00    0.00    0.00   80.56
08:39:40 PM    0    0.00    0.00    0.00    0.00    3.00   20.00    0.00    0.00    0.00   77.00
08:39:40 PM    1    0.00    0.00    5.15    0.00    0.00    8.25    0.00    0.00    0.00   86.60
08:39:40 PM    2    0.00    0.00    4.12    0.00    1.03    8.25    0.00    0.00    0.00   86.60
08:39:40 PM    3    2.06    0.00    9.28    0.00    1.03   15.46    0.00    0.00    0.00   72.16

08:39:40 PM  CPU    %usr   %nice    %sys %iowait    %irq   %soft  %steal  %guest  %gnice   %idle
08:39:41 PM  all    0.78    0.00    3.11    0.00    1.55   13.47    0.00    0.00    0.00   81.09
08:39:41 PM    0    0.00    0.00    0.00    0.00    3.06   19.39    0.00    0.00    0.00   77.55
08:39:41 PM    1    2.02    0.00    2.02    0.00    1.01    9.09    0.00    0.00    0.00   85.86
08:39:41 PM    2    1.04    0.00    3.12    0.00    1.04    8.33    0.00    0.00    0.00   86.46
08:39:41 PM    3    0.00    0.00    7.53    0.00    1.08   17.20    0.00    0.00    0.00   74.19

08:39:41 PM  CPU    %usr   %nice    %sys %iowait    %irq   %soft  %steal  %guest  %gnice   %idle
08:39:42 PM  all    1.29    0.00    2.58    0.00    1.29   13.70    0.00    0.00    0.00   81.14
08:39:42 PM    0    0.00    0.00    0.00    0.00    3.00   20.00    0.00    0.00    0.00   77.00
08:39:42 PM    1    1.04    0.00    2.08    0.00    1.04    8.33    0.00    0.00    0.00   87.50
08:39:42 PM    2    1.03    0.00    3.09    0.00    0.00    9.28    0.00    0.00    0.00   86.60
08:39:42 PM    3    3.19    0.00    5.32    0.00    1.06   17.02    0.00    0.00    0.00   73.40

08:39:42 PM  CPU    %usr   %nice    %sys %iowait    %irq   %soft  %steal  %guest  %gnice   %idle
08:39:43 PM  all    0.52    0.00    3.38    0.00    1.56   12.99    0.00    0.00    0.00   81.56
08:39:43 PM    0    0.00    0.00    0.00    0.00    3.06   19.39    0.00    0.00    0.00   77.55
08:39:43 PM    1    1.05    0.00    2.11    0.00    0.00    8.42    0.00    0.00    0.00   88.42
08:39:43 PM    2    1.01    0.00    5.05    0.00    1.01    8.08    0.00    0.00    0.00   84.85
08:39:43 PM    3    0.00    0.00    6.45    0.00    2.15   16.13    0.00    0.00    0.00   75.27

08:39:43 PM  CPU    %usr   %nice    %sys %iowait    %irq   %soft  %steal  %guest  %gnice   %idle
08:39:44 PM  all    0.77    0.00    3.61    0.00    1.55   13.66    0.00    0.00    0.00   80.41
08:39:44 PM    0    0.99    0.00    0.99    0.00    2.97   19.80    0.00    0.00    0.00   75.25
08:39:44 PM    1    1.02    0.00    4.08    0.00    1.02    9.18    0.00    0.00    0.00   84.69
08:39:44 PM    2    0.00    0.00    2.11    0.00    1.05    8.42    0.00    0.00    0.00   88.42
08:39:44 PM    3    1.06    0.00    7.45    0.00    1.06   17.02    0.00    0.00    0.00   73.40

08:39:44 PM  CPU    %usr   %nice    %sys %iowait    %irq   %soft  %steal  %guest  %gnice   %idle
08:39:45 PM  all    1.28    0.00    3.84    0.26    1.28   13.30    0.00    0.00    0.00   80.05
08:39:45 PM    0    0.00    0.00    0.00    0.00    3.06   19.39    0.00    0.00    0.00   77.55
08:39:45 PM    1    1.02    0.00    3.06    0.00    1.02    8.16    0.00    0.00    0.00   86.73
08:39:45 PM    2    1.01    0.00    5.05    0.00    0.00    9.09    0.00    0.00    0.00   84.85
08:39:45 PM    3    3.12    0.00    7.29    1.04    1.04   16.67    0.00    0.00    0.00   70.83

08:39:45 PM  CPU    %usr   %nice    %sys %iowait    %irq   %soft  %steal  %guest  %gnice   %idle
08:39:46 PM  all    0.52    0.00    3.38    0.00    1.30   13.25    0.00    0.00    0.00   81.56
08:39:46 PM    0    0.00    0.00    0.00    0.00    3.00   20.00    0.00    0.00    0.00   77.00
08:39:46 PM    1    1.06    0.00    5.32    0.00    1.06   14.89    0.00    0.00    0.00   77.66
08:39:46 PM    2    0.00    0.00    1.02    0.00    0.00    2.04    0.00    0.00    0.00   96.94
08:39:46 PM    3    1.08    0.00    7.53    0.00    1.08   16.13    0.00    0.00    0.00   74.19

08:39:46 PM  CPU    %usr   %nice    %sys %iowait    %irq   %soft  %steal  %guest  %gnice   %idle
08:39:47 PM  all    0.78    0.00    2.85    0.00    1.55   13.47    0.00    0.00    0.00   81.35
08:39:47 PM    0    1.01    0.00    0.00    0.00    3.03   19.19    0.00    0.00    0.00   76.77
08:39:47 PM    1    1.09    0.00    5.43    0.00    1.09   18.48    0.00    0.00    0.00   73.91
08:39:47 PM    2    0.00    0.00    0.00    0.00    0.00    0.00    0.00    0.00    0.00  100.00
08:39:47 PM    3    1.05    0.00    6.32    0.00    2.11   16.84    0.00    0.00    0.00   73.68

08:39:47 PM  CPU    %usr   %nice    %sys %iowait    %irq   %soft  %steal  %guest  %gnice   %idle
08:39:48 PM  all    1.04    0.00    3.11    0.00    1.30   13.47    0.00    0.00    0.00   81.09
08:39:48 PM    0    0.00    0.00    0.00    0.00    3.03   20.20    0.00    0.00    0.00   76.77
08:39:48 PM    1    3.16    0.00    7.37    0.00    1.05   16.84    0.00    0.00    0.00   71.58
08:39:48 PM    2    0.00    0.00    0.00    0.00    0.00    0.00    0.00    0.00    0.00  100.00
08:39:48 PM    3    1.09    0.00    5.43    0.00    1.09   17.39    0.00    0.00    0.00   75.00

08:39:48 PM  CPU    %usr   %nice    %sys %iowait    %irq   %soft  %steal  %guest  %gnice   %idle
08:39:49 PM  all    0.52    0.00    2.85    0.00    1.55   13.73    0.00    0.00    0.00   81.35
08:39:49 PM    0    0.00    0.00    0.00    0.00    3.00   20.00    0.00    0.00    0.00   77.00
08:39:49 PM    1    0.00    0.00    6.45    0.00    2.15   18.28    0.00    0.00    0.00   73.12
08:39:49 PM    2    0.00    0.00    0.00    0.00    0.00    0.00    0.00    0.00    0.00  100.00
08:39:49 PM    3    2.15    0.00    5.38    0.00    1.08   17.20    0.00    0.00    0.00   74.19

08:39:49 PM  CPU    %usr   %nice    %sys %iowait    %irq   %soft  %steal  %guest  %gnice   %idle
08:39:50 PM  all    1.29    0.00    3.62    0.00    1.29   13.18    0.00    0.00    0.00   80.62
08:39:50 PM    0    1.00    0.00    1.00    0.00    3.00   19.00    0.00    0.00    0.00   76.00
08:39:50 PM    1    1.06    0.00    7.45    0.00    1.06   18.09    0.00    0.00    0.00   72.34
08:39:50 PM    2    1.00    0.00    0.00    0.00    0.00    0.00    0.00    0.00    0.00   99.00
08:39:50 PM    3    2.15    0.00    6.45    0.00    1.08   16.13    0.00    0.00    0.00   74.19

08:39:50 PM  CPU    %usr   %nice    %sys %iowait    %irq   %soft  %steal  %guest  %gnice   %idle
08:39:51 PM  all    0.78    0.00    3.37    0.00    1.30   13.47    0.00    0.00    0.00   81.09
08:39:51 PM    0    0.00    0.00    0.00    0.00    3.03   20.20    0.00    0.00    0.00   76.77
08:39:51 PM    1    2.13    0.00    7.45    0.00    1.06   17.02    0.00    0.00    0.00   72.34
08:39:51 PM    2    0.00    0.00    0.00    0.00    0.00    0.00    0.00    0.00    0.00  100.00
08:39:51 PM    3    1.06    0.00    6.38    0.00    1.06   17.02    0.00    0.00    0.00   74.47

08:39:51 PM  CPU    %usr   %nice    %sys %iowait    %irq   %soft  %steal  %guest  %gnice   %idle
08:39:52 PM  all    0.26    0.00    3.13    0.00    1.31   13.32    0.00    0.00    0.00   81.98
08:39:52 PM    0    0.00    0.00    1.02    0.00    3.06   21.43    0.00    0.00    0.00   74.49
08:39:52 PM    1    1.09    0.00    6.52    0.00    1.09   18.48    0.00    0.00    0.00   72.83
08:39:52 PM    2    0.00    0.00    0.00    0.00    0.00    0.00    0.00    0.00    0.00  100.00
08:39:52 PM    3    0.00    0.00    5.38    0.00    1.08   13.98    0.00    0.00    0.00   79.57

08:39:52 PM  CPU    %usr   %nice    %sys %iowait    %irq   %soft  %steal  %guest  %gnice   %idle
08:39:53 PM  all    1.03    0.00    3.33    0.00    1.79   13.59    0.00    0.00    0.00   80.26
08:39:53 PM    0    1.00    0.00    0.00    0.00    3.00   20.00    0.00    0.00    0.00   76.00
08:39:53 PM    1    1.05    0.00    7.37    0.00    2.11   16.84    0.00    0.00    0.00   72.63
08:39:53 PM    2    0.00    0.00    0.00    0.00    0.00    0.00    0.00    0.00    0.00  100.00
08:39:53 PM    3    2.11    0.00    6.32    0.00    2.11   17.89    0.00    0.00    0.00   71.58

08:39:53 PM  CPU    %usr   %nice    %sys %iowait    %irq   %soft  %steal  %guest  %gnice   %idle
08:39:54 PM  all    0.52    0.00    3.65    0.00    1.30   13.02    0.00    0.00    0.00   81.51
08:39:54 PM    0    0.00    0.00    0.00    0.00    3.03   19.19    0.00    0.00    0.00   77.78
08:39:54 PM    1    1.10    0.00    7.69    0.00    1.10   17.58    0.00    0.00    0.00   72.53
08:39:54 PM    2    0.00    0.00    0.00    0.00    0.00    0.00    0.00    0.00    0.00  100.00
08:39:54 PM    3    1.06    0.00    7.45    0.00    1.06   15.96    0.00    0.00    0.00   74.47

08:39:54 PM  CPU    %usr   %nice    %sys %iowait    %irq   %soft  %steal  %guest  %gnice   %idle
08:39:55 PM  all    0.26    0.00    3.61    0.00    1.55   13.66    0.00    0.00    0.00   80.93
08:39:55 PM    0    0.00    0.00    0.00    0.00    3.03   20.20    0.00    0.00    0.00   76.77
08:39:55 PM    1    1.06    0.00    6.38    0.00    1.06   17.02    0.00    0.00    0.00   74.47
08:39:55 PM    2    0.00    0.00    1.00    0.00    1.00    2.00    0.00    0.00    0.00   96.00
08:39:55 PM    3    0.00    0.00    7.37    0.00    1.05   15.79    0.00    0.00    0.00   75.79

08:39:55 PM  CPU    %usr   %nice    %sys %iowait    %irq   %soft  %steal  %guest  %gnice   %idle
08:39:56 PM  all    0.77    0.00    3.86    0.00    1.29   13.37    0.00    0.00    0.00   80.72
08:39:56 PM    0    0.00    0.00    0.99    0.00    2.97   19.80    0.00    0.00    0.00   76.24
08:39:56 PM    1    1.05    0.00    8.42    0.00    1.05   16.84    0.00    0.00    0.00   72.63
08:39:56 PM    2    0.00    0.00    0.00    0.00    0.00    0.00    0.00    0.00    0.00  100.00
08:39:56 PM    3    2.15    0.00    6.45    0.00    1.08   17.20    0.00    0.00    0.00   73.12

08:39:56 PM  CPU    %usr   %nice    %sys %iowait    %irq   %soft  %steal  %guest  %gnice   %idle
08:39:57 PM  all    1.28    0.00    3.59    0.00    1.54   13.33    0.00    0.00    0.00   80.26
08:39:57 PM    0    1.01    0.00    0.00    0.00    3.03   19.19    0.00    0.00    0.00   76.77
08:39:57 PM    1    2.08    0.00    9.38    0.00    2.08   18.75    0.00    0.00    0.00   67.71
08:39:57 PM    2    1.01    0.00    2.02    0.00    0.00    4.04    0.00    0.00    0.00   92.93
08:39:57 PM    3    1.04    0.00    3.12    0.00    1.04   11.46    0.00    0.00    0.00   83.33

08:39:57 PM  CPU    %usr   %nice    %sys %iowait    %irq   %soft  %steal  %guest  %gnice   %idle
08:39:58 PM  all    0.77    0.00    3.61    0.00    1.29   13.40    0.00    0.00    0.00   80.93
08:39:58 PM    0    0.00    0.00    1.00    0.00    3.00   20.00    0.00    0.00    0.00   76.00
08:39:58 PM    1    1.06    0.00    6.38    0.00    1.06   17.02    0.00    0.00    0.00   74.47
08:39:58 PM    2    2.04    0.00    3.06    0.00    1.02    8.16    0.00    0.00    0.00   85.71
08:39:58 PM    3    0.00    0.00    4.17    0.00    0.00    8.33    0.00    0.00    0.00   87.50

08:39:58 PM  CPU    %usr   %nice    %sys %iowait    %irq   %soft  %steal  %guest  %gnice   %idle
08:39:59 PM  all    0.52    0.00    3.62    0.00    1.55   13.44    0.00    0.00    0.00   80.88
08:39:59 PM    0    0.00    0.00    0.00    0.00    3.06   19.39    0.00    0.00    0.00   77.55
08:39:59 PM    1    1.04    0.00    4.17    0.00    1.04    8.33    0.00    0.00    0.00   85.42
08:39:59 PM    2    0.00    0.00    5.10    0.00    0.00    9.18    0.00    0.00    0.00   85.71
08:39:59 PM    3    1.05    0.00    5.26    0.00    2.11   16.84    0.00    0.00    0.00   74.74

08:39:59 PM  CPU    %usr   %nice    %sys %iowait    %irq   %soft  %steal  %guest  %gnice   %idle
08:40:00 PM  all    0.78    0.00    3.36    0.00    1.29   13.44    0.00    0.00    0.00   81.14
08:40:00 PM    0    0.00    0.00    0.00    0.00    3.00   20.00    0.00    0.00    0.00   77.00
08:40:00 PM    1    1.02    0.00    4.08    0.00    0.00    8.16    0.00    0.00    0.00   86.73
08:40:00 PM    2    1.04    0.00    2.08    0.00    1.04    8.33    0.00    0.00    0.00   87.50
08:40:00 PM    3    1.08    0.00    7.53    0.00    1.08   17.20    0.00    0.00    0.00   73.12

08:40:00 PM  CPU    %usr   %nice    %sys %iowait    %irq   %soft  %steal  %guest  %gnice   %idle
08:40:01 PM  all    1.29    0.00    3.08    0.00    1.80   13.11    0.00    0.00    0.00   80.72
08:40:01 PM    0    0.00    0.00    0.00    0.00    3.03   19.19    0.00    0.00    0.00   77.78
08:40:01 PM    1    2.08    0.00    5.21    0.00    2.08   14.58    0.00    0.00    0.00   76.04
08:40:01 PM    2    1.03    0.00    4.12    0.00    1.03    8.25    0.00    0.00    0.00   85.57
08:40:01 PM    3    2.06    0.00    3.09    0.00    1.03   10.31    0.00    0.00    0.00   83.51

08:40:01 PM  CPU    %usr   %nice    %sys %iowait    %irq   %soft  %steal  %guest  %gnice   %idle
08:40:02 PM  all    0.79    0.00    2.62    0.00    1.05   13.61    0.00    0.00    0.00   81.94
08:40:02 PM    0    0.00    0.00    0.00    0.00    3.03   20.20    0.00    0.00    0.00   76.77
08:40:02 PM    1    1.10    0.00    6.59    0.00    1.10   17.58    0.00    0.00    0.00   73.63
08:40:02 PM    2    1.02    0.00    3.06    0.00    0.00    8.16    0.00    0.00    0.00   87.76
08:40:02 PM    3    1.06    0.00    1.06    0.00    0.00    8.51    0.00    0.00    0.00   89.36

08:40:02 PM  CPU    %usr   %nice    %sys %iowait    %irq   %soft  %steal  %guest  %gnice   %idle
08:40:03 PM  all    1.29    0.00    3.08    0.00    1.54   13.37    0.00    0.00    0.00   80.72
08:40:03 PM    0    0.00    0.00    0.00    0.00    3.03   19.19    0.00    0.00    0.00   77.78
08:40:03 PM    1    2.13    0.00    6.38    0.00    1.06   17.02    0.00    0.00    0.00   73.40
08:40:03 PM    2    1.03    0.00    3.09    0.00    1.03    8.25    0.00    0.00    0.00   86.60
08:40:03 PM    3    2.02    0.00    3.03    0.00    1.01    9.09    0.00    0.00    0.00   84.85

08:40:03 PM  CPU    %usr   %nice    %sys %iowait    %irq   %soft  %steal  %guest  %gnice   %idle
08:40:04 PM  all    1.03    0.00    3.59    0.00    1.54   13.59    0.00    0.00    0.00   80.26
08:40:04 PM    0    0.00    0.00    1.02    0.00    3.06   23.47    0.00    0.00    0.00   72.45
08:40:04 PM    1    2.08    0.00    5.21    0.00    1.04   13.54    0.00    0.00    0.00   78.12
08:40:04 PM    2    1.02    0.00    4.08    0.00    1.02    9.18    0.00    0.00    0.00   84.69
08:40:04 PM    3    1.02    0.00    4.08    0.00    1.02    8.16    0.00    0.00    0.00   85.71

08:40:04 PM  CPU    %usr   %nice    %sys %iowait    %irq   %soft  %steal  %guest  %gnice   %idle
08:40:05 PM  all    0.26    0.00    3.65    0.00    1.30   13.02    0.00    0.00    0.00   81.77
08:40:05 PM    0    1.03    0.00    4.12    0.00    4.12   26.80    0.00    0.00    0.00   63.92
08:40:05 PM    1    0.00    0.00    4.12    0.00    1.03    8.25    0.00    0.00    0.00   86.60
08:40:05 PM    2    0.00    0.00    3.16    0.00    0.00    8.42    0.00    0.00    0.00   88.42
08:40:05 PM    3    0.00    0.00    3.16    0.00    0.00    8.42    0.00    0.00    0.00   88.42

08:40:05 PM  CPU    %usr   %nice    %sys %iowait    %irq   %soft  %steal  %guest  %gnice   %idle
08:40:06 PM  all    1.04    0.00    2.59    0.00    1.30   13.73    0.00    0.00    0.00   81.35
08:40:06 PM    0    0.00    0.00    0.00    0.00    3.03   20.20    0.00    0.00    0.00   76.77
08:40:06 PM    1    2.02    0.00    0.00    0.00    0.00    3.03    0.00    0.00    0.00   94.95
08:40:06 PM    2    2.11    0.00    4.21    0.00    1.05   14.74    0.00    0.00    0.00   77.89
08:40:06 PM    3    0.00    0.00    6.45    0.00    1.08   17.20    0.00    0.00    0.00   75.27

08:40:06 PM  CPU    %usr   %nice    %sys %iowait    %irq   %soft  %steal  %guest  %gnice   %idle
08:40:07 PM  all    0.77    0.00    3.59    0.00    1.79   13.33    0.00    0.00    0.00   80.51
08:40:07 PM    0    0.00    0.00    0.00    0.00    3.00   20.00    0.00    0.00    0.00   77.00
08:40:07 PM    1    0.00    0.00    0.00    0.00    0.00    0.00    0.00    0.00    0.00  100.00
08:40:07 PM    2    1.04    0.00    8.33    0.00    2.08   17.71    0.00    0.00    0.00   70.83
08:40:07 PM    3    2.13    0.00    6.38    0.00    2.13   15.96    0.00    0.00    0.00   73.40

08:40:07 PM  CPU    %usr   %nice    %sys %iowait    %irq   %soft  %steal  %guest  %gnice   %idle
08:40:08 PM  all    0.52    0.00    3.88    0.00    1.29   13.18    0.00    0.00    0.00   81.14
08:40:08 PM    0    0.00    0.00    0.00    0.00    3.06   19.39    0.00    0.00    0.00   77.55
08:40:08 PM    1    0.00    0.00    0.00    0.00    0.00    0.00    0.00    0.00    0.00  100.00
08:40:08 PM    2    1.08    0.00    7.53    0.00    1.08   17.20    0.00    0.00    0.00   73.12
08:40:08 PM    3    1.04    0.00    8.33    0.00    1.04   16.67    0.00    0.00    0.00   72.92

08:40:08 PM  CPU    %usr   %nice    %sys %iowait    %irq   %soft  %steal  %guest  %gnice   %idle
08:40:09 PM  all    0.52    0.00    3.37    0.00    1.30   13.73    0.00    0.00    0.00   81.09
08:40:09 PM    0    0.00    0.00    0.00    0.00    3.00   20.00    0.00    0.00    0.00   77.00
08:40:09 PM    1    0.00    0.00    0.00    0.00    0.00    0.00    0.00    0.00    0.00  100.00
08:40:09 PM    2    1.08    0.00    7.53    0.00    1.08   18.28    0.00    0.00    0.00   72.04
08:40:09 PM    3    1.08    0.00    6.45    0.00    1.08   17.20    0.00    0.00    0.00   74.19

08:40:09 PM  CPU    %usr   %nice    %sys %iowait    %irq   %soft  %steal  %guest  %gnice   %idle
08:40:10 PM  all    0.52    0.00    3.39    0.00    1.57   13.05    0.00    0.00    0.00   81.46
08:40:10 PM    0    0.00    0.00    1.01    0.00    3.03   19.19    0.00    0.00    0.00   76.77
08:40:10 PM    1    0.00    0.00    0.00    0.00    0.00    0.00    0.00    0.00    0.00  100.00
08:40:10 PM    2    1.09    0.00    5.43    0.00    2.17   17.39    0.00    0.00    0.00   73.91
08:40:10 PM    3    1.09    0.00    7.61    0.00    1.09   16.30    0.00    0.00    0.00   73.91

08:40:10 PM  CPU    %usr   %nice    %sys %iowait    %irq   %soft  %steal  %guest  %gnice   %idle
08:40:11 PM  all    0.52    0.00    2.61    0.00    1.31   13.84    0.00    0.00    0.00   81.72
08:40:11 PM    0    0.00    0.00    0.00    0.00    3.03   20.20    0.00    0.00    0.00   76.77
08:40:11 PM    1    0.00    0.00    0.00    0.00    0.00    0.00    0.00    0.00    0.00  100.00
08:40:11 PM    2    1.09    0.00    5.43    0.00    1.09   18.48    0.00    0.00    0.00   73.91
08:40:11 PM    3    1.09    0.00    5.43    0.00    1.09   17.39    0.00    0.00    0.00   75.00

08:40:11 PM  CPU    %usr   %nice    %sys %iowait    %irq   %soft  %steal  %guest  %gnice   %idle
08:40:12 PM  all    1.29    0.00    2.84    0.00    1.55   13.40    0.00    0.00    0.00   80.93
08:40:12 PM    0    0.00    0.00    0.00    0.00    3.06   19.39    0.00    0.00    0.00   77.55
08:40:12 PM    1    0.00    0.00    0.00    0.00    0.00    0.00    0.00    0.00    0.00  100.00
08:40:12 PM    2    3.16    0.00    6.32    0.00    1.05   17.89    0.00    0.00    0.00   71.58
08:40:12 PM    3    2.11    0.00    5.26    0.00    2.11   16.84    0.00    0.00    0.00   73.68

08:40:12 PM  CPU    %usr   %nice    %sys %iowait    %irq   %soft  %steal  %guest  %gnice   %idle
08:40:13 PM  all    0.78    0.00    2.86    0.00    1.30   13.77    0.00    0.00    0.00   81.30
08:40:13 PM    0    0.00    0.00    0.00    0.00    3.00   20.00    0.00    0.00    0.00   77.00
08:40:13 PM    1    0.00    0.00    4.04    0.00    1.01    7.07    0.00    0.00    0.00   87.88
08:40:13 PM    2    2.17    0.00    4.35    0.00    1.09   18.48    0.00    0.00    0.00   73.91
08:40:13 PM    3    1.06    0.00    3.19    0.00    0.00    9.57    0.00    0.00    0.00   86.17

08:40:13 PM  CPU    %usr   %nice    %sys %iowait    %irq   %soft  %steal  %guest  %gnice   %idle
08:40:14 PM  all    0.52    0.00    3.62    0.00    1.55   13.44    0.00    0.00    0.00   80.88
08:40:14 PM    0    0.00    0.00    0.00    0.00    3.03   20.20    0.00    0.00    0.00   76.77
08:40:14 PM    1    0.00    0.00    4.17    0.00    0.00    8.33    0.00    0.00    0.00   87.50
08:40:14 PM    2    1.06    0.00    7.45    0.00    2.13   17.02    0.00    0.00    0.00   72.34
08:40:14 PM    3    1.02    0.00    3.06    0.00    1.02    8.16    0.00    0.00    0.00   86.73

Average:     CPU    %usr   %nice    %sys %iowait    %irq   %soft  %steal  %guest  %gnice   %idle
Average:     all    0.72    0.00    3.42    0.01    1.43   13.35    0.00    0.00    0.00   81.07
Average:       0    0.15    0.00    0.24    0.00    3.04   19.92    0.00    0.00    0.00   76.65
Average:       1    0.97    0.00    4.57    0.00    0.89   11.17    0.00    0.00    0.00   82.40
Average:       2    0.76    0.00    3.65    0.02    0.72    9.08    0.00    0.00    0.00   85.77
Average:       3    1.03    0.00    5.34    0.02    1.01   13.05    0.00    0.00    0.00   79.55
