Linux 7.0.9 (hp3) 	06/18/2026 	_x86_64_	(8 CPU)

10:09:41 AM  CPU    %usr   %nice    %sys %iowait    %irq   %soft  %steal  %guest  %gnice   %idle
10:09:42 AM  all    0.87    0.00   12.97    0.12    0.00    5.49    0.00    0.00    0.00   80.55
10:09:42 AM    0    3.00    0.00   52.00    1.00    0.00   22.00    0.00    0.00    0.00   22.00
10:09:42 AM    1    4.04    0.00   52.53    0.00    0.00   21.21    0.00    0.00    0.00   22.22
10:09:42 AM    2    0.00    0.00    0.00    0.00    0.00    0.00    0.00    0.00    0.00  100.00
10:09:42 AM    3    0.00    0.00    0.00    0.00    0.00    0.00    0.00    0.00    0.00  100.00
10:09:42 AM    4    0.00    0.00    0.00    0.00    0.00    0.99    0.00    0.00    0.00   99.01
10:09:42 AM    5    0.00    0.00    0.00    0.00    0.00    0.00    0.00    0.00    0.00  100.00
10:09:42 AM    6    0.00    0.00    0.00    0.00    0.00    0.00    0.00    0.00    0.00  100.00
10:09:42 AM    7    0.00    0.00    0.00    0.00    0.00    0.00    0.00    0.00    0.00  100.00

10:09:42 AM  CPU    %usr   %nice    %sys %iowait    %irq   %soft  %steal  %guest  %gnice   %idle
10:09:43 AM  all    1.37    0.00   16.60    0.00    0.00    6.99    0.00    0.00    0.00   75.03
10:09:43 AM    0    5.05    0.00   66.67    0.00    0.00   27.27    0.00    0.00    0.00    1.01
10:09:43 AM    1    6.00    0.00   65.00    0.00    0.00   28.00    0.00    0.00    0.00    1.00
10:09:43 AM    2    0.00    0.00    0.00    0.00    0.00    0.99    0.00    0.00    0.00   99.01
10:09:43 AM    3    0.00    0.00    0.00    0.00    0.00    0.00    0.00    0.00    0.00  100.00
10:09:43 AM    4    0.00    0.00    0.99    0.00    0.00    0.00    0.00    0.00    0.00   99.01
10:09:43 AM    5    0.00    0.00    0.00    0.00    0.00    0.00    0.00    0.00    0.00  100.00
10:09:43 AM    6    0.00    0.00    0.00    0.00    0.00    0.00    0.00    0.00    0.00  100.00
10:09:43 AM    7    0.00    0.00    1.00    0.00    0.00    0.00    0.00    0.00    0.00   99.00

10:09:43 AM  CPU    %usr   %nice    %sys %iowait    %irq   %soft  %steal  %guest  %gnice   %idle
10:09:44 AM  all    1.25    0.00   16.73    0.00    0.12    7.12    0.00    0.00    0.00   74.78
10:09:44 AM    0    5.00    0.00   67.00    0.00    0.00   28.00    0.00    0.00    0.00    0.00
10:09:44 AM    1    5.00    0.00   67.00    0.00    1.00   27.00    0.00    0.00    0.00    0.00
10:09:44 AM    2    0.00    0.00    0.00    0.00    0.00    0.00    0.00    0.00    0.00  100.00
10:09:44 AM    3    0.00    0.00    0.00    0.00    0.00    0.00    0.00    0.00    0.00  100.00
10:09:44 AM    4    0.00    0.00    0.00    0.00    0.00    1.00    0.00    0.00    0.00   99.00
10:09:44 AM    5    0.00    0.00    0.00    0.00    0.00    0.00    0.00    0.00    0.00  100.00
10:09:44 AM    6    0.00    0.00    0.00    0.00    0.00    0.00    0.00    0.00    0.00  100.00
10:09:44 AM    7    0.00    0.00    0.00    0.00    0.00    0.99    0.00    0.00    0.00   99.01

10:09:44 AM  CPU    %usr   %nice    %sys %iowait    %irq   %soft  %steal  %guest  %gnice   %idle
10:09:45 AM  all    1.38    0.00   16.38    0.00    0.12    7.25    0.00    0.00    0.00   74.88
10:09:45 AM    0    4.95    0.00   64.36    0.00    0.99   29.70    0.00    0.00    0.00    0.00
10:09:45 AM    1    6.00    0.00   66.00    0.00    0.00   28.00    0.00    0.00    0.00    0.00
10:09:45 AM    2    0.00    0.00    0.00    0.00    0.00    0.00    0.00    0.00    0.00  100.00
10:09:45 AM    3    0.00    0.00    0.00    0.00    0.00    0.00    0.00    0.00    0.00  100.00
10:09:45 AM    4    0.00    0.00    0.00    0.00    0.00    0.00    0.00    0.00    0.00  100.00
10:09:45 AM    5    0.00    0.00    0.00    0.00    0.00    0.00    0.00    0.00    0.00  100.00
10:09:45 AM    6    0.00    0.00    0.00    0.00    0.00    0.00    0.00    0.00    0.00  100.00
10:09:45 AM    7    0.00    0.00    0.00    0.00    0.00    0.00    0.00    0.00    0.00  100.00

10:09:45 AM  CPU    %usr   %nice    %sys %iowait    %irq   %soft  %steal  %guest  %gnice   %idle
10:09:46 AM  all    1.38    0.00   16.27    0.00    0.00    7.26    0.00    0.00    0.00   75.09
10:09:46 AM    0    5.00    0.00   64.00    0.00    0.00   31.00    0.00    0.00    0.00    0.00
10:09:46 AM    1    6.06    0.00   66.67    0.00    0.00   27.27    0.00    0.00    0.00    0.00
10:09:46 AM    2    0.00    0.00    0.00    0.00    0.00    0.00    0.00    0.00    0.00  100.00
10:09:46 AM    3    0.00    0.00    0.00    0.00    0.00    0.00    0.00    0.00    0.00  100.00
10:09:46 AM    4    0.00    0.00    0.00    0.00    0.00    0.00    0.00    0.00    0.00  100.00
10:09:46 AM    5    0.00    0.00    0.00    0.00    0.00    0.00    0.00    0.00    0.00  100.00
10:09:46 AM    6    0.00    0.00    0.00    0.00    0.00    0.00    0.00    0.00    0.00  100.00
10:09:46 AM    7    0.00    0.00    0.00    0.00    0.00    0.00    0.00    0.00    0.00  100.00

10:09:46 AM  CPU    %usr   %nice    %sys %iowait    %irq   %soft  %steal  %guest  %gnice   %idle
10:09:47 AM  all    1.50    0.00   16.23    0.00    0.00    7.24    0.00    0.00    0.00   75.03
10:09:47 AM    0    6.00    0.00   64.00    0.00    0.00   30.00    0.00    0.00    0.00    0.00
10:09:47 AM    1    6.00    0.00   66.00    0.00    0.00   28.00    0.00    0.00    0.00    0.00
10:09:47 AM    2    0.00    0.00    0.00    0.00    0.00    0.00    0.00    0.00    0.00  100.00
10:09:47 AM    3    0.00    0.00    0.00    0.00    0.00    0.00    0.00    0.00    0.00  100.00
10:09:47 AM    4    0.00    0.00    0.00    0.00    0.00    0.00    0.00    0.00    0.00  100.00
10:09:47 AM    5    0.00    0.00    0.00    0.00    0.00    0.00    0.00    0.00    0.00  100.00
10:09:47 AM    6    0.00    0.00    0.00    0.00    0.00    0.00    0.00    0.00    0.00  100.00
10:09:47 AM    7    0.00    0.00    0.00    0.00    0.00    0.00    0.00    0.00    0.00  100.00

10:09:47 AM  CPU    %usr   %nice    %sys %iowait    %irq   %soft  %steal  %guest  %gnice   %idle
10:09:48 AM  all    1.37    0.00   16.31    0.00    0.12    7.22    0.00    0.00    0.00   74.97
10:09:48 AM    0    6.00    0.00   64.00    0.00    0.00   30.00    0.00    0.00    0.00    0.00
10:09:48 AM    1    4.95    0.00   66.34    0.00    0.99   27.72    0.00    0.00    0.00    0.00
10:09:48 AM    2    0.00    0.00    0.00    0.00    0.00    0.00    0.00    0.00    0.00  100.00
10:09:48 AM    3    0.00    0.00    0.00    0.00    0.00    0.00    0.00    0.00    0.00  100.00
10:09:48 AM    4    0.00    0.00    0.00    0.00    0.00    0.00    0.00    0.00    0.00  100.00
10:09:48 AM    5    0.00    0.00    0.00    0.00    0.00    0.00    0.00    0.00    0.00  100.00
10:09:48 AM    6    0.00    0.00    0.00    0.00    0.00    0.00    0.00    0.00    0.00  100.00
10:09:48 AM    7    0.00    0.00    0.00    0.00    0.00    0.00    0.00    0.00    0.00  100.00

10:09:48 AM  CPU    %usr   %nice    %sys %iowait    %irq   %soft  %steal  %guest  %gnice   %idle
10:09:49 AM  all    1.37    0.00   16.44    0.00    0.12    7.22    0.00    0.00    0.00   74.84
10:09:49 AM    0    5.00    0.00   65.00    0.00    1.00   29.00    0.00    0.00    0.00    0.00
10:09:49 AM    1    6.00    0.00   66.00    0.00    0.00   28.00    0.00    0.00    0.00    0.00
10:09:49 AM    2    0.00    0.00    0.98    0.00    0.00    0.98    0.00    0.00    0.00   98.04
10:09:49 AM    3    0.00    0.00    0.00    0.00    0.00    0.00    0.00    0.00    0.00  100.00
10:09:49 AM    4    0.00    0.00    0.00    0.00    0.00    0.00    0.00    0.00    0.00  100.00
10:09:49 AM    5    0.00    0.00    0.00    0.00    0.00    0.00    0.00    0.00    0.00  100.00
10:09:49 AM    6    0.00    0.00    0.00    0.00    0.00    0.00    0.00    0.00    0.00  100.00
10:09:49 AM    7    0.00    0.00    0.00    0.00    0.00    0.00    0.00    0.00    0.00  100.00

10:09:49 AM  CPU    %usr   %nice    %sys %iowait    %irq   %soft  %steal  %guest  %gnice   %idle
10:09:50 AM  all    1.38    0.00   16.62    0.00    0.00    7.12    0.00    0.00    0.00   74.88
10:09:50 AM    0    6.00    0.00   66.00    0.00    0.00   28.00    0.00    0.00    0.00    0.00
10:09:50 AM    1    5.00    0.00   67.00    0.00    0.00   28.00    0.00    0.00    0.00    0.00
10:09:50 AM    2    0.00    0.00    0.00    0.00    0.00    0.00    0.00    0.00    0.00  100.00
10:09:50 AM    3    0.00    0.00    0.00    0.00    0.00    0.00    0.00    0.00    0.00  100.00
10:09:50 AM    4    0.00    0.00    0.00    0.00    0.00    0.00    0.00    0.00    0.00  100.00
10:09:50 AM    5    0.00    0.00    0.00    0.00    0.00    0.00    0.00    0.00    0.00  100.00
10:09:50 AM    6    0.00    0.00    0.00    0.00    0.00    0.00    0.00    0.00    0.00  100.00
10:09:50 AM    7    0.00    0.00    0.00    0.00    0.00    0.99    0.00    0.00    0.00   99.01

10:09:50 AM  CPU    %usr   %nice    %sys %iowait    %irq   %soft  %steal  %guest  %gnice   %idle
10:09:51 AM  all    1.50    0.00   16.38    0.00    0.00    7.00    0.00    0.00    0.00   75.12
10:09:51 AM    0    6.00    0.00   65.00    0.00    0.00   29.00    0.00    0.00    0.00    0.00
10:09:51 AM    1    6.00    0.00   66.00    0.00    0.00   27.00    0.00    0.00    0.00    1.00
10:09:51 AM    2    0.00    0.00    0.00    0.00    0.00    0.00    0.00    0.00    0.00  100.00
10:09:51 AM    3    0.00    0.00    0.00    0.00    0.00    0.00    0.00    0.00    0.00  100.00
10:09:51 AM    4    0.00    0.00    0.00    0.00    0.00    0.00    0.00    0.00    0.00  100.00
10:09:51 AM    5    0.00    0.00    0.00    0.00    0.00    0.00    0.00    0.00    0.00  100.00
10:09:51 AM    6    0.00    0.00    0.00    0.00    0.00    0.00    0.00    0.00    0.00  100.00
10:09:51 AM    7    0.00    0.00    0.00    0.00    0.00    0.00    0.00    0.00    0.00  100.00

10:09:51 AM  CPU    %usr   %nice    %sys %iowait    %irq   %soft  %steal  %guest  %gnice   %idle
10:09:52 AM  all    1.37    0.00   16.58    0.00    0.12    6.98    0.00    0.00    0.00   74.94
10:09:52 AM    0    5.00    0.00   66.00    0.00    0.00   28.00    0.00    0.00    0.00    1.00
10:09:52 AM    1    5.88    0.00   65.69    0.00    0.98   27.45    0.00    0.00    0.00    0.00
10:09:52 AM    2    0.00    0.00    0.00    0.00    0.00    0.00    0.00    0.00    0.00  100.00
10:09:52 AM    3    0.00    0.00    0.00    0.00    0.00    0.00    0.00    0.00    0.00  100.00
10:09:52 AM    4    0.00    0.00    0.00    0.00    0.00    0.00    0.00    0.00    0.00  100.00
10:09:52 AM    5    0.00    0.00    0.00    0.00    0.00    0.00    0.00    0.00    0.00  100.00
10:09:52 AM    6    0.00    0.00    0.00    0.00    0.00    0.00    0.00    0.00    0.00  100.00
10:09:52 AM    7    0.00    0.00    0.00    0.00    0.00    0.00    0.00    0.00    0.00  100.00

10:09:52 AM  CPU    %usr   %nice    %sys %iowait    %irq   %soft  %steal  %guest  %gnice   %idle
10:09:53 AM  all    1.25    0.00   16.79    0.00    0.00    7.02    0.00    0.00    0.00   74.94
10:09:53 AM    0    5.00    0.00   67.00    0.00    0.00   28.00    0.00    0.00    0.00    0.00
10:09:53 AM    1    5.05    0.00   67.68    0.00    0.00   27.27    0.00    0.00    0.00    0.00
10:09:53 AM    2    0.00    0.00    0.00    0.00    0.00    0.00    0.00    0.00    0.00  100.00
10:09:53 AM    3    0.00    0.00    0.00    0.00    0.00    0.00    0.00    0.00    0.00  100.00
10:09:53 AM    4    0.00    0.00    0.00    0.00    0.00    1.00    0.00    0.00    0.00   99.00
10:09:53 AM    5    0.00    0.00    0.00    0.00    0.00    0.00    0.00    0.00    0.00  100.00
10:09:53 AM    6    0.00    0.00    0.00    0.00    0.00    0.00    0.00    0.00    0.00  100.00
10:09:53 AM    7    0.00    0.00    0.00    0.00    0.00    0.00    0.00    0.00    0.00  100.00

10:09:53 AM  CPU    %usr   %nice    %sys %iowait    %irq   %soft  %steal  %guest  %gnice   %idle
10:09:54 AM  all    1.50    0.00   16.33    0.00    0.12    6.98    0.00    0.00    0.00   75.06
10:09:54 AM    0    6.00    0.00   65.00    0.00    1.00   28.00    0.00    0.00    0.00    0.00
10:09:54 AM    1    6.00    0.00   66.00    0.00    0.00   28.00    0.00    0.00    0.00    0.00
10:09:54 AM    2    0.00    0.00    0.00    0.00    0.00    0.00    0.00    0.00    0.00  100.00
10:09:54 AM    3    0.00    0.00    0.00    0.00    0.00    0.00    0.00    0.00    0.00  100.00
10:09:54 AM    4    0.00    0.00    0.00    0.00    0.00    0.00    0.00    0.00    0.00  100.00
10:09:54 AM    5    0.00    0.00    0.00    0.00    0.00    0.00    0.00    0.00    0.00  100.00
10:09:54 AM    6    0.00    0.00    0.00    0.00    0.00    0.00    0.00    0.00    0.00  100.00
10:09:54 AM    7    0.00    0.00    0.00    0.00    0.00    0.00    0.00    0.00    0.00  100.00

10:09:54 AM  CPU    %usr   %nice    %sys %iowait    %irq   %soft  %steal  %guest  %gnice   %idle
10:09:55 AM  all    1.50    0.00   16.60    0.00    0.00    7.12    0.00    0.00    0.00   74.78
10:09:55 AM    0    6.00    0.00   66.00    0.00    0.00   28.00    0.00    0.00    0.00    0.00
10:09:55 AM    1    6.06    0.00   66.67    0.00    0.00   27.27    0.00    0.00    0.00    0.00
10:09:55 AM    2    0.00    0.00    0.00    0.00    0.00    0.99    0.00    0.00    0.00   99.01
10:09:55 AM    3    0.00    0.00    0.00    0.00    0.00    0.00    0.00    0.00    0.00  100.00
10:09:55 AM    4    0.00    0.00    0.99    0.00    0.00    0.00    0.00    0.00    0.00   99.01
10:09:55 AM    5    0.00    0.00    0.00    0.00    0.00    0.00    0.00    0.00    0.00  100.00
10:09:55 AM    6    0.00    0.00    0.00    0.00    0.00    0.00    0.00    0.00    0.00  100.00
10:09:55 AM    7    0.00    0.00    0.00    0.00    0.00    1.00    0.00    0.00    0.00   99.00

10:09:55 AM  CPU    %usr   %nice    %sys %iowait    %irq   %soft  %steal  %guest  %gnice   %idle
10:09:56 AM  all    1.25    0.00   16.73    0.00    0.12    6.99    0.00    0.00    0.00   74.91
10:09:56 AM    0    5.00    0.00   68.00    0.00    0.00   27.00    0.00    0.00    0.00    0.00
10:09:56 AM    1    4.95    0.00   65.35    0.00    0.99   28.71    0.00    0.00    0.00    0.00
10:09:56 AM    2    0.00    0.00    0.00    0.00    0.00    0.00    0.00    0.00    0.00  100.00
10:09:56 AM    3    0.00    0.00    0.00    0.00    0.00    0.00    0.00    0.00    0.00  100.00
10:09:56 AM    4    0.00    0.00    0.00    0.00    0.00    0.00    0.00    0.00    0.00  100.00
10:09:56 AM    5    0.00    0.00    0.00    0.00    0.00    0.00    0.00    0.00    0.00  100.00
10:09:56 AM    6    0.00    0.00    0.00    0.00    0.00    0.00    0.00    0.00    0.00  100.00
10:09:56 AM    7    0.00    0.00    0.00    0.00    0.00    0.00    0.00    0.00    0.00  100.00

10:09:56 AM  CPU    %usr   %nice    %sys %iowait    %irq   %soft  %steal  %guest  %gnice   %idle
10:09:57 AM  all    1.50    0.00   16.42    0.00    0.00    7.02    0.00    0.00    0.00   75.06
10:09:57 AM    0    6.06    0.00   66.67    0.00    0.00   27.27    0.00    0.00    0.00    0.00
10:09:57 AM    1    6.06    0.00   65.66    0.00    0.00   28.28    0.00    0.00    0.00    0.00
10:09:57 AM    2    0.00    0.00    0.00    0.00    0.00    0.00    0.00    0.00    0.00  100.00
10:09:57 AM    3    0.00    0.00    0.00    0.00    0.00    0.00    0.00    0.00    0.00  100.00
10:09:57 AM    4    0.00    0.00    0.00    0.00    0.00    1.00    0.00    0.00    0.00   99.00
10:09:57 AM    5    0.00    0.00    0.00    0.00    0.00    0.00    0.00    0.00    0.00  100.00
10:09:57 AM    6    0.00    0.00    0.00    0.00    0.00    0.00    0.00    0.00    0.00  100.00
10:09:57 AM    7    0.00    0.00    0.00    0.00    0.00    0.00    0.00    0.00    0.00  100.00

10:09:57 AM  CPU    %usr   %nice    %sys %iowait    %irq   %soft  %steal  %guest  %gnice   %idle
10:09:58 AM  all    1.74    0.00   16.40    0.00    0.12    6.83    0.00    0.00    0.00   74.91
10:09:58 AM    0    6.86    0.00   64.71    0.00    0.98   26.47    0.00    0.00    0.00    0.98
10:09:58 AM    1    6.93    0.00   64.36    0.00    0.00   27.72    0.00    0.00    0.00    0.99
10:09:58 AM    2    0.00    0.00    0.00    0.00    0.00    0.00    0.00    0.00    0.00  100.00
10:09:58 AM    3    0.00    0.00    0.00    0.00    0.00    0.00    0.00    0.00    0.00  100.00
10:09:58 AM    4    0.00    0.00    1.00    0.00    0.00    0.00    0.00    0.00    0.00   99.00
10:09:58 AM    5    0.00    0.00    0.00    0.00    0.00    0.00    0.00    0.00    0.00  100.00
10:09:58 AM    6    0.00    0.00    0.00    0.00    0.00    0.00    0.00    0.00    0.00  100.00
10:09:58 AM    7    0.00    0.00    0.00    0.00    0.00    0.00    0.00    0.00    0.00  100.00

10:09:58 AM  CPU    %usr   %nice    %sys %iowait    %irq   %soft  %steal  %guest  %gnice   %idle
10:09:59 AM  all    1.50    0.00   16.29    0.00    0.00    7.14    0.00    0.00    0.00   75.06
10:09:59 AM    0    6.06    0.00   66.67    0.00    0.00   27.27    0.00    0.00    0.00    0.00
10:09:59 AM    1    6.06    0.00   64.65    0.00    0.00   29.29    0.00    0.00    0.00    0.00
10:09:59 AM    2    0.00    0.00    0.00    0.00    0.00    0.00    0.00    0.00    0.00  100.00
10:09:59 AM    3    0.00    0.00    0.00    0.00    0.00    0.00    0.00    0.00    0.00  100.00
10:09:59 AM    4    0.00    0.00    0.00    0.00    0.00    1.00    0.00    0.00    0.00   99.00
10:09:59 AM    5    0.00    0.00    0.00    0.00    0.00    0.00    0.00    0.00    0.00  100.00
10:09:59 AM    6    0.00    0.00    0.00    0.00    0.00    0.00    0.00    0.00    0.00  100.00
10:09:59 AM    7    0.00    0.00    0.00    0.00    0.00    0.00    0.00    0.00    0.00  100.00

10:09:59 AM  CPU    %usr   %nice    %sys %iowait    %irq   %soft  %steal  %guest  %gnice   %idle
10:10:00 AM  all    1.50    0.00   16.58    0.00    0.12    6.98    0.00    0.00    0.00   74.81
10:10:00 AM    0    6.00    0.00   67.00    0.00    0.00   27.00    0.00    0.00    0.00    0.00
10:10:00 AM    1    5.88    0.00   64.71    0.00    0.98   28.43    0.00    0.00    0.00    0.00
10:10:00 AM    2    0.00    0.00    0.00    0.00    0.00    0.00    0.00    0.00    0.00  100.00
10:10:00 AM    3    0.00    0.00    0.00    0.00    0.00    0.00    0.00    0.00    0.00  100.00
10:10:00 AM    4    0.00    0.00    0.00    0.00    0.00    0.00    0.00    0.00    0.00  100.00
10:10:00 AM    5    0.00    0.00    0.00    0.00    0.00    0.00    0.00    0.00    0.00  100.00
10:10:00 AM    6    0.00    0.00    0.00    0.00    0.00    0.00    0.00    0.00    0.00  100.00
10:10:00 AM    7    0.00    0.00    0.00    0.00    0.00    0.00    0.00    0.00    0.00  100.00

10:10:00 AM  CPU    %usr   %nice    %sys %iowait    %irq   %soft  %steal  %guest  %gnice   %idle
10:10:01 AM  all    1.62    0.00   16.12    0.00    0.00    7.25    0.00    0.00    0.00   75.00
10:10:01 AM    0    6.06    0.00   65.66    0.00    0.00   28.28    0.00    0.00    0.00    0.00
10:10:01 AM    1    7.07    0.00   64.65    0.00    0.00   28.28    0.00    0.00    0.00    0.00
10:10:01 AM    2    0.00    0.00    0.00    0.00    0.00    0.99    0.00    0.00    0.00   99.01
10:10:01 AM    3    0.00    0.00    0.00    0.00    0.00    0.00    0.00    0.00    0.00  100.00
10:10:01 AM    4    0.00    0.00    0.00    0.00    0.00    0.00    0.00    0.00    0.00  100.00
10:10:01 AM    5    0.00    0.00    0.00    0.00    0.00    0.00    0.00    0.00    0.00  100.00
10:10:01 AM    6    0.00    0.00    0.00    0.00    0.00    0.00    0.00    0.00    0.00  100.00
10:10:01 AM    7    0.00    0.00    0.00    0.00    0.00    0.99    0.00    0.00    0.00   99.01

10:10:01 AM  CPU    %usr   %nice    %sys %iowait    %irq   %soft  %steal  %guest  %gnice   %idle
10:10:02 AM  all    1.13    0.00   16.52    0.00    0.13    7.26    0.00    0.00    0.00   74.97
10:10:02 AM    0    4.95    0.00   65.35    0.00    0.99   28.71    0.00    0.00    0.00    0.00
10:10:02 AM    1    4.04    0.00   66.67    0.00    0.00   29.29    0.00    0.00    0.00    0.00
10:10:02 AM    2    0.00    0.00    0.00    0.00    0.00    0.00    0.00    0.00    0.00  100.00
10:10:02 AM    3    0.00    0.00    0.00    0.00    0.00    0.00    0.00    0.00    0.00  100.00
10:10:02 AM    4    0.00    0.00    0.00    0.00    0.00    0.00    0.00    0.00    0.00  100.00
10:10:02 AM    5    0.00    0.00    0.00    0.00    0.00    0.00    0.00    0.00    0.00  100.00
10:10:02 AM    6    0.00    0.00    0.00    0.00    0.00    0.00    0.00    0.00    0.00  100.00
10:10:02 AM    7    0.00    0.00    0.00    0.00    0.00    0.00    0.00    0.00    0.00  100.00

10:10:02 AM  CPU    %usr   %nice    %sys %iowait    %irq   %soft  %steal  %guest  %gnice   %idle
10:10:03 AM  all    1.50    0.00   16.33    0.00    0.00    7.11    0.00    0.00    0.00   75.06
10:10:03 AM    0    6.00    0.00   65.00    0.00    0.00   29.00    0.00    0.00    0.00    0.00
10:10:03 AM    1    6.00    0.00   66.00    0.00    0.00   28.00    0.00    0.00    0.00    0.00
10:10:03 AM    2    0.00    0.00    0.00    0.00    0.00    0.00    0.00    0.00    0.00  100.00
10:10:03 AM    3    0.00    0.00    0.00    0.00    0.00    0.00    0.00    0.00    0.00  100.00
10:10:03 AM    4    0.00    0.00    0.00    0.00    0.00    0.00    0.00    0.00    0.00  100.00
10:10:03 AM    5    0.00    0.00    0.00    0.00    0.00    0.00    0.00    0.00    0.00  100.00
10:10:03 AM    6    0.00    0.00    0.00    0.00    0.00    0.00    0.00    0.00    0.00  100.00
10:10:03 AM    7    0.00    0.00    0.00    0.00    0.00    0.00    0.00    0.00    0.00  100.00

10:10:03 AM  CPU    %usr   %nice    %sys %iowait    %irq   %soft  %steal  %guest  %gnice   %idle
10:10:04 AM  all    1.50    0.00   16.42    0.00    0.00    7.02    0.00    0.00    0.00   75.06
10:10:04 AM    0    6.00    0.00   66.00    0.00    0.00   28.00    0.00    0.00    0.00    0.00
10:10:04 AM    1    6.06    0.00   65.66    0.00    0.00   28.28    0.00    0.00    0.00    0.00
10:10:04 AM    2    0.00    0.00    0.00    0.00    0.00    0.00    0.00    0.00    0.00  100.00
10:10:04 AM    3    0.00    0.00    0.00    0.00    0.00    0.00    0.00    0.00    0.00  100.00
10:10:04 AM    4    0.00    0.00    0.00    0.00    0.00    0.00    0.00    0.00    0.00  100.00
10:10:04 AM    5    0.00    0.00    0.00    0.00    0.00    0.00    0.00    0.00    0.00  100.00
10:10:04 AM    6    0.00    0.00    0.00    0.00    0.00    0.00    0.00    0.00    0.00  100.00
10:10:04 AM    7    0.00    0.00    0.00    0.00    0.00    0.00    0.00    0.00    0.00  100.00

10:10:04 AM  CPU    %usr   %nice    %sys %iowait    %irq   %soft  %steal  %guest  %gnice   %idle
10:10:05 AM  all    1.50    0.00   16.50    0.00    0.12    7.00    0.00    0.00    0.00   74.88
10:10:05 AM    0    7.14    0.00   66.33    0.00    0.00   26.53    0.00    0.00    0.00    0.00
10:10:05 AM    1    4.90    0.00   64.71    0.00    0.98   28.43    0.00    0.00    0.00    0.98
10:10:05 AM    2    0.00    0.00    0.00    0.00    0.00    0.00    0.00    0.00    0.00  100.00
10:10:05 AM    3    0.00    0.00    0.00    0.00    0.00    0.00    0.00    0.00    0.00  100.00
10:10:05 AM    4    0.00    0.00    0.99    0.00    0.00    0.99    0.00    0.00    0.00   98.02
10:10:05 AM    5    0.00    0.00    0.00    0.00    0.00    0.00    0.00    0.00    0.00  100.00
10:10:05 AM    6    0.00    0.00    0.00    0.00    0.00    0.00    0.00    0.00    0.00  100.00
10:10:05 AM    7    0.00    0.00    0.00    0.00    0.00    0.00    0.00    0.00    0.00  100.00

10:10:05 AM  CPU    %usr   %nice    %sys %iowait    %irq   %soft  %steal  %guest  %gnice   %idle
10:10:06 AM  all    1.49    0.00   16.36    0.00    0.12    7.19    0.00    0.00    0.00   74.85
10:10:06 AM    0    4.95    0.00   65.35    0.00    0.99   28.71    0.00    0.00    0.00    0.00
10:10:06 AM    1    6.93    0.00   65.35    0.00    0.00   27.72    0.00    0.00    0.00    0.00
10:10:06 AM    2    0.00    0.00    0.00    0.00    0.00    0.00    0.00    0.00    0.00  100.00
10:10:06 AM    3    0.00    0.00    0.00    0.00    0.00    0.00    0.00    0.00    0.00  100.00
10:10:06 AM    4    0.00    0.00    0.00    0.00    0.00    0.00    0.00    0.00    0.00  100.00
10:10:06 AM    5    0.00    0.00    0.00    0.00    0.00    0.00    0.00    0.00    0.00  100.00
10:10:06 AM    6    0.00    0.00    0.00    0.00    0.00    0.00    0.00    0.00    0.00  100.00
10:10:06 AM    7    0.00    0.00    0.00    0.00    0.00    0.98    0.00    0.00    0.00   99.02

10:10:06 AM  CPU    %usr   %nice    %sys %iowait    %irq   %soft  %steal  %guest  %gnice   %idle
10:10:07 AM  all    1.25    0.00   16.65    0.00    0.00    7.13    0.00    0.00    0.00   74.97
10:10:07 AM    0    4.90    0.00   64.71    0.00    0.00   29.41    0.00    0.00    0.00    0.98
10:10:07 AM    1    5.05    0.00   67.68    0.00    0.00   27.27    0.00    0.00    0.00    0.00
10:10:07 AM    2    0.00    0.00    0.00    0.00    0.00    0.00    0.00    0.00    0.00  100.00
10:10:07 AM    3    0.00    0.00    0.00    0.00    0.00    0.00    0.00    0.00    0.00  100.00
10:10:07 AM    4    0.00    0.00    0.00    0.00    0.00    0.00    0.00    0.00    0.00  100.00
10:10:07 AM    5    0.00    0.00    0.00    0.00    0.00    0.00    0.00    0.00    0.00  100.00
10:10:07 AM    6    0.00    0.00    0.00    0.00    0.00    0.00    0.00    0.00    0.00  100.00
10:10:07 AM    7    0.00    0.00    0.00    0.00    0.00    0.00    0.00    0.00    0.00  100.00

10:10:07 AM  CPU    %usr   %nice    %sys %iowait    %irq   %soft  %steal  %guest  %gnice   %idle
10:10:08 AM  all    1.62    0.00   16.46    0.00    0.00    7.11    0.00    0.00    0.00   74.81
10:10:08 AM    0    7.00    0.00   65.00    0.00    0.00   28.00    0.00    0.00    0.00    0.00
10:10:08 AM    1    6.00    0.00   67.00    0.00    0.00   27.00    0.00    0.00    0.00    0.00
10:10:08 AM    2    0.00    0.00    0.00    0.00    0.00    0.99    0.00    0.00    0.00   99.01
10:10:08 AM    3    0.00    0.00    0.00    0.00    0.00    0.00    0.00    0.00    0.00  100.00
10:10:08 AM    4    0.00    0.00    0.00    0.00    0.00    0.99    0.00    0.00    0.00   99.01
10:10:08 AM    5    0.00    0.00    0.00    0.00    0.00    0.00    0.00    0.00    0.00  100.00
10:10:08 AM    6    0.00    0.00    0.00    0.00    0.00    0.00    0.00    0.00    0.00  100.00
10:10:08 AM    7    0.00    0.00    0.00    0.00    0.00    0.00    0.00    0.00    0.00  100.00

10:10:08 AM  CPU    %usr   %nice    %sys %iowait    %irq   %soft  %steal  %guest  %gnice   %idle
10:10:09 AM  all    1.62    0.00   16.46    0.00    0.12    6.73    0.00    0.00    0.00   75.06
10:10:09 AM    0    6.06    0.00   65.66    0.00    0.00   28.28    0.00    0.00    0.00    0.00
10:10:09 AM    1    6.93    0.00   66.34    0.00    0.99   25.74    0.00    0.00    0.00    0.00
10:10:09 AM    2    0.00    0.00    0.00    0.00    0.00    0.00    0.00    0.00    0.00  100.00
10:10:09 AM    3    0.00    0.00    0.00    0.00    0.00    0.00    0.00    0.00    0.00  100.00
10:10:09 AM    4    0.00    0.00    0.00    0.00    0.00    0.00    0.00    0.00    0.00  100.00
10:10:09 AM    5    0.00    0.00    0.00    0.00    0.00    0.00    0.00    0.00    0.00  100.00
10:10:09 AM    6    0.00    0.00    0.00    0.00    0.00    0.00    0.00    0.00    0.00  100.00
10:10:09 AM    7    0.00    0.00    0.00    0.00    0.00    0.00    0.00    0.00    0.00  100.00

10:10:09 AM  CPU    %usr   %nice    %sys %iowait    %irq   %soft  %steal  %guest  %gnice   %idle
10:10:10 AM  all    1.38    0.00   16.62    0.00    0.12    7.00    0.00    0.00    0.00   74.88
10:10:10 AM    0    4.95    0.00   65.35    0.00    0.99   28.71    0.00    0.00    0.00    0.00
10:10:10 AM    1    6.00    0.00   67.00    0.00    0.00   27.00    0.00    0.00    0.00    0.00
10:10:10 AM    2    0.00    0.00    0.00    0.00    0.00    0.00    0.00    0.00    0.00  100.00
10:10:10 AM    3    0.00    0.00    0.00    0.00    0.00    0.00    0.00    0.00    0.00  100.00
10:10:10 AM    4    0.00    0.00    0.00    0.00    0.00    0.00    0.00    0.00    0.00  100.00
10:10:10 AM    5    0.00    0.00    0.00    0.00    0.00    0.00    0.00    0.00    0.00  100.00
10:10:10 AM    6    0.00    0.00    0.00    0.00    0.00    0.00    0.00    0.00    0.00  100.00
10:10:10 AM    7    0.00    0.00    0.00    0.00    0.00    0.00    0.00    0.00    0.00  100.00

10:10:10 AM  CPU    %usr   %nice    %sys %iowait    %irq   %soft  %steal  %guest  %gnice   %idle
10:10:11 AM  all    1.51    0.00   16.44    0.00    0.00    6.90    0.00    0.00    0.00   75.16
10:10:11 AM    0    5.05    0.00   66.67    0.00    0.00   28.28    0.00    0.00    0.00    0.00
10:10:11 AM    1    7.07    0.00   65.66    0.00    0.00   27.27    0.00    0.00    0.00    0.00
10:10:11 AM    2    0.00    0.00    0.00    0.00    0.00    0.00    0.00    0.00    0.00  100.00
10:10:11 AM    3    0.00    0.00    0.00    0.00    0.00    0.00    0.00    0.00    0.00  100.00
10:10:11 AM    4    0.00    0.00    0.00    0.00    0.00    0.00    0.00    0.00    0.00  100.00
10:10:11 AM    5    0.00    0.00    0.00    0.00    0.00    0.00    0.00    0.00    0.00  100.00
10:10:11 AM    6    0.00    0.00    0.00    0.00    0.00    0.00    0.00    0.00    0.00  100.00
10:10:11 AM    7    0.00    0.00    0.00    0.00    0.00    0.00    0.00    0.00    0.00  100.00

Average:     CPU    %usr   %nice    %sys %iowait    %irq   %soft  %steal  %guest  %gnice   %idle
Average:     all    1.42    0.00   16.35    0.00    0.06    7.02    0.00    0.00    0.00   75.14
Average:       0    5.57    0.00   65.20    0.03    0.23   28.10    0.00    0.00    0.00    0.87
Average:       1    5.80    0.00   65.53    0.00    0.23   27.57    0.00    0.00    0.00    0.87
Average:       2    0.00    0.00    0.03    0.00    0.00    0.17    0.00    0.00    0.00   99.80
Average:       3    0.00    0.00    0.00    0.00    0.00    0.00    0.00    0.00    0.00  100.00
Average:       4    0.00    0.00    0.13    0.00    0.00    0.23    0.00    0.00    0.00   99.63
Average:       5    0.00    0.00    0.00    0.00    0.00    0.00    0.00    0.00    0.00  100.00
Average:       6    0.00    0.00    0.00    0.00    0.00    0.00    0.00    0.00    0.00  100.00
Average:       7    0.00    0.00    0.03    0.00    0.00    0.17    0.00    0.00    0.00   99.80
