Linux 7.0.9 (hp3) 	06/18/2026 	_x86_64_	(8 CPU)

10:39:53 AM  CPU    %usr   %nice    %sys %iowait    %irq   %soft  %steal  %guest  %gnice   %idle
10:39:54 AM  all    1.12    0.00   12.73    0.00    0.00    5.62    0.00    0.00    0.00   80.52
10:39:54 AM    0    4.00    0.00   51.00    0.00    0.00   23.00    0.00    0.00    0.00   22.00
10:39:54 AM    1    5.00    0.00   51.00    0.00    0.00   22.00    0.00    0.00    0.00   22.00
10:39:54 AM    2    0.00    0.00    0.00    0.00    0.00    0.00    0.00    0.00    0.00  100.00
10:39:54 AM    3    0.00    0.00    0.00    0.00    0.00    0.00    0.00    0.00    0.00  100.00
10:39:54 AM    4    0.00    0.00    0.00    0.00    0.00    0.00    0.00    0.00    0.00  100.00
10:39:54 AM    5    0.00    0.00    0.00    0.00    0.00    0.00    0.00    0.00    0.00  100.00
10:39:54 AM    6    0.00    0.00    0.00    0.00    0.00    0.00    0.00    0.00    0.00  100.00
10:39:54 AM    7    0.00    0.00    0.00    0.00    0.00    0.00    0.00    0.00    0.00  100.00

10:39:54 AM  CPU    %usr   %nice    %sys %iowait    %irq   %soft  %steal  %guest  %gnice   %idle
10:39:55 AM  all    1.12    0.00   16.62    0.00    0.00    7.25    0.00    0.00    0.00   75.00
10:39:55 AM    0    4.95    0.00   66.34    0.00    0.00   27.72    0.00    0.00    0.00    0.99
10:39:55 AM    1    4.04    0.00   66.67    0.00    0.00   29.29    0.00    0.00    0.00    0.00
10:39:55 AM    2    0.00    0.00    0.00    0.00    0.00    0.00    0.00    0.00    0.00  100.00
10:39:55 AM    3    0.00    0.00    0.00    0.00    0.00    0.00    0.00    0.00    0.00  100.00
10:39:55 AM    4    0.00    0.00    0.00    0.00    0.00    0.99    0.00    0.00    0.00   99.01
10:39:55 AM    5    0.00    0.00    0.00    0.00    0.00    0.00    0.00    0.00    0.00  100.00
10:39:55 AM    6    0.00    0.00    0.00    0.00    0.00    0.00    0.00    0.00    0.00  100.00
10:39:55 AM    7    0.00    0.00    0.00    0.00    0.00    0.00    0.00    0.00    0.00  100.00

10:39:55 AM  CPU    %usr   %nice    %sys %iowait    %irq   %soft  %steal  %guest  %gnice   %idle
10:39:56 AM  all    1.25    0.00   16.46    0.00    0.00    7.23    0.00    0.00    0.00   75.06
10:39:56 AM    0    6.00    0.00   66.00    0.00    0.00   28.00    0.00    0.00    0.00    0.00
10:39:56 AM    1    4.00    0.00   66.00    0.00    0.00   30.00    0.00    0.00    0.00    0.00
10:39:56 AM    2    0.00    0.00    0.00    0.00    0.00    0.00    0.00    0.00    0.00  100.00
10:39:56 AM    3    0.00    0.00    0.00    0.00    0.00    0.00    0.00    0.00    0.00  100.00
10:39:56 AM    4    0.00    0.00    0.00    0.00    0.00    0.00    0.00    0.00    0.00  100.00
10:39:56 AM    5    0.00    0.00    0.00    0.00    0.00    0.00    0.00    0.00    0.00  100.00
10:39:56 AM    6    0.00    0.00    0.00    0.00    0.00    0.00    0.00    0.00    0.00  100.00
10:39:56 AM    7    0.00    0.00    0.00    0.00    0.00    0.00    0.00    0.00    0.00  100.00

10:39:56 AM  CPU    %usr   %nice    %sys %iowait    %irq   %soft  %steal  %guest  %gnice   %idle
10:39:57 AM  all    1.62    0.00   16.10    0.00    0.25    7.12    0.00    0.00    0.00   74.91
10:39:57 AM    0    6.00    0.00   65.00    0.00    1.00   28.00    0.00    0.00    0.00    0.00
10:39:57 AM    1    6.86    0.00   62.75    0.00    0.98   28.43    0.00    0.00    0.00    0.98
10:39:57 AM    2    0.00    0.00    0.00    0.00    0.00    0.00    0.00    0.00    0.00  100.00
10:39:57 AM    3    0.00    0.00    0.00    0.00    0.00    0.00    0.00    0.00    0.00  100.00
10:39:57 AM    4    0.00    0.00    0.00    0.00    0.00    0.00    0.00    0.00    0.00  100.00
10:39:57 AM    5    0.00    0.00    0.00    0.00    0.00    0.00    0.00    0.00    0.00  100.00
10:39:57 AM    6    0.00    0.00    0.00    0.00    0.00    0.00    0.00    0.00    0.00  100.00
10:39:57 AM    7    0.00    0.00    0.00    0.00    0.00    0.00    0.00    0.00    0.00  100.00

10:39:57 AM  CPU    %usr   %nice    %sys %iowait    %irq   %soft  %steal  %guest  %gnice   %idle
10:39:58 AM  all    1.88    0.00   15.83    0.00    0.00    7.16    0.00    0.00    0.00   75.13
10:39:58 AM    0    6.06    0.00   65.66    0.00    0.00   28.28    0.00    0.00    0.00    0.00
10:39:58 AM    1    9.09    0.00   61.62    0.00    0.00   29.29    0.00    0.00    0.00    0.00
10:39:58 AM    2    0.00    0.00    0.00    0.00    0.00    0.00    0.00    0.00    0.00  100.00
10:39:58 AM    3    0.00    0.00    0.00    0.00    0.00    0.00    0.00    0.00    0.00  100.00
10:39:58 AM    4    0.00    0.00    0.00    0.00    0.00    0.00    0.00    0.00    0.00  100.00
10:39:58 AM    5    0.00    0.00    0.00    0.00    0.00    0.00    0.00    0.00    0.00  100.00
10:39:58 AM    6    0.00    0.00    0.00    0.00    0.00    0.00    0.00    0.00    0.00  100.00
10:39:58 AM    7    0.00    0.00    0.00    0.00    0.00    0.00    0.00    0.00    0.00  100.00

10:39:58 AM  CPU    %usr   %nice    %sys %iowait    %irq   %soft  %steal  %guest  %gnice   %idle
10:39:59 AM  all    1.74    0.00   15.90    0.00    0.00    7.45    0.00    0.00    0.00   74.91
10:39:59 AM    0    5.94    0.00   65.35    0.00    0.00   28.71    0.00    0.00    0.00    0.00
10:39:59 AM    1    8.00    0.00   62.00    0.00    0.00   30.00    0.00    0.00    0.00    0.00
10:39:59 AM    2    0.00    0.00    0.00    0.00    0.00    0.00    0.00    0.00    0.00  100.00
10:39:59 AM    3    0.00    0.00    0.00    0.00    0.00    0.98    0.00    0.00    0.00   99.02
10:39:59 AM    4    0.00    0.00    0.00    0.00    0.00    0.00    0.00    0.00    0.00  100.00
10:39:59 AM    5    0.00    0.00    0.00    0.00    0.00    0.00    0.00    0.00    0.00  100.00
10:39:59 AM    6    0.00    0.00    0.00    0.00    0.00    0.00    0.00    0.00    0.00  100.00
10:39:59 AM    7    0.00    0.00    0.00    0.00    0.00    0.00    0.00    0.00    0.00  100.00

10:39:59 AM  CPU    %usr   %nice    %sys %iowait    %irq   %soft  %steal  %guest  %gnice   %idle
10:40:00 AM  all    1.75    0.00   16.15    0.00    0.00    7.13    0.00    0.00    0.00   74.97
10:40:00 AM    0    6.00    0.00   66.00    0.00    0.00   28.00    0.00    0.00    0.00    0.00
10:40:00 AM    1    8.00    0.00   63.00    0.00    0.00   29.00    0.00    0.00    0.00    0.00
10:40:00 AM    2    0.00    0.00    0.00    0.00    0.00    0.00    0.00    0.00    0.00  100.00
10:40:00 AM    3    0.00    0.00    0.00    0.00    0.00    0.00    0.00    0.00    0.00  100.00
10:40:00 AM    4    0.00    0.00    0.00    0.00    0.00    0.00    0.00    0.00    0.00  100.00
10:40:00 AM    5    0.00    0.00    0.00    0.00    0.00    0.00    0.00    0.00    0.00  100.00
10:40:00 AM    6    0.00    0.00    0.00    0.00    0.00    0.00    0.00    0.00    0.00  100.00
10:40:00 AM    7    0.00    0.00    0.00    0.00    0.00    0.00    0.00    0.00    0.00  100.00

10:40:00 AM  CPU    %usr   %nice    %sys %iowait    %irq   %soft  %steal  %guest  %gnice   %idle
10:40:01 AM  all    1.25    0.00   16.40    0.00    0.25    7.13    0.00    0.00    0.00   74.97
10:40:01 AM    0    5.00    0.00   65.00    0.00    1.00   29.00    0.00    0.00    0.00    0.00
10:40:01 AM    1    5.00    0.00   66.00    0.00    1.00   28.00    0.00    0.00    0.00    0.00
10:40:01 AM    2    0.00    0.00    0.00    0.00    0.00    0.00    0.00    0.00    0.00  100.00
10:40:01 AM    3    0.00    0.00    0.00    0.00    0.00    0.00    0.00    0.00    0.00  100.00
10:40:01 AM    4    0.00    0.00    0.00    0.00    0.00    0.00    0.00    0.00    0.00  100.00
10:40:01 AM    5    0.00    0.00    0.00    0.00    0.00    0.00    0.00    0.00    0.00  100.00
10:40:01 AM    6    0.00    0.00    0.00    0.00    0.00    0.00    0.00    0.00    0.00  100.00
10:40:01 AM    7    0.00    0.00    0.00    0.00    0.00    0.00    0.00    0.00    0.00  100.00

10:40:01 AM  CPU    %usr   %nice    %sys %iowait    %irq   %soft  %steal  %guest  %gnice   %idle
10:40:02 AM  all    1.24    0.00   16.42    0.00    0.00    7.34    0.00    0.00    0.00   75.00
10:40:02 AM    0    4.00    0.00   66.00    0.00    0.00   30.00    0.00    0.00    0.00    0.00
10:40:02 AM    1    5.94    0.00   65.35    0.00    0.00   28.71    0.00    0.00    0.00    0.00
10:40:02 AM    2    0.00    0.00    0.00    0.00    0.00    0.00    0.00    0.00    0.00  100.00
10:40:02 AM    3    0.00    0.00    0.00    0.00    0.00    0.00    0.00    0.00    0.00  100.00
10:40:02 AM    4    0.00    0.00    0.00    0.00    0.00    0.00    0.00    0.00    0.00  100.00
10:40:02 AM    5    0.00    0.00    0.00    0.00    0.00    0.00    0.00    0.00    0.00  100.00
10:40:02 AM    6    0.00    0.00    0.00    0.00    0.00    0.00    0.00    0.00    0.00  100.00
10:40:02 AM    7    0.00    0.00    0.00    0.00    0.00    0.00    0.00    0.00    0.00  100.00

10:40:02 AM  CPU    %usr   %nice    %sys %iowait    %irq   %soft  %steal  %guest  %gnice   %idle
10:40:03 AM  all    1.25    0.00   16.62    0.00    0.00    7.25    0.00    0.00    0.00   74.88
10:40:03 AM    0    4.00    0.00   67.00    0.00    0.00   29.00    0.00    0.00    0.00    0.00
10:40:03 AM    1    6.00    0.00   66.00    0.00    0.00   28.00    0.00    0.00    0.00    0.00
10:40:03 AM    2    0.00    0.00    0.00    0.00    0.00    0.00    0.00    0.00    0.00  100.00
10:40:03 AM    3    0.00    0.00    0.00    0.00    0.00    0.00    0.00    0.00    0.00  100.00
10:40:03 AM    4    0.00    0.00    0.00    0.00    0.00    0.99    0.00    0.00    0.00   99.01
10:40:03 AM    5    0.00    0.00    0.00    0.00    0.00    0.00    0.00    0.00    0.00  100.00
10:40:03 AM    6    0.00    0.00    0.00    0.00    0.00    0.00    0.00    0.00    0.00  100.00
10:40:03 AM    7    0.00    0.00    0.00    0.00    0.00    0.00    0.00    0.00    0.00  100.00

10:40:03 AM  CPU    %usr   %nice    %sys %iowait    %irq   %soft  %steal  %guest  %gnice   %idle
10:40:04 AM  all    1.25    0.00   16.42    0.00    0.00    7.27    0.00    0.00    0.00   75.06
10:40:04 AM    0    5.05    0.00   65.66    0.00    0.00   29.29    0.00    0.00    0.00    0.00
10:40:04 AM    1    5.05    0.00   66.67    0.00    0.00   28.28    0.00    0.00    0.00    0.00
10:40:04 AM    2    0.00    0.00    0.00    0.00    0.00    0.99    0.00    0.00    0.00   99.01
10:40:04 AM    3    0.00    0.00    0.00    0.00    0.00    0.00    0.00    0.00    0.00  100.00
10:40:04 AM    4    0.00    0.00    0.00    0.00    0.00    0.00    0.00    0.00    0.00  100.00
10:40:04 AM    5    0.00    0.00    0.00    0.00    0.00    0.00    0.00    0.00    0.00  100.00
10:40:04 AM    6    0.00    0.00    0.00    0.00    0.00    0.00    0.00    0.00    0.00  100.00
10:40:04 AM    7    0.00    0.00    0.00    0.00    0.00    0.00    0.00    0.00    0.00  100.00

10:40:04 AM  CPU    %usr   %nice    %sys %iowait    %irq   %soft  %steal  %guest  %gnice   %idle
10:40:05 AM  all    1.37    0.00   16.29    0.00    0.25    7.34    0.00    0.00    0.00   74.75
10:40:05 AM    0    3.96    0.00   65.35    0.00    0.99   29.70    0.00    0.00    0.00    0.00
10:40:05 AM    1    6.93    0.00   64.36    0.00    0.99   27.72    0.00    0.00    0.00    0.00
10:40:05 AM    2    0.00    0.00    0.00    0.00    0.00    0.00    0.00    0.00    0.00  100.00
10:40:05 AM    3    0.00    0.00    0.00    0.00    0.00    0.99    0.00    0.00    0.00   99.01
10:40:05 AM    4    0.00    0.00    0.00    0.00    0.00    0.00    0.00    0.00    0.00  100.00
10:40:05 AM    5    0.00    0.00    0.00    0.00    0.00    0.00    0.00    0.00    0.00  100.00
10:40:05 AM    6    0.00    0.00    0.00    0.00    0.00    0.00    0.00    0.00    0.00  100.00
10:40:05 AM    7    0.00    0.00    0.00    0.00    0.00    0.00    0.00    0.00    0.00  100.00

10:40:05 AM  CPU    %usr   %nice    %sys %iowait    %irq   %soft  %steal  %guest  %gnice   %idle
10:40:06 AM  all    1.37    0.00   16.35    0.00    0.00    7.12    0.00    0.00    0.00   75.16
10:40:06 AM    0    4.00    0.00   67.00    0.00    0.00   29.00    0.00    0.00    0.00    0.00
10:40:06 AM    1    7.07    0.00   64.65    0.00    0.00   28.28    0.00    0.00    0.00    0.00
10:40:06 AM    2    0.00    0.00    0.00    0.00    0.00    0.00    0.00    0.00    0.00  100.00
10:40:06 AM    3    0.00    0.00    0.00    0.00    0.00    0.00    0.00    0.00    0.00  100.00
10:40:06 AM    4    0.00    0.00    0.00    0.00    0.00    0.00    0.00    0.00    0.00  100.00
10:40:06 AM    5    0.00    0.00    0.00    0.00    0.00    0.00    0.00    0.00    0.00  100.00
10:40:06 AM    6    0.00    0.00    0.00    0.00    0.00    0.00    0.00    0.00    0.00  100.00
10:40:06 AM    7    0.00    0.00    0.00    0.00    0.00    0.00    0.00    0.00    0.00  100.00

10:40:06 AM  CPU    %usr   %nice    %sys %iowait    %irq   %soft  %steal  %guest  %gnice   %idle
10:40:07 AM  all    1.62    0.00   16.35    0.00    0.00    7.24    0.00    0.00    0.00   74.78
10:40:07 AM    0    6.93    0.00   63.37    0.00    0.00   29.70    0.00    0.00    0.00    0.00
10:40:07 AM    1    5.94    0.00   66.34    0.00    0.00   27.72    0.00    0.00    0.00    0.00
10:40:07 AM    2    0.00    0.00    0.00    0.00    0.00    0.00    0.00    0.00    0.00  100.00
10:40:07 AM    3    0.00    0.00    0.00    0.00    0.00    0.00    0.00    0.00    0.00  100.00
10:40:07 AM    4    0.00    0.00    0.00    0.00    0.00    0.00    0.00    0.00    0.00  100.00
10:40:07 AM    5    0.00    0.00    0.00    0.00    0.00    0.00    0.00    0.00    0.00  100.00
10:40:07 AM    6    0.00    0.00    0.00    0.00    0.00    0.00    0.00    0.00    0.00  100.00
10:40:07 AM    7    0.00    0.00    0.00    0.00    0.00    0.00    0.00    0.00    0.00  100.00

10:40:07 AM  CPU    %usr   %nice    %sys %iowait    %irq   %soft  %steal  %guest  %gnice   %idle
10:40:08 AM  all    1.63    0.00   16.02    0.00    0.00    7.13    0.00    0.00    0.00   75.22
10:40:08 AM    0    7.07    0.00   63.64    0.00    0.00   29.29    0.00    0.00    0.00    0.00
10:40:08 AM    1    6.06    0.00   65.66    0.00    0.00   28.28    0.00    0.00    0.00    0.00
10:40:08 AM    2    0.00    0.00    0.00    0.00    0.00    0.00    0.00    0.00    0.00  100.00
10:40:08 AM    3    0.00    0.00    0.00    0.00    0.00    0.00    0.00    0.00    0.00  100.00
10:40:08 AM    4    0.00    0.00    0.00    0.00    0.00    0.00    0.00    0.00    0.00  100.00
10:40:08 AM    5    0.00    0.00    0.00    0.00    0.00    0.00    0.00    0.00    0.00  100.00
10:40:08 AM    6    0.00    0.00    0.00    0.00    0.00    0.00    0.00    0.00    0.00  100.00
10:40:08 AM    7    0.00    0.00    0.00    0.00    0.00    0.00    0.00    0.00    0.00  100.00

10:40:08 AM  CPU    %usr   %nice    %sys %iowait    %irq   %soft  %steal  %guest  %gnice   %idle
10:40:09 AM  all    1.75    0.00   15.84    0.00    0.25    7.23    0.00    0.00    0.00   74.94
10:40:09 AM    0    5.00    0.00   66.00    0.00    1.00   28.00    0.00    0.00    0.00    0.00
10:40:09 AM    1    8.91    0.00   60.40    0.00    0.99   29.70    0.00    0.00    0.00    0.00
10:40:09 AM    2    0.00    0.00    0.00    0.00    0.00    0.00    0.00    0.00    0.00  100.00
10:40:09 AM    3    0.00    0.00    0.00    0.00    0.00    0.00    0.00    0.00    0.00  100.00
10:40:09 AM    4    0.00    0.00    0.00    0.00    0.00    0.00    0.00    0.00    0.00  100.00
10:40:09 AM    5    0.00    0.00    0.00    0.00    0.00    0.00    0.00    0.00    0.00  100.00
10:40:09 AM    6    0.00    0.00    0.00    0.00    0.00    0.00    0.00    0.00    0.00  100.00
10:40:09 AM    7    0.00    0.00    0.00    0.00    0.00    0.00    0.00    0.00    0.00  100.00

10:40:09 AM  CPU    %usr   %nice    %sys %iowait    %irq   %soft  %steal  %guest  %gnice   %idle
10:40:10 AM  all    1.38    0.00   16.50    0.00    0.00    7.12    0.00    0.00    0.00   75.00
10:40:10 AM    0    5.00    0.00   67.00    0.00    0.00   28.00    0.00    0.00    0.00    0.00
10:40:10 AM    1    6.00    0.00   65.00    0.00    0.00   29.00    0.00    0.00    0.00    0.00
10:40:10 AM    2    0.00    0.00    0.00    0.00    0.00    0.00    0.00    0.00    0.00  100.00
10:40:10 AM    3    0.00    0.00    0.00    0.00    0.00    0.00    0.00    0.00    0.00  100.00
10:40:10 AM    4    0.00    0.00    0.00    0.00    0.00    0.00    0.00    0.00    0.00  100.00
10:40:10 AM    5    0.00    0.00    0.00    0.00    0.00    0.00    0.00    0.00    0.00  100.00
10:40:10 AM    6    0.00    0.00    0.00    0.00    0.00    0.00    0.00    0.00    0.00  100.00
10:40:10 AM    7    0.00    0.00    0.00    0.00    0.00    0.00    0.00    0.00    0.00  100.00

10:40:10 AM  CPU    %usr   %nice    %sys %iowait    %irq   %soft  %steal  %guest  %gnice   %idle
10:40:11 AM  all    1.37    0.00   16.33    0.00    0.12    7.36    0.00    0.00    0.00   74.81
10:40:11 AM    0    6.00    0.00   66.00    0.00    0.00   28.00    0.00    0.00    0.00    0.00
10:40:11 AM    1    5.00    0.00   65.00    0.00    0.00   30.00    0.00    0.00    0.00    0.00
10:40:11 AM    2    0.00    0.00    0.00    0.00    0.00    0.00    0.00    0.00    0.00  100.00
10:40:11 AM    3    0.00    0.00    0.00    0.00    0.99    0.00    0.00    0.00    0.00   99.01
10:40:11 AM    4    0.00    0.00    0.00    0.00    0.00    0.99    0.00    0.00    0.00   99.01
10:40:11 AM    5    0.00    0.00    0.00    0.00    0.00    0.00    0.00    0.00    0.00  100.00
10:40:11 AM    6    0.00    0.00    0.00    0.00    0.00    0.00    0.00    0.00    0.00  100.00
10:40:11 AM    7    0.00    0.00    0.00    0.00    0.00    0.00    0.00    0.00    0.00  100.00

10:40:11 AM  CPU    %usr   %nice    %sys %iowait    %irq   %soft  %steal  %guest  %gnice   %idle
10:40:12 AM  all    1.49    0.00   16.29    0.00    0.00    7.21    0.00    0.00    0.00   75.00
10:40:12 AM    0    4.95    0.00   66.34    0.00    0.00   28.71    0.00    0.00    0.00    0.00
10:40:12 AM    1    7.00    0.00   64.00    0.00    0.00   29.00    0.00    0.00    0.00    0.00
10:40:12 AM    2    0.00    0.00    0.00    0.00    0.00    0.00    0.00    0.00    0.00  100.00
10:40:12 AM    3    0.00    0.00    0.00    0.00    0.00    0.00    0.00    0.00    0.00  100.00
10:40:12 AM    4    0.00    0.00    0.00    0.00    0.00    0.00    0.00    0.00    0.00  100.00
10:40:12 AM    5    0.00    0.00    0.00    0.00    0.00    0.00    0.00    0.00    0.00  100.00
10:40:12 AM    6    0.00    0.00    0.00    0.00    0.00    0.00    0.00    0.00    0.00  100.00
10:40:12 AM    7    0.00    0.00    0.00    0.00    0.00    0.00    0.00    0.00    0.00  100.00

10:40:12 AM  CPU    %usr   %nice    %sys %iowait    %irq   %soft  %steal  %guest  %gnice   %idle
10:40:13 AM  all    1.00    0.00   16.52    0.00    0.13    7.38    0.00    0.00    0.00   74.97
10:40:13 AM    0    5.05    0.00   66.67    0.00    0.00   28.28    0.00    0.00    0.00    0.00
10:40:13 AM    1    3.03    0.00   66.67    0.00    0.00   30.30    0.00    0.00    0.00    0.00
10:40:13 AM    2    0.00    0.00    0.00    0.00    0.00    0.00    0.00    0.00    0.00  100.00
10:40:13 AM    3    0.00    0.00    0.00    0.00    0.00    0.99    0.00    0.00    0.00   99.01
10:40:13 AM    4    0.00    0.00    0.00    0.00    1.00    0.00    0.00    0.00    0.00   99.00
10:40:13 AM    5    0.00    0.00    0.00    0.00    0.00    0.00    0.00    0.00    0.00  100.00
10:40:13 AM    6    0.00    0.00    0.00    0.00    0.00    0.00    0.00    0.00    0.00  100.00
10:40:13 AM    7    0.00    0.00    0.00    0.00    0.00    0.00    0.00    0.00    0.00  100.00

10:40:13 AM  CPU    %usr   %nice    %sys %iowait    %irq   %soft  %steal  %guest  %gnice   %idle
10:40:14 AM  all    1.50    0.00   16.33    0.00    0.25    7.11    0.00    0.00    0.00   74.81
10:40:14 AM    0    6.93    0.00   64.36    0.00    0.99   27.72    0.00    0.00    0.00    0.00
10:40:14 AM    1    4.95    0.00   65.35    0.00    0.99   28.71    0.00    0.00    0.00    0.00
10:40:14 AM    2    0.00    0.00    0.00    0.00    0.00    0.00    0.00    0.00    0.00  100.00
10:40:14 AM    3    0.00    0.00    0.00    0.00    0.00    0.00    0.00    0.00    0.00  100.00
10:40:14 AM    4    0.00    0.00    0.00    0.00    0.00    0.00    0.00    0.00    0.00  100.00
10:40:14 AM    5    0.00    0.00    0.00    0.00    0.00    0.00    0.00    0.00    0.00  100.00
10:40:14 AM    6    0.00    0.00    0.00    0.00    0.00    0.00    0.00    0.00    0.00  100.00
10:40:14 AM    7    0.00    0.00    0.00    0.00    0.00    0.00    0.00    0.00    0.00  100.00

10:40:14 AM  CPU    %usr   %nice    %sys %iowait    %irq   %soft  %steal  %guest  %gnice   %idle
10:40:15 AM  all    1.50    0.00   16.17    0.00    0.00    7.14    0.00    0.00    0.00   75.19
10:40:15 AM    0    9.09    0.00   62.63    0.00    0.00   28.28    0.00    0.00    0.00    0.00
10:40:15 AM    1    3.03    0.00   67.68    0.00    0.00   29.29    0.00    0.00    0.00    0.00
10:40:15 AM    2    0.00    0.00    0.00    0.00    0.00    0.00    0.00    0.00    0.00  100.00
10:40:15 AM    3    0.00    0.00    0.00    0.00    0.00    0.00    0.00    0.00    0.00  100.00
10:40:15 AM    4    0.00    0.00    0.00    0.00    0.00    0.00    0.00    0.00    0.00  100.00
10:40:15 AM    5    0.00    0.00    0.00    0.00    0.00    0.00    0.00    0.00    0.00  100.00
10:40:15 AM    6    0.00    0.00    0.00    0.00    0.00    0.00    0.00    0.00    0.00  100.00
10:40:15 AM    7    0.00    0.00    0.00    0.00    0.00    0.00    0.00    0.00    0.00  100.00

10:40:15 AM  CPU    %usr   %nice    %sys %iowait    %irq   %soft  %steal  %guest  %gnice   %idle
10:40:16 AM  all    2.00    0.00   15.86    0.00    0.00    7.24    0.00    0.00    0.00   74.91
10:40:16 AM    0   10.00    0.00   62.00    0.00    0.00   28.00    0.00    0.00    0.00    0.00
10:40:16 AM    1    5.94    0.00   64.36    0.00    0.00   29.70    0.00    0.00    0.00    0.00
10:40:16 AM    2    0.00    0.00    0.00    0.00    0.00    0.00    0.00    0.00    0.00  100.00
10:40:16 AM    3    0.00    0.00    0.00    0.00    0.00    0.00    0.00    0.00    0.00  100.00
10:40:16 AM    4    0.00    0.00    0.00    0.00    0.00    0.00    0.00    0.00    0.00  100.00
10:40:16 AM    5    0.00    0.00    0.00    0.00    0.00    0.00    0.00    0.00    0.00  100.00
10:40:16 AM    6    0.00    0.00    0.00    0.00    0.00    0.00    0.00    0.00    0.00  100.00
10:40:16 AM    7    0.00    0.00    0.00    0.00    0.00    0.00    0.00    0.00    0.00  100.00

10:40:16 AM  CPU    %usr   %nice    %sys %iowait    %irq   %soft  %steal  %guest  %gnice   %idle
10:40:17 AM  all    1.50    0.00   16.23    0.00    0.00    7.24    0.00    0.00    0.00   75.03
10:40:17 AM    0    5.00    0.00   65.00    0.00    0.00   30.00    0.00    0.00    0.00    0.00
10:40:17 AM    1    7.00    0.00   65.00    0.00    0.00   28.00    0.00    0.00    0.00    0.00
10:40:17 AM    2    0.00    0.00    0.00    0.00    0.00    0.00    0.00    0.00    0.00  100.00
10:40:17 AM    3    0.00    0.00    0.00    0.00    0.00    0.00    0.00    0.00    0.00  100.00
10:40:17 AM    4    0.00    0.00    0.00    0.00    0.00    0.00    0.00    0.00    0.00  100.00
10:40:17 AM    5    0.00    0.00    0.00    0.00    0.00    0.00    0.00    0.00    0.00  100.00
10:40:17 AM    6    0.00    0.00    0.00    0.00    0.00    0.00    0.00    0.00    0.00  100.00
10:40:17 AM    7    0.00    0.00    0.00    0.00    0.00    0.00    0.00    0.00    0.00  100.00

10:40:17 AM  CPU    %usr   %nice    %sys %iowait    %irq   %soft  %steal  %guest  %gnice   %idle
10:40:18 AM  all    1.12    0.00   16.67    0.00    0.25    7.34    0.00    0.00    0.00   74.63
10:40:18 AM    0    3.92    0.00   65.69    0.00    0.98   29.41    0.00    0.00    0.00    0.00
10:40:18 AM    1    4.95    0.00   66.34    0.00    0.99   27.72    0.00    0.00    0.00    0.00
10:40:18 AM    2    0.00    0.00    0.00    0.00    0.00    0.00    0.00    0.00    0.00  100.00
10:40:18 AM    3    0.00    0.00    0.00    0.00    0.00    0.00    0.00    0.00    0.00  100.00
10:40:18 AM    4    0.00    0.00    0.00    0.00    0.00    0.99    0.00    0.00    0.00   99.01
10:40:18 AM    5    0.00    0.00    0.00    0.00    0.00    0.00    0.00    0.00    0.00  100.00
10:40:18 AM    6    0.00    0.00    0.00    0.00    0.00    0.00    0.00    0.00    0.00  100.00
10:40:18 AM    7    0.00    0.00    0.00    0.00    0.00    0.00    0.00    0.00    0.00  100.00

10:40:18 AM  CPU    %usr   %nice    %sys %iowait    %irq   %soft  %steal  %guest  %gnice   %idle
10:40:19 AM  all    1.24    0.00   16.52    0.00    0.00    7.08    0.00    0.00    0.00   75.16
10:40:19 AM    0    4.95    0.00   66.34    0.00    0.00   27.72    0.00    0.00    0.00    0.99
10:40:19 AM    1    4.95    0.00   65.35    0.00    0.00   28.71    0.00    0.00    0.00    0.99
10:40:19 AM    2    0.00    0.00    0.00    0.00    0.00    0.00    0.00    0.00    0.00  100.00
10:40:19 AM    3    0.00    0.00    0.00    0.00    0.00    0.00    0.00    0.00    0.00  100.00
10:40:19 AM    4    0.00    0.00    0.00    0.00    0.00    0.00    0.00    0.00    0.00  100.00
10:40:19 AM    5    0.00    0.00    0.00    0.00    0.00    0.00    0.00    0.00    0.00  100.00
10:40:19 AM    6    0.00    0.00    0.00    0.00    0.00    0.00    0.00    0.00    0.00  100.00
10:40:19 AM    7    0.00    0.00    0.00    0.00    0.00    0.00    0.00    0.00    0.00  100.00

10:40:19 AM  CPU    %usr   %nice    %sys %iowait    %irq   %soft  %steal  %guest  %gnice   %idle
10:40:20 AM  all    0.75    0.00   16.79    0.00    0.00    7.39    0.00    0.00    0.00   75.06
10:40:20 AM    0    3.03    0.00   68.69    0.00    0.00   28.28    0.00    0.00    0.00    0.00
10:40:20 AM    1    3.03    0.00   66.67    0.00    0.00   30.30    0.00    0.00    0.00    0.00
10:40:20 AM    2    0.00    0.00    0.00    0.00    0.00    0.00    0.00    0.00    0.00  100.00
10:40:20 AM    3    0.00    0.00    0.00    0.00    0.00    0.99    0.00    0.00    0.00   99.01
10:40:20 AM    4    0.00    0.00    0.00    0.00    0.00    0.00    0.00    0.00    0.00  100.00
10:40:20 AM    5    0.00    0.00    0.00    0.00    0.00    0.00    0.00    0.00    0.00  100.00
10:40:20 AM    6    0.00    0.00    0.00    0.00    0.00    0.00    0.00    0.00    0.00  100.00
10:40:20 AM    7    0.00    0.00    0.00    0.00    0.00    0.00    0.00    0.00    0.00  100.00

10:40:20 AM  CPU    %usr   %nice    %sys %iowait    %irq   %soft  %steal  %guest  %gnice   %idle
10:40:21 AM  all    1.12    0.00   16.62    0.00    0.00    7.25    0.00    0.00    0.00   75.00
10:40:21 AM    0    4.95    0.00   66.34    0.00    0.00   28.71    0.00    0.00    0.00    0.00
10:40:21 AM    1    4.04    0.00   66.67    0.00    0.00   29.29    0.00    0.00    0.00    0.00
10:40:21 AM    2    0.00    0.00    0.00    0.00    0.00    0.00    0.00    0.00    0.00  100.00
10:40:21 AM    3    0.00    0.00    0.00    0.00    0.00    0.00    0.00    0.00    0.00  100.00
10:40:21 AM    4    0.00    0.00    0.00    0.00    0.00    0.00    0.00    0.00    0.00  100.00
10:40:21 AM    5    0.00    0.00    0.00    0.00    0.00    0.00    0.00    0.00    0.00  100.00
10:40:21 AM    6    0.00    0.00    0.00    0.00    0.00    0.00    0.00    0.00    0.00  100.00
10:40:21 AM    7    0.00    0.00    0.00    0.00    0.00    0.00    0.00    0.00    0.00  100.00

10:40:21 AM  CPU    %usr   %nice    %sys %iowait    %irq   %soft  %steal  %guest  %gnice   %idle
10:40:22 AM  all    0.87    0.00   16.81    0.00    0.25    7.22    0.00    0.00    0.00   74.84
10:40:22 AM    0    3.03    0.00   67.68    0.00    1.01   28.28    0.00    0.00    0.00    0.00
10:40:22 AM    1    3.88    0.00   66.02    0.00    0.97   29.13    0.00    0.00    0.00    0.00
10:40:22 AM    2    0.00    0.00    0.00    0.00    0.00    0.00    0.00    0.00    0.00  100.00
10:40:22 AM    3    0.00    0.00    0.00    0.00    0.00    0.00    0.00    0.00    0.00  100.00
10:40:22 AM    4    0.00    0.00    0.00    0.00    0.00    0.00    0.00    0.00    0.00  100.00
10:40:22 AM    5    0.00    0.00    0.00    0.00    0.00    0.00    0.00    0.00    0.00  100.00
10:40:22 AM    6    0.00    0.00    0.00    0.00    0.00    0.00    0.00    0.00    0.00  100.00
10:40:22 AM    7    0.00    0.00    0.00    0.00    0.00    0.00    0.00    0.00    0.00  100.00

10:40:22 AM  CPU    %usr   %nice    %sys %iowait    %irq   %soft  %steal  %guest  %gnice   %idle
10:40:23 AM  all    0.88    0.00   16.88    0.00    0.00    7.12    0.00    0.00    0.00   75.12
10:40:23 AM    0    3.96    0.00   68.32    0.00    0.00   27.72    0.00    0.00    0.00    0.00
10:40:23 AM    1    3.06    0.00   67.35    0.00    0.00   29.59    0.00    0.00    0.00    0.00
10:40:23 AM    2    0.00    0.00    0.00    0.00    0.00    0.00    0.00    0.00    0.00  100.00
10:40:23 AM    3    0.00    0.00    0.00    0.00    0.00    0.00    0.00    0.00    0.00  100.00
10:40:23 AM    4    0.00    0.00    0.00    0.00    0.00    0.00    0.00    0.00    0.00  100.00
10:40:23 AM    5    0.00    0.00    0.00    0.00    0.00    0.00    0.00    0.00    0.00  100.00
10:40:23 AM    6    0.00    0.00    0.00    0.00    0.00    0.00    0.00    0.00    0.00  100.00
10:40:23 AM    7    0.00    0.00    0.00    0.00    0.00    0.00    0.00    0.00    0.00  100.00

Average:     CPU    %usr   %nice    %sys %iowait    %irq   %soft  %steal  %guest  %gnice   %idle
Average:     all    1.37    0.00   16.23    0.00    0.07    7.17    0.00    0.00    0.00   75.16
Average:       0    5.33    0.00   65.25    0.00    0.23   28.40    0.00    0.00    0.00    0.80
Average:       1    5.60    0.00   64.66    0.00    0.23   28.71    0.00    0.00    0.00    0.80
Average:       2    0.00    0.00    0.00    0.00    0.00    0.03    0.00    0.00    0.00   99.97
Average:       3    0.00    0.00    0.00    0.00    0.03    0.13    0.00    0.00    0.00   99.83
Average:       4    0.00    0.00    0.00    0.00    0.03    0.13    0.00    0.00    0.00   99.83
Average:       5    0.00    0.00    0.00    0.00    0.00    0.00    0.00    0.00    0.00  100.00
Average:       6    0.00    0.00    0.00    0.00    0.00    0.00    0.00    0.00    0.00  100.00
Average:       7    0.00    0.00    0.00    0.00    0.00    0.00    0.00    0.00    0.00  100.00
