Linux 7.2.0-rc1 (hp5) 	07/08/2026 	_x86_64_	(8 CPU)

09:16:36 AM  CPU    %usr   %nice    %sys %iowait    %irq   %soft  %steal  %guest  %gnice   %idle
09:16:37 AM  all    0.00    0.00   12.50    0.00    0.25   18.38    0.00    0.00    0.00   68.88
09:16:37 AM    0    0.00    0.00    0.00    0.00    1.00   73.00    0.00    0.00    0.00   26.00
09:16:37 AM    1    0.00    0.00    0.00    0.00    1.00   74.00    0.00    0.00    0.00   25.00
09:16:37 AM    2    0.00    0.00  100.00    0.00    0.00    0.00    0.00    0.00    0.00    0.00
09:16:37 AM    3    0.00    0.00    0.00    0.00    0.00    0.00    0.00    0.00    0.00  100.00
09:16:37 AM    4    0.00    0.00    0.00    0.00    0.00    0.00    0.00    0.00    0.00  100.00
09:16:37 AM    5    0.00    0.00    0.00    0.00    0.00    0.00    0.00    0.00    0.00  100.00
09:16:37 AM    6    0.00    0.00    0.00    0.00    0.00    0.00    0.00    0.00    0.00  100.00
09:16:37 AM    7    0.00    0.00    0.00    0.00    0.00    0.00    0.00    0.00    0.00  100.00

09:16:37 AM  CPU    %usr   %nice    %sys %iowait    %irq   %soft  %steal  %guest  %gnice   %idle
09:16:38 AM  all    0.00    0.00   12.50    0.00    0.00   19.75    0.00    0.00    0.00   67.75
09:16:38 AM    0    0.00    0.00    0.00    0.00    0.00   87.00    0.00    0.00    0.00   13.00
09:16:38 AM    1    0.00    0.00    0.00    0.00    0.00   71.00    0.00    0.00    0.00   29.00
09:16:38 AM    2    0.00    0.00  100.00    0.00    0.00    0.00    0.00    0.00    0.00    0.00
09:16:38 AM    3    0.00    0.00    0.00    0.00    0.00    0.00    0.00    0.00    0.00  100.00
09:16:38 AM    4    0.00    0.00    0.00    0.00    0.00    0.00    0.00    0.00    0.00  100.00
09:16:38 AM    5    0.00    0.00    0.00    0.00    0.00    0.00    0.00    0.00    0.00  100.00
09:16:38 AM    6    0.00    0.00    0.00    0.00    0.00    0.00    0.00    0.00    0.00  100.00
09:16:38 AM    7    0.00    0.00    0.00    0.00    0.00    0.00    0.00    0.00    0.00  100.00

09:16:38 AM  CPU    %usr   %nice    %sys %iowait    %irq   %soft  %steal  %guest  %gnice   %idle
09:16:39 AM  all    0.00    0.00   12.48    0.00    0.00   18.48    0.00    0.00    0.00   69.04
09:16:39 AM    0    0.00    0.00    0.00    0.00    0.00   77.00    0.00    0.00    0.00   23.00
09:16:39 AM    1    0.00    0.00    0.00    0.00    0.00   71.72    0.00    0.00    0.00   28.28
09:16:39 AM    2    0.00    0.00  100.00    0.00    0.00    0.00    0.00    0.00    0.00    0.00
09:16:39 AM    3    0.00    0.00    0.00    0.00    0.00    0.00    0.00    0.00    0.00  100.00
09:16:39 AM    4    0.00    0.00    0.00    0.00    0.00    0.00    0.00    0.00    0.00  100.00
09:16:39 AM    5    0.00    0.00    0.00    0.00    0.00    0.00    0.00    0.00    0.00  100.00
09:16:39 AM    6    0.00    0.00    0.00    0.00    0.00    0.00    0.00    0.00    0.00  100.00
09:16:39 AM    7    0.00    0.00    0.00    0.00    0.00    0.00    0.00    0.00    0.00  100.00

09:16:39 AM  CPU    %usr   %nice    %sys %iowait    %irq   %soft  %steal  %guest  %gnice   %idle
09:16:40 AM  all    0.00    0.00   12.53    0.00    0.13   16.04    0.00    0.00    0.00   71.30
09:16:40 AM    0    0.00    0.00    0.00    0.00    1.00   28.00    0.00    0.00    0.00   71.00
09:16:40 AM    1    0.00    0.00    0.00    0.00    0.00  100.00    0.00    0.00    0.00    0.00
09:16:40 AM    2    0.00    0.00  100.00    0.00    0.00    0.00    0.00    0.00    0.00    0.00
09:16:40 AM    3    0.00    0.00    0.00    0.00    0.00    0.00    0.00    0.00    0.00  100.00
09:16:40 AM    4    0.00    0.00    0.00    0.00    0.00    0.00    0.00    0.00    0.00  100.00
09:16:40 AM    5    0.00    0.00    0.00    0.00    0.00    0.00    0.00    0.00    0.00  100.00
09:16:40 AM    6    0.00    0.00    0.00    0.00    0.00    0.00    0.00    0.00    0.00  100.00
09:16:40 AM    7    0.00    0.00    0.00    0.00    0.00    0.00    0.00    0.00    0.00  100.00

09:16:40 AM  CPU    %usr   %nice    %sys %iowait    %irq   %soft  %steal  %guest  %gnice   %idle
09:16:41 AM  all    0.00    0.00   12.47    0.00    0.12   19.33    0.00    0.00    0.00   68.08
09:16:41 AM    0    0.00    0.00    0.00    0.00    0.00   97.00    0.00    0.00    0.00    3.00
09:16:41 AM    1    0.00    0.00    0.00    0.00    0.98   56.86    0.00    0.00    0.00   42.16
09:16:41 AM    2    0.00    0.00  100.00    0.00    0.00    0.00    0.00    0.00    0.00    0.00
09:16:41 AM    3    0.00    0.00    0.00    0.00    0.00    0.00    0.00    0.00    0.00  100.00
09:16:41 AM    4    0.00    0.00    0.00    0.00    0.00    0.00    0.00    0.00    0.00  100.00
09:16:41 AM    5    0.00    0.00    0.00    0.00    0.00    0.00    0.00    0.00    0.00  100.00
09:16:41 AM    6    0.00    0.00    0.00    0.00    0.00    0.00    0.00    0.00    0.00  100.00
09:16:41 AM    7    0.00    0.00    0.00    0.00    0.00    0.00    0.00    0.00    0.00  100.00

09:16:41 AM  CPU    %usr   %nice    %sys %iowait    %irq   %soft  %steal  %guest  %gnice   %idle
09:16:42 AM  all    0.00    0.00   12.50    0.12    0.00   12.50    0.00    0.00    0.00   74.88
09:16:42 AM    0    0.00    0.00    0.00    0.00    0.00  100.00    0.00    0.00    0.00    0.00
09:16:42 AM    1    0.00    0.00    0.00    1.00    0.00    0.00    0.00    0.00    0.00   99.00
09:16:42 AM    2    0.00    0.00  100.00    0.00    0.00    0.00    0.00    0.00    0.00    0.00
09:16:42 AM    3    0.00    0.00    0.00    0.00    0.00    0.00    0.00    0.00    0.00  100.00
09:16:42 AM    4    0.00    0.00    0.00    0.00    0.00    0.00    0.00    0.00    0.00  100.00
09:16:42 AM    5    0.00    0.00    0.00    0.00    0.00    0.00    0.00    0.00    0.00  100.00
09:16:42 AM    6    0.00    0.00    0.00    0.00    0.00    0.00    0.00    0.00    0.00  100.00
09:16:42 AM    7    0.00    0.00    0.00    0.00    0.00    0.00    0.00    0.00    0.00  100.00

09:16:42 AM  CPU    %usr   %nice    %sys %iowait    %irq   %soft  %steal  %guest  %gnice   %idle
09:16:43 AM  all    0.00    0.00   12.50    0.00    0.12   17.25    0.00    0.00    0.00   70.12
09:16:43 AM    0    0.00    0.00    0.00    0.00    1.00   99.00    0.00    0.00    0.00    0.00
09:16:43 AM    1    0.00    0.00    0.00    0.00    0.00   39.00    0.00    0.00    0.00   61.00
09:16:43 AM    2    0.00    0.00  100.00    0.00    0.00    0.00    0.00    0.00    0.00    0.00
09:16:43 AM    3    0.00    0.00    0.00    0.00    0.00    0.00    0.00    0.00    0.00  100.00
09:16:43 AM    4    0.00    0.00    0.00    0.00    0.00    0.00    0.00    0.00    0.00  100.00
09:16:43 AM    5    0.00    0.00    0.00    0.00    0.00    0.00    0.00    0.00    0.00  100.00
09:16:43 AM    6    0.00    0.00    0.00    0.00    0.00    0.00    0.00    0.00    0.00  100.00
09:16:43 AM    7    0.00    0.00    0.00    0.00    0.00    0.00    0.00    0.00    0.00  100.00

09:16:43 AM  CPU    %usr   %nice    %sys %iowait    %irq   %soft  %steal  %guest  %gnice   %idle
09:16:44 AM  all    0.00    0.00   12.48    0.00    0.00   17.10    0.00    0.00    0.00   70.41
09:16:44 AM    0    0.00    0.00    0.00    0.00    0.00  100.00    0.00    0.00    0.00    0.00
09:16:44 AM    1    0.00    0.00    0.00    0.00    0.00   36.63    0.00    0.00    0.00   63.37
09:16:44 AM    2    0.00    0.00  100.00    0.00    0.00    0.00    0.00    0.00    0.00    0.00
09:16:44 AM    3    0.00    0.00    0.00    0.00    0.00    0.00    0.00    0.00    0.00  100.00
09:16:44 AM    4    0.00    0.00    0.00    0.00    0.00    0.00    0.00    0.00    0.00  100.00
09:16:44 AM    5    0.00    0.00    0.00    0.00    0.00    0.00    0.00    0.00    0.00  100.00
09:16:44 AM    6    0.00    0.00    0.00    0.00    0.00    0.00    0.00    0.00    0.00  100.00
09:16:44 AM    7    0.00    0.00    0.00    0.00    0.00    0.00    0.00    0.00    0.00  100.00

09:16:44 AM  CPU    %usr   %nice    %sys %iowait    %irq   %soft  %steal  %guest  %gnice   %idle
09:16:45 AM  all    0.00    0.00   12.52    0.00    0.00   17.84    0.00    0.00    0.00   69.64
09:16:45 AM    0    0.00    0.00    0.00    0.00    0.00  100.00    0.00    0.00    0.00    0.00
09:16:45 AM    1    0.00    0.00    0.00    0.00    0.00   43.56    0.00    0.00    0.00   56.44
09:16:45 AM    2    0.00    0.00  100.00    0.00    0.00    0.00    0.00    0.00    0.00    0.00
09:16:45 AM    3    0.00    0.00    0.00    0.00    0.00    0.00    0.00    0.00    0.00  100.00
09:16:45 AM    4    0.00    0.00    0.00    0.00    0.00    0.00    0.00    0.00    0.00  100.00
09:16:45 AM    5    0.00    0.00    0.00    0.00    0.00    0.00    0.00    0.00    0.00  100.00
09:16:45 AM    6    0.00    0.00    0.00    0.00    0.00    0.00    0.00    0.00    0.00  100.00
09:16:45 AM    7    0.00    0.00    0.00    0.00    0.00    0.00    0.00    0.00    0.00  100.00

09:16:45 AM  CPU    %usr   %nice    %sys %iowait    %irq   %soft  %steal  %guest  %gnice   %idle
09:16:46 AM  all    0.00    0.00   12.33    0.00    0.12   19.68    0.00    0.00    0.00   67.87
09:16:46 AM    0    0.00    0.00    0.00    0.00    0.99   72.28    0.00    0.00    0.00   26.73
09:16:46 AM    1    0.00    0.00    0.00    0.00    0.00   82.52    0.00    0.00    0.00   17.48
09:16:46 AM    2    0.00    0.00  100.00    0.00    0.00    0.00    0.00    0.00    0.00    0.00
09:16:46 AM    3    0.00    0.00    0.00    0.00    0.00    0.00    0.00    0.00    0.00  100.00
09:16:46 AM    4    0.00    0.00    0.00    0.00    0.00    0.00    0.00    0.00    0.00  100.00
09:16:46 AM    5    0.00    0.00    0.00    0.00    0.00    0.00    0.00    0.00    0.00  100.00
09:16:46 AM    6    0.00    0.00    0.00    0.00    0.00    0.00    0.00    0.00    0.00  100.00
09:16:46 AM    7    0.00    0.00    0.00    0.00    0.00    0.00    0.00    0.00    0.00  100.00

09:16:46 AM  CPU    %usr   %nice    %sys %iowait    %irq   %soft  %steal  %guest  %gnice   %idle
09:16:47 AM  all    0.00    0.00   12.70    0.00    0.12   17.19    0.00    0.00    0.00   69.99
09:16:47 AM    0    0.00    0.00    0.99    0.00    0.00   64.36    0.00    0.00    0.00   34.65
09:16:47 AM    1    0.00    0.00    0.00    0.00    0.99   72.28    0.00    0.00    0.00   26.73
09:16:47 AM    2    0.00    0.00  100.00    0.00    0.00    0.00    0.00    0.00    0.00    0.00
09:16:47 AM    3    0.00    0.00    0.00    0.00    0.00    0.00    0.00    0.00    0.00  100.00
09:16:47 AM    4    0.00    0.00    0.00    0.00    0.00    0.00    0.00    0.00    0.00  100.00
09:16:47 AM    5    0.00    0.00    0.00    0.00    0.00    0.00    0.00    0.00    0.00  100.00
09:16:47 AM    6    0.00    0.00    0.00    0.00    0.00    0.00    0.00    0.00    0.00  100.00
09:16:47 AM    7    0.00    0.00    0.00    0.00    0.00    0.00    0.00    0.00    0.00  100.00

09:16:47 AM  CPU    %usr   %nice    %sys %iowait    %irq   %soft  %steal  %guest  %gnice   %idle
09:16:48 AM  all    0.12    0.00   12.61    0.00    0.00   19.85    0.00    0.00    0.00   67.42
09:16:48 AM    0    1.01    0.00    1.01    0.00    0.00   59.60    0.00    0.00    0.00   38.38
09:16:48 AM    1    0.00    0.00    0.00    0.00    0.00  100.00    0.00    0.00    0.00    0.00
09:16:48 AM    2    0.00    0.00  100.00    0.00    0.00    0.00    0.00    0.00    0.00    0.00
09:16:48 AM    3    0.00    0.00    0.00    0.00    0.00    0.00    0.00    0.00    0.00  100.00
09:16:48 AM    4    0.00    0.00    0.00    0.00    0.00    0.00    0.00    0.00    0.00  100.00
09:16:48 AM    5    0.00    0.00    0.00    0.00    0.00    0.00    0.00    0.00    0.00  100.00
09:16:48 AM    6    0.00    0.00    0.00    0.00    0.00    0.00    0.00    0.00    0.00  100.00
09:16:48 AM    7    0.00    0.00    0.00    0.00    0.00    0.00    0.00    0.00    0.00  100.00

09:16:48 AM  CPU    %usr   %nice    %sys %iowait    %irq   %soft  %steal  %guest  %gnice   %idle
09:16:49 AM  all    0.00    0.00   12.52    0.00    0.13   21.78    0.00    0.00    0.00   65.58
09:16:49 AM    0    0.00    0.00    0.00    0.00    0.99   87.13    0.00    0.00    0.00   11.88
09:16:49 AM    1    0.00    0.00    0.00    0.00    0.00   86.00    0.00    0.00    0.00   14.00
09:16:49 AM    2    0.00    0.00  100.00    0.00    0.00    0.00    0.00    0.00    0.00    0.00
09:16:49 AM    3    0.00    0.00    0.00    0.00    0.00    0.00    0.00    0.00    0.00  100.00
09:16:49 AM    4    0.00    0.00    0.00    0.00    0.00    0.00    0.00    0.00    0.00  100.00
09:16:49 AM    5    0.00    0.00    0.00    0.00    0.00    0.00    0.00    0.00    0.00  100.00
09:16:49 AM    6    0.00    0.00    0.00    0.00    0.00    0.00    0.00    0.00    0.00  100.00
09:16:49 AM    7    0.00    0.00    0.00    0.00    0.00    0.00    0.00    0.00    0.00  100.00

09:16:49 AM  CPU    %usr   %nice    %sys %iowait    %irq   %soft  %steal  %guest  %gnice   %idle
09:16:50 AM  all    0.00    0.00   12.53    0.00    0.00   14.04    0.00    0.00    0.00   73.43
09:16:50 AM    0    0.00    0.00    0.00    0.00    0.00   69.70    0.00    0.00    0.00   30.30
09:16:50 AM    1    0.00    0.00    0.00    0.00    0.00   43.43    0.00    0.00    0.00   56.57
09:16:50 AM    2    0.00    0.00  100.00    0.00    0.00    0.00    0.00    0.00    0.00    0.00
09:16:50 AM    3    0.00    0.00    0.00    0.00    0.00    0.00    0.00    0.00    0.00  100.00
09:16:50 AM    4    0.00    0.00    0.00    0.00    0.00    0.00    0.00    0.00    0.00  100.00
09:16:50 AM    5    0.00    0.00    0.00    0.00    0.00    0.00    0.00    0.00    0.00  100.00
09:16:50 AM    6    0.00    0.00    0.00    0.00    0.00    0.00    0.00    0.00    0.00  100.00
09:16:50 AM    7    0.00    0.00    0.00    0.00    0.00    0.00    0.00    0.00    0.00  100.00

09:16:50 AM  CPU    %usr   %nice    %sys %iowait    %irq   %soft  %steal  %guest  %gnice   %idle
09:16:51 AM  all    0.00    0.00   12.48    0.00    0.12   20.47    0.00    0.00    0.00   66.92
09:16:51 AM    0    0.00    0.00    0.00    0.00    0.00   64.00    0.00    0.00    0.00   36.00
09:16:51 AM    1    0.00    0.00    0.00    0.00    0.99   99.01    0.00    0.00    0.00    0.00
09:16:51 AM    2    0.00    0.00  100.00    0.00    0.00    0.00    0.00    0.00    0.00    0.00
09:16:51 AM    3    0.00    0.00    0.00    0.00    0.00    0.00    0.00    0.00    0.00  100.00
09:16:51 AM    4    0.00    0.00    0.00    0.00    0.00    0.00    0.00    0.00    0.00  100.00
09:16:51 AM    5    0.00    0.00    0.00    0.00    0.00    0.00    0.00    0.00    0.00  100.00
09:16:51 AM    6    0.00    0.00    0.00    0.00    0.00    0.00    0.00    0.00    0.00  100.00
09:16:51 AM    7    0.00    0.00    0.00    0.00    0.00    0.00    0.00    0.00    0.00  100.00

09:16:51 AM  CPU    %usr   %nice    %sys %iowait    %irq   %soft  %steal  %guest  %gnice   %idle
09:16:52 AM  all    0.00    0.00   12.42    0.00    0.12   17.76    0.00    0.00    0.00   69.69
09:16:52 AM    0    0.00    0.00    0.00    0.00    0.99   42.57    0.00    0.00    0.00   56.44
09:16:52 AM    1    0.00    0.00    0.00    0.00    0.00  100.00    0.00    0.00    0.00    0.00
09:16:52 AM    2    0.00    0.00  100.00    0.00    0.00    0.00    0.00    0.00    0.00    0.00
09:16:52 AM    3    0.00    0.00    0.00    0.00    0.00    0.00    0.00    0.00    0.00  100.00
09:16:52 AM    4    0.00    0.00    0.00    0.00    0.00    0.00    0.00    0.00    0.00  100.00
09:16:52 AM    5    0.00    0.00    0.00    0.00    0.00    0.00    0.00    0.00    0.00  100.00
09:16:52 AM    6    0.00    0.00    0.00    0.00    0.00    0.00    0.00    0.00    0.00  100.00
09:16:52 AM    7    0.00    0.00    0.00    0.00    0.00    0.00    0.00    0.00    0.00  100.00

09:16:52 AM  CPU    %usr   %nice    %sys %iowait    %irq   %soft  %steal  %guest  %gnice   %idle
09:16:53 AM  all    0.25    0.00   12.75    0.00    0.12   20.00    0.00    0.00    0.00   66.88
09:16:53 AM    0    1.00    0.00    1.00    0.00    0.00   61.00    0.00    0.00    0.00   37.00
09:16:53 AM    1    0.98    0.00    0.98    0.00    0.98   97.06    0.00    0.00    0.00    0.00
09:16:53 AM    2    0.00    0.00  100.00    0.00    0.00    0.00    0.00    0.00    0.00    0.00
09:16:53 AM    3    0.00    0.00    0.00    0.00    0.00    0.00    0.00    0.00    0.00  100.00
09:16:53 AM    4    0.00    0.00    0.00    0.00    0.00    0.00    0.00    0.00    0.00  100.00
09:16:53 AM    5    0.00    0.00    0.00    0.00    0.00    0.00    0.00    0.00    0.00  100.00
09:16:53 AM    6    0.00    0.00    0.00    0.00    0.00    0.00    0.00    0.00    0.00  100.00
09:16:53 AM    7    0.00    0.00    0.00    0.00    0.00    0.00    0.00    0.00    0.00  100.00

09:16:53 AM  CPU    %usr   %nice    %sys %iowait    %irq   %soft  %steal  %guest  %gnice   %idle
09:16:54 AM  all    0.00    0.00   12.67    0.00    0.00   17.76    0.00    0.00    0.00   69.57
09:16:54 AM    0    0.00    0.00    0.99    0.00    0.00   42.57    0.00    0.00    0.00   56.44
09:16:54 AM    1    0.00    0.00    0.00    0.00    0.00  100.00    0.00    0.00    0.00    0.00
09:16:54 AM    2    0.00    0.00  100.00    0.00    0.00    0.00    0.00    0.00    0.00    0.00
09:16:54 AM    3    0.00    0.00    0.00    0.00    0.00    0.00    0.00    0.00    0.00  100.00
09:16:54 AM    4    0.00    0.00    0.00    0.00    0.00    0.00    0.00    0.00    0.00  100.00
09:16:54 AM    5    0.00    0.00    0.00    0.00    0.00    0.00    0.00    0.00    0.00  100.00
09:16:54 AM    6    0.00    0.00    0.00    0.00    0.00    0.00    0.00    0.00    0.00  100.00
09:16:54 AM    7    0.00    0.00    0.00    0.00    0.00    0.00    0.00    0.00    0.00  100.00

09:16:54 AM  CPU    %usr   %nice    %sys %iowait    %irq   %soft  %steal  %guest  %gnice   %idle
09:16:55 AM  all    0.00    0.00   12.50    0.00    0.12   20.75    0.00    0.00    0.00   66.62
09:16:55 AM    0    0.00    0.00    0.00    0.00    1.00   85.00    0.00    0.00    0.00   14.00
09:16:55 AM    1    0.00    0.00    0.00    0.00    0.00   81.00    0.00    0.00    0.00   19.00
09:16:55 AM    2    0.00    0.00  100.00    0.00    0.00    0.00    0.00    0.00    0.00    0.00
09:16:55 AM    3    0.00    0.00    0.00    0.00    0.00    0.00    0.00    0.00    0.00  100.00
09:16:55 AM    4    0.00    0.00    0.00    0.00    0.00    0.00    0.00    0.00    0.00  100.00
09:16:55 AM    5    0.00    0.00    0.00    0.00    0.00    0.00    0.00    0.00    0.00  100.00
09:16:55 AM    6    0.00    0.00    0.00    0.00    0.00    0.00    0.00    0.00    0.00  100.00
09:16:55 AM    7    0.00    0.00    0.00    0.00    0.00    0.00    0.00    0.00    0.00  100.00

09:16:55 AM  CPU    %usr   %nice    %sys %iowait    %irq   %soft  %steal  %guest  %gnice   %idle
09:16:56 AM  all    0.00    0.00   12.44    0.00    0.00   20.27    0.00    0.00    0.00   67.29
09:16:56 AM    0    0.00    0.00    0.00    0.00    0.00   70.30    0.00    0.00    0.00   29.70
09:16:56 AM    1    0.00    0.00    0.00    0.00    0.00   91.09    0.00    0.00    0.00    8.91
09:16:56 AM    2    0.00    0.00  100.00    0.00    0.00    0.00    0.00    0.00    0.00    0.00
09:16:56 AM    3    0.00    0.00    0.00    0.00    0.00    0.00    0.00    0.00    0.00  100.00
09:16:56 AM    4    0.00    0.00    0.00    0.00    0.00    0.00    0.00    0.00    0.00  100.00
09:16:56 AM    5    0.00    0.00    0.00    0.00    0.00    0.00    0.00    0.00    0.00  100.00
09:16:56 AM    6    0.00    0.00    0.00    0.00    0.00    0.00    0.00    0.00    0.00  100.00
09:16:56 AM    7    0.00    0.00    0.00    0.00    0.00    0.00    0.00    0.00    0.00  100.00

09:16:56 AM  CPU    %usr   %nice    %sys %iowait    %irq   %soft  %steal  %guest  %gnice   %idle
09:16:57 AM  all    0.00    0.00   12.50    0.00    0.12   18.62    0.00    0.00    0.00   68.75
09:16:57 AM    0    0.00    0.00    0.00    0.00    0.00   49.49    0.00    0.00    0.00   50.51
09:16:57 AM    1    0.00    0.00    0.00    0.00    0.99   99.01    0.00    0.00    0.00    0.00
09:16:57 AM    2    0.00    0.00  100.00    0.00    0.00    0.00    0.00    0.00    0.00    0.00
09:16:57 AM    3    0.00    0.00    0.00    0.00    0.00    0.00    0.00    0.00    0.00  100.00
09:16:57 AM    4    0.00    0.00    0.00    0.00    0.00    0.00    0.00    0.00    0.00  100.00
09:16:57 AM    5    0.00    0.00    0.00    0.00    0.00    0.00    0.00    0.00    0.00  100.00
09:16:57 AM    6    0.00    0.00    0.00    0.00    0.00    0.00    0.00    0.00    0.00  100.00
09:16:57 AM    7    0.00    0.00    0.00    0.00    0.00    0.00    0.00    0.00    0.00  100.00

09:16:57 AM  CPU    %usr   %nice    %sys %iowait    %irq   %soft  %steal  %guest  %gnice   %idle
09:16:58 AM  all    0.00    0.00   12.50    0.00    0.12   21.12    0.00    0.00    0.00   66.25
09:16:58 AM    0    0.00    0.00    0.00    0.00    1.00   88.00    0.00    0.00    0.00   11.00
09:16:58 AM    1    0.00    0.00    0.00    0.00    0.00   81.00    0.00    0.00    0.00   19.00
09:16:58 AM    2    0.00    0.00  100.00    0.00    0.00    0.00    0.00    0.00    0.00    0.00
09:16:58 AM    3    0.00    0.00    0.00    0.00    0.00    0.00    0.00    0.00    0.00  100.00
09:16:58 AM    4    0.00    0.00    0.00    0.00    0.00    0.00    0.00    0.00    0.00  100.00
09:16:58 AM    5    0.00    0.00    0.00    0.00    0.00    0.00    0.00    0.00    0.00  100.00
09:16:58 AM    6    0.00    0.00    0.00    0.00    0.00    0.00    0.00    0.00    0.00  100.00
09:16:58 AM    7    0.00    0.00    0.00    0.00    0.00    0.00    0.00    0.00    0.00  100.00

09:16:58 AM  CPU    %usr   %nice    %sys %iowait    %irq   %soft  %steal  %guest  %gnice   %idle
09:16:59 AM  all    0.00    0.00   12.50    0.00    0.00   22.00    0.00    0.00    0.00   65.50
09:16:59 AM    0    0.00    0.00    0.00    0.00    0.00  100.00    0.00    0.00    0.00    0.00
09:16:59 AM    1    0.00    0.00    0.00    0.00    0.00   76.00    0.00    0.00    0.00   24.00
09:16:59 AM    2    0.00    0.00  100.00    0.00    0.00    0.00    0.00    0.00    0.00    0.00
09:16:59 AM    3    0.00    0.00    0.00    0.00    0.00    0.00    0.00    0.00    0.00  100.00
09:16:59 AM    4    0.00    0.00    0.00    0.00    0.00    0.00    0.00    0.00    0.00  100.00
09:16:59 AM    5    0.00    0.00    0.00    0.00    0.00    0.00    0.00    0.00    0.00  100.00
09:16:59 AM    6    0.00    0.00    0.00    0.00    0.00    0.00    0.00    0.00    0.00  100.00
09:16:59 AM    7    0.00    0.00    0.00    0.00    0.00    0.00    0.00    0.00    0.00  100.00

09:16:59 AM  CPU    %usr   %nice    %sys %iowait    %irq   %soft  %steal  %guest  %gnice   %idle
09:17:00 AM  all    0.00    0.00   12.42    0.00    0.12   21.99    0.00    0.00    0.00   65.47
09:17:00 AM    0    0.00    0.00    0.00    0.00    0.00  100.00    0.00    0.00    0.00    0.00
09:17:00 AM    1    0.00    0.00    0.00    0.00    0.97   75.73    0.00    0.00    0.00   23.30
09:17:00 AM    2    0.00    0.00  100.00    0.00    0.00    0.00    0.00    0.00    0.00    0.00
09:17:00 AM    3    0.00    0.00    0.00    0.00    0.00    0.00    0.00    0.00    0.00  100.00
09:17:00 AM    4    0.00    0.00    0.00    0.00    0.00    0.00    0.00    0.00    0.00  100.00
09:17:00 AM    5    0.00    0.00    0.00    0.00    0.00    0.00    0.00    0.00    0.00  100.00
09:17:00 AM    6    0.00    0.00    0.00    0.00    0.00    0.00    0.00    0.00    0.00  100.00
09:17:00 AM    7    0.00    0.00    0.00    0.00    0.00    0.00    0.00    0.00    0.00  100.00

09:17:00 AM  CPU    %usr   %nice    %sys %iowait    %irq   %soft  %steal  %guest  %gnice   %idle
09:17:01 AM  all    0.00    0.00   12.58    0.00    0.12   20.17    0.00    0.00    0.00   67.12
09:17:01 AM    0    0.00    0.00    0.00    0.00    0.98   60.78    0.00    0.00    0.00   38.24
09:17:01 AM    1    0.00    0.00    0.00    0.00    0.00  100.00    0.00    0.00    0.00    0.00
09:17:01 AM    2    0.00    0.00  100.00    0.00    0.00    0.00    0.00    0.00    0.00    0.00
09:17:01 AM    3    0.00    0.00    0.00    0.00    0.00    0.00    0.00    0.00    0.00  100.00
09:17:01 AM    4    0.00    0.00    0.00    0.00    0.00    0.00    0.00    0.00    0.00  100.00
09:17:01 AM    5    0.00    0.00    0.00    0.00    0.00    0.00    0.00    0.00    0.00  100.00
09:17:01 AM    6    0.00    0.00    0.00    0.00    0.00    0.00    0.00    0.00    0.00  100.00
09:17:01 AM    7    0.00    0.00    0.00    0.00    0.00    0.00    0.00    0.00    0.00  100.00

09:17:01 AM  CPU    %usr   %nice    %sys %iowait    %irq   %soft  %steal  %guest  %gnice   %idle
09:17:02 AM  all    0.00    0.00   12.58    0.00    0.00   18.93    0.00    0.00    0.00   68.49
09:17:02 AM    0    0.00    0.00    0.00    0.00    0.00   75.00    0.00    0.00    0.00   25.00
09:17:02 AM    1    0.00    0.00    0.99    0.00    0.00   76.24    0.00    0.00    0.00   22.77
09:17:02 AM    2    0.00    0.00  100.00    0.00    0.00    0.00    0.00    0.00    0.00    0.00
09:17:02 AM    3    0.00    0.00    0.00    0.00    0.00    0.00    0.00    0.00    0.00  100.00
09:17:02 AM    4    0.00    0.00    0.00    0.00    0.00    0.00    0.00    0.00    0.00  100.00
09:17:02 AM    5    0.00    0.00    0.00    0.00    0.00    0.00    0.00    0.00    0.00  100.00
09:17:02 AM    6    0.00    0.00    0.00    0.00    0.00    0.00    0.00    0.00    0.00  100.00
09:17:02 AM    7    0.00    0.00    0.00    0.00    0.00    0.00    0.00    0.00    0.00  100.00

09:17:02 AM  CPU    %usr   %nice    %sys %iowait    %irq   %soft  %steal  %guest  %gnice   %idle
09:17:03 AM  all    0.00    0.00   12.50    0.00    0.12   19.62    0.00    0.00    0.00   67.75
09:17:03 AM    0    0.00    0.00    0.00    0.00    0.00   95.96    0.00    0.00    0.00    4.04
09:17:03 AM    1    0.00    0.00    0.00    0.00    0.99   61.39    0.00    0.00    0.00   37.62
09:17:03 AM    2    0.00    0.00  100.00    0.00    0.00    0.00    0.00    0.00    0.00    0.00
09:17:03 AM    3    0.00    0.00    0.00    0.00    0.00    0.00    0.00    0.00    0.00  100.00
09:17:03 AM    4    0.00    0.00    0.00    0.00    0.00    0.00    0.00    0.00    0.00  100.00
09:17:03 AM    5    0.00    0.00    0.00    0.00    0.00    0.00    0.00    0.00    0.00  100.00
09:17:03 AM    6    0.00    0.00    0.00    0.00    0.00    0.00    0.00    0.00    0.00  100.00
09:17:03 AM    7    0.00    0.00    0.00    0.00    0.00    0.00    0.00    0.00    0.00  100.00

09:17:03 AM  CPU    %usr   %nice    %sys %iowait    %irq   %soft  %steal  %guest  %gnice   %idle
09:17:04 AM  all    0.12    0.00   12.48    0.00    0.12   19.85    0.00    0.00    0.00   67.42
09:17:04 AM    0    0.00    0.00    0.00    0.00    1.00   99.00    0.00    0.00    0.00    0.00
09:17:04 AM    1    0.99    0.00    0.00    0.00    0.00   59.41    0.00    0.00    0.00   39.60
09:17:04 AM    2    0.00    0.00  100.00    0.00    0.00    0.00    0.00    0.00    0.00    0.00
09:17:04 AM    3    0.00    0.00    0.00    0.00    0.00    0.00    0.00    0.00    0.00  100.00
09:17:04 AM    4    0.00    0.00    0.00    0.00    0.00    0.00    0.00    0.00    0.00  100.00
09:17:04 AM    5    0.00    0.00    0.00    0.00    0.00    0.00    0.00    0.00    0.00  100.00
09:17:04 AM    6    0.00    0.00    0.00    0.00    0.00    0.00    0.00    0.00    0.00  100.00
09:17:04 AM    7    0.00    0.00    0.00    0.00    0.00    0.00    0.00    0.00    0.00  100.00

09:17:04 AM  CPU    %usr   %nice    %sys %iowait    %irq   %soft  %steal  %guest  %gnice   %idle
09:17:05 AM  all    0.00    0.00   12.55    0.00    0.12   16.65    0.00    0.00    0.00   70.68
09:17:05 AM    0    0.00    0.00    0.00    0.00    0.00   75.00    0.00    0.00    0.00   25.00
09:17:05 AM    1    0.00    0.00    0.99    0.00    0.00   58.42    0.00    0.00    0.00   40.59
09:17:05 AM    2    0.00    0.00   99.01    0.00    0.99    0.00    0.00    0.00    0.00    0.00
09:17:05 AM    3    0.00    0.00    0.00    0.00    0.00    0.00    0.00    0.00    0.00  100.00
09:17:05 AM    4    0.00    0.00    0.00    0.00    0.00    0.00    0.00    0.00    0.00  100.00
09:17:05 AM    5    0.00    0.00    0.00    0.00    0.00    0.00    0.00    0.00    0.00  100.00
09:17:05 AM    6    0.00    0.00    0.00    0.00    0.00    0.00    0.00    0.00    0.00  100.00
09:17:05 AM    7    0.00    0.00    0.00    0.00    0.00    0.00    0.00    0.00    0.00  100.00

09:17:05 AM  CPU    %usr   %nice    %sys %iowait    %irq   %soft  %steal  %guest  %gnice   %idle
09:17:06 AM  all    0.00    0.00   12.50    0.00    0.00   23.75    0.00    0.00    0.00   63.75
09:17:06 AM    0    0.00    0.00    0.00    0.00    0.00   98.00    0.00    0.00    0.00    2.00
09:17:06 AM    1    0.00    0.00    0.00    0.00    0.00   92.00    0.00    0.00    0.00    8.00
09:17:06 AM    2    0.00    0.00  100.00    0.00    0.00    0.00    0.00    0.00    0.00    0.00
09:17:06 AM    3    0.00    0.00    0.00    0.00    0.00    0.00    0.00    0.00    0.00  100.00
09:17:06 AM    4    0.00    0.00    0.00    0.00    0.00    0.00    0.00    0.00    0.00  100.00
09:17:06 AM    5    0.00    0.00    0.00    0.00    0.00    0.00    0.00    0.00    0.00  100.00
09:17:06 AM    6    0.00    0.00    0.00    0.00    0.00    0.00    0.00    0.00    0.00  100.00
09:17:06 AM    7    0.00    0.00    0.00    0.00    0.00    0.00    0.00    0.00    0.00  100.00

Average:     CPU    %usr   %nice    %sys %iowait    %irq   %soft  %steal  %guest  %gnice   %idle
Average:     all    0.02    0.00   12.52    0.00    0.08   18.96    0.00    0.00    0.00   68.42
Average:       0    0.07    0.00    0.13    0.00    0.33   77.32    0.00    0.00    0.00   22.14
Average:       1    0.07    0.00    0.10    0.03    0.27   74.16    0.00    0.00    0.00   25.38
Average:       2    0.00    0.00   99.97    0.00    0.03    0.00    0.00    0.00    0.00    0.00
Average:       3    0.00    0.00    0.00    0.00    0.00    0.00    0.00    0.00    0.00  100.00
Average:       4    0.00    0.00    0.00    0.00    0.00    0.00    0.00    0.00    0.00  100.00
Average:       5    0.00    0.00    0.00    0.00    0.00    0.00    0.00    0.00    0.00  100.00
Average:       6    0.00    0.00    0.00    0.00    0.00    0.00    0.00    0.00    0.00  100.00
Average:       7    0.00    0.00    0.00    0.00    0.00    0.00    0.00    0.00    0.00  100.00
