Linux 6.12.87 (pi5-2) 	06/16/2026 	_aarch64_	(4 CPU)

10:18:33 PM  CPU    %usr   %nice    %sys %iowait    %irq   %soft  %steal  %guest  %gnice   %idle
10:18:34 PM  all    0.77    0.00    5.40    0.00    2.06   12.08    0.00    0.00    0.00   79.69
10:18:34 PM    0    0.00    0.00    0.00    0.00    3.06   46.94    0.00    0.00    0.00   50.00
10:18:34 PM    1    1.02    0.00    6.12    0.00    1.02    0.00    0.00    0.00    0.00   91.84
10:18:34 PM    2    1.00    0.00    0.00    0.00    0.00    0.00    0.00    0.00    0.00   99.00
10:18:34 PM    3    1.08    0.00   16.13    0.00    4.30    1.08    0.00    0.00    0.00   77.42

10:18:34 PM  CPU    %usr   %nice    %sys %iowait    %irq   %soft  %steal  %guest  %gnice   %idle
10:18:35 PM  all    0.25    0.00    9.39    0.00    3.30   15.48    0.00    0.00    0.00   71.57
10:18:35 PM    0    0.00    0.00    0.00    0.00    5.05   61.62    0.00    0.00    0.00   33.33
10:18:35 PM    1    0.99    0.00   10.89    0.00    1.98    0.00    0.00    0.00    0.00   86.14
10:18:35 PM    2    0.00    0.00    0.00    0.00    0.00    0.00    0.00    0.00    0.00  100.00
10:18:35 PM    3    0.00    0.00   27.66    0.00    6.38    0.00    0.00    0.00    0.00   65.96

10:18:35 PM  CPU    %usr   %nice    %sys %iowait    %irq   %soft  %steal  %guest  %gnice   %idle
10:18:36 PM  all    0.52    0.00    7.99    0.00    3.09   15.72    0.00    0.00    0.00   72.68
10:18:36 PM    0    0.00    0.00    0.00    0.00    5.05   61.62    0.00    0.00    0.00   33.33
10:18:36 PM    1    0.00    0.00    8.25    0.00    2.06    0.00    0.00    0.00    0.00   89.69
10:18:36 PM    2    0.00    0.00    0.00    0.00    0.00    0.00    0.00    0.00    0.00  100.00
10:18:36 PM    3    2.17    0.00   25.00    0.00    5.43    0.00    0.00    0.00    0.00   67.39

10:18:36 PM  CPU    %usr   %nice    %sys %iowait    %irq   %soft  %steal  %guest  %gnice   %idle
10:18:37 PM  all    0.26    0.00    6.53    0.26    3.39   15.93    0.00    0.00    0.00   73.63
10:18:37 PM    0    0.00    0.00    0.00    0.00    5.05   61.62    0.00    0.00    0.00   33.33
10:18:37 PM    1    0.00    0.00    7.22    0.00    2.06    0.00    0.00    0.00    0.00   90.72
10:18:37 PM    2    0.00    0.00    0.00    1.00    0.00    0.00    0.00    0.00    0.00   99.00
10:18:37 PM    3    1.15    0.00   20.69    0.00    6.90    0.00    0.00    0.00    0.00   71.26

10:18:37 PM  CPU    %usr   %nice    %sys %iowait    %irq   %soft  %steal  %guest  %gnice   %idle
10:18:38 PM  all    0.00    0.00    7.29    0.00    3.39   15.89    0.00    0.00    0.00   73.44
10:18:38 PM    0    0.00    0.00    0.00    0.00    5.05   61.62    0.00    0.00    0.00   33.33
10:18:38 PM    1    0.00    0.00    9.18    0.00    2.04    0.00    0.00    0.00    0.00   88.78
10:18:38 PM    2    0.00    0.00    0.00    0.00    0.00    0.00    0.00    0.00    0.00  100.00
10:18:38 PM    3    0.00    0.00   21.84    0.00    6.90    0.00    0.00    0.00    0.00   71.26

10:18:38 PM  CPU    %usr   %nice    %sys %iowait    %irq   %soft  %steal  %guest  %gnice   %idle
10:18:39 PM  all    0.26    0.00    6.53    0.00    3.39   16.19    0.00    0.00    0.00   73.63
10:18:39 PM    0    0.00    0.00    0.00    0.00    5.00   62.00    0.00    0.00    0.00   33.00
10:18:39 PM    1    0.00    0.00    6.38    0.00    2.13    0.00    0.00    0.00    0.00   91.49
10:18:39 PM    2    0.98    0.00    0.98    0.00    0.98    0.00    0.00    0.00    0.00   97.06
10:18:39 PM    3    0.00    0.00   20.69    0.00    5.75    0.00    0.00    0.00    0.00   73.56

10:18:39 PM  CPU    %usr   %nice    %sys %iowait    %irq   %soft  %steal  %guest  %gnice   %idle
10:18:40 PM  all    0.00    0.00    7.33    0.00    3.14   15.97    0.00    0.00    0.00   73.56
10:18:40 PM    0    0.00    0.00    0.00    0.00    4.12   62.89    0.00    0.00    0.00   32.99
10:18:40 PM    1    0.00    0.00    7.29    0.00    2.08    0.00    0.00    0.00    0.00   90.62
10:18:40 PM    2    0.00    0.00    8.25    0.00    2.06    0.00    0.00    0.00    0.00   89.69
10:18:40 PM    3    0.00    0.00   14.13    0.00    4.35    0.00    0.00    0.00    0.00   81.52

10:18:40 PM  CPU    %usr   %nice    %sys %iowait    %irq   %soft  %steal  %guest  %gnice   %idle
10:18:41 PM  all    0.26    0.00    8.48    0.00    3.34   15.68    0.00    0.00    0.00   72.24
10:18:41 PM    0    0.00    0.00    0.00    0.00    5.05   61.62    0.00    0.00    0.00   33.33
10:18:41 PM    1    0.00    0.00    7.29    0.00    2.08    0.00    0.00    0.00    0.00   90.62
10:18:41 PM    2    0.00    0.00    8.25    0.00    2.06    0.00    0.00    0.00    0.00   89.69
10:18:41 PM    3    1.03    0.00   18.56    0.00    4.12    0.00    0.00    0.00    0.00   76.29

10:18:41 PM  CPU    %usr   %nice    %sys %iowait    %irq   %soft  %steal  %guest  %gnice   %idle
10:18:42 PM  all    0.00    0.00    6.54    0.26    3.40   16.23    0.00    0.00    0.00   73.56
10:18:42 PM    0    0.00    0.00    0.00    0.00    5.00   62.00    0.00    0.00    0.00   33.00
10:18:42 PM    1    0.00    0.00    7.29    0.00    2.08    0.00    0.00    0.00    0.00   90.62
10:18:42 PM    2    0.00    0.00    8.25    1.03    2.06    0.00    0.00    0.00    0.00   88.66
10:18:42 PM    3    0.00    0.00   11.24    0.00    4.49    0.00    0.00    0.00    0.00   84.27

10:18:42 PM  CPU    %usr   %nice    %sys %iowait    %irq   %soft  %steal  %guest  %gnice   %idle
10:18:43 PM  all    0.26    0.00    8.21    0.00    3.33   15.64    0.00    0.00    0.00   72.56
10:18:43 PM    0    0.00    0.00    0.00    0.00    5.05   61.62    0.00    0.00    0.00   33.33
10:18:43 PM    1    0.00    0.00   10.00    0.00    2.00    0.00    0.00    0.00    0.00   88.00
10:18:43 PM    2    0.00    0.00    7.29    0.00    2.08    0.00    0.00    0.00    0.00   90.62
10:18:43 PM    3    1.05    0.00   15.79    0.00    4.21    0.00    0.00    0.00    0.00   78.95

10:18:43 PM  CPU    %usr   %nice    %sys %iowait    %irq   %soft  %steal  %guest  %gnice   %idle
10:18:44 PM  all    0.51    0.00    8.91    0.00    3.31   15.78    0.00    0.00    0.00   71.50
10:18:44 PM    0    0.00    0.00    0.00    0.00    5.05   62.63    0.00    0.00    0.00   32.32
10:18:44 PM    1    1.01    0.00   15.15    0.00    3.03    0.00    0.00    0.00    0.00   80.81
10:18:44 PM    2    1.03    0.00    6.19    0.00    2.06    0.00    0.00    0.00    0.00   90.72
10:18:44 PM    3    0.00    0.00   14.29    0.00    3.06    0.00    0.00    0.00    0.00   82.65

10:18:44 PM  CPU    %usr   %nice    %sys %iowait    %irq   %soft  %steal  %guest  %gnice   %idle
10:18:45 PM  all    0.51    0.00    7.97    0.00    3.34   15.68    0.00    0.00    0.00   72.49
10:18:45 PM    0    0.00    0.00    0.00    0.00    5.05   61.62    0.00    0.00    0.00   33.33
10:18:45 PM    1    0.00    0.00   15.22    0.00    4.35    0.00    0.00    0.00    0.00   80.43
10:18:45 PM    2    1.00    0.00   10.00    0.00    2.00    0.00    0.00    0.00    0.00   87.00
10:18:45 PM    3    1.02    0.00    7.14    0.00    2.04    0.00    0.00    0.00    0.00   89.80

10:18:45 PM  CPU    %usr   %nice    %sys %iowait    %irq   %soft  %steal  %guest  %gnice   %idle
10:18:46 PM  all    0.26    0.00    8.95    0.00    2.81   15.86    0.00    0.00    0.00   72.12
10:18:46 PM    0    0.00    0.00    0.00    0.00    4.04   62.63    0.00    0.00    0.00   33.33
10:18:46 PM    1    1.03    0.00   13.40    0.00    3.09    0.00    0.00    0.00    0.00   82.47
10:18:46 PM    2    0.00    0.00   13.40    0.00    2.06    0.00    0.00    0.00    0.00   84.54
10:18:46 PM    3    0.00    0.00    9.18    0.00    2.04    0.00    0.00    0.00    0.00   88.78

10:18:46 PM  CPU    %usr   %nice    %sys %iowait    %irq   %soft  %steal  %guest  %gnice   %idle
10:18:47 PM  all    0.51    0.00    8.48    0.00    3.60   15.68    0.00    0.00    0.00   71.72
10:18:47 PM    0    0.00    0.00    1.01    0.00    5.05   61.62    0.00    0.00    0.00   32.32
10:18:47 PM    1    0.00    0.00    9.28    0.00    3.09    0.00    0.00    0.00    0.00   87.63
10:18:47 PM    2    1.04    0.00   15.62    0.00    4.17    0.00    0.00    0.00    0.00   79.17
10:18:47 PM    3    1.03    0.00    8.25    0.00    2.06    0.00    0.00    0.00    0.00   88.66

10:18:47 PM  CPU    %usr   %nice    %sys %iowait    %irq   %soft  %steal  %guest  %gnice   %idle
10:18:48 PM  all    0.00    0.00    7.25    0.00    3.37   15.80    0.00    0.00    0.00   73.58
10:18:48 PM    0    0.00    0.00    0.00    0.00    5.05   61.62    0.00    0.00    0.00   33.33
10:18:48 PM    1    0.00    0.00   15.05    0.00    4.30    0.00    0.00    0.00    0.00   80.65
10:18:48 PM    2    0.00    0.00    6.25    0.00    2.08    0.00    0.00    0.00    0.00   91.67
10:18:48 PM    3    0.00    0.00    8.16    0.00    2.04    0.00    0.00    0.00    0.00   89.80

10:18:48 PM  CPU    %usr   %nice    %sys %iowait    %irq   %soft  %steal  %guest  %gnice   %idle
10:18:49 PM  all    0.51    0.00    8.18    0.00    3.32   15.86    0.00    0.00    0.00   72.12
10:18:49 PM    0    0.00    0.00    0.00    0.00    5.05   62.63    0.00    0.00    0.00   32.32
10:18:49 PM    1    1.03    0.00   17.53    0.00    4.12    0.00    0.00    0.00    0.00   77.32
10:18:49 PM    2    1.03    0.00    7.22    0.00    2.06    0.00    0.00    0.00    0.00   89.69
10:18:49 PM    3    0.00    0.00    8.16    0.00    2.04    0.00    0.00    0.00    0.00   89.80

10:18:49 PM  CPU    %usr   %nice    %sys %iowait    %irq   %soft  %steal  %guest  %gnice   %idle
10:18:50 PM  all    0.52    0.00    6.81    0.00    3.14   16.23    0.00    0.00    0.00   73.30
10:18:50 PM    0    1.00    0.00    0.00    0.00    5.00   62.00    0.00    0.00    0.00   32.00
10:18:50 PM    1    0.00    0.00   13.33    0.00    3.33    0.00    0.00    0.00    0.00   83.33
10:18:50 PM    2    0.00    0.00    7.22    0.00    2.06    0.00    0.00    0.00    0.00   90.72
10:18:50 PM    3    1.05    0.00    7.37    0.00    2.11    0.00    0.00    0.00    0.00   89.47

10:18:50 PM  CPU    %usr   %nice    %sys %iowait    %irq   %soft  %steal  %guest  %gnice   %idle
10:18:51 PM  all    0.00    0.00    8.23    0.00    3.34   15.68    0.00    0.00    0.00   72.75
10:18:51 PM    0    0.00    0.00    0.00    0.00    5.05   61.62    0.00    0.00    0.00   33.33
10:18:51 PM    1    0.00    0.00   16.84    0.00    4.21    0.00    0.00    0.00    0.00   78.95
10:18:51 PM    2    0.00    0.00    0.00    0.00    0.00    0.00    0.00    0.00    0.00  100.00
10:18:51 PM    3    0.00    0.00   16.84    0.00    4.21    0.00    0.00    0.00    0.00   78.95

10:18:51 PM  CPU    %usr   %nice    %sys %iowait    %irq   %soft  %steal  %guest  %gnice   %idle
10:18:52 PM  all    0.26    0.00    7.95    0.00    3.08   15.90    0.00    0.00    0.00   72.82
10:18:52 PM    0    0.00    0.00    0.00    0.00    4.04   62.63    0.00    0.00    0.00   33.33
10:18:52 PM    1    0.00    0.00   15.96    0.00    4.26    0.00    0.00    0.00    0.00   79.79
10:18:52 PM    2    0.00    0.00    0.00    0.00    0.00    0.00    0.00    0.00    0.00  100.00
10:18:52 PM    3    1.03    0.00   16.49    0.00    4.12    0.00    0.00    0.00    0.00   78.35

10:18:52 PM  CPU    %usr   %nice    %sys %iowait    %irq   %soft  %steal  %guest  %gnice   %idle
10:18:53 PM  all    0.00    0.00    7.97    0.00    3.60   15.68    0.00    0.00    0.00   72.75
10:18:53 PM    0    0.00    0.00    0.00    0.00    5.10   62.24    0.00    0.00    0.00   32.65
10:18:53 PM    1    0.00    0.00    9.18    0.00    3.06    0.00    0.00    0.00    0.00   87.76
10:18:53 PM    2    0.00    0.00    0.00    0.00    0.00    0.00    0.00    0.00    0.00  100.00
10:18:53 PM    3    0.00    0.00   23.66    0.00    6.45    0.00    0.00    0.00    0.00   69.89

10:18:53 PM  CPU    %usr   %nice    %sys %iowait    %irq   %soft  %steal  %guest  %gnice   %idle
10:18:54 PM  all    0.26    0.00    8.21    0.00    3.08   15.90    0.00    0.00    0.00   72.56
10:18:54 PM    0    0.00    0.00    0.00    0.00    5.05   62.63    0.00    0.00    0.00   32.32
10:18:54 PM    1    0.00    0.00    9.09    0.00    2.02    0.00    0.00    0.00    0.00   88.89
10:18:54 PM    2    0.00    0.00    0.00    0.00    0.00    0.00    0.00    0.00    0.00  100.00
10:18:54 PM    3    1.09    0.00   25.00    0.00    5.43    0.00    0.00    0.00    0.00   68.48

10:18:54 PM  CPU    %usr   %nice    %sys %iowait    %irq   %soft  %steal  %guest  %gnice   %idle
10:18:55 PM  all    0.26    0.00    7.55    0.00    3.12   15.89    0.00    0.00    0.00   73.18
10:18:55 PM    0    0.00    0.00    0.00    0.00    5.05   61.62    0.00    0.00    0.00   33.33
10:18:55 PM    1    0.00    0.00   16.13    0.00    3.23    0.00    0.00    0.00    0.00   80.65
10:18:55 PM    2    0.00    0.00    0.00    0.00    0.00    0.00    0.00    0.00    0.00  100.00
10:18:55 PM    3    1.09    0.00   15.22    0.00    4.35    0.00    0.00    0.00    0.00   79.35

10:18:55 PM  CPU    %usr   %nice    %sys %iowait    %irq   %soft  %steal  %guest  %gnice   %idle
10:18:56 PM  all    0.00    0.00    8.46    0.00    3.33   15.90    0.00    0.00    0.00   72.31
10:18:56 PM    0    0.00    0.00    0.00    0.00    5.05   61.62    0.00    0.00    0.00   33.33
10:18:56 PM    1    0.00    0.00   17.71    0.00    4.17    1.04    0.00    0.00    0.00   77.08
10:18:56 PM    2    0.00    0.00    0.00    0.00    0.00    0.00    0.00    0.00    0.00  100.00
10:18:56 PM    3    0.00    0.00   16.84    0.00    4.21    0.00    0.00    0.00    0.00   78.95

10:18:56 PM  CPU    %usr   %nice    %sys %iowait    %irq   %soft  %steal  %guest  %gnice   %idle
10:18:57 PM  all    0.00    0.00    7.51    0.00    3.37   16.06    0.00    0.00    0.00   73.06
10:18:57 PM    0    0.00    0.00    0.99    0.00    4.95   61.39    0.00    0.00    0.00   32.67
10:18:57 PM    1    0.00    0.00   17.71    0.00    4.17    0.00    0.00    0.00    0.00   78.12
10:18:57 PM    2    0.00    0.00    2.02    0.00    1.01    0.00    0.00    0.00    0.00   96.97
10:18:57 PM    3    0.00    0.00   10.00    0.00    3.33    0.00    0.00    0.00    0.00   86.67

10:18:57 PM  CPU    %usr   %nice    %sys %iowait    %irq   %soft  %steal  %guest  %gnice   %idle
10:18:58 PM  all    0.26    0.00    8.72    0.00    3.08   15.64    0.00    0.00    0.00   72.31
10:18:58 PM    0    0.00    0.00    0.00    0.00    4.12   62.89    0.00    0.00    0.00   32.99
10:18:58 PM    1    1.03    0.00   18.56    0.00    4.12    0.00    0.00    0.00    0.00   76.29
10:18:58 PM    2    0.00    0.00    9.09    0.00    2.02    0.00    0.00    0.00    0.00   88.89
10:18:58 PM    3    0.00    0.00    7.22    0.00    2.06    0.00    0.00    0.00    0.00   90.72

10:18:58 PM  CPU    %usr   %nice    %sys %iowait    %irq   %soft  %steal  %guest  %gnice   %idle
10:18:59 PM  all    0.26    0.00    7.97    0.00    3.34   15.94    0.00    0.00    0.00   72.49
10:18:59 PM    0    0.00    0.00    0.00    0.00    5.00   62.00    0.00    0.00    0.00   33.00
10:18:59 PM    1    0.00    0.00   15.96    0.00    4.26    0.00    0.00    0.00    0.00   79.79
10:18:59 PM    2    1.02    0.00    8.16    0.00    2.04    0.00    0.00    0.00    0.00   88.78
10:18:59 PM    3    0.00    0.00    8.25    0.00    2.06    0.00    0.00    0.00    0.00   89.69

10:18:59 PM  CPU    %usr   %nice    %sys %iowait    %irq   %soft  %steal  %guest  %gnice   %idle
10:19:00 PM  all    0.78    0.00    7.75    0.00    3.36   15.76    0.00    0.00    0.00   72.35
10:19:00 PM    0    0.00    0.00    0.00    0.00    5.05   61.62    0.00    0.00    0.00   33.33
10:19:00 PM    1    1.06    0.00   15.96    0.00    4.26    0.00    0.00    0.00    0.00   78.72
10:19:00 PM    2    1.02    0.00    9.18    0.00    2.04    0.00    0.00    0.00    0.00   87.76
10:19:00 PM    3    1.04    0.00    6.25    0.00    2.08    0.00    0.00    0.00    0.00   90.62

10:19:00 PM  CPU    %usr   %nice    %sys %iowait    %irq   %soft  %steal  %guest  %gnice   %idle
10:19:01 PM  all    0.51    0.00    7.95    0.00    3.08   15.90    0.00    0.00    0.00   72.56
10:19:01 PM    0    0.00    0.00    0.00    0.00    5.05   62.63    0.00    0.00    0.00   32.32
10:19:01 PM    1    1.05    0.00   12.63    0.00    3.16    0.00    0.00    0.00    0.00   83.16
10:19:01 PM    2    0.00    0.00   12.24    0.00    2.04    0.00    0.00    0.00    0.00   85.71
10:19:01 PM    3    1.02    0.00    7.14    0.00    2.04    0.00    0.00    0.00    0.00   89.80

10:19:01 PM  CPU    %usr   %nice    %sys %iowait    %irq   %soft  %steal  %guest  %gnice   %idle
10:19:02 PM  all    0.00    0.00    8.70    0.00    3.58   15.60    0.00    0.00    0.00   72.12
10:19:02 PM    0    0.00    0.00    0.00    0.00    5.05   61.62    0.00    0.00    0.00   33.33
10:19:02 PM    1    0.00    0.00    6.32    0.00    2.11    0.00    0.00    0.00    0.00   91.58
10:19:02 PM    2    0.00    0.00   22.68    0.00    5.15    0.00    0.00    0.00    0.00   72.16
10:19:02 PM    3    0.00    0.00    6.00    0.00    2.00    0.00    0.00    0.00    0.00   92.00

10:19:02 PM  CPU    %usr   %nice    %sys %iowait    %irq   %soft  %steal  %guest  %gnice   %idle
10:19:03 PM  all    0.25    0.00    9.39    0.00    3.30   15.74    0.00    0.00    0.00   71.32
10:19:03 PM    0    0.00    0.00    0.00    0.00    5.00   62.00    0.00    0.00    0.00   33.00
10:19:03 PM    1    0.99    0.00    4.95    0.00    0.99    0.00    0.00    0.00    0.00   93.07
10:19:03 PM    2    0.00    0.00   24.21    0.00    5.26    0.00    0.00    0.00    0.00   70.53
10:19:03 PM    3    0.00    0.00    9.18    0.00    2.04    0.00    0.00    0.00    0.00   88.78

10:19:03 PM  CPU    %usr   %nice    %sys %iowait    %irq   %soft  %steal  %guest  %gnice   %idle
10:19:04 PM  all    0.26    0.00    7.55    0.00    2.86   15.89    0.00    0.00    0.00   73.44
10:19:04 PM    0    0.00    0.00    0.00    0.00    4.12   62.89    0.00    0.00    0.00   32.99
10:19:04 PM    1    0.00    0.00    0.00    0.00    0.00    0.00    0.00    0.00    0.00  100.00
10:19:04 PM    2    1.05    0.00   23.16    0.00    5.26    0.00    0.00    0.00    0.00   70.53
10:19:04 PM    3    0.00    0.00    7.61    0.00    2.17    0.00    0.00    0.00    0.00   90.22

10:19:04 PM  CPU    %usr   %nice    %sys %iowait    %irq   %soft  %steal  %guest  %gnice   %idle
10:19:05 PM  all    0.52    0.00    7.22    0.00    3.35   15.98    0.00    0.00    0.00   72.94
10:19:05 PM    0    0.00    0.00    0.00    0.00    5.00   62.00    0.00    0.00    0.00   33.00
10:19:05 PM    1    0.00    0.00    0.00    0.00    0.00    0.00    0.00    0.00    0.00  100.00
10:19:05 PM    2    1.08    0.00   13.98    0.00    4.30    0.00    0.00    0.00    0.00   80.65
10:19:05 PM    3    1.05    0.00   15.79    0.00    4.21    0.00    0.00    0.00    0.00   78.95

10:19:05 PM  CPU    %usr   %nice    %sys %iowait    %irq   %soft  %steal  %guest  %gnice   %idle
10:19:06 PM  all    0.51    0.00    8.70    0.00    3.32   15.86    0.00    0.00    0.00   71.61
10:19:06 PM    0    0.00    0.00    0.00    0.00    5.05   62.63    0.00    0.00    0.00   32.32
10:19:06 PM    1    0.00    0.00    1.00    0.00    0.00    0.00    0.00    0.00    0.00   99.00
10:19:06 PM    2    1.02    0.00   18.37    0.00    4.08    0.00    0.00    0.00    0.00   76.53
10:19:06 PM    3    1.06    0.00   15.96    0.00    4.26    0.00    0.00    0.00    0.00   78.72

10:19:06 PM  CPU    %usr   %nice    %sys %iowait    %irq   %soft  %steal  %guest  %gnice   %idle
10:19:07 PM  all    0.00    0.00    7.07    0.00    3.14   15.97    0.00    0.00    0.00   73.82
10:19:07 PM    0    0.00    0.00    0.00    0.00    5.10   62.24    0.00    0.00    0.00   32.65
10:19:07 PM    1    0.00    0.00    0.00    0.00    0.00    0.00    0.00    0.00    0.00  100.00
10:19:07 PM    2    0.00    0.00   15.22    0.00    3.26    0.00    0.00    0.00    0.00   81.52
10:19:07 PM    3    0.00    0.00   14.13    0.00    4.35    0.00    0.00    0.00    0.00   81.52

10:19:07 PM  CPU    %usr   %nice    %sys %iowait    %irq   %soft  %steal  %guest  %gnice   %idle
10:19:08 PM  all    0.00    0.00    9.34    0.00    3.28   15.66    0.00    0.00    0.00   71.72
10:19:08 PM    0    0.00    0.00    0.00    0.00    5.00   62.00    0.00    0.00    0.00   33.00
10:19:08 PM    1    0.00    0.00    0.00    0.00    0.00    0.00    0.00    0.00    0.00  100.00
10:19:08 PM    2    0.00    0.00   18.37    0.00    4.08    0.00    0.00    0.00    0.00   77.55
10:19:08 PM    3    0.00    0.00   19.39    0.00    4.08    0.00    0.00    0.00    0.00   76.53

10:19:08 PM  CPU    %usr   %nice    %sys %iowait    %irq   %soft  %steal  %guest  %gnice   %idle
10:19:09 PM  all    0.77    0.00    7.97    0.00    3.34   15.94    0.00    0.00    0.00   71.98
10:19:09 PM    0    0.00    0.00    1.01    0.00    5.05   61.62    0.00    0.00    0.00   32.32
10:19:09 PM    1    1.00    0.00    0.00    0.00    0.00    0.00    0.00    0.00    0.00   99.00
10:19:09 PM    2    1.06    0.00   14.89    0.00    4.26    1.06    0.00    0.00    0.00   78.72
10:19:09 PM    3    1.04    0.00   16.67    0.00    4.17    0.00    0.00    0.00    0.00   78.12

10:19:09 PM  CPU    %usr   %nice    %sys %iowait    %irq   %soft  %steal  %guest  %gnice   %idle
10:19:10 PM  all    0.26    0.00    8.67    0.00    3.32   15.82    0.00    0.00    0.00   71.94
10:19:10 PM    0    0.00    0.00    0.00    0.00    5.05   62.63    0.00    0.00    0.00   32.32
10:19:10 PM    1    0.00    0.00    0.00    0.00    0.00    0.00    0.00    0.00    0.00  100.00
10:19:10 PM    2    1.03    0.00   17.53    0.00    4.12    0.00    0.00    0.00    0.00   77.32
10:19:10 PM    3    0.00    0.00   17.71    0.00    4.17    0.00    0.00    0.00    0.00   78.12

10:19:10 PM  CPU    %usr   %nice    %sys %iowait    %irq   %soft  %steal  %guest  %gnice   %idle
10:19:11 PM  all    0.00    0.00    7.47    0.00    3.35   15.98    0.00    0.00    0.00   73.20
10:19:11 PM    0    0.00    0.00    0.00    0.00    5.00   62.00    0.00    0.00    0.00   33.00
10:19:11 PM    1    0.00    0.00    0.00    0.00    0.00    0.00    0.00    0.00    0.00  100.00
10:19:11 PM    2    0.00    0.00   15.96    0.00    4.26    0.00    0.00    0.00    0.00   79.79
10:19:11 PM    3    0.00    0.00   14.89    0.00    4.26    0.00    0.00    0.00    0.00   80.85

10:19:11 PM  CPU    %usr   %nice    %sys %iowait    %irq   %soft  %steal  %guest  %gnice   %idle
10:19:12 PM  all    0.26    0.00    7.57    0.00    3.13   15.93    0.00    0.00    0.00   73.11
10:19:12 PM    0    0.00    0.00    0.00    0.00    4.12   62.89    0.00    0.00    0.00   32.99
10:19:12 PM    1    0.00    0.00    0.00    0.00    0.00    0.00    0.00    0.00    0.00  100.00
10:19:12 PM    2    1.05    0.00   15.79    0.00    4.21    0.00    0.00    0.00    0.00   78.95
10:19:12 PM    3    0.00    0.00   15.22    0.00    4.35    0.00    0.00    0.00    0.00   80.43

10:19:12 PM  CPU    %usr   %nice    %sys %iowait    %irq   %soft  %steal  %guest  %gnice   %idle
10:19:13 PM  all    0.26    0.00    7.24    0.00    3.36   16.02    0.00    0.00    0.00   73.13
10:19:13 PM    0    0.00    0.00    0.00    0.00    5.00   62.00    0.00    0.00    0.00   33.00
10:19:13 PM    1    0.00    0.00    0.00    0.00    0.00    0.00    0.00    0.00    0.00  100.00
10:19:13 PM    2    0.00    0.00   15.05    0.00    4.30    0.00    0.00    0.00    0.00   80.65
10:19:13 PM    3    1.06    0.00   14.89    0.00    4.26    0.00    0.00    0.00    0.00   79.79

10:19:13 PM  CPU    %usr   %nice    %sys %iowait    %irq   %soft  %steal  %guest  %gnice   %idle
10:19:14 PM  all    0.00    0.00    8.51    0.00    3.09   15.72    0.00    0.00    0.00   72.68
10:19:14 PM    0    0.00    0.00    0.00    0.00    5.10   62.24    0.00    0.00    0.00   32.65
10:19:14 PM    1    0.00    0.00    4.00    0.00    1.00    0.00    0.00    0.00    0.00   95.00
10:19:14 PM    2    0.00    0.00   14.43    0.00    3.09    0.00    0.00    0.00    0.00   82.47
10:19:14 PM    3    0.00    0.00   16.13    0.00    3.23    0.00    0.00    0.00    0.00   80.65

10:19:14 PM  CPU    %usr   %nice    %sys %iowait    %irq   %soft  %steal  %guest  %gnice   %idle
10:19:15 PM  all    0.26    0.00    8.21    0.00    3.59   15.64    0.00    0.00    0.00   72.31
10:19:15 PM    0    0.00    0.00    0.00    0.00    5.05   61.62    0.00    0.00    0.00   33.33
10:19:15 PM    1    1.03    0.00    9.28    0.00    3.09    0.00    0.00    0.00    0.00   86.60
10:19:15 PM    2    0.00    0.00   10.00    0.00    2.00    0.00    0.00    0.00    0.00   88.00
10:19:15 PM    3    0.00    0.00   13.83    0.00    4.26    0.00    0.00    0.00    0.00   81.91

10:19:15 PM  CPU    %usr   %nice    %sys %iowait    %irq   %soft  %steal  %guest  %gnice   %idle
10:19:16 PM  all    0.26    0.00    7.01    0.00    3.12   16.10    0.00    0.00    0.00   73.51
10:19:16 PM    0    0.00    0.00    0.00    0.00    5.00   62.00    0.00    0.00    0.00   33.00
10:19:16 PM    1    1.10    0.00   26.37    0.00    6.59    0.00    0.00    0.00    0.00   65.93
10:19:16 PM    2    0.00    0.00    3.19    0.00    1.06    0.00    0.00    0.00    0.00   95.74
10:19:16 PM    3    0.00    0.00    0.00    0.00    0.00    0.00    0.00    0.00    0.00  100.00

10:19:16 PM  CPU    %usr   %nice    %sys %iowait    %irq   %soft  %steal  %guest  %gnice   %idle
10:19:17 PM  all    0.26    0.00    8.44    0.00    3.32   15.86    0.00    0.00    0.00   72.12
10:19:17 PM    0    0.00    0.00    0.00    0.00    5.05   62.63    0.00    0.00    0.00   32.32
10:19:17 PM    1    0.00    0.00   19.15    0.00    4.26    0.00    0.00    0.00    0.00   76.60
10:19:17 PM    2    0.00    0.00    8.16    0.00    2.04    0.00    0.00    0.00    0.00   89.80
10:19:17 PM    3    1.00    0.00    7.00    0.00    2.00    0.00    0.00    0.00    0.00   90.00

10:19:17 PM  CPU    %usr   %nice    %sys %iowait    %irq   %soft  %steal  %guest  %gnice   %idle
10:19:18 PM  all    0.26    0.00    7.25    0.00    3.37   15.80    0.00    0.00    0.00   73.32
10:19:18 PM    0    0.00    0.00    0.00    0.00    5.05   61.62    0.00    0.00    0.00   33.33
10:19:18 PM    1    0.00    0.00   15.96    0.00    4.26    0.00    0.00    0.00    0.00   79.79
10:19:18 PM    2    1.05    0.00    5.26    0.00    2.11    0.00    0.00    0.00    0.00   91.58
10:19:18 PM    3    0.00    0.00    8.16    0.00    2.04    0.00    0.00    0.00    0.00   89.80

10:19:18 PM  CPU    %usr   %nice    %sys %iowait    %irq   %soft  %steal  %guest  %gnice   %idle
10:19:19 PM  all    0.50    0.00   10.00    0.00    3.25   15.50    0.00    0.00    0.00   70.75
10:19:19 PM    0    0.00    0.00    0.00    0.00    4.08   63.27    0.00    0.00    0.00   32.65
10:19:19 PM    1    1.94    0.00   20.39    0.00    3.88    0.00    0.00    0.00    0.00   73.79
10:19:19 PM    2    0.00    0.00    9.90    0.00    2.97    0.00    0.00    0.00    0.00   87.13
10:19:19 PM    3    0.00    0.00    9.18    0.00    2.04    0.00    0.00    0.00    0.00   88.78

10:19:19 PM  CPU    %usr   %nice    %sys %iowait    %irq   %soft  %steal  %guest  %gnice   %idle
10:19:20 PM  all    0.26    0.00    7.95    0.00    3.33   15.90    0.00    0.00    0.00   72.56
10:19:20 PM    0    0.00    0.00    0.00    0.00    5.00   62.00    0.00    0.00    0.00   33.00
10:19:20 PM    1    0.00    0.00   16.84    0.00    4.21    0.00    0.00    0.00    0.00   78.95
10:19:20 PM    2    1.03    0.00    7.22    0.00    2.06    0.00    0.00    0.00    0.00   89.69
10:19:20 PM    3    0.00    0.00    8.16    0.00    2.04    0.00    0.00    0.00    0.00   89.80

10:19:20 PM  CPU    %usr   %nice    %sys %iowait    %irq   %soft  %steal  %guest  %gnice   %idle
10:19:21 PM  all    0.51    0.00    8.42    0.00    3.32   15.82    0.00    0.00    0.00   71.94
10:19:21 PM    0    0.00    0.00    0.00    0.00    5.05   62.63    0.00    0.00    0.00   32.32
10:19:21 PM    1    1.03    0.00   17.53    0.00    4.12    0.00    0.00    0.00    0.00   77.32
10:19:21 PM    2    0.00    0.00    9.09    0.00    2.02    0.00    0.00    0.00    0.00   88.89
10:19:21 PM    3    1.03    0.00    7.22    0.00    2.06    0.00    0.00    0.00    0.00   89.69

10:19:21 PM  CPU    %usr   %nice    %sys %iowait    %irq   %soft  %steal  %guest  %gnice   %idle
10:19:22 PM  all    0.00    0.00    7.99    0.00    3.35   15.72    0.00    0.00    0.00   72.94
10:19:22 PM    0    0.00    0.00    0.00    0.00    5.10   62.24    0.00    0.00    0.00   32.65
10:19:22 PM    1    0.00    0.00   15.96    0.00    4.26    0.00    0.00    0.00    0.00   79.79
10:19:22 PM    2    0.00    0.00    9.09    0.00    2.02    0.00    0.00    0.00    0.00   88.89
10:19:22 PM    3    0.00    0.00    7.22    0.00    2.06    0.00    0.00    0.00    0.00   90.72

10:19:22 PM  CPU    %usr   %nice    %sys %iowait    %irq   %soft  %steal  %guest  %gnice   %idle
10:19:23 PM  all    0.25    0.00    8.91    0.00    3.31   15.78    0.00    0.00    0.00   71.76
10:19:23 PM    0    0.00    0.00    0.00    0.00    5.00   62.00    0.00    0.00    0.00   33.00
10:19:23 PM    1    0.00    0.00   15.96    0.00    4.26    0.00    0.00    0.00    0.00   79.79
10:19:23 PM    2    0.00    0.00    9.18    0.00    2.04    0.00    0.00    0.00    0.00   88.78
10:19:23 PM    3    0.99    0.00   10.89    0.00    1.98    0.00    0.00    0.00    0.00   86.14

10:19:23 PM  CPU    %usr   %nice    %sys %iowait    %irq   %soft  %steal  %guest  %gnice   %idle
10:19:24 PM  all    0.52    0.00    6.49    0.00    3.38   16.10    0.00    0.00    0.00   73.51
10:19:24 PM    0    0.00    0.00    0.00    0.00    5.05   62.63    0.00    0.00    0.00   32.32
10:19:24 PM    1    1.09    0.00   13.04    0.00    4.35    0.00    0.00    0.00    0.00   81.52
10:19:24 PM    2    1.01    0.00    8.08    0.00    2.02    0.00    0.00    0.00    0.00   88.89
10:19:24 PM    3    0.00    0.00    5.26    0.00    2.11    0.00    0.00    0.00    0.00   92.63

10:19:24 PM  CPU    %usr   %nice    %sys %iowait    %irq   %soft  %steal  %guest  %gnice   %idle
10:19:25 PM  all    0.26    0.00    8.74    0.00    3.34   15.68    0.00    0.00    0.00   71.98
10:19:25 PM    0    0.00    0.00    1.00    0.00    5.00   61.00    0.00    0.00    0.00   33.00
10:19:25 PM    1    1.08    0.00   15.05    0.00    4.30    0.00    0.00    0.00    0.00   79.57
10:19:25 PM    2    0.00    0.00    9.28    0.00    2.06    0.00    0.00    0.00    0.00   88.66
10:19:25 PM    3    0.00    0.00   10.10    0.00    2.02    0.00    0.00    0.00    0.00   87.88

10:19:25 PM  CPU    %usr   %nice    %sys %iowait    %irq   %soft  %steal  %guest  %gnice   %idle
10:19:26 PM  all    0.26    0.00    7.01    0.00    3.12   16.10    0.00    0.00    0.00   73.51
10:19:26 PM    0    0.00    0.00    0.00    0.00    4.08   63.27    0.00    0.00    0.00   32.65
10:19:26 PM    1    1.09    0.00   13.04    0.00    4.35    0.00    0.00    0.00    0.00   81.52
10:19:26 PM    2    0.00    0.00    7.22    0.00    2.06    0.00    0.00    0.00    0.00   90.72
10:19:26 PM    3    0.00    0.00    8.16    0.00    2.04    0.00    0.00    0.00    0.00   89.80

10:19:26 PM  CPU    %usr   %nice    %sys %iowait    %irq   %soft  %steal  %guest  %gnice   %idle
10:19:27 PM  all    0.00    0.00    7.01    0.00    3.38   16.10    0.00    0.00    0.00   73.51
10:19:27 PM    0    0.00    0.00    0.00    0.00    5.00   62.00    0.00    0.00    0.00   33.00
10:19:27 PM    1    0.00    0.00   13.98    0.00    4.30    0.00    0.00    0.00    0.00   81.72
10:19:27 PM    2    0.00    0.00    8.25    0.00    2.06    0.00    0.00    0.00    0.00   89.69
10:19:27 PM    3    0.00    0.00    6.32    0.00    2.11    0.00    0.00    0.00    0.00   91.58

10:19:27 PM  CPU    %usr   %nice    %sys %iowait    %irq   %soft  %steal  %guest  %gnice   %idle
10:19:28 PM  all    0.77    0.00    7.99    0.00    3.35   15.72    0.00    0.00    0.00   72.16
10:19:28 PM    0    0.00    0.00    0.00    0.00    5.10   62.24    0.00    0.00    0.00   32.65
10:19:28 PM    1    1.06    0.00   17.02    0.00    4.26    0.00    0.00    0.00    0.00   77.66
10:19:28 PM    2    0.00    0.00    9.09    0.00    2.02    0.00    0.00    0.00    0.00   88.89
10:19:28 PM    3    2.06    0.00    6.19    0.00    2.06    0.00    0.00    0.00    0.00   89.69

10:19:28 PM  CPU    %usr   %nice    %sys %iowait    %irq   %soft  %steal  %guest  %gnice   %idle
10:19:29 PM  all    0.26    0.00    8.42    0.00    3.06   15.82    0.00    0.00    0.00   72.45
10:19:29 PM    0    0.00    0.00    0.00    0.00    5.00   62.00    0.00    0.00    0.00   33.00
10:19:29 PM    1    1.08    0.00   27.96    0.00    6.45    0.00    0.00    0.00    0.00   64.52
10:19:29 PM    2    0.00    0.00    0.00    0.00    0.00    0.00    0.00    0.00    0.00  100.00
10:19:29 PM    3    0.00    0.00    7.07    0.00    1.01    0.00    0.00    0.00    0.00   91.92

10:19:29 PM  CPU    %usr   %nice    %sys %iowait    %irq   %soft  %steal  %guest  %gnice   %idle
10:19:30 PM  all    0.00    0.00    7.51    0.00    3.37   16.06    0.00    0.00    0.00   73.06
10:19:30 PM    0    0.00    0.00    0.00    0.00    5.05   62.63    0.00    0.00    0.00   32.32
10:19:30 PM    1    0.00    0.00   15.05    0.00    4.30    0.00    0.00    0.00    0.00   80.65
10:19:30 PM    2    0.00    0.00    7.29    0.00    2.08    0.00    0.00    0.00    0.00   90.62
10:19:30 PM    3    0.00    0.00    8.16    0.00    2.04    0.00    0.00    0.00    0.00   89.80

10:19:30 PM  CPU    %usr   %nice    %sys %iowait    %irq   %soft  %steal  %guest  %gnice   %idle
10:19:31 PM  all    0.00    0.00    8.23    0.00    3.34   15.68    0.00    0.00    0.00   72.75
10:19:31 PM    0    0.00    0.00    0.00    0.00    5.05   61.62    0.00    0.00    0.00   33.33
10:19:31 PM    1    0.00    0.00   14.58    0.00    3.12    0.00    0.00    0.00    0.00   82.29
10:19:31 PM    2    0.00    0.00    8.16    0.00    2.04    0.00    0.00    0.00    0.00   89.80
10:19:31 PM    3    0.00    0.00   10.42    0.00    3.12    0.00    0.00    0.00    0.00   86.46

10:19:31 PM  CPU    %usr   %nice    %sys %iowait    %irq   %soft  %steal  %guest  %gnice   %idle
10:19:32 PM  all    0.00    0.00    8.46    0.00    3.08   16.15    0.00    0.00    0.00   72.31
10:19:32 PM    0    0.00    0.00    0.00    0.00    4.08   63.27    0.00    0.00    0.00   32.65
10:19:32 PM    1    0.00    0.00    8.25    0.00    2.06    0.00    0.00    0.00    0.00   89.69
10:19:32 PM    2    0.00    0.00    9.18    0.00    2.04    0.00    0.00    0.00    0.00   88.78
10:19:32 PM    3    0.00    0.00   16.49    0.00    4.12    1.03    0.00    0.00    0.00   78.35

10:19:32 PM  CPU    %usr   %nice    %sys %iowait    %irq   %soft  %steal  %guest  %gnice   %idle
10:19:33 PM  all    0.76    0.00    7.89    0.00    3.31   15.78    0.00    0.00    0.00   72.26
10:19:33 PM    0    0.00    0.00    0.00    0.00    5.00   62.00    0.00    0.00    0.00   33.00
10:19:33 PM    1    1.00    0.00    9.00    0.00    2.00    0.00    0.00    0.00    0.00   88.00
10:19:33 PM    2    1.03    0.00    6.19    0.00    2.06    0.00    0.00    0.00    0.00   90.72
10:19:33 PM    3    1.04    0.00   16.67    0.00    4.17    0.00    0.00    0.00    0.00   78.12

Average:     CPU    %usr   %nice    %sys %iowait    %irq   %soft  %steal  %guest  %gnice   %idle
Average:     all    0.27    0.00    7.94    0.01    3.26   15.79    0.00    0.00    0.00   72.73
Average:       0    0.02    0.00    0.07    0.00    4.86   61.88    0.00    0.00    0.00   33.18
Average:       1    0.36    0.00   10.96    0.00    2.77    0.02    0.00    0.00    0.00   85.90
Average:       2    0.31    0.00    8.47    0.03    2.10    0.02    0.00    0.00    0.00   89.07
Average:       3    0.42    0.00   12.51    0.00    3.28    0.03    0.00    0.00    0.00   83.75
