Linux 7.2.0-rc1 (bpi-f3) 	07/10/2026 	_riscv64_	(8 CPU)

06:09:48 PM  CPU    %usr   %nice    %sys %iowait    %irq   %soft  %steal  %guest  %gnice   %idle
06:09:49 PM  all    0.00    0.00    0.12    0.00    2.99   34.50    0.00    0.00    0.00   62.39
06:09:49 PM    0    0.00    0.00    0.00    0.00   22.22   77.78    0.00    0.00    0.00    0.00
06:09:49 PM    1    0.00    0.00    0.00    0.00    0.99   99.01    0.00    0.00    0.00    0.00
06:09:49 PM    2    0.00    0.00    0.00    0.00    0.00    0.00    0.00    0.00    0.00  100.00
06:09:49 PM    3    0.00    0.00    0.00    0.00    0.00    0.98    0.00    0.00    0.00   99.02
06:09:49 PM    4    0.00    0.00    0.00    0.00    1.00   99.00    0.00    0.00    0.00    0.00
06:09:49 PM    5    0.00    0.00    0.00    0.00    0.00    0.00    0.00    0.00    0.00  100.00
06:09:49 PM    6    0.00    0.00    0.99    0.00    0.00    0.00    0.00    0.00    0.00   99.01
06:09:49 PM    7    0.00    0.00    0.00    0.00    0.00    0.00    0.00    0.00    0.00  100.00

06:09:49 PM  CPU    %usr   %nice    %sys %iowait    %irq   %soft  %steal  %guest  %gnice   %idle
06:09:50 PM  all    0.00    0.00    0.12    0.00    3.12   34.54    0.00    0.00    0.00   62.22
06:09:50 PM    0    0.00    0.00    0.99    0.00   22.77   76.24    0.00    0.00    0.00    0.00
06:09:50 PM    1    0.00    0.00    0.00    0.00    1.00   99.00    0.00    0.00    0.00    0.00
06:09:50 PM    2    0.00    0.00    0.00    0.00    0.00    0.00    0.00    0.00    0.00  100.00
06:09:50 PM    3    0.00    0.00    0.00    0.00    0.00    0.00    0.00    0.00    0.00  100.00
06:09:50 PM    4    0.00    0.00    0.00    0.00    0.00  100.00    0.00    0.00    0.00    0.00
06:09:50 PM    5    0.00    0.00    0.00    0.00    0.00    0.99    0.00    0.00    0.00   99.01
06:09:50 PM    6    0.00    0.00    0.00    0.00    0.99    0.00    0.00    0.00    0.00   99.01
06:09:50 PM    7    0.00    0.00    0.00    0.00    0.00    0.00    0.00    0.00    0.00  100.00

06:09:50 PM  CPU    %usr   %nice    %sys %iowait    %irq   %soft  %steal  %guest  %gnice   %idle
06:09:51 PM  all    0.00    0.00    0.25    0.00    3.11   33.62    0.00    0.00    0.00   63.01
06:09:51 PM    0    0.00    0.00    1.98    0.00   22.77   75.25    0.00    0.00    0.00    0.00
06:09:51 PM    1    0.00    0.00    0.00    0.00    1.00   96.00    0.00    0.00    0.00    3.00
06:09:51 PM    2    0.00    0.00    0.00    0.00    0.00    0.99    0.00    0.00    0.00   99.01
06:09:51 PM    3    0.00    0.00    0.00    0.00    0.00    0.00    0.00    0.00    0.00  100.00
06:09:51 PM    4    0.00    0.00    0.00    0.00    1.00   97.00    0.00    0.00    0.00    2.00
06:09:51 PM    5    0.00    0.00    0.00    0.00    0.00    0.00    0.00    0.00    0.00  100.00
06:09:51 PM    6    0.00    0.00    0.00    0.00    0.00    0.00    0.00    0.00    0.00  100.00
06:09:51 PM    7    0.00    0.00    0.00    0.00    0.00    0.00    0.00    0.00    0.00  100.00

06:09:51 PM  CPU    %usr   %nice    %sys %iowait    %irq   %soft  %steal  %guest  %gnice   %idle
06:09:52 PM  all    0.00    0.00    0.00    0.00    4.74    7.62    0.00    0.00    0.00   87.64
06:09:52 PM    0    0.00    0.00    0.00    0.00   38.38   61.62    0.00    0.00    0.00    0.00
06:09:52 PM    1    0.00    0.00    0.00    0.00    0.00    0.00    0.00    0.00    0.00  100.00
06:09:52 PM    2    0.00    0.00    0.00    0.00    0.00    0.00    0.00    0.00    0.00  100.00
06:09:52 PM    3    0.00    0.00    0.00    0.00    0.00    0.00    0.00    0.00    0.00  100.00
06:09:52 PM    4    0.00    0.00    0.00    0.00    0.00    0.00    0.00    0.00    0.00  100.00
06:09:52 PM    5    0.00    0.00    0.00    0.00    0.00    0.00    0.00    0.00    0.00  100.00
06:09:52 PM    6    0.00    0.00    0.00    0.00    0.00    0.00    0.00    0.00    0.00  100.00
06:09:52 PM    7    0.00    0.00    0.00    0.00    0.00    0.00    0.00    0.00    0.00  100.00

06:09:52 PM  CPU    %usr   %nice    %sys %iowait    %irq   %soft  %steal  %guest  %gnice   %idle
06:09:53 PM  all    0.00    0.00    0.12    0.00    4.61    7.73    0.00    0.00    0.00   87.53
06:09:53 PM    0    0.00    0.00    1.00    0.00   37.00   62.00    0.00    0.00    0.00    0.00
06:09:53 PM    1    0.00    0.00    0.00    0.00    0.00    0.00    0.00    0.00    0.00  100.00
06:09:53 PM    2    0.00    0.00    0.00    0.00    0.00    0.00    0.00    0.00    0.00  100.00
06:09:53 PM    3    0.00    0.00    0.00    0.00    0.00    0.00    0.00    0.00    0.00  100.00
06:09:53 PM    4    0.00    0.00    0.00    0.00    0.00    0.00    0.00    0.00    0.00  100.00
06:09:53 PM    5    0.00    0.00    0.00    0.00    0.00    0.00    0.00    0.00    0.00  100.00
06:09:53 PM    6    0.00    0.00    0.00    0.00    0.00    0.00    0.00    0.00    0.00  100.00
06:09:53 PM    7    0.00    0.00    0.00    0.00    0.00    0.00    0.00    0.00    0.00  100.00

06:09:53 PM  CPU    %usr   %nice    %sys %iowait    %irq   %soft  %steal  %guest  %gnice   %idle
06:09:54 PM  all    0.00    0.00    0.12    0.00    4.73    7.85    0.00    0.00    0.00   87.30
06:09:54 PM    0    0.00    0.00    0.00    0.00   38.00   62.00    0.00    0.00    0.00    0.00
06:09:54 PM    1    0.00    0.00    0.00    0.00    0.00    0.99    0.00    0.00    0.00   99.01
06:09:54 PM    2    0.00    0.00    0.00    0.00    0.00    0.00    0.00    0.00    0.00  100.00
06:09:54 PM    3    0.00    0.00    0.00    0.00    0.00    0.00    0.00    0.00    0.00  100.00
06:09:54 PM    4    0.00    0.00    0.99    0.00    0.00    0.00    0.00    0.00    0.00   99.01
06:09:54 PM    5    0.00    0.00    0.00    0.00    0.00    0.00    0.00    0.00    0.00  100.00
06:09:54 PM    6    0.00    0.00    0.00    0.00    0.00    0.00    0.00    0.00    0.00  100.00
06:09:54 PM    7    0.00    0.00    0.00    0.00    0.00    0.00    0.00    0.00    0.00  100.00

06:09:54 PM  CPU    %usr   %nice    %sys %iowait    %irq   %soft  %steal  %guest  %gnice   %idle
06:09:55 PM  all    0.00    0.00    0.12    0.00    4.62    7.75    0.00    0.00    0.00   87.50
06:09:55 PM    0    0.00    0.00    1.00    0.00   37.00   62.00    0.00    0.00    0.00    0.00
06:09:55 PM    1    0.00    0.00    0.00    0.00    0.00    0.00    0.00    0.00    0.00  100.00
06:09:55 PM    2    0.00    0.00    0.00    0.00    0.00    0.00    0.00    0.00    0.00  100.00
06:09:55 PM    3    0.00    0.00    0.00    0.00    0.00    0.00    0.00    0.00    0.00  100.00
06:09:55 PM    4    0.00    0.00    0.00    0.00    0.00    0.00    0.00    0.00    0.00  100.00
06:09:55 PM    5    0.00    0.00    0.00    0.00    0.00    0.00    0.00    0.00    0.00  100.00
06:09:55 PM    6    0.00    0.00    0.00    0.00    0.00    0.00    0.00    0.00    0.00  100.00
06:09:55 PM    7    0.00    0.00    0.00    0.00    0.00    0.00    0.00    0.00    0.00  100.00

06:09:55 PM  CPU    %usr   %nice    %sys %iowait    %irq   %soft  %steal  %guest  %gnice   %idle
06:09:56 PM  all    0.00    0.00    0.12    0.00    3.75   23.85    0.00    0.00    0.00   72.28
06:09:56 PM    0    0.00    0.00    0.99    0.00   28.71   70.30    0.00    0.00    0.00    0.00
06:09:56 PM    1    0.00    0.00    0.00    0.00    0.00   60.61    0.00    0.00    0.00   39.39
06:09:56 PM    2    0.00    0.00    0.00    0.00    0.00    0.00    0.00    0.00    0.00  100.00
06:09:56 PM    3    0.00    0.00    0.00    0.00    0.99    0.00    0.00    0.00    0.00   99.01
06:09:56 PM    4    0.00    0.00    0.00    0.00    0.00   60.61    0.00    0.00    0.00   39.39
06:09:56 PM    5    0.00    0.00    0.00    0.00    0.00    0.00    0.00    0.00    0.00  100.00
06:09:56 PM    6    0.00    0.00    0.00    0.00    0.00    0.00    0.00    0.00    0.00  100.00
06:09:56 PM    7    0.00    0.00    0.00    0.00    0.00    0.00    0.00    0.00    0.00  100.00

06:09:56 PM  CPU    %usr   %nice    %sys %iowait    %irq   %soft  %steal  %guest  %gnice   %idle
06:09:57 PM  all    0.00    0.00    0.12    0.00    3.00   34.46    0.00    0.00    0.00   62.42
06:09:57 PM    0    0.00    0.00    1.00    0.00   22.00   77.00    0.00    0.00    0.00    0.00
06:09:57 PM    1    0.00    0.00    0.00    0.00    1.00   99.00    0.00    0.00    0.00    0.00
06:09:57 PM    2    0.00    0.00    0.00    0.00    0.00    0.00    0.00    0.00    0.00  100.00
06:09:57 PM    3    0.00    0.00    0.00    0.00    0.00    0.00    0.00    0.00    0.00  100.00
06:09:57 PM    4    0.00    0.00    0.00    0.00    0.99   99.01    0.00    0.00    0.00    0.00
06:09:57 PM    5    0.00    0.00    0.00    0.00    0.00    0.00    0.00    0.00    0.00  100.00
06:09:57 PM    6    0.00    0.00    0.00    0.00    0.00    0.00    0.00    0.00    0.00  100.00
06:09:57 PM    7    0.00    0.00    0.00    0.00    0.00    0.00    0.00    0.00    0.00  100.00

06:09:57 PM  CPU    %usr   %nice    %sys %iowait    %irq   %soft  %steal  %guest  %gnice   %idle
06:09:58 PM  all    0.00    0.00    0.12    0.00    3.00   34.38    0.00    0.00    0.00   62.50
06:09:58 PM    0    0.00    0.00    1.00    0.00   22.00   77.00    0.00    0.00    0.00    0.00
06:09:58 PM    1    0.00    0.00    0.00    0.00    1.00   99.00    0.00    0.00    0.00    0.00
06:09:58 PM    2    0.00    0.00    0.00    0.00    0.00    0.00    0.00    0.00    0.00  100.00
06:09:58 PM    3    0.00    0.00    0.00    0.00    0.00    0.00    0.00    0.00    0.00  100.00
06:09:58 PM    4    0.00    0.00    0.00    0.00    1.00   99.00    0.00    0.00    0.00    0.00
06:09:58 PM    5    0.00    0.00    0.00    0.00    0.00    0.00    0.00    0.00    0.00  100.00
06:09:58 PM    6    0.00    0.00    0.00    0.00    0.00    0.00    0.00    0.00    0.00  100.00
06:09:58 PM    7    0.00    0.00    0.00    0.00    0.00    0.00    0.00    0.00    0.00  100.00

06:09:58 PM  CPU    %usr   %nice    %sys %iowait    %irq   %soft  %steal  %guest  %gnice   %idle
06:09:59 PM  all    0.00    0.00    0.12    0.00    2.87   34.71    0.00    0.00    0.00   62.30
06:09:59 PM    0    0.00    0.00    1.00    0.00   22.00   77.00    0.00    0.00    0.00    0.00
06:09:59 PM    1    0.00    0.00    0.00    0.00    0.99   99.01    0.00    0.00    0.00    0.00
06:09:59 PM    2    0.00    0.00    0.00    0.00    0.00    1.00    0.00    0.00    0.00   99.00
06:09:59 PM    3    0.00    0.00    0.00    0.00    0.00    0.00    0.00    0.00    0.00  100.00
06:09:59 PM    4    0.00    0.00    0.00    0.00    0.00  100.00    0.00    0.00    0.00    0.00
06:09:59 PM    5    0.00    0.00    0.00    0.00    0.00    0.00    0.00    0.00    0.00  100.00
06:09:59 PM    6    0.00    0.00    0.00    0.00    0.00    0.00    0.00    0.00    0.00  100.00
06:09:59 PM    7    0.00    0.00    0.00    0.00    0.00    0.00    0.00    0.00    0.00  100.00

06:09:59 PM  CPU    %usr   %nice    %sys %iowait    %irq   %soft  %steal  %guest  %gnice   %idle
06:10:00 PM  all    0.00    0.00    0.12    0.00    2.99   34.54    0.00    0.00    0.00   62.34
06:10:00 PM    0    0.00    0.00    1.00    0.00   22.00   77.00    0.00    0.00    0.00    0.00
06:10:00 PM    1    0.00    0.00    0.00    0.00    1.00   99.00    0.00    0.00    0.00    0.00
06:10:00 PM    2    0.00    0.00    0.00    0.00    0.00    0.00    0.00    0.00    0.00  100.00
06:10:00 PM    3    0.00    0.00    0.00    0.00    0.00    0.00    0.00    0.00    0.00  100.00
06:10:00 PM    4    0.00    0.00    0.00    0.00    0.99   76.24    0.00    0.00    0.00   22.77
06:10:00 PM    5    0.00    0.00    0.00    0.00    0.00    0.00    0.00    0.00    0.00  100.00
06:10:00 PM    6    0.00    0.00    0.00    0.00    0.00   24.00    0.00    0.00    0.00   76.00
06:10:00 PM    7    0.00    0.00    0.00    0.00    0.00    0.00    0.00    0.00    0.00  100.00

06:10:00 PM  CPU    %usr   %nice    %sys %iowait    %irq   %soft  %steal  %guest  %gnice   %idle
06:10:01 PM  all    0.63    0.00    0.63    0.00    3.01   34.34    0.00    0.00    0.00   61.40
06:10:01 PM    0    0.00    0.00    1.01    0.00   22.22   76.77    0.00    0.00    0.00    0.00
06:10:01 PM    1    0.00    0.00    0.00    0.00    1.00   99.00    0.00    0.00    0.00    0.00
06:10:01 PM    2    0.00    0.00    0.00    0.00    0.99    0.00    0.00    0.00    0.00   99.01
06:10:01 PM    3    2.00    0.00    0.00    0.00    0.00    0.00    0.00    0.00    0.00   98.00
06:10:01 PM    4    1.01    0.00    3.03    0.00    0.00    0.00    0.00    0.00    0.00   95.96
06:10:01 PM    5    1.00    0.00    1.00    0.00    0.00    0.00    0.00    0.00    0.00   98.00
06:10:01 PM    6    0.00    0.00    0.00    0.00    0.00  100.00    0.00    0.00    0.00    0.00
06:10:01 PM    7    1.00    0.00    0.00    0.00    0.00    0.00    0.00    0.00    0.00   99.00

06:10:01 PM  CPU    %usr   %nice    %sys %iowait    %irq   %soft  %steal  %guest  %gnice   %idle
06:10:02 PM  all    0.00    0.00    0.12    0.00    2.99   34.41    0.00    0.00    0.00   62.47
06:10:02 PM    0    0.00    0.00    1.01    0.00   22.22   76.77    0.00    0.00    0.00    0.00
06:10:02 PM    1    0.00    0.00    0.00    0.00    1.00   99.00    0.00    0.00    0.00    0.00
06:10:02 PM    2    0.00    0.00    0.00    0.00    0.00    1.00    0.00    0.00    0.00   99.00
06:10:02 PM    3    0.00    0.00    0.00    0.00    0.00    0.00    0.00    0.00    0.00  100.00
06:10:02 PM    4    0.00    0.00    0.00    0.00    0.00    0.00    0.00    0.00    0.00  100.00
06:10:02 PM    5    0.00    0.00    0.00    0.00    0.00    0.00    0.00    0.00    0.00  100.00
06:10:02 PM    6    0.00    0.00    0.00    0.00    0.99   99.01    0.00    0.00    0.00    0.00
06:10:02 PM    7    0.00    0.00    0.00    0.00    0.00    0.00    0.00    0.00    0.00  100.00

06:10:02 PM  CPU    %usr   %nice    %sys %iowait    %irq   %soft  %steal  %guest  %gnice   %idle
06:10:03 PM  all    0.00    0.00    0.12    0.00    3.12   34.33    0.00    0.00    0.00   62.42
06:10:03 PM    0    0.00    0.00    0.99    0.00   22.77   76.24    0.00    0.00    0.00    0.00
06:10:03 PM    1    0.00    0.00    0.00    0.00    1.00   99.00    0.00    0.00    0.00    0.00
06:10:03 PM    2    0.00    0.00    0.00    0.00    0.00    0.00    0.00    0.00    0.00  100.00
06:10:03 PM    3    0.00    0.00    0.00    0.00    0.00    0.00    0.00    0.00    0.00  100.00
06:10:03 PM    4    0.00    0.00    0.00    0.00    0.00    0.00    0.00    0.00    0.00  100.00
06:10:03 PM    5    0.00    0.00    0.00    0.00    0.00    0.00    0.00    0.00    0.00  100.00
06:10:03 PM    6    0.00    0.00    0.00    0.00    1.00   99.00    0.00    0.00    0.00    0.00
06:10:03 PM    7    0.00    0.00    0.00    0.00    0.00    0.00    0.00    0.00    0.00  100.00

06:10:03 PM  CPU    %usr   %nice    %sys %iowait    %irq   %soft  %steal  %guest  %gnice   %idle
06:10:04 PM  all    0.00    0.00    0.25    0.00    2.75   34.38    0.00    0.00    0.00   62.62
06:10:04 PM    0    0.00    0.00    2.00    0.00   22.00   76.00    0.00    0.00    0.00    0.00
06:10:04 PM    1    0.00    0.00    0.00    0.00    0.00  100.00    0.00    0.00    0.00    0.00
06:10:04 PM    2    0.00    0.00    0.00    0.00    0.00    0.00    0.00    0.00    0.00  100.00
06:10:04 PM    3    0.00    0.00    0.00    0.00    0.00    0.00    0.00    0.00    0.00  100.00
06:10:04 PM    4    0.00    0.00    0.00    0.00    0.00    0.00    0.00    0.00    0.00  100.00
06:10:04 PM    5    0.00    0.00    0.00    0.00    0.00    0.00    0.00    0.00    0.00  100.00
06:10:04 PM    6    0.00    0.00    0.00    0.00    0.00  100.00    0.00    0.00    0.00    0.00
06:10:04 PM    7    0.00    0.00    0.00    0.00    0.00    0.00    0.00    0.00    0.00  100.00

06:10:04 PM  CPU    %usr   %nice    %sys %iowait    %irq   %soft  %steal  %guest  %gnice   %idle
06:10:05 PM  all    0.00    0.00    0.12    0.00    4.36   15.19    0.00    0.00    0.00   80.32
06:10:05 PM    0    0.00    0.00    0.99    0.00   33.66   65.35    0.00    0.00    0.00    0.00
06:10:05 PM    1    0.00    0.00    0.00    0.00    0.99   17.82    0.00    0.00    0.00   81.19
06:10:05 PM    2    0.00    0.00    0.00    0.00    0.00    0.00    0.00    0.00    0.00  100.00
06:10:05 PM    3    0.00    0.00    0.00    0.00    0.00    0.00    0.00    0.00    0.00  100.00
06:10:05 PM    4    0.00    0.00    0.00    0.00    0.00    0.00    0.00    0.00    0.00  100.00
06:10:05 PM    5    0.00    0.00    0.00    0.00    0.00    0.00    0.00    0.00    0.00  100.00
06:10:05 PM    6    0.00    0.00    0.00    0.00    0.00   38.00    0.00    0.00    0.00   62.00
06:10:05 PM    7    0.00    0.00    0.00    0.00    0.00    0.00    0.00    0.00    0.00  100.00

06:10:05 PM  CPU    %usr   %nice    %sys %iowait    %irq   %soft  %steal  %guest  %gnice   %idle
06:10:06 PM  all    0.00    0.00    0.12    0.00    4.61   11.08    0.00    0.00    0.00   84.18
06:10:06 PM    0    0.00    0.00    0.00    0.00   36.36   63.64    0.00    0.00    0.00    0.00
06:10:06 PM    1    0.00    0.00    0.00    0.00    0.00    0.99    0.00    0.00    0.00   99.01
06:10:06 PM    2    0.00    0.00    0.00    0.00    0.00    0.00    0.00    0.00    0.00  100.00
06:10:06 PM    3    0.00    0.00    0.99    0.00    0.00    0.00    0.00    0.00    0.00   99.01
06:10:06 PM    4    0.00    0.00    0.00    0.00    0.00    0.00    0.00    0.00    0.00  100.00
06:10:06 PM    5    0.00    0.00    0.00    0.00    0.00    0.00    0.00    0.00    0.00  100.00
06:10:06 PM    6    0.00    0.00    0.00    0.00    1.00   25.00    0.00    0.00    0.00   74.00
06:10:06 PM    7    0.00    0.00    0.00    0.00    0.00    0.00    0.00    0.00    0.00  100.00

06:10:06 PM  CPU    %usr   %nice    %sys %iowait    %irq   %soft  %steal  %guest  %gnice   %idle
06:10:07 PM  all    0.00    0.00    0.00    0.00    4.49   11.24    0.00    0.00    0.00   84.27
06:10:07 PM    0    0.00    0.00    0.00    0.00   36.00   64.00    0.00    0.00    0.00    0.00
06:10:07 PM    1    0.00    0.00    0.00    0.00    0.00    0.00    0.00    0.00    0.00  100.00
06:10:07 PM    2    0.00    0.00    0.00    0.00    0.00    0.00    0.00    0.00    0.00  100.00
06:10:07 PM    3    0.00    0.00    0.00    0.00    0.00    0.00    0.00    0.00    0.00  100.00
06:10:07 PM    4    0.00    0.00    0.00    0.00    0.00    0.00    0.00    0.00    0.00  100.00
06:10:07 PM    5    0.00    0.00    0.00    0.00    0.00    0.00    0.00    0.00    0.00  100.00
06:10:07 PM    6    0.00    0.00    0.00    0.00    0.00   26.00    0.00    0.00    0.00   74.00
06:10:07 PM    7    0.00    0.00    0.00    0.00    0.00    0.00    0.00    0.00    0.00  100.00

06:10:07 PM  CPU    %usr   %nice    %sys %iowait    %irq   %soft  %steal  %guest  %gnice   %idle
06:10:08 PM  all    0.00    0.00    0.12    0.00    4.49   11.10    0.00    0.00    0.00   84.29
06:10:08 PM    0    0.00    0.00    0.99    0.00   35.64   63.37    0.00    0.00    0.00    0.00
06:10:08 PM    1    0.00    0.00    0.00    0.00    0.00    0.00    0.00    0.00    0.00  100.00
06:10:08 PM    2    0.00    0.00    0.00    0.00    0.00    0.00    0.00    0.00    0.00  100.00
06:10:08 PM    3    0.00    0.00    0.00    0.00    0.00    0.00    0.00    0.00    0.00  100.00
06:10:08 PM    4    0.00    0.00    0.00    0.00    0.00    0.00    0.00    0.00    0.00  100.00
06:10:08 PM    5    0.00    0.00    0.00    0.00    0.00    0.00    0.00    0.00    0.00  100.00
06:10:08 PM    6    0.00    0.00    0.00    0.00    0.00   25.00    0.00    0.00    0.00   75.00
06:10:08 PM    7    0.00    0.00    0.00    0.00    0.00    0.00    0.00    0.00    0.00  100.00

06:10:08 PM  CPU    %usr   %nice    %sys %iowait    %irq   %soft  %steal  %guest  %gnice   %idle
06:10:09 PM  all    0.00    0.00    0.00    0.00    3.75   20.40    0.00    0.00    0.00   75.84
06:10:09 PM    0    0.00    0.00    0.00    0.00   30.30   69.70    0.00    0.00    0.00    0.00
06:10:09 PM    1    0.00    0.00    0.00    0.00    0.00    0.00    0.00    0.00    0.00  100.00
06:10:09 PM    2    0.00    0.00    0.00    0.00    0.00    0.00    0.00    0.00    0.00  100.00
06:10:09 PM    3    0.00    0.00    0.00    0.00    0.00    0.00    0.00    0.00    0.00  100.00
06:10:09 PM    4    0.00    0.00    0.00    0.00    0.00    0.00    0.00    0.00    0.00  100.00
06:10:09 PM    5    0.00    0.00    0.00    0.00    0.00   38.38    0.00    0.00    0.00   61.62
06:10:09 PM    6    0.00    0.00    0.00    0.00    0.00   56.57    0.00    0.00    0.00   43.43
06:10:09 PM    7    0.00    0.00    0.00    0.00    0.00    0.00    0.00    0.00    0.00  100.00

06:10:09 PM  CPU    %usr   %nice    %sys %iowait    %irq   %soft  %steal  %guest  %gnice   %idle
06:10:10 PM  all    0.00    0.00    0.25    0.00    2.99   33.42    0.00    0.00    0.00   63.34
06:10:10 PM    0    0.00    0.00    2.00    0.00   22.00   76.00    0.00    0.00    0.00    0.00
06:10:10 PM    1    0.00    0.00    0.00    0.00    0.00    0.00    0.00    0.00    0.00  100.00
06:10:10 PM    2    0.00    0.00    0.00    0.00    0.00    0.00    0.00    0.00    0.00  100.00
06:10:10 PM    3    0.00    0.00    0.00    0.00    0.00    0.00    0.00    0.00    0.00  100.00
06:10:10 PM    4    0.00    0.00    0.00    0.00    0.00    0.00    0.00    0.00    0.00  100.00
06:10:10 PM    5    0.00    0.00    0.00    0.00    1.00   92.00    0.00    0.00    0.00    7.00
06:10:10 PM    6    0.00    0.00    0.00    0.00    0.99   99.01    0.00    0.00    0.00    0.00
06:10:10 PM    7    0.00    0.00    0.00    0.00    0.00    0.00    0.00    0.00    0.00  100.00

06:10:10 PM  CPU    %usr   %nice    %sys %iowait    %irq   %soft  %steal  %guest  %gnice   %idle
06:10:11 PM  all    0.00    0.00    0.13    0.00    2.75   33.54    0.00    0.00    0.00   63.58
06:10:11 PM    0    0.00    0.00    1.00    0.00   22.00   77.00    0.00    0.00    0.00    0.00
06:10:11 PM    1    0.00    0.00    0.00    0.00    0.00    0.00    0.00    0.00    0.00  100.00
06:10:11 PM    2    0.00    0.00    0.00    0.00    0.00    0.00    0.00    0.00    0.00  100.00
06:10:11 PM    3    0.00    0.00    0.00    0.00    0.00    0.00    0.00    0.00    0.00  100.00
06:10:11 PM    4    0.00    0.00    0.00    0.00    0.00    0.00    0.00    0.00    0.00  100.00
06:10:11 PM    5    0.00    0.00    0.00    0.00    0.00   92.00    0.00    0.00    0.00    8.00
06:10:11 PM    6    0.00    0.00    0.00    0.00    0.00  100.00    0.00    0.00    0.00    0.00
06:10:11 PM    7    0.00    0.00    0.00    0.00    0.00    0.00    0.00    0.00    0.00  100.00

06:10:11 PM  CPU    %usr   %nice    %sys %iowait    %irq   %soft  %steal  %guest  %gnice   %idle
06:10:12 PM  all    0.00    0.00    0.12    0.00    3.00   33.21    0.00    0.00    0.00   63.67
06:10:12 PM    0    0.00    0.00    1.00    0.00   22.00   77.00    0.00    0.00    0.00    0.00
06:10:12 PM    1    0.00    0.00    0.00    0.00    0.00    0.00    0.00    0.00    0.00  100.00
06:10:12 PM    2    0.00    0.00    0.00    0.00    0.00    0.00    0.00    0.00    0.00  100.00
06:10:12 PM    3    0.00    0.00    0.00    0.00    0.00    0.00    0.00    0.00    0.00  100.00
06:10:12 PM    4    0.00    0.00    0.00    0.00    0.00    0.00    0.00    0.00    0.00  100.00
06:10:12 PM    5    0.00    0.00    0.00    0.00    1.00   90.00    0.00    0.00    0.00    9.00
06:10:12 PM    6    0.00    0.00    0.00    0.00    1.00   99.00    0.00    0.00    0.00    0.00
06:10:12 PM    7    0.00    0.00    0.00    0.00    0.00    0.00    0.00    0.00    0.00  100.00

06:10:12 PM  CPU    %usr   %nice    %sys %iowait    %irq   %soft  %steal  %guest  %gnice   %idle
06:10:13 PM  all    0.00    0.00    0.12    0.00    2.98   33.66    0.00    0.00    0.00   63.23
06:10:13 PM    0    0.00    0.00    1.00    0.00   22.00   77.00    0.00    0.00    0.00    0.00
06:10:13 PM    1    0.00    0.00    0.00    0.00    0.00    0.99    0.00    0.00    0.00   99.01
06:10:13 PM    2    0.00    0.00    0.00    0.00    0.00    3.96    0.00    0.00    0.00   96.04
06:10:13 PM    3    0.00    0.00    0.00    0.00    0.00    0.00    0.00    0.00    0.00  100.00
06:10:13 PM    4    0.00    0.00    0.00    0.00    0.00    0.00    0.00    0.00    0.00  100.00
06:10:13 PM    5    0.00    0.00    0.00    0.00    0.99   88.12    0.00    0.00    0.00   10.89
06:10:13 PM    6    0.00    0.00    0.00    0.00    0.99   99.01    0.00    0.00    0.00    0.00
06:10:13 PM    7    0.00    0.00    0.00    0.00    0.00    0.00    0.00    0.00    0.00  100.00

06:10:13 PM  CPU    %usr   %nice    %sys %iowait    %irq   %soft  %steal  %guest  %gnice   %idle
06:10:14 PM  all    0.13    0.00    0.13    0.00    2.88   34.29    0.00    0.00    0.00   62.58
06:10:14 PM    0    0.00    0.00    1.01    0.00   22.22   76.77    0.00    0.00    0.00    0.00
06:10:14 PM    1    0.00    0.00    0.00    0.00    0.00    0.00    0.00    0.00    0.00  100.00
06:10:14 PM    2    0.00    0.00    0.00    0.00    1.00   99.00    0.00    0.00    0.00    0.00
06:10:14 PM    3    0.00    0.00    0.00    0.00    0.00    0.00    0.00    0.00    0.00  100.00
06:10:14 PM    4    0.99    0.00    0.00    0.00    0.00    0.00    0.00    0.00    0.00   99.01
06:10:14 PM    5    0.00    0.00    0.00    0.00    0.00    0.00    0.00    0.00    0.00  100.00
06:10:14 PM    6    0.00    0.00    0.00    0.00    0.00  100.00    0.00    0.00    0.00    0.00
06:10:14 PM    7    0.00    0.00    0.00    0.00    0.00    0.00    0.00    0.00    0.00  100.00

06:10:14 PM  CPU    %usr   %nice    %sys %iowait    %irq   %soft  %steal  %guest  %gnice   %idle
06:10:15 PM  all    0.00    0.00    0.25    0.00    2.99   34.25    0.00    0.00    0.00   62.52
06:10:15 PM    0    0.00    0.00    2.00    0.00   22.00   76.00    0.00    0.00    0.00    0.00
06:10:15 PM    1    0.00    0.00    0.00    0.00    0.00    0.00    0.00    0.00    0.00  100.00
06:10:15 PM    2    0.00    0.00    0.00    0.00    1.00   99.00    0.00    0.00    0.00    0.00
06:10:15 PM    3    0.00    0.00    0.00    0.00    0.00    0.00    0.00    0.00    0.00  100.00
06:10:15 PM    4    0.00    0.00    0.00    0.00    0.00    0.00    0.00    0.00    0.00  100.00
06:10:15 PM    5    0.00    0.00    0.00    0.00    0.00    0.00    0.00    0.00    0.00  100.00
06:10:15 PM    6    0.00    0.00    0.00    0.00    0.99   99.01    0.00    0.00    0.00    0.00
06:10:15 PM    7    0.00    0.00    0.00    0.00    0.00    0.00    0.00    0.00    0.00  100.00

06:10:15 PM  CPU    %usr   %nice    %sys %iowait    %irq   %soft  %steal  %guest  %gnice   %idle
06:10:16 PM  all    0.00    0.00    0.13    0.00    2.88   34.54    0.00    0.00    0.00   62.45
06:10:16 PM    0    0.00    0.00    0.99    0.00   21.78   77.23    0.00    0.00    0.00    0.00
06:10:16 PM    1    0.00    0.00    0.00    0.00    0.00    0.00    0.00    0.00    0.00  100.00
06:10:16 PM    2    0.00    0.00    0.00    0.00    1.00   99.00    0.00    0.00    0.00    0.00
06:10:16 PM    3    0.00    0.00    0.00    0.00    0.00    0.00    0.00    0.00    0.00  100.00
06:10:16 PM    4    0.00    0.00    0.00    0.00    0.00    0.00    0.00    0.00    0.00  100.00
06:10:16 PM    5    0.00    0.00    0.00    0.00    0.00    0.00    0.00    0.00    0.00  100.00
06:10:16 PM    6    0.00    0.00    0.00    0.00    0.00  100.00    0.00    0.00    0.00    0.00
06:10:16 PM    7    0.00    0.00    0.00    0.00    0.00    0.00    0.00    0.00    0.00  100.00

06:10:16 PM  CPU    %usr   %nice    %sys %iowait    %irq   %soft  %steal  %guest  %gnice   %idle
06:10:17 PM  all    0.25    0.00    0.00    0.00    2.99   34.50    0.00    0.00    0.00   62.27
06:10:17 PM    0    0.00    0.00    0.00    0.00   22.00   78.00    0.00    0.00    0.00    0.00
06:10:17 PM    1    0.00    0.00    0.00    0.00    0.00    0.99    0.00    0.00    0.00   99.01
06:10:17 PM    2    0.00    0.00    0.00    0.00    1.00   99.00    0.00    0.00    0.00    0.00
06:10:17 PM    3    0.00    0.00    0.00    0.00    0.00    0.00    0.00    0.00    0.00  100.00
06:10:17 PM    4    0.99    0.00    0.00    0.00    0.00    0.00    0.00    0.00    0.00   99.01
06:10:17 PM    5    0.00    0.00    0.00    0.00    0.00    0.00    0.00    0.00    0.00  100.00
06:10:17 PM    6    0.00    0.00    0.00    0.00    1.00   99.00    0.00    0.00    0.00    0.00
06:10:17 PM    7    0.99    0.00    0.00    0.00    0.00    0.00    0.00    0.00    0.00   99.01

06:10:17 PM  CPU    %usr   %nice    %sys %iowait    %irq   %soft  %steal  %guest  %gnice   %idle
06:10:18 PM  all    0.00    0.00    0.37    0.00    2.87   33.92    0.00    0.00    0.00   62.84
06:10:18 PM    0    0.00    0.00    1.00    0.00   22.00   77.00    0.00    0.00    0.00    0.00
06:10:18 PM    1    0.00    0.00    0.00    0.00    0.00    0.00    0.00    0.00    0.00  100.00
06:10:18 PM    2    0.00    0.00    0.00    0.00    0.00   37.62    0.00    0.00    0.00   62.38
06:10:18 PM    3    0.00    0.00    0.00    0.00    0.00    0.00    0.00    0.00    0.00  100.00
06:10:18 PM    4    0.00    0.00    0.00    0.00    0.00   57.58    0.00    0.00    0.00   42.42
06:10:18 PM    5    0.00    0.00    0.99    0.00    0.00    0.00    0.00    0.00    0.00   99.01
06:10:18 PM    6    0.00    0.00    0.00    0.00    0.99   99.01    0.00    0.00    0.00    0.00
06:10:18 PM    7    0.00    0.00    1.00    0.00    0.00    0.00    0.00    0.00    0.00   99.00

Average:     CPU    %usr   %nice    %sys %iowait    %irq   %soft  %steal  %guest  %gnice   %idle
Average:     all    0.03    0.00    0.15    0.00    3.45   26.91    0.00    0.00    0.00   69.46
Average:       0    0.00    0.00    0.90    0.00   26.47   72.63    0.00    0.00    0.00    0.00
Average:       1    0.00    0.00    0.00    0.00    0.37   38.96    0.00    0.00    0.00   60.67
Average:       2    0.00    0.00    0.00    0.00    0.17   14.69    0.00    0.00    0.00   85.15
Average:       3    0.07    0.00    0.03    0.00    0.03    0.03    0.00    0.00    0.00   99.83
Average:       4    0.10    0.00    0.13    0.00    0.17   26.25    0.00    0.00    0.00   73.35
Average:       5    0.03    0.00    0.07    0.00    0.10   13.39    0.00    0.00    0.00   86.41
Average:       6    0.00    0.00    0.03    0.00    0.33   49.52    0.00    0.00    0.00   50.12
Average:       7    0.07    0.00    0.03    0.00    0.00    0.00    0.00    0.00    0.00   99.90
