Linux 6.18.34 (pi5-2) 	07/12/2026 	_aarch64_	(4 CPU)

04:06:56 AM  CPU    %usr   %nice    %sys %iowait    %irq   %soft  %steal  %guest  %gnice   %idle
04:06:57 AM  all    0.00    0.00    0.00    0.00    0.50   30.75    0.00    0.00    0.00   68.75
04:06:57 AM    0    0.00    0.00    0.00    0.00    1.01   54.55    0.00    0.00    0.00   44.44
04:06:57 AM    1    0.00    0.00    0.00    0.00    0.00    0.00    0.00    0.00    0.00  100.00
04:06:57 AM    2    0.00    0.00    0.00    0.00    0.99   68.32    0.00    0.00    0.00   30.69
04:06:57 AM    3    0.00    0.00    0.00    0.00    0.00    0.00    0.00    0.00    0.00  100.00

04:06:57 AM  CPU    %usr   %nice    %sys %iowait    %irq   %soft  %steal  %guest  %gnice   %idle
04:06:58 AM  all    0.00    0.00    0.00    0.00    0.25   30.58    0.00    0.00    0.00   69.17
04:06:58 AM    0    0.00    0.00    0.00    0.00    1.00   54.00    0.00    0.00    0.00   45.00
04:06:58 AM    1    0.00    0.00    0.00    0.00    0.00    0.00    0.00    0.00    0.00  100.00
04:06:58 AM    2    0.00    0.00    0.00    0.00    0.00   68.69    0.00    0.00    0.00   31.31
04:06:58 AM    3    0.00    0.00    0.00    0.00    0.00    0.00    0.00    0.00    0.00  100.00

04:06:58 AM  CPU    %usr   %nice    %sys %iowait    %irq   %soft  %steal  %guest  %gnice   %idle
04:06:59 AM  all    0.00    0.00    0.25    0.00    0.50   29.57    0.00    0.00    0.00   69.67
04:06:59 AM    0    0.00    0.00    0.00    0.00    2.00   52.00    0.00    0.00    0.00   46.00
04:06:59 AM    1    0.00    0.00    0.00    0.00    0.00    0.00    0.00    0.00    0.00  100.00
04:06:59 AM    2    0.00    0.00    0.00    0.00    0.00   66.67    0.00    0.00    0.00   33.33
04:06:59 AM    3    0.00    0.00    0.99    0.00    0.00    0.00    0.00    0.00    0.00   99.01

04:06:59 AM  CPU    %usr   %nice    %sys %iowait    %irq   %soft  %steal  %guest  %gnice   %idle
04:07:00 AM  all    0.25    0.00    0.25    0.00    0.50   31.50    0.00    0.00    0.00   67.50
04:07:00 AM    0    0.00    0.00    0.00    0.00    1.01   55.56    0.00    0.00    0.00   43.43
04:07:00 AM    1    1.00    0.00    0.00    0.00    0.00    0.00    0.00    0.00    0.00   99.00
04:07:00 AM    2    0.00    0.00    0.98    0.00    0.98   69.61    0.00    0.00    0.00   28.43
04:07:00 AM    3    0.00    0.00    0.00    0.00    0.00    0.00    0.00    0.00    0.00  100.00

04:07:00 AM  CPU    %usr   %nice    %sys %iowait    %irq   %soft  %steal  %guest  %gnice   %idle
04:07:01 AM  all    0.00    0.00    0.00    0.00    0.25   30.90    0.00    0.00    0.00   68.84
04:07:01 AM    0    0.00    0.00    0.00    0.00    1.01   54.55    0.00    0.00    0.00   44.44
04:07:01 AM    1    0.00    0.00    0.00    0.00    0.00    0.00    0.00    0.00    0.00  100.00
04:07:01 AM    2    0.00    0.00    0.00    0.00    0.00   69.70    0.00    0.00    0.00   30.30
04:07:01 AM    3    0.00    0.00    0.00    0.00    0.00    0.00    0.00    0.00    0.00  100.00

04:07:01 AM  CPU    %usr   %nice    %sys %iowait    %irq   %soft  %steal  %guest  %gnice   %idle
04:07:02 AM  all    0.00    0.00    0.50    0.00    0.50   29.60    0.00    0.00    0.00   69.40
04:07:02 AM    0    0.00    0.00    1.00    0.00    1.00   53.00    0.00    0.00    0.00   45.00
04:07:02 AM    1    0.00    0.00    0.00    0.00    0.00    0.00    0.00    0.00    0.00  100.00
04:07:02 AM    2    0.00    0.00    0.00    0.00    0.99   65.35    0.00    0.00    0.00   33.66
04:07:02 AM    3    0.00    0.00    0.99    0.00    0.00    0.00    0.00    0.00    0.00   99.01

04:07:02 AM  CPU    %usr   %nice    %sys %iowait    %irq   %soft  %steal  %guest  %gnice   %idle
04:07:03 AM  all    0.25    0.00    0.00    0.00    0.50   31.25    0.00    0.00    0.00   68.00
04:07:03 AM    0    0.00    0.00    0.00    0.00    1.98   54.46    0.00    0.00    0.00   43.56
04:07:03 AM    1    0.00    0.00    0.00    0.00    0.00    0.00    0.00    0.00    0.00  100.00
04:07:03 AM    2    0.00    0.00    0.00    0.00    0.00   70.71    0.00    0.00    0.00   29.29
04:07:03 AM    3    1.00    0.00    0.00    0.00    0.00    0.00    0.00    0.00    0.00   99.00

04:07:03 AM  CPU    %usr   %nice    %sys %iowait    %irq   %soft  %steal  %guest  %gnice   %idle
04:07:04 AM  all    0.00    0.00    0.25    0.00    0.50   30.33    0.00    0.00    0.00   68.92
04:07:04 AM    0    0.00    0.00    0.00    0.00    1.02   54.08    0.00    0.00    0.00   44.90
04:07:04 AM    1    0.00    0.00    0.00    0.00    0.00    0.00    0.00    0.00    0.00  100.00
04:07:04 AM    2    0.00    0.00    0.00    0.00    1.00   68.00    0.00    0.00    0.00   31.00
04:07:04 AM    3    0.00    0.00    0.99    0.00    0.00    0.00    0.00    0.00    0.00   99.01

04:07:04 AM  CPU    %usr   %nice    %sys %iowait    %irq   %soft  %steal  %guest  %gnice   %idle
04:07:05 AM  all    0.00    0.00    0.00    0.00    0.76   38.04    0.00    0.00    0.00   61.21
04:07:05 AM    0    0.00    0.00    0.00    0.00    1.01   61.62    0.00    0.00    0.00   37.37
04:07:05 AM    1    0.00    0.00    0.00    0.00    1.01   44.44    0.00    0.00    0.00   54.55
04:07:05 AM    2    0.00    0.00    0.00    0.00    0.00    2.02    0.00    0.00    0.00   97.98
04:07:05 AM    3    0.00    0.00    0.00    0.00    1.00   44.00    0.00    0.00    0.00   55.00

04:07:05 AM  CPU    %usr   %nice    %sys %iowait    %irq   %soft  %steal  %guest  %gnice   %idle
04:07:06 AM  all    0.00    0.00    0.00    0.00    1.00   36.25    0.00    0.00    0.00   62.75
04:07:06 AM    0    0.00    0.00    0.00    0.00    1.98   59.41    0.00    0.00    0.00   38.61
04:07:06 AM    1    0.00    0.00    0.00    0.00    1.00   43.00    0.00    0.00    0.00   56.00
04:07:06 AM    2    0.00    0.00    0.00    0.00    0.00    0.00    0.00    0.00    0.00  100.00
04:07:06 AM    3    0.00    0.00    0.00    0.00    1.01   42.42    0.00    0.00    0.00   56.57

04:07:06 AM  CPU    %usr   %nice    %sys %iowait    %irq   %soft  %steal  %guest  %gnice   %idle
04:07:07 AM  all    0.00    0.00    0.00    0.00    0.75   35.43    0.00    0.00    0.00   63.82
04:07:07 AM    0    0.00    0.00    0.00    0.00    1.01   58.59    0.00    0.00    0.00   40.40
04:07:07 AM    1    0.00    0.00    0.00    0.00    1.00   42.00    0.00    0.00    0.00   57.00
04:07:07 AM    2    0.00    0.00    0.00    0.00    0.00    0.00    0.00    0.00    0.00  100.00
04:07:07 AM    3    0.00    0.00    0.00    0.00    1.01   41.41    0.00    0.00    0.00   57.58

04:07:07 AM  CPU    %usr   %nice    %sys %iowait    %irq   %soft  %steal  %guest  %gnice   %idle
04:07:08 AM  all    0.00    0.00    0.00    0.00    0.50   36.09    0.00    0.00    0.00   63.41
04:07:08 AM    0    0.00    0.00    0.00    0.00    1.01   59.60    0.00    0.00    0.00   39.39
04:07:08 AM    1    0.00    0.00    0.00    0.00    0.00   42.42    0.00    0.00    0.00   57.58
04:07:08 AM    2    0.00    0.00    0.00    0.00    0.00    0.00    0.00    0.00    0.00  100.00
04:07:08 AM    3    0.00    0.00    0.00    0.00    0.99   42.57    0.00    0.00    0.00   56.44

04:07:08 AM  CPU    %usr   %nice    %sys %iowait    %irq   %soft  %steal  %guest  %gnice   %idle
04:07:09 AM  all    0.00    0.00    0.00    0.00    0.75   36.34    0.00    0.00    0.00   62.91
04:07:09 AM    0    0.00    0.00    0.00    0.00    1.98   58.42    0.00    0.00    0.00   39.60
04:07:09 AM    1    0.00    0.00    0.00    0.00    1.01   43.43    0.00    0.00    0.00   55.56
04:07:09 AM    2    0.00    0.00    0.00    0.00    0.00   25.00    0.00    0.00    0.00   75.00
04:07:09 AM    3    0.00    0.00    0.00    0.00    0.00   18.18    0.00    0.00    0.00   81.82

04:07:09 AM  CPU    %usr   %nice    %sys %iowait    %irq   %soft  %steal  %guest  %gnice   %idle
04:07:10 AM  all    0.00    0.00    0.00    0.00    0.75   37.34    0.00    0.00    0.00   61.90
04:07:10 AM    0    0.00    0.00    0.00    0.00    1.01   60.61    0.00    0.00    0.00   38.38
04:07:10 AM    1    0.00    0.00    0.00    0.00    1.00   44.00    0.00    0.00    0.00   55.00
04:07:10 AM    2    0.00    0.00    0.00    0.00    1.00   45.00    0.00    0.00    0.00   54.00
04:07:10 AM    3    0.00    0.00    0.00    0.00    0.00    0.00    0.00    0.00    0.00  100.00

04:07:10 AM  CPU    %usr   %nice    %sys %iowait    %irq   %soft  %steal  %guest  %gnice   %idle
04:07:11 AM  all    0.00    0.00    0.00    0.00    1.01   37.94    0.00    0.00    0.00   61.06
04:07:11 AM    0    0.00    0.00    0.00    0.00    1.01   61.62    0.00    0.00    0.00   37.37
04:07:11 AM    1    0.00    0.00    0.00    0.00    1.01   45.45    0.00    0.00    0.00   53.54
04:07:11 AM    2    0.00    0.00    0.00    0.00    1.00   45.00    0.00    0.00    0.00   54.00
04:07:11 AM    3    0.00    0.00    0.00    0.00    1.00    0.00    0.00    0.00    0.00   99.00

04:07:11 AM  CPU    %usr   %nice    %sys %iowait    %irq   %soft  %steal  %guest  %gnice   %idle
04:07:12 AM  all    0.00    0.00    0.00    0.00    1.00   35.25    0.00    0.00    0.00   63.75
04:07:12 AM    0    0.00    0.00    0.00    0.00    2.00   58.00    0.00    0.00    0.00   40.00
04:07:12 AM    1    0.00    0.00    0.00    0.00    0.99   41.58    0.00    0.00    0.00   57.43
04:07:12 AM    2    0.00    0.00    0.00    0.00    1.01   41.41    0.00    0.00    0.00   57.58
04:07:12 AM    3    0.00    0.00    0.00    0.00    0.00    0.00    0.00    0.00    0.00  100.00

04:07:12 AM  CPU    %usr   %nice    %sys %iowait    %irq   %soft  %steal  %guest  %gnice   %idle
04:07:13 AM  all    0.00    0.00    0.00    0.00    0.75   36.43    0.00    0.00    0.00   62.81
04:07:13 AM    0    0.00    0.00    0.00    0.00    1.01   65.66    0.00    0.00    0.00   33.33
04:07:13 AM    1    0.00    0.00    0.00    0.00    1.01   36.36    0.00    0.00    0.00   62.63
04:07:13 AM    2    0.00    0.00    0.00    0.00    1.00   37.00    0.00    0.00    0.00   62.00
04:07:13 AM    3    0.00    0.00    0.00    0.00    0.00    7.00    0.00    0.00    0.00   93.00

04:07:13 AM  CPU    %usr   %nice    %sys %iowait    %irq   %soft  %steal  %guest  %gnice   %idle
04:07:14 AM  all    0.00    0.00    0.00    0.00    0.50   28.32    0.00    0.00    0.00   71.18
04:07:14 AM    0    0.00    0.00    0.00    0.00    1.00   80.00    0.00    0.00    0.00   19.00
04:07:14 AM    1    0.00    0.00    0.00    0.00    0.00    0.00    0.00    0.00    0.00  100.00
04:07:14 AM    2    0.00    0.00    0.00    0.00    0.00    0.00    0.00    0.00    0.00  100.00
04:07:14 AM    3    0.00    0.00    0.00    0.00    1.01   33.33    0.00    0.00    0.00   65.66

04:07:14 AM  CPU    %usr   %nice    %sys %iowait    %irq   %soft  %steal  %guest  %gnice   %idle
04:07:15 AM  all    0.00    0.00    0.00    0.00    0.75   28.43    0.00    0.00    0.00   70.82
04:07:15 AM    0    0.00    0.00    0.00    0.00    2.00   80.00    0.00    0.00    0.00   18.00
04:07:15 AM    1    0.00    0.00    0.00    0.00    0.00    0.00    0.00    0.00    0.00  100.00
04:07:15 AM    2    0.00    0.00    0.00    0.00    0.00    0.00    0.00    0.00    0.00  100.00
04:07:15 AM    3    0.00    0.00    0.00    0.00    0.99   33.66    0.00    0.00    0.00   65.35

04:07:15 AM  CPU    %usr   %nice    %sys %iowait    %irq   %soft  %steal  %guest  %gnice   %idle
04:07:16 AM  all    0.25    0.00    0.25    0.00    0.25   28.54    0.00    0.00    0.00   70.71
04:07:16 AM    0    0.00    0.00    0.00    0.00    1.01   80.81    0.00    0.00    0.00   18.18
04:07:16 AM    1    0.00    0.00    1.00    0.00    0.00    0.00    0.00    0.00    0.00   99.00
04:07:16 AM    2    1.00    0.00    0.00    0.00    0.00    0.00    0.00    0.00    0.00   99.00
04:07:16 AM    3    0.00    0.00    0.00    0.00    0.00   34.02    0.00    0.00    0.00   65.98

04:07:16 AM  CPU    %usr   %nice    %sys %iowait    %irq   %soft  %steal  %guest  %gnice   %idle
04:07:17 AM  all    0.00    0.00    0.00    0.00    0.50   28.50    0.00    0.00    0.00   71.00
04:07:17 AM    0    0.00    0.00    0.00    0.00    1.01   80.81    0.00    0.00    0.00   18.18
04:07:17 AM    1    0.00    0.00    0.00    0.00    0.00    0.00    0.00    0.00    0.00  100.00
04:07:17 AM    2    0.00    0.00    0.00    0.00    0.00    0.00    0.00    0.00    0.00  100.00
04:07:17 AM    3    0.00    0.00    0.00    0.00    0.99   33.66    0.00    0.00    0.00   65.35

04:07:17 AM  CPU    %usr   %nice    %sys %iowait    %irq   %soft  %steal  %guest  %gnice   %idle
04:07:18 AM  all    0.00    0.00    0.00    0.00    0.75   32.66    0.00    0.00    0.00   66.58
04:07:18 AM    0    0.00    0.00    0.00    0.00    2.00   61.00    0.00    0.00    0.00   37.00
04:07:18 AM    1    0.00    0.00    0.00    0.00    0.00    0.00    0.00    0.00    0.00  100.00
04:07:18 AM    2    0.00    0.00    0.00    0.00    0.00   31.31    0.00    0.00    0.00   68.69
04:07:18 AM    3    0.00    0.00    0.00    0.00    1.01   38.38    0.00    0.00    0.00   60.61

04:07:18 AM  CPU    %usr   %nice    %sys %iowait    %irq   %soft  %steal  %guest  %gnice   %idle
04:07:19 AM  all    0.00    0.00    0.00    0.00    0.75   33.92    0.00    0.00    0.00   65.33
04:07:19 AM    0    0.00    0.00    0.00    0.00    1.01   56.57    0.00    0.00    0.00   42.42
04:07:19 AM    1    0.00    0.00    0.00    0.00    0.00    0.00    0.00    0.00    0.00  100.00
04:07:19 AM    2    0.00    0.00    0.00    0.00    1.00   40.00    0.00    0.00    0.00   59.00
04:07:19 AM    3    0.00    0.00    0.00    0.00    1.01   39.39    0.00    0.00    0.00   59.60

04:07:19 AM  CPU    %usr   %nice    %sys %iowait    %irq   %soft  %steal  %guest  %gnice   %idle
04:07:20 AM  all    0.00    0.00    0.00    0.00    0.75   34.84    0.00    0.00    0.00   64.41
04:07:20 AM    0    0.00    0.00    0.00    0.00    1.01   57.58    0.00    0.00    0.00   41.41
04:07:20 AM    1    0.00    0.00    0.00    0.00    0.00    0.00    0.00    0.00    0.00  100.00
04:07:20 AM    2    0.00    0.00    0.00    0.00    1.00   41.00    0.00    0.00    0.00   58.00
04:07:20 AM    3    0.00    0.00    0.00    0.00    1.00   41.00    0.00    0.00    0.00   58.00

04:07:20 AM  CPU    %usr   %nice    %sys %iowait    %irq   %soft  %steal  %guest  %gnice   %idle
04:07:21 AM  all    0.00    0.00    0.00    0.00    1.00   35.09    0.00    0.00    0.00   63.91
04:07:21 AM    0    0.00    0.00    0.00    0.00    1.98   57.43    0.00    0.00    0.00   40.59
04:07:21 AM    1    0.00    0.00    0.00    0.00    0.00    0.00    0.00    0.00    0.00  100.00
04:07:21 AM    2    0.00    0.00    0.00    0.00    1.01   41.41    0.00    0.00    0.00   57.58
04:07:21 AM    3    0.00    0.00    0.00    0.00    1.01   41.41    0.00    0.00    0.00   57.58

04:07:21 AM  CPU    %usr   %nice    %sys %iowait    %irq   %soft  %steal  %guest  %gnice   %idle
04:07:22 AM  all    0.00    0.00    0.00    0.00    0.75   35.00    0.00    0.00    0.00   64.25
04:07:22 AM    0    0.00    0.00    0.00    0.00    1.00   58.00    0.00    0.00    0.00   41.00
04:07:22 AM    1    0.00    0.00    0.00    0.00    0.00   15.00    0.00    0.00    0.00   85.00
04:07:22 AM    2    0.00    0.00    0.00    0.00    1.00   41.00    0.00    0.00    0.00   58.00
04:07:22 AM    3    0.00    0.00    0.00    0.00    1.00   26.00    0.00    0.00    0.00   73.00

04:07:22 AM  CPU    %usr   %nice    %sys %iowait    %irq   %soft  %steal  %guest  %gnice   %idle
04:07:23 AM  all    0.00    0.00    0.00    0.00    0.76   35.77    0.00    0.00    0.00   63.48
04:07:23 AM    0    0.00    0.00    0.00    0.00    1.02   59.18    0.00    0.00    0.00   39.80
04:07:23 AM    1    0.00    0.00    0.00    0.00    1.00   42.00    0.00    0.00    0.00   57.00
04:07:23 AM    2    0.00    0.00    0.00    0.00    1.01   42.42    0.00    0.00    0.00   56.57
04:07:23 AM    3    0.00    0.00    0.00    0.00    0.00    0.00    0.00    0.00    0.00  100.00

04:07:23 AM  CPU    %usr   %nice    %sys %iowait    %irq   %soft  %steal  %guest  %gnice   %idle
04:07:24 AM  all    0.00    0.00    0.25    0.00    1.00   36.41    0.00    0.00    0.00   62.34
04:07:24 AM    0    0.00    0.00    0.00    0.00    2.00   59.00    0.00    0.00    0.00   39.00
04:07:24 AM    1    0.00    0.00    1.00    0.00    1.00   43.00    0.00    0.00    0.00   55.00
04:07:24 AM    2    0.00    0.00    0.00    0.00    0.99   43.56    0.00    0.00    0.00   55.45
04:07:24 AM    3    0.00    0.00    0.00    0.00    0.00    0.00    0.00    0.00    0.00  100.00

04:07:24 AM  CPU    %usr   %nice    %sys %iowait    %irq   %soft  %steal  %guest  %gnice   %idle
04:07:25 AM  all    0.00    0.00    0.00    0.00    0.75   35.09    0.00    0.00    0.00   64.16
04:07:25 AM    0    0.00    0.00    0.00    0.00    1.00   58.00    0.00    0.00    0.00   41.00
04:07:25 AM    1    0.00    0.00    0.00    0.00    1.00   41.00    0.00    0.00    0.00   58.00
04:07:25 AM    2    0.00    0.00    0.00    0.00    1.01   41.41    0.00    0.00    0.00   57.58
04:07:25 AM    3    0.00    0.00    0.00    0.00    0.00    0.00    0.00    0.00    0.00  100.00

04:07:25 AM  CPU    %usr   %nice    %sys %iowait    %irq   %soft  %steal  %guest  %gnice   %idle
04:07:26 AM  all    0.00    0.00    0.50    0.00    0.50   37.69    0.00    0.00    0.00   61.31
04:07:26 AM    0    0.00    0.00    1.00    0.00    1.00   61.00    0.00    0.00    0.00   37.00
04:07:26 AM    1    0.00    0.00    0.00    0.00    1.01   44.44    0.00    0.00    0.00   54.55
04:07:26 AM    2    0.00    0.00    1.00    0.00    0.00   45.00    0.00    0.00    0.00   54.00
04:07:26 AM    3    0.00    0.00    0.00    0.00    0.00    0.00    0.00    0.00    0.00  100.00

04:07:26 AM  CPU    %usr   %nice    %sys %iowait    %irq   %soft  %steal  %guest  %gnice   %idle
04:07:27 AM  all    0.00    0.00    0.00    0.00    1.01   34.76    0.00    0.00    0.00   64.23
04:07:27 AM    0    0.00    0.00    0.00    0.00    2.02   57.58    0.00    0.00    0.00   40.40
04:07:27 AM    1    0.00    0.00    0.00    0.00    0.00    0.00    0.00    0.00    0.00  100.00
04:07:27 AM    2    0.00    0.00    0.00    0.00    1.02   40.82    0.00    0.00    0.00   58.16
04:07:27 AM    3    0.00    0.00    0.00    0.00    1.00   41.00    0.00    0.00    0.00   58.00

04:07:27 AM  CPU    %usr   %nice    %sys %iowait    %irq   %soft  %steal  %guest  %gnice   %idle
04:07:28 AM  all    0.00    0.00    0.00    0.00    0.75   35.41    0.00    0.00    0.00   63.84
04:07:28 AM    0    0.00    0.00    0.00    0.00    1.00   58.00    0.00    0.00    0.00   41.00
04:07:28 AM    1    0.00    0.00    0.00    0.00    0.00    0.00    0.00    0.00    0.00  100.00
04:07:28 AM    2    0.00    0.00    0.00    0.00    0.99   41.58    0.00    0.00    0.00   57.43
04:07:28 AM    3    0.00    0.00    0.00    0.00    1.00   42.00    0.00    0.00    0.00   57.00

04:07:28 AM  CPU    %usr   %nice    %sys %iowait    %irq   %soft  %steal  %guest  %gnice   %idle
04:07:29 AM  all    0.00    0.00    0.00    0.00    0.75   36.09    0.00    0.00    0.00   63.16
04:07:29 AM    0    0.00    0.00    0.00    0.00    1.00   59.00    0.00    0.00    0.00   40.00
04:07:29 AM    1    0.00    0.00    0.00    0.00    0.00    0.00    0.00    0.00    0.00  100.00
04:07:29 AM    2    0.00    0.00    0.00    0.00    1.01   42.42    0.00    0.00    0.00   56.57
04:07:29 AM    3    0.00    0.00    0.00    0.00    1.00   43.00    0.00    0.00    0.00   56.00

04:07:29 AM  CPU    %usr   %nice    %sys %iowait    %irq   %soft  %steal  %guest  %gnice   %idle
04:07:30 AM  all    0.00    0.00    0.00    0.00    0.76   35.77    0.00    0.00    0.00   63.48
04:07:30 AM    0    0.00    0.00    0.00    0.00    2.02   58.59    0.00    0.00    0.00   39.39
04:07:30 AM    1    0.00    0.00    0.00    0.00    0.00    0.00    0.00    0.00    0.00  100.00
04:07:30 AM    2    0.00    0.00    0.00    0.00    1.00   42.00    0.00    0.00    0.00   57.00
04:07:30 AM    3    0.00    0.00    0.00    0.00    0.00   42.86    0.00    0.00    0.00   57.14

04:07:30 AM  CPU    %usr   %nice    %sys %iowait    %irq   %soft  %steal  %guest  %gnice   %idle
04:07:31 AM  all    0.00    0.00    0.00    0.00    0.75   39.60    0.00    0.00    0.00   59.65
04:07:31 AM    0    0.00    0.00    0.00    0.00    1.00   63.00    0.00    0.00    0.00   36.00
04:07:31 AM    1    0.00    0.00    0.00    0.00    0.00    0.00    0.00    0.00    0.00  100.00
04:07:31 AM    2    0.00    0.00    0.00    0.00    1.00   47.00    0.00    0.00    0.00   52.00
04:07:31 AM    3    0.00    0.00    0.00    0.00    1.00   48.00    0.00    0.00    0.00   51.00

04:07:31 AM  CPU    %usr   %nice    %sys %iowait    %irq   %soft  %steal  %guest  %gnice   %idle
04:07:32 AM  all    0.00    0.00    0.00    0.00    0.75   37.44    0.00    0.00    0.00   61.81
04:07:32 AM    0    0.00    0.00    0.00    0.00    1.01   61.62    0.00    0.00    0.00   37.37
04:07:32 AM    1    0.00    0.00    0.00    0.00    0.00    0.00    0.00    0.00    0.00  100.00
04:07:32 AM    2    0.00    0.00    0.00    0.00    1.00   44.00    0.00    0.00    0.00   55.00
04:07:32 AM    3    0.00    0.00    0.00    0.00    1.01   44.44    0.00    0.00    0.00   54.55

04:07:32 AM  CPU    %usr   %nice    %sys %iowait    %irq   %soft  %steal  %guest  %gnice   %idle
04:07:33 AM  all    0.00    0.00    0.00    0.00    0.75   38.19    0.00    0.00    0.00   61.06
04:07:33 AM    0    0.00    0.00    0.00    0.00    2.00   61.00    0.00    0.00    0.00   37.00
04:07:33 AM    1    0.00    0.00    0.00    0.00    0.00    0.00    0.00    0.00    0.00  100.00
04:07:33 AM    2    0.00    0.00    0.00    0.00    0.00   45.92    0.00    0.00    0.00   54.08
04:07:33 AM    3    0.00    0.00    0.00    0.00    1.00   46.00    0.00    0.00    0.00   53.00

04:07:33 AM  CPU    %usr   %nice    %sys %iowait    %irq   %soft  %steal  %guest  %gnice   %idle
04:07:34 AM  all    0.00    0.00    0.00    0.00    0.75   34.09    0.00    0.00    0.00   65.16
04:07:34 AM    0    0.00    0.00    0.00    0.00    1.00   57.00    0.00    0.00    0.00   42.00
04:07:34 AM    1    0.00    0.00    0.00    0.00    0.00    0.00    0.00    0.00    0.00  100.00
04:07:34 AM    2    0.00    0.00    0.00    0.00    1.00   39.00    0.00    0.00    0.00   60.00
04:07:34 AM    3    0.00    0.00    0.00    0.00    1.01   40.40    0.00    0.00    0.00   58.59

04:07:34 AM  CPU    %usr   %nice    %sys %iowait    %irq   %soft  %steal  %guest  %gnice   %idle
04:07:35 AM  all    0.00    0.00    0.50    0.00    0.75   37.34    0.00    0.00    0.00   61.40
04:07:35 AM    0    0.00    0.00    0.00    0.00    1.01   60.61    0.00    0.00    0.00   38.38
04:07:35 AM    1    0.00    0.00    1.00    0.00    0.00    9.00    0.00    0.00    0.00   90.00
04:07:35 AM    2    0.00    0.00    0.00    0.00    1.01   44.44    0.00    0.00    0.00   54.55
04:07:35 AM    3    0.00    0.00    0.99    0.00    0.99   35.64    0.00    0.00    0.00   62.38

04:07:35 AM  CPU    %usr   %nice    %sys %iowait    %irq   %soft  %steal  %guest  %gnice   %idle
04:07:36 AM  all    0.00    0.00    0.00    0.00    1.00   35.50    0.00    0.00    0.00   63.50
04:07:36 AM    0    0.00    0.00    0.00    0.00    2.00   58.00    0.00    0.00    0.00   40.00
04:07:36 AM    1    0.00    0.00    0.00    0.00    1.00   42.00    0.00    0.00    0.00   57.00
04:07:36 AM    2    0.00    0.00    0.00    0.00    1.00   42.00    0.00    0.00    0.00   57.00
04:07:36 AM    3    0.00    0.00    0.00    0.00    0.00    0.00    0.00    0.00    0.00  100.00

04:07:36 AM  CPU    %usr   %nice    %sys %iowait    %irq   %soft  %steal  %guest  %gnice   %idle
04:07:37 AM  all    0.00    0.00    0.00    0.00    0.76   35.77    0.00    0.00    0.00   63.48
04:07:37 AM    0    0.00    0.00    0.00    0.00    1.01   58.59    0.00    0.00    0.00   40.40
04:07:37 AM    1    0.00    0.00    0.00    0.00    1.01   42.42    0.00    0.00    0.00   56.57
04:07:37 AM    2    0.00    0.00    0.00    0.00    1.01   42.42    0.00    0.00    0.00   56.57
04:07:37 AM    3    0.00    0.00    0.00    0.00    0.00    0.00    0.00    0.00    0.00  100.00

04:07:37 AM  CPU    %usr   %nice    %sys %iowait    %irq   %soft  %steal  %guest  %gnice   %idle
04:07:38 AM  all    0.00    0.00    0.00    0.00    0.50   34.91    0.00    0.00    0.00   64.59
04:07:38 AM    0    0.00    0.00    0.00    0.00    1.00   58.00    0.00    0.00    0.00   41.00
04:07:38 AM    1    0.00    0.00    0.00    0.00    0.00   41.00    0.00    0.00    0.00   59.00
04:07:38 AM    2    0.00    0.00    0.00    0.00    0.99   40.59    0.00    0.00    0.00   58.42
04:07:38 AM    3    0.00    0.00    0.00    0.00    0.00    0.00    0.00    0.00    0.00  100.00

04:07:38 AM  CPU    %usr   %nice    %sys %iowait    %irq   %soft  %steal  %guest  %gnice   %idle
04:07:39 AM  all    0.00    0.00    0.00    0.00    1.01   34.42    0.00    0.00    0.00   64.57
04:07:39 AM    0    0.00    0.00    0.00    0.00    2.00   57.00    0.00    0.00    0.00   41.00
04:07:39 AM    1    0.00    0.00    0.00    0.00    1.01   40.40    0.00    0.00    0.00   58.59
04:07:39 AM    2    0.00    0.00    0.00    0.00    1.01   40.40    0.00    0.00    0.00   58.59
04:07:39 AM    3    0.00    0.00    0.00    0.00    0.00    0.00    0.00    0.00    0.00  100.00

04:07:39 AM  CPU    %usr   %nice    %sys %iowait    %irq   %soft  %steal  %guest  %gnice   %idle
04:07:40 AM  all    0.00    0.00    0.00    0.00    0.25   26.82    0.00    0.00    0.00   72.93
04:07:40 AM    0    0.00    0.00    0.00    0.00    0.00   92.93    0.00    0.00    0.00    7.07
04:07:40 AM    1    0.00    0.00    0.00    0.00    0.99    7.92    0.00    0.00    0.00   91.09
04:07:40 AM    2    0.00    0.00    0.00    0.00    0.00    7.07    0.00    0.00    0.00   92.93
04:07:40 AM    3    0.00    0.00    0.00    0.00    0.00    0.00    0.00    0.00    0.00  100.00

04:07:40 AM  CPU    %usr   %nice    %sys %iowait    %irq   %soft  %steal  %guest  %gnice   %idle
04:07:41 AM  all    0.00    0.00    0.00    0.00    0.00   25.00    0.00    0.00    0.00   75.00
04:07:41 AM    0    0.00    0.00    0.00    0.00    0.00  100.00    0.00    0.00    0.00    0.00
04:07:41 AM    1    0.00    0.00    0.00    0.00    0.00    0.00    0.00    0.00    0.00  100.00
04:07:41 AM    2    0.00    0.00    0.00    0.00    0.00    0.00    0.00    0.00    0.00  100.00
04:07:41 AM    3    0.00    0.00    0.00    0.00    0.00    0.00    0.00    0.00    0.00  100.00

04:07:41 AM  CPU    %usr   %nice    %sys %iowait    %irq   %soft  %steal  %guest  %gnice   %idle
04:07:42 AM  all    0.00    0.00    0.00    0.00    0.00   25.06    0.00    0.00    0.00   74.94
04:07:42 AM    0    0.00    0.00    0.00    0.00    0.00  100.00    0.00    0.00    0.00    0.00
04:07:42 AM    1    0.00    0.00    0.00    0.00    0.00    0.00    0.00    0.00    0.00  100.00
04:07:42 AM    2    0.00    0.00    0.00    0.00    0.00    0.00    0.00    0.00    0.00  100.00
04:07:42 AM    3    0.00    0.00    0.00    0.00    0.00    0.00    0.00    0.00    0.00  100.00

04:07:42 AM  CPU    %usr   %nice    %sys %iowait    %irq   %soft  %steal  %guest  %gnice   %idle
04:07:43 AM  all    0.25    0.00    0.25    0.00    0.00   24.94    0.00    0.00    0.00   74.56
04:07:43 AM    0    0.00    0.00    0.00    0.00    0.00  100.00    0.00    0.00    0.00    0.00
04:07:43 AM    1    1.00    0.00    0.00    0.00    0.00    0.00    0.00    0.00    0.00   99.00
04:07:43 AM    2    0.00    0.00    0.99    0.00    0.00    0.00    0.00    0.00    0.00   99.01
04:07:43 AM    3    0.00    0.00    0.00    0.00    0.00    0.00    0.00    0.00    0.00  100.00

04:07:43 AM  CPU    %usr   %nice    %sys %iowait    %irq   %soft  %steal  %guest  %gnice   %idle
04:07:44 AM  all    0.00    0.00    0.00    0.00    0.25   26.50    0.00    0.00    0.00   73.25
04:07:44 AM    0    0.00    0.00    0.00    0.00    1.00   91.00    0.00    0.00    0.00    8.00
04:07:44 AM    1    0.00    0.00    0.00    0.00    0.00    0.00    0.00    0.00    0.00  100.00
04:07:44 AM    2    0.00    0.00    0.00    0.00    0.00   15.00    0.00    0.00    0.00   85.00
04:07:44 AM    3    0.00    0.00    0.00    0.00    0.00    0.00    0.00    0.00    0.00  100.00

04:07:44 AM  CPU    %usr   %nice    %sys %iowait    %irq   %soft  %steal  %guest  %gnice   %idle
04:07:45 AM  all    0.00    0.00    0.00    0.00    0.50   28.14    0.00    0.00    0.00   71.36
04:07:45 AM    0    0.00    0.00    0.00    0.00    1.01   79.80    0.00    0.00    0.00   19.19
04:07:45 AM    1    0.00    0.00    0.00    0.00    0.00    0.00    0.00    0.00    0.00  100.00
04:07:45 AM    2    0.00    0.00    0.00    0.00    1.01   33.33    0.00    0.00    0.00   65.66
04:07:45 AM    3    0.00    0.00    0.00    0.00    0.00    0.00    0.00    0.00    0.00  100.00

04:07:45 AM  CPU    %usr   %nice    %sys %iowait    %irq   %soft  %steal  %guest  %gnice   %idle
04:07:46 AM  all    0.00    0.00    0.00    0.00    0.50   28.07    0.00    0.00    0.00   71.43
04:07:46 AM    0    0.00    0.00    0.00    0.00    1.01   79.80    0.00    0.00    0.00   19.19
04:07:46 AM    1    0.00    0.00    0.00    0.00    0.00    0.00    0.00    0.00    0.00  100.00
04:07:46 AM    2    0.00    0.00    0.00    0.00    1.00   33.00    0.00    0.00    0.00   66.00
04:07:46 AM    3    0.00    0.00    0.00    0.00    0.00    0.00    0.00    0.00    0.00  100.00

04:07:46 AM  CPU    %usr   %nice    %sys %iowait    %irq   %soft  %steal  %guest  %gnice   %idle
04:07:47 AM  all    0.00    0.00    0.00    0.00    0.75   28.07    0.00    0.00    0.00   71.18
04:07:47 AM    0    0.00    0.00    0.00    0.00    2.00   79.00    0.00    0.00    0.00   19.00
04:07:47 AM    1    0.00    0.00    0.00    0.00    0.00    0.00    0.00    0.00    0.00  100.00
04:07:47 AM    2    0.00    0.00    0.00    0.00    1.01   33.33    0.00    0.00    0.00   65.66
04:07:47 AM    3    0.00    0.00    0.00    0.00    0.00    0.00    0.00    0.00    0.00  100.00

04:07:47 AM  CPU    %usr   %nice    %sys %iowait    %irq   %soft  %steal  %guest  %gnice   %idle
04:07:48 AM  all    0.25    0.00    0.25    0.00    0.50   28.25    0.00    0.00    0.00   70.75
04:07:48 AM    0    0.00    0.00    0.00    0.00    1.00   80.00    0.00    0.00    0.00   19.00
04:07:48 AM    1    0.00    0.00    0.00    0.00    0.00    1.01    0.00    0.00    0.00   98.99
04:07:48 AM    2    0.98    0.00    0.98    0.00    0.98   31.37    0.00    0.00    0.00   65.69
04:07:48 AM    3    0.00    0.00    0.00    0.00    0.00    0.00    0.00    0.00    0.00  100.00

04:07:48 AM  CPU    %usr   %nice    %sys %iowait    %irq   %soft  %steal  %guest  %gnice   %idle
04:07:49 AM  all    0.00    0.00    0.00    0.00    0.75   28.25    0.00    0.00    0.00   71.00
04:07:49 AM    0    0.00    0.00    0.00    0.00    2.00   79.00    0.00    0.00    0.00   19.00
04:07:49 AM    1    0.00    0.00    0.00    0.00    1.00   34.00    0.00    0.00    0.00   65.00
04:07:49 AM    2    0.00    0.00    0.00    0.00    0.00    0.00    0.00    0.00    0.00  100.00
04:07:49 AM    3    0.00    0.00    0.00    0.00    0.00    0.00    0.00    0.00    0.00  100.00

04:07:49 AM  CPU    %usr   %nice    %sys %iowait    %irq   %soft  %steal  %guest  %gnice   %idle
04:07:50 AM  all    0.00    0.00    0.00    0.00    0.25   28.10    0.00    0.00    0.00   71.65
04:07:50 AM    0    0.00    0.00    0.00    0.00    1.02   79.59    0.00    0.00    0.00   19.39
04:07:50 AM    1    0.00    0.00    0.00    0.00    0.00   33.67    0.00    0.00    0.00   66.33
04:07:50 AM    2    0.00    0.00    0.00    0.00    0.00    0.00    0.00    0.00    0.00  100.00
04:07:50 AM    3    0.00    0.00    0.00    0.00    0.00    0.00    0.00    0.00    0.00  100.00

04:07:50 AM  CPU    %usr   %nice    %sys %iowait    %irq   %soft  %steal  %guest  %gnice   %idle
04:07:51 AM  all    0.00    0.00    0.50    0.00    0.50   28.25    0.00    0.00    0.00   70.75
04:07:51 AM    0    0.00    0.00    0.99    0.00    0.99   79.21    0.00    0.00    0.00   18.81
04:07:51 AM    1    0.00    0.00    0.00    0.00    1.01   33.33    0.00    0.00    0.00   65.66
04:07:51 AM    2    0.00    0.00    0.00    0.00    0.00    0.00    0.00    0.00    0.00  100.00
04:07:51 AM    3    0.00    0.00    1.00    0.00    0.00    0.00    0.00    0.00    0.00   99.00

04:07:51 AM  CPU    %usr   %nice    %sys %iowait    %irq   %soft  %steal  %guest  %gnice   %idle
04:07:52 AM  all    0.00    0.00    0.00    0.00    0.75   28.32    0.00    0.00    0.00   70.93
04:07:52 AM    0    0.00    0.00    0.00    0.00    2.02   79.80    0.00    0.00    0.00   18.18
04:07:52 AM    1    0.00    0.00    0.00    0.00    1.00   34.00    0.00    0.00    0.00   65.00
04:07:52 AM    2    0.00    0.00    0.00    0.00    0.00    0.00    0.00    0.00    0.00  100.00
04:07:52 AM    3    0.00    0.00    0.00    0.00    0.00    0.00    0.00    0.00    0.00  100.00

04:07:52 AM  CPU    %usr   %nice    %sys %iowait    %irq   %soft  %steal  %guest  %gnice   %idle
04:07:53 AM  all    0.00    0.00    0.00    0.00    0.50   32.66    0.00    0.00    0.00   66.83
04:07:53 AM    0    0.00    0.00    0.00    0.00    1.01   65.66    0.00    0.00    0.00   33.33
04:07:53 AM    1    0.00    0.00    0.00    0.00    1.00   38.00    0.00    0.00    0.00   61.00
04:07:53 AM    2    0.00    0.00    0.00    0.00    0.00    0.00    0.00    0.00    0.00  100.00
04:07:53 AM    3    0.00    0.00    0.00    0.00    0.00   27.27    0.00    0.00    0.00   72.73

04:07:53 AM  CPU    %usr   %nice    %sys %iowait    %irq   %soft  %steal  %guest  %gnice   %idle
04:07:54 AM  all    0.50    0.00    0.00    0.00    0.75   38.25    0.00    0.00    0.00   60.50
04:07:54 AM    0    0.00    0.00    0.00    0.00    1.00   62.00    0.00    0.00    0.00   37.00
04:07:54 AM    1    0.99    0.00    0.00    0.00    0.99   45.54    0.00    0.00    0.00   52.48
04:07:54 AM    2    0.00    0.00    0.00    0.00    0.00    0.00    0.00    0.00    0.00  100.00
04:07:54 AM    3    1.00    0.00    0.00    0.00    1.00   45.00    0.00    0.00    0.00   53.00

04:07:54 AM  CPU    %usr   %nice    %sys %iowait    %irq   %soft  %steal  %guest  %gnice   %idle
04:07:55 AM  all    0.00    0.00    0.00    0.00    1.00   35.09    0.00    0.00    0.00   63.91
04:07:55 AM    0    0.00    0.00    0.00    0.00    2.00   58.00    0.00    0.00    0.00   40.00
04:07:55 AM    1    0.00    0.00    0.00    0.00    1.01   41.41    0.00    0.00    0.00   57.58
04:07:55 AM    2    0.00    0.00    0.00    0.00    0.00    0.00    0.00    0.00    0.00  100.00
04:07:55 AM    3    0.00    0.00    0.00    0.00    1.00   41.00    0.00    0.00    0.00   58.00

04:07:55 AM  CPU    %usr   %nice    %sys %iowait    %irq   %soft  %steal  %guest  %gnice   %idle
04:07:56 AM  all    0.00    0.00    0.00    0.00    0.76   34.51    0.00    0.00    0.00   64.74
04:07:56 AM    0    0.00    0.00    0.00    0.00    1.01   57.58    0.00    0.00    0.00   41.41
04:07:56 AM    1    0.00    0.00    0.00    0.00    1.00   40.00    0.00    0.00    0.00   59.00
04:07:56 AM    2    0.00    0.00    0.00    0.00    0.00    0.00    0.00    0.00    0.00  100.00
04:07:56 AM    3    0.00    0.00    0.00    0.00    1.01   40.40    0.00    0.00    0.00   58.59

Average:     CPU    %usr   %nice    %sys %iowait    %irq   %soft  %steal  %guest  %gnice   %idle
Average:     all    0.03    0.00    0.06    0.00    0.64   32.79    0.00    0.00    0.00   66.49
Average:       0    0.00    0.00    0.05    0.00    1.24   65.94    0.00    0.00    0.00   32.77
Average:       1    0.05    0.00    0.05    0.00    0.38   17.50    0.00    0.00    0.00   82.01
Average:       2    0.03    0.00    0.07    0.00    0.52   30.25    0.00    0.00    0.00   69.13
Average:       3    0.03    0.00    0.08    0.00    0.40   17.52    0.00    0.00    0.00   81.96
