Linux 7.2.0-rc1 (hp5) 	07/11/2026 	_x86_64_	(8 CPU)

11:35:56 PM  CPU    %usr   %nice    %sys %iowait    %irq   %soft  %steal  %guest  %gnice   %idle
11:35:57 PM  all    0.00    0.00   12.55    0.00    0.00   16.89    0.00    0.00    0.00   70.56
11:35:57 PM    0    0.00    0.00    0.00    0.00    0.00   34.65    0.00    0.00    0.00   65.35
11:35:57 PM    1    0.00    0.00    0.98    0.00    0.00   99.02    0.00    0.00    0.00    0.00
11:35:57 PM    2    0.00    0.00  100.00    0.00    0.00    0.00    0.00    0.00    0.00    0.00
11:35:57 PM    3    0.00    0.00    0.00    0.00    0.00    0.00    0.00    0.00    0.00  100.00
11:35:57 PM    4    0.00    0.00    0.00    0.00    0.00    0.00    0.00    0.00    0.00  100.00
11:35:57 PM    5    0.00    0.00    0.00    0.00    0.00    0.00    0.00    0.00    0.00  100.00
11:35:57 PM    6    0.00    0.00    0.00    0.00    0.00    0.00    0.00    0.00    0.00  100.00
11:35:57 PM    7    0.00    0.00    0.00    0.00    0.00    0.00    0.00    0.00    0.00  100.00

11:35:57 PM  CPU    %usr   %nice    %sys %iowait    %irq   %soft  %steal  %guest  %gnice   %idle
11:35:58 PM  all    0.00    0.00   12.52    0.00    0.13   19.15    0.00    0.00    0.00   68.21
11:35:58 PM    0    0.00    0.00    0.00    0.00    1.00   54.00    0.00    0.00    0.00   45.00
11:35:58 PM    1    0.00    0.00    0.00    0.00    0.00  100.00    0.00    0.00    0.00    0.00
11:35:58 PM    2    0.00    0.00  100.00    0.00    0.00    0.00    0.00    0.00    0.00    0.00
11:35:58 PM    3    0.00    0.00    0.00    0.00    0.00    0.00    0.00    0.00    0.00  100.00
11:35:58 PM    4    0.00    0.00    0.00    0.00    0.00    0.00    0.00    0.00    0.00  100.00
11:35:58 PM    5    0.00    0.00    0.00    0.00    0.00    0.00    0.00    0.00    0.00  100.00
11:35:58 PM    6    0.00    0.00    0.00    0.00    0.00    0.00    0.00    0.00    0.00  100.00
11:35:58 PM    7    0.00    0.00    0.00    0.00    0.00    0.00    0.00    0.00    0.00  100.00

11:35:58 PM  CPU    %usr   %nice    %sys %iowait    %irq   %soft  %steal  %guest  %gnice   %idle
11:35:59 PM  all    0.00    0.00   12.55    0.00    0.25   21.37    0.00    0.00    0.00   65.84
11:35:59 PM    0    0.00    0.00    0.00    0.00    0.00   72.73    0.00    0.00    0.00   27.27
11:35:59 PM    1    0.00    0.00    0.00    0.00    0.99   99.01    0.00    0.00    0.00    0.00
11:35:59 PM    2    0.00    0.00   99.02    0.00    0.98    0.00    0.00    0.00    0.00    0.00
11:35:59 PM    3    0.00    0.00    0.00    0.00    0.00    0.00    0.00    0.00    0.00  100.00
11:35:59 PM    4    0.00    0.00    0.00    0.00    0.00    0.00    0.00    0.00    0.00  100.00
11:35:59 PM    5    0.00    0.00    0.00    0.00    0.00    0.00    0.00    0.00    0.00  100.00
11:35:59 PM    6    0.00    0.00    0.00    0.00    0.00    0.00    0.00    0.00    0.00  100.00
11:35:59 PM    7    0.00    0.00    0.00    0.00    0.00    0.00    0.00    0.00    0.00  100.00

11:35:59 PM  CPU    %usr   %nice    %sys %iowait    %irq   %soft  %steal  %guest  %gnice   %idle
11:36:00 PM  all    0.00    0.00   12.52    0.00    0.00   24.16    0.00    0.00    0.00   63.33
11:36:00 PM    0    0.00    0.00    0.00    0.00    0.00   93.00    0.00    0.00    0.00    7.00
11:36:00 PM    1    0.00    0.00    0.00    0.00    0.00  100.00    0.00    0.00    0.00    0.00
11:36:00 PM    2    0.00    0.00  100.00    0.00    0.00    0.00    0.00    0.00    0.00    0.00
11:36:00 PM    3    0.00    0.00    0.00    0.00    0.00    0.00    0.00    0.00    0.00  100.00
11:36:00 PM    4    0.00    0.00    0.00    0.00    0.00    0.00    0.00    0.00    0.00  100.00
11:36:00 PM    5    0.00    0.00    0.00    0.00    0.00    0.00    0.00    0.00    0.00  100.00
11:36:00 PM    6    0.00    0.00    0.00    0.00    0.00    0.00    0.00    0.00    0.00  100.00
11:36:00 PM    7    0.00    0.00    0.00    0.00    0.00    0.00    0.00    0.00    0.00  100.00

11:36:00 PM  CPU    %usr   %nice    %sys %iowait    %irq   %soft  %steal  %guest  %gnice   %idle
11:36:01 PM  all    0.00    0.00   12.42    0.00    0.12   17.64    0.00    0.00    0.00   69.81
11:36:01 PM    0    0.00    0.00    0.00    0.00    0.98   41.18    0.00    0.00    0.00   57.84
11:36:01 PM    1    0.00    0.00    0.00    0.00    0.00  100.00    0.00    0.00    0.00    0.00
11:36:01 PM    2    0.00    0.00  100.00    0.00    0.00    0.00    0.00    0.00    0.00    0.00
11:36:01 PM    3    0.00    0.00    0.00    0.00    0.00    0.00    0.00    0.00    0.00  100.00
11:36:01 PM    4    0.00    0.00    0.00    0.00    0.00    0.00    0.00    0.00    0.00  100.00
11:36:01 PM    5    0.00    0.00    0.00    0.00    0.00    0.00    0.00    0.00    0.00  100.00
11:36:01 PM    6    0.00    0.00    0.00    0.00    0.00    0.00    0.00    0.00    0.00  100.00
11:36:01 PM    7    0.00    0.00    0.00    0.00    0.00    0.00    0.00    0.00    0.00  100.00

11:36:01 PM  CPU    %usr   %nice    %sys %iowait    %irq   %soft  %steal  %guest  %gnice   %idle
11:36:02 PM  all    0.00    0.00   12.64    0.00    0.00   20.90    0.00    0.00    0.00   66.46
11:36:02 PM    0    0.00    0.00    1.01    0.00    0.00   67.68    0.00    0.00    0.00   31.31
11:36:02 PM    1    0.00    0.00    0.00    0.00    0.00  100.00    0.00    0.00    0.00    0.00
11:36:02 PM    2    0.00    0.00  100.00    0.00    0.00    0.00    0.00    0.00    0.00    0.00
11:36:02 PM    3    0.00    0.00    0.00    0.00    0.00    0.00    0.00    0.00    0.00  100.00
11:36:02 PM    4    0.00    0.00    0.00    0.00    0.00    0.00    0.00    0.00    0.00  100.00
11:36:02 PM    5    0.00    0.00    0.00    0.00    0.00    0.00    0.00    0.00    0.00  100.00
11:36:02 PM    6    0.00    0.00    0.00    0.00    0.00    0.00    0.00    0.00    0.00  100.00
11:36:02 PM    7    0.00    0.00    0.00    0.00    0.00    0.00    0.00    0.00    0.00  100.00

11:36:02 PM  CPU    %usr   %nice    %sys %iowait    %irq   %soft  %steal  %guest  %gnice   %idle
11:36:03 PM  all    0.00    0.00   12.56    0.00    0.12   21.52    0.00    0.00    0.00   65.80
11:36:03 PM    0    0.00    0.00    0.00    0.00    0.00  100.00    0.00    0.00    0.00    0.00
11:36:03 PM    1    0.00    0.00    0.00    0.00    0.99   72.28    0.00    0.00    0.00   26.73
11:36:03 PM    2    0.00    0.00  100.00    0.00    0.00    0.00    0.00    0.00    0.00    0.00
11:36:03 PM    3    0.00    0.00    0.00    0.00    0.00    0.00    0.00    0.00    0.00  100.00
11:36:03 PM    4    0.00    0.00    0.00    0.00    0.00    0.00    0.00    0.00    0.00  100.00
11:36:03 PM    5    0.00    0.00    0.00    0.00    0.00    0.00    0.00    0.00    0.00  100.00
11:36:03 PM    6    0.00    0.00    0.00    0.00    0.00    0.00    0.00    0.00    0.00  100.00
11:36:03 PM    7    0.00    0.00    0.00    0.00    0.00    0.00    0.00    0.00    0.00  100.00

11:36:03 PM  CPU    %usr   %nice    %sys %iowait    %irq   %soft  %steal  %guest  %gnice   %idle
11:36:04 PM  all    0.00    0.00   12.38    0.00    0.12   15.00    0.00    0.00    0.00   72.50
11:36:04 PM    0    0.00    0.00    0.00    0.00    0.99   38.61    0.00    0.00    0.00   60.40
11:36:04 PM    1    0.00    0.00    0.00    0.00    0.00   81.00    0.00    0.00    0.00   19.00
11:36:04 PM    2    0.00    0.00  100.00    0.00    0.00    0.00    0.00    0.00    0.00    0.00
11:36:04 PM    3    0.00    0.00    0.00    0.00    0.00    0.00    0.00    0.00    0.00  100.00
11:36:04 PM    4    0.00    0.00    0.00    0.00    0.00    0.00    0.00    0.00    0.00  100.00
11:36:04 PM    5    0.00    0.00    0.00    0.00    0.00    0.00    0.00    0.00    0.00  100.00
11:36:04 PM    6    0.00    0.00    0.00    0.00    0.00    0.00    0.00    0.00    0.00  100.00
11:36:04 PM    7    0.00    0.00    0.00    0.00    0.00    0.00    0.00    0.00    0.00  100.00

11:36:04 PM  CPU    %usr   %nice    %sys %iowait    %irq   %soft  %steal  %guest  %gnice   %idle
11:36:05 PM  all    0.00    0.00   12.52    0.00    0.00   15.89    0.00    0.00    0.00   71.59
11:36:05 PM    0    0.00    0.00    0.00    0.00    0.00   74.00    0.00    0.00    0.00   26.00
11:36:05 PM    1    0.00    0.00    0.00    0.00    0.00   53.54    0.00    0.00    0.00   46.46
11:36:05 PM    2    0.00    0.00  100.00    0.00    0.00    0.00    0.00    0.00    0.00    0.00
11:36:05 PM    3    0.00    0.00    0.00    0.00    0.00    0.00    0.00    0.00    0.00  100.00
11:36:05 PM    4    0.00    0.00    0.00    0.00    0.00    0.00    0.00    0.00    0.00  100.00
11:36:05 PM    5    0.00    0.00    0.00    0.00    0.00    0.00    0.00    0.00    0.00  100.00
11:36:05 PM    6    0.00    0.00    0.00    0.00    0.00    0.00    0.00    0.00    0.00  100.00
11:36:05 PM    7    0.00    0.00    0.00    0.00    0.00    0.00    0.00    0.00    0.00  100.00

11:36:05 PM  CPU    %usr   %nice    %sys %iowait    %irq   %soft  %steal  %guest  %gnice   %idle
11:36:06 PM  all    0.00    0.00   12.64    0.00    0.00   18.15    0.00    0.00    0.00   69.21
11:36:06 PM    0    0.00    0.00    0.00    0.00    0.00  100.00    0.00    0.00    0.00    0.00
11:36:06 PM    1    0.00    0.00    1.01    0.00    0.00   45.45    0.00    0.00    0.00   53.54
11:36:06 PM    2    0.00    0.00  100.00    0.00    0.00    0.00    0.00    0.00    0.00    0.00
11:36:06 PM    3    0.00    0.00    0.00    0.00    0.00    0.00    0.00    0.00    0.00  100.00
11:36:06 PM    4    0.00    0.00    0.00    0.00    0.00    0.00    0.00    0.00    0.00  100.00
11:36:06 PM    5    0.00    0.00    0.00    0.00    0.00    0.00    0.00    0.00    0.00  100.00
11:36:06 PM    6    0.00    0.00    0.00    0.00    0.00    0.00    0.00    0.00    0.00  100.00
11:36:06 PM    7    0.00    0.00    0.00    0.00    0.00    0.00    0.00    0.00    0.00  100.00

11:36:06 PM  CPU    %usr   %nice    %sys %iowait    %irq   %soft  %steal  %guest  %gnice   %idle
11:36:07 PM  all    0.00    0.00   12.58    0.00    0.25   16.81    0.00    0.00    0.00   70.36
11:36:07 PM    0    0.00    0.00    0.00    0.00    1.00   75.00    0.00    0.00    0.00   24.00
11:36:07 PM    1    0.00    0.00    0.00    0.00    0.99   59.41    0.00    0.00    0.00   39.60
11:36:07 PM    2    0.00    0.00  100.00    0.00    0.00    0.00    0.00    0.00    0.00    0.00
11:36:07 PM    3    0.00    0.00    0.00    0.00    0.00    0.00    0.00    0.00    0.00  100.00
11:36:07 PM    4    0.00    0.00    0.00    0.00    0.00    0.00    0.00    0.00    0.00  100.00
11:36:07 PM    5    0.00    0.00    0.00    0.00    0.00    0.00    0.00    0.00    0.00  100.00
11:36:07 PM    6    0.00    0.00    0.00    0.00    0.00    0.00    0.00    0.00    0.00  100.00
11:36:07 PM    7    0.00    0.00    0.00    0.00    0.00    0.00    0.00    0.00    0.00  100.00

11:36:07 PM  CPU    %usr   %nice    %sys %iowait    %irq   %soft  %steal  %guest  %gnice   %idle
11:36:08 PM  all    0.00    0.00   12.44    0.00    0.00   17.79    0.00    0.00    0.00   69.78
11:36:08 PM    0    0.00    0.00    0.00    0.00    0.00   66.34    0.00    0.00    0.00   33.66
11:36:08 PM    1    0.00    0.00    0.00    0.00    0.00   75.25    0.00    0.00    0.00   24.75
11:36:08 PM    2    0.00    0.00  100.00    0.00    0.00    0.00    0.00    0.00    0.00    0.00
11:36:08 PM    3    0.00    0.00    0.00    0.00    0.00    0.00    0.00    0.00    0.00  100.00
11:36:08 PM    4    0.00    0.00    0.00    0.00    0.00    0.00    0.00    0.00    0.00  100.00
11:36:08 PM    5    0.00    0.00    0.00    0.00    0.00    0.00    0.00    0.00    0.00  100.00
11:36:08 PM    6    0.00    0.00    0.00    0.00    0.00    0.00    0.00    0.00    0.00  100.00
11:36:08 PM    7    0.00    0.00    0.00    0.00    0.00    0.00    0.00    0.00    0.00  100.00

11:36:08 PM  CPU    %usr   %nice    %sys %iowait    %irq   %soft  %steal  %guest  %gnice   %idle
11:36:09 PM  all    0.13    0.00   12.66    0.00    0.00   20.55    0.00    0.00    0.00   66.67
11:36:09 PM    0    1.01    0.00    1.01    0.00    0.00   75.76    0.00    0.00    0.00   22.22
11:36:09 PM    1    0.00    0.00    0.00    0.00    0.00   89.90    0.00    0.00    0.00   10.10
11:36:09 PM    2    0.00    0.00  100.00    0.00    0.00    0.00    0.00    0.00    0.00    0.00
11:36:09 PM    3    0.00    0.00    0.00    0.00    0.00    0.00    0.00    0.00    0.00  100.00
11:36:09 PM    4    0.00    0.00    0.00    0.00    0.00    0.00    0.00    0.00    0.00  100.00
11:36:09 PM    5    0.00    0.00    0.00    0.00    0.00    0.00    0.00    0.00    0.00  100.00
11:36:09 PM    6    0.00    0.00    0.00    0.00    0.00    0.00    0.00    0.00    0.00  100.00
11:36:09 PM    7    0.00    0.00    0.00    0.00    0.00    0.00    0.00    0.00    0.00  100.00

11:36:09 PM  CPU    %usr   %nice    %sys %iowait    %irq   %soft  %steal  %guest  %gnice   %idle
11:36:10 PM  all    0.00    0.00   12.58    0.00    0.12   23.41    0.00    0.00    0.00   63.89
11:36:10 PM    0    0.00    0.00    0.00    0.00    0.99   99.01    0.00    0.00    0.00    0.00
11:36:10 PM    1    0.00    0.00    1.00    0.00    0.00   88.00    0.00    0.00    0.00   11.00
11:36:10 PM    2    0.00    0.00  100.00    0.00    0.00    0.00    0.00    0.00    0.00    0.00
11:36:10 PM    3    0.00    0.00    0.00    0.00    0.00    0.00    0.00    0.00    0.00  100.00
11:36:10 PM    4    0.00    0.00    0.00    0.00    0.00    0.00    0.00    0.00    0.00  100.00
11:36:10 PM    5    0.00    0.00    0.00    0.00    0.00    0.00    0.00    0.00    0.00  100.00
11:36:10 PM    6    0.00    0.00    0.00    0.00    0.00    0.00    0.00    0.00    0.00  100.00
11:36:10 PM    7    0.00    0.00    0.00    0.00    0.00    0.00    0.00    0.00    0.00  100.00

11:36:10 PM  CPU    %usr   %nice    %sys %iowait    %irq   %soft  %steal  %guest  %gnice   %idle
11:36:11 PM  all    0.00    0.00   12.48    0.00    0.12   18.35    0.00    0.00    0.00   69.04
11:36:11 PM    0    0.00    0.00    0.00    0.00    0.00   47.00    0.00    0.00    0.00   53.00
11:36:11 PM    1    0.00    0.00    0.00    0.00    0.99   99.01    0.00    0.00    0.00    0.00
11:36:11 PM    2    0.00    0.00  100.00    0.00    0.00    0.00    0.00    0.00    0.00    0.00
11:36:11 PM    3    0.00    0.00    0.00    0.00    0.00    0.00    0.00    0.00    0.00  100.00
11:36:11 PM    4    0.00    0.00    0.00    0.00    0.00    0.00    0.00    0.00    0.00  100.00
11:36:11 PM    5    0.00    0.00    0.00    0.00    0.00    0.00    0.00    0.00    0.00  100.00
11:36:11 PM    6    0.00    0.00    0.00    0.00    0.00    0.00    0.00    0.00    0.00  100.00
11:36:11 PM    7    0.00    0.00    0.00    0.00    0.00    0.00    0.00    0.00    0.00  100.00

11:36:11 PM  CPU    %usr   %nice    %sys %iowait    %irq   %soft  %steal  %guest  %gnice   %idle
11:36:12 PM  all    0.13    0.00   12.78    0.00    0.00   22.68    0.00    0.00    0.00   64.41
11:36:12 PM    0    0.00    0.00    2.02    0.00    0.00   88.89    0.00    0.00    0.00    9.09
11:36:12 PM    1    1.01    0.00    0.00    0.00    0.00   93.94    0.00    0.00    0.00    5.05
11:36:12 PM    2    0.00    0.00  100.00    0.00    0.00    0.00    0.00    0.00    0.00    0.00
11:36:12 PM    3    0.00    0.00    0.00    0.00    0.00    0.00    0.00    0.00    0.00  100.00
11:36:12 PM    4    0.00    0.00    0.00    0.00    0.00    0.00    0.00    0.00    0.00  100.00
11:36:12 PM    5    0.00    0.00    0.00    0.00    0.00    0.00    0.00    0.00    0.00  100.00
11:36:12 PM    6    0.00    0.00    0.00    0.00    0.00    0.00    0.00    0.00    0.00  100.00
11:36:12 PM    7    0.00    0.00    0.00    0.00    0.00    0.00    0.00    0.00    0.00  100.00

11:36:12 PM  CPU    %usr   %nice    %sys %iowait    %irq   %soft  %steal  %guest  %gnice   %idle
11:36:13 PM  all    0.00    0.00   12.47    0.00    0.12   17.58    0.00    0.00    0.00   69.83
11:36:13 PM    0    0.00    0.00    0.00    0.00    0.99   99.01    0.00    0.00    0.00    0.00
11:36:13 PM    1    0.00    0.00    0.00    0.00    0.00   40.59    0.00    0.00    0.00   59.41
11:36:13 PM    2    0.00    0.00  100.00    0.00    0.00    0.00    0.00    0.00    0.00    0.00
11:36:13 PM    3    0.00    0.00    0.00    0.00    0.00    0.00    0.00    0.00    0.00  100.00
11:36:13 PM    4    0.00    0.00    0.00    0.00    0.00    0.00    0.00    0.00    0.00  100.00
11:36:13 PM    5    0.00    0.00    0.00    0.00    0.00    0.00    0.00    0.00    0.00  100.00
11:36:13 PM    6    0.00    0.00    0.00    0.00    0.00    0.00    0.00    0.00    0.00  100.00
11:36:13 PM    7    0.00    0.00    0.00    0.00    0.00    0.00    0.00    0.00    0.00  100.00

11:36:13 PM  CPU    %usr   %nice    %sys %iowait    %irq   %soft  %steal  %guest  %gnice   %idle
11:36:14 PM  all    0.00    0.00   12.66    0.00    0.12   19.85    0.00    0.00    0.00   67.37
11:36:14 PM    0    0.00    0.00    0.00    0.00    0.00  100.00    0.00    0.00    0.00    0.00
11:36:14 PM    1    0.00    0.00    0.98    0.00    0.98   58.82    0.00    0.00    0.00   39.22
11:36:14 PM    2    0.00    0.00  100.00    0.00    0.00    0.00    0.00    0.00    0.00    0.00
11:36:14 PM    3    0.00    0.00    0.00    0.00    0.00    0.00    0.00    0.00    0.00  100.00
11:36:14 PM    4    0.00    0.00    0.00    0.00    0.00    0.00    0.00    0.00    0.00  100.00
11:36:14 PM    5    0.00    0.00    0.00    0.00    0.00    0.00    0.00    0.00    0.00  100.00
11:36:14 PM    6    0.00    0.00    0.00    0.00    0.00    0.00    0.00    0.00    0.00  100.00
11:36:14 PM    7    0.00    0.00    0.00    0.00    0.00    0.00    0.00    0.00    0.00  100.00

11:36:14 PM  CPU    %usr   %nice    %sys %iowait    %irq   %soft  %steal  %guest  %gnice   %idle
11:36:15 PM  all    0.13    0.00   12.78    0.00    0.00   20.80    0.00    0.00    0.00   66.29
11:36:15 PM    0    1.00    0.00    1.00    0.00    0.00   98.00    0.00    0.00    0.00    0.00
11:36:15 PM    1    0.00    0.00    1.02    0.00    0.00   69.39    0.00    0.00    0.00   29.59
11:36:15 PM    2    0.00    0.00  100.00    0.00    0.00    0.00    0.00    0.00    0.00    0.00
11:36:15 PM    3    0.00    0.00    0.00    0.00    0.00    0.00    0.00    0.00    0.00  100.00
11:36:15 PM    4    0.00    0.00    0.00    0.00    0.00    0.00    0.00    0.00    0.00  100.00
11:36:15 PM    5    0.00    0.00    0.00    0.00    0.00    0.00    0.00    0.00    0.00  100.00
11:36:15 PM    6    0.00    0.00    0.00    0.00    0.00    0.00    0.00    0.00    0.00  100.00
11:36:15 PM    7    0.00    0.00    0.00    0.00    0.00    0.00    0.00    0.00    0.00  100.00

11:36:15 PM  CPU    %usr   %nice    %sys %iowait    %irq   %soft  %steal  %guest  %gnice   %idle
11:36:16 PM  all    0.00    0.00   12.48    0.00    0.12   20.10    0.00    0.00    0.00   67.29
11:36:16 PM    0    0.00    0.00    0.00    0.00    0.99   72.28    0.00    0.00    0.00   26.73
11:36:16 PM    1    0.00    0.00    0.00    0.00    0.00   88.00    0.00    0.00    0.00   12.00
11:36:16 PM    2    0.00    0.00  100.00    0.00    0.00    0.00    0.00    0.00    0.00    0.00
11:36:16 PM    3    0.00    0.00    0.00    0.00    0.00    0.00    0.00    0.00    0.00  100.00
11:36:16 PM    4    0.00    0.00    0.00    0.00    0.00    0.00    0.00    0.00    0.00  100.00
11:36:16 PM    5    0.00    0.00    0.00    0.00    0.00    0.00    0.00    0.00    0.00  100.00
11:36:16 PM    6    0.00    0.00    0.00    0.00    0.00    0.00    0.00    0.00    0.00  100.00
11:36:16 PM    7    0.00    0.00    0.00    0.00    0.00    0.00    0.00    0.00    0.00  100.00

11:36:16 PM  CPU    %usr   %nice    %sys %iowait    %irq   %soft  %steal  %guest  %gnice   %idle
11:36:17 PM  all    0.00    0.00   12.56    0.00    0.12   23.63    0.00    0.00    0.00   63.68
11:36:17 PM    0    0.00    0.00    0.00    0.00    0.00  100.00    0.00    0.00    0.00    0.00
11:36:17 PM    1    0.00    0.00    0.00    0.00    0.99   89.11    0.00    0.00    0.00    9.90
11:36:17 PM    2    0.00    0.00  100.00    0.00    0.00    0.00    0.00    0.00    0.00    0.00
11:36:17 PM    3    0.00    0.00    0.00    0.00    0.00    0.00    0.00    0.00    0.00  100.00
11:36:17 PM    4    0.00    0.00    0.00    0.00    0.00    0.00    0.00    0.00    0.00  100.00
11:36:17 PM    5    0.00    0.00    0.00    0.00    0.00    0.00    0.00    0.00    0.00  100.00
11:36:17 PM    6    0.00    0.00    0.00    0.00    0.00    0.00    0.00    0.00    0.00  100.00
11:36:17 PM    7    0.00    0.00    0.00    0.00    0.00    0.00    0.00    0.00    0.00  100.00

11:36:17 PM  CPU    %usr   %nice    %sys %iowait    %irq   %soft  %steal  %guest  %gnice   %idle
11:36:18 PM  all    0.00    0.00   12.48    0.00    0.00   19.48    0.00    0.00    0.00   68.04
11:36:18 PM    0    0.00    0.00    0.00    0.00    0.00   77.00    0.00    0.00    0.00   23.00
11:36:18 PM    1    0.00    0.00    0.00    0.00    0.00   79.00    0.00    0.00    0.00   21.00
11:36:18 PM    2    0.00    0.00  100.00    0.00    0.00    0.00    0.00    0.00    0.00    0.00
11:36:18 PM    3    0.00    0.00    0.00    0.00    0.00    0.00    0.00    0.00    0.00  100.00
11:36:18 PM    4    0.00    0.00    0.00    0.00    0.00    0.00    0.00    0.00    0.00  100.00
11:36:18 PM    5    0.00    0.00    0.00    0.00    0.00    0.00    0.00    0.00    0.00  100.00
11:36:18 PM    6    0.00    0.00    0.00    0.00    0.00    0.00    0.00    0.00    0.00  100.00
11:36:18 PM    7    0.00    0.00    0.00    0.00    0.00    0.00    0.00    0.00    0.00  100.00

11:36:18 PM  CPU    %usr   %nice    %sys %iowait    %irq   %soft  %steal  %guest  %gnice   %idle
11:36:19 PM  all    0.00    0.00   12.56    0.00    0.12   16.67    0.00    0.00    0.00   70.65
11:36:19 PM    0    0.00    0.00    0.00    0.00    0.99   33.66    0.00    0.00    0.00   65.35
11:36:19 PM    1    0.00    0.00    0.99    0.00    0.00   99.01    0.00    0.00    0.00    0.00
11:36:19 PM    2    0.00    0.00  100.00    0.00    0.00    0.00    0.00    0.00    0.00    0.00
11:36:19 PM    3    0.00    0.00    0.00    0.00    0.00    0.00    0.00    0.00    0.00  100.00
11:36:19 PM    4    0.00    0.00    0.00    0.00    0.00    0.00    0.00    0.00    0.00  100.00
11:36:19 PM    5    0.00    0.00    0.00    0.00    0.00    0.00    0.00    0.00    0.00  100.00
11:36:19 PM    6    0.00    0.00    0.00    0.00    0.00    0.00    0.00    0.00    0.00  100.00
11:36:19 PM    7    0.00    0.00    0.00    0.00    0.00    0.00    0.00    0.00    0.00  100.00

11:36:19 PM  CPU    %usr   %nice    %sys %iowait    %irq   %soft  %steal  %guest  %gnice   %idle
11:36:20 PM  all    0.00    0.00   12.52    0.00    0.00   18.40    0.00    0.00    0.00   69.09
11:36:20 PM    0    0.00    0.00    0.00    0.00    0.00   75.00    0.00    0.00    0.00   25.00
11:36:20 PM    1    0.00    0.00    0.00    0.00    0.00   72.73    0.00    0.00    0.00   27.27
11:36:20 PM    2    0.00    0.00  100.00    0.00    0.00    0.00    0.00    0.00    0.00    0.00
11:36:20 PM    3    0.00    0.00    0.00    0.00    0.00    0.00    0.00    0.00    0.00  100.00
11:36:20 PM    4    0.00    0.00    0.00    0.00    0.00    0.00    0.00    0.00    0.00  100.00
11:36:20 PM    5    0.00    0.00    0.00    0.00    0.00    0.00    0.00    0.00    0.00  100.00
11:36:20 PM    6    0.00    0.00    0.00    0.00    0.00    0.00    0.00    0.00    0.00  100.00
11:36:20 PM    7    0.00    0.00    0.00    0.00    0.00    0.00    0.00    0.00    0.00  100.00

11:36:20 PM  CPU    %usr   %nice    %sys %iowait    %irq   %soft  %steal  %guest  %gnice   %idle
11:36:21 PM  all    0.00    0.00   12.56    0.00    0.12   19.65    0.00    0.00    0.00   67.66
11:36:21 PM    0    0.00    0.00    0.00    0.00    0.00   58.00    0.00    0.00    0.00   42.00
11:36:21 PM    1    0.00    0.00    0.00    0.00    0.99   99.01    0.00    0.00    0.00    0.00
11:36:21 PM    2    0.00    0.00  100.00    0.00    0.00    0.00    0.00    0.00    0.00    0.00
11:36:21 PM    3    0.00    0.00    0.00    0.00    0.00    0.00    0.00    0.00    0.00  100.00
11:36:21 PM    4    0.00    0.00    0.00    0.00    0.00    0.00    0.00    0.00    0.00  100.00
11:36:21 PM    5    0.00    0.00    0.00    0.00    0.00    0.00    0.00    0.00    0.00  100.00
11:36:21 PM    6    0.00    0.00    0.00    0.00    0.00    0.00    0.00    0.00    0.00  100.00
11:36:21 PM    7    0.00    0.00    0.00    0.00    0.00    0.00    0.00    0.00    0.00  100.00

11:36:21 PM  CPU    %usr   %nice    %sys %iowait    %irq   %soft  %steal  %guest  %gnice   %idle
11:36:22 PM  all    0.00    0.00   12.48    0.00    0.12   20.35    0.00    0.00    0.00   67.04
11:36:22 PM    0    0.00    0.00    0.00    0.00    1.00   99.00    0.00    0.00    0.00    0.00
11:36:22 PM    1    0.00    0.00    0.00    0.00    0.00   63.37    0.00    0.00    0.00   36.63
11:36:22 PM    2    0.00    0.00  100.00    0.00    0.00    0.00    0.00    0.00    0.00    0.00
11:36:22 PM    3    0.00    0.00    0.00    0.00    0.00    0.00    0.00    0.00    0.00  100.00
11:36:22 PM    4    0.00    0.00    0.00    0.00    0.00    0.00    0.00    0.00    0.00  100.00
11:36:22 PM    5    0.00    0.00    0.00    0.00    0.00    0.00    0.00    0.00    0.00  100.00
11:36:22 PM    6    0.00    0.00    0.00    0.00    0.00    0.00    0.00    0.00    0.00  100.00
11:36:22 PM    7    0.00    0.00    0.00    0.00    0.00    0.00    0.00    0.00    0.00  100.00

11:36:22 PM  CPU    %usr   %nice    %sys %iowait    %irq   %soft  %steal  %guest  %gnice   %idle
11:36:23 PM  all    0.00    0.00   12.50    0.00    0.00   17.75    0.00    0.00    0.00   69.75
11:36:23 PM    0    0.00    0.00    0.00    0.00    0.00  100.00    0.00    0.00    0.00    0.00
11:36:23 PM    1    0.00    0.00    0.00    0.00    0.00   42.00    0.00    0.00    0.00   58.00
11:36:23 PM    2    0.00    0.00  100.00    0.00    0.00    0.00    0.00    0.00    0.00    0.00
11:36:23 PM    3    0.00    0.00    0.00    0.00    0.00    0.00    0.00    0.00    0.00  100.00
11:36:23 PM    4    0.00    0.00    0.00    0.00    0.00    0.00    0.00    0.00    0.00  100.00
11:36:23 PM    5    0.00    0.00    0.00    0.00    0.00    0.00    0.00    0.00    0.00  100.00
11:36:23 PM    6    0.00    0.00    0.00    0.00    0.00    0.00    0.00    0.00    0.00  100.00
11:36:23 PM    7    0.00    0.00    0.00    0.00    0.00    0.00    0.00    0.00    0.00  100.00

11:36:23 PM  CPU    %usr   %nice    %sys %iowait    %irq   %soft  %steal  %guest  %gnice   %idle
11:36:24 PM  all    0.00    0.00   12.52    0.00    0.00   22.90    0.00    0.00    0.00   64.58
11:36:24 PM    0    0.00    0.00    0.00    0.00    0.00   98.00    0.00    0.00    0.00    2.00
11:36:24 PM    1    0.00    0.00    0.00    0.00    0.00   85.86    0.00    0.00    0.00   14.14
11:36:24 PM    2    0.00    0.00  100.00    0.00    0.00    0.00    0.00    0.00    0.00    0.00
11:36:24 PM    3    0.00    0.00    0.00    0.00    0.00    0.00    0.00    0.00    0.00  100.00
11:36:24 PM    4    0.00    0.00    0.00    0.00    0.00    0.00    0.00    0.00    0.00  100.00
11:36:24 PM    5    0.00    0.00    0.00    0.00    0.00    0.00    0.00    0.00    0.00  100.00
11:36:24 PM    6    0.00    0.00    0.00    0.00    0.00    0.00    0.00    0.00    0.00  100.00
11:36:24 PM    7    0.00    0.00    0.00    0.00    0.00    0.00    0.00    0.00    0.00  100.00

11:36:24 PM  CPU    %usr   %nice    %sys %iowait    %irq   %soft  %steal  %guest  %gnice   %idle
11:36:25 PM  all    0.25    0.00   12.47    0.00    0.25   16.71    0.00    0.00    0.00   70.32
11:36:25 PM    0    0.00    0.00    0.00    0.00    0.99   55.45    0.00    0.00    0.00   43.56
11:36:25 PM    1    1.98    0.00    0.00    0.00    0.99   77.23    0.00    0.00    0.00   19.80
11:36:25 PM    2    0.00    0.00  100.00    0.00    0.00    0.00    0.00    0.00    0.00    0.00
11:36:25 PM    3    0.00    0.00    0.00    0.00    0.00    0.00    0.00    0.00    0.00  100.00
11:36:25 PM    4    0.00    0.00    0.00    0.00    0.00    0.00    0.00    0.00    0.00  100.00
11:36:25 PM    5    0.00    0.00    0.00    0.00    0.00    0.00    0.00    0.00    0.00  100.00
11:36:25 PM    6    0.00    0.00    0.00    0.00    0.00    0.00    0.00    0.00    0.00  100.00
11:36:25 PM    7    0.00    0.00    0.00    0.00    0.00    0.00    0.00    0.00    0.00  100.00

11:36:25 PM  CPU    %usr   %nice    %sys %iowait    %irq   %soft  %steal  %guest  %gnice   %idle
11:36:26 PM  all    0.00    0.00   12.52    0.00    0.00   14.52    0.00    0.00    0.00   72.97
11:36:26 PM    0    0.00    0.00    0.00    0.00    0.00   20.20    0.00    0.00    0.00   79.80
11:36:26 PM    1    0.00    0.00    0.00    0.00    0.00   96.00    0.00    0.00    0.00    4.00
11:36:26 PM    2    0.00    0.00  100.00    0.00    0.00    0.00    0.00    0.00    0.00    0.00
11:36:26 PM    3    0.00    0.00    0.00    0.00    0.00    0.00    0.00    0.00    0.00  100.00
11:36:26 PM    4    0.00    0.00    0.00    0.00    0.00    0.00    0.00    0.00    0.00  100.00
11:36:26 PM    5    0.00    0.00    0.00    0.00    0.00    0.00    0.00    0.00    0.00  100.00
11:36:26 PM    6    0.00    0.00    0.00    0.00    0.00    0.00    0.00    0.00    0.00  100.00
11:36:26 PM    7    0.00    0.00    0.00    0.00    0.00    0.00    0.00    0.00    0.00  100.00

11:36:26 PM  CPU    %usr   %nice    %sys %iowait    %irq   %soft  %steal  %guest  %gnice   %idle
11:36:27 PM  all    0.00    0.00   12.50    0.00    0.00   22.62    0.00    0.00    0.00   64.88
11:36:27 PM    0    0.00    0.00    0.00    0.00    0.00  100.00    0.00    0.00    0.00    0.00
11:36:27 PM    1    0.00    0.00    0.00    0.00    0.00   81.82    0.00    0.00    0.00   18.18
11:36:27 PM    2    0.00    0.00  100.00    0.00    0.00    0.00    0.00    0.00    0.00    0.00
11:36:27 PM    3    0.00    0.00    0.00    0.00    0.00    0.00    0.00    0.00    0.00  100.00
11:36:27 PM    4    0.00    0.00    0.00    0.00    0.00    0.00    0.00    0.00    0.00  100.00
11:36:27 PM    5    0.00    0.00    0.00    0.00    0.00    0.00    0.00    0.00    0.00  100.00
11:36:27 PM    6    0.00    0.00    0.00    0.00    0.00    0.00    0.00    0.00    0.00  100.00
11:36:27 PM    7    0.00    0.00    0.00    0.00    0.00    0.00    0.00    0.00    0.00  100.00

11:36:27 PM  CPU    %usr   %nice    %sys %iowait    %irq   %soft  %steal  %guest  %gnice   %idle
11:36:28 PM  all    0.00    0.00   12.73    0.00    0.12   16.23    0.00    0.00    0.00   70.91
11:36:28 PM    0    0.00    0.00    1.00    0.00    1.00   39.00    0.00    0.00    0.00   59.00
11:36:28 PM    1    0.00    0.00    0.99    0.00    0.00   90.10    0.00    0.00    0.00    8.91
11:36:28 PM    2    0.00    0.00  100.00    0.00    0.00    0.00    0.00    0.00    0.00    0.00
11:36:28 PM    3    0.00    0.00    0.00    0.00    0.00    0.00    0.00    0.00    0.00  100.00
11:36:28 PM    4    0.00    0.00    0.00    0.00    0.00    0.00    0.00    0.00    0.00  100.00
11:36:28 PM    5    0.00    0.00    0.00    0.00    0.00    0.00    0.00    0.00    0.00  100.00
11:36:28 PM    6    0.00    0.00    0.00    0.00    0.00    0.00    0.00    0.00    0.00  100.00
11:36:28 PM    7    0.00    0.00    0.00    0.00    0.00    0.00    0.00    0.00    0.00  100.00

11:36:28 PM  CPU    %usr   %nice    %sys %iowait    %irq   %soft  %steal  %guest  %gnice   %idle
11:36:29 PM  all    0.00    0.00   12.45    0.00    0.12   16.94    0.00    0.00    0.00   70.49
11:36:29 PM    0    0.00    0.00    0.00    0.00    0.00   78.00    0.00    0.00    0.00   22.00
11:36:29 PM    1    0.00    0.00    0.00    0.00    0.99   57.43    0.00    0.00    0.00   41.58
11:36:29 PM    2    0.00    0.00  100.00    0.00    0.00    0.00    0.00    0.00    0.00    0.00
11:36:29 PM    3    0.00    0.00    0.00    0.00    0.00    0.00    0.00    0.00    0.00  100.00
11:36:29 PM    4    0.00    0.00    0.00    0.00    0.00    0.00    0.00    0.00    0.00  100.00
11:36:29 PM    5    0.00    0.00    0.00    0.00    0.00    0.00    0.00    0.00    0.00  100.00
11:36:29 PM    6    0.00    0.00    0.00    0.00    0.00    0.00    0.00    0.00    0.00  100.00
11:36:29 PM    7    0.00    0.00    0.00    0.00    0.00    0.00    0.00    0.00    0.00  100.00

11:36:29 PM  CPU    %usr   %nice    %sys %iowait    %irq   %soft  %steal  %guest  %gnice   %idle
11:36:30 PM  all    0.00    0.00   12.62    0.00    0.00   22.88    0.00    0.00    0.00   64.50
11:36:30 PM    0    0.00    0.00    1.00    0.00    0.00   83.00    0.00    0.00    0.00   16.00
11:36:30 PM    1    0.00    0.00    0.00    0.00    0.00  100.00    0.00    0.00    0.00    0.00
11:36:30 PM    2    0.00    0.00  100.00    0.00    0.00    0.00    0.00    0.00    0.00    0.00
11:36:30 PM    3    0.00    0.00    0.00    0.00    0.00    0.00    0.00    0.00    0.00  100.00
11:36:30 PM    4    0.00    0.00    0.00    0.00    0.00    0.00    0.00    0.00    0.00  100.00
11:36:30 PM    5    0.00    0.00    0.00    0.00    0.00    0.00    0.00    0.00    0.00  100.00
11:36:30 PM    6    0.00    0.00    0.00    0.00    0.00    0.00    0.00    0.00    0.00  100.00
11:36:30 PM    7    0.00    0.00    0.00    0.00    0.00    0.00    0.00    0.00    0.00  100.00

11:36:30 PM  CPU    %usr   %nice    %sys %iowait    %irq   %soft  %steal  %guest  %gnice   %idle
11:36:31 PM  all    0.00    0.00   12.53    0.00    0.12   24.07    0.00    0.00    0.00   63.28
11:36:31 PM    0    0.00    0.00    0.00    0.00    0.98   92.16    0.00    0.00    0.00    6.86
11:36:31 PM    1    0.00    0.00    0.00    0.00    0.00  100.00    0.00    0.00    0.00    0.00
11:36:31 PM    2    0.00    0.00  100.00    0.00    0.00    0.00    0.00    0.00    0.00    0.00
11:36:31 PM    3    0.00    0.00    0.00    0.00    0.00    0.00    0.00    0.00    0.00  100.00
11:36:31 PM    4    0.00    0.00    0.00    0.00    0.00    0.00    0.00    0.00    0.00  100.00
11:36:31 PM    5    0.00    0.00    0.00    0.00    0.00    0.00    0.00    0.00    0.00  100.00
11:36:31 PM    6    0.00    0.00    0.00    0.00    0.00    0.00    0.00    0.00    0.00  100.00
11:36:31 PM    7    0.00    0.00    0.00    0.00    0.00    0.00    0.00    0.00    0.00  100.00

11:36:31 PM  CPU    %usr   %nice    %sys %iowait    %irq   %soft  %steal  %guest  %gnice   %idle
11:36:32 PM  all    0.00    0.00   12.53    0.00    0.13   19.80    0.00    0.00    0.00   67.54
11:36:32 PM    0    0.00    0.00    0.00    0.00    0.00   79.80    0.00    0.00    0.00   20.20
11:36:32 PM    1    0.00    0.00    0.00    0.00    1.00   79.00    0.00    0.00    0.00   20.00
11:36:32 PM    2    0.00    0.00  100.00    0.00    0.00    0.00    0.00    0.00    0.00    0.00
11:36:32 PM    3    0.00    0.00    0.00    0.00    0.00    0.00    0.00    0.00    0.00  100.00
11:36:32 PM    4    0.00    0.00    0.00    0.00    0.00    0.00    0.00    0.00    0.00  100.00
11:36:32 PM    5    0.00    0.00    0.00    0.00    0.00    0.00    0.00    0.00    0.00  100.00
11:36:32 PM    6    0.00    0.00    0.00    0.00    0.00    0.00    0.00    0.00    0.00  100.00
11:36:32 PM    7    0.00    0.00    0.00    0.00    0.00    0.00    0.00    0.00    0.00  100.00

11:36:32 PM  CPU    %usr   %nice    %sys %iowait    %irq   %soft  %steal  %guest  %gnice   %idle
11:36:33 PM  all    0.00    0.00   12.52    0.00    0.00   12.52    0.00    0.00    0.00   74.97
11:36:33 PM    0    0.00    0.00    0.00    0.00    0.00    0.00    0.00    0.00    0.00  100.00
11:36:33 PM    1    0.00    0.00    0.00    0.00    0.00  100.00    0.00    0.00    0.00    0.00
11:36:33 PM    2    0.00    0.00  100.00    0.00    0.00    0.00    0.00    0.00    0.00    0.00
11:36:33 PM    3    0.00    0.00    0.00    0.00    0.00    0.00    0.00    0.00    0.00  100.00
11:36:33 PM    4    0.00    0.00    0.00    0.00    0.00    0.00    0.00    0.00    0.00  100.00
11:36:33 PM    5    0.00    0.00    0.00    0.00    0.00    0.00    0.00    0.00    0.00  100.00
11:36:33 PM    6    0.00    0.00    0.00    0.00    0.00    0.00    0.00    0.00    0.00  100.00
11:36:33 PM    7    0.00    0.00    0.00    0.00    0.00    0.00    0.00    0.00    0.00  100.00

11:36:33 PM  CPU    %usr   %nice    %sys %iowait    %irq   %soft  %steal  %guest  %gnice   %idle
11:36:34 PM  all    0.12    0.00   12.73    0.00    0.12   17.98    0.00    0.00    0.00   69.04
11:36:34 PM    0    0.98    0.00    0.98    0.00    0.98   45.10    0.00    0.00    0.00   51.96
11:36:34 PM    1    0.00    0.00    1.01    0.00    0.00   98.99    0.00    0.00    0.00    0.00
11:36:34 PM    2    0.00    0.00  100.00    0.00    0.00    0.00    0.00    0.00    0.00    0.00
11:36:34 PM    3    0.00    0.00    0.00    0.00    0.00    0.00    0.00    0.00    0.00  100.00
11:36:34 PM    4    0.00    0.00    0.00    0.00    0.00    0.00    0.00    0.00    0.00  100.00
11:36:34 PM    5    0.00    0.00    0.00    0.00    0.00    0.00    0.00    0.00    0.00  100.00
11:36:34 PM    6    0.00    0.00    0.00    0.00    0.00    0.00    0.00    0.00    0.00  100.00
11:36:34 PM    7    0.00    0.00    0.00    0.00    0.00    0.00    0.00    0.00    0.00  100.00

11:36:34 PM  CPU    %usr   %nice    %sys %iowait    %irq   %soft  %steal  %guest  %gnice   %idle
11:36:35 PM  all    0.00    0.00   12.45    0.00    0.00   17.93    0.00    0.00    0.00   69.61
11:36:35 PM    0    0.00    0.00    0.00    0.00    0.00   65.00    0.00    0.00    0.00   35.00
11:36:35 PM    1    0.00    0.00    0.00    0.00    0.00   79.00    0.00    0.00    0.00   21.00
11:36:35 PM    2    0.00    0.00  100.00    0.00    0.00    0.00    0.00    0.00    0.00    0.00
11:36:35 PM    3    0.00    0.00    0.00    0.00    0.00    0.00    0.00    0.00    0.00  100.00
11:36:35 PM    4    0.00    0.00    0.00    0.00    0.00    0.00    0.00    0.00    0.00  100.00
11:36:35 PM    5    0.00    0.00    0.00    0.00    0.00    0.00    0.00    0.00    0.00  100.00
11:36:35 PM    6    0.00    0.00    0.00    0.00    0.00    0.00    0.00    0.00    0.00  100.00
11:36:35 PM    7    0.00    0.00    0.00    0.00    0.00    0.00    0.00    0.00    0.00  100.00

11:36:35 PM  CPU    %usr   %nice    %sys %iowait    %irq   %soft  %steal  %guest  %gnice   %idle
11:36:36 PM  all    0.00    0.00   12.59    0.00    0.12   24.94    0.00    0.00    0.00   62.34
11:36:36 PM    0    0.00    0.00    0.99    0.00    0.00   99.01    0.00    0.00    0.00    0.00
11:36:36 PM    1    0.00    0.00    0.00    0.00    0.99   99.01    0.00    0.00    0.00    0.00
11:36:36 PM    2    0.00    0.00  100.00    0.00    0.00    0.00    0.00    0.00    0.00    0.00
11:36:36 PM    3    0.00    0.00    0.00    0.00    0.00    0.00    0.00    0.00    0.00  100.00
11:36:36 PM    4    0.00    0.00    0.00    0.00    0.00    0.00    0.00    0.00    0.00  100.00
11:36:36 PM    5    0.00    0.00    0.00    0.00    0.00    0.00    0.00    0.00    0.00  100.00
11:36:36 PM    6    0.00    0.00    0.00    0.00    0.00    0.00    0.00    0.00    0.00  100.00
11:36:36 PM    7    0.00    0.00    0.00    0.00    0.00    0.00    0.00    0.00    0.00  100.00

11:36:36 PM  CPU    %usr   %nice    %sys %iowait    %irq   %soft  %steal  %guest  %gnice   %idle
11:36:37 PM  all    0.00    0.00   12.56    0.00    0.12   20.65    0.00    0.00    0.00   66.67
11:36:37 PM    0    0.00    0.00    0.00    0.00    0.99   99.01    0.00    0.00    0.00    0.00
11:36:37 PM    1    0.00    0.00    0.00    0.00    0.00   66.67    0.00    0.00    0.00   33.33
11:36:37 PM    2    0.00    0.00  100.00    0.00    0.00    0.00    0.00    0.00    0.00    0.00
11:36:37 PM    3    0.00    0.00    0.00    0.00    0.00    0.00    0.00    0.00    0.00  100.00
11:36:37 PM    4    0.00    0.00    0.00    0.00    0.00    0.00    0.00    0.00    0.00  100.00
11:36:37 PM    5    0.00    0.00    0.00    0.00    0.00    0.00    0.00    0.00    0.00  100.00
11:36:37 PM    6    0.00    0.00    0.00    0.00    0.00    0.00    0.00    0.00    0.00  100.00
11:36:37 PM    7    0.00    0.00    0.00    0.00    0.00    0.00    0.00    0.00    0.00  100.00

11:36:37 PM  CPU    %usr   %nice    %sys %iowait    %irq   %soft  %steal  %guest  %gnice   %idle
11:36:38 PM  all    0.00    0.00   12.52    0.00    0.00   19.77    0.00    0.00    0.00   67.71
11:36:38 PM    0    0.00    0.00    0.00    0.00    0.00   58.59    0.00    0.00    0.00   41.41
11:36:38 PM    1    0.00    0.00    0.00    0.00    0.00  100.00    0.00    0.00    0.00    0.00
11:36:38 PM    2    0.00    0.00  100.00    0.00    0.00    0.00    0.00    0.00    0.00    0.00
11:36:38 PM    3    0.00    0.00    0.00    0.00    0.00    0.00    0.00    0.00    0.00  100.00
11:36:38 PM    4    0.00    0.00    0.00    0.00    0.00    0.00    0.00    0.00    0.00  100.00
11:36:38 PM    5    0.00    0.00    0.00    0.00    0.00    0.00    0.00    0.00    0.00  100.00
11:36:38 PM    6    0.00    0.00    0.00    0.00    0.00    0.00    0.00    0.00    0.00  100.00
11:36:38 PM    7    0.00    0.00    0.00    0.00    0.00    0.00    0.00    0.00    0.00  100.00

11:36:38 PM  CPU    %usr   %nice    %sys %iowait    %irq   %soft  %steal  %guest  %gnice   %idle
11:36:39 PM  all    0.00    0.00   12.52    0.00    0.00   17.77    0.00    0.00    0.00   69.71
11:36:39 PM    0    0.00    0.00    0.00    0.00    0.00   69.70    0.00    0.00    0.00   30.30
11:36:39 PM    1    0.00    0.00    0.00    0.00    0.00   73.00    0.00    0.00    0.00   27.00
11:36:39 PM    2    0.00    0.00  100.00    0.00    0.00    0.00    0.00    0.00    0.00    0.00
11:36:39 PM    3    0.00    0.00    0.00    0.00    0.00    0.00    0.00    0.00    0.00  100.00
11:36:39 PM    4    0.00    0.00    0.00    0.00    0.00    0.00    0.00    0.00    0.00  100.00
11:36:39 PM    5    0.00    0.00    0.00    0.00    0.00    0.00    0.00    0.00    0.00  100.00
11:36:39 PM    6    0.00    0.00    0.00    0.00    0.00    0.00    0.00    0.00    0.00  100.00
11:36:39 PM    7    0.00    0.00    0.00    0.00    0.00    0.00    0.00    0.00    0.00  100.00

11:36:39 PM  CPU    %usr   %nice    %sys %iowait    %irq   %soft  %steal  %guest  %gnice   %idle
11:36:40 PM  all    0.00    0.00   12.44    0.00    0.25   24.88    0.00    0.00    0.00   62.44
11:36:40 PM    0    0.00    0.00    0.00    0.00    0.99   99.01    0.00    0.00    0.00    0.00
11:36:40 PM    1    0.00    0.00    0.00    0.00    0.99   99.01    0.00    0.00    0.00    0.00
11:36:40 PM    2    0.00    0.00  100.00    0.00    0.00    0.00    0.00    0.00    0.00    0.00
11:36:40 PM    3    0.00    0.00    0.00    0.00    0.00    0.00    0.00    0.00    0.00  100.00
11:36:40 PM    4    0.00    0.00    0.00    0.00    0.00    0.00    0.00    0.00    0.00  100.00
11:36:40 PM    5    0.00    0.00    0.00    0.00    0.00    0.00    0.00    0.00    0.00  100.00
11:36:40 PM    6    0.00    0.00    0.00    0.00    0.00    0.00    0.00    0.00    0.00  100.00
11:36:40 PM    7    0.00    0.00    0.00    0.00    0.00    0.00    0.00    0.00    0.00  100.00

11:36:40 PM  CPU    %usr   %nice    %sys %iowait    %irq   %soft  %steal  %guest  %gnice   %idle
11:36:41 PM  all    0.00    0.00   12.61    0.00    0.00   24.97    0.00    0.00    0.00   62.42
11:36:41 PM    0    0.00    0.00    0.00    0.00    0.00  100.00    0.00    0.00    0.00    0.00
11:36:41 PM    1    0.00    0.00    0.99    0.00    0.00   99.01    0.00    0.00    0.00    0.00
11:36:41 PM    2    0.00    0.00  100.00    0.00    0.00    0.00    0.00    0.00    0.00    0.00
11:36:41 PM    3    0.00    0.00    0.00    0.00    0.00    0.00    0.00    0.00    0.00  100.00
11:36:41 PM    4    0.00    0.00    0.00    0.00    0.00    0.00    0.00    0.00    0.00  100.00
11:36:41 PM    5    0.00    0.00    0.00    0.00    0.00    0.00    0.00    0.00    0.00  100.00
11:36:41 PM    6    0.00    0.00    0.00    0.00    0.00    0.00    0.00    0.00    0.00  100.00
11:36:41 PM    7    0.00    0.00    0.00    0.00    0.00    0.00    0.00    0.00    0.00  100.00

11:36:41 PM  CPU    %usr   %nice    %sys %iowait    %irq   %soft  %steal  %guest  %gnice   %idle
11:36:42 PM  all    0.00    0.00   12.58    0.00    0.00   20.67    0.00    0.00    0.00   66.75
11:36:42 PM    0    0.00    0.00    0.00    0.00    0.00   67.00    0.00    0.00    0.00   33.00
11:36:42 PM    1    0.00    0.00    0.00    0.00    0.00  100.00    0.00    0.00    0.00    0.00
11:36:42 PM    2    0.00    0.00  100.00    0.00    0.00    0.00    0.00    0.00    0.00    0.00
11:36:42 PM    3    0.00    0.00    0.00    0.00    0.00    0.00    0.00    0.00    0.00  100.00
11:36:42 PM    4    0.00    0.00    0.00    0.00    0.00    0.00    0.00    0.00    0.00  100.00
11:36:42 PM    5    0.00    0.00    0.00    0.00    0.00    0.00    0.00    0.00    0.00  100.00
11:36:42 PM    6    0.00    0.00    0.00    0.00    0.00    0.00    0.00    0.00    0.00  100.00
11:36:42 PM    7    0.00    0.00    0.00    0.00    0.00    0.00    0.00    0.00    0.00  100.00

11:36:42 PM  CPU    %usr   %nice    %sys %iowait    %irq   %soft  %steal  %guest  %gnice   %idle
11:36:43 PM  all    0.00    0.00   12.48    0.00    0.25   20.60    0.00    0.00    0.00   66.67
11:36:43 PM    0    0.00    0.00    0.00    0.00    1.00   65.00    0.00    0.00    0.00   34.00
11:36:43 PM    1    0.00    0.00    0.00    0.00    0.99   99.01    0.00    0.00    0.00    0.00
11:36:43 PM    2    0.00    0.00  100.00    0.00    0.00    0.00    0.00    0.00    0.00    0.00
11:36:43 PM    3    0.00    0.00    0.00    0.00    0.00    0.00    0.00    0.00    0.00  100.00
11:36:43 PM    4    0.00    0.00    0.00    0.00    0.00    0.00    0.00    0.00    0.00  100.00
11:36:43 PM    5    0.00    0.00    0.00    0.00    0.00    0.00    0.00    0.00    0.00  100.00
11:36:43 PM    6    0.00    0.00    0.00    0.00    0.00    0.00    0.00    0.00    0.00  100.00
11:36:43 PM    7    0.00    0.00    0.00    0.00    0.00    0.00    0.00    0.00    0.00  100.00

11:36:43 PM  CPU    %usr   %nice    %sys %iowait    %irq   %soft  %steal  %guest  %gnice   %idle
11:36:44 PM  all    0.00    0.00   12.47    0.00    0.00   19.33    0.00    0.00    0.00   68.20
11:36:44 PM    0    0.00    0.00    0.00    0.00    0.00   73.27    0.00    0.00    0.00   26.73
11:36:44 PM    1    0.00    0.00    0.00    0.00    0.00   81.00    0.00    0.00    0.00   19.00
11:36:44 PM    2    0.00    0.00  100.00    0.00    0.00    0.00    0.00    0.00    0.00    0.00
11:36:44 PM    3    0.00    0.00    0.00    0.00    0.00    0.00    0.00    0.00    0.00  100.00
11:36:44 PM    4    0.00    0.00    0.00    0.00    0.00    0.00    0.00    0.00    0.00  100.00
11:36:44 PM    5    0.00    0.00    0.00    0.00    0.00    0.00    0.00    0.00    0.00  100.00
11:36:44 PM    6    0.00    0.00    0.00    0.00    0.00    0.00    0.00    0.00    0.00  100.00
11:36:44 PM    7    0.00    0.00    0.00    0.00    0.00    0.00    0.00    0.00    0.00  100.00

11:36:44 PM  CPU    %usr   %nice    %sys %iowait    %irq   %soft  %steal  %guest  %gnice   %idle
11:36:45 PM  all    0.12    0.00   12.73    0.00    0.00   20.60    0.00    0.00    0.00   66.54
11:36:45 PM    0    0.00    0.00    1.00    0.00    0.00   71.00    0.00    0.00    0.00   28.00
11:36:45 PM    1    0.99    0.00    0.99    0.00    0.00   93.07    0.00    0.00    0.00    4.95
11:36:45 PM    2    0.00    0.00  100.00    0.00    0.00    0.00    0.00    0.00    0.00    0.00
11:36:45 PM    3    0.00    0.00    0.00    0.00    0.00    0.00    0.00    0.00    0.00  100.00
11:36:45 PM    4    0.00    0.00    0.00    0.00    0.00    0.00    0.00    0.00    0.00  100.00
11:36:45 PM    5    0.00    0.00    0.00    0.00    0.00    0.00    0.00    0.00    0.00  100.00
11:36:45 PM    6    0.00    0.00    0.00    0.00    0.00    0.00    0.00    0.00    0.00  100.00
11:36:45 PM    7    0.00    0.00    0.00    0.00    0.00    0.00    0.00    0.00    0.00  100.00

11:36:45 PM  CPU    %usr   %nice    %sys %iowait    %irq   %soft  %steal  %guest  %gnice   %idle
11:36:46 PM  all    0.00    0.00   12.45    0.00    0.25   21.67    0.00    0.00    0.00   65.63
11:36:46 PM    0    0.00    0.00    0.00    0.00    0.99   99.01    0.00    0.00    0.00    0.00
11:36:46 PM    1    0.00    0.00    0.00    0.00    0.99   73.27    0.00    0.00    0.00   25.74
11:36:46 PM    2    0.00    0.00  100.00    0.00    0.00    0.00    0.00    0.00    0.00    0.00
11:36:46 PM    3    0.00    0.00    0.00    0.00    0.00    0.00    0.00    0.00    0.00  100.00
11:36:46 PM    4    0.00    0.00    0.00    0.00    0.00    0.00    0.00    0.00    0.00  100.00
11:36:46 PM    5    0.00    0.00    0.00    0.00    0.00    0.00    0.00    0.00    0.00  100.00
11:36:46 PM    6    0.00    0.00    0.00    0.00    0.00    0.00    0.00    0.00    0.00  100.00
11:36:46 PM    7    0.00    0.00    0.00    0.00    0.00    0.00    0.00    0.00    0.00  100.00

11:36:46 PM  CPU    %usr   %nice    %sys %iowait    %irq   %soft  %steal  %guest  %gnice   %idle
11:36:47 PM  all    0.00    0.00   12.55    0.00    0.00   13.55    0.00    0.00    0.00   73.90
11:36:47 PM    0    0.00    0.00    0.00    0.00    0.00    9.18    0.00    0.00    0.00   90.82
11:36:47 PM    1    0.00    0.00    0.00    0.00    0.00  100.00    0.00    0.00    0.00    0.00
11:36:47 PM    2    0.00    0.00  100.00    0.00    0.00    0.00    0.00    0.00    0.00    0.00
11:36:47 PM    3    0.00    0.00    0.00    0.00    0.00    0.00    0.00    0.00    0.00  100.00
11:36:47 PM    4    0.00    0.00    0.00    0.00    0.00    0.00    0.00    0.00    0.00  100.00
11:36:47 PM    5    0.00    0.00    0.00    0.00    0.00    0.00    0.00    0.00    0.00  100.00
11:36:47 PM    6    0.00    0.00    0.00    0.00    0.00    0.00    0.00    0.00    0.00  100.00
11:36:47 PM    7    0.00    0.00    0.00    0.00    0.00    0.00    0.00    0.00    0.00  100.00

11:36:47 PM  CPU    %usr   %nice    %sys %iowait    %irq   %soft  %steal  %guest  %gnice   %idle
11:36:48 PM  all    0.00    0.00   12.48    0.00    0.00   17.98    0.00    0.00    0.00   69.54
11:36:48 PM    0    0.00    0.00    0.00    0.00    0.00   43.56    0.00    0.00    0.00   56.44
11:36:48 PM    1    0.00    0.00    0.00    0.00    0.00  100.00    0.00    0.00    0.00    0.00
11:36:48 PM    2    0.00    0.00  100.00    0.00    0.00    0.00    0.00    0.00    0.00    0.00
11:36:48 PM    3    0.00    0.00    0.00    0.00    0.00    0.00    0.00    0.00    0.00  100.00
11:36:48 PM    4    0.00    0.00    0.00    0.00    0.00    0.00    0.00    0.00    0.00  100.00
11:36:48 PM    5    0.00    0.00    0.00    0.00    0.00    0.00    0.00    0.00    0.00  100.00
11:36:48 PM    6    0.00    0.00    0.00    0.00    0.00    0.00    0.00    0.00    0.00  100.00
11:36:48 PM    7    0.00    0.00    0.00    0.00    0.00    0.00    0.00    0.00    0.00  100.00

11:36:48 PM  CPU    %usr   %nice    %sys %iowait    %irq   %soft  %steal  %guest  %gnice   %idle
11:36:49 PM  all    0.00    0.00   12.56    0.00    0.12   21.14    0.00    0.00    0.00   66.17
11:36:49 PM    0    0.00    0.00    0.00    0.00    1.00   97.00    0.00    0.00    0.00    2.00
11:36:49 PM    1    0.00    0.00    0.00    0.00    0.00   73.00    0.00    0.00    0.00   27.00
11:36:49 PM    2    0.00    0.00  100.00    0.00    0.00    0.00    0.00    0.00    0.00    0.00
11:36:49 PM    3    0.00    0.00    0.00    0.00    0.00    0.00    0.00    0.00    0.00  100.00
11:36:49 PM    4    0.00    0.00    0.00    0.00    0.00    0.00    0.00    0.00    0.00  100.00
11:36:49 PM    5    0.00    0.00    0.00    0.00    0.00    0.00    0.00    0.00    0.00  100.00
11:36:49 PM    6    0.00    0.00    0.00    0.00    0.00    0.00    0.00    0.00    0.00  100.00
11:36:49 PM    7    0.00    0.00    0.00    0.00    0.00    0.00    0.00    0.00    0.00  100.00

11:36:49 PM  CPU    %usr   %nice    %sys %iowait    %irq   %soft  %steal  %guest  %gnice   %idle
11:36:50 PM  all    0.00    0.00   12.44    0.00    0.12   20.90    0.00    0.00    0.00   66.54
11:36:50 PM    0    0.00    0.00    0.00    0.00    0.00   73.27    0.00    0.00    0.00   26.73
11:36:50 PM    1    0.00    0.00    0.00    0.00    0.99   93.07    0.00    0.00    0.00    5.94
11:36:50 PM    2    0.00    0.00  100.00    0.00    0.00    0.00    0.00    0.00    0.00    0.00
11:36:50 PM    3    0.00    0.00    0.00    0.00    0.00    0.00    0.00    0.00    0.00  100.00
11:36:50 PM    4    0.00    0.00    0.00    0.00    0.00    0.00    0.00    0.00    0.00  100.00
11:36:50 PM    5    0.00    0.00    0.00    0.00    0.00    0.00    0.00    0.00    0.00  100.00
11:36:50 PM    6    0.00    0.00    0.00    0.00    0.00    0.00    0.00    0.00    0.00  100.00
11:36:50 PM    7    0.00    0.00    0.00    0.00    0.00    0.00    0.00    0.00    0.00  100.00

11:36:50 PM  CPU    %usr   %nice    %sys %iowait    %irq   %soft  %steal  %guest  %gnice   %idle
11:36:51 PM  all    0.00    0.00   12.67    0.00    0.00   18.57    0.00    0.00    0.00   68.76
11:36:51 PM    0    0.00    0.00    0.00    0.00    0.00   81.82    0.00    0.00    0.00   18.18
11:36:51 PM    1    0.00    0.00    1.00    0.00    0.00   67.00    0.00    0.00    0.00   32.00
11:36:51 PM    2    0.00    0.00  100.00    0.00    0.00    0.00    0.00    0.00    0.00    0.00
11:36:51 PM    3    0.00    0.00    0.00    0.00    0.00    0.00    0.00    0.00    0.00  100.00
11:36:51 PM    4    0.00    0.00    0.00    0.00    0.00    0.00    0.00    0.00    0.00  100.00
11:36:51 PM    5    0.00    0.00    0.00    0.00    0.00    0.00    0.00    0.00    0.00  100.00
11:36:51 PM    6    0.00    0.00    0.00    0.00    0.00    0.00    0.00    0.00    0.00  100.00
11:36:51 PM    7    0.00    0.00    0.00    0.00    0.00    0.00    0.00    0.00    0.00  100.00

11:36:51 PM  CPU    %usr   %nice    %sys %iowait    %irq   %soft  %steal  %guest  %gnice   %idle
11:36:52 PM  all    0.00    0.00   12.44    0.00    0.12   23.26    0.00    0.00    0.00   64.18
11:36:52 PM    0    0.00    0.00    0.00    0.00    0.99   99.01    0.00    0.00    0.00    0.00
11:36:52 PM    1    0.00    0.00    0.00    0.00    0.00   86.14    0.00    0.00    0.00   13.86
11:36:52 PM    2    0.00    0.00  100.00    0.00    0.00    0.00    0.00    0.00    0.00    0.00
11:36:52 PM    3    0.00    0.00    0.00    0.00    0.00    0.00    0.00    0.00    0.00  100.00
11:36:52 PM    4    0.00    0.00    0.00    0.00    0.00    0.00    0.00    0.00    0.00  100.00
11:36:52 PM    5    0.00    0.00    0.00    0.00    0.00    0.00    0.00    0.00    0.00  100.00
11:36:52 PM    6    0.00    0.00    0.00    0.00    0.00    0.00    0.00    0.00    0.00  100.00
11:36:52 PM    7    0.00    0.00    0.00    0.00    0.00    0.00    0.00    0.00    0.00  100.00

11:36:52 PM  CPU    %usr   %nice    %sys %iowait    %irq   %soft  %steal  %guest  %gnice   %idle
11:36:53 PM  all    0.00    0.00   12.52    0.00    0.13   22.53    0.00    0.00    0.00   64.83
11:36:53 PM    0    0.00    0.00    0.00    0.00    0.00  100.00    0.00    0.00    0.00    0.00
11:36:53 PM    1    0.00    0.00    0.00    0.00    1.00   81.00    0.00    0.00    0.00   18.00
11:36:53 PM    2    0.00    0.00  100.00    0.00    0.00    0.00    0.00    0.00    0.00    0.00
11:36:53 PM    3    0.00    0.00    0.00    0.00    0.00    0.00    0.00    0.00    0.00  100.00
11:36:53 PM    4    0.00    0.00    0.00    0.00    0.00    0.00    0.00    0.00    0.00  100.00
11:36:53 PM    5    0.00    0.00    0.00    0.00    0.00    0.00    0.00    0.00    0.00  100.00
11:36:53 PM    6    0.00    0.00    0.00    0.00    0.00    0.00    0.00    0.00    0.00  100.00
11:36:53 PM    7    0.00    0.00    0.00    0.00    0.00    0.00    0.00    0.00    0.00  100.00

11:36:53 PM  CPU    %usr   %nice    %sys %iowait    %irq   %soft  %steal  %guest  %gnice   %idle
11:36:54 PM  all    0.00    0.00   12.58    0.00    0.00   15.69    0.00    0.00    0.00   71.73
11:36:54 PM    0    0.00    0.00    0.00    0.00    0.00  100.00    0.00    0.00    0.00    0.00
11:36:54 PM    1    0.00    0.00    0.00    0.00    0.00   26.00    0.00    0.00    0.00   74.00
11:36:54 PM    2    0.00    0.00  100.00    0.00    0.00    0.00    0.00    0.00    0.00    0.00
11:36:54 PM    3    0.00    0.00    0.00    0.00    0.00    0.00    0.00    0.00    0.00  100.00
11:36:54 PM    4    0.00    0.00    0.00    0.00    0.00    0.00    0.00    0.00    0.00  100.00
11:36:54 PM    5    0.00    0.00    0.00    0.00    0.00    0.00    0.00    0.00    0.00  100.00
11:36:54 PM    6    0.00    0.00    0.00    0.00    0.00    0.00    0.00    0.00    0.00  100.00
11:36:54 PM    7    0.00    0.00    0.00    0.00    0.00    0.00    0.00    0.00    0.00  100.00

11:36:54 PM  CPU    %usr   %nice    %sys %iowait    %irq   %soft  %steal  %guest  %gnice   %idle
11:36:55 PM  all    0.00    0.00   12.47    0.00    0.12   24.94    0.00    0.00    0.00   62.47
11:36:55 PM    0    0.00    0.00    0.00    0.00    0.99   99.01    0.00    0.00    0.00    0.00
11:36:55 PM    1    0.00    0.00    0.00    0.00    0.00  100.00    0.00    0.00    0.00    0.00
11:36:55 PM    2    0.00    0.00  100.00    0.00    0.00    0.00    0.00    0.00    0.00    0.00
11:36:55 PM    3    0.00    0.00    0.00    0.00    0.00    0.00    0.00    0.00    0.00  100.00
11:36:55 PM    4    0.00    0.00    0.00    0.00    0.00    0.00    0.00    0.00    0.00  100.00
11:36:55 PM    5    0.00    0.00    0.00    0.00    0.00    0.00    0.00    0.00    0.00  100.00
11:36:55 PM    6    0.00    0.00    0.00    0.00    0.00    0.00    0.00    0.00    0.00  100.00
11:36:55 PM    7    0.00    0.00    0.00    0.00    0.00    0.00    0.00    0.00    0.00  100.00

11:36:55 PM  CPU    %usr   %nice    %sys %iowait    %irq   %soft  %steal  %guest  %gnice   %idle
11:36:56 PM  all    0.00    0.00   12.58    0.00    0.00   24.78    0.00    0.00    0.00   62.64
11:36:56 PM    0    0.00    0.00    0.00    0.00    0.00  100.00    0.00    0.00    0.00    0.00
11:36:56 PM    1    0.00    0.00    0.99    0.00    0.00   98.02    0.00    0.00    0.00    0.99
11:36:56 PM    2    0.00    0.00  100.00    0.00    0.00    0.00    0.00    0.00    0.00    0.00
11:36:56 PM    3    0.00    0.00    0.00    0.00    0.00    0.00    0.00    0.00    0.00  100.00
11:36:56 PM    4    0.00    0.00    0.00    0.00    0.00    0.00    0.00    0.00    0.00  100.00
11:36:56 PM    5    0.00    0.00    0.00    0.00    0.00    0.00    0.00    0.00    0.00  100.00
11:36:56 PM    6    0.00    0.00    0.00    0.00    0.00    0.00    0.00    0.00    0.00  100.00
11:36:56 PM    7    0.00    0.00    0.00    0.00    0.00    0.00    0.00    0.00    0.00  100.00

Average:     CPU    %usr   %nice    %sys %iowait    %irq   %soft  %steal  %guest  %gnice   %idle
Average:     all    0.01    0.00   12.54    0.00    0.08   19.81    0.00    0.00    0.00   67.55
Average:       0    0.05    0.00    0.17    0.00    0.33   75.01    0.00    0.00    0.00   24.44
Average:       1    0.07    0.00    0.20    0.00    0.27   83.50    0.00    0.00    0.00   15.97
Average:       2    0.00    0.00   99.98    0.00    0.02    0.00    0.00    0.00    0.00    0.00
Average:       3    0.00    0.00    0.00    0.00    0.00    0.00    0.00    0.00    0.00  100.00
Average:       4    0.00    0.00    0.00    0.00    0.00    0.00    0.00    0.00    0.00  100.00
Average:       5    0.00    0.00    0.00    0.00    0.00    0.00    0.00    0.00    0.00  100.00
Average:       6    0.00    0.00    0.00    0.00    0.00    0.00    0.00    0.00    0.00  100.00
Average:       7    0.00    0.00    0.00    0.00    0.00    0.00    0.00    0.00    0.00  100.00
