Linux 7.0.0 (hp5) 	06/20/2026 	_x86_64_	(8 CPU)

01:51:41 AM  CPU    %usr   %nice    %sys %iowait    %irq   %soft  %steal  %guest  %gnice   %idle
01:51:42 AM  all    0.12    0.00    9.23    0.00    0.25   10.72    0.00    0.00    0.00   79.68
01:51:42 AM    0    0.99    0.00   36.63    0.00    0.99   39.60    0.00    0.00    0.00   21.78
01:51:42 AM    1    0.00    0.00   36.63    0.00    0.99   39.60    0.00    0.00    0.00   22.77
01:51:42 AM    2    0.00    0.00    0.00    0.00    0.00    3.00    0.00    0.00    0.00   97.00
01:51:42 AM    3    0.00    0.00    0.00    0.00    0.00    3.03    0.00    0.00    0.00   96.97
01:51:42 AM    4    0.00    0.00    0.00    0.00    0.00    0.00    0.00    0.00    0.00  100.00
01:51:42 AM    5    0.00    0.00    0.00    0.00    0.00    0.00    0.00    0.00    0.00  100.00
01:51:42 AM    6    0.00    0.00    0.00    0.00    0.00    0.00    0.00    0.00    0.00  100.00
01:51:42 AM    7    0.00    0.00    0.00    0.00    0.00    0.00    0.00    0.00    0.00  100.00

01:51:42 AM  CPU    %usr   %nice    %sys %iowait    %irq   %soft  %steal  %guest  %gnice   %idle
01:51:43 AM  all    0.00    0.00   12.03    0.00    0.00   13.53    0.00    0.00    0.00   74.44
01:51:43 AM    0    0.00    0.00   48.48    0.00    0.00   51.52    0.00    0.00    0.00    0.00
01:51:43 AM    1    0.00    0.00   48.48    0.00    0.00   51.52    0.00    0.00    0.00    0.00
01:51:43 AM    2    0.00    0.00    0.00    0.00    0.00    3.00    0.00    0.00    0.00   97.00
01:51:43 AM    3    0.00    0.00    0.00    0.00    0.00    3.00    0.00    0.00    0.00   97.00
01:51:43 AM    4    0.00    0.00    0.00    0.00    0.00    0.00    0.00    0.00    0.00  100.00
01:51:43 AM    5    0.00    0.00    0.00    0.00    0.00    0.00    0.00    0.00    0.00  100.00
01:51:43 AM    6    0.00    0.00    0.00    0.00    0.00    0.00    0.00    0.00    0.00  100.00
01:51:43 AM    7    0.00    0.00    0.00    0.00    0.00    0.00    0.00    0.00    0.00  100.00

01:51:43 AM  CPU    %usr   %nice    %sys %iowait    %irq   %soft  %steal  %guest  %gnice   %idle
01:51:44 AM  all    0.12    0.00   12.50    0.00    0.12   13.38    0.00    0.00    0.00   73.88
01:51:44 AM    0    0.00    0.00   50.00    0.00    0.00   48.00    0.00    0.00    0.00    2.00
01:51:44 AM    1    0.99    0.00   49.50    0.00    0.99   48.51    0.00    0.00    0.00    0.00
01:51:44 AM    2    0.00    0.00    0.00    0.00    0.00    5.05    0.00    0.00    0.00   94.95
01:51:44 AM    3    0.00    0.00    0.00    0.00    0.00    5.00    0.00    0.00    0.00   95.00
01:51:44 AM    4    0.00    0.00    0.00    0.00    0.00    0.00    0.00    0.00    0.00  100.00
01:51:44 AM    5    0.00    0.00    0.00    0.00    0.00    0.00    0.00    0.00    0.00  100.00
01:51:44 AM    6    0.00    0.00    0.00    0.00    0.00    0.00    0.00    0.00    0.00  100.00
01:51:44 AM    7    0.00    0.00    0.00    0.00    0.00    0.00    0.00    0.00    0.00  100.00

01:51:44 AM  CPU    %usr   %nice    %sys %iowait    %irq   %soft  %steal  %guest  %gnice   %idle
01:51:45 AM  all    0.25    0.00   12.47    0.00    0.37   13.34    0.00    0.00    0.00   73.57
01:51:45 AM    0    0.99    0.00   49.50    0.00    0.99   48.51    0.00    0.00    0.00    0.00
01:51:45 AM    1    1.00    0.00   50.00    0.00    0.00   48.00    0.00    0.00    0.00    1.00
01:51:45 AM    2    0.00    0.00    0.00    0.00    0.99    4.95    0.00    0.00    0.00   94.06
01:51:45 AM    3    0.00    0.00    0.00    0.00    1.00    5.00    0.00    0.00    0.00   94.00
01:51:45 AM    4    0.00    0.00    0.00    0.00    0.00    0.00    0.00    0.00    0.00  100.00
01:51:45 AM    5    0.00    0.00    0.00    0.00    0.00    0.00    0.00    0.00    0.00  100.00
01:51:45 AM    6    0.00    0.00    0.00    0.00    0.00    0.00    0.00    0.00    0.00  100.00
01:51:45 AM    7    0.00    0.00    0.00    0.00    0.00    0.00    0.00    0.00    0.00  100.00

01:51:45 AM  CPU    %usr   %nice    %sys %iowait    %irq   %soft  %steal  %guest  %gnice   %idle
01:51:46 AM  all    0.00    0.00   12.03    0.00    0.13   13.53    0.00    0.00    0.00   74.31
01:51:46 AM    0    0.00    0.00   48.48    0.00    0.00   51.52    0.00    0.00    0.00    0.00
01:51:46 AM    1    0.00    0.00   48.00    0.00    1.00   51.00    0.00    0.00    0.00    0.00
01:51:46 AM    2    0.00    0.00    0.00    0.00    0.00    3.03    0.00    0.00    0.00   96.97
01:51:46 AM    3    0.00    0.00    0.00    0.00    0.00    3.00    0.00    0.00    0.00   97.00
01:51:46 AM    4    0.00    0.00    0.00    0.00    0.00    0.00    0.00    0.00    0.00  100.00
01:51:46 AM    5    0.00    0.00    0.00    0.00    0.00    0.00    0.00    0.00    0.00  100.00
01:51:46 AM    6    0.00    0.00    0.00    0.00    0.00    0.00    0.00    0.00    0.00  100.00
01:51:46 AM    7    0.00    0.00    0.00    0.00    0.00    0.00    0.00    0.00    0.00  100.00

01:51:46 AM  CPU    %usr   %nice    %sys %iowait    %irq   %soft  %steal  %guest  %gnice   %idle
01:51:47 AM  all    0.00    0.00   12.28    0.00    0.13   13.41    0.00    0.00    0.00   74.19
01:51:47 AM    0    0.00    0.00   48.51    0.00    0.99   50.50    0.00    0.00    0.00    0.00
01:51:47 AM    1    0.00    0.00   49.49    0.00    0.00   50.51    0.00    0.00    0.00    0.00
01:51:47 AM    2    0.00    0.00    0.00    0.00    0.00    3.03    0.00    0.00    0.00   96.97
01:51:47 AM    3    0.00    0.00    0.00    0.00    0.00    3.03    0.00    0.00    0.00   96.97
01:51:47 AM    4    0.00    0.00    0.00    0.00    0.00    0.00    0.00    0.00    0.00  100.00
01:51:47 AM    5    0.00    0.00    0.00    0.00    0.00    0.00    0.00    0.00    0.00  100.00
01:51:47 AM    6    0.00    0.00    0.00    0.00    0.00    0.00    0.00    0.00    0.00  100.00
01:51:47 AM    7    0.00    0.00    0.00    0.00    0.00    0.00    0.00    0.00    0.00  100.00

01:51:47 AM  CPU    %usr   %nice    %sys %iowait    %irq   %soft  %steal  %guest  %gnice   %idle
01:51:48 AM  all    0.13    0.00   12.14    0.00    0.25   13.39    0.00    0.00    0.00   74.09
01:51:48 AM    0    1.01    0.00   48.48    0.00    0.00   50.51    0.00    0.00    0.00    0.00
01:51:48 AM    1    0.00    0.00   48.51    0.00    0.99   50.50    0.00    0.00    0.00    0.00
01:51:48 AM    2    0.00    0.00    0.00    0.00    1.00    3.00    0.00    0.00    0.00   96.00
01:51:48 AM    3    0.00    0.00    0.00    0.00    0.00    3.03    0.00    0.00    0.00   96.97
01:51:48 AM    4    0.00    0.00    0.00    0.00    0.00    0.00    0.00    0.00    0.00  100.00
01:51:48 AM    5    0.00    0.00    0.00    0.00    0.00    0.00    0.00    0.00    0.00  100.00
01:51:48 AM    6    0.00    0.00    0.00    0.00    0.00    0.00    0.00    0.00    0.00  100.00
01:51:48 AM    7    0.00    0.00    0.00    0.00    0.00    0.00    0.00    0.00    0.00  100.00

01:51:48 AM  CPU    %usr   %nice    %sys %iowait    %irq   %soft  %steal  %guest  %gnice   %idle
01:51:49 AM  all    0.12    0.00   12.08    0.00    0.25   13.57    0.00    0.00    0.00   73.97
01:51:49 AM    0    0.00    0.00   48.51    0.00    0.99   50.50    0.00    0.00    0.00    0.00
01:51:49 AM    1    1.00    0.00   48.00    0.00    0.00   51.00    0.00    0.00    0.00    0.00
01:51:49 AM    2    0.00    0.00    0.00    0.00    0.00    3.00    0.00    0.00    0.00   97.00
01:51:49 AM    3    0.00    0.00    0.00    0.00    0.99    3.96    0.00    0.00    0.00   95.05
01:51:49 AM    4    0.00    0.00    0.00    0.00    0.00    0.00    0.00    0.00    0.00  100.00
01:51:49 AM    5    0.00    0.00    0.00    0.00    0.00    0.00    0.00    0.00    0.00  100.00
01:51:49 AM    6    0.00    0.00    0.00    0.00    0.00    0.00    0.00    0.00    0.00  100.00
01:51:49 AM    7    0.00    0.00    0.00    0.00    0.00    0.00    0.00    0.00    0.00  100.00

01:51:49 AM  CPU    %usr   %nice    %sys %iowait    %irq   %soft  %steal  %guest  %gnice   %idle
01:51:50 AM  all    0.00    0.00   12.16    0.00    0.00   13.66    0.00    0.00    0.00   74.19
01:51:50 AM    0    0.00    0.00   49.00    0.00    0.00   51.00    0.00    0.00    0.00    0.00
01:51:50 AM    1    0.00    0.00   48.48    0.00    0.00   51.52    0.00    0.00    0.00    0.00
01:51:50 AM    2    0.00    0.00    0.00    0.00    0.00    4.00    0.00    0.00    0.00   96.00
01:51:50 AM    3    0.00    0.00    0.00    0.00    0.00    3.03    0.00    0.00    0.00   96.97
01:51:50 AM    4    0.00    0.00    0.00    0.00    0.00    0.00    0.00    0.00    0.00  100.00
01:51:50 AM    5    0.00    0.00    0.00    0.00    0.00    0.00    0.00    0.00    0.00  100.00
01:51:50 AM    6    0.00    0.00    0.00    0.00    0.00    0.00    0.00    0.00    0.00  100.00
01:51:50 AM    7    0.00    0.00    0.00    0.00    0.00    0.00    0.00    0.00    0.00  100.00

01:51:50 AM  CPU    %usr   %nice    %sys %iowait    %irq   %soft  %steal  %guest  %gnice   %idle
01:51:51 AM  all    0.25    0.00   12.20    0.00    0.25   13.70    0.00    0.00    0.00   73.60
01:51:51 AM    0    0.98    0.00   48.04    0.00    0.98   49.02    0.00    0.00    0.00    0.98
01:51:51 AM    1    0.99    0.00   48.51    0.00    0.99   49.50    0.00    0.00    0.00    0.00
01:51:51 AM    2    0.00    0.00    0.00    0.00    0.00    5.00    0.00    0.00    0.00   95.00
01:51:51 AM    3    0.00    0.00    0.00    0.00    0.00    5.00    0.00    0.00    0.00   95.00
01:51:51 AM    4    0.00    0.00    0.00    0.00    0.00    0.00    0.00    0.00    0.00  100.00
01:51:51 AM    5    0.00    0.00    0.00    0.00    0.00    0.00    0.00    0.00    0.00  100.00
01:51:51 AM    6    0.00    0.00    0.00    0.00    0.00    0.00    0.00    0.00    0.00  100.00
01:51:51 AM    7    0.00    0.00    0.00    0.00    0.00    0.00    0.00    0.00    0.00  100.00

01:51:51 AM  CPU    %usr   %nice    %sys %iowait    %irq   %soft  %steal  %guest  %gnice   %idle
01:51:52 AM  all    0.00    0.00   12.17    0.00    0.13   13.55    0.00    0.00    0.00   74.15
01:51:52 AM    0    0.00    0.00   49.49    0.00    0.00   50.51    0.00    0.00    0.00    0.00
01:51:52 AM    1    0.00    0.00   48.48    0.00    0.00   51.52    0.00    0.00    0.00    0.00
01:51:52 AM    2    0.00    0.00    0.00    0.00    1.01    3.03    0.00    0.00    0.00   95.96
01:51:52 AM    3    0.00    0.00    0.00    0.00    0.00    4.00    0.00    0.00    0.00   96.00
01:51:52 AM    4    0.00    0.00    0.00    0.00    0.00    0.00    0.00    0.00    0.00  100.00
01:51:52 AM    5    0.00    0.00    0.00    0.00    0.00    0.00    0.00    0.00    0.00  100.00
01:51:52 AM    6    0.00    0.00    0.00    0.00    0.00    0.00    0.00    0.00    0.00  100.00
01:51:52 AM    7    0.00    0.00    0.00    0.00    0.00    0.00    0.00    0.00    0.00  100.00

01:51:52 AM  CPU    %usr   %nice    %sys %iowait    %irq   %soft  %steal  %guest  %gnice   %idle
01:51:53 AM  all    0.25    0.00   11.96    0.00    0.37   13.33    0.00    0.00    0.00   74.10
01:51:53 AM    0    1.00    0.00   48.00    0.00    1.00   50.00    0.00    0.00    0.00    0.00
01:51:53 AM    1    0.99    0.00   47.52    0.00    0.99   50.50    0.00    0.00    0.00    0.00
01:51:53 AM    2    0.00    0.00    0.00    0.00    0.00    3.00    0.00    0.00    0.00   97.00
01:51:53 AM    3    0.00    0.00    0.00    0.00    0.99    2.97    0.00    0.00    0.00   96.04
01:51:53 AM    4    0.00    0.00    0.00    0.00    0.00    0.00    0.00    0.00    0.00  100.00
01:51:53 AM    5    0.00    0.00    0.00    0.00    0.00    0.00    0.00    0.00    0.00  100.00
01:51:53 AM    6    0.00    0.00    0.00    0.00    0.00    0.00    0.00    0.00    0.00  100.00
01:51:53 AM    7    0.00    0.00    0.00    0.00    0.00    0.00    0.00    0.00    0.00  100.00

01:51:53 AM  CPU    %usr   %nice    %sys %iowait    %irq   %soft  %steal  %guest  %gnice   %idle
01:51:54 AM  all    0.00    0.00   12.19    0.00    0.00   13.57    0.00    0.00    0.00   74.25
01:51:54 AM    0    0.00    0.00   49.00    0.00    0.00   51.00    0.00    0.00    0.00    0.00
01:51:54 AM    1    0.00    0.00   48.48    0.00    0.00   51.52    0.00    0.00    0.00    0.00
01:51:54 AM    2    0.00    0.00    0.00    0.00    0.00    4.00    0.00    0.00    0.00   96.00
01:51:54 AM    3    0.00    0.00    0.00    0.00    0.00    2.04    0.00    0.00    0.00   97.96
01:51:54 AM    4    0.00    0.00    0.00    0.00    0.00    0.00    0.00    0.00    0.00  100.00
01:51:54 AM    5    0.00    0.00    0.00    0.00    0.00    0.00    0.00    0.00    0.00  100.00
01:51:54 AM    6    0.00    0.00    0.00    0.00    0.00    0.00    0.00    0.00    0.00  100.00
01:51:54 AM    7    0.00    0.00    0.00    0.00    0.00    0.00    0.00    0.00    0.00  100.00

01:51:54 AM  CPU    %usr   %nice    %sys %iowait    %irq   %soft  %steal  %guest  %gnice   %idle
01:51:55 AM  all    0.12    0.00   11.97    0.00    0.25   13.59    0.00    0.00    0.00   74.06
01:51:55 AM    0    0.00    0.00   48.00    0.00    1.00   51.00    0.00    0.00    0.00    0.00
01:51:55 AM    1    0.99    0.00   47.52    0.00    0.99   50.50    0.00    0.00    0.00    0.00
01:51:55 AM    2    0.00    0.00    0.00    0.00    0.00    3.03    0.00    0.00    0.00   96.97
01:51:55 AM    3    0.00    0.00    0.00    0.00    0.00    3.96    0.00    0.00    0.00   96.04
01:51:55 AM    4    0.00    0.00    0.00    0.00    0.00    0.00    0.00    0.00    0.00  100.00
01:51:55 AM    5    0.00    0.00    0.00    0.00    0.00    0.00    0.00    0.00    0.00  100.00
01:51:55 AM    6    0.00    0.00    0.00    0.00    0.00    0.00    0.00    0.00    0.00  100.00
01:51:55 AM    7    0.00    0.00    0.00    0.00    0.00    0.00    0.00    0.00    0.00  100.00

01:51:55 AM  CPU    %usr   %nice    %sys %iowait    %irq   %soft  %steal  %guest  %gnice   %idle
01:51:56 AM  all    0.25    0.00   12.12    0.00    0.12   13.50    0.00    0.00    0.00   74.00
01:51:56 AM    0    0.99    0.00   48.51    0.00    0.00   50.50    0.00    0.00    0.00    0.00
01:51:56 AM    1    1.01    0.00   48.48    0.00    0.00   50.51    0.00    0.00    0.00    0.00
01:51:56 AM    2    0.00    0.00    0.00    0.00    0.99    3.96    0.00    0.00    0.00   95.05
01:51:56 AM    3    0.00    0.00    0.00    0.00    0.00    3.03    0.00    0.00    0.00   96.97
01:51:56 AM    4    0.00    0.00    0.00    0.00    0.00    0.00    0.00    0.00    0.00  100.00
01:51:56 AM    5    0.00    0.00    0.00    0.00    0.00    0.00    0.00    0.00    0.00  100.00
01:51:56 AM    6    0.00    0.00    0.00    0.00    0.00    0.00    0.00    0.00    0.00  100.00
01:51:56 AM    7    0.00    0.00    0.00    0.00    0.00    0.00    0.00    0.00    0.00  100.00

01:51:56 AM  CPU    %usr   %nice    %sys %iowait    %irq   %soft  %steal  %guest  %gnice   %idle
01:51:57 AM  all    0.12    0.00   12.12    0.00    0.25   13.50    0.00    0.00    0.00   74.00
01:51:57 AM    0    0.00    0.00   48.98    0.00    0.00   51.02    0.00    0.00    0.00    0.00
01:51:57 AM    1    0.98    0.00   48.04    0.00    0.98   50.00    0.00    0.00    0.00    0.00
01:51:57 AM    2    0.00    0.00    0.00    0.00    0.00    4.00    0.00    0.00    0.00   96.00
01:51:57 AM    3    0.00    0.00    0.00    0.00    1.00    3.00    0.00    0.00    0.00   96.00
01:51:57 AM    4    0.00    0.00    0.00    0.00    0.00    0.00    0.00    0.00    0.00  100.00
01:51:57 AM    5    0.00    0.00    0.00    0.00    0.00    0.00    0.00    0.00    0.00  100.00
01:51:57 AM    6    0.00    0.00    0.00    0.00    0.00    0.00    0.00    0.00    0.00  100.00
01:51:57 AM    7    0.00    0.00    0.00    0.00    0.00    0.00    0.00    0.00    0.00  100.00

01:51:57 AM  CPU    %usr   %nice    %sys %iowait    %irq   %soft  %steal  %guest  %gnice   %idle
01:51:58 AM  all    0.00    0.00   12.16    0.00    0.13   13.53    0.00    0.00    0.00   74.19
01:51:58 AM    0    0.00    0.00   48.51    0.00    0.99   50.50    0.00    0.00    0.00    0.00
01:51:58 AM    1    0.00    0.00   48.48    0.00    0.00   51.52    0.00    0.00    0.00    0.00
01:51:58 AM    2    0.00    0.00    0.00    0.00    0.00    3.03    0.00    0.00    0.00   96.97
01:51:58 AM    3    0.00    0.00    0.00    0.00    0.00    3.03    0.00    0.00    0.00   96.97
01:51:58 AM    4    0.00    0.00    0.00    0.00    0.00    0.00    0.00    0.00    0.00  100.00
01:51:58 AM    5    0.00    0.00    0.00    0.00    0.00    0.00    0.00    0.00    0.00  100.00
01:51:58 AM    6    0.00    0.00    0.00    0.00    0.00    0.00    0.00    0.00    0.00  100.00
01:51:58 AM    7    0.00    0.00    0.00    0.00    0.00    0.00    0.00    0.00    0.00  100.00

01:51:58 AM  CPU    %usr   %nice    %sys %iowait    %irq   %soft  %steal  %guest  %gnice   %idle
01:51:59 AM  all    0.12    0.00   12.00    0.00    0.12   13.75    0.00    0.00    0.00   74.00
01:51:59 AM    0    1.00    0.00   48.00    0.00    0.00   51.00    0.00    0.00    0.00    0.00
01:51:59 AM    1    0.00    0.00   48.00    0.00    1.00   51.00    0.00    0.00    0.00    0.00
01:51:59 AM    2    0.00    0.00    0.00    0.00    0.00    4.00    0.00    0.00    0.00   96.00
01:51:59 AM    3    0.00    0.00    0.00    0.00    0.00    4.00    0.00    0.00    0.00   96.00
01:51:59 AM    4    0.00    0.00    0.00    0.00    0.00    0.00    0.00    0.00    0.00  100.00
01:51:59 AM    5    0.00    0.00    0.00    0.00    0.00    0.00    0.00    0.00    0.00  100.00
01:51:59 AM    6    0.00    0.00    0.00    0.00    0.00    0.00    0.00    0.00    0.00  100.00
01:51:59 AM    7    0.00    0.00    0.00    0.00    0.00    0.00    0.00    0.00    0.00  100.00

01:51:59 AM  CPU    %usr   %nice    %sys %iowait    %irq   %soft  %steal  %guest  %gnice   %idle
01:52:00 AM  all    0.13    0.00   12.52    0.00    0.25   13.52    0.00    0.00    0.00   73.59
01:52:00 AM    0    0.00    0.00   50.00    0.00    1.00   49.00    0.00    0.00    0.00    0.00
01:52:00 AM    1    1.00    0.00   50.00    0.00    0.00   49.00    0.00    0.00    0.00    0.00
01:52:00 AM    2    0.00    0.00    0.00    0.00    1.01    5.05    0.00    0.00    0.00   93.94
01:52:00 AM    3    0.00    0.00    0.00    0.00    0.00    5.00    0.00    0.00    0.00   95.00
01:52:00 AM    4    0.00    0.00    0.00    0.00    0.00    0.00    0.00    0.00    0.00  100.00
01:52:00 AM    5    0.00    0.00    0.00    0.00    0.00    0.00    0.00    0.00    0.00  100.00
01:52:00 AM    6    0.00    0.00    0.00    0.00    0.00    0.00    0.00    0.00    0.00  100.00
01:52:00 AM    7    0.00    0.00    0.00    0.00    0.00    0.00    0.00    0.00    0.00  100.00

01:52:00 AM  CPU    %usr   %nice    %sys %iowait    %irq   %soft  %steal  %guest  %gnice   %idle
01:52:01 AM  all    0.00    0.00   12.02    0.00    0.13   13.64    0.00    0.00    0.00   74.22
01:52:01 AM    0    0.00    0.00   48.48    0.00    0.00   51.52    0.00    0.00    0.00    0.00
01:52:01 AM    1    0.00    0.00   48.00    0.00    0.00   51.00    0.00    0.00    0.00    1.00
01:52:01 AM    2    0.00    0.00    0.00    0.00    0.00    4.00    0.00    0.00    0.00   96.00
01:52:01 AM    3    0.00    0.00    0.00    0.00    1.00    3.00    0.00    0.00    0.00   96.00
01:52:01 AM    4    0.00    0.00    0.00    0.00    0.00    0.00    0.00    0.00    0.00  100.00
01:52:01 AM    5    0.00    0.00    0.00    0.00    0.00    0.00    0.00    0.00    0.00  100.00
01:52:01 AM    6    0.00    0.00    0.00    0.00    0.00    0.00    0.00    0.00    0.00  100.00
01:52:01 AM    7    0.00    0.00    0.00    0.00    0.00    0.00    0.00    0.00    0.00  100.00

01:52:01 AM  CPU    %usr   %nice    %sys %iowait    %irq   %soft  %steal  %guest  %gnice   %idle
01:52:02 AM  all    0.25    0.00   12.22    0.00    0.25   13.59    0.00    0.00    0.00   73.69
01:52:02 AM    0    0.98    0.00   48.04    0.00    0.98   50.00    0.00    0.00    0.00    0.00
01:52:02 AM    1    0.99    0.00   48.51    0.00    0.99   49.50    0.00    0.00    0.00    0.00
01:52:02 AM    2    0.00    0.00    0.00    0.00    0.00    4.00    0.00    0.00    0.00   96.00
01:52:02 AM    3    0.00    0.00    0.00    0.00    0.00    4.04    0.00    0.00    0.00   95.96
01:52:02 AM    4    0.00    0.00    0.00    0.00    0.00    0.00    0.00    0.00    0.00  100.00
01:52:02 AM    5    0.00    0.00    0.00    0.00    0.00    0.00    0.00    0.00    0.00  100.00
01:52:02 AM    6    0.00    0.00    0.00    0.00    0.00    0.00    0.00    0.00    0.00  100.00
01:52:02 AM    7    0.00    0.00    0.00    0.00    0.00    0.00    0.00    0.00    0.00  100.00

01:52:02 AM  CPU    %usr   %nice    %sys %iowait    %irq   %soft  %steal  %guest  %gnice   %idle
01:52:03 AM  all    0.00    0.00   12.16    0.00    0.13   13.66    0.00    0.00    0.00   74.06
01:52:03 AM    0    0.00    0.00   48.48    0.00    0.00   51.52    0.00    0.00    0.00    0.00
01:52:03 AM    1    0.00    0.00   49.49    0.00    0.00   50.51    0.00    0.00    0.00    0.00
01:52:03 AM    2    0.00    0.00    0.00    0.00    1.00    4.00    0.00    0.00    0.00   95.00
01:52:03 AM    3    0.00    0.00    0.00    0.00    0.00    4.00    0.00    0.00    0.00   96.00
01:52:03 AM    4    0.00    0.00    0.00    0.00    0.00    0.00    0.00    0.00    0.00  100.00
01:52:03 AM    5    0.00    0.00    0.00    0.00    0.00    0.00    0.00    0.00    0.00  100.00
01:52:03 AM    6    0.00    0.00    0.00    0.00    0.00    0.00    0.00    0.00    0.00  100.00
01:52:03 AM    7    0.00    0.00    0.00    0.00    0.00    0.00    0.00    0.00    0.00  100.00

01:52:03 AM  CPU    %usr   %nice    %sys %iowait    %irq   %soft  %steal  %guest  %gnice   %idle
01:52:04 AM  all    0.25    0.00   12.19    0.00    0.37   13.68    0.00    0.00    0.00   73.51
01:52:04 AM    0    0.99    0.00   48.51    0.00    0.99   49.50    0.00    0.00    0.00    0.00
01:52:04 AM    1    0.98    0.00   48.04    0.00    0.98   50.00    0.00    0.00    0.00    0.00
01:52:04 AM    2    0.00    0.00    0.00    0.00    0.00    5.00    0.00    0.00    0.00   95.00
01:52:04 AM    3    0.00    0.00    0.00    0.00    0.99    3.96    0.00    0.00    0.00   95.05
01:52:04 AM    4    0.00    0.00    0.00    0.00    0.00    0.00    0.00    0.00    0.00  100.00
01:52:04 AM    5    0.00    0.00    0.00    0.00    0.00    0.00    0.00    0.00    0.00  100.00
01:52:04 AM    6    0.00    0.00    0.00    0.00    0.00    0.00    0.00    0.00    0.00  100.00
01:52:04 AM    7    0.00    0.00    0.00    0.00    0.00    0.00    0.00    0.00    0.00  100.00

01:52:04 AM  CPU    %usr   %nice    %sys %iowait    %irq   %soft  %steal  %guest  %gnice   %idle
01:52:05 AM  all    0.00    0.00   12.28    0.00    0.00   13.41    0.00    0.00    0.00   74.31
01:52:05 AM    0    0.00    0.00   48.48    0.00    0.00   51.52    0.00    0.00    0.00    0.00
01:52:05 AM    1    0.00    0.00   50.51    0.00    0.00   49.49    0.00    0.00    0.00    0.00
01:52:05 AM    2    0.00    0.00    0.00    0.00    0.00    4.00    0.00    0.00    0.00   96.00
01:52:05 AM    3    0.00    0.00    0.00    0.00    0.00    3.03    0.00    0.00    0.00   96.97
01:52:05 AM    4    0.00    0.00    0.00    0.00    0.00    0.00    0.00    0.00    0.00  100.00
01:52:05 AM    5    0.00    0.00    0.00    0.00    0.00    0.00    0.00    0.00    0.00  100.00
01:52:05 AM    6    0.00    0.00    0.00    0.00    0.00    0.00    0.00    0.00    0.00  100.00
01:52:05 AM    7    0.00    0.00    0.00    0.00    0.00    0.00    0.00    0.00    0.00  100.00

01:52:05 AM  CPU    %usr   %nice    %sys %iowait    %irq   %soft  %steal  %guest  %gnice   %idle
01:52:06 AM  all    0.00    0.00   12.03    0.00    0.25   13.66    0.00    0.00    0.00   74.06
01:52:06 AM    0    0.00    0.00   47.00    0.00    1.00   52.00    0.00    0.00    0.00    0.00
01:52:06 AM    1    0.00    0.00   49.00    0.00    1.00   50.00    0.00    0.00    0.00    0.00
01:52:06 AM    2    0.00    0.00    0.00    0.00    0.00    4.04    0.00    0.00    0.00   95.96
01:52:06 AM    3    0.00    0.00    0.00    0.00    0.00    3.03    0.00    0.00    0.00   96.97
01:52:06 AM    4    0.00    0.00    0.00    0.00    0.00    0.00    0.00    0.00    0.00  100.00
01:52:06 AM    5    0.00    0.00    0.00    0.00    0.00    0.00    0.00    0.00    0.00  100.00
01:52:06 AM    6    0.00    0.00    0.00    0.00    0.00    0.00    0.00    0.00    0.00  100.00
01:52:06 AM    7    0.00    0.00    0.00    0.00    0.00    0.00    0.00    0.00    0.00  100.00

01:52:06 AM  CPU    %usr   %nice    %sys %iowait    %irq   %soft  %steal  %guest  %gnice   %idle
01:52:07 AM  all    0.25    0.00   12.16    0.00    0.12   13.40    0.00    0.00    0.00   74.07
01:52:07 AM    0    0.99    0.00   49.50    0.00    0.00   49.50    0.00    0.00    0.00    0.00
01:52:07 AM    1    1.00    0.00   48.00    0.00    0.00   51.00    0.00    0.00    0.00    0.00
01:52:07 AM    2    0.00    0.00    0.00    0.00    0.99    2.97    0.00    0.00    0.00   96.04
01:52:07 AM    3    0.00    0.00    0.00    0.00    0.00    3.96    0.00    0.00    0.00   96.04
01:52:07 AM    4    0.00    0.00    0.00    0.00    0.00    0.00    0.00    0.00    0.00  100.00
01:52:07 AM    5    0.00    0.00    0.00    0.00    0.00    0.00    0.00    0.00    0.00  100.00
01:52:07 AM    6    0.00    0.00    0.00    0.00    0.00    0.00    0.00    0.00    0.00  100.00
01:52:07 AM    7    0.00    0.00    0.00    0.00    0.00    0.00    0.00    0.00    0.00  100.00

01:52:07 AM  CPU    %usr   %nice    %sys %iowait    %irq   %soft  %steal  %guest  %gnice   %idle
01:52:08 AM  all    0.00    0.00   12.11    0.00    0.37   13.61    0.00    0.00    0.00   73.91
01:52:08 AM    0    0.00    0.00   48.00    0.00    1.00   51.00    0.00    0.00    0.00    0.00
01:52:08 AM    1    0.00    0.00   48.51    0.00    0.99   50.50    0.00    0.00    0.00    0.00
01:52:08 AM    2    0.00    0.00    0.00    0.00    0.00    4.00    0.00    0.00    0.00   96.00
01:52:08 AM    3    0.00    0.00    0.00    0.00    1.00    3.00    0.00    0.00    0.00   96.00
01:52:08 AM    4    0.00    0.00    0.00    0.00    0.00    0.00    0.00    0.00    0.00  100.00
01:52:08 AM    5    0.00    0.00    0.00    0.00    0.00    0.00    0.00    0.00    0.00  100.00
01:52:08 AM    6    0.00    0.00    0.00    0.00    0.00    0.00    0.00    0.00    0.00  100.00
01:52:08 AM    7    0.00    0.00    0.00    0.00    0.00    0.00    0.00    0.00    0.00  100.00

01:52:08 AM  CPU    %usr   %nice    %sys %iowait    %irq   %soft  %steal  %guest  %gnice   %idle
01:52:09 AM  all    0.25    0.00   12.14    0.00    0.00   13.52    0.00    0.00    0.00   74.09
01:52:09 AM    0    1.00    0.00   49.00    0.00    0.00   50.00    0.00    0.00    0.00    0.00
01:52:09 AM    1    1.00    0.00   48.00    0.00    0.00   51.00    0.00    0.00    0.00    0.00
01:52:09 AM    2    0.00    0.00    0.00    0.00    0.00    3.03    0.00    0.00    0.00   96.97
01:52:09 AM    3    0.00    0.00    0.00    0.00    0.00    4.00    0.00    0.00    0.00   96.00
01:52:09 AM    4    0.00    0.00    0.00    0.00    0.00    0.00    0.00    0.00    0.00  100.00
01:52:09 AM    5    0.00    0.00    0.00    0.00    0.00    0.00    0.00    0.00    0.00  100.00
01:52:09 AM    6    0.00    0.00    0.00    0.00    0.00    0.00    0.00    0.00    0.00  100.00
01:52:09 AM    7    0.00    0.00    0.00    0.00    0.00    0.00    0.00    0.00    0.00  100.00

01:52:09 AM  CPU    %usr   %nice    %sys %iowait    %irq   %soft  %steal  %guest  %gnice   %idle
01:52:10 AM  all    0.12    0.00   12.11    0.00    0.25   13.61    0.00    0.00    0.00   73.91
01:52:10 AM    0    0.00    0.00   47.52    0.00    0.99   51.49    0.00    0.00    0.00    0.00
01:52:10 AM    1    0.99    0.00   48.51    0.00    0.99   49.50    0.00    0.00    0.00    0.00
01:52:10 AM    2    0.00    0.00    0.00    0.00    0.00    4.04    0.00    0.00    0.00   95.96
01:52:10 AM    3    0.00    0.00    0.00    0.00    0.00    3.03    0.00    0.00    0.00   96.97
01:52:10 AM    4    0.00    0.00    0.00    0.00    0.00    0.00    0.00    0.00    0.00  100.00
01:52:10 AM    5    0.00    0.00    0.00    0.00    0.00    0.00    0.00    0.00    0.00  100.00
01:52:10 AM    6    0.00    0.00    0.00    0.00    0.00    0.00    0.00    0.00    0.00  100.00
01:52:10 AM    7    0.00    0.00    0.00    0.00    0.00    0.00    0.00    0.00    0.00  100.00

01:52:10 AM  CPU    %usr   %nice    %sys %iowait    %irq   %soft  %steal  %guest  %gnice   %idle
01:52:11 AM  all    0.13    0.00   12.03    0.00    0.13   13.28    0.00    0.00    0.00   74.44
01:52:11 AM    0    1.01    0.00   48.48    0.00    0.00   50.51    0.00    0.00    0.00    0.00
01:52:11 AM    1    0.00    0.00   48.98    0.00    0.00   51.02    0.00    0.00    0.00    0.00
01:52:11 AM    2    0.00    0.00    0.00    0.00    0.99    2.97    0.00    0.00    0.00   96.04
01:52:11 AM    3    0.00    0.00    0.00    0.00    0.00    3.00    0.00    0.00    0.00   97.00
01:52:11 AM    4    0.00    0.00    0.00    0.00    0.00    0.00    0.00    0.00    0.00  100.00
01:52:11 AM    5    0.00    0.00    0.00    0.00    0.00    0.00    0.00    0.00    0.00  100.00
01:52:11 AM    6    0.00    0.00    0.00    0.00    0.00    0.00    0.00    0.00    0.00  100.00
01:52:11 AM    7    0.00    0.00    0.00    0.00    0.00    0.00    0.00    0.00    0.00  100.00

01:52:11 AM  CPU    %usr   %nice    %sys %iowait    %irq   %soft  %steal  %guest  %gnice   %idle
01:52:12 AM  all    0.12    0.00   12.11    0.00    0.25   13.73    0.00    0.00    0.00   73.78
01:52:12 AM    0    0.00    0.00   49.00    0.00    0.00   51.00    0.00    0.00    0.00    0.00
01:52:12 AM    1    0.99    0.00   47.52    0.00    0.99   50.50    0.00    0.00    0.00    0.00
01:52:12 AM    2    0.00    0.00    0.00    0.00    0.00    4.04    0.00    0.00    0.00   95.96
01:52:12 AM    3    0.00    0.00    0.00    0.00    0.99    3.96    0.00    0.00    0.00   95.05
01:52:12 AM    4    0.00    0.00    0.00    0.00    0.00    0.00    0.00    0.00    0.00  100.00
01:52:12 AM    5    0.00    0.00    0.00    0.00    0.00    0.00    0.00    0.00    0.00  100.00
01:52:12 AM    6    0.00    0.00    0.00    0.00    0.00    0.00    0.00    0.00    0.00  100.00
01:52:12 AM    7    0.00    0.00    0.00    0.00    0.00    0.00    0.00    0.00    0.00  100.00

01:52:12 AM  CPU    %usr   %nice    %sys %iowait    %irq   %soft  %steal  %guest  %gnice   %idle
01:52:13 AM  all    0.00    0.00   12.16    0.00    0.13   13.41    0.00    0.00    0.00   74.31
01:52:13 AM    0    0.00    0.00   48.48    0.00    1.01   50.51    0.00    0.00    0.00    0.00
01:52:13 AM    1    0.00    0.00   49.00    0.00    0.00   51.00    0.00    0.00    0.00    0.00
01:52:13 AM    2    0.00    0.00    0.00    0.00    0.00    3.00    0.00    0.00    0.00   97.00
01:52:13 AM    3    0.00    0.00    0.00    0.00    0.00    3.03    0.00    0.00    0.00   96.97
01:52:13 AM    4    0.00    0.00    0.00    0.00    0.00    0.00    0.00    0.00    0.00  100.00
01:52:13 AM    5    0.00    0.00    0.00    0.00    0.00    0.00    0.00    0.00    0.00  100.00
01:52:13 AM    6    0.00    0.00    0.00    0.00    0.00    0.00    0.00    0.00    0.00  100.00
01:52:13 AM    7    0.00    0.00    0.00    0.00    0.00    0.00    0.00    0.00    0.00  100.00

01:52:13 AM  CPU    %usr   %nice    %sys %iowait    %irq   %soft  %steal  %guest  %gnice   %idle
01:52:14 AM  all    0.25    0.00   12.14    0.00    0.00   13.52    0.00    0.00    0.00   74.09
01:52:14 AM    0    0.99    0.00   48.51    0.00    0.00   50.50    0.00    0.00    0.00    0.00
01:52:14 AM    1    1.00    0.00   48.00    0.00    0.00   51.00    0.00    0.00    0.00    0.00
01:52:14 AM    2    0.00    0.00    0.00    0.00    0.00    3.03    0.00    0.00    0.00   96.97
01:52:14 AM    3    0.00    0.00    0.00    0.00    0.00    3.03    0.00    0.00    0.00   96.97
01:52:14 AM    4    0.00    0.00    0.00    0.00    0.00    0.00    0.00    0.00    0.00  100.00
01:52:14 AM    5    0.00    0.00    0.00    0.00    0.00    0.00    0.00    0.00    0.00  100.00
01:52:14 AM    6    0.00    0.00    0.00    0.00    0.00    0.00    0.00    0.00    0.00  100.00
01:52:14 AM    7    0.00    0.00    0.00    0.00    0.00    0.00    0.00    0.00    0.00  100.00

01:52:14 AM  CPU    %usr   %nice    %sys %iowait    %irq   %soft  %steal  %guest  %gnice   %idle
01:52:15 AM  all    0.00    0.00   11.97    0.00    0.37   13.47    0.00    0.00    0.00   74.19
01:52:15 AM    0    0.00    0.00   48.00    0.00    1.00   50.00    0.00    0.00    0.00    1.00
01:52:15 AM    1    0.00    0.00   47.52    0.00    0.99   50.50    0.00    0.00    0.00    0.99
01:52:15 AM    2    0.00    0.00    0.00    0.00    0.99    3.96    0.00    0.00    0.00   95.05
01:52:15 AM    3    0.00    0.00    0.00    0.00    0.00    3.00    0.00    0.00    0.00   97.00
01:52:15 AM    4    0.00    0.00    0.00    0.00    0.00    0.00    0.00    0.00    0.00  100.00
01:52:15 AM    5    0.00    0.00    0.00    0.00    0.00    0.00    0.00    0.00    0.00  100.00
01:52:15 AM    6    0.00    0.00    0.00    0.00    0.00    0.00    0.00    0.00    0.00  100.00
01:52:15 AM    7    0.00    0.00    0.00    0.00    0.00    0.00    0.00    0.00    0.00  100.00

01:52:15 AM  CPU    %usr   %nice    %sys %iowait    %irq   %soft  %steal  %guest  %gnice   %idle
01:52:16 AM  all    0.25    0.00   12.22    0.00    0.12   13.59    0.00    0.00    0.00   73.82
01:52:16 AM    0    0.99    0.00   48.51    0.00    0.00   50.50    0.00    0.00    0.00    0.00
01:52:16 AM    1    1.00    0.00   49.00    0.00    0.00   50.00    0.00    0.00    0.00    0.00
01:52:16 AM    2    0.00    0.00    0.00    0.00    0.00    4.00    0.00    0.00    0.00   96.00
01:52:16 AM    3    0.00    0.00    0.00    0.00    1.00    4.00    0.00    0.00    0.00   95.00
01:52:16 AM    4    0.00    0.00    0.00    0.00    0.00    0.00    0.00    0.00    0.00  100.00
01:52:16 AM    5    0.00    0.00    0.00    0.00    0.00    0.00    0.00    0.00    0.00  100.00
01:52:16 AM    6    0.00    0.00    0.00    0.00    0.00    0.00    0.00    0.00    0.00  100.00
01:52:16 AM    7    0.00    0.00    0.00    0.00    0.00    0.00    0.00    0.00    0.00  100.00

01:52:16 AM  CPU    %usr   %nice    %sys %iowait    %irq   %soft  %steal  %guest  %gnice   %idle
01:52:17 AM  all    0.00    0.00   12.12    0.00    0.25   13.50    0.00    0.00    0.00   74.12
01:52:17 AM    0    0.00    0.00   48.00    0.00    1.00   51.00    0.00    0.00    0.00    0.00
01:52:17 AM    1    0.00    0.00   48.51    0.00    0.99   50.50    0.00    0.00    0.00    0.00
01:52:17 AM    2    0.00    0.00    0.00    0.00    0.00    3.03    0.00    0.00    0.00   96.97
01:52:17 AM    3    0.00    0.00    0.00    0.00    0.00    3.00    0.00    0.00    0.00   97.00
01:52:17 AM    4    0.00    0.00    0.00    0.00    0.00    0.00    0.00    0.00    0.00  100.00
01:52:17 AM    5    0.00    0.00    0.00    0.00    0.00    0.00    0.00    0.00    0.00  100.00
01:52:17 AM    6    0.00    0.00    0.00    0.00    0.00    0.00    0.00    0.00    0.00  100.00
01:52:17 AM    7    0.00    0.00    0.00    0.00    0.00    0.00    0.00    0.00    0.00  100.00

01:52:17 AM  CPU    %usr   %nice    %sys %iowait    %irq   %soft  %steal  %guest  %gnice   %idle
01:52:18 AM  all    0.00    0.00   12.06    0.00    0.00   13.57    0.00    0.00    0.00   74.37
01:52:18 AM    0    0.00    0.00   48.48    0.00    0.00   51.52    0.00    0.00    0.00    0.00
01:52:18 AM    1    0.00    0.00   48.98    0.00    0.00   51.02    0.00    0.00    0.00    0.00
01:52:18 AM    2    0.00    0.00    0.00    0.00    0.00    3.03    0.00    0.00    0.00   96.97
01:52:18 AM    3    0.00    0.00    0.00    0.00    0.00    4.00    0.00    0.00    0.00   96.00
01:52:18 AM    4    0.00    0.00    0.00    0.00    0.00    0.00    0.00    0.00    0.00  100.00
01:52:18 AM    5    0.00    0.00    0.00    0.00    0.00    0.00    0.00    0.00    0.00  100.00
01:52:18 AM    6    0.00    0.00    0.00    0.00    0.00    0.00    0.00    0.00    0.00  100.00
01:52:18 AM    7    0.00    0.00    0.00    0.00    0.00    0.00    0.00    0.00    0.00  100.00

01:52:18 AM  CPU    %usr   %nice    %sys %iowait    %irq   %soft  %steal  %guest  %gnice   %idle
01:52:19 AM  all    0.25    0.00   12.08    0.00    0.37   13.57    0.00    0.00    0.00   73.72
01:52:19 AM    0    0.99    0.00   47.52    0.00    0.99   50.50    0.00    0.00    0.00    0.00
01:52:19 AM    1    0.98    0.00   48.04    0.00    0.98   50.00    0.00    0.00    0.00    0.00
01:52:19 AM    2    0.00    0.00    0.00    0.00    0.99    3.96    0.00    0.00    0.00   95.05
01:52:19 AM    3    0.00    0.00    0.00    0.00    0.00    3.03    0.00    0.00    0.00   96.97
01:52:19 AM    4    0.00    0.00    0.00    0.00    0.00    0.00    0.00    0.00    0.00  100.00
01:52:19 AM    5    0.00    0.00    0.00    0.00    0.00    0.00    0.00    0.00    0.00  100.00
01:52:19 AM    6    0.00    0.00    0.00    0.00    0.00    0.00    0.00    0.00    0.00  100.00
01:52:19 AM    7    0.00    0.00    0.00    0.00    0.00    0.00    0.00    0.00    0.00  100.00

01:52:19 AM  CPU    %usr   %nice    %sys %iowait    %irq   %soft  %steal  %guest  %gnice   %idle
01:52:20 AM  all    0.00    0.00   12.39    0.00    0.13   13.77    0.00    0.00    0.00   73.72
01:52:20 AM    0    0.00    0.00   50.00    0.00    0.00   50.00    0.00    0.00    0.00    0.00
01:52:20 AM    1    0.00    0.00   49.49    0.00    0.00   50.51    0.00    0.00    0.00    0.00
01:52:20 AM    2    0.00    0.00    0.00    0.00    0.00    5.05    0.00    0.00    0.00   94.95
01:52:20 AM    3    0.00    0.00    0.00    0.00    0.99    4.95    0.00    0.00    0.00   94.06
01:52:20 AM    4    0.00    0.00    0.00    0.00    0.00    0.00    0.00    0.00    0.00  100.00
01:52:20 AM    5    0.00    0.00    0.00    0.00    0.00    0.00    0.00    0.00    0.00  100.00
01:52:20 AM    6    0.00    0.00    0.00    0.00    0.00    0.00    0.00    0.00    0.00  100.00
01:52:20 AM    7    0.00    0.00    0.00    0.00    0.00    0.00    0.00    0.00    0.00  100.00

01:52:20 AM  CPU    %usr   %nice    %sys %iowait    %irq   %soft  %steal  %guest  %gnice   %idle
01:52:21 AM  all    0.12    0.00   12.11    0.00    0.25   13.73    0.00    0.00    0.00   73.78
01:52:21 AM    0    0.99    0.00   48.51    0.00    0.99   49.50    0.00    0.00    0.00    0.00
01:52:21 AM    1    0.00    0.00   47.52    0.00    0.99   51.49    0.00    0.00    0.00    0.00
01:52:21 AM    2    0.00    0.00    0.00    0.00    0.00    4.00    0.00    0.00    0.00   96.00
01:52:21 AM    3    0.00    0.00    0.00    0.00    0.00    4.04    0.00    0.00    0.00   95.96
01:52:21 AM    4    0.00    0.00    0.00    0.00    0.00    0.00    0.00    0.00    0.00  100.00
01:52:21 AM    5    0.00    0.00    0.00    0.00    0.00    0.00    0.00    0.00    0.00  100.00
01:52:21 AM    6    0.00    0.00    0.00    0.00    0.00    0.00    0.00    0.00    0.00  100.00
01:52:21 AM    7    0.00    0.00    0.00    0.00    0.00    0.00    0.00    0.00    0.00  100.00

01:52:21 AM  CPU    %usr   %nice    %sys %iowait    %irq   %soft  %steal  %guest  %gnice   %idle
01:52:22 AM  all    0.00    0.00   12.27    0.00    0.13   13.52    0.00    0.00    0.00   74.09
01:52:22 AM    0    0.00    0.00   49.49    0.00    0.00   50.51    0.00    0.00    0.00    0.00
01:52:22 AM    1    0.00    0.00   49.49    0.00    0.00   50.51    0.00    0.00    0.00    0.00
01:52:22 AM    2    0.00    0.00    0.00    0.00    0.99    3.96    0.00    0.00    0.00   95.05
01:52:22 AM    3    0.00    0.00    0.00    0.00    0.00    4.00    0.00    0.00    0.00   96.00
01:52:22 AM    4    0.00    0.00    0.00    0.00    0.00    0.00    0.00    0.00    0.00  100.00
01:52:22 AM    5    0.00    0.00    0.00    0.00    0.00    0.00    0.00    0.00    0.00  100.00
01:52:22 AM    6    0.00    0.00    0.00    0.00    0.00    0.00    0.00    0.00    0.00  100.00
01:52:22 AM    7    0.00    0.00    0.00    0.00    0.00    0.00    0.00    0.00    0.00  100.00

01:52:22 AM  CPU    %usr   %nice    %sys %iowait    %irq   %soft  %steal  %guest  %gnice   %idle
01:52:23 AM  all    0.12    0.00   12.09    0.00    0.37   13.59    0.00    0.00    0.00   73.82
01:52:23 AM    0    0.00    0.00   49.00    0.00    1.00   50.00    0.00    0.00    0.00    0.00
01:52:23 AM    1    0.99    0.00   47.52    0.00    0.99   50.50    0.00    0.00    0.00    0.00
01:52:23 AM    2    0.00    0.00    0.00    0.00    0.00    4.04    0.00    0.00    0.00   95.96
01:52:23 AM    3    0.00    0.00    0.00    0.00    0.99    3.96    0.00    0.00    0.00   95.05
01:52:23 AM    4    0.00    0.00    0.00    0.00    0.00    0.00    0.00    0.00    0.00  100.00
01:52:23 AM    5    0.00    0.00    0.00    0.00    0.00    0.00    0.00    0.00    0.00  100.00
01:52:23 AM    6    0.00    0.00    0.00    0.00    0.00    0.00    0.00    0.00    0.00  100.00
01:52:23 AM    7    0.00    0.00    0.00    0.00    0.00    0.00    0.00    0.00    0.00  100.00

01:52:23 AM  CPU    %usr   %nice    %sys %iowait    %irq   %soft  %steal  %guest  %gnice   %idle
01:52:24 AM  all    0.00    0.00   12.28    0.00    0.00   13.53    0.00    0.00    0.00   74.19
01:52:24 AM    0    0.00    0.00   49.00    0.00    0.00   51.00    0.00    0.00    0.00    0.00
01:52:24 AM    1    0.00    0.00   49.49    0.00    0.00   50.51    0.00    0.00    0.00    0.00
01:52:24 AM    2    0.00    0.00    0.00    0.00    0.00    4.00    0.00    0.00    0.00   96.00
01:52:24 AM    3    0.00    0.00    0.00    0.00    0.00    3.03    0.00    0.00    0.00   96.97
01:52:24 AM    4    0.00    0.00    0.00    0.00    0.00    0.00    0.00    0.00    0.00  100.00
01:52:24 AM    5    0.00    0.00    0.00    0.00    0.00    0.00    0.00    0.00    0.00  100.00
01:52:24 AM    6    0.00    0.00    0.00    0.00    0.00    0.00    0.00    0.00    0.00  100.00
01:52:24 AM    7    0.00    0.00    0.00    0.00    0.00    0.00    0.00    0.00    0.00  100.00

01:52:24 AM  CPU    %usr   %nice    %sys %iowait    %irq   %soft  %steal  %guest  %gnice   %idle
01:52:25 AM  all    0.25    0.00   12.12    0.00    0.25   13.63    0.00    0.00    0.00   73.75
01:52:25 AM    0    1.00    0.00   48.00    0.00    1.00   50.00    0.00    0.00    0.00    0.00
01:52:25 AM    1    0.99    0.00   48.51    0.00    0.99   49.50    0.00    0.00    0.00    0.00
01:52:25 AM    2    0.00    0.00    0.00    0.00    0.00    4.04    0.00    0.00    0.00   95.96
01:52:25 AM    3    0.00    0.00    0.00    0.00    0.00    5.00    0.00    0.00    0.00   95.00
01:52:25 AM    4    0.00    0.00    0.00    0.00    0.00    0.00    0.00    0.00    0.00  100.00
01:52:25 AM    5    0.00    0.00    0.00    0.00    0.00    0.00    0.00    0.00    0.00  100.00
01:52:25 AM    6    0.00    0.00    0.00    0.00    0.00    0.00    0.00    0.00    0.00  100.00
01:52:25 AM    7    0.00    0.00    0.00    0.00    0.00    0.00    0.00    0.00    0.00  100.00

01:52:25 AM  CPU    %usr   %nice    %sys %iowait    %irq   %soft  %steal  %guest  %gnice   %idle
01:52:26 AM  all    0.00    0.00   12.05    0.00    0.13   13.68    0.00    0.00    0.00   74.15
01:52:26 AM    0    0.00    0.00   48.00    0.00    0.00   51.00    0.00    0.00    0.00    1.00
01:52:26 AM    1    0.00    0.00   48.48    0.00    0.00   51.52    0.00    0.00    0.00    0.00
01:52:26 AM    2    0.00    0.00    0.00    0.00    1.00    4.00    0.00    0.00    0.00   95.00
01:52:26 AM    3    0.00    0.00    0.00    0.00    0.00    3.06    0.00    0.00    0.00   96.94
01:52:26 AM    4    0.00    0.00    0.00    0.00    0.00    0.00    0.00    0.00    0.00  100.00
01:52:26 AM    5    0.00    0.00    0.00    0.00    0.00    0.00    0.00    0.00    0.00  100.00
01:52:26 AM    6    0.00    0.00    0.00    0.00    0.00    0.00    0.00    0.00    0.00  100.00
01:52:26 AM    7    0.00    0.00    0.00    0.00    0.00    0.00    0.00    0.00    0.00  100.00

01:52:26 AM  CPU    %usr   %nice    %sys %iowait    %irq   %soft  %steal  %guest  %gnice   %idle
01:52:27 AM  all    0.25    0.00   12.06    0.00    0.37   13.43    0.00    0.00    0.00   73.88
01:52:27 AM    0    0.99    0.00   47.52    0.00    0.99   50.50    0.00    0.00    0.00    0.00
01:52:27 AM    1    0.99    0.00   48.51    0.00    0.99   49.50    0.00    0.00    0.00    0.00
01:52:27 AM    2    0.00    0.00    0.00    0.00    0.00    4.00    0.00    0.00    0.00   96.00
01:52:27 AM    3    0.00    0.00    0.00    0.00    0.99    2.97    0.00    0.00    0.00   96.04
01:52:27 AM    4    0.00    0.00    0.00    0.00    0.00    0.00    0.00    0.00    0.00  100.00
01:52:27 AM    5    0.00    0.00    0.00    0.00    0.00    0.00    0.00    0.00    0.00  100.00
01:52:27 AM    6    0.00    0.00    0.00    0.00    0.00    0.00    0.00    0.00    0.00  100.00
01:52:27 AM    7    0.00    0.00    0.00    0.00    0.00    0.00    0.00    0.00    0.00  100.00

01:52:27 AM  CPU    %usr   %nice    %sys %iowait    %irq   %soft  %steal  %guest  %gnice   %idle
01:52:28 AM  all    0.00    0.00   12.25    0.00    0.00   13.75    0.00    0.00    0.00   74.00
01:52:28 AM    0    0.00    0.00   49.00    0.00    0.00   51.00    0.00    0.00    0.00    0.00
01:52:28 AM    1    0.00    0.00   49.00    0.00    0.00   51.00    0.00    0.00    0.00    0.00
01:52:28 AM    2    0.00    0.00    0.00    0.00    0.00    4.00    0.00    0.00    0.00   96.00
01:52:28 AM    3    0.00    0.00    0.00    0.00    0.00    4.00    0.00    0.00    0.00   96.00
01:52:28 AM    4    0.00    0.00    0.00    0.00    0.00    0.00    0.00    0.00    0.00  100.00
01:52:28 AM    5    0.00    0.00    0.00    0.00    0.00    0.00    0.00    0.00    0.00  100.00
01:52:28 AM    6    0.00    0.00    0.00    0.00    0.00    0.00    0.00    0.00    0.00  100.00
01:52:28 AM    7    0.00    0.00    0.00    0.00    0.00    0.00    0.00    0.00    0.00  100.00

01:52:28 AM  CPU    %usr   %nice    %sys %iowait    %irq   %soft  %steal  %guest  %gnice   %idle
01:52:29 AM  all    0.00    0.00   12.03    0.00    0.38   13.53    0.00    0.00    0.00   74.06
01:52:29 AM    0    0.00    0.00   48.00    0.00    1.00   51.00    0.00    0.00    0.00    0.00
01:52:29 AM    1    0.00    0.00   48.48    0.00    1.01   50.51    0.00    0.00    0.00    0.00
01:52:29 AM    2    0.00    0.00    0.00    0.00    1.00    4.00    0.00    0.00    0.00   95.00
01:52:29 AM    3    0.00    0.00    0.00    0.00    0.00    3.03    0.00    0.00    0.00   96.97
01:52:29 AM    4    0.00    0.00    0.00    0.00    0.00    0.00    0.00    0.00    0.00  100.00
01:52:29 AM    5    0.00    0.00    0.00    0.00    0.00    0.00    0.00    0.00    0.00  100.00
01:52:29 AM    6    0.00    0.00    0.00    0.00    0.00    0.00    0.00    0.00    0.00  100.00
01:52:29 AM    7    0.00    0.00    0.00    0.00    0.00    0.00    0.00    0.00    0.00  100.00

01:52:29 AM  CPU    %usr   %nice    %sys %iowait    %irq   %soft  %steal  %guest  %gnice   %idle
01:52:30 AM  all    0.25    0.00   12.16    0.00    0.00   13.41    0.00    0.00    0.00   74.19
01:52:30 AM    0    1.00    0.00   48.00    0.00    0.00   51.00    0.00    0.00    0.00    0.00
01:52:30 AM    1    1.00    0.00   49.00    0.00    0.00   50.00    0.00    0.00    0.00    0.00
01:52:30 AM    2    0.00    0.00    0.00    0.00    0.00    3.03    0.00    0.00    0.00   96.97
01:52:30 AM    3    0.00    0.00    0.00    0.00    0.00    3.03    0.00    0.00    0.00   96.97
01:52:30 AM    4    0.00    0.00    0.00    0.00    0.00    0.00    0.00    0.00    0.00  100.00
01:52:30 AM    5    0.00    0.00    0.00    0.00    0.00    0.00    0.00    0.00    0.00  100.00
01:52:30 AM    6    0.00    0.00    0.00    0.00    0.00    0.00    0.00    0.00    0.00  100.00
01:52:30 AM    7    0.00    0.00    0.00    0.00    0.00    0.00    0.00    0.00    0.00  100.00

01:52:30 AM  CPU    %usr   %nice    %sys %iowait    %irq   %soft  %steal  %guest  %gnice   %idle
01:52:31 AM  all    0.12    0.00   12.09    0.00    0.25   13.72    0.00    0.00    0.00   73.82
01:52:31 AM    0    1.00    0.00   48.00    0.00    0.00   51.00    0.00    0.00    0.00    0.00
01:52:31 AM    1    0.00    0.00   48.51    0.00    0.99   50.50    0.00    0.00    0.00    0.00
01:52:31 AM    2    0.00    0.00    0.00    0.00    0.00    4.00    0.00    0.00    0.00   96.00
01:52:31 AM    3    0.00    0.00    0.00    0.00    0.99    3.96    0.00    0.00    0.00   95.05
01:52:31 AM    4    0.00    0.00    0.00    0.00    0.00    0.00    0.00    0.00    0.00  100.00
01:52:31 AM    5    0.00    0.00    0.00    0.00    0.00    0.00    0.00    0.00    0.00  100.00
01:52:31 AM    6    0.00    0.00    0.00    0.00    0.00    0.00    0.00    0.00    0.00  100.00
01:52:31 AM    7    0.00    0.00    0.00    0.00    0.00    0.00    0.00    0.00    0.00  100.00

01:52:31 AM  CPU    %usr   %nice    %sys %iowait    %irq   %soft  %steal  %guest  %gnice   %idle
01:52:32 AM  all    0.13    0.00   12.14    0.00    0.13   13.39    0.00    0.00    0.00   74.22
01:52:32 AM    0    0.00    0.00   48.00    0.00    1.00   51.00    0.00    0.00    0.00    0.00
01:52:32 AM    1    1.00    0.00   49.00    0.00    0.00   50.00    0.00    0.00    0.00    0.00
01:52:32 AM    2    0.00    0.00    0.00    0.00    0.00    3.03    0.00    0.00    0.00   96.97
01:52:32 AM    3    0.00    0.00    0.00    0.00    0.00    3.00    0.00    0.00    0.00   97.00
01:52:32 AM    4    0.00    0.00    0.00    0.00    0.00    0.00    0.00    0.00    0.00  100.00
01:52:32 AM    5    0.00    0.00    0.00    0.00    0.00    0.00    0.00    0.00    0.00  100.00
01:52:32 AM    6    0.00    0.00    0.00    0.00    0.00    0.00    0.00    0.00    0.00  100.00
01:52:32 AM    7    0.00    0.00    0.00    0.00    0.00    0.00    0.00    0.00    0.00  100.00

01:52:32 AM  CPU    %usr   %nice    %sys %iowait    %irq   %soft  %steal  %guest  %gnice   %idle
01:52:33 AM  all    0.13    0.00   12.02    0.00    0.13   13.64    0.00    0.00    0.00   74.09
01:52:33 AM    0    1.00    0.00   47.00    0.00    0.00   52.00    0.00    0.00    0.00    0.00
01:52:33 AM    1    0.00    0.00   49.49    0.00    0.00   50.51    0.00    0.00    0.00    0.00
01:52:33 AM    2    0.00    0.00    0.00    0.00    0.99    3.96    0.00    0.00    0.00   95.05
01:52:33 AM    3    0.00    0.00    0.00    0.00    0.00    3.03    0.00    0.00    0.00   96.97
01:52:33 AM    4    0.00    0.00    0.00    0.00    0.00    0.00    0.00    0.00    0.00  100.00
01:52:33 AM    5    0.00    0.00    0.00    0.00    0.00    0.00    0.00    0.00    0.00  100.00
01:52:33 AM    6    0.00    0.00    0.00    0.00    0.00    0.00    0.00    0.00    0.00  100.00
01:52:33 AM    7    0.00    0.00    0.00    0.00    0.00    0.00    0.00    0.00    0.00  100.00

01:52:33 AM  CPU    %usr   %nice    %sys %iowait    %irq   %soft  %steal  %guest  %gnice   %idle
01:52:34 AM  all    0.12    0.00   12.09    0.00    0.25   13.47    0.00    0.00    0.00   74.06
01:52:34 AM    0    0.00    0.00   48.00    0.00    1.00   51.00    0.00    0.00    0.00    0.00
01:52:34 AM    1    0.99    0.00   48.51    0.00    0.99   49.50    0.00    0.00    0.00    0.00
01:52:34 AM    2    0.00    0.00    0.00    0.00    0.00    4.00    0.00    0.00    0.00   96.00
01:52:34 AM    3    0.00    0.00    0.00    0.00    0.00    3.00    0.00    0.00    0.00   97.00
01:52:34 AM    4    0.00    0.00    0.00    0.00    0.00    0.00    0.00    0.00    0.00  100.00
01:52:34 AM    5    0.00    0.00    0.00    0.00    0.00    0.00    0.00    0.00    0.00  100.00
01:52:34 AM    6    0.00    0.00    0.00    0.00    0.00    0.00    0.00    0.00    0.00  100.00
01:52:34 AM    7    0.00    0.00    0.00    0.00    0.00    0.00    0.00    0.00    0.00  100.00

01:52:34 AM  CPU    %usr   %nice    %sys %iowait    %irq   %soft  %steal  %guest  %gnice   %idle
01:52:35 AM  all    0.13    0.00   12.03    0.00    0.13   13.53    0.00    0.00    0.00   74.19
01:52:35 AM    0    1.00    0.00   47.00    0.00    0.00   52.00    0.00    0.00    0.00    0.00
01:52:35 AM    1    0.00    0.00   49.49    0.00    0.00   50.51    0.00    0.00    0.00    0.00
01:52:35 AM    2    0.00    0.00    0.00    0.00    0.00    3.03    0.00    0.00    0.00   96.97
01:52:35 AM    3    0.00    0.00    0.00    0.00    1.00    3.00    0.00    0.00    0.00   96.00
01:52:35 AM    4    0.00    0.00    0.00    0.00    0.00    0.00    0.00    0.00    0.00  100.00
01:52:35 AM    5    0.00    0.00    0.00    0.00    0.00    0.00    0.00    0.00    0.00  100.00
01:52:35 AM    6    0.00    0.00    0.00    0.00    0.00    0.00    0.00    0.00    0.00  100.00
01:52:35 AM    7    0.00    0.00    0.00    0.00    0.00    0.00    0.00    0.00    0.00  100.00

01:52:35 AM  CPU    %usr   %nice    %sys %iowait    %irq   %soft  %steal  %guest  %gnice   %idle
01:52:36 AM  all    0.00    0.00   12.11    0.00    0.25   13.61    0.00    0.00    0.00   74.03
01:52:36 AM    0    0.00    0.00   48.00    0.00    1.00   51.00    0.00    0.00    0.00    0.00
01:52:36 AM    1    0.00    0.00   48.51    0.00    0.99   50.50    0.00    0.00    0.00    0.00
01:52:36 AM    2    0.00    0.00    0.00    0.00    0.00    4.00    0.00    0.00    0.00   96.00
01:52:36 AM    3    0.00    0.00    0.00    0.00    0.00    3.00    0.00    0.00    0.00   97.00
01:52:36 AM    4    0.00    0.00    0.00    0.00    0.00    0.00    0.00    0.00    0.00  100.00
01:52:36 AM    5    0.00    0.00    0.00    0.00    0.00    0.00    0.00    0.00    0.00  100.00
01:52:36 AM    6    0.00    0.00    0.00    0.00    0.00    0.00    0.00    0.00    0.00  100.00
01:52:36 AM    7    0.00    0.00    0.00    0.00    0.00    0.00    0.00    0.00    0.00  100.00

01:52:36 AM  CPU    %usr   %nice    %sys %iowait    %irq   %soft  %steal  %guest  %gnice   %idle
01:52:37 AM  all    0.13    0.00   12.16    0.00    0.13   13.41    0.00    0.00    0.00   74.19
01:52:37 AM    0    0.00    0.00   49.00    0.00    0.00   51.00    0.00    0.00    0.00    0.00
01:52:37 AM    1    1.01    0.00   48.48    0.00    0.00   50.51    0.00    0.00    0.00    0.00
01:52:37 AM    2    0.00    0.00    0.00    0.00    1.00    3.00    0.00    0.00    0.00   96.00
01:52:37 AM    3    0.00    0.00    0.00    0.00    0.00    3.03    0.00    0.00    0.00   96.97
01:52:37 AM    4    0.00    0.00    0.00    0.00    0.00    0.00    0.00    0.00    0.00  100.00
01:52:37 AM    5    0.00    0.00    0.00    0.00    0.00    0.00    0.00    0.00    0.00  100.00
01:52:37 AM    6    0.00    0.00    0.00    0.00    0.00    0.00    0.00    0.00    0.00  100.00
01:52:37 AM    7    0.00    0.00    0.00    0.00    0.00    0.00    0.00    0.00    0.00  100.00

01:52:37 AM  CPU    %usr   %nice    %sys %iowait    %irq   %soft  %steal  %guest  %gnice   %idle
01:52:38 AM  all    0.12    0.00   11.99    0.00    0.25   13.48    0.00    0.00    0.00   74.16
01:52:38 AM    0    1.00    0.00   48.00    0.00    1.00   50.00    0.00    0.00    0.00    0.00
01:52:38 AM    1    0.00    0.00   47.52    0.00    0.99   50.50    0.00    0.00    0.00    0.99
01:52:38 AM    2    0.00    0.00    0.00    0.00    0.00    3.00    0.00    0.00    0.00   97.00
01:52:38 AM    3    0.00    0.00    0.00    0.00    0.00    4.00    0.00    0.00    0.00   96.00
01:52:38 AM    4    0.00    0.00    0.00    0.00    0.00    0.00    0.00    0.00    0.00  100.00
01:52:38 AM    5    0.00    0.00    0.00    0.00    0.00    0.00    0.00    0.00    0.00  100.00
01:52:38 AM    6    0.00    0.00    0.00    0.00    0.00    0.00    0.00    0.00    0.00  100.00
01:52:38 AM    7    0.00    0.00    0.00    0.00    0.00    0.00    0.00    0.00    0.00  100.00

01:52:38 AM  CPU    %usr   %nice    %sys %iowait    %irq   %soft  %steal  %guest  %gnice   %idle
01:52:39 AM  all    0.12    0.00   12.22    0.00    0.12   13.47    0.00    0.00    0.00   74.06
01:52:39 AM    0    0.00    0.00   49.00    0.00    0.00   51.00    0.00    0.00    0.00    0.00
01:52:39 AM    1    0.99    0.00   48.51    0.00    0.00   50.50    0.00    0.00    0.00    0.00
01:52:39 AM    2    0.00    0.00    0.00    0.00    0.00    3.03    0.00    0.00    0.00   96.97
01:52:39 AM    3    0.00    0.00    0.00    0.00    0.99    2.97    0.00    0.00    0.00   96.04
01:52:39 AM    4    0.00    0.00    0.00    0.00    0.00    0.00    0.00    0.00    0.00  100.00
01:52:39 AM    5    0.00    0.00    0.00    0.00    0.00    0.00    0.00    0.00    0.00  100.00
01:52:39 AM    6    0.00    0.00    0.00    0.00    0.00    0.00    0.00    0.00    0.00  100.00
01:52:39 AM    7    0.00    0.00    0.00    0.00    0.00    0.00    0.00    0.00    0.00  100.00

01:52:39 AM  CPU    %usr   %nice    %sys %iowait    %irq   %soft  %steal  %guest  %gnice   %idle
01:52:40 AM  all    0.00    0.00   12.03    0.00    0.25   13.53    0.00    0.00    0.00   74.19
01:52:40 AM    0    0.00    0.00   48.00    0.00    1.00   51.00    0.00    0.00    0.00    0.00
01:52:40 AM    1    0.00    0.00   48.00    0.00    1.00   51.00    0.00    0.00    0.00    0.00
01:52:40 AM    2    0.00    0.00    0.00    0.00    0.00    3.03    0.00    0.00    0.00   96.97
01:52:40 AM    3    0.00    0.00    0.00    0.00    0.00    3.03    0.00    0.00    0.00   96.97
01:52:40 AM    4    0.00    0.00    0.00    0.00    0.00    0.00    0.00    0.00    0.00  100.00
01:52:40 AM    5    0.00    0.00    0.00    0.00    0.00    0.00    0.00    0.00    0.00  100.00
01:52:40 AM    6    0.00    0.00    0.00    0.00    0.00    0.00    0.00    0.00    0.00  100.00
01:52:40 AM    7    0.00    0.00    0.00    0.00    0.00    0.00    0.00    0.00    0.00  100.00

01:52:40 AM  CPU    %usr   %nice    %sys %iowait    %irq   %soft  %steal  %guest  %gnice   %idle
01:52:41 AM  all    0.12    0.00   12.23    0.00    0.12   13.61    0.00    0.00    0.00   73.91
01:52:41 AM    0    0.99    0.00   48.51    0.00    0.00   50.50    0.00    0.00    0.00    0.00
01:52:41 AM    1    0.00    0.00   49.00    0.00    0.00   51.00    0.00    0.00    0.00    0.00
01:52:41 AM    2    0.00    0.00    0.00    0.00    0.99    3.96    0.00    0.00    0.00   95.05
01:52:41 AM    3    0.00    0.00    0.00    0.00    0.00    3.03    0.00    0.00    0.00   96.97
01:52:41 AM    4    0.00    0.00    0.00    0.00    0.00    0.00    0.00    0.00    0.00  100.00
01:52:41 AM    5    0.00    0.00    0.00    0.00    0.00    0.00    0.00    0.00    0.00  100.00
01:52:41 AM    6    0.00    0.00    0.00    0.00    0.00    0.00    0.00    0.00    0.00  100.00
01:52:41 AM    7    0.00    0.00    0.00    0.00    0.00    0.00    0.00    0.00    0.00  100.00

Average:     CPU    %usr   %nice    %sys %iowait    %irq   %soft  %steal  %guest  %gnice   %idle
Average:     all    0.10    0.00   12.09    0.00    0.18   13.50    0.00    0.00    0.00   74.12
Average:       0    0.40    0.00   48.25    0.00    0.47   50.43    0.00    0.00    0.00    0.45
Average:       1    0.43    0.00   48.38    0.00    0.47   50.27    0.00    0.00    0.00    0.45
Average:       2    0.00    0.00    0.00    0.00    0.27    3.71    0.00    0.00    0.00   96.02
Average:       3    0.00    0.00    0.00    0.00    0.25    3.49    0.00    0.00    0.00   96.26
Average:       4    0.00    0.00    0.00    0.00    0.00    0.00    0.00    0.00    0.00  100.00
Average:       5    0.00    0.00    0.00    0.00    0.00    0.00    0.00    0.00    0.00  100.00
Average:       6    0.00    0.00    0.00    0.00    0.00    0.00    0.00    0.00    0.00  100.00
Average:       7    0.00    0.00    0.00    0.00    0.00    0.00    0.00    0.00    0.00  100.00
