Linux 7.0.12 (bpi-f3) 	06/25/2026 	_riscv64_	(8 CPU)

12:26:33 PM  CPU    %usr   %nice    %sys %iowait    %irq   %soft  %steal  %guest  %gnice   %idle
12:26:34 PM  all    0.38    0.00    5.90    0.00    1.03   20.00    0.00    0.00    0.00   72.69
12:26:34 PM    0    0.00    0.00    0.00    0.00    1.00   99.00    0.00    0.00    0.00    0.00
12:26:34 PM    1    1.03    0.00   11.34    0.00    2.06   15.46    0.00    0.00    0.00   70.10
12:26:34 PM    2    2.11    0.00   12.63    0.00    1.05   15.79    0.00    0.00    0.00   68.42
12:26:34 PM    3    0.00    0.00   11.96    0.00    2.17   17.39    0.00    0.00    0.00   68.48
12:26:34 PM    4    0.00    0.00    5.10    0.00    0.00    4.08    0.00    0.00    0.00   90.82
12:26:34 PM    5    0.00    0.00    1.02    0.00    1.02    2.04    0.00    0.00    0.00   95.92
12:26:34 PM    6    0.00    0.00    4.00    0.00    1.00    4.00    0.00    0.00    0.00   91.00
12:26:34 PM    7    0.00    0.00    2.00    0.00    0.00    1.00    0.00    0.00    0.00   97.00

12:26:34 PM  CPU    %usr   %nice    %sys %iowait    %irq   %soft  %steal  %guest  %gnice   %idle
12:26:35 PM  all    0.13    0.00    6.81    0.00    0.64   20.18    0.00    0.00    0.00   72.24
12:26:35 PM    0    0.00    0.00    0.00    0.00    1.00   99.00    0.00    0.00    0.00    0.00
12:26:35 PM    1    0.00    0.00    9.38    0.00    0.00    9.38    0.00    0.00    0.00   81.25
12:26:35 PM    2    1.04    0.00   11.46    0.00    1.04   10.42    0.00    0.00    0.00   76.04
12:26:35 PM    3    0.00    0.00    3.06    0.00    0.00    4.08    0.00    0.00    0.00   92.86
12:26:35 PM    4    0.00    0.00   10.42    0.00    1.04   12.50    0.00    0.00    0.00   76.04
12:26:35 PM    5    0.00    0.00    9.47    0.00    1.05   11.58    0.00    0.00    0.00   77.89
12:26:35 PM    6    0.00    0.00    7.22    0.00    0.00    8.25    0.00    0.00    0.00   84.54
12:26:35 PM    7    0.00    0.00    4.00    0.00    1.00    4.00    0.00    0.00    0.00   91.00

12:26:35 PM  CPU    %usr   %nice    %sys %iowait    %irq   %soft  %steal  %guest  %gnice   %idle
12:26:36 PM  all    0.26    0.00    7.30    0.00    0.77   19.85    0.00    0.00    0.00   71.83
12:26:36 PM    0    0.00    0.00    0.00    0.00    1.00   99.00    0.00    0.00    0.00    0.00
12:26:36 PM    1    1.04    0.00   11.46    0.00    2.08   11.46    0.00    0.00    0.00   73.96
12:26:36 PM    2    0.00    0.00    9.28    0.00    1.03    9.28    0.00    0.00    0.00   80.41
12:26:36 PM    3    0.00    0.00    4.08    0.00    0.00    4.08    0.00    0.00    0.00   91.84
12:26:36 PM    4    1.00    0.00   10.00    0.00    1.00    8.00    0.00    0.00    0.00   80.00
12:26:36 PM    5    0.00    0.00    7.29    0.00    0.00    8.33    0.00    0.00    0.00   84.38
12:26:36 PM    6    0.00    0.00    9.28    0.00    1.03    9.28    0.00    0.00    0.00   80.41
12:26:36 PM    7    0.00    0.00    7.22    0.00    0.00    7.22    0.00    0.00    0.00   85.57

12:26:36 PM  CPU    %usr   %nice    %sys %iowait    %irq   %soft  %steal  %guest  %gnice   %idle
12:26:37 PM  all    0.26    0.00    6.54    0.00    1.03   20.38    0.00    0.00    0.00   71.79
12:26:37 PM    0    0.00    0.00    0.00    0.00    1.00   99.00    0.00    0.00    0.00    0.00
12:26:37 PM    1    1.02    0.00   13.27    0.00    1.02   13.27    0.00    0.00    0.00   71.43
12:26:37 PM    2    1.03    0.00    5.15    0.00    1.03    7.22    0.00    0.00    0.00   85.57
12:26:37 PM    3    0.00    0.00   11.58    0.00    2.11   13.68    0.00    0.00    0.00   72.63
12:26:37 PM    4    0.00    0.00    5.21    0.00    0.00    7.29    0.00    0.00    0.00   87.50
12:26:37 PM    5    0.00    0.00    9.18    0.00    1.02    9.18    0.00    0.00    0.00   80.61
12:26:37 PM    6    0.00    0.00    4.08    0.00    1.02    6.12    0.00    0.00    0.00   88.78
12:26:37 PM    7    0.00    0.00    4.08    0.00    1.02    5.10    0.00    0.00    0.00   89.80

12:26:37 PM  CPU    %usr   %nice    %sys %iowait    %irq   %soft  %steal  %guest  %gnice   %idle
12:26:38 PM  all    0.13    0.00    5.35    0.00    0.52   21.28    0.00    0.00    0.00   72.72
12:26:38 PM    0    0.00    0.00    0.00    0.00    1.01   98.99    0.00    0.00    0.00    0.00
12:26:38 PM    1    0.00    0.00    6.38    0.00    0.00    9.57    0.00    0.00    0.00   84.04
12:26:38 PM    2    0.00    0.00    6.12    0.00    0.00    8.16    0.00    0.00    0.00   85.71
12:26:38 PM    3    0.00    0.00    5.32    0.00    0.00    9.57    0.00    0.00    0.00   85.11
12:26:38 PM    4    0.00    0.00    8.51    0.00    1.06   13.83    0.00    0.00    0.00   76.60
12:26:38 PM    5    0.00    0.00    6.38    0.00    1.06   11.70    0.00    0.00    0.00   80.85
12:26:38 PM    6    1.04    0.00    7.29    0.00    1.04   11.46    0.00    0.00    0.00   79.17
12:26:38 PM    7    0.00    0.00    3.09    0.00    0.00    4.12    0.00    0.00    0.00   92.78

12:26:38 PM  CPU    %usr   %nice    %sys %iowait    %irq   %soft  %steal  %guest  %gnice   %idle
12:26:39 PM  all    0.39    0.00    5.44    0.00    0.91   21.37    0.00    0.00    0.00   71.89
12:26:39 PM    0    0.00    0.00    0.00    0.00    1.00   99.00    0.00    0.00    0.00    0.00
12:26:39 PM    1    0.00    0.00    6.38    0.00    1.06   12.77    0.00    0.00    0.00   79.79
12:26:39 PM    2    0.00    0.00    3.12    0.00    1.04    5.21    0.00    0.00    0.00   90.62
12:26:39 PM    3    1.02    0.00    6.12    0.00    1.02    8.16    0.00    0.00    0.00   83.67
12:26:39 PM    4    1.03    0.00    8.25    0.00    1.03   11.34    0.00    0.00    0.00   78.35
12:26:39 PM    5    0.00    0.00    7.45    0.00    1.06   12.77    0.00    0.00    0.00   78.72
12:26:39 PM    6    0.00    0.00    5.32    0.00    0.00    9.57    0.00    0.00    0.00   85.11
12:26:39 PM    7    1.01    0.00    7.07    0.00    1.01    9.09    0.00    0.00    0.00   81.82

12:26:39 PM  CPU    %usr   %nice    %sys %iowait    %irq   %soft  %steal  %guest  %gnice   %idle
12:26:40 PM  all    0.00    0.00    7.03    0.00    0.90   21.10    0.00    0.00    0.00   70.97
12:26:40 PM    0    0.00    0.00    0.00    0.00    1.00   99.00    0.00    0.00    0.00    0.00
12:26:40 PM    1    0.00    0.00    9.47    0.00    1.05   12.63    0.00    0.00    0.00   76.84
12:26:40 PM    2    0.00    0.00    8.33    0.00    1.04   10.42    0.00    0.00    0.00   80.21
12:26:40 PM    3    0.00    0.00    6.00    0.00    0.00    5.00    0.00    0.00    0.00   89.00
12:26:40 PM    4    0.00    0.00    8.25    0.00    1.03   10.31    0.00    0.00    0.00   80.41
12:26:40 PM    5    0.00    0.00    9.18    0.00    1.02   10.20    0.00    0.00    0.00   79.59
12:26:40 PM    6    0.00    0.00    7.14    0.00    1.02   10.20    0.00    0.00    0.00   81.63
12:26:40 PM    7    0.00    0.00    8.16    0.00    1.02    9.18    0.00    0.00    0.00   81.63

12:26:40 PM  CPU    %usr   %nice    %sys %iowait    %irq   %soft  %steal  %guest  %gnice   %idle
12:26:41 PM  all    0.26    0.00    6.32    0.00    0.90   20.52    0.00    0.00    0.00   72.00
12:26:41 PM    0    0.00    0.00    0.00    0.00    1.98   98.02    0.00    0.00    0.00    0.00
12:26:41 PM    1    0.00    0.00    5.38    0.00    1.08    9.68    0.00    0.00    0.00   83.87
12:26:41 PM    2    0.00    0.00    7.22    0.00    0.00    8.25    0.00    0.00    0.00   84.54
12:26:41 PM    3    1.02    0.00    9.18    0.00    1.02    9.18    0.00    0.00    0.00   79.59
12:26:41 PM    4    0.00    0.00    8.25    0.00    1.03    8.25    0.00    0.00    0.00   82.47
12:26:41 PM    5    1.03    0.00    4.12    0.00    0.00    6.19    0.00    0.00    0.00   88.66
12:26:41 PM    6    0.00    0.00    8.51    0.00    1.06   11.70    0.00    0.00    0.00   78.72
12:26:41 PM    7    0.00    0.00    8.16    0.00    1.02    9.18    0.00    0.00    0.00   81.63

12:26:41 PM  CPU    %usr   %nice    %sys %iowait    %irq   %soft  %steal  %guest  %gnice   %idle
12:26:42 PM  all    0.65    0.00    6.87    0.00    0.91   21.11    0.00    0.00    0.00   70.47
12:26:42 PM    0    0.00    0.00    0.00    0.00    1.00   99.00    0.00    0.00    0.00    0.00
12:26:42 PM    1    0.00    0.00    8.33    0.00    1.04   10.42    0.00    0.00    0.00   80.21
12:26:42 PM    2    0.00    0.00    3.12    0.00    1.04    5.21    0.00    0.00    0.00   90.62
12:26:42 PM    3    0.00    0.00    8.33    0.00    1.04   10.42    0.00    0.00    0.00   80.21
12:26:42 PM    4    1.04    0.00   10.42    0.00    1.04   13.54    0.00    0.00    0.00   73.96
12:26:42 PM    5    2.08    0.00    7.29    0.00    1.04    8.33    0.00    0.00    0.00   81.25
12:26:42 PM    6    0.00    0.00   11.22    0.00    1.02    9.18    0.00    0.00    0.00   78.57
12:26:42 PM    7    2.13    0.00    6.38    0.00    0.00    9.57    0.00    0.00    0.00   81.91

12:26:42 PM  CPU    %usr   %nice    %sys %iowait    %irq   %soft  %steal  %guest  %gnice   %idle
12:26:43 PM  all    0.25    0.00    8.78    0.00    0.88   19.32    0.00    0.00    0.00   70.77
12:26:43 PM    0    0.00    0.00    0.00    0.00    1.01   98.99    0.00    0.00    0.00    0.00
12:26:43 PM    1    0.00    0.00    5.00    0.00    0.00    3.00    0.00    0.00    0.00   92.00
12:26:43 PM    2    0.00    0.00   12.00    0.00    1.00   10.00    0.00    0.00    0.00   77.00
12:26:43 PM    3    0.00    0.00   13.59    0.00    0.97    8.74    0.00    0.00    0.00   76.70
12:26:43 PM    4    1.02    0.00   12.24    0.00    1.02   11.22    0.00    0.00    0.00   74.49
12:26:43 PM    5    0.00    0.00    9.18    0.00    1.02    7.14    0.00    0.00    0.00   82.65
12:26:43 PM    6    1.03    0.00    9.28    0.00    1.03   11.34    0.00    0.00    0.00   77.32
12:26:43 PM    7    0.00    0.00    8.82    0.00    0.98    4.90    0.00    0.00    0.00   85.29

12:26:43 PM  CPU    %usr   %nice    %sys %iowait    %irq   %soft  %steal  %guest  %gnice   %idle
12:26:44 PM  all    0.13    0.00    7.51    0.00    0.76   19.59    0.00    0.00    0.00   72.01
12:26:44 PM    0    0.00    0.00    0.00    0.00    1.00   99.00    0.00    0.00    0.00    0.00
12:26:44 PM    1    0.00    0.00    0.99    0.00    0.99    1.98    0.00    0.00    0.00   96.04
12:26:44 PM    2    1.03    0.00    9.28    0.00    1.03    9.28    0.00    0.00    0.00   79.38
12:26:44 PM    3    0.00    0.00    7.07    0.00    0.00    4.04    0.00    0.00    0.00   88.89
12:26:44 PM    4    0.00    0.00   12.37    0.00    1.03   11.34    0.00    0.00    0.00   75.26
12:26:44 PM    5    0.00    0.00   11.34    0.00    1.03   12.37    0.00    0.00    0.00   75.26
12:26:44 PM    6    0.00    0.00   14.29    0.00    1.02   11.22    0.00    0.00    0.00   73.47
12:26:44 PM    7    0.00    0.00    5.15    0.00    0.00    6.19    0.00    0.00    0.00   88.66

12:26:44 PM  CPU    %usr   %nice    %sys %iowait    %irq   %soft  %steal  %guest  %gnice   %idle
12:26:45 PM  all    0.76    0.00    6.88    0.00    0.89   21.02    0.00    0.00    0.00   70.45
12:26:45 PM    0    0.00    0.00    0.00    0.00    1.01   98.99    0.00    0.00    0.00    0.00
12:26:45 PM    1    1.03    0.00    8.25    0.00    0.00    8.25    0.00    0.00    0.00   82.47
12:26:45 PM    2    0.00    0.00   10.31    0.00    1.03   11.34    0.00    0.00    0.00   77.32
12:26:45 PM    3    0.00    0.00    5.00    0.00    1.00    6.00    0.00    0.00    0.00   88.00
12:26:45 PM    4    1.00    0.00    9.00    0.00    1.00   10.00    0.00    0.00    0.00   79.00
12:26:45 PM    5    1.02    0.00    7.14    0.00    1.02   10.20    0.00    0.00    0.00   80.61
12:26:45 PM    6    1.03    0.00    7.22    0.00    1.03   11.34    0.00    0.00    0.00   79.38
12:26:45 PM    7    2.06    0.00    8.25    0.00    1.03   11.34    0.00    0.00    0.00   77.32

12:26:45 PM  CPU    %usr   %nice    %sys %iowait    %irq   %soft  %steal  %guest  %gnice   %idle
12:26:46 PM  all    0.13    0.00    6.41    0.00    0.79   19.90    0.00    0.00    0.00   72.77
12:26:46 PM    0    0.00    0.00    0.00    0.00    1.10   94.51    0.00    0.00    0.00    4.40
12:26:46 PM    1    0.00    0.00   13.54    0.00    2.08   18.75    0.00    0.00    0.00   65.62
12:26:46 PM    2    0.00    0.00    2.04    0.00    0.00    2.04    0.00    0.00    0.00   95.92
12:26:46 PM    3    0.00    0.00    8.60    0.00    1.08   15.05    0.00    0.00    0.00   75.27
12:26:46 PM    4    1.02    0.00    7.14    0.00    0.00    7.14    0.00    0.00    0.00   84.69
12:26:46 PM    5    0.00    0.00    7.45    0.00    0.00    9.57    0.00    0.00    0.00   82.98
12:26:46 PM    6    0.00    0.00    6.19    0.00    1.03    8.25    0.00    0.00    0.00   84.54
12:26:46 PM    7    0.00    0.00    6.19    0.00    1.03    8.25    0.00    0.00    0.00   84.54

12:26:46 PM  CPU    %usr   %nice    %sys %iowait    %irq   %soft  %steal  %guest  %gnice   %idle
12:26:47 PM  all    0.90    0.00    7.46    0.00    0.90   20.18    0.00    0.00    0.00   70.57
12:26:47 PM    0    0.00    0.00    0.00    0.00    2.15   94.62    0.00    0.00    0.00    3.23
12:26:47 PM    1    1.06    0.00    8.51    0.00    1.06   13.83    0.00    0.00    0.00   75.53
12:26:47 PM    2    1.01    0.00    4.04    0.00    0.00    5.05    0.00    0.00    0.00   89.90
12:26:47 PM    3    0.99    0.00    8.91    0.00    0.99    7.92    0.00    0.00    0.00   81.19
12:26:47 PM    4    0.00    0.00   11.22    0.00    1.02   13.27    0.00    0.00    0.00   74.49
12:26:47 PM    5    1.03    0.00    9.28    0.00    1.03   10.31    0.00    0.00    0.00   78.35
12:26:47 PM    6    2.08    0.00    7.29    0.00    0.00   10.42    0.00    0.00    0.00   80.21
12:26:47 PM    7    1.00    0.00   10.00    0.00    1.00   10.00    0.00    0.00    0.00   78.00

12:26:47 PM  CPU    %usr   %nice    %sys %iowait    %irq   %soft  %steal  %guest  %gnice   %idle
12:26:48 PM  all    0.00    0.00    6.06    0.00    0.90   21.13    0.00    0.00    0.00   71.91
12:26:48 PM    0    0.00    0.00    0.00    0.00    1.00   99.00    0.00    0.00    0.00    0.00
12:26:48 PM    1    0.00    0.00    5.15    0.00    0.00    8.25    0.00    0.00    0.00   86.60
12:26:48 PM    2    0.00    0.00    4.17    0.00    1.04    7.29    0.00    0.00    0.00   87.50
12:26:48 PM    3    0.00    0.00    8.08    0.00    0.00    7.07    0.00    0.00    0.00   84.85
12:26:48 PM    4    0.00    0.00    9.47    0.00    2.11   14.74    0.00    0.00    0.00   73.68
12:26:48 PM    5    0.00    0.00    7.37    0.00    1.05   12.63    0.00    0.00    0.00   78.95
12:26:48 PM    6    0.00    0.00    7.22    0.00    1.03    9.28    0.00    0.00    0.00   82.47
12:26:48 PM    7    0.00    0.00    7.22    0.00    1.03    8.25    0.00    0.00    0.00   83.51

12:26:48 PM  CPU    %usr   %nice    %sys %iowait    %irq   %soft  %steal  %guest  %gnice   %idle
12:26:49 PM  all    0.13    0.00    5.82    0.00    0.65   21.47    0.00    0.00    0.00   71.93
12:26:49 PM    0    0.00    0.00    0.00    0.00    1.00   99.00    0.00    0.00    0.00    0.00
12:26:49 PM    1    0.00    0.00    4.21    0.00    1.05    8.42    0.00    0.00    0.00   86.32
12:26:49 PM    2    0.00    0.00    5.10    0.00    0.00    6.12    0.00    0.00    0.00   88.78
12:26:49 PM    3    0.00    0.00    6.38    0.00    1.06   11.70    0.00    0.00    0.00   80.85
12:26:49 PM    4    0.00    0.00    9.18    0.00    0.00   10.20    0.00    0.00    0.00   80.61
12:26:49 PM    5    1.03    0.00    8.25    0.00    1.03   12.37    0.00    0.00    0.00   77.32
12:26:49 PM    6    0.00    0.00    8.25    0.00    1.03   10.31    0.00    0.00    0.00   80.41
12:26:49 PM    7    0.00    0.00    5.32    0.00    0.00   10.64    0.00    0.00    0.00   84.04

12:26:49 PM  CPU    %usr   %nice    %sys %iowait    %irq   %soft  %steal  %guest  %gnice   %idle
12:26:50 PM  all    0.26    0.00    6.40    0.00    1.02   20.74    0.00    0.00    0.00   71.57
12:26:50 PM    0    0.00    0.00    0.00    0.00    1.00   99.00    0.00    0.00    0.00    0.00
12:26:50 PM    1    0.00    0.00    7.29    0.00    1.04    9.38    0.00    0.00    0.00   82.29
12:26:50 PM    2    1.03    0.00    5.15    0.00    1.03    7.22    0.00    0.00    0.00   85.57
12:26:50 PM    3    0.00    0.00    7.29    0.00    1.04   10.42    0.00    0.00    0.00   81.25
12:26:50 PM    4    0.00    0.00    8.33    0.00    1.04   11.46    0.00    0.00    0.00   79.17
12:26:50 PM    5    0.00    0.00   10.31    0.00    1.03   11.34    0.00    0.00    0.00   77.32
12:26:50 PM    6    0.00    0.00    7.07    0.00    1.01    8.08    0.00    0.00    0.00   83.84
12:26:50 PM    7    1.00    0.00    6.00    0.00    1.00    7.00    0.00    0.00    0.00   85.00

12:26:50 PM  CPU    %usr   %nice    %sys %iowait    %irq   %soft  %steal  %guest  %gnice   %idle
12:26:51 PM  all    0.39    0.00    5.35    0.00    0.78   21.12    0.00    0.00    0.00   72.36
12:26:51 PM    0    0.00    0.00    0.00    0.00    1.00   99.00    0.00    0.00    0.00    0.00
12:26:51 PM    1    1.03    0.00    5.15    0.00    0.00    7.22    0.00    0.00    0.00   86.60
12:26:51 PM    2    0.00    0.00    8.33    0.00    1.04   10.42    0.00    0.00    0.00   80.21
12:26:51 PM    3    0.00    0.00    7.37    0.00    1.05   10.53    0.00    0.00    0.00   81.05
12:26:51 PM    4    1.05    0.00    3.16    0.00    1.05    8.42    0.00    0.00    0.00   86.32
12:26:51 PM    5    0.00    0.00    8.42    0.00    1.05   11.58    0.00    0.00    0.00   78.95
12:26:51 PM    6    1.04    0.00    7.29    0.00    0.00    9.38    0.00    0.00    0.00   82.29
12:26:51 PM    7    0.00    0.00    3.23    0.00    1.08    8.60    0.00    0.00    0.00   87.10

12:26:51 PM  CPU    %usr   %nice    %sys %iowait    %irq   %soft  %steal  %guest  %gnice   %idle
12:26:52 PM  all    0.00    0.00    6.59    0.00    0.90   20.67    0.00    0.00    0.00   71.83
12:26:52 PM    0    0.00    0.00    0.00    0.00    1.03   96.91    0.00    0.00    0.00    2.06
12:26:52 PM    1    0.00    0.00    8.33    0.00    1.04   10.42    0.00    0.00    0.00   80.21
12:26:52 PM    2    0.00    0.00    7.22    0.00    1.03    9.28    0.00    0.00    0.00   82.47
12:26:52 PM    3    0.00    0.00   10.53    0.00    1.05   12.63    0.00    0.00    0.00   75.79
12:26:52 PM    4    0.00    0.00    6.25    0.00    1.04    9.38    0.00    0.00    0.00   83.33
12:26:52 PM    5    0.00    0.00    8.16    0.00    1.02    9.18    0.00    0.00    0.00   81.63
12:26:52 PM    6    0.00    0.00    4.12    0.00    1.03    8.25    0.00    0.00    0.00   86.60
12:26:52 PM    7    0.00    0.00    8.16    0.00    0.00    9.18    0.00    0.00    0.00   82.65

12:26:52 PM  CPU    %usr   %nice    %sys %iowait    %irq   %soft  %steal  %guest  %gnice   %idle
12:26:53 PM  all    0.13    0.00    5.83    0.00    0.78   20.73    0.00    0.00    0.00   72.54
12:26:53 PM    0    0.00    0.00    0.00    0.00    2.08   95.83    0.00    0.00    0.00    2.08
12:26:53 PM    1    0.00    0.00    5.15    0.00    1.03    8.25    0.00    0.00    0.00   85.57
12:26:53 PM    2    0.00    0.00    9.38    0.00    0.00   12.50    0.00    0.00    0.00   78.12
12:26:53 PM    3    0.00    0.00    8.33    0.00    0.00   11.46    0.00    0.00    0.00   80.21
12:26:53 PM    4    0.00    0.00    5.26    0.00    0.00   10.53    0.00    0.00    0.00   84.21
12:26:53 PM    5    0.00    0.00    7.29    0.00    1.04   11.46    0.00    0.00    0.00   80.21
12:26:53 PM    6    0.00    0.00    6.19    0.00    1.03    9.28    0.00    0.00    0.00   83.51
12:26:53 PM    7    1.01    0.00    5.05    0.00    1.01    7.07    0.00    0.00    0.00   85.86

12:26:53 PM  CPU    %usr   %nice    %sys %iowait    %irq   %soft  %steal  %guest  %gnice   %idle
12:26:54 PM  all    0.00    0.00    6.30    0.00    0.90   21.21    0.00    0.00    0.00   71.59
12:26:54 PM    0    0.00    0.00    0.00    0.00    1.01   98.99    0.00    0.00    0.00    0.00
12:26:54 PM    1    0.00    0.00    7.22    0.00    1.03   10.31    0.00    0.00    0.00   81.44
12:26:54 PM    2    0.00    0.00    5.05    0.00    1.01    5.05    0.00    0.00    0.00   88.89
12:26:54 PM    3    0.00    0.00    4.00    0.00    1.00    5.00    0.00    0.00    0.00   90.00
12:26:54 PM    4    0.00    0.00    7.22    0.00    1.03    8.25    0.00    0.00    0.00   83.51
12:26:54 PM    5    0.00    0.00   11.34    0.00    1.03   14.43    0.00    0.00    0.00   73.20
12:26:54 PM    6    0.00    0.00    7.37    0.00    0.00   11.58    0.00    0.00    0.00   81.05
12:26:54 PM    7    0.00    0.00    8.51    0.00    1.06   14.89    0.00    0.00    0.00   75.53

12:26:54 PM  CPU    %usr   %nice    %sys %iowait    %irq   %soft  %steal  %guest  %gnice   %idle
12:26:55 PM  all    1.01    0.00    8.61    0.00    0.76   21.14    0.00    0.00    0.00   68.48
12:26:55 PM    0    0.00    0.00    0.00    0.00    1.00   99.00    0.00    0.00    0.00    0.00
12:26:55 PM    1    2.00    0.00   11.00    0.00    0.00    9.00    0.00    0.00    0.00   78.00
12:26:55 PM    2    0.00    0.00    7.07    0.00    1.01    7.07    0.00    0.00    0.00   84.85
12:26:55 PM    3    1.03    0.00    6.19    0.00    0.00    8.25    0.00    0.00    0.00   84.54
12:26:55 PM    4    0.99    0.00   11.88    0.00    0.99    8.91    0.00    0.00    0.00   77.23
12:26:55 PM    5    1.03    0.00   11.34    0.00    1.03   13.40    0.00    0.00    0.00   73.20
12:26:55 PM    6    2.08    0.00   11.46    0.00    1.04   12.50    0.00    0.00    0.00   72.92
12:26:55 PM    7    1.00    0.00   10.00    0.00    1.00   10.00    0.00    0.00    0.00   78.00

12:26:55 PM  CPU    %usr   %nice    %sys %iowait    %irq   %soft  %steal  %guest  %gnice   %idle
12:26:56 PM  all    0.13    0.00    6.78    0.00    0.90   21.48    0.00    0.00    0.00   70.72
12:26:56 PM    0    0.00    0.00    0.99    0.00    0.99   98.02    0.00    0.00    0.00    0.00
12:26:56 PM    1    0.00    0.00    4.21    0.00    1.05    7.37    0.00    0.00    0.00   87.37
12:26:56 PM    2    0.00    0.00    8.42    0.00    0.00   10.53    0.00    0.00    0.00   81.05
12:26:56 PM    3    0.00    0.00   10.89    0.00    0.99    9.90    0.00    0.00    0.00   78.22
12:26:56 PM    4    1.03    0.00    6.19    0.00    1.03   10.31    0.00    0.00    0.00   81.44
12:26:56 PM    5    0.00    0.00    8.25    0.00    1.03   11.34    0.00    0.00    0.00   79.38
12:26:56 PM    6    0.00    0.00    8.16    0.00    1.02   11.22    0.00    0.00    0.00   79.59
12:26:56 PM    7    0.00    0.00    7.14    0.00    1.02   10.20    0.00    0.00    0.00   81.63

12:26:56 PM  CPU    %usr   %nice    %sys %iowait    %irq   %soft  %steal  %guest  %gnice   %idle
12:26:57 PM  all    0.00    0.00    5.79    0.00    0.64   20.98    0.00    0.00    0.00   72.59
12:26:57 PM    0    0.00    0.00    0.00    0.00    1.02   97.96    0.00    0.00    0.00    1.02
12:26:57 PM    1    0.00    0.00    5.00    0.00    0.00    6.00    0.00    0.00    0.00   89.00
12:26:57 PM    2    0.00    0.00    3.06    0.00    1.02    6.12    0.00    0.00    0.00   89.80
12:26:57 PM    3    0.00    0.00    1.03    0.00    0.00    2.06    0.00    0.00    0.00   96.91
12:26:57 PM    4    0.00    0.00    6.06    0.00    0.00    7.07    0.00    0.00    0.00   86.87
12:26:57 PM    5    0.00    0.00   11.34    0.00    1.03   15.46    0.00    0.00    0.00   72.16
12:26:57 PM    6    0.00    0.00   10.53    0.00    1.05   15.79    0.00    0.00    0.00   72.63
12:26:57 PM    7    0.00    0.00    9.68    0.00    1.08   17.20    0.00    0.00    0.00   72.04

12:26:57 PM  CPU    %usr   %nice    %sys %iowait    %irq   %soft  %steal  %guest  %gnice   %idle
12:26:58 PM  all    1.16    0.00    6.72    0.00    0.90   21.71    0.00    0.00    0.00   69.51
12:26:58 PM    0    0.00    0.00    0.00    0.00    1.01   98.99    0.00    0.00    0.00    0.00
12:26:58 PM    1    2.08    0.00    7.29    0.00    1.04   12.50    0.00    0.00    0.00   77.08
12:26:58 PM    2    0.00    0.00    5.10    0.00    0.00    6.12    0.00    0.00    0.00   88.78
12:26:58 PM    3    0.00    0.00    9.00    0.00    1.00    9.00    0.00    0.00    0.00   81.00
12:26:58 PM    4    2.11    0.00    9.47    0.00    1.05   11.58    0.00    0.00    0.00   75.79
12:26:58 PM    5    3.12    0.00    7.29    0.00    1.04   10.42    0.00    0.00    0.00   78.12
12:26:58 PM    6    0.00    0.00    8.42    0.00    1.05   11.58    0.00    0.00    0.00   78.95
12:26:58 PM    7    2.11    0.00    7.37    0.00    1.05   11.58    0.00    0.00    0.00   77.89

12:26:58 PM  CPU    %usr   %nice    %sys %iowait    %irq   %soft  %steal  %guest  %gnice   %idle
12:26:59 PM  all    0.13    0.00    5.81    0.00    0.78   21.83    0.00    0.00    0.00   71.45
12:26:59 PM    0    0.00    0.00    0.00    0.00    1.00   99.00    0.00    0.00    0.00    0.00
12:26:59 PM    1    0.00    0.00   11.58    0.00    1.05   14.74    0.00    0.00    0.00   72.63
12:26:59 PM    2    0.00    0.00    6.38    0.00    1.06   13.83    0.00    0.00    0.00   78.72
12:26:59 PM    3    0.00    0.00    8.42    0.00    1.05   12.63    0.00    0.00    0.00   77.89
12:26:59 PM    4    0.00    0.00    5.10    0.00    1.02    7.14    0.00    0.00    0.00   86.73
12:26:59 PM    5    0.00    0.00    4.08    0.00    0.00    6.12    0.00    0.00    0.00   89.80
12:26:59 PM    6    1.04    0.00    7.29    0.00    1.04   13.54    0.00    0.00    0.00   77.08
12:26:59 PM    7    0.00    0.00    4.08    0.00    0.00    5.10    0.00    0.00    0.00   90.82

12:26:59 PM  CPU    %usr   %nice    %sys %iowait    %irq   %soft  %steal  %guest  %gnice   %idle
12:27:00 PM  all    0.00    0.00    5.48    0.00    1.04   21.12    0.00    0.00    0.00   72.36
12:27:00 PM    0    0.00    0.00    0.00    0.00    2.06   96.91    0.00    0.00    0.00    1.03
12:27:00 PM    1    0.00    0.00    7.61    0.00    2.17   17.39    0.00    0.00    0.00   72.83
12:27:00 PM    2    0.00    0.00    6.25    0.00    1.04    9.38    0.00    0.00    0.00   83.33
12:27:00 PM    3    0.00    0.00    8.42    0.00    1.05   12.63    0.00    0.00    0.00   77.89
12:27:00 PM    4    0.00    0.00    7.22    0.00    0.00   10.31    0.00    0.00    0.00   82.47
12:27:00 PM    5    0.00    0.00    7.14    0.00    1.02    8.16    0.00    0.00    0.00   83.67
12:27:00 PM    6    0.00    0.00    6.38    0.00    1.06   10.64    0.00    0.00    0.00   81.91
12:27:00 PM    7    0.00    0.00    1.02    0.00    0.00    3.06    0.00    0.00    0.00   95.92

12:27:00 PM  CPU    %usr   %nice    %sys %iowait    %irq   %soft  %steal  %guest  %gnice   %idle
12:27:01 PM  all    0.26    0.00    5.96    0.00    0.78   21.11    0.00    0.00    0.00   71.89
12:27:01 PM    0    0.00    0.00    0.00    0.00    1.03   96.91    0.00    0.00    0.00    2.06
12:27:01 PM    1    0.00    0.00   10.53    0.00    1.05   14.74    0.00    0.00    0.00   73.68
12:27:01 PM    2    1.02    0.00    4.08    0.00    0.00    6.12    0.00    0.00    0.00   88.78
12:27:01 PM    3    1.08    0.00    9.68    0.00    1.08   16.13    0.00    0.00    0.00   72.04
12:27:01 PM    4    0.00    0.00    9.18    0.00    1.02   10.20    0.00    0.00    0.00   79.59
12:27:01 PM    5    0.00    0.00    4.21    0.00    0.00    9.47    0.00    0.00    0.00   86.32
12:27:01 PM    6    0.00    0.00    5.94    0.00    0.99    5.94    0.00    0.00    0.00   87.13
12:27:01 PM    7    0.00    0.00    4.21    0.00    1.05    9.47    0.00    0.00    0.00   85.26

12:27:01 PM  CPU    %usr   %nice    %sys %iowait    %irq   %soft  %steal  %guest  %gnice   %idle
12:27:02 PM  all    0.26    0.00    6.18    0.00    0.77   17.89    0.00    0.00    0.00   74.90
12:27:02 PM    0    0.00    0.00    0.00    0.00    1.15   89.66    0.00    0.00    0.00    9.20
12:27:02 PM    1    1.00    0.00    6.00    0.00    0.00    8.00    0.00    0.00    0.00   85.00
12:27:02 PM    2    0.00    0.00    0.00    0.00    0.00    0.00    0.00    0.00    0.00  100.00
12:27:02 PM    3    0.00    0.00    0.00    0.00    0.00    0.00    0.00    0.00    0.00  100.00
12:27:02 PM    4    0.00    0.00   11.11    0.00    1.01   13.13    0.00    0.00    0.00   74.75
12:27:02 PM    5    0.00    0.00   11.34    0.00    2.06   15.46    0.00    0.00    0.00   71.13
12:27:02 PM    6    0.00    0.00   11.46    0.00    1.04   14.58    0.00    0.00    0.00   72.92
12:27:02 PM    7    1.02    0.00    9.18    0.00    1.02   11.22    0.00    0.00    0.00   77.55

12:27:02 PM  CPU    %usr   %nice    %sys %iowait    %irq   %soft  %steal  %guest  %gnice   %idle
12:27:03 PM  all    0.00    0.00    7.08    0.00    0.77   18.28    0.00    0.00    0.00   73.87
12:27:03 PM    0    0.00    0.00    0.00    0.00    2.27   89.77    0.00    0.00    0.00    7.95
12:27:03 PM    1    0.00    0.00    3.06    0.00    0.00    3.06    0.00    0.00    0.00   93.88
12:27:03 PM    2    0.00    0.00    0.00    0.00    0.00    0.00    0.00    0.00    0.00  100.00
12:27:03 PM    3    0.00    0.00   14.85    0.00    0.99   13.86    0.00    0.00    0.00   70.30
12:27:03 PM    4    0.00    0.00    8.08    0.00    1.01    9.09    0.00    0.00    0.00   81.82
12:27:03 PM    5    0.00    0.00   10.20    0.00    0.00   11.22    0.00    0.00    0.00   78.57
12:27:03 PM    6    0.00    0.00    9.38    0.00    1.04   14.58    0.00    0.00    0.00   75.00
12:27:03 PM    7    0.00    0.00   10.31    0.00    1.03   12.37    0.00    0.00    0.00   76.29

12:27:03 PM  CPU    %usr   %nice    %sys %iowait    %irq   %soft  %steal  %guest  %gnice   %idle
12:27:04 PM  all    0.79    0.00    7.09    0.00    1.05   19.03    0.00    0.00    0.00   72.05
12:27:04 PM    0    0.00    0.00    0.00    0.00    1.15   90.80    0.00    0.00    0.00    8.05
12:27:04 PM    1    2.08    0.00   10.42    0.00    2.08   14.58    0.00    0.00    0.00   70.83
12:27:04 PM    2    0.00    0.00    3.03    0.00    1.01    5.05    0.00    0.00    0.00   90.91
12:27:04 PM    3    0.00    0.00   12.90    0.00    1.08   16.13    0.00    0.00    0.00   69.89
12:27:04 PM    4    1.06    0.00    9.57    0.00    1.06   12.77    0.00    0.00    0.00   75.53
12:27:04 PM    5    2.11    0.00    6.32    0.00    1.05    8.42    0.00    0.00    0.00   82.11
12:27:04 PM    6    1.00    0.00    8.00    0.00    0.00    4.00    0.00    0.00    0.00   87.00
12:27:04 PM    7    0.00    0.00    6.12    0.00    1.02    8.16    0.00    0.00    0.00   84.69

12:27:04 PM  CPU    %usr   %nice    %sys %iowait    %irq   %soft  %steal  %guest  %gnice   %idle
12:27:05 PM  all    0.65    0.00    6.98    0.00    0.90   17.18    0.00    0.00    0.00   74.29
12:27:05 PM    0    0.00    0.00    0.00    0.00    2.44   85.37    0.00    0.00    0.00   12.20
12:27:05 PM    1    0.00    0.00    4.95    0.00    0.00    3.96    0.00    0.00    0.00   91.09
12:27:05 PM    2    1.02    0.00   16.33    0.00    1.02   15.31    0.00    0.00    0.00   66.33
12:27:05 PM    3    0.00    0.00    7.22    0.00    1.03    9.28    0.00    0.00    0.00   82.47
12:27:05 PM    4    0.00    0.00    6.06    0.00    1.01    9.09    0.00    0.00    0.00   83.84
12:27:05 PM    5    1.00    0.00    7.00    0.00    1.00    8.00    0.00    0.00    0.00   83.00
12:27:05 PM    6    1.98    0.00    6.93    0.00    0.99    8.91    0.00    0.00    0.00   81.19
12:27:05 PM    7    1.04    0.00    6.25    0.00    0.00    9.38    0.00    0.00    0.00   83.33

12:27:05 PM  CPU    %usr   %nice    %sys %iowait    %irq   %soft  %steal  %guest  %gnice   %idle
12:27:06 PM  all    0.13    0.00    6.02    0.00    0.79   19.11    0.00    0.00    0.00   73.95
12:27:06 PM    0    0.00    0.00    0.00    0.00    1.15   90.80    0.00    0.00    0.00    8.05
12:27:06 PM    1    0.00    0.00   13.83    0.00    1.06   17.02    0.00    0.00    0.00   68.09
12:27:06 PM    2    0.00    0.00   13.54    0.00    1.04   17.71    0.00    0.00    0.00   67.71
12:27:06 PM    3    1.01    0.00    3.03    0.00    1.01    6.06    0.00    0.00    0.00   88.89
12:27:06 PM    4    0.00    0.00    3.09    0.00    0.00    4.12    0.00    0.00    0.00   92.78
12:27:06 PM    5    0.00    0.00    6.25    0.00    1.04   11.46    0.00    0.00    0.00   81.25
12:27:06 PM    6    0.00    0.00    3.06    0.00    0.00    4.08    0.00    0.00    0.00   92.86
12:27:06 PM    7    0.00    0.00    5.15    0.00    1.03    9.28    0.00    0.00    0.00   84.54

12:27:06 PM  CPU    %usr   %nice    %sys %iowait    %irq   %soft  %steal  %guest  %gnice   %idle
12:27:07 PM  all    0.26    0.00    5.91    0.00    0.92   19.03    0.00    0.00    0.00   73.88
12:27:07 PM    0    0.00    0.00    0.00    0.00    2.27   89.77    0.00    0.00    0.00    7.95
12:27:07 PM    1    1.03    0.00   13.40    0.00    2.06   17.53    0.00    0.00    0.00   65.98
12:27:07 PM    2    1.05    0.00   12.63    0.00    2.11   16.84    0.00    0.00    0.00   67.37
12:27:07 PM    3    0.00    0.00   10.53    0.00    0.00   13.68    0.00    0.00    0.00   75.79
12:27:07 PM    4    0.00    0.00    2.11    0.00    0.00    7.37    0.00    0.00    0.00   90.53
12:27:07 PM    5    0.00    0.00    1.04    0.00    0.00    4.17    0.00    0.00    0.00   94.79
12:27:07 PM    6    0.00    0.00    5.10    0.00    1.02    6.12    0.00    0.00    0.00   87.76
12:27:07 PM    7    0.00    0.00    2.04    0.00    0.00    3.06    0.00    0.00    0.00   94.90

12:27:07 PM  CPU    %usr   %nice    %sys %iowait    %irq   %soft  %steal  %guest  %gnice   %idle
12:27:08 PM  all    0.00    0.00    5.03    0.00    0.79   18.94    0.00    0.00    0.00   75.23
12:27:08 PM    0    0.00    0.00    0.00    0.00    1.16   89.53    0.00    0.00    0.00    9.30
12:27:08 PM    1    0.00    0.00    9.89    0.00    1.10   18.68    0.00    0.00    0.00   70.33
12:27:08 PM    2    0.00    0.00    8.79    0.00    1.10   18.68    0.00    0.00    0.00   71.43
12:27:08 PM    3    0.00    0.00    5.21    0.00    1.04    8.33    0.00    0.00    0.00   85.42
12:27:08 PM    4    0.00    0.00    3.16    0.00    1.05    7.37    0.00    0.00    0.00   88.42
12:27:08 PM    5    0.00    0.00    7.00    0.00    0.00    7.00    0.00    0.00    0.00   86.00
12:27:08 PM    6    0.00    0.00    3.09    0.00    0.00    6.19    0.00    0.00    0.00   90.72
12:27:08 PM    7    0.00    0.00    3.03    0.00    1.01    4.04    0.00    0.00    0.00   91.92

12:27:08 PM  CPU    %usr   %nice    %sys %iowait    %irq   %soft  %steal  %guest  %gnice   %idle
12:27:09 PM  all    0.78    0.00    7.27    0.00    0.78   21.17    0.00    0.00    0.00   70.00
12:27:09 PM    0    0.00    0.00    0.00    0.00    1.05   95.79    0.00    0.00    0.00    3.16
12:27:09 PM    1    0.00    0.00   12.63    0.00    1.05   17.89    0.00    0.00    0.00   68.42
12:27:09 PM    2    0.00    0.00   11.96    0.00    1.09   17.39    0.00    0.00    0.00   69.57
12:27:09 PM    3    0.00    0.00   13.83    0.00    1.06   19.15    0.00    0.00    0.00   65.96
12:27:09 PM    4    0.00    0.00    2.04    0.00    0.00    4.08    0.00    0.00    0.00   93.88
12:27:09 PM    5    2.04    0.00    6.12    0.00    1.02    6.12    0.00    0.00    0.00   84.69
12:27:09 PM    6    3.06    0.00    7.14    0.00    1.02    8.16    0.00    0.00    0.00   80.61
12:27:09 PM    7    1.00    0.00    5.00    0.00    0.00    3.00    0.00    0.00    0.00   91.00

12:27:09 PM  CPU    %usr   %nice    %sys %iowait    %irq   %soft  %steal  %guest  %gnice   %idle
12:27:10 PM  all    0.00    0.00    7.03    0.00    1.02   21.10    0.00    0.00    0.00   70.84
12:27:10 PM    0    0.00    0.00    0.00    0.00    1.01   98.99    0.00    0.00    0.00    0.00
12:27:10 PM    1    0.00    0.00   10.31    0.00    1.03   11.34    0.00    0.00    0.00   77.32
12:27:10 PM    2    0.00    0.00    8.00    0.00    1.00    9.00    0.00    0.00    0.00   82.00
12:27:10 PM    3    0.00    0.00    9.28    0.00    1.03    9.28    0.00    0.00    0.00   80.41
12:27:10 PM    4    0.00    0.00    7.29    0.00    1.04   10.42    0.00    0.00    0.00   81.25
12:27:10 PM    5    0.00    0.00    7.14    0.00    1.02   10.20    0.00    0.00    0.00   81.63
12:27:10 PM    6    0.00    0.00    6.25    0.00    1.04    9.38    0.00    0.00    0.00   83.33
12:27:10 PM    7    0.00    0.00    8.08    0.00    1.01    9.09    0.00    0.00    0.00   81.82

12:27:10 PM  CPU    %usr   %nice    %sys %iowait    %irq   %soft  %steal  %guest  %gnice   %idle
12:27:11 PM  all    0.52    0.00    6.59    0.13    0.78   18.60    0.00    0.00    0.00   73.39
12:27:11 PM    0    0.00    0.00    0.00    0.00    2.30   91.95    0.00    0.00    0.00    5.75
12:27:11 PM    1    1.01    0.00    1.01    0.00    0.00    3.03    0.00    0.00    0.00   94.95
12:27:11 PM    2    0.00    0.00    7.22    0.00    0.00    7.22    0.00    0.00    0.00   85.57
12:27:11 PM    3    1.01    0.00    6.06    0.00    1.01    8.08    0.00    0.00    0.00   83.84
12:27:11 PM    4    1.02    0.00   10.20    1.02    1.02   14.29    0.00    0.00    0.00   72.45
12:27:11 PM    5    1.01    0.00    8.08    0.00    1.01    9.09    0.00    0.00    0.00   80.81
12:27:11 PM    6    0.00    0.00    8.25    0.00    0.00   10.31    0.00    0.00    0.00   81.44
12:27:11 PM    7    0.00    0.00   11.22    0.00    1.02   13.27    0.00    0.00    0.00   74.49

12:27:11 PM  CPU    %usr   %nice    %sys %iowait    %irq   %soft  %steal  %guest  %gnice   %idle
12:27:12 PM  all    0.13    0.00    5.50    0.00    1.05   20.55    0.00    0.00    0.00   72.77
12:27:12 PM    0    0.00    0.00    0.00    0.00    1.11   94.44    0.00    0.00    0.00    4.44
12:27:12 PM    1    0.00    0.00   11.70    0.00    2.13   19.15    0.00    0.00    0.00   67.02
12:27:12 PM    2    1.05    0.00   12.63    0.00    2.11   17.89    0.00    0.00    0.00   66.32
12:27:12 PM    3    0.00    0.00    8.79    0.00    1.10   19.78    0.00    0.00    0.00   70.33
12:27:12 PM    4    0.00    0.00    2.04    0.00    1.02    5.10    0.00    0.00    0.00   91.84
12:27:12 PM    5    0.00    0.00    1.01    0.00    0.00    3.03    0.00    0.00    0.00   95.96
12:27:12 PM    6    0.00    0.00    4.08    0.00    1.02    6.12    0.00    0.00    0.00   88.78
12:27:12 PM    7    0.00    0.00    4.04    0.00    0.00    5.05    0.00    0.00    0.00   90.91

12:27:12 PM  CPU    %usr   %nice    %sys %iowait    %irq   %soft  %steal  %guest  %gnice   %idle
12:27:13 PM  all    0.78    0.00    7.18    0.00    0.65   19.84    0.00    0.00    0.00   71.54
12:27:13 PM    0    0.00    0.00    1.09    0.00    1.09   91.30    0.00    0.00    0.00    6.52
12:27:13 PM    1    1.04    0.00    7.29    0.00    0.00    9.38    0.00    0.00    0.00   82.29
12:27:13 PM    2    2.06    0.00   11.34    0.00    1.03   13.40    0.00    0.00    0.00   72.16
12:27:13 PM    3    0.00    0.00    8.42    0.00    1.05   11.58    0.00    0.00    0.00   78.95
12:27:13 PM    4    0.00    0.00    8.42    0.00    1.05   11.58    0.00    0.00    0.00   78.95
12:27:13 PM    5    0.00    0.00   10.42    0.00    1.04   11.46    0.00    0.00    0.00   77.08
12:27:13 PM    6    0.00    0.00    5.15    0.00    0.00    8.25    0.00    0.00    0.00   86.60
12:27:13 PM    7    3.06    0.00    5.10    0.00    0.00    5.10    0.00    0.00    0.00   86.73

12:27:13 PM  CPU    %usr   %nice    %sys %iowait    %irq   %soft  %steal  %guest  %gnice   %idle
12:27:14 PM  all    0.39    0.00    6.32    0.00    1.03   20.90    0.00    0.00    0.00   71.35
12:27:14 PM    0    0.00    0.00    0.00    0.00    2.08   95.83    0.00    0.00    0.00    2.08
12:27:14 PM    1    0.00    0.00   12.90    0.00    2.15   18.28    0.00    0.00    0.00   66.67
12:27:14 PM    2    0.00    0.00   10.87    0.00    1.09   18.48    0.00    0.00    0.00   69.57
12:27:14 PM    3    1.04    0.00   13.54    0.00    1.04   18.75    0.00    0.00    0.00   65.62
12:27:14 PM    4    0.00    0.00    2.04    0.00    0.00    5.10    0.00    0.00    0.00   92.86
12:27:14 PM    5    0.99    0.00    5.94    0.00    0.00    4.95    0.00    0.00    0.00   88.12
12:27:14 PM    6    0.99    0.00    3.96    0.00    0.99    3.96    0.00    0.00    0.00   90.10
12:27:14 PM    7    0.00    0.00    2.04    0.00    1.02    4.08    0.00    0.00    0.00   92.86

12:27:14 PM  CPU    %usr   %nice    %sys %iowait    %irq   %soft  %steal  %guest  %gnice   %idle
12:27:15 PM  all    0.00    0.00    6.83    0.00    0.52   21.13    0.00    0.00    0.00   71.52
12:27:15 PM    0    0.00    0.00    0.00    0.00    1.03   97.94    0.00    0.00    0.00    1.03
12:27:15 PM    1    0.00    0.00    8.16    0.00    0.00   10.20    0.00    0.00    0.00   81.63
12:27:15 PM    2    0.00    0.00    6.52    0.00    1.09   14.13    0.00    0.00    0.00   78.26
12:27:15 PM    3    0.00    0.00   11.46    0.00    1.04   15.62    0.00    0.00    0.00   71.88
12:27:15 PM    4    0.00    0.00    5.15    0.00    0.00    7.22    0.00    0.00    0.00   87.63
12:27:15 PM    5    0.00    0.00    9.00    0.00    1.00   10.00    0.00    0.00    0.00   80.00
12:27:15 PM    6    0.00    0.00    8.08    0.00    0.00    7.07    0.00    0.00    0.00   84.85
12:27:15 PM    7    0.00    0.00    6.19    0.00    0.00    7.22    0.00    0.00    0.00   86.60

12:27:15 PM  CPU    %usr   %nice    %sys %iowait    %irq   %soft  %steal  %guest  %gnice   %idle
12:27:16 PM  all    0.26    0.00    6.06    0.00    1.03   19.87    0.00    0.00    0.00   72.77
12:27:16 PM    0    0.00    0.00    0.00    0.00    1.08   94.62    0.00    0.00    0.00    4.30
12:27:16 PM    1    1.02    0.00    9.18    0.00    1.02   12.24    0.00    0.00    0.00   76.53
12:27:16 PM    2    1.04    0.00    8.33    0.00    1.04   13.54    0.00    0.00    0.00   76.04
12:27:16 PM    3    0.00    0.00    2.00    0.00    1.00    2.00    0.00    0.00    0.00   95.00
12:27:16 PM    4    0.00    0.00    6.19    0.00    1.03    9.28    0.00    0.00    0.00   83.51
12:27:16 PM    5    0.00    0.00    6.32    0.00    1.05   10.53    0.00    0.00    0.00   82.11
12:27:16 PM    6    0.00    0.00    8.25    0.00    1.03   11.34    0.00    0.00    0.00   79.38
12:27:16 PM    7    0.00    0.00    8.08    0.00    1.01    9.09    0.00    0.00    0.00   81.82

12:27:16 PM  CPU    %usr   %nice    %sys %iowait    %irq   %soft  %steal  %guest  %gnice   %idle
12:27:17 PM  all    0.39    0.00    6.70    0.00    0.90   18.94    0.00    0.00    0.00   73.07
12:27:17 PM    0    0.00    0.00    0.00    0.00    1.12   92.13    0.00    0.00    0.00    6.74
12:27:17 PM    1    0.00    0.00    8.42    0.00    1.05   11.58    0.00    0.00    0.00   78.95
12:27:17 PM    2    1.03    0.00    6.19    0.00    1.03    7.22    0.00    0.00    0.00   84.54
12:27:17 PM    3    0.00    0.00    0.00    0.00    0.00    0.00    0.00    0.00    0.00  100.00
12:27:17 PM    4    1.02    0.00   10.20    0.00    1.02   13.27    0.00    0.00    0.00   74.49
12:27:17 PM    5    0.00    0.00   11.00    0.00    1.00   12.00    0.00    0.00    0.00   76.00
12:27:17 PM    6    1.03    0.00    5.15    0.00    1.03   10.31    0.00    0.00    0.00   82.47
12:27:17 PM    7    0.00    0.00   12.00    0.00    1.00   12.00    0.00    0.00    0.00   75.00

12:27:17 PM  CPU    %usr   %nice    %sys %iowait    %irq   %soft  %steal  %guest  %gnice   %idle
12:27:18 PM  all    0.13    0.00    6.21    0.00    0.91   20.31    0.00    0.00    0.00   72.45
12:27:18 PM    0    0.00    0.00    0.00    0.00    2.08   95.83    0.00    0.00    0.00    2.08
12:27:18 PM    1    0.00    0.00    9.89    0.00    1.10   17.58    0.00    0.00    0.00   71.43
12:27:18 PM    2    0.00    0.00   10.53    0.00    1.05   14.74    0.00    0.00    0.00   73.68
12:27:18 PM    3    0.00    0.00    0.00    0.00    0.00    0.00    0.00    0.00    0.00  100.00
12:27:18 PM    4    0.00    0.00    7.22    0.00    1.03    9.28    0.00    0.00    0.00   82.47
12:27:18 PM    5    0.00    0.00    6.25    0.00    0.00    9.38    0.00    0.00    0.00   84.38
12:27:18 PM    6    1.01    0.00    8.08    0.00    1.01    9.09    0.00    0.00    0.00   80.81
12:27:18 PM    7    0.00    0.00    8.08    0.00    1.01    8.08    0.00    0.00    0.00   82.83

12:27:18 PM  CPU    %usr   %nice    %sys %iowait    %irq   %soft  %steal  %guest  %gnice   %idle
12:27:19 PM  all    0.26    0.00    6.04    0.00    0.77   21.34    0.00    0.00    0.00   71.59
12:27:19 PM    0    0.00    0.00    0.00    0.00    1.01   98.99    0.00    0.00    0.00    0.00
12:27:19 PM    1    0.00    0.00    5.15    0.00    1.03    9.28    0.00    0.00    0.00   84.54
12:27:19 PM    2    0.00    0.00   10.42    0.00    1.04   13.54    0.00    0.00    0.00   75.00
12:27:19 PM    3    0.00    0.00    5.26    0.00    0.00    7.37    0.00    0.00    0.00   87.37
12:27:19 PM    4    0.00    0.00    8.16    0.00    1.02   10.20    0.00    0.00    0.00   80.61
12:27:19 PM    5    1.02    0.00    9.18    0.00    1.02   12.24    0.00    0.00    0.00   76.53
12:27:19 PM    6    0.00    0.00    6.32    0.00    1.05   12.63    0.00    0.00    0.00   80.00
12:27:19 PM    7    1.00    0.00    4.00    0.00    0.00    5.00    0.00    0.00    0.00   90.00

12:27:19 PM  CPU    %usr   %nice    %sys %iowait    %irq   %soft  %steal  %guest  %gnice   %idle
12:27:20 PM  all    0.13    0.00    5.04    0.00    0.78   21.19    0.00    0.00    0.00   72.87
12:27:20 PM    0    0.00    0.00    0.00    0.00    0.99   99.01    0.00    0.00    0.00    0.00
12:27:20 PM    1    0.00    0.00    7.22    0.00    1.03    8.25    0.00    0.00    0.00   83.51
12:27:20 PM    2    1.00    0.00    4.00    0.00    0.00    5.00    0.00    0.00    0.00   90.00
12:27:20 PM    3    0.00    0.00    4.00    0.00    1.00    4.00    0.00    0.00    0.00   91.00
12:27:20 PM    4    0.00    0.00    6.38    0.00    1.06   12.77    0.00    0.00    0.00   79.79
12:27:20 PM    5    0.00    0.00    6.38    0.00    1.06   13.83    0.00    0.00    0.00   78.72
12:27:20 PM    6    0.00    0.00    3.23    0.00    0.00    8.60    0.00    0.00    0.00   88.17
12:27:20 PM    7    0.00    0.00    9.47    0.00    1.05   14.74    0.00    0.00    0.00   74.74

12:27:20 PM  CPU    %usr   %nice    %sys %iowait    %irq   %soft  %steal  %guest  %gnice   %idle
12:27:21 PM  all    0.13    0.00    6.88    0.00    0.89   21.53    0.00    0.00    0.00   70.57
12:27:21 PM    0    0.00    0.00    0.00    0.00    1.00   99.00    0.00    0.00    0.00    0.00
12:27:21 PM    1    0.00    0.00    7.07    0.00    1.01   10.10    0.00    0.00    0.00   81.82
12:27:21 PM    2    0.00    0.00   10.31    0.00    1.03   12.37    0.00    0.00    0.00   76.29
12:27:21 PM    3    0.00    0.00    6.25    0.00    1.04   11.46    0.00    0.00    0.00   81.25
12:27:21 PM    4    1.02    0.00    9.18    0.00    0.00   11.22    0.00    0.00    0.00   78.57
12:27:21 PM    5    0.00    0.00    9.09    0.00    1.01    9.09    0.00    0.00    0.00   80.81
12:27:21 PM    6    0.00    0.00    3.00    0.00    1.00    5.00    0.00    0.00    0.00   91.00
12:27:21 PM    7    0.00    0.00   10.42    0.00    1.04   12.50    0.00    0.00    0.00   76.04

12:27:21 PM  CPU    %usr   %nice    %sys %iowait    %irq   %soft  %steal  %guest  %gnice   %idle
12:27:22 PM  all    0.13    0.00    6.06    0.00    0.64   21.26    0.00    0.00    0.00   71.91
12:27:22 PM    0    0.00    0.00    0.00    0.00    1.01   98.99    0.00    0.00    0.00    0.00
12:27:22 PM    1    0.00    0.00    6.12    0.00    0.00    7.14    0.00    0.00    0.00   86.73
12:27:22 PM    2    0.00    0.00    4.12    0.00    0.00    5.15    0.00    0.00    0.00   90.72
12:27:22 PM    3    0.00    0.00    5.21    0.00    0.00    8.33    0.00    0.00    0.00   86.46
12:27:22 PM    4    0.00    0.00    8.33    0.00    1.04   13.54    0.00    0.00    0.00   77.08
12:27:22 PM    5    0.00    0.00    7.22    0.00    1.03   10.31    0.00    0.00    0.00   81.44
12:27:22 PM    6    0.00    0.00    9.38    0.00    1.04   11.46    0.00    0.00    0.00   78.12
12:27:22 PM    7    1.03    0.00    8.25    0.00    1.03   13.40    0.00    0.00    0.00   76.29

12:27:22 PM  CPU    %usr   %nice    %sys %iowait    %irq   %soft  %steal  %guest  %gnice   %idle
12:27:23 PM  all    0.26    0.00    5.81    0.00    0.78   21.58    0.00    0.00    0.00   71.58
12:27:23 PM    0    0.00    0.00    0.00    0.00    1.01   98.99    0.00    0.00    0.00    0.00
12:27:23 PM    1    1.08    0.00    8.60    0.00    1.08   15.05    0.00    0.00    0.00   74.19
12:27:23 PM    2    0.00    0.00   10.31    0.00    1.03   13.40    0.00    0.00    0.00   75.26
12:27:23 PM    3    1.04    0.00    6.25    0.00    1.04   11.46    0.00    0.00    0.00   80.21
12:27:23 PM    4    0.00    0.00    6.19    0.00    1.03    9.28    0.00    0.00    0.00   83.51
12:27:23 PM    5    0.00    0.00    3.09    0.00    0.00    6.19    0.00    0.00    0.00   90.72
12:27:23 PM    6    0.00    0.00    6.25    0.00    0.00    9.38    0.00    0.00    0.00   84.38
12:27:23 PM    7    0.00    0.00    6.06    0.00    1.01    7.07    0.00    0.00    0.00   85.86

12:27:23 PM  CPU    %usr   %nice    %sys %iowait    %irq   %soft  %steal  %guest  %gnice   %idle
12:27:24 PM  all    0.26    0.00    5.86    0.00    1.04   19.66    0.00    0.00    0.00   73.18
12:27:24 PM    0    0.00    0.00    0.00    0.00    2.17   93.48    0.00    0.00    0.00    4.35
12:27:24 PM    1    0.00    0.00    5.21    0.00    1.04    9.38    0.00    0.00    0.00   84.38
12:27:24 PM    2    1.04    0.00   12.50    0.00    1.04   14.58    0.00    0.00    0.00   70.83
12:27:24 PM    3    0.00    0.00    8.42    0.00    1.05   12.63    0.00    0.00    0.00   77.89
12:27:24 PM    4    0.00    0.00    6.32    0.00    1.05   10.53    0.00    0.00    0.00   82.11
12:27:24 PM    5    1.02    0.00    6.12    0.00    1.02    8.16    0.00    0.00    0.00   83.67
12:27:24 PM    6    0.00    0.00    3.09    0.00    1.03    6.19    0.00    0.00    0.00   89.69
12:27:24 PM    7    0.00    0.00    5.05    0.00    0.00    6.06    0.00    0.00    0.00   88.89

12:27:24 PM  CPU    %usr   %nice    %sys %iowait    %irq   %soft  %steal  %guest  %gnice   %idle
12:27:25 PM  all    0.52    0.00    6.89    0.00    1.04   21.33    0.00    0.00    0.00   70.22
12:27:25 PM    0    0.00    0.00    0.00    0.00    1.05   96.84    0.00    0.00    0.00    2.11
12:27:25 PM    1    0.00    0.00   12.50    0.00    1.04   17.71    0.00    0.00    0.00   68.75
12:27:25 PM    2    0.00    0.00   10.42    0.00    2.08   15.62    0.00    0.00    0.00   71.88
12:27:25 PM    3    0.00    0.00   12.50    0.00    1.04   14.58    0.00    0.00    0.00   71.88
12:27:25 PM    4    0.00    0.00    5.26    0.00    1.05   11.58    0.00    0.00    0.00   82.11
12:27:25 PM    5    1.04    0.00    6.25    0.00    1.04    6.25    0.00    0.00    0.00   85.42
12:27:25 PM    6    3.09    0.00    3.09    0.00    0.00    3.09    0.00    0.00    0.00   90.72
12:27:25 PM    7    0.00    0.00    5.10    0.00    1.02    6.12    0.00    0.00    0.00   87.76

12:27:25 PM  CPU    %usr   %nice    %sys %iowait    %irq   %soft  %steal  %guest  %gnice   %idle
12:27:26 PM  all    0.38    0.00    7.39    0.00    0.64   20.89    0.00    0.00    0.00   70.70
12:27:26 PM    0    0.00    0.00    0.00    0.00    1.01   96.97    0.00    0.00    0.00    2.02
12:27:26 PM    1    0.00    0.00    2.04    0.00    1.02    3.06    0.00    0.00    0.00   93.88
12:27:26 PM    2    0.00    0.00   13.40    0.00    1.03   15.46    0.00    0.00    0.00   70.10
12:27:26 PM    3    0.99    0.00   12.87    0.00    0.99   11.88    0.00    0.00    0.00   73.27
12:27:26 PM    4    1.02    0.00    9.18    0.00    0.00   10.20    0.00    0.00    0.00   79.59
12:27:26 PM    5    1.02    0.00   10.20    0.00    0.00   12.24    0.00    0.00    0.00   76.53
12:27:26 PM    6    0.00    0.00    7.22    0.00    1.03   11.34    0.00    0.00    0.00   80.41
12:27:26 PM    7    0.00    0.00    4.12    0.00    0.00    5.15    0.00    0.00    0.00   90.72

12:27:26 PM  CPU    %usr   %nice    %sys %iowait    %irq   %soft  %steal  %guest  %gnice   %idle
12:27:27 PM  all    0.13    0.00    5.42    0.00    0.77   19.61    0.00    0.00    0.00   74.06
12:27:27 PM    0    0.00    0.00    0.00    0.00    1.00   99.00    0.00    0.00    0.00    0.00
12:27:27 PM    1    1.02    0.00    3.06    0.00    0.00    6.12    0.00    0.00    0.00   89.80
12:27:27 PM    2    0.00    0.00    4.08    0.00    0.00    3.06    0.00    0.00    0.00   92.86
12:27:27 PM    3    0.00    0.00    6.19    0.00    0.00    6.19    0.00    0.00    0.00   87.63
12:27:27 PM    4    0.00    0.00    4.21    0.00    1.05    7.37    0.00    0.00    0.00   87.37
12:27:27 PM    5    0.00    0.00   10.42    0.00    2.08   12.50    0.00    0.00    0.00   75.00
12:27:27 PM    6    0.00    0.00    9.68    0.00    1.08   12.90    0.00    0.00    0.00   76.34
12:27:27 PM    7    0.00    0.00    6.12    0.00    1.02    7.14    0.00    0.00    0.00   85.71

12:27:27 PM  CPU    %usr   %nice    %sys %iowait    %irq   %soft  %steal  %guest  %gnice   %idle
12:27:28 PM  all    0.39    0.00    4.91    0.00    0.90   19.51    0.00    0.00    0.00   74.29
12:27:28 PM    0    0.00    0.00    0.00    0.00    1.01   98.99    0.00    0.00    0.00    0.00
12:27:28 PM    1    1.10    0.00    8.79    0.00    1.10   12.09    0.00    0.00    0.00   76.92
12:27:28 PM    2    0.00    0.00    8.42    0.00    1.05   10.53    0.00    0.00    0.00   80.00
12:27:28 PM    3    0.00    0.00    2.94    0.00    0.98    1.96    0.00    0.00    0.00   94.12
12:27:28 PM    4    0.00    0.00    8.60    0.00    1.08   12.90    0.00    0.00    0.00   77.42
12:27:28 PM    5    0.00    0.00    8.42    0.00    1.05   12.63    0.00    0.00    0.00   77.89
12:27:28 PM    6    1.00    0.00    2.00    0.00    1.00    3.00    0.00    0.00    0.00   93.00
12:27:28 PM    7    1.01    0.00    1.01    0.00    0.00    3.03    0.00    0.00    0.00   94.95

12:27:28 PM  CPU    %usr   %nice    %sys %iowait    %irq   %soft  %steal  %guest  %gnice   %idle
12:27:29 PM  all    0.52    0.00    6.77    0.00    0.65   20.83    0.00    0.00    0.00   71.22
12:27:29 PM    0    0.00    0.00    0.00    0.00    1.00   99.00    0.00    0.00    0.00    0.00
12:27:29 PM    1    1.04    0.00    5.21    0.00    1.04    8.33    0.00    0.00    0.00   84.38
12:27:29 PM    2    0.00    0.00    6.25    0.00    1.04    9.38    0.00    0.00    0.00   83.33
12:27:29 PM    3    0.00    0.00    7.45    0.00    0.00    9.57    0.00    0.00    0.00   82.98
12:27:29 PM    4    2.04    0.00   11.22    0.00    1.02    9.18    0.00    0.00    0.00   76.53
12:27:29 PM    5    0.00    0.00    7.29    0.00    0.00    7.29    0.00    0.00    0.00   85.42
12:27:29 PM    6    1.09    0.00    7.61    0.00    0.00    9.78    0.00    0.00    0.00   81.52
12:27:29 PM    7    0.00    0.00    9.38    0.00    1.04   10.42    0.00    0.00    0.00   79.17

12:27:29 PM  CPU    %usr   %nice    %sys %iowait    %irq   %soft  %steal  %guest  %gnice   %idle
12:27:30 PM  all    0.39    0.00    5.53    0.00    0.90   21.75    0.00    0.00    0.00   71.43
12:27:30 PM    0    0.00    0.00    0.00    0.00    1.00   99.00    0.00    0.00    0.00    0.00
12:27:30 PM    1    0.00    0.00    6.25    0.00    1.04   11.46    0.00    0.00    0.00   81.25
12:27:30 PM    2    0.00    0.00    4.12    0.00    0.00    6.19    0.00    0.00    0.00   89.69
12:27:30 PM    3    1.05    0.00    7.37    0.00    1.05   12.63    0.00    0.00    0.00   77.89
12:27:30 PM    4    0.00    0.00    6.12    0.00    1.02   10.20    0.00    0.00    0.00   82.65
12:27:30 PM    5    1.04    0.00    8.33    0.00    1.04   13.54    0.00    0.00    0.00   76.04
12:27:30 PM    6    1.01    0.00    5.05    0.00    1.01    7.07    0.00    0.00    0.00   85.86
12:27:30 PM    7    0.00    0.00    7.29    0.00    1.04   11.46    0.00    0.00    0.00   80.21

12:27:30 PM  CPU    %usr   %nice    %sys %iowait    %irq   %soft  %steal  %guest  %gnice   %idle
12:27:31 PM  all    0.00    0.00    5.12    0.00    1.05   19.69    0.00    0.00    0.00   74.15
12:27:31 PM    0    0.00    0.00    0.00    0.00    2.20   92.31    0.00    0.00    0.00    5.49
12:27:31 PM    1    0.00    0.00    7.29    0.00    0.00   10.42    0.00    0.00    0.00   82.29
12:27:31 PM    2    0.00    0.00    5.10    0.00    1.02    7.14    0.00    0.00    0.00   86.73
12:27:31 PM    3    0.00    0.00    6.45    0.00    1.08   12.90    0.00    0.00    0.00   79.57
12:27:31 PM    4    0.00    0.00    4.21    0.00    1.05    9.47    0.00    0.00    0.00   85.26
12:27:31 PM    5    0.00    0.00    4.08    0.00    1.02    7.14    0.00    0.00    0.00   87.76
12:27:31 PM    6    0.00    0.00    6.25    0.00    1.04   10.42    0.00    0.00    0.00   82.29
12:27:31 PM    7    0.00    0.00    7.37    0.00    1.05   11.58    0.00    0.00    0.00   80.00

12:27:31 PM  CPU    %usr   %nice    %sys %iowait    %irq   %soft  %steal  %guest  %gnice   %idle
12:27:32 PM  all    0.39    0.00    6.34    0.00    0.91   18.89    0.00    0.00    0.00   73.48
12:27:32 PM    0    0.00    0.00    0.00    0.00    1.12   89.89    0.00    0.00    0.00    8.99
12:27:32 PM    1    0.00    0.00   11.34    0.00    2.06   15.46    0.00    0.00    0.00   71.13
12:27:32 PM    2    1.04    0.00   11.46    0.00    1.04   15.62    0.00    0.00    0.00   70.83
12:27:32 PM    3    0.00    0.00    2.00    0.00    1.00    2.00    0.00    0.00    0.00   95.00
12:27:32 PM    4    1.03    0.00   11.34    0.00    1.03   13.40    0.00    0.00    0.00   73.20
12:27:32 PM    5    0.00    0.00    8.25    0.00    1.03   11.34    0.00    0.00    0.00   79.38
12:27:32 PM    6    0.00    0.00    0.00    0.00    0.00    0.00    0.00    0.00    0.00  100.00
12:27:32 PM    7    1.03    0.00    6.19    0.00    0.00   10.31    0.00    0.00    0.00   82.47

12:27:32 PM  CPU    %usr   %nice    %sys %iowait    %irq   %soft  %steal  %guest  %gnice   %idle
12:27:33 PM  all    1.06    0.00    5.31    0.00    0.40   16.87    0.00    0.00    0.00   76.36
12:27:33 PM    0    0.00    0.00    0.00    0.00    1.11   77.78    0.00    0.00    0.00   21.11
12:27:33 PM    1    0.00    0.00    6.12    0.00    0.00    5.10    0.00    0.00    0.00   88.78
12:27:33 PM    2    3.12    0.00    4.17    0.00    0.00    2.08    0.00    0.00    0.00   90.62
12:27:33 PM    3    0.00    0.00    3.30    0.00    0.00   10.99    0.00    0.00    0.00   85.71
12:27:33 PM    4    0.00    0.00    7.45    0.00    0.00   12.77    0.00    0.00    0.00   79.79
12:27:33 PM    5    3.19    0.00    7.45    0.00    0.00    7.45    0.00    0.00    0.00   81.91
12:27:33 PM    6    2.08    0.00    7.29    0.00    1.04   11.46    0.00    0.00    0.00   78.12
12:27:33 PM    7    0.00    0.00    6.38    0.00    1.06   10.64    0.00    0.00    0.00   81.91

Average:     CPU    %usr   %nice    %sys %iowait    %irq   %soft  %steal  %guest  %gnice   %idle
Average:     all    0.31    0.00    6.36    0.00    0.84   20.34    0.00    0.00    0.00   72.15
Average:       0    0.00    0.00    0.03    0.00    1.25   96.25    0.00    0.00    0.00    2.47
Average:       1    0.36    0.00    7.85    0.00    0.88   10.88    0.00    0.00    0.00   80.03
Average:       2    0.36    0.00    7.57    0.00    0.79    9.78    0.00    0.00    0.00   81.50
Average:       3    0.19    0.00    7.28    0.00    0.76    9.44    0.00    0.00    0.00   82.34
Average:       4    0.33    0.00    7.45    0.02    0.79    9.95    0.00    0.00    0.00   81.46
Average:       5    0.43    0.00    7.55    0.00    0.81    9.82    0.00    0.00    0.00   81.40
Average:       6    0.45    0.00    6.73    0.00    0.76    9.03    0.00    0.00    0.00   83.03
Average:       7    0.36    0.00    6.39    0.00    0.68    8.29    0.00    0.00    0.00   84.28
