Linux 7.2.0-rc1 (hp3) 	07/12/2026 	_x86_64_	(8 CPU)

10:42:50 AM  CPU    %usr   %nice    %sys %iowait    %irq   %soft  %steal  %guest  %gnice   %idle
10:42:51 AM  all    0.00    0.00   14.27    0.00    0.25   23.90    0.00    0.00    0.00   61.58
10:42:51 AM    0    0.00    0.00    1.00    0.00    1.00   75.00    0.00    0.00    0.00   23.00
10:42:51 AM    1    0.00    0.00    0.00    0.00    1.01   88.89    0.00    0.00    0.00   10.10
10:42:51 AM    2    0.00    0.00   25.74    0.00    0.00   15.84    0.00    0.00    0.00   58.42
10:42:51 AM    3    0.00    0.00    0.00    0.00    0.00    0.00    0.00    0.00    0.00  100.00
10:42:51 AM    4    0.00    0.00   24.00    0.00    0.00   11.00    0.00    0.00    0.00   65.00
10:42:51 AM    5    0.00    0.00   39.39    0.00    0.00    0.00    0.00    0.00    0.00   60.61
10:42:51 AM    6    0.00    0.00    0.00    0.00    0.00    0.00    0.00    0.00    0.00  100.00
10:42:51 AM    7    0.00    0.00   24.00    0.00    0.00    1.00    0.00    0.00    0.00   75.00

10:42:51 AM  CPU    %usr   %nice    %sys %iowait    %irq   %soft  %steal  %guest  %gnice   %idle
10:42:52 AM  all    0.00    0.00   12.02    0.00    0.25   25.15    0.00    0.00    0.00   62.58
10:42:52 AM    0    0.00    0.00    0.00    0.00    0.99   72.28    0.00    0.00    0.00   26.73
10:42:52 AM    1    0.00    0.00    0.99    0.00    0.99   83.17    0.00    0.00    0.00   14.85
10:42:52 AM    2    0.00    0.00    5.00    0.00    0.00    5.00    0.00    0.00    0.00   90.00
10:42:52 AM    3    0.00    0.00    0.00    0.00    0.00    0.00    0.00    0.00    0.00  100.00
10:42:52 AM    4    0.00    0.00   21.00    0.00    0.00   22.00    0.00    0.00    0.00   57.00
10:42:52 AM    5    0.00    0.00    0.00    0.00    0.00    0.00    0.00    0.00    0.00  100.00
10:42:52 AM    6    0.00    0.00   36.00    0.00    0.00    2.00    0.00    0.00    0.00   62.00
10:42:52 AM    7    0.00    0.00   33.01    0.00    0.00   16.50    0.00    0.00    0.00   50.49

10:42:52 AM  CPU    %usr   %nice    %sys %iowait    %irq   %soft  %steal  %guest  %gnice   %idle
10:42:53 AM  all    0.00    0.00   13.06    0.00    0.25   28.98    0.00    0.00    0.00   57.71
10:42:53 AM    0    0.00    0.00    0.00    0.00    1.00   74.00    0.00    0.00    0.00   25.00
10:42:53 AM    1    0.00    0.00    0.00    0.00    0.99   74.26    0.00    0.00    0.00   24.75
10:42:53 AM    2    0.00    0.00   11.00    0.00    0.00   13.00    0.00    0.00    0.00   76.00
10:42:53 AM    3    0.00    0.00   19.80    0.00    0.00   15.84    0.00    0.00    0.00   64.36
10:42:53 AM    4    0.00    0.00   14.00    0.00    0.00   13.00    0.00    0.00    0.00   73.00
10:42:53 AM    5    0.00    0.00   38.61    0.00    0.00   29.70    0.00    0.00    0.00   31.68
10:42:53 AM    6    0.00    0.00   21.00    0.00    0.00   12.00    0.00    0.00    0.00   67.00
10:42:53 AM    7    0.00    0.00    0.00    0.00    0.00    0.00    0.00    0.00    0.00  100.00

10:42:53 AM  CPU    %usr   %nice    %sys %iowait    %irq   %soft  %steal  %guest  %gnice   %idle
10:42:54 AM  all    0.00    0.00   15.50    0.00    0.25   26.00    0.00    0.00    0.00   58.25
10:42:54 AM    0    0.00    0.00    0.99    0.00    0.99   78.22    0.00    0.00    0.00   19.80
10:42:54 AM    1    0.00    0.00    0.00    0.00    1.00   91.00    0.00    0.00    0.00    8.00
10:42:54 AM    2    0.00    0.00   26.00    0.00    0.00    0.00    0.00    0.00    0.00   74.00
10:42:54 AM    3    0.00    0.00   22.22    0.00    0.00    0.00    0.00    0.00    0.00   77.78
10:42:54 AM    4    0.00    0.00    0.00    0.00    0.00    0.00    0.00    0.00    0.00  100.00
10:42:54 AM    5    0.00    0.00   55.56    0.00    0.00   20.20    0.00    0.00    0.00   24.24
10:42:54 AM    6    0.00    0.00   19.80    0.00    0.00   17.82    0.00    0.00    0.00   62.38
10:42:54 AM    7    0.00    0.00    0.00    0.00    0.00    0.00    0.00    0.00    0.00  100.00

10:42:54 AM  CPU    %usr   %nice    %sys %iowait    %irq   %soft  %steal  %guest  %gnice   %idle
10:42:55 AM  all    0.00    0.00   14.00    0.00    0.50   29.62    0.00    0.00    0.00   55.88
10:42:55 AM    0    0.00    0.00    0.00    0.00    1.01   74.75    0.00    0.00    0.00   24.24
10:42:55 AM    1    0.00    0.00    0.00    0.00    1.01   87.88    0.00    0.00    0.00   11.11
10:42:55 AM    2    0.00    0.00   52.94    0.00    0.98   38.24    0.00    0.00    0.00    7.84
10:42:55 AM    3    0.00    0.00   14.00    0.00    0.00    0.00    0.00    0.00    0.00   86.00
10:42:55 AM    4    0.00    0.00   17.82    0.00    0.00   16.83    0.00    0.00    0.00   65.35
10:42:55 AM    5    0.00    0.00    0.00    0.00    0.00    0.00    0.00    0.00    0.00  100.00
10:42:55 AM    6    0.00    0.00    0.00    0.00    0.00    0.00    0.00    0.00    0.00  100.00
10:42:55 AM    7    0.00    0.00   26.26    0.00    1.01   20.20    0.00    0.00    0.00   52.53

10:42:55 AM  CPU    %usr   %nice    %sys %iowait    %irq   %soft  %steal  %guest  %gnice   %idle
10:42:56 AM  all    0.00    0.00   17.04    0.00    0.38   24.69    0.00    0.00    0.00   57.89
10:42:56 AM    0    0.00    0.00    0.00    0.00    1.01   75.76    0.00    0.00    0.00   23.23
10:42:56 AM    1    0.00    0.00    0.00    0.00    1.98   98.02    0.00    0.00    0.00    0.00
10:42:56 AM    2    0.00    0.00   47.47    0.00    0.00   13.13    0.00    0.00    0.00   39.39
10:42:56 AM    3    0.00    0.00    0.00    0.00    0.00    0.00    0.00    0.00    0.00  100.00
10:42:56 AM    4    0.00    0.00    0.00    0.00    0.00    0.00    0.00    0.00    0.00  100.00
10:42:56 AM    5    0.00    0.00    3.00    0.00    0.00    0.00    0.00    0.00    0.00   97.00
10:42:56 AM    6    0.00    0.00   35.64    0.00    0.00    0.99    0.00    0.00    0.00   63.37
10:42:56 AM    7    0.00    0.00   50.51    0.00    0.00    9.09    0.00    0.00    0.00   40.40

10:42:56 AM  CPU    %usr   %nice    %sys %iowait    %irq   %soft  %steal  %guest  %gnice   %idle
10:42:57 AM  all    0.00    0.00   13.34    0.12    0.25   30.17    0.00    0.00    0.00   56.11
10:42:57 AM    0    0.00    0.00    0.00    1.00    1.00   62.00    0.00    0.00    0.00   36.00
10:42:57 AM    1    0.00    0.00    0.99    0.00    0.99   98.02    0.00    0.00    0.00    0.00
10:42:57 AM    2    0.00    0.00   15.00    0.00    0.00    9.00    0.00    0.00    0.00   76.00
10:42:57 AM    3    0.00    0.00    0.00    0.00    0.00    0.00    0.00    0.00    0.00  100.00
10:42:57 AM    4    0.00    0.00   21.57    0.00    0.00   12.75    0.00    0.00    0.00   65.69
10:42:57 AM    5    0.00    0.00   14.00    0.00    0.00   17.00    0.00    0.00    0.00   69.00
10:42:57 AM    6    0.00    0.00   18.18    0.00    0.00   17.17    0.00    0.00    0.00   64.65
10:42:57 AM    7    0.00    0.00   37.00    0.00    0.00   25.00    0.00    0.00    0.00   38.00

10:42:57 AM  CPU    %usr   %nice    %sys %iowait    %irq   %soft  %steal  %guest  %gnice   %idle
10:42:58 AM  all    0.00    0.00   12.83    0.00    0.37   32.88    0.00    0.00    0.00   53.92
10:42:58 AM    0    0.00    0.00    0.99    0.00    0.99   98.02    0.00    0.00    0.00    0.00
10:42:58 AM    1    0.00    0.00    0.00    0.00    0.99   76.24    0.00    0.00    0.00   22.77
10:42:58 AM    2    0.00    0.00   20.00    0.00    0.00    8.00    0.00    0.00    0.00   72.00
10:42:58 AM    3    0.00    0.00   17.82    0.00    0.00   17.82    0.00    0.00    0.00   64.36
10:42:58 AM    4    0.00    0.00   23.23    0.00    1.01   24.24    0.00    0.00    0.00   51.52
10:42:58 AM    5    0.00    0.00    0.00    0.00    0.00    0.00    0.00    0.00    0.00  100.00
10:42:58 AM    6    0.00    0.00    0.00    0.00    0.00    0.00    0.00    0.00    0.00  100.00
10:42:58 AM    7    0.00    0.00   40.59    0.00    0.00   37.62    0.00    0.00    0.00   21.78

10:42:58 AM  CPU    %usr   %nice    %sys %iowait    %irq   %soft  %steal  %guest  %gnice   %idle
10:42:59 AM  all    0.00    0.00   15.86    0.00    0.37   29.96    0.00    0.00    0.00   53.81
10:42:59 AM    0    0.00    0.00    0.00    0.00    1.00   78.00    0.00    0.00    0.00   21.00
10:42:59 AM    1    0.00    0.00    0.00    0.00    1.01   98.99    0.00    0.00    0.00    0.00
10:42:59 AM    2    0.00    0.00   47.00    0.00    0.00   11.00    0.00    0.00    0.00   42.00
10:42:59 AM    3    0.00    0.00   48.51    0.00    0.99   21.78    0.00    0.00    0.00   28.71
10:42:59 AM    4    0.00    0.00   12.87    0.00    0.00    9.90    0.00    0.00    0.00   77.23
10:42:59 AM    5    0.00    0.00    0.00    0.00    0.00    0.00    0.00    0.00    0.00  100.00
10:42:59 AM    6    0.00    0.00   18.18    0.00    0.00   21.21    0.00    0.00    0.00   60.61
10:42:59 AM    7    0.00    0.00    0.00    0.00    0.00    0.00    0.00    0.00    0.00  100.00

10:42:59 AM  CPU    %usr   %nice    %sys %iowait    %irq   %soft  %steal  %guest  %gnice   %idle
10:43:00 AM  all    0.00    0.00   11.83    0.12    0.25   28.39    0.00    0.00    0.00   59.40
10:43:00 AM    0    0.00    0.00    1.00    0.00    1.00   98.00    0.00    0.00    0.00    0.00
10:43:00 AM    1    0.00    0.00    0.00    0.98    0.98   37.25    0.00    0.00    0.00   60.78
10:43:00 AM    2    0.00    0.00   31.00    0.00    0.00   36.00    0.00    0.00    0.00   33.00
10:43:00 AM    3    0.00    0.00   19.00    0.00    0.00   10.00    0.00    0.00    0.00   71.00
10:43:00 AM    4    0.00    0.00    0.00    0.00    0.00    0.00    0.00    0.00    0.00  100.00
10:43:00 AM    5    0.00    0.00    0.00    0.00    0.00    0.00    0.00    0.00    0.00  100.00
10:43:00 AM    6    0.00    0.00   12.87    0.00    0.00   16.83    0.00    0.00    0.00   70.30
10:43:00 AM    7    0.00    0.00   31.63    0.00    0.00   29.59    0.00    0.00    0.00   38.78

10:43:00 AM  CPU    %usr   %nice    %sys %iowait    %irq   %soft  %steal  %guest  %gnice   %idle
10:43:01 AM  all    0.00    0.00   11.69    0.00    0.12   28.36    0.00    0.00    0.00   59.83
10:43:01 AM    0    0.00    0.00    0.00    0.00    0.99   71.29    0.00    0.00    0.00   27.72
10:43:01 AM    1    0.00    0.00    0.00    0.00    0.00   78.79    0.00    0.00    0.00   21.21
10:43:01 AM    2    0.00    0.00   16.83    0.00    0.00    2.97    0.00    0.00    0.00   80.20
10:43:01 AM    3    0.00    0.00    3.96    0.00    0.00    1.98    0.00    0.00    0.00   94.06
10:43:01 AM    4    0.00    0.00    0.00    0.00    0.00    0.00    0.00    0.00    0.00  100.00
10:43:01 AM    5    0.00    0.00   34.00    0.00    0.00   36.00    0.00    0.00    0.00   30.00
10:43:01 AM    6    0.00    0.00   33.66    0.00    0.00   32.67    0.00    0.00    0.00   33.66
10:43:01 AM    7    0.00    0.00    4.95    0.00    0.00    3.96    0.00    0.00    0.00   91.09

10:43:01 AM  CPU    %usr   %nice    %sys %iowait    %irq   %soft  %steal  %guest  %gnice   %idle
10:43:02 AM  all    0.00    0.00   17.08    0.00    0.37   29.08    0.00    0.00    0.00   53.47
10:43:02 AM    0    0.00    0.00    1.00    0.00    1.00   98.00    0.00    0.00    0.00    0.00
10:43:02 AM    1    0.00    0.00    0.98    0.00    1.96   97.06    0.00    0.00    0.00    0.00
10:43:02 AM    2    0.00    0.00   54.00    0.00    0.00    0.00    0.00    0.00    0.00   46.00
10:43:02 AM    3    0.00    0.00   55.45    0.00    0.00   15.84    0.00    0.00    0.00   28.71
10:43:02 AM    4    0.00    0.00    0.00    0.00    0.00    0.00    0.00    0.00    0.00  100.00
10:43:02 AM    5    0.00    0.00    4.85    0.00    0.00    2.91    0.00    0.00    0.00   92.23
10:43:02 AM    6    0.00    0.00    0.00    0.00    0.00    0.00    0.00    0.00    0.00  100.00
10:43:02 AM    7    0.00    0.00   20.79    0.00    0.00   18.81    0.00    0.00    0.00   60.40

10:43:02 AM  CPU    %usr   %nice    %sys %iowait    %irq   %soft  %steal  %guest  %gnice   %idle
10:43:03 AM  all    0.00    0.00   12.69    0.00    0.25   27.51    0.00    0.00    0.00   59.55
10:43:03 AM    0    0.00    0.00    0.00    0.00    1.00   80.00    0.00    0.00    0.00   19.00
10:43:03 AM    1    0.00    0.00    0.00    0.00    1.00   82.00    0.00    0.00    0.00   17.00
10:43:03 AM    2    0.00    0.00    0.00    0.00    0.00    0.00    0.00    0.00    0.00  100.00
10:43:03 AM    3    0.00    0.00    0.00    0.00    0.00    0.00    0.00    0.00    0.00  100.00
10:43:03 AM    4    0.00    0.00   34.00    0.00    0.00    0.00    0.00    0.00    0.00   66.00
10:43:03 AM    5    0.00    0.00   36.08    0.00    0.00   28.87    0.00    0.00    0.00   35.05
10:43:03 AM    6    0.00    0.00    0.00    0.00    0.00    0.00    0.00    0.00    0.00  100.00
10:43:03 AM    7    0.00    0.00   32.32    0.00    0.00   29.29    0.00    0.00    0.00   38.38

10:43:03 AM  CPU    %usr   %nice    %sys %iowait    %irq   %soft  %steal  %guest  %gnice   %idle
10:43:04 AM  all    0.25    0.00   13.29    0.12    0.37   29.32    0.00    0.00    0.00   56.65
10:43:04 AM    0    0.99    0.00    0.99    0.99    0.99   74.26    0.00    0.00    0.00   21.78
10:43:04 AM    1    0.99    0.00    0.99    0.00    0.99   94.06    0.00    0.00    0.00    2.97
10:43:04 AM    2    0.00    0.00   19.80    0.00    0.00   15.84    0.00    0.00    0.00   64.36
10:43:04 AM    3    0.00    0.00   20.20    0.00    0.00    2.02    0.00    0.00    0.00   77.78
10:43:04 AM    4    0.00    0.00   22.00    0.00    0.00   20.00    0.00    0.00    0.00   58.00
10:43:04 AM    5    0.00    0.00    0.00    0.00    0.00    0.00    0.00    0.00    0.00  100.00
10:43:04 AM    6    0.00    0.00   22.77    0.00    0.99   11.88    0.00    0.00    0.00   64.36
10:43:04 AM    7    0.00    0.00   19.80    0.00    0.00   15.84    0.00    0.00    0.00   64.36

10:43:04 AM  CPU    %usr   %nice    %sys %iowait    %irq   %soft  %steal  %guest  %gnice   %idle
10:43:05 AM  all    0.00    0.00   13.56    0.00    0.37   29.48    0.00    0.00    0.00   56.59
10:43:05 AM    0    0.00    0.00    0.99    0.00    0.99   76.24    0.00    0.00    0.00   21.78
10:43:05 AM    1    0.00    0.00    0.99    0.00    0.99   98.02    0.00    0.00    0.00    0.00
10:43:05 AM    2    0.00    0.00    0.00    0.00    0.00    0.00    0.00    0.00    0.00  100.00
10:43:05 AM    3    0.00    0.00   54.46    0.00    0.00   30.69    0.00    0.00    0.00   14.85
10:43:05 AM    4    0.00    0.00    0.00    0.00    0.00    0.00    0.00    0.00    0.00  100.00
10:43:05 AM    5    0.00    0.00   28.28    0.00    0.00   13.13    0.00    0.00    0.00   58.59
10:43:05 AM    6    0.00    0.00    0.00    0.00    0.00    0.00    0.00    0.00    0.00  100.00
10:43:05 AM    7    0.00    0.00   23.76    0.00    0.99   16.83    0.00    0.00    0.00   58.42

10:43:05 AM  CPU    %usr   %nice    %sys %iowait    %irq   %soft  %steal  %guest  %gnice   %idle
10:43:06 AM  all    0.00    0.00   16.23    0.00    0.37   29.71    0.00    0.00    0.00   53.68
10:43:06 AM    0    0.00    0.00    0.00    0.00    1.01   98.99    0.00    0.00    0.00    0.00
10:43:06 AM    1    0.00    0.00    1.00    0.00    1.00   76.00    0.00    0.00    0.00   22.00
10:43:06 AM    2    0.00    0.00    0.00    0.00    0.00    0.00    0.00    0.00    0.00  100.00
10:43:06 AM    3    0.00    0.00    0.00    0.00    0.00    0.00    0.00    0.00    0.00  100.00
10:43:06 AM    4    0.00    0.00    0.00    0.00    0.00    0.00    0.00    0.00    0.00  100.00
10:43:06 AM    5    0.00    0.00   30.39    0.00    0.98   32.35    0.00    0.00    0.00   36.27
10:43:06 AM    6    0.00    0.00   50.00    0.00    0.00   17.00    0.00    0.00    0.00   33.00
10:43:06 AM    7    0.00    0.00   48.00    0.00    0.00   14.00    0.00    0.00    0.00   38.00

10:43:06 AM  CPU    %usr   %nice    %sys %iowait    %irq   %soft  %steal  %guest  %gnice   %idle
10:43:07 AM  all    0.12    0.00   16.98    0.00    0.37   23.22    0.00    0.00    0.00   59.30
10:43:07 AM    0    0.00    0.00    0.00    0.00    1.98   98.02    0.00    0.00    0.00    0.00
10:43:07 AM    1    0.99    0.00    0.99    0.00    0.99   38.61    0.00    0.00    0.00   58.42
10:43:07 AM    2    0.00    0.00    0.00    0.00    0.00    0.00    0.00    0.00    0.00  100.00
10:43:07 AM    3    0.00    0.00   15.00    0.00    0.00   19.00    0.00    0.00    0.00   66.00
10:43:07 AM    4    0.00    0.00   36.36    0.00    0.00    1.01    0.00    0.00    0.00   62.63
10:43:07 AM    5    0.00    0.00   49.00    0.00    0.00    8.00    0.00    0.00    0.00   43.00
10:43:07 AM    6    0.00    0.00   18.00    0.00    0.00   17.00    0.00    0.00    0.00   65.00
10:43:07 AM    7    0.00    0.00   17.00    0.00    0.00    3.00    0.00    0.00    0.00   80.00

10:43:07 AM  CPU    %usr   %nice    %sys %iowait    %irq   %soft  %steal  %guest  %gnice   %idle
10:43:08 AM  all    0.00    0.00   17.04    0.00    0.25   28.11    0.00    0.00    0.00   54.60
10:43:08 AM    0    0.00    0.00    1.00    0.00    1.00   75.00    0.00    0.00    0.00   23.00
10:43:08 AM    1    0.00    0.00    0.00    0.00    1.01   98.99    0.00    0.00    0.00    0.00
10:43:08 AM    2    0.00    0.00   53.92    0.00    0.00   12.75    0.00    0.00    0.00   33.33
10:43:08 AM    3    0.00    0.00   35.00    0.00    0.00    2.00    0.00    0.00    0.00   63.00
10:43:08 AM    4    0.00    0.00    0.00    0.00    0.00    0.00    0.00    0.00    0.00  100.00
10:43:08 AM    5    0.00    0.00   32.00    0.00    0.00   23.00    0.00    0.00    0.00   45.00
10:43:08 AM    6    0.00    0.00    0.00    0.00    0.00    0.00    0.00    0.00    0.00  100.00
10:43:08 AM    7    0.00    0.00   13.86    0.00    0.00   14.85    0.00    0.00    0.00   71.29

10:43:08 AM  CPU    %usr   %nice    %sys %iowait    %irq   %soft  %steal  %guest  %gnice   %idle
10:43:09 AM  all    0.00    0.00   16.40    0.00    0.25   28.91    0.00    0.00    0.00   54.44
10:43:09 AM    0    0.00    0.00    0.00    0.00    1.01   73.74    0.00    0.00    0.00   25.25
10:43:09 AM    1    0.00    0.00    0.00    0.00    1.00   99.00    0.00    0.00    0.00    0.00
10:43:09 AM    2    0.00    0.00   16.16    0.00    0.00   18.18    0.00    0.00    0.00   65.66
10:43:09 AM    3    0.00    0.00    0.00    0.00    0.00    0.00    0.00    0.00    0.00  100.00
10:43:09 AM    4    0.00    0.00   38.00    0.00    0.00    0.00    0.00    0.00    0.00   62.00
10:43:09 AM    5    0.00    0.00   63.37    0.00    0.00   31.68    0.00    0.00    0.00    4.95
10:43:09 AM    6    0.00    0.00    0.00    0.00    0.00    0.00    0.00    0.00    0.00  100.00
10:43:09 AM    7    0.00    0.00   13.00    0.00    0.00    9.00    0.00    0.00    0.00   78.00

10:43:09 AM  CPU    %usr   %nice    %sys %iowait    %irq   %soft  %steal  %guest  %gnice   %idle
10:43:10 AM  all    0.00    0.00   11.67    0.00    0.13   31.12    0.00    0.00    0.00   57.09
10:43:10 AM    0    0.00    0.00    1.01    0.00    0.00   61.62    0.00    0.00    0.00   37.37
10:43:10 AM    1    0.00    0.00    1.00    0.00    1.00   98.00    0.00    0.00    0.00    0.00
10:43:10 AM    2    0.00    0.00    0.00    0.00    0.00    0.00    0.00    0.00    0.00  100.00
10:43:10 AM    3    0.00    0.00    0.00    0.00    0.00    0.00    0.00    0.00    0.00  100.00
10:43:10 AM    4    0.00    0.00   10.00    0.00    0.00   15.00    0.00    0.00    0.00   75.00
10:43:10 AM    5    0.00    0.00   37.00    0.00    0.00   29.00    0.00    0.00    0.00   34.00
10:43:10 AM    6    0.00    0.00   27.27    0.00    0.00   28.28    0.00    0.00    0.00   44.44
10:43:10 AM    7    0.00    0.00   17.17    0.00    0.00   17.17    0.00    0.00    0.00   65.66

10:43:10 AM  CPU    %usr   %nice    %sys %iowait    %irq   %soft  %steal  %guest  %gnice   %idle
10:43:11 AM  all    0.00    0.00   13.91    0.00    0.25   23.48    0.00    0.00    0.00   62.36
10:43:11 AM    0    0.00    0.00    0.00    0.00    0.99   15.84    0.00    0.00    0.00   83.17
10:43:11 AM    1    0.00    0.00    0.00    0.00    0.99   99.01    0.00    0.00    0.00    0.00
10:43:11 AM    2    0.00    0.00   33.00    0.00    0.00   31.00    0.00    0.00    0.00   36.00
10:43:11 AM    3    0.00    0.00    0.00    0.00    0.00    0.00    0.00    0.00    0.00  100.00
10:43:11 AM    4    0.00    0.00   22.00    0.00    0.00   22.00    0.00    0.00    0.00   56.00
10:43:11 AM    5    0.00    0.00    0.00    0.00    0.00    0.00    0.00    0.00    0.00  100.00
10:43:11 AM    6    0.00    0.00   21.00    0.00    0.00    4.00    0.00    0.00    0.00   75.00
10:43:11 AM    7    0.00    0.00   35.64    0.00    0.00   15.84    0.00    0.00    0.00   48.51

10:43:11 AM  CPU    %usr   %nice    %sys %iowait    %irq   %soft  %steal  %guest  %gnice   %idle
10:43:12 AM  all    0.00    0.00   15.84    0.00    0.25   29.43    0.00    0.00    0.00   54.49
10:43:12 AM    0    0.00    0.00    1.00    0.00    1.00   98.00    0.00    0.00    0.00    0.00
10:43:12 AM    1    0.00    0.00    0.00    0.00    1.00   99.00    0.00    0.00    0.00    0.00
10:43:12 AM    2    0.00    0.00    0.00    0.00    0.00    0.00    0.00    0.00    0.00  100.00
10:43:12 AM    3    0.00    0.00   56.86    0.00    0.00   19.61    0.00    0.00    0.00   23.53
10:43:12 AM    4    0.00    0.00    0.00    0.00    0.00    0.00    0.00    0.00    0.00  100.00
10:43:12 AM    5    0.00    0.00   23.47    0.00    0.00   17.35    0.00    0.00    0.00   59.18
10:43:12 AM    6    0.00    0.00   24.00    0.00    0.00    2.00    0.00    0.00    0.00   74.00
10:43:12 AM    7    0.00    0.00   20.79    0.00    0.00    0.00    0.00    0.00    0.00   79.21

10:43:12 AM  CPU    %usr   %nice    %sys %iowait    %irq   %soft  %steal  %guest  %gnice   %idle
10:43:13 AM  all    0.00    0.00   12.28    0.00    0.25   31.08    0.00    0.00    0.00   56.39
10:43:13 AM    0    0.00    0.00    0.00    0.00    1.01   98.99    0.00    0.00    0.00    0.00
10:43:13 AM    1    0.00    0.00    0.99    0.00    0.99   63.37    0.00    0.00    0.00   34.65
10:43:13 AM    2    0.00    0.00    0.00    0.00    0.00    0.00    0.00    0.00    0.00  100.00
10:43:13 AM    3    0.00    0.00   11.22    0.00    0.00   17.35    0.00    0.00    0.00   71.43
10:43:13 AM    4    0.00    0.00   24.00    0.00    0.00   12.00    0.00    0.00    0.00   64.00
10:43:13 AM    5    0.00    0.00   13.86    0.00    0.00   16.83    0.00    0.00    0.00   69.31
10:43:13 AM    6    0.00    0.00   10.89    0.00    0.00   11.88    0.00    0.00    0.00   77.23
10:43:13 AM    7    0.00    0.00   37.37    0.00    0.00   28.28    0.00    0.00    0.00   34.34

10:43:13 AM  CPU    %usr   %nice    %sys %iowait    %irq   %soft  %steal  %guest  %gnice   %idle
10:43:14 AM  all    0.00    0.00   18.43    0.00    0.37   28.89    0.00    0.00    0.00   52.30
10:43:14 AM    0    0.00    0.00    1.01    0.00    1.01   97.98    0.00    0.00    0.00    0.00
10:43:14 AM    1    0.00    0.00    0.00    0.00    1.00   92.00    0.00    0.00    0.00    7.00
10:43:14 AM    2    0.00    0.00   19.61    0.00    0.98   14.71    0.00    0.00    0.00   64.71
10:43:14 AM    3    0.00    0.00    3.96    0.00    0.00    2.97    0.00    0.00    0.00   93.07
10:43:14 AM    4    0.00    0.00   15.84    0.00    0.00    2.97    0.00    0.00    0.00   81.19
10:43:14 AM    5    0.00    0.00   32.00    0.00    0.00   16.00    0.00    0.00    0.00   52.00
10:43:14 AM    6    0.00    0.00   41.00    0.00    0.00    3.00    0.00    0.00    0.00   56.00
10:43:14 AM    7    0.00    0.00   34.00    0.00    0.00    3.00    0.00    0.00    0.00   63.00

10:43:14 AM  CPU    %usr   %nice    %sys %iowait    %irq   %soft  %steal  %guest  %gnice   %idle
10:43:15 AM  all    0.00    0.00   15.17    0.00    0.50   28.86    0.00    0.00    0.00   55.47
10:43:15 AM    0    0.00    0.00    1.00    0.00    2.00   97.00    0.00    0.00    0.00    0.00
10:43:15 AM    1    0.00    0.00    0.99    0.00    1.98   97.03    0.00    0.00    0.00    0.00
10:43:15 AM    2    0.00    0.00   20.00    0.00    0.00   15.00    0.00    0.00    0.00   65.00
10:43:15 AM    3    0.00    0.00    0.00    0.00    0.00    0.00    0.00    0.00    0.00  100.00
10:43:15 AM    4    0.00    0.00   18.00    0.00    0.00    0.00    0.00    0.00    0.00   82.00
10:43:15 AM    5    0.00    0.00   20.59    0.00    0.00    2.94    0.00    0.00    0.00   76.47
10:43:15 AM    6    0.00    0.00   41.58    0.00    0.00    2.97    0.00    0.00    0.00   55.45
10:43:15 AM    7    0.00    0.00   19.00    0.00    0.00   16.00    0.00    0.00    0.00   65.00

10:43:15 AM  CPU    %usr   %nice    %sys %iowait    %irq   %soft  %steal  %guest  %gnice   %idle
10:43:16 AM  all    0.00    0.00   15.86    0.00    0.37   26.47    0.00    0.00    0.00   57.30
10:43:16 AM    0    0.00    0.00    1.01    0.00    1.01   80.81    0.00    0.00    0.00   17.17
10:43:16 AM    1    0.00    0.00    0.00    0.00    1.01   98.99    0.00    0.00    0.00    0.00
10:43:16 AM    2    0.00    0.00    0.00    0.00    0.00    0.00    0.00    0.00    0.00  100.00
10:43:16 AM    3    0.00    0.00    0.00    0.00    0.00    0.00    0.00    0.00    0.00  100.00
10:43:16 AM    4    0.00    0.00   18.00    0.00    1.00   13.00    0.00    0.00    0.00   68.00
10:43:16 AM    5    0.00    0.00    0.00    0.00    0.00    0.00    0.00    0.00    0.00  100.00
10:43:16 AM    6    0.00    0.00   44.00    0.00    0.00   12.00    0.00    0.00    0.00   44.00
10:43:16 AM    7    0.00    0.00   63.37    0.00    0.00    8.91    0.00    0.00    0.00   27.72

10:43:16 AM  CPU    %usr   %nice    %sys %iowait    %irq   %soft  %steal  %guest  %gnice   %idle
10:43:17 AM  all    0.00    0.00   14.30    0.00    0.12   19.15    0.00    0.00    0.00   66.42
10:43:17 AM    0    0.00    0.00    0.00    0.00    1.00   99.00    0.00    0.00    0.00    0.00
10:43:17 AM    1    0.00    0.00    0.99    0.00    0.00   32.67    0.00    0.00    0.00   66.34
10:43:17 AM    2    0.00    0.00    0.00    0.00    0.00    0.00    0.00    0.00    0.00  100.00
10:43:17 AM    3    0.00    0.00   14.14    0.00    0.00    7.07    0.00    0.00    0.00   78.79
10:43:17 AM    4    0.00    0.00    0.96    0.00    0.00    2.88    0.00    0.00    0.00   96.15
10:43:17 AM    5    0.00    0.00    0.00    0.00    0.00    0.00    0.00    0.00    0.00  100.00
10:43:17 AM    6    0.00    0.00   44.00    0.00    0.00    8.00    0.00    0.00    0.00   48.00
10:43:17 AM    7    0.00    0.00   55.00    0.00    0.00    4.00    0.00    0.00    0.00   41.00

10:43:17 AM  CPU    %usr   %nice    %sys %iowait    %irq   %soft  %steal  %guest  %gnice   %idle
10:43:18 AM  all    0.00    0.00   16.42    0.00    0.38   26.69    0.00    0.00    0.00   56.52
10:43:18 AM    0    0.00    0.00    0.00    0.00    0.99   79.21    0.00    0.00    0.00   19.80
10:43:18 AM    1    0.00    0.00    0.00    0.00    1.01   81.82    0.00    0.00    0.00   17.17
10:43:18 AM    2    0.00    0.00   17.17    0.00    0.00   17.17    0.00    0.00    0.00   65.66
10:43:18 AM    3    0.00    0.00    5.94    0.00    0.00    7.92    0.00    0.00    0.00   86.14
10:43:18 AM    4    0.00    0.00    0.00    0.00    0.00    0.00    0.00    0.00    0.00  100.00
10:43:18 AM    5    0.00    0.00   14.14    0.00    1.01   19.19    0.00    0.00    0.00   65.66
10:43:18 AM    6    0.00    0.00   41.41    0.00    0.00    0.00    0.00    0.00    0.00   58.59
10:43:18 AM    7    0.00    0.00   53.00    0.00    0.00    8.00    0.00    0.00    0.00   39.00

10:43:18 AM  CPU    %usr   %nice    %sys %iowait    %irq   %soft  %steal  %guest  %gnice   %idle
10:43:19 AM  all    0.00    0.00   19.40    0.00    0.25   26.62    0.00    0.00    0.00   53.73
10:43:19 AM    0    0.00    0.00    0.00    0.00    1.00   99.00    0.00    0.00    0.00    0.00
10:43:19 AM    1    0.00    0.00    0.99    0.00    0.99   79.21    0.00    0.00    0.00   18.81
10:43:19 AM    2    0.00    0.00   22.77    0.00    0.00   12.87    0.00    0.00    0.00   64.36
10:43:19 AM    3    0.00    0.00    0.00    0.00    0.00    0.00    0.00    0.00    0.00  100.00
10:43:19 AM    4    0.00    0.00    0.00    0.00    0.00    0.00    0.00    0.00    0.00  100.00
10:43:19 AM    5    0.00    0.00    0.00    0.00    0.00    0.00    0.00    0.00    0.00  100.00
10:43:19 AM    6    0.00    0.00   55.45    0.00    0.00    6.93    0.00    0.00    0.00   37.62
10:43:19 AM    7    0.00    0.00   76.00    0.00    0.00   15.00    0.00    0.00    0.00    9.00

10:43:19 AM  CPU    %usr   %nice    %sys %iowait    %irq   %soft  %steal  %guest  %gnice   %idle
10:43:20 AM  all    0.00    0.00   22.80    0.00    0.25   24.43    0.00    0.00    0.00   52.52
10:43:20 AM    0    0.00    0.00    1.00    0.00    1.00   96.00    0.00    0.00    0.00    2.00
10:43:20 AM    1    0.00    0.00    0.00    0.00    1.01   81.82    0.00    0.00    0.00   17.17
10:43:20 AM    2    0.00    0.00   32.32    0.00    0.00    4.04    0.00    0.00    0.00   63.64
10:43:20 AM    3    0.00    0.00   34.34    0.00    0.00    2.02    0.00    0.00    0.00   63.64
10:43:20 AM    4    0.00    0.00   34.02    0.00    0.00    3.09    0.00    0.00    0.00   62.89
10:43:20 AM    5    0.00    0.00   35.00    0.00    0.00    3.00    0.00    0.00    0.00   62.00
10:43:20 AM    6    0.00    0.00   20.00    0.00    0.00    5.00    0.00    0.00    0.00   75.00
10:43:20 AM    7    0.00    0.00   26.00    0.00    0.00    0.00    0.00    0.00    0.00   74.00

10:43:20 AM  CPU    %usr   %nice    %sys %iowait    %irq   %soft  %steal  %guest  %gnice   %idle
10:43:21 AM  all    0.00    0.00   15.01    0.00    0.25   27.79    0.00    0.00    0.00   56.95
10:43:21 AM    0    0.00    0.00    1.00    0.00    1.00   78.00    0.00    0.00    0.00   20.00
10:43:21 AM    1    0.00    0.00    0.99    0.00    0.99   98.02    0.00    0.00    0.00    0.00
10:43:21 AM    2    0.00    0.00   27.72    0.00    0.00   20.79    0.00    0.00    0.00   51.49
10:43:21 AM    3    0.00    0.00    0.00    0.00    0.00    0.00    0.00    0.00    0.00  100.00
10:43:21 AM    4    0.00    0.00    0.00    0.00    0.00    0.00    0.00    0.00    0.00  100.00
10:43:21 AM    5    0.00    0.00   23.00    0.00    0.00   12.00    0.00    0.00    0.00   65.00
10:43:21 AM    6    0.00    0.00   15.84    0.00    0.00    3.96    0.00    0.00    0.00   80.20
10:43:21 AM    7    0.00    0.00   51.49    0.00    0.00    9.90    0.00    0.00    0.00   38.61

10:43:21 AM  CPU    %usr   %nice    %sys %iowait    %irq   %soft  %steal  %guest  %gnice   %idle
10:43:22 AM  all    0.00    0.00   15.09    0.00    0.25   22.07    0.00    0.00    0.00   62.59
10:43:22 AM    0    0.00    0.00    0.00    0.00    0.00    8.00    0.00    0.00    0.00   92.00
10:43:22 AM    1    0.00    0.00    0.00    0.00    1.00   99.00    0.00    0.00    0.00    0.00
10:43:22 AM    2    0.00    0.00   58.00    0.00    0.00   35.00    0.00    0.00    0.00    7.00
10:43:22 AM    3    0.00    0.00   31.00    0.00    0.00    0.00    0.00    0.00    0.00   69.00
10:43:22 AM    4    0.00    0.00    0.00    0.00    0.00    0.00    0.00    0.00    0.00  100.00
10:43:22 AM    5    0.00    0.00    0.00    0.00    0.00    0.00    0.00    0.00    0.00  100.00
10:43:22 AM    6    0.00    0.00    0.00    0.00    0.00    0.00    0.00    0.00    0.00  100.00
10:43:22 AM    7    0.00    0.00   31.68    0.00    0.99   34.65    0.00    0.00    0.00   32.67

10:43:22 AM  CPU    %usr   %nice    %sys %iowait    %irq   %soft  %steal  %guest  %gnice   %idle
10:43:23 AM  all    0.00    0.00   17.58    0.00    0.37   29.05    0.00    0.00    0.00   52.99
10:43:23 AM    0    0.00    0.00    0.00    0.00    1.98   98.02    0.00    0.00    0.00    0.00
10:43:23 AM    1    0.00    0.00    1.00    0.00    1.00   81.00    0.00    0.00    0.00   17.00
10:43:23 AM    2    0.00    0.00   17.82    0.00    0.00   16.83    0.00    0.00    0.00   65.35
10:43:23 AM    3    0.00    0.00   16.00    0.00    0.00    8.00    0.00    0.00    0.00   76.00
10:43:23 AM    4    0.00    0.00    0.00    0.00    0.00    0.00    0.00    0.00    0.00  100.00
10:43:23 AM    5    0.00    0.00   22.77    0.00    0.00   12.87    0.00    0.00    0.00   64.36
10:43:23 AM    6    0.00    0.00   48.48    0.00    0.00   15.15    0.00    0.00    0.00   36.36
10:43:23 AM    7    0.00    0.00   35.00    0.00    0.00    0.00    0.00    0.00    0.00   65.00

10:43:23 AM  CPU    %usr   %nice    %sys %iowait    %irq   %soft  %steal  %guest  %gnice   %idle
10:43:24 AM  all    0.00    0.00   16.75    0.00    0.25   27.79    0.00    0.00    0.00   55.21
10:43:24 AM    0    0.00    0.00    0.99    0.00    0.99   98.02    0.00    0.00    0.00    0.00
10:43:24 AM    1    0.00    0.00    0.00    0.00    0.99   72.28    0.00    0.00    0.00   26.73
10:43:24 AM    2    0.00    0.00    0.00    0.00    0.00    0.00    0.00    0.00    0.00  100.00
10:43:24 AM    3    0.00    0.00   14.85    0.00    0.00    9.90    0.00    0.00    0.00   75.25
10:43:24 AM    4    0.00    0.00   12.87    0.00    0.00    3.96    0.00    0.00    0.00   83.17
10:43:24 AM    5    0.00    0.00   17.82    0.00    0.00   16.83    0.00    0.00    0.00   65.35
10:43:24 AM    6    0.00    0.00   56.44    0.00    0.00   15.84    0.00    0.00    0.00   27.72
10:43:24 AM    7    0.00    0.00   31.00    0.00    0.00    5.00    0.00    0.00    0.00   64.00

10:43:24 AM  CPU    %usr   %nice    %sys %iowait    %irq   %soft  %steal  %guest  %gnice   %idle
10:43:25 AM  all    0.00    0.00   15.84    0.00    0.25   28.18    0.00    0.00    0.00   55.74
10:43:25 AM    0    0.00    0.00    0.00    0.00    1.01   98.99    0.00    0.00    0.00    0.00
10:43:25 AM    1    0.00    0.00    0.00    0.00    1.00   68.00    0.00    0.00    0.00   31.00
10:43:25 AM    2    0.00    0.00    0.00    0.00    0.00    0.00    0.00    0.00    0.00  100.00
10:43:25 AM    3    0.00    0.00   35.00    0.00    0.00   24.00    0.00    0.00    0.00   41.00
10:43:25 AM    4    0.00    0.00   27.72    0.00    0.00   26.73    0.00    0.00    0.00   45.54
10:43:25 AM    5    0.00    0.00    0.00    0.00    0.00    0.00    0.00    0.00    0.00  100.00
10:43:25 AM    6    0.00    0.00   31.00    0.00    0.00    5.00    0.00    0.00    0.00   64.00
10:43:25 AM    7    0.00    0.00   32.67    0.00    0.00    3.96    0.00    0.00    0.00   63.37

10:43:25 AM  CPU    %usr   %nice    %sys %iowait    %irq   %soft  %steal  %guest  %gnice   %idle
10:43:26 AM  all    0.12    0.00   11.50    0.12    0.50   26.38    0.00    0.00    0.00   61.38
10:43:26 AM    0    0.98    0.00    0.00    0.98    0.98   46.08    0.00    0.00    0.00   50.98
10:43:26 AM    1    0.00    0.00    0.00    0.00    2.00   98.00    0.00    0.00    0.00    0.00
10:43:26 AM    2    0.00    0.00    0.00    0.00    0.00    0.00    0.00    0.00    0.00  100.00
10:43:26 AM    3    0.00    0.00   35.00    0.00    0.00    6.00    0.00    0.00    0.00   59.00
10:43:26 AM    4    0.00    0.00    8.08    0.00    0.00   11.11    0.00    0.00    0.00   80.81
10:43:26 AM    5    0.00    0.00   18.00    0.00    0.00   16.00    0.00    0.00    0.00   66.00
10:43:26 AM    6    0.00    0.00   30.69    0.00    0.99   32.67    0.00    0.00    0.00   35.64
10:43:26 AM    7    0.00    0.00    0.00    0.00    0.00    0.00    0.00    0.00    0.00  100.00

10:43:26 AM  CPU    %usr   %nice    %sys %iowait    %irq   %soft  %steal  %guest  %gnice   %idle
10:43:27 AM  all    0.00    0.00   15.23    0.12    0.12   17.85    0.00    0.00    0.00   66.67
10:43:27 AM    0    0.00    0.00    1.00    0.00    1.00   92.00    0.00    0.00    0.00    6.00
10:43:27 AM    1    0.00    0.00    0.00    1.00    0.00   30.00    0.00    0.00    0.00   69.00
10:43:27 AM    2    0.00    0.00   42.00    0.00    0.00    4.00    0.00    0.00    0.00   54.00
10:43:27 AM    3    0.00    0.00    0.00    0.00    0.00    0.00    0.00    0.00    0.00  100.00
10:43:27 AM    4    0.00    0.00    7.00    0.00    0.00    8.00    0.00    0.00    0.00   85.00
10:43:27 AM    5    0.00    0.00    0.00    0.00    0.00    0.00    0.00    0.00    0.00  100.00
10:43:27 AM    6    0.00    0.00   22.00    0.00    0.00    3.00    0.00    0.00    0.00   75.00
10:43:27 AM    7    0.00    0.00   49.50    0.00    0.00    5.94    0.00    0.00    0.00   44.55

10:43:27 AM  CPU    %usr   %nice    %sys %iowait    %irq   %soft  %steal  %guest  %gnice   %idle
10:43:28 AM  all    0.12    0.00   17.73    0.00    0.37   25.22    0.00    0.00    0.00   56.55
10:43:28 AM    0    0.00    0.00    0.00    0.00    1.00   99.00    0.00    0.00    0.00    0.00
10:43:28 AM    1    0.99    0.00    0.99    0.00    0.99   50.50    0.00    0.00    0.00   46.53
10:43:28 AM    2    0.00    0.00    0.00    0.00    0.00    0.00    0.00    0.00    0.00  100.00
10:43:28 AM    3    0.00    0.00   14.85    0.00    0.99   16.83    0.00    0.00    0.00   67.33
10:43:28 AM    4    0.00    0.00    0.00    0.00    0.00    0.00    0.00    0.00    0.00  100.00
10:43:28 AM    5    0.00    0.00   16.16    0.00    0.00   19.19    0.00    0.00    0.00   64.65
10:43:28 AM    6    0.00    0.00   51.00    0.00    0.00    4.00    0.00    0.00    0.00   45.00
10:43:28 AM    7    0.00    0.00   59.00    0.00    0.00   12.00    0.00    0.00    0.00   29.00

10:43:28 AM  CPU    %usr   %nice    %sys %iowait    %irq   %soft  %steal  %guest  %gnice   %idle
10:43:29 AM  all    0.12    0.00   12.83    0.00    0.12   30.14    0.00    0.00    0.00   56.79
10:43:29 AM    0    0.00    0.00    0.00    0.00    1.00   99.00    0.00    0.00    0.00    0.00
10:43:29 AM    1    1.00    0.00    0.00    0.00    0.00   60.00    0.00    0.00    0.00   39.00
10:43:29 AM    2    0.00    0.00    0.00    0.00    0.00    0.00    0.00    0.00    0.00  100.00
10:43:29 AM    3    0.00    0.00   37.00    0.00    0.00   34.00    0.00    0.00    0.00   29.00
10:43:29 AM    4    0.00    0.00   14.85    0.00    0.00    6.93    0.00    0.00    0.00   78.22
10:43:29 AM    5    0.00    0.00    0.00    0.00    0.00    0.00    0.00    0.00    0.00  100.00
10:43:29 AM    6    0.00    0.00   18.81    0.00    0.00   15.84    0.00    0.00    0.00   65.35
10:43:29 AM    7    0.00    0.00   32.32    0.00    0.00   26.26    0.00    0.00    0.00   41.41

10:43:29 AM  CPU    %usr   %nice    %sys %iowait    %irq   %soft  %steal  %guest  %gnice   %idle
10:43:30 AM  all    0.00    0.00   14.86    0.00    0.25   29.46    0.00    0.00    0.00   55.43
10:43:30 AM    0    0.00    0.00    1.00    0.00    1.00   98.00    0.00    0.00    0.00    0.00
10:43:30 AM    1    0.00    0.00    0.99    0.00    0.99   74.26    0.00    0.00    0.00   23.76
10:43:30 AM    2    0.00    0.00   35.35    0.00    0.00   11.11    0.00    0.00    0.00   53.54
10:43:30 AM    3    0.00    0.00   31.00    0.00    0.00    6.00    0.00    0.00    0.00   63.00
10:43:30 AM    4    0.00    0.00    5.00    0.00    0.00    8.00    0.00    0.00    0.00   87.00
10:43:30 AM    5    0.00    0.00   16.83    0.00    0.00   17.82    0.00    0.00    0.00   65.35
10:43:30 AM    6    0.00    0.00   28.28    0.00    0.00   17.17    0.00    0.00    0.00   54.55
10:43:30 AM    7    0.00    0.00    0.99    0.00    0.00    2.97    0.00    0.00    0.00   96.04

10:43:30 AM  CPU    %usr   %nice    %sys %iowait    %irq   %soft  %steal  %guest  %gnice   %idle
10:43:31 AM  all    0.00    0.00   15.97    0.00    0.25   24.63    0.00    0.00    0.00   59.16
10:43:31 AM    0    0.00    0.00    0.00    0.00    0.99   49.50    0.00    0.00    0.00   49.50
10:43:31 AM    1    0.00    0.00    0.00    0.00    0.99   84.16    0.00    0.00    0.00   14.85
10:43:31 AM    2    0.00    0.00   27.45    0.00    0.00   31.37    0.00    0.00    0.00   41.18
10:43:31 AM    3    0.00    0.00    0.00    0.00    0.00    0.00    0.00    0.00    0.00  100.00
10:43:31 AM    4    0.00    0.00   36.00    0.00    0.00    1.00    0.00    0.00    0.00   63.00
10:43:31 AM    5    0.00    0.00   32.00    0.00    0.00    4.00    0.00    0.00    0.00   64.00
10:43:31 AM    6    0.00    0.00   22.77    0.00    0.00   25.74    0.00    0.00    0.00   51.49
10:43:31 AM    7    0.00    0.00    9.80    0.00    0.00    0.98    0.00    0.00    0.00   89.22

10:43:31 AM  CPU    %usr   %nice    %sys %iowait    %irq   %soft  %steal  %guest  %gnice   %idle
10:43:32 AM  all    0.00    0.00   13.16    0.00    0.25   24.94    0.00    0.00    0.00   61.65
10:43:32 AM    0    0.00    0.00    1.00    0.00    1.00   89.00    0.00    0.00    0.00    9.00
10:43:32 AM    1    0.00    0.00    1.00    0.00    1.00   49.00    0.00    0.00    0.00   49.00
10:43:32 AM    2    0.00    0.00   16.16    0.00    0.00   17.17    0.00    0.00    0.00   66.67
10:43:32 AM    3    0.00    0.00    0.00    0.00    0.00    0.00    0.00    0.00    0.00  100.00
10:43:32 AM    4    0.00    0.00    0.00    0.00    0.00    0.00    0.00    0.00    0.00  100.00
10:43:32 AM    5    0.00    0.00   19.00    0.00    0.00   16.00    0.00    0.00    0.00   65.00
10:43:32 AM    6    0.00    0.00   22.00    0.00    0.00   14.00    0.00    0.00    0.00   64.00
10:43:32 AM    7    0.00    0.00   46.46    0.00    0.00   14.14    0.00    0.00    0.00   39.39

10:43:32 AM  CPU    %usr   %nice    %sys %iowait    %irq   %soft  %steal  %guest  %gnice   %idle
10:43:33 AM  all    0.00    0.00   16.69    0.00    0.37   28.27    0.00    0.00    0.00   54.67
10:43:33 AM    0    0.00    0.00    0.00    0.00    1.00   73.00    0.00    0.00    0.00   26.00
10:43:33 AM    1    0.00    0.00    0.00    0.00    1.00   98.00    0.00    0.00    0.00    1.00
10:43:33 AM    2    0.00    0.00   20.59    0.00    0.98   13.73    0.00    0.00    0.00   64.71
10:43:33 AM    3    0.00    0.00    0.00    0.00    0.00    0.00    0.00    0.00    0.00  100.00
10:43:33 AM    4    0.00    0.00   10.89    0.00    0.00   11.88    0.00    0.00    0.00   77.23
10:43:33 AM    5    0.00    0.00   21.21    0.00    0.00   13.13    0.00    0.00    0.00   65.66
10:43:33 AM    6    0.00    0.00   32.00    0.00    0.00    5.00    0.00    0.00    0.00   63.00
10:43:33 AM    7    0.00    0.00   49.00    0.00    0.00   12.00    0.00    0.00    0.00   39.00

10:43:33 AM  CPU    %usr   %nice    %sys %iowait    %irq   %soft  %steal  %guest  %gnice   %idle
10:43:34 AM  all    0.00    0.00   13.90    0.00    0.25   28.41    0.00    0.00    0.00   57.44
10:43:34 AM    0    0.00    0.00    0.99    0.00    0.99   74.26    0.00    0.00    0.00   23.76
10:43:34 AM    1    0.00    0.00    0.00    0.00    1.00   99.00    0.00    0.00    0.00    0.00
10:43:34 AM    2    0.00    0.00   21.78    0.00    0.00   13.86    0.00    0.00    0.00   64.36
10:43:34 AM    3    0.00    0.00    0.00    0.00    0.00    0.00    0.00    0.00    0.00  100.00
10:43:34 AM    4    0.00    0.00   21.78    0.00    0.00    3.96    0.00    0.00    0.00   74.26
10:43:34 AM    5    0.00    0.00   58.42    0.00    0.00   23.76    0.00    0.00    0.00   17.82
10:43:34 AM    6    0.00    0.00    0.00    0.00    0.00    0.00    0.00    0.00    0.00  100.00
10:43:34 AM    7    0.00    0.00    7.92    0.00    0.00   12.87    0.00    0.00    0.00   79.21

10:43:34 AM  CPU    %usr   %nice    %sys %iowait    %irq   %soft  %steal  %guest  %gnice   %idle
10:43:35 AM  all    0.00    0.00   16.81    0.00    0.37   25.28    0.00    0.00    0.00   57.53
10:43:35 AM    0    0.00    0.00    1.00    0.00    1.00   85.00    0.00    0.00    0.00   13.00
10:43:35 AM    1    0.00    0.00    1.00    0.00    1.00   79.00    0.00    0.00    0.00   19.00
10:43:35 AM    2    0.00    0.00    0.00    0.00    0.00    0.00    0.00    0.00    0.00  100.00
10:43:35 AM    3    0.00    0.00    0.00    0.00    0.00    0.00    0.00    0.00    0.00  100.00
10:43:35 AM    4    0.00    0.00   63.64    0.00    0.00    7.07    0.00    0.00    0.00   29.29
10:43:35 AM    5    0.00    0.00   45.10    0.00    0.98   16.67    0.00    0.00    0.00   37.25
10:43:35 AM    6    0.00    0.00    2.97    0.00    0.00    0.00    0.00    0.00    0.00   97.03
10:43:35 AM    7    0.00    0.00   21.00    0.00    0.00   15.00    0.00    0.00    0.00   64.00

10:43:35 AM  CPU    %usr   %nice    %sys %iowait    %irq   %soft  %steal  %guest  %gnice   %idle
10:43:36 AM  all    0.00    0.00   14.23    0.00    0.25   26.84    0.00    0.00    0.00   58.68
10:43:36 AM    0    0.00    0.00    0.99    0.00    0.99   85.15    0.00    0.00    0.00   12.87
10:43:36 AM    1    0.00    0.00    0.00    0.00    1.00   99.00    0.00    0.00    0.00    0.00
10:43:36 AM    2    0.00    0.00    0.00    0.00    0.00    0.00    0.00    0.00    0.00  100.00
10:43:36 AM    3    0.00    0.00    7.00    0.00    0.00    8.00    0.00    0.00    0.00   85.00
10:43:36 AM    4    0.00    0.00   43.56    0.00    0.00    4.95    0.00    0.00    0.00   51.49
10:43:36 AM    5    0.00    0.00    5.05    0.00    0.00    3.03    0.00    0.00    0.00   91.92
10:43:36 AM    6    0.00    0.00   40.00    0.00    0.00    5.00    0.00    0.00    0.00   55.00
10:43:36 AM    7    0.00    0.00   17.00    0.00    0.00    9.00    0.00    0.00    0.00   74.00

10:43:36 AM  CPU    %usr   %nice    %sys %iowait    %irq   %soft  %steal  %guest  %gnice   %idle
10:43:37 AM  all    0.00    0.00   16.50    0.00    0.37   30.40    0.00    0.00    0.00   52.73
10:43:37 AM    0    0.00    0.00    0.00    0.00    1.00   99.00    0.00    0.00    0.00    0.00
10:43:37 AM    1    0.00    0.00    0.98    0.00    1.96   97.06    0.00    0.00    0.00    0.00
10:43:37 AM    2    0.00    0.00   30.69    0.00    0.00    5.94    0.00    0.00    0.00   63.37
10:43:37 AM    3    0.00    0.00   62.00    0.00    0.00   19.00    0.00    0.00    0.00   19.00
10:43:37 AM    4    0.00    0.00    0.00    0.00    0.00    0.00    0.00    0.00    0.00  100.00
10:43:37 AM    5    0.00    0.00    0.00    0.00    0.00    0.00    0.00    0.00    0.00  100.00
10:43:37 AM    6    0.00    0.00   12.00    0.00    0.00    4.00    0.00    0.00    0.00   84.00
10:43:37 AM    7    0.00    0.00   26.73    0.00    0.00   17.82    0.00    0.00    0.00   55.45

10:43:37 AM  CPU    %usr   %nice    %sys %iowait    %irq   %soft  %steal  %guest  %gnice   %idle
10:43:38 AM  all    0.00    0.00   12.08    0.00    0.25   20.55    0.00    0.00    0.00   67.12
10:43:38 AM    0    0.00    0.00    0.00    0.00    1.01   82.83    0.00    0.00    0.00   16.16
10:43:38 AM    1    0.00    0.00    0.00    0.00    0.00   53.00    0.00    0.00    0.00   47.00
10:43:38 AM    2    0.00    0.00    0.00    0.00    0.00    0.00    0.00    0.00    0.00  100.00
10:43:38 AM    3    0.00    0.00    0.00    0.00    0.00    0.00    0.00    0.00    0.00  100.00
10:43:38 AM    4    0.00    0.00    0.00    0.00    0.99    0.00    0.00    0.00    0.00   99.01
10:43:38 AM    5    0.00    0.00   12.87    0.00    0.00   15.84    0.00    0.00    0.00   71.29
10:43:38 AM    6    0.00    0.00   80.20    0.00    0.00   11.88    0.00    0.00    0.00    7.92
10:43:38 AM    7    0.00    0.00    3.00    0.00    0.00    2.00    0.00    0.00    0.00   95.00

10:43:38 AM  CPU    %usr   %nice    %sys %iowait    %irq   %soft  %steal  %guest  %gnice   %idle
10:43:39 AM  all    0.00    0.00   14.45    0.00    0.25   27.26    0.00    0.00    0.00   58.04
10:43:39 AM    0    0.00    0.00    1.00    0.00    1.00   46.00    0.00    0.00    0.00   52.00
10:43:39 AM    1    0.00    0.00    0.00    0.00    1.01   98.99    0.00    0.00    0.00    0.00
10:43:39 AM    2    0.00    0.00    0.00    0.00    0.00    0.00    0.00    0.00    0.00  100.00
10:43:39 AM    3    0.00    0.00   16.16    0.00    0.00   18.18    0.00    0.00    0.00   65.66
10:43:39 AM    4    0.00    0.00   37.37    0.00    0.00   32.32    0.00    0.00    0.00   30.30
10:43:39 AM    5    0.00    0.00    1.00    0.00    0.00    5.00    0.00    0.00    0.00   94.00
10:43:39 AM    6    0.00    0.00   25.25    0.00    0.00    5.05    0.00    0.00    0.00   69.70
10:43:39 AM    7    0.00    0.00   35.00    0.00    0.00   13.00    0.00    0.00    0.00   52.00

10:43:39 AM  CPU    %usr   %nice    %sys %iowait    %irq   %soft  %steal  %guest  %gnice   %idle
10:43:40 AM  all    0.00    0.00   14.36    0.00    0.25   27.97    0.00    0.00    0.00   57.43
10:43:40 AM    0    0.00    0.00    0.00    0.00    0.99   84.16    0.00    0.00    0.00   14.85
10:43:40 AM    1    0.00    0.00    0.98    0.00    0.98   85.29    0.00    0.00    0.00   12.75
10:43:40 AM    2    0.00    0.00   19.00    0.00    0.00   22.00    0.00    0.00    0.00   59.00
10:43:40 AM    3    0.00    0.00   42.16    0.00    0.00    6.86    0.00    0.00    0.00   50.98
10:43:40 AM    4    0.00    0.00   20.79    0.00    0.00   13.86    0.00    0.00    0.00   65.35
10:43:40 AM    5    0.00    0.00    0.00    0.00    0.00    0.00    0.00    0.00    0.00  100.00
10:43:40 AM    6    0.00    0.00   19.00    0.00    0.00    6.00    0.00    0.00    0.00   75.00
10:43:40 AM    7    0.00    0.00   12.87    0.00    0.00    4.95    0.00    0.00    0.00   82.18

10:43:40 AM  CPU    %usr   %nice    %sys %iowait    %irq   %soft  %steal  %guest  %gnice   %idle
10:43:41 AM  all    0.00    0.00   16.92    0.00    0.38   28.70    0.00    0.00    0.00   54.01
10:43:41 AM    0    0.00    0.00    0.00    0.00    1.01   96.97    0.00    0.00    0.00    2.02
10:43:41 AM    1    0.00    0.00    0.00    0.00    2.00   98.00    0.00    0.00    0.00    0.00
10:43:41 AM    2    0.00    0.00   14.00    0.00    0.00   14.00    0.00    0.00    0.00   72.00
10:43:41 AM    3    0.00    0.00    4.04    0.00    0.00    3.03    0.00    0.00    0.00   92.93
10:43:41 AM    4    0.00    0.00    0.00    0.00    0.00    0.00    0.00    0.00    0.00  100.00
10:43:41 AM    5    0.00    0.00    0.00    0.00    0.00    0.00    0.00    0.00    0.00  100.00
10:43:41 AM    6    0.00    0.00   80.00    0.00    0.00   17.00    0.00    0.00    0.00    3.00
10:43:41 AM    7    0.00    0.00   37.00    0.00    0.00    1.00    0.00    0.00    0.00   62.00

10:43:41 AM  CPU    %usr   %nice    %sys %iowait    %irq   %soft  %steal  %guest  %gnice   %idle
10:43:42 AM  all    0.00    0.00   11.39    0.00    0.25   25.91    0.00    0.00    0.00   62.45
10:43:42 AM    0    0.00    0.00    0.99    0.00    0.99   50.50    0.00    0.00    0.00   47.52
10:43:42 AM    1    0.00    0.00    0.00    0.00    1.00   93.00    0.00    0.00    0.00    6.00
10:43:42 AM    2    0.00    0.00   49.49    0.00    0.00   18.18    0.00    0.00    0.00   32.32
10:43:42 AM    3    0.00    0.00   15.15    0.00    0.00   12.12    0.00    0.00    0.00   72.73
10:43:42 AM    4    0.00    0.00   15.00    0.00    0.00   20.00    0.00    0.00    0.00   65.00
10:43:42 AM    5    0.00    0.00    0.00    0.00    0.00    0.00    0.00    0.00    0.00  100.00
10:43:42 AM    6    0.00    0.00   11.00    0.00    0.00   13.00    0.00    0.00    0.00   76.00
10:43:42 AM    7    0.00    0.00    0.00    0.00    0.00    0.00    0.00    0.00    0.00  100.00

10:43:42 AM  CPU    %usr   %nice    %sys %iowait    %irq   %soft  %steal  %guest  %gnice   %idle
10:43:43 AM  all    0.00    0.00   17.74    0.12    0.12   24.57    0.00    0.00    0.00   57.44
10:43:43 AM    0    0.00    0.00    0.00    0.00    0.99   86.14    0.00    0.00    0.00   12.87
10:43:43 AM    1    0.00    0.00    0.00    0.99    0.00   58.42    0.00    0.00    0.00   40.59
10:43:43 AM    2    0.00    0.00   16.67    0.00    0.00    8.82    0.00    0.00    0.00   74.51
10:43:43 AM    3    0.00    0.00   21.78    0.00    0.00   13.86    0.00    0.00    0.00   64.36
10:43:43 AM    4    0.00    0.00   22.00    0.00    0.00   21.00    0.00    0.00    0.00   57.00
10:43:43 AM    5    0.00    0.00    0.00    0.00    0.00    0.00    0.00    0.00    0.00  100.00
10:43:43 AM    6    0.00    0.00   44.55    0.00    0.00    7.92    0.00    0.00    0.00   47.52
10:43:43 AM    7    0.00    0.00   37.00    0.00    0.00    0.00    0.00    0.00    0.00   63.00

10:43:43 AM  CPU    %usr   %nice    %sys %iowait    %irq   %soft  %steal  %guest  %gnice   %idle
10:43:44 AM  all    0.00    0.00   15.02    0.00    0.50   29.29    0.00    0.00    0.00   55.19
10:43:44 AM    0    0.00    0.00    0.00    0.00    1.01   67.68    0.00    0.00    0.00   31.31
10:43:44 AM    1    0.00    0.00    0.00    0.00    2.00   98.00    0.00    0.00    0.00    0.00
10:43:44 AM    2    0.00    0.00   38.38    0.00    0.00   12.12    0.00    0.00    0.00   49.49
10:43:44 AM    3    0.00    0.00   30.00    0.00    0.00    6.00    0.00    0.00    0.00   64.00
10:43:44 AM    4    0.00    0.00   16.00    0.00    0.00   11.00    0.00    0.00    0.00   73.00
10:43:44 AM    5    0.00    0.00   15.15    0.00    0.00   16.16    0.00    0.00    0.00   68.69
10:43:44 AM    6    0.00    0.00    3.96    0.00    0.00    5.94    0.00    0.00    0.00   90.10
10:43:44 AM    7    0.00    0.00   16.83    0.00    0.99   17.82    0.00    0.00    0.00   64.36

10:43:44 AM  CPU    %usr   %nice    %sys %iowait    %irq   %soft  %steal  %guest  %gnice   %idle
10:43:45 AM  all    0.12    0.00   16.73    0.00    0.25   29.21    0.00    0.00    0.00   53.68
10:43:45 AM    0    0.00    0.00    2.00    0.00    1.00   85.00    0.00    0.00    0.00   12.00
10:43:45 AM    1    1.00    0.00    1.00    0.00    1.00   88.00    0.00    0.00    0.00    9.00
10:43:45 AM    2    0.00    0.00   10.89    0.00    0.00   10.89    0.00    0.00    0.00   78.22
10:43:45 AM    3    0.00    0.00    0.00    0.00    0.00    0.00    0.00    0.00    0.00  100.00
10:43:45 AM    4    0.00    0.00   44.00    0.00    0.00   25.00    0.00    0.00    0.00   31.00
10:43:45 AM    5    0.00    0.00    0.99    0.00    0.00    2.97    0.00    0.00    0.00   96.04
10:43:45 AM    6    0.00    0.00   46.46    0.00    0.00   15.15    0.00    0.00    0.00   38.38
10:43:45 AM    7    0.00    0.00   29.00    0.00    0.00    7.00    0.00    0.00    0.00   64.00

10:43:45 AM  CPU    %usr   %nice    %sys %iowait    %irq   %soft  %steal  %guest  %gnice   %idle
10:43:46 AM  all    0.00    0.00   13.36    0.00    0.25   34.33    0.00    0.00    0.00   52.06
10:43:46 AM    0    0.00    0.00    0.00    0.00    1.01   98.99    0.00    0.00    0.00    0.00
10:43:46 AM    1    0.00    0.00    0.99    0.00    0.99   96.04    0.00    0.00    0.00    1.98
10:43:46 AM    2    0.00    0.00   18.18    0.00    0.00   17.17    0.00    0.00    0.00   64.65
10:43:46 AM    3    0.00    0.00   19.80    0.00    0.00   14.85    0.00    0.00    0.00   65.35
10:43:46 AM    4    0.00    0.00    0.00    0.00    0.00    2.00    0.00    0.00    0.00   98.00
10:43:46 AM    5    0.00    0.00   39.00    0.00    0.00   30.00    0.00    0.00    0.00   31.00
10:43:46 AM    6    0.00    0.00    6.00    0.00    0.00    4.00    0.00    0.00    0.00   90.00
10:43:46 AM    7    0.00    0.00   22.77    0.00    0.00   11.88    0.00    0.00    0.00   65.35

10:43:46 AM  CPU    %usr   %nice    %sys %iowait    %irq   %soft  %steal  %guest  %gnice   %idle
10:43:47 AM  all    0.00    0.00   15.78    0.00    0.37   31.30    0.00    0.00    0.00   52.55
10:43:47 AM    0    0.00    0.00    0.98    0.00    0.98   87.25    0.00    0.00    0.00   10.78
10:43:47 AM    1    0.00    0.00    0.00    0.00    1.00   99.00    0.00    0.00    0.00    0.00
10:43:47 AM    2    0.00    0.00   37.62    0.00    0.00   10.89    0.00    0.00    0.00   51.49
10:43:47 AM    3    0.00    0.00   31.00    0.00    0.00    5.00    0.00    0.00    0.00   64.00
10:43:47 AM    4    0.00    0.00   26.00    0.00    0.00   20.00    0.00    0.00    0.00   54.00
10:43:47 AM    5    0.00    0.00    0.00    0.00    0.00    0.00    0.00    0.00    0.00  100.00
10:43:47 AM    6    0.00    0.00   14.71    0.00    0.98    9.80    0.00    0.00    0.00   74.51
10:43:47 AM    7    0.00    0.00   16.00    0.00    0.00   18.00    0.00    0.00    0.00   66.00

10:43:47 AM  CPU    %usr   %nice    %sys %iowait    %irq   %soft  %steal  %guest  %gnice   %idle
10:43:48 AM  all    0.00    0.00   13.38    0.00    0.38   30.25    0.00    0.00    0.00   56.00
10:43:48 AM    0    0.00    0.00    0.00    0.00    1.01   75.76    0.00    0.00    0.00   23.23
10:43:48 AM    1    0.00    0.00    1.00    0.00    1.00   98.00    0.00    0.00    0.00    0.00
10:43:48 AM    2    0.00    0.00   51.52    0.00    0.00   30.30    0.00    0.00    0.00   18.18
10:43:48 AM    3    0.00    0.00    0.00    0.00    0.00    0.00    0.00    0.00    0.00  100.00
10:43:48 AM    4    0.00    0.00   32.35    0.00    0.98   26.47    0.00    0.00    0.00   40.20
10:43:48 AM    5    0.00    0.00    0.00    0.00    0.00    0.00    0.00    0.00    0.00  100.00
10:43:48 AM    6    0.00    0.00   22.00    0.00    0.00   12.00    0.00    0.00    0.00   66.00
10:43:48 AM    7    0.00    0.00    0.00    0.00    0.00    0.00    0.00    0.00    0.00  100.00

10:43:48 AM  CPU    %usr   %nice    %sys %iowait    %irq   %soft  %steal  %guest  %gnice   %idle
10:43:49 AM  all    0.00    0.00   13.66    0.00    0.50   31.43    0.00    0.00    0.00   54.41
10:43:49 AM    0    0.00    0.00    0.00    0.00    1.98   97.03    0.00    0.00    0.00    0.99
10:43:49 AM    1    0.00    0.00    0.00    0.00    0.99   74.26    0.00    0.00    0.00   24.75
10:43:49 AM    2    0.00    0.00   25.24    0.00    0.97   12.62    0.00    0.00    0.00   61.17
10:43:49 AM    3    0.00    0.00   22.77    0.00    0.00   12.87    0.00    0.00    0.00   64.36
10:43:49 AM    4    0.00    0.00   40.40    0.00    0.00   40.40    0.00    0.00    0.00   19.19
10:43:49 AM    5    0.00    0.00    0.00    0.00    0.00    0.00    0.00    0.00    0.00  100.00
10:43:49 AM    6    0.00    0.00   21.00    0.00    0.00   14.00    0.00    0.00    0.00   65.00
10:43:49 AM    7    0.00    0.00    0.00    0.00    0.00    0.00    0.00    0.00    0.00  100.00

10:43:49 AM  CPU    %usr   %nice    %sys %iowait    %irq   %soft  %steal  %guest  %gnice   %idle
10:43:50 AM  all    0.00    0.00   14.45    0.00    0.25   24.41    0.00    0.00    0.00   60.90
10:43:50 AM    0    0.00    0.00    0.00    0.00    1.00   99.00    0.00    0.00    0.00    0.00
10:43:50 AM    1    0.00    0.00    0.00    0.00    0.99   24.75    0.00    0.00    0.00   74.26
10:43:50 AM    2    0.00    0.00   34.00    0.00    0.00   11.00    0.00    0.00    0.00   55.00
10:43:50 AM    3    0.00    0.00   31.00    0.00    0.00    5.00    0.00    0.00    0.00   64.00
10:43:50 AM    4    0.00    0.00   12.87    0.00    0.00   10.89    0.00    0.00    0.00   76.24
10:43:50 AM    5    0.00    0.00   15.84    0.00    0.00   18.81    0.00    0.00    0.00   65.35
10:43:50 AM    6    0.00    0.00    6.00    0.00    0.00    8.00    0.00    0.00    0.00   86.00
10:43:50 AM    7    0.00    0.00   16.00    0.00    0.00   18.00    0.00    0.00    0.00   66.00

Average:     CPU    %usr   %nice    %sys %iowait    %irq   %soft  %steal  %guest  %gnice   %idle
Average:     all    0.01    0.00   15.00    0.01    0.30   27.46    0.00    0.00    0.00   57.22
Average:       0    0.03    0.00    0.45    0.05    1.03   81.34    0.00    0.00    0.00   17.09
Average:       1    0.08    0.00    0.38    0.05    1.01   81.96    0.00    0.00    0.00   16.51
Average:       2    0.00    0.00   19.99    0.00    0.07   10.54    0.00    0.00    0.00   69.40
Average:       3    0.00    0.00   16.17    0.00    0.03    7.06    0.00    0.00    0.00   76.73
Average:       4    0.00    0.00   15.39    0.00    0.07    8.63    0.00    0.00    0.00   75.91
Average:       5    0.00    0.00   16.40    0.00    0.05   10.11    0.00    0.00    0.00   73.45
Average:       6    0.00    0.00   24.51    0.00    0.05    9.11    0.00    0.00    0.00   66.33
Average:       7    0.00    0.00   26.66    0.00    0.07   10.94    0.00    0.00    0.00   62.33
