Linux 7.2.0-rc1 (hp5) 	07/11/2026 	_x86_64_	(8 CPU)

09:12:35 PM  CPU    %usr   %nice    %sys %iowait    %irq   %soft  %steal  %guest  %gnice   %idle
09:12:36 PM  all    0.25    0.00   10.55    0.00    0.12   29.78    0.00    0.00    0.00   59.31
09:12:36 PM    0    0.98    0.00    1.96    0.00    0.98   77.45    0.00    0.00    0.00   18.63
09:12:36 PM    1    1.00    0.00    1.00    0.00    0.00   98.00    0.00    0.00    0.00    0.00
09:12:36 PM    2    0.00    0.00    0.00    0.00    0.00    0.00    0.00    0.00    0.00  100.00
09:12:36 PM    3    0.00    0.00   22.77    0.00    0.00   18.81    0.00    0.00    0.00   58.42
09:12:36 PM    4    0.00    0.00    4.81    0.00    0.00    9.62    0.00    0.00    0.00   85.58
09:12:36 PM    5    0.00    0.00   17.00    0.00    0.00   11.00    0.00    0.00    0.00   72.00
09:12:36 PM    6    0.00    0.00   16.00    0.00    0.00   12.00    0.00    0.00    0.00   72.00
09:12:36 PM    7    0.00    0.00   21.21    0.00    0.00   11.11    0.00    0.00    0.00   67.68

09:12:36 PM  CPU    %usr   %nice    %sys %iowait    %irq   %soft  %steal  %guest  %gnice   %idle
09:12:37 PM  all    0.00    0.00    9.43    0.00    0.25   26.54    0.00    0.00    0.00   63.77
09:12:37 PM    0    0.00    0.00    0.00    0.00    0.00   67.00    0.00    0.00    0.00   33.00
09:12:37 PM    1    0.00    0.00    1.00    0.00    0.00   78.00    0.00    0.00    0.00   21.00
09:12:37 PM    2    0.00    0.00    0.00    0.00    0.00    0.00    0.00    0.00    0.00  100.00
09:12:37 PM    3    0.00    0.00   25.00    0.00    1.00   21.00    0.00    0.00    0.00   53.00
09:12:37 PM    4    0.00    0.00   11.58    0.00    0.00   12.63    0.00    0.00    0.00   75.79
09:12:37 PM    5    0.00    0.00    0.00    0.00    0.00    0.00    0.00    0.00    0.00  100.00
09:12:37 PM    6    0.00    0.00   24.75    0.00    0.00   20.79    0.00    0.00    0.00   54.46
09:12:37 PM    7    0.00    0.00   13.13    0.00    1.01   12.12    0.00    0.00    0.00   73.74

09:12:37 PM  CPU    %usr   %nice    %sys %iowait    %irq   %soft  %steal  %guest  %gnice   %idle
09:12:38 PM  all    0.00    0.00   11.30    0.00    0.37   27.83    0.00    0.00    0.00   60.50
09:12:38 PM    0    0.00    0.00    0.00    0.00    0.99   87.13    0.00    0.00    0.00   11.88
09:12:38 PM    1    0.00    0.00    0.00    0.00    0.99   72.28    0.00    0.00    0.00   26.73
09:12:38 PM    2    0.00    0.00    0.00    0.00    0.00    0.00    0.00    0.00    0.00  100.00
09:12:38 PM    3    0.00    0.00    2.94    0.00    0.00    3.92    0.00    0.00    0.00   93.14
09:12:38 PM    4    0.00    0.00   21.00    0.00    0.00   16.00    0.00    0.00    0.00   63.00
09:12:38 PM    5    0.00    0.00    6.06    0.00    0.00    3.03    0.00    0.00    0.00   90.91
09:12:38 PM    6    0.00    0.00   28.71    0.00    0.99   13.86    0.00    0.00    0.00   56.44
09:12:38 PM    7    0.00    0.00   32.00    0.00    0.00   26.00    0.00    0.00    0.00   42.00

09:12:38 PM  CPU    %usr   %nice    %sys %iowait    %irq   %soft  %steal  %guest  %gnice   %idle
09:12:39 PM  all    0.00    0.00   11.59    0.00    0.00   23.93    0.00    0.00    0.00   64.48
09:12:39 PM    0    0.00    0.00    1.02    0.00    0.00   78.57    0.00    0.00    0.00   20.41
09:12:39 PM    1    0.00    0.00    0.00    0.00    0.00   73.74    0.00    0.00    0.00   26.26
09:12:39 PM    2    0.00    0.00    0.00    0.00    0.00    0.00    0.00    0.00    0.00  100.00
09:12:39 PM    3    0.00    0.00   12.24    0.00    0.00   10.20    0.00    0.00    0.00   77.55
09:12:39 PM    4    0.00    0.00   14.00    0.00    0.00    9.00    0.00    0.00    0.00   77.00
09:12:39 PM    5    0.00    0.00   15.00    0.00    0.00    9.00    0.00    0.00    0.00   76.00
09:12:39 PM    6    0.00    0.00   50.00    0.00    0.00   12.00    0.00    0.00    0.00   38.00
09:12:39 PM    7    0.00    0.00    0.00    0.00    0.00    0.00    0.00    0.00    0.00  100.00

09:12:39 PM  CPU    %usr   %nice    %sys %iowait    %irq   %soft  %steal  %guest  %gnice   %idle
09:12:40 PM  all    0.00    0.00   10.74    0.00    0.12   27.47    0.00    0.00    0.00   61.67
09:12:40 PM    0    0.00    0.00    0.00    0.00    0.00   94.00    0.00    0.00    0.00    6.00
09:12:40 PM    1    0.00    0.00    0.00    0.00    0.00   60.61    0.00    0.00    0.00   39.39
09:12:40 PM    2    0.00    0.00   42.00    0.00    0.00   28.00    0.00    0.00    0.00   30.00
09:12:40 PM    3    0.00    0.00   22.22    0.00    0.00   16.16    0.00    0.00    0.00   61.62
09:12:40 PM    4    0.00    0.00    0.00    0.00    0.00    0.00    0.00    0.00    0.00  100.00
09:12:40 PM    5    0.00    0.00   11.88    0.00    0.99   13.86    0.00    0.00    0.00   73.27
09:12:40 PM    6    0.00    0.00    3.00    0.00    0.00    2.00    0.00    0.00    0.00   95.00
09:12:40 PM    7    0.00    0.00    6.86    0.00    0.00    5.88    0.00    0.00    0.00   87.25

09:12:40 PM  CPU    %usr   %nice    %sys %iowait    %irq   %soft  %steal  %guest  %gnice   %idle
09:12:41 PM  all    0.00    0.00    9.83    0.12    0.37   25.75    0.00    0.00    0.00   63.93
09:12:41 PM    0    0.00    0.00    0.00    0.00    0.99   99.01    0.00    0.00    0.00    0.00
09:12:41 PM    1    0.00    0.00    0.97    0.97    0.97   38.83    0.00    0.00    0.00   58.25
09:12:41 PM    2    0.00    0.00   21.00    0.00    1.00   23.00    0.00    0.00    0.00   55.00
09:12:41 PM    3    0.00    0.00   14.00    0.00    0.00   16.00    0.00    0.00    0.00   70.00
09:12:41 PM    4    0.00    0.00    0.00    0.00    0.00    0.00    0.00    0.00    0.00  100.00
09:12:41 PM    5    0.00    0.00   21.00    0.00    0.00    9.00    0.00    0.00    0.00   70.00
09:12:41 PM    6    0.00    0.00    0.00    0.00    0.00    0.00    0.00    0.00    0.00  100.00
09:12:41 PM    7    0.00    0.00   22.22    0.00    0.00   19.19    0.00    0.00    0.00   58.59

09:12:41 PM  CPU    %usr   %nice    %sys %iowait    %irq   %soft  %steal  %guest  %gnice   %idle
09:12:42 PM  all    0.00    0.00   10.34    0.00    0.12   30.88    0.00    0.00    0.00   58.66
09:12:42 PM    0    0.00    0.00    0.00    0.00    0.00  100.00    0.00    0.00    0.00    0.00
09:12:42 PM    1    0.00    0.00    0.00    0.00    0.00   89.90    0.00    0.00    0.00   10.10
09:12:42 PM    2    0.00    0.00   15.53    0.00    0.00   10.68    0.00    0.00    0.00   73.79
09:12:42 PM    3    0.00    0.00   22.33    0.00    0.97   19.42    0.00    0.00    0.00   57.28
09:12:42 PM    4    0.00    0.00    0.00    0.00    0.00    0.00    0.00    0.00    0.00  100.00
09:12:42 PM    5    0.00    0.00   25.00    0.00    0.00   18.00    0.00    0.00    0.00   57.00
09:12:42 PM    6    0.00    0.00   18.18    0.00    0.00   11.11    0.00    0.00    0.00   70.71
09:12:42 PM    7    0.00    0.00    1.00    0.00    0.00    0.00    0.00    0.00    0.00   99.00

09:12:42 PM  CPU    %usr   %nice    %sys %iowait    %irq   %soft  %steal  %guest  %gnice   %idle
09:12:43 PM  all    0.00    0.00   11.30    0.00    0.25   22.61    0.00    0.00    0.00   65.84
09:12:43 PM    0    0.00    0.00    0.00    0.00    0.98   99.02    0.00    0.00    0.00    0.00
09:12:43 PM    1    0.00    0.00    0.00    0.00    0.00   44.55    0.00    0.00    0.00   55.45
09:12:43 PM    2    0.00    0.00   21.21    0.00    0.00    9.09    0.00    0.00    0.00   69.70
09:12:43 PM    3    0.00    0.00    4.00    0.00    0.00    6.00    0.00    0.00    0.00   90.00
09:12:43 PM    4    0.00    0.00   40.20    0.00    0.98    3.92    0.00    0.00    0.00   54.90
09:12:43 PM    5    0.00    0.00    4.95    0.00    0.00    4.95    0.00    0.00    0.00   90.10
09:12:43 PM    6    0.00    0.00   17.00    0.00    0.00   10.00    0.00    0.00    0.00   73.00
09:12:43 PM    7    0.00    0.00    3.00    0.00    0.00    2.00    0.00    0.00    0.00   95.00

09:12:43 PM  CPU    %usr   %nice    %sys %iowait    %irq   %soft  %steal  %guest  %gnice   %idle
09:12:44 PM  all    0.12    0.00    8.74    0.00    0.25   26.34    0.00    0.00    0.00   64.54
09:12:44 PM    0    1.01    0.00    1.01    0.00    0.00   44.44    0.00    0.00    0.00   53.54
09:12:44 PM    1    0.00    0.00    0.00    0.00    1.00   99.00    0.00    0.00    0.00    0.00
09:12:44 PM    2    0.00    0.00    7.92    0.00    0.00    9.90    0.00    0.00    0.00   82.18
09:12:44 PM    3    0.00    0.00   13.27    0.00    0.00   14.29    0.00    0.00    0.00   72.45
09:12:44 PM    4    0.00    0.00   12.87    0.00    0.00    8.91    0.00    0.00    0.00   78.22
09:12:44 PM    5    0.00    0.00    0.00    0.00    0.00    0.00    0.00    0.00    0.00  100.00
09:12:44 PM    6    0.00    0.00    8.82    0.00    0.00   10.78    0.00    0.00    0.00   80.39
09:12:44 PM    7    0.00    0.00   25.74    0.00    0.99   23.76    0.00    0.00    0.00   49.50

09:12:44 PM  CPU    %usr   %nice    %sys %iowait    %irq   %soft  %steal  %guest  %gnice   %idle
09:12:45 PM  all    0.00    0.00    9.91    0.00    0.25   24.34    0.00    0.00    0.00   65.50
09:12:45 PM    0    0.00    0.00    1.00    0.00    0.00   90.00    0.00    0.00    0.00    9.00
09:12:45 PM    1    0.00    0.00    0.00    0.00    0.00   38.38    0.00    0.00    0.00   61.62
09:12:45 PM    2    0.00    0.00   11.22    0.00    1.02    8.16    0.00    0.00    0.00   79.59
09:12:45 PM    3    0.00    0.00   24.75    0.00    0.00   13.86    0.00    0.00    0.00   61.39
09:12:45 PM    4    0.00    0.00   13.00    0.00    0.00   13.00    0.00    0.00    0.00   74.00
09:12:45 PM    5    0.00    0.00   12.12    0.00    0.00   14.14    0.00    0.00    0.00   73.74
09:12:45 PM    6    0.00    0.00   17.17    0.00    1.01   17.17    0.00    0.00    0.00   64.65
09:12:45 PM    7    0.00    0.00    0.00    0.00    0.00    0.00    0.00    0.00    0.00  100.00

09:12:45 PM  CPU    %usr   %nice    %sys %iowait    %irq   %soft  %steal  %guest  %gnice   %idle
09:12:46 PM  all    0.00    0.00   10.11    0.00    0.25   30.71    0.00    0.00    0.00   58.93
09:12:46 PM    0    0.00    0.00    0.00    0.00    0.99   99.01    0.00    0.00    0.00    0.00
09:12:46 PM    1    0.00    0.00    0.00    0.00    0.00   79.00    0.00    0.00    0.00   21.00
09:12:46 PM    2    0.00    0.00   28.00    0.00    0.00   21.00    0.00    0.00    0.00   51.00
09:12:46 PM    3    0.00    0.00   25.25    0.00    1.01   21.21    0.00    0.00    0.00   52.53
09:12:46 PM    4    0.00    0.00   16.83    0.00    0.00   12.87    0.00    0.00    0.00   70.30
09:12:46 PM    5    0.00    0.00    0.00    0.00    0.00    0.00    0.00    0.00    0.00  100.00
09:12:46 PM    6    0.00    0.00    0.00    0.00    0.00    0.00    0.00    0.00    0.00  100.00
09:12:46 PM    7    0.00    0.00   11.00    0.00    0.00   12.00    0.00    0.00    0.00   77.00

09:12:46 PM  CPU    %usr   %nice    %sys %iowait    %irq   %soft  %steal  %guest  %gnice   %idle
09:12:47 PM  all    0.00    0.00   12.23    0.00    0.25   30.96    0.00    0.00    0.00   56.55
09:12:47 PM    0    0.00    0.00    0.00    0.00    0.00  100.00    0.00    0.00    0.00    0.00
09:12:47 PM    1    0.00    0.00    0.99    0.00    0.99   90.10    0.00    0.00    0.00    7.92
09:12:47 PM    2    0.00    0.00   23.76    0.00    0.00    7.92    0.00    0.00    0.00   68.32
09:12:47 PM    3    0.00    0.00    0.99    0.00    0.00    0.99    0.00    0.00    0.00   98.02
09:12:47 PM    4    0.00    0.00   26.80    0.00    0.00   18.56    0.00    0.00    0.00   54.64
09:12:47 PM    5    0.00    0.00   27.45    0.00    0.98   18.63    0.00    0.00    0.00   52.94
09:12:47 PM    6    0.00    0.00    0.00    0.00    0.00    0.00    0.00    0.00    0.00  100.00
09:12:47 PM    7    0.00    0.00   18.00    0.00    0.00   12.00    0.00    0.00    0.00   70.00

09:12:47 PM  CPU    %usr   %nice    %sys %iowait    %irq   %soft  %steal  %guest  %gnice   %idle
09:12:48 PM  all    0.00    0.00    9.25    0.00    0.25   22.12    0.00    0.00    0.00   68.38
09:12:48 PM    0    0.00    0.00    0.00    0.00    0.99   99.01    0.00    0.00    0.00    0.00
09:12:48 PM    1    0.00    0.00    0.00    0.00    0.00    2.02    0.00    0.00    0.00   97.98
09:12:48 PM    2    0.00    0.00   14.14    0.00    0.00   15.15    0.00    0.00    0.00   70.71
09:12:48 PM    3    0.00    0.00   29.00    0.00    0.00   28.00    0.00    0.00    0.00   43.00
09:12:48 PM    4    0.00    0.00   20.59    0.00    0.98   22.55    0.00    0.00    0.00   55.88
09:12:48 PM    5    0.00    0.00    8.00    0.00    0.00    8.00    0.00    0.00    0.00   84.00
09:12:48 PM    6    0.00    0.00    0.00    0.00    0.00    0.00    0.00    0.00    0.00  100.00
09:12:48 PM    7    0.00    0.00    2.02    0.00    0.00    1.01    0.00    0.00    0.00   96.97

09:12:48 PM  CPU    %usr   %nice    %sys %iowait    %irq   %soft  %steal  %guest  %gnice   %idle
09:12:49 PM  all    0.13    0.00   10.54    0.00    0.25   30.36    0.00    0.00    0.00   58.72
09:12:49 PM    0    1.00    0.00    1.00    0.00    0.00   87.00    0.00    0.00    0.00   11.00
09:12:49 PM    1    0.00    0.00    1.00    0.00    0.00   99.00    0.00    0.00    0.00    0.00
09:12:49 PM    2    0.00    0.00    0.00    0.00    0.00    0.00    0.00    0.00    0.00  100.00
09:12:49 PM    3    0.00    0.00   22.00    0.00    1.00   20.00    0.00    0.00    0.00   57.00
09:12:49 PM    4    0.00    0.00   16.33    0.00    0.00   11.22    0.00    0.00    0.00   72.45
09:12:49 PM    5    0.00    0.00    7.07    0.00    0.00    9.09    0.00    0.00    0.00   83.84
09:12:49 PM    6    0.00    0.00   18.18    0.00    0.00    9.09    0.00    0.00    0.00   72.73
09:12:49 PM    7    0.00    0.00   18.81    0.00    0.99    6.93    0.00    0.00    0.00   73.27

09:12:49 PM  CPU    %usr   %nice    %sys %iowait    %irq   %soft  %steal  %guest  %gnice   %idle
09:12:50 PM  all    0.00    0.00   10.04    0.00    0.12   20.20    0.00    0.00    0.00   69.64
09:12:50 PM    0    0.00    0.00    0.99    0.00    0.99   84.16    0.00    0.00    0.00   13.86
09:12:50 PM    1    0.00    0.00    0.00    0.00    0.00   33.66    0.00    0.00    0.00   66.34
09:12:50 PM    2    0.00    0.00    1.94    0.00    0.00    2.91    0.00    0.00    0.00   95.15
09:12:50 PM    3    0.00    0.00   17.17    0.00    0.00   19.19    0.00    0.00    0.00   63.64
09:12:50 PM    4    0.00    0.00    0.00    0.00    0.00    0.00    0.00    0.00    0.00  100.00
09:12:50 PM    5    0.00    0.00   23.00    0.00    0.00   19.00    0.00    0.00    0.00   58.00
09:12:50 PM    6    0.00    0.00    0.00    0.00    0.00    0.00    0.00    0.00    0.00  100.00
09:12:50 PM    7    0.00    0.00   37.62    0.00    0.00    2.97    0.00    0.00    0.00   59.41

09:12:50 PM  CPU    %usr   %nice    %sys %iowait    %irq   %soft  %steal  %guest  %gnice   %idle
09:12:51 PM  all    0.00    0.00    8.71    0.00    0.37   25.87    0.00    0.00    0.00   65.05
09:12:51 PM    0    0.00    0.00    0.00    0.00    0.00  100.00    0.00    0.00    0.00    0.00
09:12:51 PM    1    0.00    0.00    0.00    0.00    1.00   43.00    0.00    0.00    0.00   56.00
09:12:51 PM    2    0.00    0.00   24.75    0.00    0.99   22.77    0.00    0.00    0.00   51.49
09:12:51 PM    3    0.00    0.00    0.00    0.00    0.00    0.00    0.00    0.00    0.00  100.00
09:12:51 PM    4    0.00    0.00    0.00    0.00    0.00    0.00    0.00    0.00    0.00  100.00
09:12:51 PM    5    0.00    0.00   33.98    0.00    0.97   32.04    0.00    0.00    0.00   33.01
09:12:51 PM    6    0.00    0.00    9.90    0.00    0.00    9.90    0.00    0.00    0.00   80.20
09:12:51 PM    7    0.00    0.00    0.00    0.00    0.00    0.00    0.00    0.00    0.00  100.00

09:12:51 PM  CPU    %usr   %nice    %sys %iowait    %irq   %soft  %steal  %guest  %gnice   %idle
09:12:52 PM  all    0.00    0.00   10.38    0.00    0.00   27.88    0.00    0.00    0.00   61.75
09:12:52 PM    0    0.00    0.00    0.00    0.00    0.00  100.00    0.00    0.00    0.00    0.00
09:12:52 PM    1    0.00    0.00    0.99    0.00    0.00   63.37    0.00    0.00    0.00   35.64
09:12:52 PM    2    0.00    0.00   38.38    0.00    0.00   27.27    0.00    0.00    0.00   34.34
09:12:52 PM    3    0.00    0.00    0.00    0.00    0.00    0.00    0.00    0.00    0.00  100.00
09:12:52 PM    4    0.00    0.00   11.00    0.00    0.00    1.00    0.00    0.00    0.00   88.00
09:12:52 PM    5    0.00    0.00   19.19    0.00    0.00   14.14    0.00    0.00    0.00   66.67
09:12:52 PM    6    0.00    0.00    2.02    0.00    0.00    4.04    0.00    0.00    0.00   93.94
09:12:52 PM    7    0.00    0.00   11.88    0.00    0.00   12.87    0.00    0.00    0.00   75.25

09:12:52 PM  CPU    %usr   %nice    %sys %iowait    %irq   %soft  %steal  %guest  %gnice   %idle
09:12:53 PM  all    0.12    0.00    9.86    0.00    0.37   24.09    0.00    0.00    0.00   65.54
09:12:53 PM    0    0.00    0.00    0.00    0.00    1.00   74.00    0.00    0.00    0.00   25.00
09:12:53 PM    1    1.00    0.00    1.00    0.00    0.00   74.00    0.00    0.00    0.00   24.00
09:12:53 PM    2    0.00    0.00   58.16    0.00    1.02   22.45    0.00    0.00    0.00   18.37
09:12:53 PM    3    0.00    0.00    0.00    0.00    0.00    0.00    0.00    0.00    0.00  100.00
09:12:53 PM    4    0.00    0.00   11.00    0.00    0.00    8.00    0.00    0.00    0.00   81.00
09:12:53 PM    5    0.00    0.00    0.00    0.00    0.00    0.00    0.00    0.00    0.00  100.00
09:12:53 PM    6    0.00    0.00    9.71    0.00    0.97   14.56    0.00    0.00    0.00   74.76
09:12:53 PM    7    0.00    0.00    0.00    0.00    0.00    0.00    0.00    0.00    0.00  100.00

09:12:53 PM  CPU    %usr   %nice    %sys %iowait    %irq   %soft  %steal  %guest  %gnice   %idle
09:12:54 PM  all    0.00    0.00   12.70    0.00    0.12   31.88    0.00    0.00    0.00   55.29
09:12:54 PM    0    0.00    0.00    1.00    0.00    0.00   97.00    0.00    0.00    0.00    2.00
09:12:54 PM    1    0.00    0.00    0.00    0.00    0.99   99.01    0.00    0.00    0.00    0.00
09:12:54 PM    2    0.00    0.00   48.51    0.00    0.00   30.69    0.00    0.00    0.00   20.79
09:12:54 PM    3    0.00    0.00   25.74    0.00    0.00    9.90    0.00    0.00    0.00   64.36
09:12:54 PM    4    0.00    0.00    0.00    0.00    0.00    0.00    0.00    0.00    0.00  100.00
09:12:54 PM    5    0.00    0.00    9.00    0.00    0.00    5.00    0.00    0.00    0.00   86.00
09:12:54 PM    6    0.00    0.00    0.00    0.00    0.00    0.00    0.00    0.00    0.00  100.00
09:12:54 PM    7    0.00    0.00   17.17    0.00    0.00   13.13    0.00    0.00    0.00   69.70

09:12:54 PM  CPU    %usr   %nice    %sys %iowait    %irq   %soft  %steal  %guest  %gnice   %idle
09:12:55 PM  all    0.00    0.00    9.96    0.00    0.25   26.53    0.00    0.00    0.00   63.26
09:12:55 PM    0    0.00    0.00    0.00    0.00    0.99   71.29    0.00    0.00    0.00   27.72
09:12:55 PM    1    0.00    0.00    0.00    0.00    0.00   73.00    0.00    0.00    0.00   27.00
09:12:55 PM    2    0.00    0.00    7.84    0.00    0.00    4.90    0.00    0.00    0.00   87.25
09:12:55 PM    3    0.00    0.00   14.00    0.00    0.00   15.00    0.00    0.00    0.00   71.00
09:12:55 PM    4    0.00    0.00    2.00    0.00    0.00    0.00    0.00    0.00    0.00   98.00
09:12:55 PM    5    0.00    0.00   10.00    0.00    1.00    5.00    0.00    0.00    0.00   84.00
09:12:55 PM    6    0.00    0.00   29.59    0.00    0.00   29.59    0.00    0.00    0.00   40.82
09:12:55 PM    7    0.00    0.00   16.67    0.00    0.00   13.73    0.00    0.00    0.00   69.61

09:12:55 PM  CPU    %usr   %nice    %sys %iowait    %irq   %soft  %steal  %guest  %gnice   %idle
09:12:56 PM  all    0.00    0.00   10.34    0.00    0.50   29.14    0.00    0.00    0.00   60.02
09:12:56 PM    0    0.00    0.00    0.00    0.00    0.00   73.00    0.00    0.00    0.00   27.00
09:12:56 PM    1    0.00    0.00    0.00    0.00    0.99   99.01    0.00    0.00    0.00    0.00
09:12:56 PM    2    0.00    0.00   16.00    0.00    0.00    6.00    0.00    0.00    0.00   78.00
09:12:56 PM    3    0.00    0.00   17.82    0.00    0.99    8.91    0.00    0.00    0.00   72.28
09:12:56 PM    4    0.00    0.00   13.73    0.00    0.98   12.75    0.00    0.00    0.00   72.55
09:12:56 PM    5    0.00    0.00   11.88    0.00    0.00   12.87    0.00    0.00    0.00   75.25
09:12:56 PM    6    0.00    0.00    0.00    0.00    0.00    0.00    0.00    0.00    0.00  100.00
09:12:56 PM    7    0.00    0.00   23.47    0.00    1.02   20.41    0.00    0.00    0.00   55.10

09:12:56 PM  CPU    %usr   %nice    %sys %iowait    %irq   %soft  %steal  %guest  %gnice   %idle
09:12:57 PM  all    0.00    0.00    8.79    0.00    0.25   24.75    0.00    0.00    0.00   66.21
09:12:57 PM    0    0.00    0.00    0.98    0.00    0.98   30.39    0.00    0.00    0.00   67.65
09:12:57 PM    1    0.00    0.00    0.00    0.00    0.00  100.00    0.00    0.00    0.00    0.00
09:12:57 PM    2    0.00    0.00   17.17    0.00    1.01   17.17    0.00    0.00    0.00   64.65
09:12:57 PM    3    0.00    0.00    8.00    0.00    0.00    0.00    0.00    0.00    0.00   92.00
09:12:57 PM    4    0.00    0.00   11.76    0.00    0.00   13.73    0.00    0.00    0.00   74.51
09:12:57 PM    5    0.00    0.00    4.95    0.00    0.00    3.96    0.00    0.00    0.00   91.09
09:12:57 PM    6    0.00    0.00   11.65    0.00    0.00   14.56    0.00    0.00    0.00   73.79
09:12:57 PM    7    0.00    0.00   15.84    0.00    0.00   18.81    0.00    0.00    0.00   65.35

09:12:57 PM  CPU    %usr   %nice    %sys %iowait    %irq   %soft  %steal  %guest  %gnice   %idle
09:12:58 PM  all    0.13    0.00   10.69    0.00    0.00   29.56    0.00    0.00    0.00   59.62
09:12:58 PM    0    1.01    0.00    1.01    0.00    0.00   79.80    0.00    0.00    0.00   18.18
09:12:58 PM    1    0.00    0.00    1.01    0.00    0.00   98.99    0.00    0.00    0.00    0.00
09:12:58 PM    2    0.00    0.00   27.27    0.00    0.00   23.23    0.00    0.00    0.00   49.49
09:12:58 PM    3    0.00    0.00   14.71    0.00    0.00    7.84    0.00    0.00    0.00   77.45
09:12:58 PM    4    0.00    0.00   19.39    0.00    0.00    9.18    0.00    0.00    0.00   71.43
09:12:58 PM    5    0.00    0.00   22.45    0.00    0.00   18.37    0.00    0.00    0.00   59.18
09:12:58 PM    6    0.00    0.00    0.00    0.00    0.00    0.00    0.00    0.00    0.00  100.00
09:12:58 PM    7    0.00    0.00    0.00    0.00    0.00    0.00    0.00    0.00    0.00  100.00

09:12:58 PM  CPU    %usr   %nice    %sys %iowait    %irq   %soft  %steal  %guest  %gnice   %idle
09:12:59 PM  all    0.00    0.00   10.11    0.00    0.13   24.78    0.00    0.00    0.00   64.98
09:12:59 PM    0    0.00    0.00    0.00    0.00    0.00   55.56    0.00    0.00    0.00   44.44
09:12:59 PM    1    0.00    0.00    0.00    0.00    1.01   98.99    0.00    0.00    0.00    0.00
09:12:59 PM    2    0.00    0.00    1.00    0.00    0.00    3.00    0.00    0.00    0.00   96.00
09:12:59 PM    3    0.00    0.00    0.00    0.00    0.00    0.00    0.00    0.00    0.00  100.00
09:12:59 PM    4    0.00    0.00    4.08    0.00    0.00    5.10    0.00    0.00    0.00   90.82
09:12:59 PM    5    0.00    0.00   15.15    0.00    0.00   16.16    0.00    0.00    0.00   68.69
09:12:59 PM    6    0.00    0.00   42.27    0.00    0.00    0.00    0.00    0.00    0.00   57.73
09:12:59 PM    7    0.00    0.00   19.19    0.00    0.00   19.19    0.00    0.00    0.00   61.62

09:12:59 PM  CPU    %usr   %nice    %sys %iowait    %irq   %soft  %steal  %guest  %gnice   %idle
09:13:00 PM  all    0.00    0.00   10.80    0.00    0.61   27.48    0.00    0.00    0.00   61.10
09:13:00 PM    0    0.00    0.00    0.00    0.00    0.99   75.25    0.00    0.00    0.00   23.76
09:13:00 PM    1    0.00    0.00    0.98    0.00    0.00   76.47    0.00    0.00    0.00   22.55
09:13:00 PM    2    0.00    0.00   15.24    0.00    0.95   12.38    0.00    0.00    0.00   71.43
09:13:00 PM    3    0.00    0.00    0.00    0.00    0.00    0.00    0.00    0.00    0.00  100.00
09:13:00 PM    4    0.00    0.00    8.91    0.00    0.00    9.90    0.00    0.00    0.00   81.19
09:13:00 PM    5    0.00    0.00   19.61    0.00    0.98    8.82    0.00    0.00    0.00   70.59
09:13:00 PM    6    0.00    0.00   17.65    0.00    0.98   13.73    0.00    0.00    0.00   67.65
09:13:00 PM    7    0.00    0.00   23.76    0.00    0.99   23.76    0.00    0.00    0.00   51.49

09:13:00 PM  CPU    %usr   %nice    %sys %iowait    %irq   %soft  %steal  %guest  %gnice   %idle
09:13:01 PM  all    0.00    0.00   13.95    0.25    0.12   25.16    0.00    0.00    0.00   60.52
09:13:01 PM    0    0.00    0.00    0.99    1.98    0.00   71.29    0.00    0.00    0.00   25.74
09:13:01 PM    1    0.00    0.00    0.00    0.00    1.00   99.00    0.00    0.00    0.00    0.00
09:13:01 PM    2    0.00    0.00   10.10    0.00    0.00    8.08    0.00    0.00    0.00   81.82
09:13:01 PM    3    0.00    0.00   11.00    0.00    0.00    6.00    0.00    0.00    0.00   83.00
09:13:01 PM    4    0.00    0.00   26.47    0.00    0.00    6.86    0.00    0.00    0.00   66.67
09:13:01 PM    5    0.00    0.00   63.00    0.00    0.00   10.00    0.00    0.00    0.00   27.00
09:13:01 PM    6    0.00    0.00    0.00    0.00    0.00    0.00    0.00    0.00    0.00  100.00
09:13:01 PM    7    0.00    0.00    0.00    0.00    0.00    0.00    0.00    0.00    0.00  100.00

09:13:01 PM  CPU    %usr   %nice    %sys %iowait    %irq   %soft  %steal  %guest  %gnice   %idle
09:13:02 PM  all    0.00    0.00   10.78    0.00    0.13   28.95    0.00    0.00    0.00   60.15
09:13:02 PM    0    0.00    0.00    0.00    0.00    1.00   71.00    0.00    0.00    0.00   28.00
09:13:02 PM    1    0.00    0.00    0.00    0.00    0.00  100.00    0.00    0.00    0.00    0.00
09:13:02 PM    2    0.00    0.00   10.20    0.00    0.00    4.08    0.00    0.00    0.00   85.71
09:13:02 PM    3    0.00    0.00   42.27    0.00    0.00   30.93    0.00    0.00    0.00   26.80
09:13:02 PM    4    0.00    0.00    0.00    0.00    0.00    0.00    0.00    0.00    0.00  100.00
09:13:02 PM    5    0.00    0.00   17.82    0.00    0.00   10.89    0.00    0.00    0.00   71.29
09:13:02 PM    6    0.00    0.00    6.00    0.00    0.00    0.00    0.00    0.00    0.00   94.00
09:13:02 PM    7    0.00    0.00   10.78    0.00    0.00   14.71    0.00    0.00    0.00   74.51

09:13:02 PM  CPU    %usr   %nice    %sys %iowait    %irq   %soft  %steal  %guest  %gnice   %idle
09:13:03 PM  all    0.00    0.00   12.06    0.00    0.12   29.98    0.00    0.00    0.00   57.84
09:13:03 PM    0    0.00    0.00    0.00    0.00    0.00  100.00    0.00    0.00    0.00    0.00
09:13:03 PM    1    0.00    0.00    0.00    0.00    0.00  100.00    0.00    0.00    0.00    0.00
09:13:03 PM    2    0.00    0.00   18.00    0.00    0.00   12.00    0.00    0.00    0.00   70.00
09:13:03 PM    3    0.00    0.00    0.00    0.00    0.00    0.00    0.00    0.00    0.00  100.00
09:13:03 PM    4    0.00    0.00   32.32    0.00    1.01   18.18    0.00    0.00    0.00   48.48
09:13:03 PM    5    0.00    0.00    0.00    0.00    0.00    0.00    0.00    0.00    0.00  100.00
09:13:03 PM    6    0.00    0.00   45.19    0.00    0.00   10.58    0.00    0.00    0.00   44.23
09:13:03 PM    7    0.00    0.00    0.00    0.00    0.00    0.00    0.00    0.00    0.00  100.00

09:13:03 PM  CPU    %usr   %nice    %sys %iowait    %irq   %soft  %steal  %guest  %gnice   %idle
09:13:04 PM  all    0.00    0.00   11.86    0.00    0.37   29.84    0.00    0.00    0.00   57.93
09:13:04 PM    0    0.00    0.00    0.00    0.00    0.99   99.01    0.00    0.00    0.00    0.00
09:13:04 PM    1    0.00    0.00    0.00    0.00    0.99   73.27    0.00    0.00    0.00   25.74
09:13:04 PM    2    0.00    0.00    0.00    0.00    0.00    0.00    0.00    0.00    0.00  100.00
09:13:04 PM    3    0.00    0.00   22.55    0.00    0.98   10.78    0.00    0.00    0.00   65.69
09:13:04 PM    4    0.00    0.00   41.00    0.00    0.00   29.00    0.00    0.00    0.00   30.00
09:13:04 PM    5    0.00    0.00   23.00    0.00    0.00   19.00    0.00    0.00    0.00   58.00
09:13:04 PM    6    0.00    0.00    8.25    0.00    0.00    6.19    0.00    0.00    0.00   85.57
09:13:04 PM    7    0.00    0.00    0.00    0.00    0.00    0.00    0.00    0.00    0.00  100.00

09:13:04 PM  CPU    %usr   %nice    %sys %iowait    %irq   %soft  %steal  %guest  %gnice   %idle
09:13:05 PM  all    0.00    0.00   10.19    0.00    0.00   28.18    0.00    0.00    0.00   61.64
09:13:05 PM    0    0.00    0.00    0.00    0.00    0.00   80.81    0.00    0.00    0.00   19.19
09:13:05 PM    1    0.00    0.00    0.00    0.00    0.00  100.00    0.00    0.00    0.00    0.00
09:13:05 PM    2    0.00    0.00    0.00    0.00    0.00    0.00    0.00    0.00    0.00  100.00
09:13:05 PM    3    0.00    0.00    0.00    0.00    0.00    0.00    0.00    0.00    0.00  100.00
09:13:05 PM    4    0.00    0.00   10.00    0.00    0.00   12.00    0.00    0.00    0.00   78.00
09:13:05 PM    5    0.00    0.00    8.82    0.00    0.00    8.82    0.00    0.00    0.00   82.35
09:13:05 PM    6    0.00    0.00   12.12    0.00    0.00   10.10    0.00    0.00    0.00   77.78
09:13:05 PM    7    0.00    0.00   52.08    0.00    0.00   14.58    0.00    0.00    0.00   33.33

09:13:05 PM  CPU    %usr   %nice    %sys %iowait    %irq   %soft  %steal  %guest  %gnice   %idle
09:13:06 PM  all    0.00    0.00    8.64    0.00    0.37   22.59    0.00    0.00    0.00   68.40
09:13:06 PM    0    0.00    0.00    0.00    0.00    0.00   14.85    0.00    0.00    0.00   85.15
09:13:06 PM    1    0.00    0.00    0.00    0.00    0.99   99.01    0.00    0.00    0.00    0.00
09:13:06 PM    2    0.00    0.00    0.00    0.00    0.00    0.00    0.00    0.00    0.00  100.00
09:13:06 PM    3    0.00    0.00   12.87    0.00    0.00   14.85    0.00    0.00    0.00   72.28
09:13:06 PM    4    0.00    0.00   17.00    0.00    0.00    6.00    0.00    0.00    0.00   77.00
09:13:06 PM    5    0.00    0.00   11.88    0.00    0.99   14.85    0.00    0.00    0.00   72.28
09:13:06 PM    6    0.00    0.00   26.21    0.00    0.97   29.13    0.00    0.00    0.00   43.69
09:13:06 PM    7    0.00    0.00    0.97    0.00    0.00    1.94    0.00    0.00    0.00   97.09

09:13:06 PM  CPU    %usr   %nice    %sys %iowait    %irq   %soft  %steal  %guest  %gnice   %idle
09:13:07 PM  all    0.00    0.00   11.12    0.00    0.25   26.50    0.00    0.00    0.00   62.12
09:13:07 PM    0    0.00    0.00    0.00    0.00    1.00   79.00    0.00    0.00    0.00   20.00
09:13:07 PM    1    0.00    0.00    0.00    0.00    0.00   73.00    0.00    0.00    0.00   27.00
09:13:07 PM    2    0.00    0.00   29.70    0.00    0.00   29.70    0.00    0.00    0.00   40.59
09:13:07 PM    3    0.00    0.00   18.18    0.00    0.00   15.15    0.00    0.00    0.00   66.67
09:13:07 PM    4    0.00    0.00   22.77    0.00    0.99    0.99    0.00    0.00    0.00   75.25
09:13:07 PM    5    0.00    0.00   15.84    0.00    0.00   13.86    0.00    0.00    0.00   70.30
09:13:07 PM    6    0.00    0.00    0.00    0.00    0.00    0.00    0.00    0.00    0.00  100.00
09:13:07 PM    7    0.00    0.00    2.04    0.00    0.00    0.00    0.00    0.00    0.00   97.96

09:13:07 PM  CPU    %usr   %nice    %sys %iowait    %irq   %soft  %steal  %guest  %gnice   %idle
09:13:08 PM  all    0.00    0.00   11.29    0.00    0.12   25.15    0.00    0.00    0.00   63.44
09:13:08 PM    0    0.00    0.00    0.99    0.00    0.00   58.42    0.00    0.00    0.00   40.59
09:13:08 PM    1    0.00    0.00    0.99    0.00    0.00   99.01    0.00    0.00    0.00    0.00
09:13:08 PM    2    0.00    0.00    0.98    0.00    0.00    0.98    0.00    0.00    0.00   98.04
09:13:08 PM    3    0.00    0.00   24.51    0.00    0.00   22.55    0.00    0.00    0.00   52.94
09:13:08 PM    4    0.00    0.00   37.86    0.00    0.00    2.91    0.00    0.00    0.00   59.22
09:13:08 PM    5    0.00    0.00    0.00    0.00    0.00    0.00    0.00    0.00    0.00  100.00
09:13:08 PM    6    0.00    0.00    0.00    0.00    0.00    0.00    0.00    0.00    0.00  100.00
09:13:08 PM    7    0.00    0.00   24.51    0.00    0.98   18.63    0.00    0.00    0.00   55.88

09:13:08 PM  CPU    %usr   %nice    %sys %iowait    %irq   %soft  %steal  %guest  %gnice   %idle
09:13:09 PM  all    0.12    0.00   12.23    0.00    0.50   30.09    0.00    0.00    0.00   57.05
09:13:09 PM    0    0.99    0.00    0.00    0.00    0.99   77.23    0.00    0.00    0.00   20.79
09:13:09 PM    1    0.00    0.00    0.99    0.00    0.99   98.02    0.00    0.00    0.00    0.00
09:13:09 PM    2    0.00    0.00   13.13    0.00    1.01   15.15    0.00    0.00    0.00   70.71
09:13:09 PM    3    0.00    0.00   12.87    0.00    0.99    5.94    0.00    0.00    0.00   80.20
09:13:09 PM    4    0.00    0.00    0.00    0.00    0.00    0.00    0.00    0.00    0.00  100.00
09:13:09 PM    5    0.00    0.00   14.29    0.00    0.00   15.31    0.00    0.00    0.00   70.41
09:13:09 PM    6    0.00    0.00   28.28    0.00    0.00   12.12    0.00    0.00    0.00   59.60
09:13:09 PM    7    0.00    0.00   28.43    0.00    0.00   15.69    0.00    0.00    0.00   55.88

09:13:09 PM  CPU    %usr   %nice    %sys %iowait    %irq   %soft  %steal  %guest  %gnice   %idle
09:13:10 PM  all    0.00    0.00   11.65    0.00    0.00   29.95    0.00    0.00    0.00   58.40
09:13:10 PM    0    0.00    0.00    1.00    0.00    0.00   99.00    0.00    0.00    0.00    0.00
09:13:10 PM    1    0.00    0.00    0.00    0.00    0.00   80.00    0.00    0.00    0.00   20.00
09:13:10 PM    2    0.00    0.00   32.67    0.00    0.00   18.81    0.00    0.00    0.00   48.51
09:13:10 PM    3    0.00    0.00   10.10    0.00    0.00   11.11    0.00    0.00    0.00   78.79
09:13:10 PM    4    0.00    0.00    0.00    0.00    0.00    0.00    0.00    0.00    0.00  100.00
09:13:10 PM    5    0.00    0.00   13.13    0.00    0.00   12.12    0.00    0.00    0.00   74.75
09:13:10 PM    6    0.00    0.00   36.36    0.00    0.00   18.18    0.00    0.00    0.00   45.45
09:13:10 PM    7    0.00    0.00    0.00    0.00    0.00    0.00    0.00    0.00    0.00  100.00

09:13:10 PM  CPU    %usr   %nice    %sys %iowait    %irq   %soft  %steal  %guest  %gnice   %idle
09:13:11 PM  all    0.00    0.00   12.06    0.00    0.37   32.59    0.00    0.00    0.00   54.98
09:13:11 PM    0    0.00    0.00    0.00    0.00    0.99   99.01    0.00    0.00    0.00    0.00
09:13:11 PM    1    0.00    0.00    0.99    0.00    0.99   98.02    0.00    0.00    0.00    0.00
09:13:11 PM    2    0.00    0.00    2.97    0.00    0.00    3.96    0.00    0.00    0.00   93.07
09:13:11 PM    3    0.00    0.00   21.00    0.00    0.00   10.00    0.00    0.00    0.00   69.00
09:13:11 PM    4    0.00    0.00   16.16    0.00    0.00   13.13    0.00    0.00    0.00   70.71
09:13:11 PM    5    0.00    0.00    8.00    0.00    1.00    8.00    0.00    0.00    0.00   83.00
09:13:11 PM    6    0.00    0.00   19.00    0.00    0.00   14.00    0.00    0.00    0.00   67.00
09:13:11 PM    7    0.00    0.00   28.43    0.00    0.00   13.73    0.00    0.00    0.00   57.84

09:13:11 PM  CPU    %usr   %nice    %sys %iowait    %irq   %soft  %steal  %guest  %gnice   %idle
09:13:12 PM  all    0.00    0.00   11.49    0.12    0.00   29.71    0.00    0.00    0.00   58.68
09:13:12 PM    0    0.00    0.00    0.00    0.00    0.00  100.00    0.00    0.00    0.00    0.00
09:13:12 PM    1    0.00    0.00    0.00    1.00    0.00   71.00    0.00    0.00    0.00   28.00
09:13:12 PM    2    0.00    0.00   15.00    0.00    0.00   16.00    0.00    0.00    0.00   69.00
09:13:12 PM    3    0.00    0.00   36.63    0.00    0.00   22.77    0.00    0.00    0.00   40.59
09:13:12 PM    4    0.00    0.00    0.00    0.00    0.00    0.00    0.00    0.00    0.00  100.00
09:13:12 PM    5    0.00    0.00   11.00    0.00    0.00    6.00    0.00    0.00    0.00   83.00
09:13:12 PM    6    0.00    0.00   16.83    0.00    0.00   12.87    0.00    0.00    0.00   70.30
09:13:12 PM    7    0.00    0.00   12.12    0.00    0.00    9.09    0.00    0.00    0.00   78.79

09:13:12 PM  CPU    %usr   %nice    %sys %iowait    %irq   %soft  %steal  %guest  %gnice   %idle
09:13:13 PM  all    0.13    0.00    9.66    0.00    0.50   29.49    0.00    0.00    0.00   60.23
09:13:13 PM    0    0.00    0.00    1.00    0.00    1.00   98.00    0.00    0.00    0.00    0.00
09:13:13 PM    1    1.01    0.00    1.01    0.00    0.00   65.66    0.00    0.00    0.00   32.32
09:13:13 PM    2    0.00    0.00    8.00    0.00    1.00    8.00    0.00    0.00    0.00   83.00
09:13:13 PM    3    0.00    0.00   16.16    0.00    1.01   17.17    0.00    0.00    0.00   65.66
09:13:13 PM    4    0.00    0.00    0.00    0.00    0.00    0.00    0.00    0.00    0.00  100.00
09:13:13 PM    5    0.00    0.00   17.00    0.00    0.00   22.00    0.00    0.00    0.00   61.00
09:13:13 PM    6    0.00    0.00    0.00    0.00    0.00    0.00    0.00    0.00    0.00  100.00
09:13:13 PM    7    0.00    0.00   34.34    0.00    1.01   25.25    0.00    0.00    0.00   39.39

09:13:13 PM  CPU    %usr   %nice    %sys %iowait    %irq   %soft  %steal  %guest  %gnice   %idle
09:13:14 PM  all    0.00    0.00    9.57    0.00    0.12   26.96    0.00    0.00    0.00   63.35
09:13:14 PM    0    0.00    0.00    0.00    0.00    0.00  100.00    0.00    0.00    0.00    0.00
09:13:14 PM    1    0.00    0.00    0.00    0.00    0.98   49.02    0.00    0.00    0.00   50.00
09:13:14 PM    2    0.00    0.00   18.81    0.00    0.00   19.80    0.00    0.00    0.00   61.39
09:13:14 PM    3    0.00    0.00   17.00    0.00    0.00   12.00    0.00    0.00    0.00   71.00
09:13:14 PM    4    0.00    0.00   10.68    0.00    0.00   15.53    0.00    0.00    0.00   73.79
09:13:14 PM    5    0.00    0.00    7.07    0.00    0.00    8.08    0.00    0.00    0.00   84.85
09:13:14 PM    6    0.00    0.00    0.00    0.00    0.00    0.00    0.00    0.00    0.00  100.00
09:13:14 PM    7    0.00    0.00   22.77    0.00    0.00   11.88    0.00    0.00    0.00   65.35

09:13:14 PM  CPU    %usr   %nice    %sys %iowait    %irq   %soft  %steal  %guest  %gnice   %idle
09:13:15 PM  all    0.00    0.00   11.61    0.00    0.25   24.72    0.00    0.00    0.00   63.42
09:13:15 PM    0    0.00    0.00    0.99    0.00    0.99   91.09    0.00    0.00    0.00    6.93
09:13:15 PM    1    0.00    0.00    0.00    0.00    0.00   66.67    0.00    0.00    0.00   33.33
09:13:15 PM    2    0.00    0.00   17.17    0.00    0.00   12.12    0.00    0.00    0.00   70.71
09:13:15 PM    3    0.00    0.00    0.00    0.00    0.00    0.00    0.00    0.00    0.00  100.00
09:13:15 PM    4    0.00    0.00   22.45    0.00    0.00    8.16    0.00    0.00    0.00   69.39
09:13:15 PM    5    0.00    0.00    9.71    0.00    0.00    9.71    0.00    0.00    0.00   80.58
09:13:15 PM    6    0.00    0.00    5.88    0.00    0.98    7.84    0.00    0.00    0.00   85.29
09:13:15 PM    7    0.00    0.00   37.37    0.00    0.00    2.02    0.00    0.00    0.00   60.61

09:13:15 PM  CPU    %usr   %nice    %sys %iowait    %irq   %soft  %steal  %guest  %gnice   %idle
09:13:16 PM  all    0.00    0.00   11.08    0.00    0.12   30.39    0.00    0.00    0.00   58.41
09:13:16 PM    0    0.00    0.00    0.00    0.00    0.00   82.18    0.00    0.00    0.00   17.82
09:13:16 PM    1    0.00    0.00    0.99    0.00    0.00   99.01    0.00    0.00    0.00    0.00
09:13:16 PM    2    0.00    0.00    0.00    0.00    0.00    0.00    0.00    0.00    0.00  100.00
09:13:16 PM    3    0.00    0.00    2.91    0.00    0.00    1.94    0.00    0.00    0.00   95.15
09:13:16 PM    4    0.00    0.00    0.00    0.00    0.00    0.00    0.00    0.00    0.00  100.00
09:13:16 PM    5    0.00    0.00   39.39    0.00    1.01   27.27    0.00    0.00    0.00   32.32
09:13:16 PM    6    0.00    0.00   26.53    0.00    0.00   17.35    0.00    0.00    0.00   56.12
09:13:16 PM    7    0.00    0.00   20.00    0.00    0.00   15.00    0.00    0.00    0.00   65.00

09:13:16 PM  CPU    %usr   %nice    %sys %iowait    %irq   %soft  %steal  %guest  %gnice   %idle
09:13:17 PM  all    0.00    0.00    9.89    0.00    0.25   27.91    0.00    0.00    0.00   61.95
09:13:17 PM    0    0.00    0.00    0.00    0.00    0.00   81.00    0.00    0.00    0.00   19.00
09:13:17 PM    1    0.00    0.00    0.00    0.00    1.00   78.00    0.00    0.00    0.00   21.00
09:13:17 PM    2    0.00    0.00    0.00    0.00    0.00    0.00    0.00    0.00    0.00  100.00
09:13:17 PM    3    0.00    0.00   22.00    0.00    0.00   20.00    0.00    0.00    0.00   58.00
09:13:17 PM    4    0.00    0.00    0.00    0.00    0.00    0.00    0.00    0.00    0.00  100.00
09:13:17 PM    5    0.00    0.00   17.00    0.00    0.00   11.00    0.00    0.00    0.00   72.00
09:13:17 PM    6    0.00    0.00   12.12    0.00    0.00   15.15    0.00    0.00    0.00   72.73
09:13:17 PM    7    0.00    0.00   28.00    0.00    1.00   18.00    0.00    0.00    0.00   53.00

09:13:17 PM  CPU    %usr   %nice    %sys %iowait    %irq   %soft  %steal  %guest  %gnice   %idle
09:13:18 PM  all    0.00    0.00   10.50    0.00    0.25   29.25    0.00    0.00    0.00   60.00
09:13:18 PM    0    0.00    0.00    0.00    0.00    1.00   99.00    0.00    0.00    0.00    0.00
09:13:18 PM    1    0.00    0.00    0.00    0.00    0.00   67.00    0.00    0.00    0.00   33.00
09:13:18 PM    2    0.00    0.00   26.00    0.00    0.00   17.00    0.00    0.00    0.00   57.00
09:13:18 PM    3    0.00    0.00    4.08    0.00    0.00    4.08    0.00    0.00    0.00   91.84
09:13:18 PM    4    0.00    0.00    0.00    0.00    0.00    0.00    0.00    0.00    0.00  100.00
09:13:18 PM    5    0.00    0.00   15.00    0.00    0.00   13.00    0.00    0.00    0.00   72.00
09:13:18 PM    6    0.00    0.00   23.76    0.00    0.99   15.84    0.00    0.00    0.00   59.41
09:13:18 PM    7    0.00    0.00   14.85    0.00    0.00   17.82    0.00    0.00    0.00   67.33

09:13:18 PM  CPU    %usr   %nice    %sys %iowait    %irq   %soft  %steal  %guest  %gnice   %idle
09:13:19 PM  all    0.00    0.00    9.94    0.00    0.50   29.07    0.00    0.00    0.00   60.50
09:13:19 PM    0    0.00    0.00    0.00    0.00    0.00  100.00    0.00    0.00    0.00    0.00
09:13:19 PM    1    0.00    0.00    0.00    0.00    0.00   72.73    0.00    0.00    0.00   27.27
09:13:19 PM    2    0.00    0.00   28.00    0.00    1.00   13.00    0.00    0.00    0.00   58.00
09:13:19 PM    3    0.00    0.00   10.58    0.00    0.96   14.42    0.00    0.00    0.00   74.04
09:13:19 PM    4    0.00    0.00   13.00    0.00    1.00   14.00    0.00    0.00    0.00   72.00
09:13:19 PM    5    0.00    0.00   16.83    0.00    0.99   10.89    0.00    0.00    0.00   71.29
09:13:19 PM    6    0.00    0.00   10.89    0.00    0.00    8.91    0.00    0.00    0.00   80.20
09:13:19 PM    7    0.00    0.00    0.00    0.00    0.00    0.00    0.00    0.00    0.00  100.00

09:13:19 PM  CPU    %usr   %nice    %sys %iowait    %irq   %soft  %steal  %guest  %gnice   %idle
09:13:20 PM  all    0.00    0.00   11.65    0.00    0.25   31.35    0.00    0.00    0.00   56.75
09:13:20 PM    0    0.00    0.00    0.99    0.00    0.99   98.02    0.00    0.00    0.00    0.00
09:13:20 PM    1    0.00    0.00    0.00    0.00    0.99   99.01    0.00    0.00    0.00    0.00
09:13:20 PM    2    0.00    0.00   19.80    0.00    0.00   11.88    0.00    0.00    0.00   68.32
09:13:20 PM    3    0.00    0.00    0.00    0.00    0.00    0.00    0.00    0.00    0.00  100.00
09:13:20 PM    4    0.00    0.00   23.76    0.00    0.00   14.85    0.00    0.00    0.00   61.39
09:13:20 PM    5    0.00    0.00   17.48    0.00    0.00    9.71    0.00    0.00    0.00   72.82
09:13:20 PM    6    0.00    0.00   31.00    0.00    0.00   17.00    0.00    0.00    0.00   52.00
09:13:20 PM    7    0.00    0.00    0.00    0.00    0.00    0.00    0.00    0.00    0.00  100.00

09:13:20 PM  CPU    %usr   %nice    %sys %iowait    %irq   %soft  %steal  %guest  %gnice   %idle
09:13:21 PM  all    0.00    0.00    9.76    0.00    0.00   23.03    0.00    0.00    0.00   67.21
09:13:21 PM    0    0.00    0.00    0.00    0.00    0.00  100.00    0.00    0.00    0.00    0.00
09:13:21 PM    1    0.00    0.00    0.00    0.00    0.00   35.00    0.00    0.00    0.00   65.00
09:13:21 PM    2    0.00    0.00    0.00    0.00    0.00    0.00    0.00    0.00    0.00  100.00
09:13:21 PM    3    0.00    0.00    0.00    0.00    0.00    0.00    0.00    0.00    0.00  100.00
09:13:21 PM    4    0.00    0.00   23.23    0.00    0.00   19.19    0.00    0.00    0.00   57.58
09:13:21 PM    5    0.00    0.00    0.00    0.00    0.00    0.00    0.00    0.00    0.00  100.00
09:13:21 PM    6    0.00    0.00   18.00    0.00    0.00   18.00    0.00    0.00    0.00   64.00
09:13:21 PM    7    0.00    0.00   37.00    0.00    0.00   12.00    0.00    0.00    0.00   51.00

09:13:21 PM  CPU    %usr   %nice    %sys %iowait    %irq   %soft  %steal  %guest  %gnice   %idle
09:13:22 PM  all    0.00    0.00    9.49    0.00    0.25   26.84    0.00    0.00    0.00   63.42
09:13:22 PM    0    0.00    0.00    0.00    0.00    1.00   83.00    0.00    0.00    0.00   16.00
09:13:22 PM    1    0.00    0.00    0.00    0.00    0.00   61.00    0.00    0.00    0.00   39.00
09:13:22 PM    2    0.00    0.00   16.00    0.00    0.00   13.00    0.00    0.00    0.00   71.00
09:13:22 PM    3    0.00    0.00   13.40    0.00    0.00   14.43    0.00    0.00    0.00   72.16
09:13:22 PM    4    0.00    0.00    0.00    0.00    0.00    0.00    0.00    0.00    0.00  100.00
09:13:22 PM    5    0.00    0.00   21.43    0.00    0.00   10.20    0.00    0.00    0.00   68.37
09:13:22 PM    6    0.00    0.00    8.74    0.00    0.97   12.62    0.00    0.00    0.00   77.67
09:13:22 PM    7    0.00    0.00   16.50    0.00    0.00   20.39    0.00    0.00    0.00   63.11

09:13:22 PM  CPU    %usr   %nice    %sys %iowait    %irq   %soft  %steal  %guest  %gnice   %idle
09:13:23 PM  all    0.00    0.00   10.90    0.00    0.25   28.32    0.00    0.00    0.00   60.53
09:13:23 PM    0    0.00    0.00    0.00    0.00    0.00   92.00    0.00    0.00    0.00    8.00
09:13:23 PM    1    0.00    0.00    0.00    0.00    0.99   72.28    0.00    0.00    0.00   26.73
09:13:23 PM    2    0.00    0.00    0.00    0.00    0.00    0.00    0.00    0.00    0.00  100.00
09:13:23 PM    3    0.00    0.00   15.00    0.00    0.00   12.00    0.00    0.00    0.00   73.00
09:13:23 PM    4    0.00    0.00   21.00    0.00    0.00    9.00    0.00    0.00    0.00   70.00
09:13:23 PM    5    0.00    0.00   18.18    0.00    0.00   14.14    0.00    0.00    0.00   67.68
09:13:23 PM    6    0.00    0.00   21.65    0.00    0.00   15.46    0.00    0.00    0.00   62.89
09:13:23 PM    7    0.00    0.00   12.00    0.00    1.00   11.00    0.00    0.00    0.00   76.00

09:13:23 PM  CPU    %usr   %nice    %sys %iowait    %irq   %soft  %steal  %guest  %gnice   %idle
09:13:24 PM  all    0.00    0.00   10.00    0.00    0.25   30.00    0.00    0.00    0.00   59.75
09:13:24 PM    0    0.00    0.00    0.00    0.00    1.00   84.00    0.00    0.00    0.00   15.00
09:13:24 PM    1    0.00    0.00    1.00    0.00    0.00   86.00    0.00    0.00    0.00   13.00
09:13:24 PM    2    0.00    0.00   16.16    0.00    0.00   15.15    0.00    0.00    0.00   68.69
09:13:24 PM    3    0.00    0.00   30.39    0.00    0.98   25.49    0.00    0.00    0.00   43.14
09:13:24 PM    4    0.00    0.00    0.00    0.00    0.00    0.00    0.00    0.00    0.00  100.00
09:13:24 PM    5    0.00    0.00   15.00    0.00    0.00   10.00    0.00    0.00    0.00   75.00
09:13:24 PM    6    0.00    0.00    0.00    0.00    0.00    0.00    0.00    0.00    0.00  100.00
09:13:24 PM    7    0.00    0.00   17.17    0.00    0.00   19.19    0.00    0.00    0.00   63.64

09:13:24 PM  CPU    %usr   %nice    %sys %iowait    %irq   %soft  %steal  %guest  %gnice   %idle
09:13:25 PM  all    0.00    0.00   11.14    0.00    0.37   23.02    0.00    0.00    0.00   65.47
09:13:25 PM    0    0.00    0.00    0.00    0.00    0.00   42.00    0.00    0.00    0.00   58.00
09:13:25 PM    1    0.00    0.00    0.00    0.00    0.99   97.03    0.00    0.00    0.00    1.98
09:13:25 PM    2    0.00    0.00   35.58    0.00    0.96    7.69    0.00    0.00    0.00   55.77
09:13:25 PM    3    0.00    0.00   28.28    0.00    0.00   19.19    0.00    0.00    0.00   52.53
09:13:25 PM    4    0.00    0.00    0.00    0.00    0.00    0.00    0.00    0.00    0.00  100.00
09:13:25 PM    5    0.00    0.00   20.79    0.00    0.99   14.85    0.00    0.00    0.00   63.37
09:13:25 PM    6    0.00    0.00    0.00    0.00    0.00    0.00    0.00    0.00    0.00  100.00
09:13:25 PM    7    0.00    0.00    3.92    0.00    0.00    3.92    0.00    0.00    0.00   92.16

09:13:25 PM  CPU    %usr   %nice    %sys %iowait    %irq   %soft  %steal  %guest  %gnice   %idle
09:13:26 PM  all    0.00    0.00   10.54    0.00    0.00   29.86    0.00    0.00    0.00   59.60
09:13:26 PM    0    0.00    0.00    0.00    0.00    0.00   73.00    0.00    0.00    0.00   27.00
09:13:26 PM    1    0.00    0.00    0.00    0.00    0.00  100.00    0.00    0.00    0.00    0.00
09:13:26 PM    2    0.00    0.00   16.33    0.00    0.00   14.29    0.00    0.00    0.00   69.39
09:13:26 PM    3    0.00    0.00   34.00    0.00    0.00   32.00    0.00    0.00    0.00   34.00
09:13:26 PM    4    0.00    0.00    0.00    0.00    0.00    0.00    0.00    0.00    0.00  100.00
09:13:26 PM    5    0.00    0.00   31.37    0.00    0.00   17.65    0.00    0.00    0.00   50.98
09:13:26 PM    6    0.00    0.00    0.00    0.00    0.00    0.00    0.00    0.00    0.00  100.00
09:13:26 PM    7    0.00    0.00    2.08    0.00    0.00    1.04    0.00    0.00    0.00   96.88

09:13:26 PM  CPU    %usr   %nice    %sys %iowait    %irq   %soft  %steal  %guest  %gnice   %idle
09:13:27 PM  all    0.00    0.00   11.77    0.00    0.25   28.25    0.00    0.00    0.00   59.73
09:13:27 PM    0    0.00    0.00    0.98    0.00    0.98   98.04    0.00    0.00    0.00    0.00
09:13:27 PM    1    0.00    0.00    0.00    0.00    0.00   84.85    0.00    0.00    0.00   15.15
09:13:27 PM    2    0.00    0.00   12.12    0.00    0.00    9.09    0.00    0.00    0.00   78.79
09:13:27 PM    3    0.00    0.00   42.45    0.00    0.94    5.66    0.00    0.00    0.00   50.94
09:13:27 PM    4    0.00    0.00    0.00    0.00    0.00    0.00    0.00    0.00    0.00  100.00
09:13:27 PM    5    0.00    0.00   11.11    0.00    0.00   15.15    0.00    0.00    0.00   73.74
09:13:27 PM    6    0.00    0.00   14.85    0.00    0.00    1.98    0.00    0.00    0.00   83.17
09:13:27 PM    7    0.00    0.00   10.89    0.00    0.00   11.88    0.00    0.00    0.00   77.23

09:13:27 PM  CPU    %usr   %nice    %sys %iowait    %irq   %soft  %steal  %guest  %gnice   %idle
09:13:28 PM  all    0.00    0.00   11.62    0.00    0.25   32.38    0.00    0.00    0.00   55.75
09:13:28 PM    0    0.00    0.00    0.00    0.00    0.00  100.00    0.00    0.00    0.00    0.00
09:13:28 PM    1    0.00    0.00    0.00    0.00    0.99   99.01    0.00    0.00    0.00    0.00
09:13:28 PM    2    0.00    0.00    8.74    0.00    0.00    7.77    0.00    0.00    0.00   83.50
09:13:28 PM    3    0.00    0.00   43.62    0.00    0.00   21.28    0.00    0.00    0.00   35.11
09:13:28 PM    4    0.00    0.00    0.00    0.00    0.00    0.00    0.00    0.00    0.00  100.00
09:13:28 PM    5    0.00    0.00    0.00    0.00    0.00    0.00    0.00    0.00    0.00  100.00
09:13:28 PM    6    0.00    0.00    7.92    0.00    0.00    6.93    0.00    0.00    0.00   85.15
09:13:28 PM    7    0.00    0.00   34.31    0.00    0.98   24.51    0.00    0.00    0.00   40.20

09:13:28 PM  CPU    %usr   %nice    %sys %iowait    %irq   %soft  %steal  %guest  %gnice   %idle
09:13:29 PM  all    0.00    0.00   12.55    0.00    0.25   28.73    0.00    0.00    0.00   58.47
09:13:29 PM    0    0.00    0.00    1.00    0.00    1.00   98.00    0.00    0.00    0.00    0.00
09:13:29 PM    1    0.00    0.00    1.01    0.00    0.00   85.86    0.00    0.00    0.00   13.13
09:13:29 PM    2    0.00    0.00   15.31    0.00    0.00   10.20    0.00    0.00    0.00   74.49
09:13:29 PM    3    0.00    0.00   49.00    0.00    0.00   13.00    0.00    0.00    0.00   38.00
09:13:29 PM    4    0.00    0.00    0.00    0.00    0.00    0.00    0.00    0.00    0.00  100.00
09:13:29 PM    5    0.00    0.00   15.69    0.00    0.98   10.78    0.00    0.00    0.00   72.55
09:13:29 PM    6    0.00    0.00   18.37    0.00    0.00   12.24    0.00    0.00    0.00   69.39
09:13:29 PM    7    0.00    0.00    0.00    0.00    0.00    0.00    0.00    0.00    0.00  100.00

09:13:29 PM  CPU    %usr   %nice    %sys %iowait    %irq   %soft  %steal  %guest  %gnice   %idle
09:13:30 PM  all    0.00    0.00   11.65    0.00    0.12   27.39    0.00    0.00    0.00   60.84
09:13:30 PM    0    0.00    0.00    0.00    0.00    0.00  100.00    0.00    0.00    0.00    0.00
09:13:30 PM    1    0.00    0.00    0.98    0.00    0.98   66.67    0.00    0.00    0.00   31.37
09:13:30 PM    2    0.00    0.00   11.88    0.00    0.00   13.86    0.00    0.00    0.00   74.26
09:13:30 PM    3    0.00    0.00    9.71    0.00    0.00    3.88    0.00    0.00    0.00   86.41
09:13:30 PM    4    0.00    0.00    0.00    0.00    0.00    0.00    0.00    0.00    0.00  100.00
09:13:30 PM    5    0.00    0.00   17.35    0.00    0.00   12.24    0.00    0.00    0.00   70.41
09:13:30 PM    6    0.00    0.00   13.73    0.00    0.00   13.73    0.00    0.00    0.00   72.55
09:13:30 PM    7    0.00    0.00   40.00    0.00    0.00    9.00    0.00    0.00    0.00   51.00

09:13:30 PM  CPU    %usr   %nice    %sys %iowait    %irq   %soft  %steal  %guest  %gnice   %idle
09:13:31 PM  all    0.00    0.00   10.76    0.00    0.38   27.03    0.00    0.00    0.00   61.83
09:13:31 PM    0    0.00    0.00    0.00    0.00    0.99   99.01    0.00    0.00    0.00    0.00
09:13:31 PM    1    0.00    0.00    0.00    0.00    0.00   63.64    0.00    0.00    0.00   36.36
09:13:31 PM    2    0.00    0.00   17.00    0.00    1.00    7.00    0.00    0.00    0.00   75.00
09:13:31 PM    3    0.00    0.00   13.27    0.00    0.00   14.29    0.00    0.00    0.00   72.45
09:13:31 PM    4    0.00    0.00    0.00    0.00    0.00    0.00    0.00    0.00    0.00  100.00
09:13:31 PM    5    0.00    0.00   14.85    0.00    0.00   13.86    0.00    0.00    0.00   71.29
09:13:31 PM    6    0.00    0.00   14.14    0.00    1.01   15.15    0.00    0.00    0.00   69.70
09:13:31 PM    7    0.00    0.00   26.73    0.00    0.00    2.97    0.00    0.00    0.00   70.30

09:13:31 PM  CPU    %usr   %nice    %sys %iowait    %irq   %soft  %steal  %guest  %gnice   %idle
09:13:32 PM  all    0.25    0.00   10.51    0.00    0.13   27.53    0.00    0.00    0.00   61.58
09:13:32 PM    0    1.00    0.00    1.00    0.00    0.00   98.00    0.00    0.00    0.00    0.00
09:13:32 PM    1    0.99    0.00    0.99    0.00    0.00   58.42    0.00    0.00    0.00   39.60
09:13:32 PM    2    0.00    0.00   31.00    0.00    0.00   19.00    0.00    0.00    0.00   50.00
09:13:32 PM    3    0.00    0.00   19.80    0.00    0.99   10.89    0.00    0.00    0.00   68.32
09:13:32 PM    4    0.00    0.00    0.00    0.00    0.00    0.00    0.00    0.00    0.00  100.00
09:13:32 PM    5    0.00    0.00   15.15    0.00    0.00   13.13    0.00    0.00    0.00   71.72
09:13:32 PM    6    0.00    0.00    0.00    0.00    0.00    0.00    0.00    0.00    0.00  100.00
09:13:32 PM    7    0.00    0.00   16.33    0.00    0.00   20.41    0.00    0.00    0.00   63.27

09:13:32 PM  CPU    %usr   %nice    %sys %iowait    %irq   %soft  %steal  %guest  %gnice   %idle
09:13:33 PM  all    0.00    0.00   10.25    0.12    0.49   28.64    0.00    0.00    0.00   60.49
09:13:33 PM    0    0.00    0.00    0.00    0.99    0.99   80.20    0.00    0.00    0.00   17.82
09:13:33 PM    1    0.00    0.00    0.00    0.00    0.99   82.18    0.00    0.00    0.00   16.83
09:13:33 PM    2    0.00    0.00    6.00    0.00    0.00    6.00    0.00    0.00    0.00   88.00
09:13:33 PM    3    0.00    0.00   30.39    0.00    0.00   24.51    0.00    0.00    0.00   45.10
09:13:33 PM    4    0.00    0.00    2.94    0.00    0.00    1.96    0.00    0.00    0.00   95.10
09:13:33 PM    5    0.00    0.00   20.59    0.00    0.98   10.78    0.00    0.00    0.00   67.65
09:13:33 PM    6    0.00    0.00    0.00    0.00    0.00    0.00    0.00    0.00    0.00  100.00
09:13:33 PM    7    0.00    0.00   21.78    0.00    0.99   23.76    0.00    0.00    0.00   53.47

09:13:33 PM  CPU    %usr   %nice    %sys %iowait    %irq   %soft  %steal  %guest  %gnice   %idle
09:13:34 PM  all    0.00    0.00   11.42    0.00    0.13   29.74    0.00    0.00    0.00   58.72
09:13:34 PM    0    0.00    0.00    0.99    0.00    0.00   99.01    0.00    0.00    0.00    0.00
09:13:34 PM    1    0.00    0.00    0.00    0.00    0.00   84.85    0.00    0.00    0.00   15.15
09:13:34 PM    2    0.00    0.00   13.00    0.00    0.00   14.00    0.00    0.00    0.00   73.00
09:13:34 PM    3    0.00    0.00    3.06    0.00    0.00    1.02    0.00    0.00    0.00   95.92
09:13:34 PM    4    0.00    0.00   56.57    0.00    1.01   25.25    0.00    0.00    0.00   17.17
09:13:34 PM    5    0.00    0.00   18.18    0.00    0.00   13.13    0.00    0.00    0.00   68.69
09:13:34 PM    6    0.00    0.00    0.00    0.00    0.00    0.00    0.00    0.00    0.00  100.00
09:13:34 PM    7    0.00    0.00    0.00    0.00    0.00    0.00    0.00    0.00    0.00  100.00

09:13:34 PM  CPU    %usr   %nice    %sys %iowait    %irq   %soft  %steal  %guest  %gnice   %idle
09:13:35 PM  all    0.00    0.00   11.82    0.00    0.37   32.27    0.00    0.00    0.00   55.54
09:13:35 PM    0    0.00    0.00    0.00    0.00    0.99   99.01    0.00    0.00    0.00    0.00
09:13:35 PM    1    0.00    0.00    0.98    0.00    0.98   98.04    0.00    0.00    0.00    0.00
09:13:35 PM    2    0.00    0.00    1.98    0.00    0.00    0.99    0.00    0.00    0.00   97.03
09:13:35 PM    3    0.00    0.00   33.33    0.00    0.98   26.47    0.00    0.00    0.00   39.22
09:13:35 PM    4    0.00    0.00   17.82    0.00    0.00    1.98    0.00    0.00    0.00   80.20
09:13:35 PM    5    0.00    0.00    0.00    0.00    0.00    0.00    0.00    0.00    0.00  100.00
09:13:35 PM    6    0.00    0.00   21.15    0.00    0.00   18.27    0.00    0.00    0.00   60.58
09:13:35 PM    7    0.00    0.00   19.00    0.00    0.00   13.00    0.00    0.00    0.00   68.00

Average:     CPU    %usr   %nice    %sys %iowait    %irq   %soft  %steal  %guest  %gnice   %idle
Average:     all    0.02    0.00   10.73    0.01    0.23   27.71    0.00    0.00    0.00   61.30
Average:       0    0.10    0.00    0.33    0.05    0.45   85.09    0.00    0.00    0.00   13.98
Average:       1    0.07    0.00    0.32    0.03    0.37   78.09    0.00    0.00    0.00   21.13
Average:       2    0.00    0.00   14.86    0.00    0.18   10.56    0.00    0.00    0.00   74.40
Average:       3    0.00    0.00   16.48    0.00    0.22   11.89    0.00    0.00    0.00   71.42
Average:       4    0.00    0.00   11.24    0.00    0.12    6.60    0.00    0.00    0.00   82.04
Average:       5    0.00    0.00   14.52    0.00    0.20   10.68    0.00    0.00    0.00   74.61
Average:       6    0.00    0.00   12.84    0.00    0.15    8.59    0.00    0.00    0.00   78.41
Average:       7    0.00    0.00   15.24    0.00    0.18   10.15    0.00    0.00    0.00   74.43
