Linux 7.2.0-rc1 (hp5) 	07/08/2026 	_x86_64_	(8 CPU)

09:48:50 AM  CPU    %usr   %nice    %sys %iowait    %irq   %soft  %steal  %guest  %gnice   %idle
09:48:51 AM  all    0.00    0.00   12.75    0.00    0.12   18.00    0.00    0.00    0.00   69.12
09:48:51 AM    0    0.00    0.00    1.00    0.00    0.00   70.00    0.00    0.00    0.00   29.00
09:48:51 AM    1    0.00    0.00    1.00    0.00    1.00   74.00    0.00    0.00    0.00   24.00
09:48:51 AM    2    0.00    0.00  100.00    0.00    0.00    0.00    0.00    0.00    0.00    0.00
09:48:51 AM    3    0.00    0.00    0.00    0.00    0.00    0.00    0.00    0.00    0.00  100.00
09:48:51 AM    4    0.00    0.00    0.00    0.00    0.00    0.00    0.00    0.00    0.00  100.00
09:48:51 AM    5    0.00    0.00    0.00    0.00    0.00    0.00    0.00    0.00    0.00  100.00
09:48:51 AM    6    0.00    0.00    0.00    0.00    0.00    0.00    0.00    0.00    0.00  100.00
09:48:51 AM    7    0.00    0.00    0.00    0.00    0.00    0.00    0.00    0.00    0.00  100.00

09:48:51 AM  CPU    %usr   %nice    %sys %iowait    %irq   %soft  %steal  %guest  %gnice   %idle
09:48:52 AM  all    0.00    0.00   12.59    0.00    0.12   21.70    0.00    0.00    0.00   65.59
09:48:52 AM    0    0.00    0.00    0.00    0.00    1.00   99.00    0.00    0.00    0.00    0.00
09:48:52 AM    1    0.00    0.00    0.98    0.00    0.00   73.53    0.00    0.00    0.00   25.49
09:48:52 AM    2    0.00    0.00  100.00    0.00    0.00    0.00    0.00    0.00    0.00    0.00
09:48:52 AM    3    0.00    0.00    0.00    0.00    0.00    0.00    0.00    0.00    0.00  100.00
09:48:52 AM    4    0.00    0.00    0.00    0.00    0.00    0.00    0.00    0.00    0.00  100.00
09:48:52 AM    5    0.00    0.00    0.00    0.00    0.00    0.00    0.00    0.00    0.00  100.00
09:48:52 AM    6    0.00    0.00    0.00    0.00    0.00    0.00    0.00    0.00    0.00  100.00
09:48:52 AM    7    0.00    0.00    0.00    0.00    0.00    0.00    0.00    0.00    0.00  100.00

09:48:52 AM  CPU    %usr   %nice    %sys %iowait    %irq   %soft  %steal  %guest  %gnice   %idle
09:48:53 AM  all    0.00    0.00   12.50    0.00    0.00   15.75    0.00    0.00    0.00   71.75
09:48:53 AM    0    0.00    0.00    0.00    0.00    0.00   32.00    0.00    0.00    0.00   68.00
09:48:53 AM    1    0.00    0.00    0.00    0.00    0.00   94.00    0.00    0.00    0.00    6.00
09:48:53 AM    2    0.00    0.00  100.00    0.00    0.00    0.00    0.00    0.00    0.00    0.00
09:48:53 AM    3    0.00    0.00    0.00    0.00    0.00    0.00    0.00    0.00    0.00  100.00
09:48:53 AM    4    0.00    0.00    0.00    0.00    0.00    0.00    0.00    0.00    0.00  100.00
09:48:53 AM    5    0.00    0.00    0.00    0.00    0.00    0.00    0.00    0.00    0.00  100.00
09:48:53 AM    6    0.00    0.00    0.00    0.00    0.00    0.00    0.00    0.00    0.00  100.00
09:48:53 AM    7    0.00    0.00    0.00    0.00    0.00    0.00    0.00    0.00    0.00  100.00

09:48:53 AM  CPU    %usr   %nice    %sys %iowait    %irq   %soft  %steal  %guest  %gnice   %idle
09:48:54 AM  all    0.00    0.00   12.50    0.00    0.00   14.75    0.00    0.00    0.00   72.75
09:48:54 AM    0    0.00    0.00    0.00    0.00    0.00   18.00    0.00    0.00    0.00   82.00
09:48:54 AM    1    0.00    0.00    0.00    0.00    0.00  100.00    0.00    0.00    0.00    0.00
09:48:54 AM    2    0.00    0.00  100.00    0.00    0.00    0.00    0.00    0.00    0.00    0.00
09:48:54 AM    3    0.00    0.00    0.00    0.00    0.00    0.00    0.00    0.00    0.00  100.00
09:48:54 AM    4    0.00    0.00    0.00    0.00    0.00    0.00    0.00    0.00    0.00  100.00
09:48:54 AM    5    0.00    0.00    0.00    0.00    0.00    0.00    0.00    0.00    0.00  100.00
09:48:54 AM    6    0.00    0.00    0.00    0.00    0.00    0.00    0.00    0.00    0.00  100.00
09:48:54 AM    7    0.00    0.00    0.00    0.00    0.00    0.00    0.00    0.00    0.00  100.00

09:48:54 AM  CPU    %usr   %nice    %sys %iowait    %irq   %soft  %steal  %guest  %gnice   %idle
09:48:55 AM  all    0.00    0.00   12.62    0.00    0.12   19.00    0.00    0.00    0.00   68.25
09:48:55 AM    0    0.00    0.00    1.00    0.00    0.00   53.00    0.00    0.00    0.00   46.00
09:48:55 AM    1    0.00    0.00    0.00    0.00    1.00   99.00    0.00    0.00    0.00    0.00
09:48:55 AM    2    0.00    0.00  100.00    0.00    0.00    0.00    0.00    0.00    0.00    0.00
09:48:55 AM    3    0.00    0.00    0.00    0.00    0.00    0.00    0.00    0.00    0.00  100.00
09:48:55 AM    4    0.00    0.00    0.00    0.00    0.00    0.00    0.00    0.00    0.00  100.00
09:48:55 AM    5    0.00    0.00    0.00    0.00    0.00    0.00    0.00    0.00    0.00  100.00
09:48:55 AM    6    0.00    0.00    0.00    0.00    0.00    0.00    0.00    0.00    0.00  100.00
09:48:55 AM    7    0.00    0.00    0.00    0.00    0.00    0.00    0.00    0.00    0.00  100.00

09:48:55 AM  CPU    %usr   %nice    %sys %iowait    %irq   %soft  %steal  %guest  %gnice   %idle
09:48:56 AM  all    0.00    0.00   12.50    0.00    0.12   22.75    0.00    0.00    0.00   64.62
09:48:56 AM    0    0.00    0.00    0.00    0.00    1.00   82.00    0.00    0.00    0.00   17.00
09:48:56 AM    1    0.00    0.00    0.00    0.00    0.00  100.00    0.00    0.00    0.00    0.00
09:48:56 AM    2    0.00    0.00  100.00    0.00    0.00    0.00    0.00    0.00    0.00    0.00
09:48:56 AM    3    0.00    0.00    0.00    0.00    0.00    0.00    0.00    0.00    0.00  100.00
09:48:56 AM    4    0.00    0.00    0.00    0.00    0.00    0.00    0.00    0.00    0.00  100.00
09:48:56 AM    5    0.00    0.00    0.00    0.00    0.00    0.00    0.00    0.00    0.00  100.00
09:48:56 AM    6    0.00    0.00    0.00    0.00    0.00    0.00    0.00    0.00    0.00  100.00
09:48:56 AM    7    0.00    0.00    0.00    0.00    0.00    0.00    0.00    0.00    0.00  100.00

09:48:56 AM  CPU    %usr   %nice    %sys %iowait    %irq   %soft  %steal  %guest  %gnice   %idle
09:48:57 AM  all    0.00    0.00   12.50    0.00    0.00   16.12    0.00    0.00    0.00   71.38
09:48:57 AM    0    0.00    0.00    0.00    0.00    0.00   57.00    0.00    0.00    0.00   43.00
09:48:57 AM    1    0.00    0.00    0.00    0.00    0.00   72.00    0.00    0.00    0.00   28.00
09:48:57 AM    2    0.00    0.00  100.00    0.00    0.00    0.00    0.00    0.00    0.00    0.00
09:48:57 AM    3    0.00    0.00    0.00    0.00    0.00    0.00    0.00    0.00    0.00  100.00
09:48:57 AM    4    0.00    0.00    0.00    0.00    0.00    0.00    0.00    0.00    0.00  100.00
09:48:57 AM    5    0.00    0.00    0.00    0.00    0.00    0.00    0.00    0.00    0.00  100.00
09:48:57 AM    6    0.00    0.00    0.00    0.00    0.00    0.00    0.00    0.00    0.00  100.00
09:48:57 AM    7    0.00    0.00    0.00    0.00    0.00    0.00    0.00    0.00    0.00  100.00

09:48:57 AM  CPU    %usr   %nice    %sys %iowait    %irq   %soft  %steal  %guest  %gnice   %idle
09:48:58 AM  all    0.00    0.00   12.50    0.00    0.12   14.00    0.00    0.00    0.00   73.38
09:48:58 AM    0    0.00    0.00    0.00    0.00    0.00   70.00    0.00    0.00    0.00   30.00
09:48:58 AM    1    0.00    0.00    0.00    0.00    0.00   42.42    0.00    0.00    0.00   57.58
09:48:58 AM    2    0.00    0.00   99.01    0.00    0.99    0.00    0.00    0.00    0.00    0.00
09:48:58 AM    3    0.00    0.00    0.00    0.00    0.00    0.00    0.00    0.00    0.00  100.00
09:48:58 AM    4    0.00    0.00    0.00    0.00    0.00    0.00    0.00    0.00    0.00  100.00
09:48:58 AM    5    0.00    0.00    0.00    0.00    0.00    0.00    0.00    0.00    0.00  100.00
09:48:58 AM    6    0.00    0.00    0.00    0.00    0.00    0.00    0.00    0.00    0.00  100.00
09:48:58 AM    7    0.00    0.00    0.00    0.00    0.00    0.00    0.00    0.00    0.00  100.00

09:48:58 AM  CPU    %usr   %nice    %sys %iowait    %irq   %soft  %steal  %guest  %gnice   %idle
09:48:59 AM  all    0.00    0.00   12.61    0.00    0.25   18.29    0.00    0.00    0.00   68.85
09:48:59 AM    0    0.00    0.00    0.00    0.00    0.99   99.01    0.00    0.00    0.00    0.00
09:48:59 AM    1    0.00    0.00    0.98    0.00    0.98   47.06    0.00    0.00    0.00   50.98
09:48:59 AM    2    0.00    0.00  100.00    0.00    0.00    0.00    0.00    0.00    0.00    0.00
09:48:59 AM    3    0.00    0.00    0.00    0.00    0.00    0.00    0.00    0.00    0.00  100.00
09:48:59 AM    4    0.00    0.00    0.00    0.00    0.00    0.00    0.00    0.00    0.00  100.00
09:48:59 AM    5    0.00    0.00    0.00    0.00    0.00    0.00    0.00    0.00    0.00  100.00
09:48:59 AM    6    0.00    0.00    0.00    0.00    0.00    0.00    0.00    0.00    0.00  100.00
09:48:59 AM    7    0.00    0.00    0.00    0.00    0.00    0.00    0.00    0.00    0.00  100.00

09:48:59 AM  CPU    %usr   %nice    %sys %iowait    %irq   %soft  %steal  %guest  %gnice   %idle
09:49:00 AM  all    0.12    0.00   12.75    0.00    0.00   23.00    0.00    0.00    0.00   64.12
09:49:00 AM    0    0.00    0.00    1.00    0.00    0.00   99.00    0.00    0.00    0.00    0.00
09:49:00 AM    1    1.00    0.00    1.00    0.00    0.00   85.00    0.00    0.00    0.00   13.00
09:49:00 AM    2    0.00    0.00  100.00    0.00    0.00    0.00    0.00    0.00    0.00    0.00
09:49:00 AM    3    0.00    0.00    0.00    0.00    0.00    0.00    0.00    0.00    0.00  100.00
09:49:00 AM    4    0.00    0.00    0.00    0.00    0.00    0.00    0.00    0.00    0.00  100.00
09:49:00 AM    5    0.00    0.00    0.00    0.00    0.00    0.00    0.00    0.00    0.00  100.00
09:49:00 AM    6    0.00    0.00    0.00    0.00    0.00    0.00    0.00    0.00    0.00  100.00
09:49:00 AM    7    0.00    0.00    0.00    0.00    0.00    0.00    0.00    0.00    0.00  100.00

09:49:00 AM  CPU    %usr   %nice    %sys %iowait    %irq   %soft  %steal  %guest  %gnice   %idle
09:49:01 AM  all    0.00    0.00   12.48    0.00    0.00   16.98    0.00    0.00    0.00   70.54
09:49:01 AM    0    0.00    0.00    0.00    0.00    0.00  100.00    0.00    0.00    0.00    0.00
09:49:01 AM    1    0.00    0.00    0.00    0.00    0.00   36.27    0.00    0.00    0.00   63.73
09:49:01 AM    2    0.00    0.00  100.00    0.00    0.00    0.00    0.00    0.00    0.00    0.00
09:49:01 AM    3    0.00    0.00    0.00    0.00    0.00    0.00    0.00    0.00    0.00  100.00
09:49:01 AM    4    0.00    0.00    0.00    0.00    0.00    0.00    0.00    0.00    0.00  100.00
09:49:01 AM    5    0.00    0.00    0.00    0.00    0.00    0.00    0.00    0.00    0.00  100.00
09:49:01 AM    6    0.00    0.00    0.00    0.00    0.00    0.00    0.00    0.00    0.00  100.00
09:49:01 AM    7    0.00    0.00    0.00    0.00    0.00    0.00    0.00    0.00    0.00  100.00

09:49:01 AM  CPU    %usr   %nice    %sys %iowait    %irq   %soft  %steal  %guest  %gnice   %idle
09:49:02 AM  all    0.00    0.00   12.47    0.00    0.12   19.70    0.00    0.00    0.00   67.71
09:49:02 AM    0    0.00    0.00    0.00    0.00    0.99   99.01    0.00    0.00    0.00    0.00
09:49:02 AM    1    0.00    0.00    0.00    0.00    0.00   57.43    0.00    0.00    0.00   42.57
09:49:02 AM    2    0.00    0.00  100.00    0.00    0.00    0.00    0.00    0.00    0.00    0.00
09:49:02 AM    3    0.00    0.00    0.00    0.00    0.00    0.00    0.00    0.00    0.00  100.00
09:49:02 AM    4    0.00    0.00    0.00    0.00    0.00    0.00    0.00    0.00    0.00  100.00
09:49:02 AM    5    0.00    0.00    0.00    0.00    0.00    0.00    0.00    0.00    0.00  100.00
09:49:02 AM    6    0.00    0.00    0.00    0.00    0.00    0.00    0.00    0.00    0.00  100.00
09:49:02 AM    7    0.00    0.00    0.00    0.00    0.00    0.00    0.00    0.00    0.00  100.00

09:49:02 AM  CPU    %usr   %nice    %sys %iowait    %irq   %soft  %steal  %guest  %gnice   %idle
09:49:03 AM  all    0.00    0.00   12.52    0.00    0.00   18.40    0.00    0.00    0.00   69.09
09:49:03 AM    0    0.00    0.00    0.00    0.00    0.00  100.00    0.00    0.00    0.00    0.00
09:49:03 AM    1    0.00    0.00    0.00    0.00    0.00   47.47    0.00    0.00    0.00   52.53
09:49:03 AM    2    0.00    0.00  100.00    0.00    0.00    0.00    0.00    0.00    0.00    0.00
09:49:03 AM    3    0.00    0.00    0.00    0.00    0.00    0.00    0.00    0.00    0.00  100.00
09:49:03 AM    4    0.00    0.00    0.00    0.00    0.00    0.00    0.00    0.00    0.00  100.00
09:49:03 AM    5    0.00    0.00    0.00    0.00    0.00    0.00    0.00    0.00    0.00  100.00
09:49:03 AM    6    0.00    0.00    0.00    0.00    0.00    0.00    0.00    0.00    0.00  100.00
09:49:03 AM    7    0.00    0.00    0.00    0.00    0.00    0.00    0.00    0.00    0.00  100.00

09:49:03 AM  CPU    %usr   %nice    %sys %iowait    %irq   %soft  %steal  %guest  %gnice   %idle
09:49:04 AM  all    0.00    0.00   12.50    0.00    0.12   15.62    0.00    0.00    0.00   71.75
09:49:04 AM    0    0.00    0.00    0.00    0.00    0.00   29.29    0.00    0.00    0.00   70.71
09:49:04 AM    1    0.00    0.00    0.00    0.00    0.99   95.05    0.00    0.00    0.00    3.96
09:49:04 AM    2    0.00    0.00  100.00    0.00    0.00    0.00    0.00    0.00    0.00    0.00
09:49:04 AM    3    0.00    0.00    0.00    0.00    0.00    0.00    0.00    0.00    0.00  100.00
09:49:04 AM    4    0.00    0.00    0.00    0.00    0.00    0.00    0.00    0.00    0.00  100.00
09:49:04 AM    5    0.00    0.00    0.00    0.00    0.00    0.00    0.00    0.00    0.00  100.00
09:49:04 AM    6    0.00    0.00    0.00    0.00    0.00    0.00    0.00    0.00    0.00  100.00
09:49:04 AM    7    0.00    0.00    0.00    0.00    0.00    0.00    0.00    0.00    0.00  100.00

09:49:04 AM  CPU    %usr   %nice    %sys %iowait    %irq   %soft  %steal  %guest  %gnice   %idle
09:49:05 AM  all    0.00    0.00   12.52    0.00    0.12   19.58    0.00    0.00    0.00   67.78
09:49:05 AM    0    0.00    0.00    0.00    0.00    0.99   56.44    0.00    0.00    0.00   42.57
09:49:05 AM    1    0.00    0.00    0.00    0.00    0.00  100.00    0.00    0.00    0.00    0.00
09:49:05 AM    2    0.00    0.00  100.00    0.00    0.00    0.00    0.00    0.00    0.00    0.00
09:49:05 AM    3    0.00    0.00    0.00    0.00    0.00    0.00    0.00    0.00    0.00  100.00
09:49:05 AM    4    0.00    0.00    0.00    0.00    0.00    0.00    0.00    0.00    0.00  100.00
09:49:05 AM    5    0.00    0.00    0.00    0.00    0.00    0.00    0.00    0.00    0.00  100.00
09:49:05 AM    6    0.00    0.00    0.00    0.00    0.00    0.00    0.00    0.00    0.00  100.00
09:49:05 AM    7    0.00    0.00    0.00    0.00    0.00    0.00    0.00    0.00    0.00  100.00

09:49:05 AM  CPU    %usr   %nice    %sys %iowait    %irq   %soft  %steal  %guest  %gnice   %idle
09:49:06 AM  all    0.00    0.00   12.53    0.00    0.00   16.67    0.00    0.00    0.00   70.80
09:49:06 AM    0    0.00    0.00    0.00    0.00    0.00   65.00    0.00    0.00    0.00   35.00
09:49:06 AM    1    0.00    0.00    0.00    0.00    0.00   69.39    0.00    0.00    0.00   30.61
09:49:06 AM    2    0.00    0.00  100.00    0.00    0.00    0.00    0.00    0.00    0.00    0.00
09:49:06 AM    3    0.00    0.00    0.00    0.00    0.00    0.00    0.00    0.00    0.00  100.00
09:49:06 AM    4    0.00    0.00    0.00    0.00    0.00    0.00    0.00    0.00    0.00  100.00
09:49:06 AM    5    0.00    0.00    0.00    0.00    0.00    0.00    0.00    0.00    0.00  100.00
09:49:06 AM    6    0.00    0.00    0.00    0.00    0.00    0.00    0.00    0.00    0.00  100.00
09:49:06 AM    7    0.00    0.00    0.00    0.00    0.00    0.00    0.00    0.00    0.00  100.00

09:49:06 AM  CPU    %usr   %nice    %sys %iowait    %irq   %soft  %steal  %guest  %gnice   %idle
09:49:07 AM  all    0.00    0.00   12.50    0.00    0.00   17.62    0.00    0.00    0.00   69.88
09:49:07 AM    0    0.00    0.00    0.00    0.00    0.00   97.98    0.00    0.00    0.00    2.02
09:49:07 AM    1    0.00    0.00    0.00    0.00    0.00   43.56    0.00    0.00    0.00   56.44
09:49:07 AM    2    0.00    0.00  100.00    0.00    0.00    0.00    0.00    0.00    0.00    0.00
09:49:07 AM    3    0.00    0.00    0.00    0.00    0.00    0.00    0.00    0.00    0.00  100.00
09:49:07 AM    4    0.00    0.00    0.00    0.00    0.00    0.00    0.00    0.00    0.00  100.00
09:49:07 AM    5    0.00    0.00    0.00    0.00    0.00    0.00    0.00    0.00    0.00  100.00
09:49:07 AM    6    0.00    0.00    0.00    0.00    0.00    0.00    0.00    0.00    0.00  100.00
09:49:07 AM    7    0.00    0.00    0.00    0.00    0.00    0.00    0.00    0.00    0.00  100.00

09:49:07 AM  CPU    %usr   %nice    %sys %iowait    %irq   %soft  %steal  %guest  %gnice   %idle
09:49:08 AM  all    0.00    0.00   12.48    0.00    0.12   17.60    0.00    0.00    0.00   69.79
09:49:08 AM    0    0.00    0.00    0.00    0.00    0.00  100.00    0.00    0.00    0.00    0.00
09:49:08 AM    1    0.00    0.00    0.00    0.00    0.99   40.59    0.00    0.00    0.00   58.42
09:49:08 AM    2    0.00    0.00  100.00    0.00    0.00    0.00    0.00    0.00    0.00    0.00
09:49:08 AM    3    0.00    0.00    0.00    0.00    0.00    0.00    0.00    0.00    0.00  100.00
09:49:08 AM    4    0.00    0.00    0.00    0.00    0.00    0.00    0.00    0.00    0.00  100.00
09:49:08 AM    5    0.00    0.00    0.00    0.00    0.00    0.00    0.00    0.00    0.00  100.00
09:49:08 AM    6    0.00    0.00    0.00    0.00    0.00    0.00    0.00    0.00    0.00  100.00
09:49:08 AM    7    0.00    0.00    0.00    0.00    0.00    0.00    0.00    0.00    0.00  100.00

09:49:08 AM  CPU    %usr   %nice    %sys %iowait    %irq   %soft  %steal  %guest  %gnice   %idle
09:49:09 AM  all    0.00    0.00   12.48    0.00    0.12   16.85    0.00    0.00    0.00   70.54
09:49:09 AM    0    0.00    0.00    0.00    0.00    0.99   99.01    0.00    0.00    0.00    0.00
09:49:09 AM    1    0.00    0.00    0.00    0.00    0.00   35.00    0.00    0.00    0.00   65.00
09:49:09 AM    2    0.00    0.00  100.00    0.00    0.00    0.00    0.00    0.00    0.00    0.00
09:49:09 AM    3    0.00    0.00    0.00    0.00    0.00    0.00    0.00    0.00    0.00  100.00
09:49:09 AM    4    0.00    0.00    0.00    0.00    0.00    0.00    0.00    0.00    0.00  100.00
09:49:09 AM    5    0.00    0.00    0.00    0.00    0.00    0.00    0.00    0.00    0.00  100.00
09:49:09 AM    6    0.00    0.00    0.00    0.00    0.00    0.00    0.00    0.00    0.00  100.00
09:49:09 AM    7    0.00    0.00    0.00    0.00    0.00    0.00    0.00    0.00    0.00  100.00

09:49:09 AM  CPU    %usr   %nice    %sys %iowait    %irq   %soft  %steal  %guest  %gnice   %idle
09:49:10 AM  all    0.00    0.00   12.58    0.00    0.00   21.92    0.00    0.00    0.00   65.50
09:49:10 AM    0    0.00    0.00    0.00    0.00    0.00  100.00    0.00    0.00    0.00    0.00
09:49:10 AM    1    0.00    0.00    0.98    0.00    0.00   74.51    0.00    0.00    0.00   24.51
09:49:10 AM    2    0.00    0.00  100.00    0.00    0.00    0.00    0.00    0.00    0.00    0.00
09:49:10 AM    3    0.00    0.00    0.00    0.00    0.00    0.00    0.00    0.00    0.00  100.00
09:49:10 AM    4    0.00    0.00    0.00    0.00    0.00    0.00    0.00    0.00    0.00  100.00
09:49:10 AM    5    0.00    0.00    0.00    0.00    0.00    0.00    0.00    0.00    0.00  100.00
09:49:10 AM    6    0.00    0.00    0.00    0.00    0.00    0.00    0.00    0.00    0.00  100.00
09:49:10 AM    7    0.00    0.00    0.00    0.00    0.00    0.00    0.00    0.00    0.00  100.00

09:49:10 AM  CPU    %usr   %nice    %sys %iowait    %irq   %soft  %steal  %guest  %gnice   %idle
09:49:11 AM  all    0.25    0.00   12.73    0.00    0.00   23.10    0.00    0.00    0.00   63.92
09:49:11 AM    0    0.99    0.00    0.99    0.00    0.00   90.10    0.00    0.00    0.00    7.92
09:49:11 AM    1    1.00    0.00    1.00    0.00    0.00   94.00    0.00    0.00    0.00    4.00
09:49:11 AM    2    0.00    0.00  100.00    0.00    0.00    0.00    0.00    0.00    0.00    0.00
09:49:11 AM    3    0.00    0.00    0.00    0.00    0.00    0.00    0.00    0.00    0.00  100.00
09:49:11 AM    4    0.00    0.00    0.00    0.00    0.00    0.00    0.00    0.00    0.00  100.00
09:49:11 AM    5    0.00    0.00    0.00    0.00    0.00    0.00    0.00    0.00    0.00  100.00
09:49:11 AM    6    0.00    0.00    0.00    0.00    0.00    0.00    0.00    0.00    0.00  100.00
09:49:11 AM    7    0.00    0.00    0.00    0.00    0.00    0.00    0.00    0.00    0.00  100.00

09:49:11 AM  CPU    %usr   %nice    %sys %iowait    %irq   %soft  %steal  %guest  %gnice   %idle
09:49:12 AM  all    0.00    0.00   12.53    0.00    0.25   19.11    0.00    0.00    0.00   68.11
09:49:12 AM    0    0.00    0.00    0.00    0.00    0.99   63.37    0.00    0.00    0.00   35.64
09:49:12 AM    1    0.00    0.00    0.00    0.00    1.00   90.00    0.00    0.00    0.00    9.00
09:49:12 AM    2    0.00    0.00  100.00    0.00    0.00    0.00    0.00    0.00    0.00    0.00
09:49:12 AM    3    0.00    0.00    0.00    0.00    0.00    0.00    0.00    0.00    0.00  100.00
09:49:12 AM    4    0.00    0.00    0.00    0.00    0.00    0.00    0.00    0.00    0.00  100.00
09:49:12 AM    5    0.00    0.00    0.00    0.00    0.00    0.00    0.00    0.00    0.00  100.00
09:49:12 AM    6    0.00    0.00    0.00    0.00    0.00    0.00    0.00    0.00    0.00  100.00
09:49:12 AM    7    0.00    0.00    0.00    0.00    0.00    0.00    0.00    0.00    0.00  100.00

09:49:12 AM  CPU    %usr   %nice    %sys %iowait    %irq   %soft  %steal  %guest  %gnice   %idle
09:49:13 AM  all    0.00    0.00   12.50    0.00    0.00   20.38    0.00    0.00    0.00   67.12
09:49:13 AM    0    0.00    0.00    0.00    0.00    0.00   92.00    0.00    0.00    0.00    8.00
09:49:13 AM    1    0.00    0.00    0.00    0.00    0.00   71.00    0.00    0.00    0.00   29.00
09:49:13 AM    2    0.00    0.00  100.00    0.00    0.00    0.00    0.00    0.00    0.00    0.00
09:49:13 AM    3    0.00    0.00    0.00    0.00    0.00    0.00    0.00    0.00    0.00  100.00
09:49:13 AM    4    0.00    0.00    0.00    0.00    0.00    0.00    0.00    0.00    0.00  100.00
09:49:13 AM    5    0.00    0.00    0.00    0.00    0.00    0.00    0.00    0.00    0.00  100.00
09:49:13 AM    6    0.00    0.00    0.00    0.00    0.00    0.00    0.00    0.00    0.00  100.00
09:49:13 AM    7    0.00    0.00    0.00    0.00    0.00    0.00    0.00    0.00    0.00  100.00

09:49:13 AM  CPU    %usr   %nice    %sys %iowait    %irq   %soft  %steal  %guest  %gnice   %idle
09:49:14 AM  all    0.13    0.00   12.64    0.00    0.00   21.03    0.00    0.00    0.00   66.21
09:49:14 AM    0    0.00    0.00    0.00    0.00    0.00   89.90    0.00    0.00    0.00   10.10
09:49:14 AM    1    1.00    0.00    1.00    0.00    0.00   79.00    0.00    0.00    0.00   19.00
09:49:14 AM    2    0.00    0.00  100.00    0.00    0.00    0.00    0.00    0.00    0.00    0.00
09:49:14 AM    3    0.00    0.00    0.00    0.00    0.00    0.00    0.00    0.00    0.00  100.00
09:49:14 AM    4    0.00    0.00    0.00    0.00    0.00    0.00    0.00    0.00    0.00  100.00
09:49:14 AM    5    0.00    0.00    0.00    0.00    0.00    0.00    0.00    0.00    0.00  100.00
09:49:14 AM    6    0.00    0.00    0.00    0.00    0.00    0.00    0.00    0.00    0.00  100.00
09:49:14 AM    7    0.00    0.00    0.00    0.00    0.00    0.00    0.00    0.00    0.00  100.00

09:49:14 AM  CPU    %usr   %nice    %sys %iowait    %irq   %soft  %steal  %guest  %gnice   %idle
09:49:15 AM  all    0.00    0.00   12.48    0.00    0.12   18.85    0.00    0.00    0.00   68.54
09:49:15 AM    0    0.00    0.00    0.00    0.00    0.99   79.21    0.00    0.00    0.00   19.80
09:49:15 AM    1    0.00    0.00    0.00    0.00    0.00   71.00    0.00    0.00    0.00   29.00
09:49:15 AM    2    0.00    0.00  100.00    0.00    0.00    0.00    0.00    0.00    0.00    0.00
09:49:15 AM    3    0.00    0.00    0.00    0.00    0.00    0.00    0.00    0.00    0.00  100.00
09:49:15 AM    4    0.00    0.00    0.00    0.00    0.00    0.00    0.00    0.00    0.00  100.00
09:49:15 AM    5    0.00    0.00    0.00    0.00    0.00    0.00    0.00    0.00    0.00  100.00
09:49:15 AM    6    0.00    0.00    0.00    0.00    0.00    0.00    0.00    0.00    0.00  100.00
09:49:15 AM    7    0.00    0.00    0.00    0.00    0.00    0.00    0.00    0.00    0.00  100.00

09:49:15 AM  CPU    %usr   %nice    %sys %iowait    %irq   %soft  %steal  %guest  %gnice   %idle
09:49:16 AM  all    0.00    0.00   12.59    0.00    0.12   18.58    0.00    0.00    0.00   68.70
09:49:16 AM    0    0.00    0.00    0.00    0.00    0.00   70.00    0.00    0.00    0.00   30.00
09:49:16 AM    1    0.00    0.00    0.98    0.00    0.98   77.45    0.00    0.00    0.00   20.59
09:49:16 AM    2    0.00    0.00  100.00    0.00    0.00    0.00    0.00    0.00    0.00    0.00
09:49:16 AM    3    0.00    0.00    0.00    0.00    0.00    0.00    0.00    0.00    0.00  100.00
09:49:16 AM    4    0.00    0.00    0.00    0.00    0.00    0.00    0.00    0.00    0.00  100.00
09:49:16 AM    5    0.00    0.00    0.00    0.00    0.00    0.00    0.00    0.00    0.00  100.00
09:49:16 AM    6    0.00    0.00    0.00    0.00    0.00    0.00    0.00    0.00    0.00  100.00
09:49:16 AM    7    0.00    0.00    0.00    0.00    0.00    0.00    0.00    0.00    0.00  100.00

09:49:16 AM  CPU    %usr   %nice    %sys %iowait    %irq   %soft  %steal  %guest  %gnice   %idle
09:49:17 AM  all    0.00    0.00   12.59    0.00    0.00   17.71    0.00    0.00    0.00   69.70
09:49:17 AM    0    0.00    0.00    0.99    0.00    0.00   99.01    0.00    0.00    0.00    0.00
09:49:17 AM    1    0.00    0.00    0.00    0.00    0.00   42.00    0.00    0.00    0.00   58.00
09:49:17 AM    2    0.00    0.00  100.00    0.00    0.00    0.00    0.00    0.00    0.00    0.00
09:49:17 AM    3    0.00    0.00    0.00    0.00    0.00    0.00    0.00    0.00    0.00  100.00
09:49:17 AM    4    0.00    0.00    0.00    0.00    0.00    0.00    0.00    0.00    0.00  100.00
09:49:17 AM    5    0.00    0.00    0.00    0.00    0.00    0.00    0.00    0.00    0.00  100.00
09:49:17 AM    6    0.00    0.00    0.00    0.00    0.00    0.00    0.00    0.00    0.00  100.00
09:49:17 AM    7    0.00    0.00    0.00    0.00    0.00    0.00    0.00    0.00    0.00  100.00

09:49:17 AM  CPU    %usr   %nice    %sys %iowait    %irq   %soft  %steal  %guest  %gnice   %idle
09:49:18 AM  all    0.00    0.00   12.50    0.00    0.12   20.50    0.00    0.00    0.00   66.88
09:49:18 AM    0    0.00    0.00    0.00    0.00    1.00   64.00    0.00    0.00    0.00   35.00
09:49:18 AM    1    0.00    0.00    0.00    0.00    0.00  100.00    0.00    0.00    0.00    0.00
09:49:18 AM    2    0.00    0.00  100.00    0.00    0.00    0.00    0.00    0.00    0.00    0.00
09:49:18 AM    3    0.00    0.00    0.00    0.00    0.00    0.00    0.00    0.00    0.00  100.00
09:49:18 AM    4    0.00    0.00    0.00    0.00    0.00    0.00    0.00    0.00    0.00  100.00
09:49:18 AM    5    0.00    0.00    0.00    0.00    0.00    0.00    0.00    0.00    0.00  100.00
09:49:18 AM    6    0.00    0.00    0.00    0.00    0.00    0.00    0.00    0.00    0.00  100.00
09:49:18 AM    7    0.00    0.00    0.00    0.00    0.00    0.00    0.00    0.00    0.00  100.00

09:49:18 AM  CPU    %usr   %nice    %sys %iowait    %irq   %soft  %steal  %guest  %gnice   %idle
09:49:19 AM  all    0.00    0.00   12.52    0.25    0.00   16.15    0.00    0.00    0.00   71.09
09:49:19 AM    0    0.00    0.00    0.00    2.02    0.00   62.63    0.00    0.00    0.00   35.35
09:49:19 AM    1    0.00    0.00    0.00    0.00    0.00   67.00    0.00    0.00    0.00   33.00
09:49:19 AM    2    0.00    0.00  100.00    0.00    0.00    0.00    0.00    0.00    0.00    0.00
09:49:19 AM    3    0.00    0.00    0.00    0.00    0.00    0.00    0.00    0.00    0.00  100.00
09:49:19 AM    4    0.00    0.00    0.00    0.00    0.00    0.00    0.00    0.00    0.00  100.00
09:49:19 AM    5    0.00    0.00    0.00    0.00    0.00    0.00    0.00    0.00    0.00  100.00
09:49:19 AM    6    0.00    0.00    0.00    0.00    0.00    0.00    0.00    0.00    0.00  100.00
09:49:19 AM    7    0.00    0.00    0.00    0.00    0.00    0.00    0.00    0.00    0.00  100.00

09:49:19 AM  CPU    %usr   %nice    %sys %iowait    %irq   %soft  %steal  %guest  %gnice   %idle
09:49:20 AM  all    0.00    0.00   12.50    0.00    0.00   18.62    0.00    0.00    0.00   68.88
09:49:20 AM    0    0.00    0.00    0.00    0.00    0.00   85.00    0.00    0.00    0.00   15.00
09:49:20 AM    1    0.00    0.00    0.00    0.00    0.00   64.00    0.00    0.00    0.00   36.00
09:49:20 AM    2    0.00    0.00  100.00    0.00    0.00    0.00    0.00    0.00    0.00    0.00
09:49:20 AM    3    0.00    0.00    0.00    0.00    0.00    0.00    0.00    0.00    0.00  100.00
09:49:20 AM    4    0.00    0.00    0.00    0.00    0.00    0.00    0.00    0.00    0.00  100.00
09:49:20 AM    5    0.00    0.00    0.00    0.00    0.00    0.00    0.00    0.00    0.00  100.00
09:49:20 AM    6    0.00    0.00    0.00    0.00    0.00    0.00    0.00    0.00    0.00  100.00
09:49:20 AM    7    0.00    0.00    0.00    0.00    0.00    0.00    0.00    0.00    0.00  100.00

Average:     CPU    %usr   %nice    %sys %iowait    %irq   %soft  %steal  %guest  %gnice   %idle
Average:     all    0.02    0.00   12.55    0.01    0.07   18.61    0.00    0.00    0.00   68.74
Average:       0    0.03    0.00    0.17    0.07    0.30   77.39    0.00    0.00    0.00   22.04
Average:       1    0.10    0.00    0.27    0.00    0.23   71.37    0.00    0.00    0.00   28.03
Average:       2    0.00    0.00   99.97    0.00    0.03    0.00    0.00    0.00    0.00    0.00
Average:       3    0.00    0.00    0.00    0.00    0.00    0.00    0.00    0.00    0.00  100.00
Average:       4    0.00    0.00    0.00    0.00    0.00    0.00    0.00    0.00    0.00  100.00
Average:       5    0.00    0.00    0.00    0.00    0.00    0.00    0.00    0.00    0.00  100.00
Average:       6    0.00    0.00    0.00    0.00    0.00    0.00    0.00    0.00    0.00  100.00
Average:       7    0.00    0.00    0.00    0.00    0.00    0.00    0.00    0.00    0.00  100.00
