Linux 7.0.0 (hp5) 	06/19/2026 	_x86_64_	(8 CPU)

08:53:34 AM  CPU    %usr   %nice    %sys %iowait    %irq   %soft  %steal  %guest  %gnice   %idle
08:53:35 AM  all    1.00    0.00   12.73    0.00    0.00    5.99    0.00    0.00    0.00   80.27
08:53:35 AM    0    4.04    0.00   52.53    0.00    0.00   21.21    0.00    0.00    0.00   22.22
08:53:35 AM    1    3.96    0.00   49.50    0.00    0.00   24.75    0.00    0.00    0.00   21.78
08:53:35 AM    2    0.00    0.00    0.00    0.00    0.00    1.00    0.00    0.00    0.00   99.00
08:53:35 AM    3    0.00    0.00    0.00    0.00    0.00    0.00    0.00    0.00    0.00  100.00
08:53:35 AM    4    0.00    0.00    0.00    0.00    0.00    0.00    0.00    0.00    0.00  100.00
08:53:35 AM    5    0.00    0.00    0.00    0.00    0.00    0.00    0.00    0.00    0.00  100.00
08:53:35 AM    6    0.00    0.00    0.00    0.00    0.00    1.01    0.00    0.00    0.00   98.99
08:53:35 AM    7    0.00    0.00    0.00    0.00    0.00    0.00    0.00    0.00    0.00  100.00

08:53:35 AM  CPU    %usr   %nice    %sys %iowait    %irq   %soft  %steal  %guest  %gnice   %idle
08:53:36 AM  all    1.12    0.00   16.23    0.00    0.37    8.11    0.00    0.00    0.00   74.16
08:53:36 AM    0    5.00    0.00   66.00    0.00    1.00   28.00    0.00    0.00    0.00    0.00
08:53:36 AM    1    4.00    0.00   64.00    0.00    1.00   31.00    0.00    0.00    0.00    0.00
08:53:36 AM    2    0.00    0.00    0.00    0.00    0.99    1.98    0.00    0.00    0.00   97.03
08:53:36 AM    3    0.00    0.00    0.00    0.00    0.00    0.00    0.00    0.00    0.00  100.00
08:53:36 AM    4    0.00    0.00    0.00    0.00    0.00    0.00    0.00    0.00    0.00  100.00
08:53:36 AM    5    0.00    0.00    0.00    0.00    0.00    0.00    0.00    0.00    0.00  100.00
08:53:36 AM    6    0.00    0.00    0.00    0.00    0.00    2.00    0.00    0.00    0.00   98.00
08:53:36 AM    7    0.00    0.00    0.00    0.00    0.00    2.00    0.00    0.00    0.00   98.00

08:53:36 AM  CPU    %usr   %nice    %sys %iowait    %irq   %soft  %steal  %guest  %gnice   %idle
08:53:37 AM  all    1.50    0.00   15.52    0.00    0.25    8.39    0.00    0.00    0.00   74.34
08:53:37 AM    0    5.88    0.00   58.82    0.00    0.98   33.33    0.00    0.00    0.00    0.98
08:53:37 AM    1    6.00    0.00   64.00    0.00    1.00   29.00    0.00    0.00    0.00    0.00
08:53:37 AM    2    0.00    0.00    0.00    0.00    0.00    1.01    0.00    0.00    0.00   98.99
08:53:37 AM    3    0.00    0.00    0.00    0.00    0.00    0.00    0.00    0.00    0.00  100.00
08:53:37 AM    4    0.00    0.00    0.00    0.00    0.00    0.00    0.00    0.00    0.00  100.00
08:53:37 AM    5    0.00    0.00    0.00    0.00    0.00    0.00    0.00    0.00    0.00  100.00
08:53:37 AM    6    0.00    0.00    0.00    0.00    0.00    2.02    0.00    0.00    0.00   97.98
08:53:37 AM    7    0.00    0.00    0.00    0.00    0.00    1.01    0.00    0.00    0.00   98.99

08:53:37 AM  CPU    %usr   %nice    %sys %iowait    %irq   %soft  %steal  %guest  %gnice   %idle
08:53:38 AM  all    1.37    0.00   15.11    0.00    0.25    9.24    0.00    0.00    0.00   74.03
08:53:38 AM    0    6.00    0.00   61.00    0.00    0.00   33.00    0.00    0.00    0.00    0.00
08:53:38 AM    1    5.00    0.00   60.00    0.00    1.00   34.00    0.00    0.00    0.00    0.00
08:53:38 AM    2    0.00    0.00    0.00    0.00    0.00    2.00    0.00    0.00    0.00   98.00
08:53:38 AM    3    0.00    0.00    0.00    0.00    0.00    0.00    0.00    0.00    0.00  100.00
08:53:38 AM    4    0.00    0.00    0.00    0.00    0.00    0.00    0.00    0.00    0.00  100.00
08:53:38 AM    5    0.00    0.00    0.00    0.00    0.00    0.00    0.00    0.00    0.00  100.00
08:53:38 AM    6    0.00    0.00    0.00    0.00    0.99    2.97    0.00    0.00    0.00   96.04
08:53:38 AM    7    0.00    0.00    0.00    0.00    0.00    2.00    0.00    0.00    0.00   98.00

08:53:38 AM  CPU    %usr   %nice    %sys %iowait    %irq   %soft  %steal  %guest  %gnice   %idle
08:53:39 AM  all    1.25    0.00   15.27    0.00    0.25    8.89    0.00    0.00    0.00   74.34
08:53:39 AM    0    5.00    0.00   63.00    0.00    1.00   31.00    0.00    0.00    0.00    0.00
08:53:39 AM    1    5.05    0.00   59.60    0.00    0.00   35.35    0.00    0.00    0.00    0.00
08:53:39 AM    2    0.00    0.00    0.00    0.00    0.00    2.00    0.00    0.00    0.00   98.00
08:53:39 AM    3    0.00    0.00    0.00    0.00    0.00    0.00    0.00    0.00    0.00  100.00
08:53:39 AM    4    0.00    0.00    0.00    0.00    0.00    0.00    0.00    0.00    0.00  100.00
08:53:39 AM    5    0.00    0.00    0.00    0.00    0.00    0.00    0.00    0.00    0.00  100.00
08:53:39 AM    6    0.00    0.00    0.00    0.00    0.00    2.02    0.00    0.00    0.00   97.98
08:53:39 AM    7    0.00    0.00    0.00    0.00    0.99    0.99    0.00    0.00    0.00   98.02

08:53:39 AM  CPU    %usr   %nice    %sys %iowait    %irq   %soft  %steal  %guest  %gnice   %idle
08:53:40 AM  all    1.37    0.00   15.11    0.00    0.25    9.11    0.00    0.00    0.00   74.16
08:53:40 AM    0    6.00    0.00   61.00    0.00    1.00   32.00    0.00    0.00    0.00    0.00
08:53:40 AM    1    4.90    0.00   58.82    0.00    0.98   34.31    0.00    0.00    0.00    0.98
08:53:40 AM    2    0.00    0.00    0.00    0.00    0.00    1.01    0.00    0.00    0.00   98.99
08:53:40 AM    3    0.00    0.00    0.00    0.00    0.00    0.00    0.00    0.00    0.00  100.00
08:53:40 AM    4    0.00    0.00    0.00    0.00    0.00    0.00    0.00    0.00    0.00  100.00
08:53:40 AM    5    0.00    0.00    0.00    0.00    0.00    0.00    0.00    0.00    0.00  100.00
08:53:40 AM    6    0.00    0.00    0.00    0.00    0.00    3.00    0.00    0.00    0.00   97.00
08:53:40 AM    7    0.00    0.00    0.00    0.00    0.00    2.00    0.00    0.00    0.00   98.00

08:53:40 AM  CPU    %usr   %nice    %sys %iowait    %irq   %soft  %steal  %guest  %gnice   %idle
08:53:41 AM  all    1.38    0.00   15.00    0.00    0.38    9.12    0.00    0.00    0.00   74.12
08:53:41 AM    0    6.00    0.00   60.00    0.00    0.00   34.00    0.00    0.00    0.00    0.00
08:53:41 AM    1    5.00    0.00   60.00    0.00    1.00   34.00    0.00    0.00    0.00    0.00
08:53:41 AM    2    0.00    0.00    0.00    0.00    0.99    1.98    0.00    0.00    0.00   97.03
08:53:41 AM    3    0.00    0.00    0.00    0.00    0.00    0.00    0.00    0.00    0.00  100.00
08:53:41 AM    4    0.00    0.00    0.00    0.00    0.00    0.00    0.00    0.00    0.00  100.00
08:53:41 AM    5    0.00    0.00    0.00    0.00    0.00    0.00    0.00    0.00    0.00  100.00
08:53:41 AM    6    0.00    0.00    0.00    0.00    1.00    2.00    0.00    0.00    0.00   97.00
08:53:41 AM    7    0.00    0.00    0.00    0.00    0.00    1.01    0.00    0.00    0.00   98.99

08:53:41 AM  CPU    %usr   %nice    %sys %iowait    %irq   %soft  %steal  %guest  %gnice   %idle
08:53:42 AM  all    1.26    0.00   15.20    0.00    0.13    9.05    0.00    0.00    0.00   74.37
08:53:42 AM    0    5.00    0.00   59.00    0.00    1.00   35.00    0.00    0.00    0.00    0.00
08:53:42 AM    1    5.10    0.00   63.27    0.00    0.00   31.63    0.00    0.00    0.00    0.00
08:53:42 AM    2    0.00    0.00    0.00    0.00    0.00    2.02    0.00    0.00    0.00   97.98
08:53:42 AM    3    0.00    0.00    0.00    0.00    0.00    0.00    0.00    0.00    0.00  100.00
08:53:42 AM    4    0.00    0.00    0.00    0.00    0.00    0.00    0.00    0.00    0.00  100.00
08:53:42 AM    5    0.00    0.00    0.00    0.00    0.00    0.00    0.00    0.00    0.00  100.00
08:53:42 AM    6    0.00    0.00    0.00    0.00    0.00    2.02    0.00    0.00    0.00   97.98
08:53:42 AM    7    0.00    0.00    0.00    0.00    0.00    2.00    0.00    0.00    0.00   98.00

08:53:42 AM  CPU    %usr   %nice    %sys %iowait    %irq   %soft  %steal  %guest  %gnice   %idle
08:53:43 AM  all    1.25    0.00   15.12    0.00    0.25    9.12    0.00    0.00    0.00   74.25
08:53:43 AM    0    5.00    0.00   61.00    0.00    1.00   33.00    0.00    0.00    0.00    0.00
08:53:43 AM    1    4.95    0.00   59.41    0.00    0.99   33.66    0.00    0.00    0.00    0.99
08:53:43 AM    2    0.00    0.00    0.00    0.00    0.00    2.00    0.00    0.00    0.00   98.00
08:53:43 AM    3    0.00    0.00    0.00    0.00    0.00    0.00    0.00    0.00    0.00  100.00
08:53:43 AM    4    0.00    0.00    0.00    0.00    0.00    0.00    0.00    0.00    0.00  100.00
08:53:43 AM    5    0.00    0.00    0.00    0.00    0.00    0.00    0.00    0.00    0.00  100.00
08:53:43 AM    6    0.00    0.00    0.00    0.00    0.00    3.00    0.00    0.00    0.00   97.00
08:53:43 AM    7    0.00    0.00    0.00    0.00    0.00    1.01    0.00    0.00    0.00   98.99

08:53:43 AM  CPU    %usr   %nice    %sys %iowait    %irq   %soft  %steal  %guest  %gnice   %idle
08:53:44 AM  all    1.25    0.00   15.04    0.00    0.25    9.15    0.00    0.00    0.00   74.31
08:53:44 AM    0    6.06    0.00   61.62    0.00    0.00   32.32    0.00    0.00    0.00    0.00
08:53:44 AM    1    4.00    0.00   59.00    0.00    1.00   36.00    0.00    0.00    0.00    0.00
08:53:44 AM    2    0.00    0.00    0.00    0.00    0.00    1.01    0.00    0.00    0.00   98.99
08:53:44 AM    3    0.00    0.00    0.00    0.00    0.00    0.00    0.00    0.00    0.00  100.00
08:53:44 AM    4    0.00    0.00    0.00    0.00    0.00    0.00    0.00    0.00    0.00  100.00
08:53:44 AM    5    0.00    0.00    0.00    0.00    0.00    0.00    0.00    0.00    0.00  100.00
08:53:44 AM    6    0.00    0.00    0.00    0.00    0.00    2.02    0.00    0.00    0.00   97.98
08:53:44 AM    7    0.00    0.00    0.00    0.00    0.99    1.98    0.00    0.00    0.00   97.03

08:53:44 AM  CPU    %usr   %nice    %sys %iowait    %irq   %soft  %steal  %guest  %gnice   %idle
08:53:45 AM  all    1.37    0.00   15.09    0.00    0.37    9.23    0.00    0.00    0.00   73.94
08:53:45 AM    0    5.94    0.00   61.39    0.00    0.99   31.68    0.00    0.00    0.00    0.00
08:53:45 AM    1    4.95    0.00   58.42    0.00    0.99   35.64    0.00    0.00    0.00    0.00
08:53:45 AM    2    0.00    0.00    0.00    0.00    0.00    2.00    0.00    0.00    0.00   98.00
08:53:45 AM    3    0.00    0.00    0.00    0.00    0.00    0.00    0.00    0.00    0.00  100.00
08:53:45 AM    4    0.00    0.00    0.00    0.00    0.00    0.00    0.00    0.00    0.00  100.00
08:53:45 AM    5    0.00    0.00    0.00    0.00    0.00    0.00    0.00    0.00    0.00  100.00
08:53:45 AM    6    0.00    0.00    0.00    0.00    0.99    2.97    0.00    0.00    0.00   96.04
08:53:45 AM    7    0.00    0.00    0.00    0.00    0.00    1.01    0.00    0.00    0.00   98.99

08:53:45 AM  CPU    %usr   %nice    %sys %iowait    %irq   %soft  %steal  %guest  %gnice   %idle
08:53:46 AM  all    1.37    0.00   14.91    0.00    0.37    9.07    0.00    0.00    0.00   74.29
08:53:46 AM    0    5.94    0.00   59.41    0.00    0.99   32.67    0.00    0.00    0.00    0.99
08:53:46 AM    1    5.00    0.00   60.00    0.00    1.00   34.00    0.00    0.00    0.00    0.00
08:53:46 AM    2    0.00    0.00    0.00    0.00    0.99    1.98    0.00    0.00    0.00   97.03
08:53:46 AM    3    0.00    0.00    0.00    0.00    0.00    0.00    0.00    0.00    0.00  100.00
08:53:46 AM    4    0.00    0.00    0.00    0.00    0.00    0.00    0.00    0.00    0.00  100.00
08:53:46 AM    5    0.00    0.00    0.00    0.00    0.00    0.00    0.00    0.00    0.00  100.00
08:53:46 AM    6    0.00    0.00    0.00    0.00    0.00    2.02    0.00    0.00    0.00   97.98
08:53:46 AM    7    0.00    0.00    0.00    0.00    0.00    1.98    0.00    0.00    0.00   98.02

08:53:46 AM  CPU    %usr   %nice    %sys %iowait    %irq   %soft  %steal  %guest  %gnice   %idle
08:53:47 AM  all    1.38    0.00   15.29    0.00    0.00    8.90    0.00    0.00    0.00   74.44
08:53:47 AM    0    5.00    0.00   59.00    0.00    0.00   36.00    0.00    0.00    0.00    0.00
08:53:47 AM    1    6.00    0.00   63.00    0.00    0.00   31.00    0.00    0.00    0.00    0.00
08:53:47 AM    2    0.00    0.00    0.00    0.00    0.00    1.01    0.00    0.00    0.00   98.99
08:53:47 AM    3    0.00    0.00    0.00    0.00    0.00    0.00    0.00    0.00    0.00  100.00
08:53:47 AM    4    0.00    0.00    0.00    0.00    0.00    0.00    0.00    0.00    0.00  100.00
08:53:47 AM    5    0.00    0.00    0.00    0.00    0.00    0.00    0.00    0.00    0.00  100.00
08:53:47 AM    6    0.00    0.00    0.00    0.00    0.00    2.00    0.00    0.00    0.00   98.00
08:53:47 AM    7    0.00    0.00    0.00    0.00    0.00    1.01    0.00    0.00    0.00   98.99

08:53:47 AM  CPU    %usr   %nice    %sys %iowait    %irq   %soft  %steal  %guest  %gnice   %idle
08:53:48 AM  all    1.13    0.00   15.27    0.00    0.38    9.01    0.00    0.00    0.00   74.22
08:53:48 AM    0    4.04    0.00   59.60    0.00    1.01   35.35    0.00    0.00    0.00    0.00
08:53:48 AM    1    5.00    0.00   63.00    0.00    1.00   30.00    0.00    0.00    0.00    1.00
08:53:48 AM    2    0.00    0.00    0.00    0.00    0.00    2.00    0.00    0.00    0.00   98.00
08:53:48 AM    3    0.00    0.00    0.00    0.00    0.00    0.00    0.00    0.00    0.00  100.00
08:53:48 AM    4    0.00    0.00    0.00    0.00    0.00    0.00    0.00    0.00    0.00  100.00
08:53:48 AM    5    0.00    0.00    0.00    0.00    0.00    0.00    0.00    0.00    0.00  100.00
08:53:48 AM    6    0.00    0.00    0.00    0.00    1.00    3.00    0.00    0.00    0.00   96.00
08:53:48 AM    7    0.00    0.00    0.00    0.00    0.00    2.00    0.00    0.00    0.00   98.00

08:53:48 AM  CPU    %usr   %nice    %sys %iowait    %irq   %soft  %steal  %guest  %gnice   %idle
08:53:49 AM  all    1.38    0.00   15.12    0.00    0.38    9.00    0.00    0.00    0.00   74.12
08:53:49 AM    0    5.94    0.00   61.39    0.00    0.99   31.68    0.00    0.00    0.00    0.00
08:53:49 AM    1    5.00    0.00   59.00    0.00    1.00   35.00    0.00    0.00    0.00    0.00
08:53:49 AM    2    0.00    0.00    0.00    0.00    0.00    2.00    0.00    0.00    0.00   98.00
08:53:49 AM    3    0.00    0.00    0.00    0.00    0.00    0.00    0.00    0.00    0.00  100.00
08:53:49 AM    4    0.00    0.00    0.00    0.00    0.00    0.00    0.00    0.00    0.00  100.00
08:53:49 AM    5    0.00    0.00    0.00    0.00    0.00    0.00    0.00    0.00    0.00  100.00
08:53:49 AM    6    0.00    0.00    0.00    0.00    0.00    2.02    0.00    0.00    0.00   97.98
08:53:49 AM    7    0.00    0.00    0.00    0.00    1.00    1.00    0.00    0.00    0.00   98.00

08:53:49 AM  CPU    %usr   %nice    %sys %iowait    %irq   %soft  %steal  %guest  %gnice   %idle
08:53:50 AM  all    1.38    0.00   15.00    0.00    0.12    9.38    0.00    0.00    0.00   74.12
08:53:50 AM    0    6.00    0.00   58.00    0.00    1.00   35.00    0.00    0.00    0.00    0.00
08:53:50 AM    1    5.00    0.00   62.00    0.00    0.00   33.00    0.00    0.00    0.00    0.00
08:53:50 AM    2    0.00    0.00    0.00    0.00    0.00    2.00    0.00    0.00    0.00   98.00
08:53:50 AM    3    0.00    0.00    0.00    0.00    0.00    0.00    0.00    0.00    0.00  100.00
08:53:50 AM    4    0.00    0.00    0.00    0.00    0.00    0.00    0.00    0.00    0.00  100.00
08:53:50 AM    5    0.00    0.00    0.00    0.00    0.00    0.00    0.00    0.00    0.00  100.00
08:53:50 AM    6    0.00    0.00    0.00    0.00    0.00    3.00    0.00    0.00    0.00   97.00
08:53:50 AM    7    0.00    0.00    0.00    0.00    0.00    2.00    0.00    0.00    0.00   98.00

08:53:50 AM  CPU    %usr   %nice    %sys %iowait    %irq   %soft  %steal  %guest  %gnice   %idle
08:53:51 AM  all    1.25    0.00   15.14    0.00    0.50    8.89    0.00    0.00    0.00   74.22
08:53:51 AM    0    5.00    0.00   58.00    0.00    1.00   36.00    0.00    0.00    0.00    0.00
08:53:51 AM    1    5.00    0.00   63.00    0.00    1.00   31.00    0.00    0.00    0.00    0.00
08:53:51 AM    2    0.00    0.00    0.00    0.00    1.00    1.00    0.00    0.00    0.00   98.00
08:53:51 AM    3    0.00    0.00    0.00    0.00    0.00    0.00    0.00    0.00    0.00  100.00
08:53:51 AM    4    0.00    0.00    0.00    0.00    0.00    0.00    0.00    0.00    0.00  100.00
08:53:51 AM    5    0.00    0.00    0.00    0.00    0.00    0.00    0.00    0.00    0.00  100.00
08:53:51 AM    6    0.00    0.00    0.00    0.00    1.00    2.00    0.00    0.00    0.00   97.00
08:53:51 AM    7    0.00    0.00    0.00    0.00    0.00    1.01    0.00    0.00    0.00   98.99

08:53:51 AM  CPU    %usr   %nice    %sys %iowait    %irq   %soft  %steal  %guest  %gnice   %idle
08:53:52 AM  all    1.37    0.00   15.03    0.00    0.12    9.19    0.00    0.00    0.00   74.29
08:53:52 AM    0    5.94    0.00   58.42    0.00    0.00   35.64    0.00    0.00    0.00    0.00
08:53:52 AM    1    5.00    0.00   62.00    0.00    1.00   32.00    0.00    0.00    0.00    0.00
08:53:52 AM    2    0.00    0.00    0.00    0.00    0.00    2.00    0.00    0.00    0.00   98.00
08:53:52 AM    3    0.00    0.00    0.00    0.00    0.00    0.00    0.00    0.00    0.00  100.00
08:53:52 AM    4    0.00    0.00    0.00    0.00    0.00    0.00    0.00    0.00    0.00  100.00
08:53:52 AM    5    0.00    0.00    0.00    0.00    0.00    0.00    0.00    0.00    0.00  100.00
08:53:52 AM    6    0.00    0.00    0.00    0.00    0.00    2.00    0.00    0.00    0.00   98.00
08:53:52 AM    7    0.00    0.00    0.00    0.00    0.00    1.98    0.00    0.00    0.00   98.02

08:53:52 AM  CPU    %usr   %nice    %sys %iowait    %irq   %soft  %steal  %guest  %gnice   %idle
08:53:53 AM  all    1.25    0.00   15.27    0.00    0.13    9.14    0.00    0.00    0.00   74.22
08:53:53 AM    0    4.00    0.00   59.00    0.00    1.00   36.00    0.00    0.00    0.00    0.00
08:53:53 AM    1    5.94    0.00   62.38    0.00    0.00   31.68    0.00    0.00    0.00    0.00
08:53:53 AM    2    0.00    0.00    0.00    0.00    0.00    2.00    0.00    0.00    0.00   98.00
08:53:53 AM    3    0.00    0.00    0.00    0.00    0.00    0.00    0.00    0.00    0.00  100.00
08:53:53 AM    4    0.00    0.00    0.00    0.00    0.00    0.00    0.00    0.00    0.00  100.00
08:53:53 AM    5    0.00    0.00    0.00    0.00    0.00    0.00    0.00    0.00    0.00  100.00
08:53:53 AM    6    0.00    0.00    0.00    0.00    0.00    2.02    0.00    0.00    0.00   97.98
08:53:53 AM    7    0.00    0.00    0.00    0.00    0.00    1.01    0.00    0.00    0.00   98.99

08:53:53 AM  CPU    %usr   %nice    %sys %iowait    %irq   %soft  %steal  %guest  %gnice   %idle
08:53:54 AM  all    1.25    0.00   15.04    0.00    0.25    9.15    0.00    0.00    0.00   74.31
08:53:54 AM    0    5.00    0.00   61.00    0.00    1.00   33.00    0.00    0.00    0.00    0.00
08:53:54 AM    1    5.05    0.00   59.60    0.00    1.01   34.34    0.00    0.00    0.00    0.00
08:53:54 AM    2    0.00    0.00    0.00    0.00    0.00    1.01    0.00    0.00    0.00   98.99
08:53:54 AM    3    0.00    0.00    0.00    0.00    0.00    0.00    0.00    0.00    0.00  100.00
08:53:54 AM    4    0.00    0.00    0.00    0.00    0.00    0.00    0.00    0.00    0.00  100.00
08:53:54 AM    5    0.00    0.00    0.00    0.00    0.00    0.00    0.00    0.00    0.00  100.00
08:53:54 AM    6    0.00    0.00    0.00    0.00    0.00    3.00    0.00    0.00    0.00   97.00
08:53:54 AM    7    0.00    0.00    0.00    0.00    0.00    2.00    0.00    0.00    0.00   98.00

08:53:54 AM  CPU    %usr   %nice    %sys %iowait    %irq   %soft  %steal  %guest  %gnice   %idle
08:53:55 AM  all    1.25    0.00   15.09    0.00    0.50    9.10    0.00    0.00    0.00   74.06
08:53:55 AM    0    5.94    0.00   61.39    0.00    0.99   31.68    0.00    0.00    0.00    0.00
08:53:55 AM    1    3.96    0.00   58.42    0.00    0.99   35.64    0.00    0.00    0.00    0.99
08:53:55 AM    2    0.00    0.00    0.00    0.00    0.00    2.00    0.00    0.00    0.00   98.00
08:53:55 AM    3    0.00    0.00    0.00    0.00    0.00    0.00    0.00    0.00    0.00  100.00
08:53:55 AM    4    0.00    0.00    0.00    0.00    0.00    0.00    0.00    0.00    0.00  100.00
08:53:55 AM    5    0.00    0.00    0.00    0.00    0.00    0.00    0.00    0.00    0.00  100.00
08:53:55 AM    6    0.00    0.00    0.00    0.00    1.00    2.00    0.00    0.00    0.00   97.00
08:53:55 AM    7    0.00    0.00    0.00    0.00    1.00    1.00    0.00    0.00    0.00   98.00

08:53:55 AM  CPU    %usr   %nice    %sys %iowait    %irq   %soft  %steal  %guest  %gnice   %idle
08:53:56 AM  all    1.38    0.00   15.00    0.00    0.25    9.25    0.00    0.00    0.00   74.12
08:53:56 AM    0    5.05    0.00   60.61    0.00    0.00   34.34    0.00    0.00    0.00    0.00
08:53:56 AM    1    6.00    0.00   60.00    0.00    1.00   33.00    0.00    0.00    0.00    0.00
08:53:56 AM    2    0.00    0.00    0.00    0.00    0.99    1.98    0.00    0.00    0.00   97.03
08:53:56 AM    3    0.00    0.00    0.00    0.00    0.00    0.00    0.00    0.00    0.00  100.00
08:53:56 AM    4    0.00    0.00    0.00    0.00    0.00    0.00    0.00    0.00    0.00  100.00
08:53:56 AM    5    0.00    0.00    0.00    0.00    0.00    0.00    0.00    0.00    0.00  100.00
08:53:56 AM    6    0.00    0.00    0.00    0.00    0.00    3.00    0.00    0.00    0.00   97.00
08:53:56 AM    7    0.00    0.00    0.00    0.00    0.00    2.00    0.00    0.00    0.00   98.00

08:53:56 AM  CPU    %usr   %nice    %sys %iowait    %irq   %soft  %steal  %guest  %gnice   %idle
08:53:57 AM  all    1.26    0.00   15.20    0.00    0.13    8.92    0.00    0.00    0.00   74.50
08:53:57 AM    0    5.00    0.00   61.00    0.00    1.00   33.00    0.00    0.00    0.00    0.00
08:53:57 AM    1    5.05    0.00   60.61    0.00    0.00   34.34    0.00    0.00    0.00    0.00
08:53:57 AM    2    0.00    0.00    0.00    0.00    0.00    1.01    0.00    0.00    0.00   98.99
08:53:57 AM    3    0.00    0.00    0.00    0.00    0.00    0.00    0.00    0.00    0.00  100.00
08:53:57 AM    4    0.00    0.00    0.00    0.00    0.00    0.00    0.00    0.00    0.00  100.00
08:53:57 AM    5    0.00    0.00    0.00    0.00    0.00    0.00    0.00    0.00    0.00  100.00
08:53:57 AM    6    0.00    0.00    0.00    0.00    0.00    2.02    0.00    0.00    0.00   97.98
08:53:57 AM    7    0.00    0.00    0.00    0.00    0.00    1.01    0.00    0.00    0.00   98.99

08:53:57 AM  CPU    %usr   %nice    %sys %iowait    %irq   %soft  %steal  %guest  %gnice   %idle
08:53:58 AM  all    1.24    0.00   15.01    0.00    0.37    9.18    0.00    0.00    0.00   74.19
08:53:58 AM    0    5.00    0.00   62.00    0.00    1.00   32.00    0.00    0.00    0.00    0.00
08:53:58 AM    1    4.95    0.00   58.42    0.00    0.99   35.64    0.00    0.00    0.00    0.00
08:53:58 AM    2    0.00    0.00    0.00    0.00    0.00    2.00    0.00    0.00    0.00   98.00
08:53:58 AM    3    0.00    0.00    0.00    0.00    0.00    0.00    0.00    0.00    0.00  100.00
08:53:58 AM    4    0.00    0.00    0.00    0.00    0.00    0.00    0.00    0.00    0.00  100.00
08:53:58 AM    5    0.00    0.00    0.00    0.00    0.00    0.00    0.00    0.00    0.00  100.00
08:53:58 AM    6    0.00    0.00    0.00    0.00    0.99    1.98    0.00    0.00    0.00   97.03
08:53:58 AM    7    0.00    0.00    0.00    0.00    0.00    1.98    0.00    0.00    0.00   98.02

08:53:58 AM  CPU    %usr   %nice    %sys %iowait    %irq   %soft  %steal  %guest  %gnice   %idle
08:53:59 AM  all    1.38    0.00   15.25    0.00    0.25    9.00    0.00    0.00    0.00   74.12
08:53:59 AM    0    5.94    0.00   58.42    0.00    0.99   34.65    0.00    0.00    0.00    0.00
08:53:59 AM    1    5.00    0.00   63.00    0.00    1.00   31.00    0.00    0.00    0.00    0.00
08:53:59 AM    2    0.00    0.00    0.00    0.00    0.00    2.00    0.00    0.00    0.00   98.00
08:53:59 AM    3    0.00    0.00    0.00    0.00    0.00    0.00    0.00    0.00    0.00  100.00
08:53:59 AM    4    0.00    0.00    0.00    0.00    0.00    0.00    0.00    0.00    0.00  100.00
08:53:59 AM    5    0.00    0.00    0.00    0.00    0.00    0.00    0.00    0.00    0.00  100.00
08:53:59 AM    6    0.00    0.00    0.00    0.00    0.00    3.00    0.00    0.00    0.00   97.00
08:53:59 AM    7    0.00    0.00    0.00    0.00    0.00    1.01    0.00    0.00    0.00   98.99

08:53:59 AM  CPU    %usr   %nice    %sys %iowait    %irq   %soft  %steal  %guest  %gnice   %idle
08:54:00 AM  all    1.12    0.00   15.38    0.00    0.38    9.00    0.00    0.00    0.00   74.12
08:54:00 AM    0    5.00    0.00   59.00    0.00    0.00   36.00    0.00    0.00    0.00    0.00
08:54:00 AM    1    4.00    0.00   64.00    0.00    1.00   31.00    0.00    0.00    0.00    0.00
08:54:00 AM    2    0.00    0.00    0.00    0.00    1.00    1.00    0.00    0.00    0.00   98.00
08:54:00 AM    3    0.00    0.00    0.00    0.00    0.00    0.00    0.00    0.00    0.00  100.00
08:54:00 AM    4    0.00    0.00    0.00    0.00    0.00    0.00    0.00    0.00    0.00  100.00
08:54:00 AM    5    0.00    0.00    0.00    0.00    0.00    0.00    0.00    0.00    0.00  100.00
08:54:00 AM    6    0.00    0.00    0.00    0.00    0.00    2.02    0.00    0.00    0.00   97.98
08:54:00 AM    7    0.00    0.00    0.00    0.00    0.99    1.98    0.00    0.00    0.00   97.03

08:54:00 AM  CPU    %usr   %nice    %sys %iowait    %irq   %soft  %steal  %guest  %gnice   %idle
08:54:01 AM  all    1.00    0.00   15.31    0.00    0.13    9.16    0.00    0.00    0.00   74.40
08:54:01 AM    0    4.00    0.00   59.00    0.00    1.00   36.00    0.00    0.00    0.00    0.00
08:54:01 AM    1    4.04    0.00   63.64    0.00    0.00   32.32    0.00    0.00    0.00    0.00
08:54:01 AM    2    0.00    0.00    0.00    0.00    0.00    2.00    0.00    0.00    0.00   98.00
08:54:01 AM    3    0.00    0.00    0.00    0.00    0.00    0.00    0.00    0.00    0.00  100.00
08:54:01 AM    4    0.00    0.00    0.00    0.00    0.00    0.00    0.00    0.00    0.00  100.00
08:54:01 AM    5    0.00    0.00    0.00    0.00    0.00    0.00    0.00    0.00    0.00  100.00
08:54:01 AM    6    0.00    0.00    0.00    0.00    0.00    2.02    0.00    0.00    0.00   97.98
08:54:01 AM    7    0.00    0.00    0.00    0.00    0.00    1.01    0.00    0.00    0.00   98.99

08:54:01 AM  CPU    %usr   %nice    %sys %iowait    %irq   %soft  %steal  %guest  %gnice   %idle
08:54:02 AM  all    1.49    0.00   14.93    0.00    0.37    9.08    0.00    0.00    0.00   74.13
08:54:02 AM    0    6.00    0.00   61.00    0.00    1.00   32.00    0.00    0.00    0.00    0.00
08:54:02 AM    1    5.94    0.00   58.42    0.00    0.99   33.66    0.00    0.00    0.00    0.99
08:54:02 AM    2    0.00    0.00    0.00    0.00    0.00    2.00    0.00    0.00    0.00   98.00
08:54:02 AM    3    0.00    0.00    0.00    0.00    0.00    0.00    0.00    0.00    0.00  100.00
08:54:02 AM    4    0.00    0.00    0.00    0.00    0.00    0.00    0.00    0.00    0.00  100.00
08:54:02 AM    5    0.00    0.00    0.00    0.00    0.00    0.00    0.00    0.00    0.00  100.00
08:54:02 AM    6    0.00    0.00    0.00    0.00    0.99    2.97    0.00    0.00    0.00   96.04
08:54:02 AM    7    0.00    0.00    0.00    0.00    0.00    1.98    0.00    0.00    0.00   98.02

08:54:02 AM  CPU    %usr   %nice    %sys %iowait    %irq   %soft  %steal  %guest  %gnice   %idle
08:54:03 AM  all    1.12    0.00   15.38    0.00    0.12    9.00    0.00    0.00    0.00   74.38
08:54:03 AM    0    4.04    0.00   62.63    0.00    0.00   33.33    0.00    0.00    0.00    0.00
08:54:03 AM    1    4.95    0.00   60.40    0.00    0.99   33.66    0.00    0.00    0.00    0.00
08:54:03 AM    2    0.00    0.00    0.00    0.00    0.00    2.00    0.00    0.00    0.00   98.00
08:54:03 AM    3    0.00    0.00    0.00    0.00    0.00    0.00    0.00    0.00    0.00  100.00
08:54:03 AM    4    0.00    0.00    0.00    0.00    0.00    0.00    0.00    0.00    0.00  100.00
08:54:03 AM    5    0.00    0.00    0.00    0.00    0.00    0.00    0.00    0.00    0.00  100.00
08:54:03 AM    6    0.00    0.00    0.00    0.00    0.00    2.02    0.00    0.00    0.00   97.98
08:54:03 AM    7    0.00    0.00    0.00    0.00    0.00    1.01    0.00    0.00    0.00   98.99

08:54:03 AM  CPU    %usr   %nice    %sys %iowait    %irq   %soft  %steal  %guest  %gnice   %idle
08:54:04 AM  all    1.38    0.00   15.04    0.00    0.13    9.15    0.00    0.00    0.00   74.31
08:54:04 AM    0    5.00    0.00   58.00    0.00    1.00   36.00    0.00    0.00    0.00    0.00
08:54:04 AM    1    6.06    0.00   62.63    0.00    0.00   31.31    0.00    0.00    0.00    0.00
08:54:04 AM    2    0.00    0.00    0.00    0.00    0.00    1.01    0.00    0.00    0.00   98.99
08:54:04 AM    3    0.00    0.00    0.00    0.00    0.00    0.00    0.00    0.00    0.00  100.00
08:54:04 AM    4    0.00    0.00    0.00    0.00    0.00    0.00    0.00    0.00    0.00  100.00
08:54:04 AM    5    0.00    0.00    0.00    0.00    0.00    0.00    0.00    0.00    0.00  100.00
08:54:04 AM    6    0.00    0.00    0.00    0.00    0.00    3.00    0.00    0.00    0.00   97.00
08:54:04 AM    7    0.00    0.00    0.00    0.00    0.00    2.00    0.00    0.00    0.00   98.00

08:54:04 AM  CPU    %usr   %nice    %sys %iowait    %irq   %soft  %steal  %guest  %gnice   %idle
08:54:05 AM  all    1.25    0.00   15.34    0.00    0.62    8.85    0.00    0.00    0.00   73.94
08:54:05 AM    0    3.96    0.00   59.41    0.00    0.99   34.65    0.00    0.00    0.00    0.99
08:54:05 AM    1    5.94    0.00   62.38    0.00    0.99   30.69    0.00    0.00    0.00    0.00
08:54:05 AM    2    0.00    0.00    0.00    0.00    1.00    2.00    0.00    0.00    0.00   97.00
08:54:05 AM    3    0.00    0.00    0.00    0.00    0.00    0.00    0.00    0.00    0.00  100.00
08:54:05 AM    4    0.00    0.00    0.00    0.00    0.00    0.00    0.00    0.00    0.00  100.00
08:54:05 AM    5    0.00    0.00    0.00    0.00    0.00    0.00    0.00    0.00    0.00  100.00
08:54:05 AM    6    0.00    0.00    0.00    0.00    1.00    2.00    0.00    0.00    0.00   97.00
08:54:05 AM    7    0.00    0.00    0.00    0.00    1.00    1.00    0.00    0.00    0.00   98.00

08:54:05 AM  CPU    %usr   %nice    %sys %iowait    %irq   %soft  %steal  %guest  %gnice   %idle
08:54:06 AM  all    1.12    0.00   15.23    0.00    0.25    9.24    0.00    0.00    0.00   74.16
08:54:06 AM    0    3.96    0.00   60.40    0.00    0.99   34.65    0.00    0.00    0.00    0.00
08:54:06 AM    1    4.95    0.00   60.40    0.00    0.99   32.67    0.00    0.00    0.00    0.99
08:54:06 AM    2    0.00    0.00    0.00    0.00    0.00    2.00    0.00    0.00    0.00   98.00
08:54:06 AM    3    0.00    0.00    0.00    0.00    0.00    0.00    0.00    0.00    0.00  100.00
08:54:06 AM    4    0.00    0.00    0.00    0.00    0.00    0.00    0.00    0.00    0.00  100.00
08:54:06 AM    5    0.00    0.00    0.00    0.00    0.00    0.00    0.00    0.00    0.00  100.00
08:54:06 AM    6    0.00    0.00    0.00    0.00    0.00    2.02    0.00    0.00    0.00   97.98
08:54:06 AM    7    0.00    0.00    0.00    0.00    0.00    2.00    0.00    0.00    0.00   98.00

08:54:06 AM  CPU    %usr   %nice    %sys %iowait    %irq   %soft  %steal  %guest  %gnice   %idle
08:54:07 AM  all    1.25    0.00   15.23    0.00    0.12    8.99    0.00    0.00    0.00   74.41
08:54:07 AM    0    4.95    0.00   58.42    0.00    0.99   35.64    0.00    0.00    0.00    0.00
08:54:07 AM    1    5.05    0.00   63.64    0.00    0.00   31.31    0.00    0.00    0.00    0.00
08:54:07 AM    2    0.00    0.00    0.00    0.00    0.00    1.00    0.00    0.00    0.00   99.00
08:54:07 AM    3    0.00    0.00    0.00    0.00    0.00    0.00    0.00    0.00    0.00  100.00
08:54:07 AM    4    0.00    0.00    0.00    0.00    0.00    0.00    0.00    0.00    0.00  100.00
08:54:07 AM    5    0.00    0.00    0.00    0.00    0.00    0.00    0.00    0.00    0.00  100.00
08:54:07 AM    6    0.00    0.00    0.00    0.00    0.00    2.97    0.00    0.00    0.00   97.03
08:54:07 AM    7    0.00    0.00    0.00    0.00    0.00    1.00    0.00    0.00    0.00   99.00

08:54:07 AM  CPU    %usr   %nice    %sys %iowait    %irq   %soft  %steal  %guest  %gnice   %idle
08:54:08 AM  all    1.38    0.00   15.18    0.00    0.13    9.03    0.00    0.00    0.00   74.28
08:54:08 AM    0    5.05    0.00   59.60    0.00    0.00   35.35    0.00    0.00    0.00    0.00
08:54:08 AM    1    6.00    0.00   62.00    0.00    1.00   31.00    0.00    0.00    0.00    0.00
08:54:08 AM    2    0.00    0.00    0.00    0.00    0.00    2.02    0.00    0.00    0.00   97.98
08:54:08 AM    3    0.00    0.00    0.00    0.00    0.00    0.00    0.00    0.00    0.00  100.00
08:54:08 AM    4    0.00    0.00    0.00    0.00    0.00    0.00    0.00    0.00    0.00  100.00
08:54:08 AM    5    0.00    0.00    0.00    0.00    0.00    0.00    0.00    0.00    0.00  100.00
08:54:08 AM    6    0.00    0.00    0.00    0.00    0.00    2.02    0.00    0.00    0.00   97.98
08:54:08 AM    7    0.00    0.00    0.00    0.00    0.00    2.00    0.00    0.00    0.00   98.00

08:54:08 AM  CPU    %usr   %nice    %sys %iowait    %irq   %soft  %steal  %guest  %gnice   %idle
08:54:09 AM  all    1.24    0.00   15.14    0.00    0.37    8.93    0.00    0.00    0.00   74.32
08:54:09 AM    0    4.95    0.00   62.38    0.00    0.99   31.68    0.00    0.00    0.00    0.00
08:54:09 AM    1    4.90    0.00   57.84    0.00    0.98   34.31    0.00    0.00    0.00    1.96
08:54:09 AM    2    0.00    0.00    0.00    0.00    0.00    1.98    0.00    0.00    0.00   98.02
08:54:09 AM    3    0.00    0.00    0.00    0.00    0.00    0.00    0.00    0.00    0.00  100.00
08:54:09 AM    4    0.00    0.00    0.00    0.00    0.00    0.00    0.00    0.00    0.00  100.00
08:54:09 AM    5    0.00    0.00    0.00    0.00    0.00    0.00    0.00    0.00    0.00  100.00
08:54:09 AM    6    0.00    0.00    0.00    0.00    1.00    2.00    0.00    0.00    0.00   97.00
08:54:09 AM    7    0.00    0.00    0.00    0.00    0.00    1.01    0.00    0.00    0.00   98.99

08:54:09 AM  CPU    %usr   %nice    %sys %iowait    %irq   %soft  %steal  %guest  %gnice   %idle
08:54:10 AM  all    1.13    0.00   15.16    0.00    0.25    9.15    0.00    0.00    0.00   74.31
08:54:10 AM    0    6.00    0.00   61.00    0.00    1.00   32.00    0.00    0.00    0.00    0.00
08:54:10 AM    1    3.06    0.00   61.22    0.00    0.00   35.71    0.00    0.00    0.00    0.00
08:54:10 AM    2    0.00    0.00    0.00    0.00    1.00    1.00    0.00    0.00    0.00   98.00
08:54:10 AM    3    0.00    0.00    0.00    0.00    0.00    0.00    0.00    0.00    0.00  100.00
08:54:10 AM    4    0.00    0.00    0.00    0.00    0.00    0.00    0.00    0.00    0.00  100.00
08:54:10 AM    5    0.00    0.00    0.00    0.00    0.00    0.00    0.00    0.00    0.00  100.00
08:54:10 AM    6    0.00    0.00    0.00    0.00    0.00    3.00    0.00    0.00    0.00   97.00
08:54:10 AM    7    0.00    0.00    0.00    0.00    0.00    2.00    0.00    0.00    0.00   98.00

08:54:10 AM  CPU    %usr   %nice    %sys %iowait    %irq   %soft  %steal  %guest  %gnice   %idle
08:54:11 AM  all    1.38    0.00   15.14    0.00    0.25    8.89    0.00    0.00    0.00   74.34
08:54:11 AM    0    4.00    0.00   64.00    0.00    0.00   31.00    0.00    0.00    0.00    1.00
08:54:11 AM    1    7.00    0.00   57.00    0.00    1.00   35.00    0.00    0.00    0.00    0.00
08:54:11 AM    2    0.00    0.00    0.00    0.00    0.00    2.00    0.00    0.00    0.00   98.00
08:54:11 AM    3    0.00    0.00    0.00    0.00    0.00    0.00    0.00    0.00    0.00  100.00
08:54:11 AM    4    0.00    0.00    0.00    0.00    0.00    0.00    0.00    0.00    0.00  100.00
08:54:11 AM    5    0.00    0.00    0.00    0.00    0.00    0.00    0.00    0.00    0.00  100.00
08:54:11 AM    6    0.00    0.00    0.00    0.00    0.00    2.02    0.00    0.00    0.00   97.98
08:54:11 AM    7    0.00    0.00    0.00    0.00    1.00    1.00    0.00    0.00    0.00   98.00

08:54:11 AM  CPU    %usr   %nice    %sys %iowait    %irq   %soft  %steal  %guest  %gnice   %idle
08:54:12 AM  all    1.37    0.00   14.94    0.00    0.37    9.34    0.00    0.00    0.00   73.97
08:54:12 AM    0    5.00    0.00   62.00    0.00    1.00   32.00    0.00    0.00    0.00    0.00
08:54:12 AM    1    5.94    0.00   57.43    0.00    0.99   35.64    0.00    0.00    0.00    0.00
08:54:12 AM    2    0.00    0.00    0.00    0.00    0.00    2.00    0.00    0.00    0.00   98.00
08:54:12 AM    3    0.00    0.00    0.00    0.00    0.00    0.00    0.00    0.00    0.00  100.00
08:54:12 AM    4    0.00    0.00    0.00    0.00    0.00    0.00    0.00    0.00    0.00  100.00
08:54:12 AM    5    0.00    0.00    0.00    0.00    0.00    0.00    0.00    0.00    0.00  100.00
08:54:12 AM    6    0.00    0.00    0.00    0.00    0.99    2.97    0.00    0.00    0.00   96.04
08:54:12 AM    7    0.00    0.00    0.00    0.00    0.00    1.98    0.00    0.00    0.00   98.02

08:54:12 AM  CPU    %usr   %nice    %sys %iowait    %irq   %soft  %steal  %guest  %gnice   %idle
08:54:13 AM  all    1.13    0.00   15.16    0.00    0.25    9.15    0.00    0.00    0.00   74.31
08:54:13 AM    0    4.95    0.00   60.40    0.00    0.99   33.66    0.00    0.00    0.00    0.00
08:54:13 AM    1    4.00    0.00   60.00    0.00    1.00   35.00    0.00    0.00    0.00    0.00
08:54:13 AM    2    0.00    0.00    0.00    0.00    0.00    1.01    0.00    0.00    0.00   98.99
08:54:13 AM    3    0.00    0.00    0.00    0.00    0.00    0.00    0.00    0.00    0.00  100.00
08:54:13 AM    4    0.00    0.00    0.00    0.00    0.00    0.00    0.00    0.00    0.00  100.00
08:54:13 AM    5    0.00    0.00    0.00    0.00    0.00    0.00    0.00    0.00    0.00  100.00
08:54:13 AM    6    0.00    0.00    0.00    0.00    0.00    2.02    0.00    0.00    0.00   97.98
08:54:13 AM    7    0.00    0.00    0.00    0.00    0.00    1.01    0.00    0.00    0.00   98.99

08:54:13 AM  CPU    %usr   %nice    %sys %iowait    %irq   %soft  %steal  %guest  %gnice   %idle
08:54:14 AM  all    1.25    0.00   15.14    0.00    0.13    9.26    0.00    0.00    0.00   74.22
08:54:14 AM    0    5.05    0.00   62.63    0.00    0.00   32.32    0.00    0.00    0.00    0.00
08:54:14 AM    1    4.95    0.00   58.42    0.00    0.99   35.64    0.00    0.00    0.00    0.00
08:54:14 AM    2    0.00    0.00    0.00    0.00    0.00    2.00    0.00    0.00    0.00   98.00
08:54:14 AM    3    0.00    0.00    0.00    0.00    0.00    0.00    0.00    0.00    0.00  100.00
08:54:14 AM    4    0.00    0.00    0.00    0.00    0.00    0.00    0.00    0.00    0.00  100.00
08:54:14 AM    5    0.00    0.00    0.00    0.00    0.00    0.00    0.00    0.00    0.00  100.00
08:54:14 AM    6    0.00    0.00    0.00    0.00    0.00    2.02    0.00    0.00    0.00   97.98
08:54:14 AM    7    0.00    0.00    0.00    0.00    0.00    2.00    0.00    0.00    0.00   98.00

08:54:14 AM  CPU    %usr   %nice    %sys %iowait    %irq   %soft  %steal  %guest  %gnice   %idle
08:54:15 AM  all    1.37    0.00   14.93    0.00    0.37    9.08    0.00    0.00    0.00   74.25
08:54:15 AM    0    5.00    0.00   59.00    0.00    1.00   35.00    0.00    0.00    0.00    0.00
08:54:15 AM    1    6.06    0.00   61.62    0.00    0.00   32.32    0.00    0.00    0.00    0.00
08:54:15 AM    2    0.00    0.00    0.00    0.00    0.99    1.98    0.00    0.00    0.00   97.03
08:54:15 AM    3    0.00    0.00    0.00    0.00    0.00    0.00    0.00    0.00    0.00  100.00
08:54:15 AM    4    0.00    0.00    0.00    0.00    0.00    0.00    0.00    0.00    0.00  100.00
08:54:15 AM    5    0.00    0.00    0.00    0.00    0.00    0.00    0.00    0.00    0.00  100.00
08:54:15 AM    6    0.00    0.00    0.00    0.00    0.98    2.94    0.00    0.00    0.00   96.08
08:54:15 AM    7    0.00    0.00    0.00    0.00    0.00    1.01    0.00    0.00    0.00   98.99

08:54:15 AM  CPU    %usr   %nice    %sys %iowait    %irq   %soft  %steal  %guest  %gnice   %idle
08:54:16 AM  all    1.25    0.00   15.11    0.00    0.37    9.24    0.00    0.00    0.00   74.03
08:54:16 AM    0    4.95    0.00   58.42    0.00    0.99   35.64    0.00    0.00    0.00    0.00
08:54:16 AM    1    4.95    0.00   61.39    0.00    0.99   32.67    0.00    0.00    0.00    0.00
08:54:16 AM    2    0.00    0.00    0.00    0.00    0.00    1.01    0.00    0.00    0.00   98.99
08:54:16 AM    3    0.00    0.00    0.00    0.00    0.00    0.00    0.00    0.00    0.00  100.00
08:54:16 AM    4    0.00    0.00    0.00    0.00    0.00    0.00    0.00    0.00    0.00  100.00
08:54:16 AM    5    0.00    0.00    0.00    0.00    0.00    0.00    0.00    0.00    0.00  100.00
08:54:16 AM    6    0.00    0.00    0.00    0.00    0.00    2.02    0.00    0.00    0.00   97.98
08:54:16 AM    7    0.00    0.00    0.00    0.00    0.99    1.98    0.00    0.00    0.00   97.03

08:54:16 AM  CPU    %usr   %nice    %sys %iowait    %irq   %soft  %steal  %guest  %gnice   %idle
08:54:17 AM  all    1.37    0.00   15.21    0.00    0.25    9.10    0.00    0.00    0.00   74.06
08:54:17 AM    0    4.95    0.00   61.39    0.00    0.99   32.67    0.00    0.00    0.00    0.00
08:54:17 AM    1    5.94    0.00   59.41    0.00    0.99   33.66    0.00    0.00    0.00    0.00
08:54:17 AM    2    0.00    0.00    0.00    0.00    0.00    2.00    0.00    0.00    0.00   98.00
08:54:17 AM    3    0.00    0.00    0.00    0.00    0.00    0.00    0.00    0.00    0.00  100.00
08:54:17 AM    4    0.00    0.00    0.00    0.00    0.00    0.00    0.00    0.00    0.00  100.00
08:54:17 AM    5    0.00    0.00    0.00    0.00    0.00    0.00    0.00    0.00    0.00  100.00
08:54:17 AM    6    0.00    0.00    0.00    0.00    0.00    3.00    0.00    0.00    0.00   97.00
08:54:17 AM    7    0.00    0.00    0.00    0.00    0.00    1.00    0.00    0.00    0.00   99.00

08:54:17 AM  CPU    %usr   %nice    %sys %iowait    %irq   %soft  %steal  %guest  %gnice   %idle
08:54:18 AM  all    1.13    0.00   15.20    0.00    0.00    9.05    0.00    0.00    0.00   74.62
08:54:18 AM    0    4.08    0.00   60.20    0.00    0.00   35.71    0.00    0.00    0.00    0.00
08:54:18 AM    1    5.05    0.00   62.63    0.00    0.00   31.31    0.00    0.00    0.00    1.01
08:54:18 AM    2    0.00    0.00    0.00    0.00    0.00    2.00    0.00    0.00    0.00   98.00
08:54:18 AM    3    0.00    0.00    0.00    0.00    0.00    0.00    0.00    0.00    0.00  100.00
08:54:18 AM    4    0.00    0.00    0.00    0.00    0.00    0.00    0.00    0.00    0.00  100.00
08:54:18 AM    5    0.00    0.00    0.00    0.00    0.00    0.00    0.00    0.00    0.00  100.00
08:54:18 AM    6    0.00    0.00    0.00    0.00    0.00    2.02    0.00    0.00    0.00   97.98
08:54:18 AM    7    0.00    0.00    0.00    0.00    0.00    2.00    0.00    0.00    0.00   98.00

08:54:18 AM  CPU    %usr   %nice    %sys %iowait    %irq   %soft  %steal  %guest  %gnice   %idle
08:54:19 AM  all    1.25    0.00   15.38    0.00    0.38    8.88    0.00    0.00    0.00   74.12
08:54:19 AM    0    5.94    0.00   61.39    0.00    0.99   31.68    0.00    0.00    0.00    0.00
08:54:19 AM    1    4.00    0.00   61.00    0.00    1.00   34.00    0.00    0.00    0.00    0.00
08:54:19 AM    2    0.00    0.00    0.00    0.00    0.00    1.01    0.00    0.00    0.00   98.99
08:54:19 AM    3    0.00    0.00    0.00    0.00    0.00    0.00    0.00    0.00    0.00  100.00
08:54:19 AM    4    0.00    0.00    0.00    0.00    0.00    0.00    0.00    0.00    0.00  100.00
08:54:19 AM    5    0.00    0.00    0.00    0.00    0.00    0.00    0.00    0.00    0.00  100.00
08:54:19 AM    6    0.00    0.00    0.00    0.00    0.99    2.97    0.00    0.00    0.00   96.04
08:54:19 AM    7    0.00    0.00    0.00    0.00    0.00    1.01    0.00    0.00    0.00   98.99

08:54:19 AM  CPU    %usr   %nice    %sys %iowait    %irq   %soft  %steal  %guest  %gnice   %idle
08:54:20 AM  all    1.12    0.00   15.19    0.00    0.37    9.22    0.00    0.00    0.00   74.10
08:54:20 AM    0    4.00    0.00   63.00    0.00    1.00   32.00    0.00    0.00    0.00    0.00
08:54:20 AM    1    4.95    0.00   58.42    0.00    0.99   35.64    0.00    0.00    0.00    0.00
08:54:20 AM    2    0.00    0.00    0.00    0.00    0.99    1.98    0.00    0.00    0.00   97.03
08:54:20 AM    3    0.00    0.00    0.00    0.00    0.00    0.00    0.00    0.00    0.00  100.00
08:54:20 AM    4    0.00    0.00    0.00    0.00    0.00    0.00    0.00    0.00    0.00  100.00
08:54:20 AM    5    0.00    0.00    0.00    0.00    0.00    0.00    0.00    0.00    0.00  100.00
08:54:20 AM    6    0.00    0.00    0.00    0.00    0.00    2.02    0.00    0.00    0.00   97.98
08:54:20 AM    7    0.00    0.00    0.00    0.00    0.00    2.00    0.00    0.00    0.00   98.00

08:54:20 AM  CPU    %usr   %nice    %sys %iowait    %irq   %soft  %steal  %guest  %gnice   %idle
08:54:21 AM  all    1.38    0.00   15.06    0.00    0.25    8.91    0.00    0.00    0.00   74.40
08:54:21 AM    0    5.05    0.00   62.63    0.00    0.00   32.32    0.00    0.00    0.00    0.00
08:54:21 AM    1    6.06    0.00   58.59    0.00    1.01   34.34    0.00    0.00    0.00    0.00
08:54:21 AM    2    0.00    0.00    0.00    0.00    0.00    2.00    0.00    0.00    0.00   98.00
08:54:21 AM    3    0.00    0.00    0.00    0.00    0.00    0.00    0.00    0.00    0.00  100.00
08:54:21 AM    4    0.00    0.00    0.00    0.00    0.00    0.00    0.00    0.00    0.00  100.00
08:54:21 AM    5    0.00    0.00    0.00    0.00    0.00    0.00    0.00    0.00    0.00  100.00
08:54:21 AM    6    0.00    0.00    0.00    0.00    0.00    2.02    0.00    0.00    0.00   97.98
08:54:21 AM    7    0.00    0.00    0.00    0.00    1.00    1.00    0.00    0.00    0.00   98.00

08:54:21 AM  CPU    %usr   %nice    %sys %iowait    %irq   %soft  %steal  %guest  %gnice   %idle
08:54:22 AM  all    1.25    0.00   15.32    0.00    0.25    9.09    0.00    0.00    0.00   74.10
08:54:22 AM    0    4.95    0.00   58.42    0.00    0.99   34.65    0.00    0.00    0.00    0.99
08:54:22 AM    1    4.95    0.00   63.37    0.00    0.00   31.68    0.00    0.00    0.00    0.00
08:54:22 AM    2    0.00    0.00    0.00    0.00    0.00    1.01    0.00    0.00    0.00   98.99
08:54:22 AM    3    0.00    0.00    0.00    0.00    0.00    0.00    0.00    0.00    0.00  100.00
08:54:22 AM    4    0.00    0.00    0.00    0.00    0.00    0.00    0.00    0.00    0.00  100.00
08:54:22 AM    5    0.00    0.00    0.00    0.00    0.00    0.00    0.00    0.00    0.00  100.00
08:54:22 AM    6    0.00    0.00    0.00    0.00    0.99    2.97    0.00    0.00    0.00   96.04
08:54:22 AM    7    0.00    0.00    0.00    0.00    0.00    2.00    0.00    0.00    0.00   98.00

08:54:22 AM  CPU    %usr   %nice    %sys %iowait    %irq   %soft  %steal  %guest  %gnice   %idle
08:54:23 AM  all    1.25    0.00   15.14    0.00    0.25    9.01    0.00    0.00    0.00   74.34
08:54:23 AM    0    5.94    0.00   57.43    0.00    0.99   35.64    0.00    0.00    0.00    0.00
08:54:23 AM    1    4.04    0.00   63.64    0.00    1.01   31.31    0.00    0.00    0.00    0.00
08:54:23 AM    2    0.00    0.00    0.00    0.00    0.00    2.00    0.00    0.00    0.00   98.00
08:54:23 AM    3    0.00    0.00    0.00    0.00    0.00    0.00    0.00    0.00    0.00  100.00
08:54:23 AM    4    0.00    0.00    0.00    0.00    0.00    0.00    0.00    0.00    0.00  100.00
08:54:23 AM    5    0.00    0.00    0.00    0.00    0.00    0.00    0.00    0.00    0.00  100.00
08:54:23 AM    6    0.00    0.00    0.00    0.00    0.00    2.02    0.00    0.00    0.00   97.98
08:54:23 AM    7    0.00    0.00    0.00    0.00    0.00    1.00    0.00    0.00    0.00   99.00

08:54:23 AM  CPU    %usr   %nice    %sys %iowait    %irq   %soft  %steal  %guest  %gnice   %idle
08:54:24 AM  all    1.13    0.00   15.27    0.00    0.25    9.14    0.00    0.00    0.00   74.22
08:54:24 AM    0    4.00    0.00   59.00    0.00    1.00   36.00    0.00    0.00    0.00    0.00
08:54:24 AM    1    5.00    0.00   63.00    0.00    1.00   31.00    0.00    0.00    0.00    0.00
08:54:24 AM    2    0.00    0.00    0.00    0.00    0.00    2.00    0.00    0.00    0.00   98.00
08:54:24 AM    3    0.00    0.00    0.00    0.00    0.00    0.00    0.00    0.00    0.00  100.00
08:54:24 AM    4    0.00    0.00    0.00    0.00    0.00    0.00    0.00    0.00    0.00  100.00
08:54:24 AM    5    0.00    0.00    0.00    0.00    0.00    0.00    0.00    0.00    0.00  100.00
08:54:24 AM    6    0.00    0.00    0.00    0.00    0.00    2.02    0.00    0.00    0.00   97.98
08:54:24 AM    7    0.00    0.00    0.00    0.00    0.00    2.00    0.00    0.00    0.00   98.00

08:54:24 AM  CPU    %usr   %nice    %sys %iowait    %irq   %soft  %steal  %guest  %gnice   %idle
08:54:25 AM  all    1.38    0.00   15.18    0.00    0.13    9.03    0.00    0.00    0.00   74.28
08:54:25 AM    0    5.05    0.00   59.60    0.00    0.00   35.35    0.00    0.00    0.00    0.00
08:54:25 AM    1    6.00    0.00   62.00    0.00    0.00   32.00    0.00    0.00    0.00    0.00
08:54:25 AM    2    0.00    0.00    0.00    0.00    1.01    1.01    0.00    0.00    0.00   97.98
08:54:25 AM    3    0.00    0.00    0.00    0.00    0.00    0.00    0.00    0.00    0.00  100.00
08:54:25 AM    4    0.00    0.00    0.00    0.00    0.00    0.00    0.00    0.00    0.00  100.00
08:54:25 AM    5    0.00    0.00    0.00    0.00    0.00    0.00    0.00    0.00    0.00  100.00
08:54:25 AM    6    0.00    0.00    0.00    0.00    0.00    3.00    0.00    0.00    0.00   97.00
08:54:25 AM    7    0.00    0.00    0.00    0.00    0.00    1.01    0.00    0.00    0.00   98.99

08:54:25 AM  CPU    %usr   %nice    %sys %iowait    %irq   %soft  %steal  %guest  %gnice   %idle
08:54:26 AM  all    1.50    0.00   15.09    0.00    0.37    9.10    0.00    0.00    0.00   73.94
08:54:26 AM    0    4.95    0.00   58.42    0.00    0.99   35.64    0.00    0.00    0.00    0.00
08:54:26 AM    1    6.93    0.00   61.39    0.00    0.99   30.69    0.00    0.00    0.00    0.00
08:54:26 AM    2    0.00    0.00    0.00    0.00    0.00    2.00    0.00    0.00    0.00   98.00
08:54:26 AM    3    0.00    0.00    0.00    0.00    0.00    0.00    0.00    0.00    0.00  100.00
08:54:26 AM    4    0.00    0.00    0.00    0.00    0.00    0.00    0.00    0.00    0.00  100.00
08:54:26 AM    5    0.00    0.00    0.00    0.00    0.00    0.00    0.00    0.00    0.00  100.00
08:54:26 AM    6    0.00    0.00    0.00    0.00    1.00    2.00    0.00    0.00    0.00   97.00
08:54:26 AM    7    0.00    0.00    0.00    0.00    0.00    2.00    0.00    0.00    0.00   98.00

08:54:26 AM  CPU    %usr   %nice    %sys %iowait    %irq   %soft  %steal  %guest  %gnice   %idle
08:54:27 AM  all    1.37    0.00   14.93    0.00    0.37    9.08    0.00    0.00    0.00   74.25
08:54:27 AM    0    5.00    0.00   58.00    0.00    1.00   36.00    0.00    0.00    0.00    0.00
08:54:27 AM    1    5.94    0.00   61.39    0.00    0.99   31.68    0.00    0.00    0.00    0.00
08:54:27 AM    2    0.00    0.00    0.00    0.00    0.00    1.98    0.00    0.00    0.00   98.02
08:54:27 AM    3    0.00    0.00    0.00    0.00    0.00    0.00    0.00    0.00    0.00  100.00
08:54:27 AM    4    0.00    0.00    0.00    0.00    0.00    0.00    0.00    0.00    0.00  100.00
08:54:27 AM    5    0.00    0.00    0.00    0.00    0.00    0.00    0.00    0.00    0.00  100.00
08:54:27 AM    6    0.00    0.00    0.00    0.00    0.00    2.00    0.00    0.00    0.00   98.00
08:54:27 AM    7    0.00    0.00    0.00    0.00    1.00    1.00    0.00    0.00    0.00   98.00

08:54:27 AM  CPU    %usr   %nice    %sys %iowait    %irq   %soft  %steal  %guest  %gnice   %idle
08:54:28 AM  all    1.37    0.00   14.98    0.00    0.12    9.24    0.00    0.00    0.00   74.28
08:54:28 AM    0    4.95    0.00   58.42    0.00    0.99   35.64    0.00    0.00    0.00    0.00
08:54:28 AM    1    6.06    0.00   61.62    0.00    0.00   32.32    0.00    0.00    0.00    0.00
08:54:28 AM    2    0.00    0.00    0.00    0.00    0.00    1.01    0.00    0.00    0.00   98.99
08:54:28 AM    3    0.00    0.00    0.00    0.00    0.00    0.00    0.00    0.00    0.00  100.00
08:54:28 AM    4    0.00    0.00    0.00    0.00    0.00    0.00    0.00    0.00    0.00  100.00
08:54:28 AM    5    0.00    0.00    0.00    0.00    0.00    0.00    0.00    0.00    0.00  100.00
08:54:28 AM    6    0.00    0.00    0.00    0.00    0.00    3.00    0.00    0.00    0.00   97.00
08:54:28 AM    7    0.00    0.00    0.00    0.00    0.00    1.98    0.00    0.00    0.00   98.02

08:54:28 AM  CPU    %usr   %nice    %sys %iowait    %irq   %soft  %steal  %guest  %gnice   %idle
08:54:29 AM  all    1.25    0.00   15.02    0.00    0.38    9.14    0.00    0.00    0.00   74.22
08:54:29 AM    0    4.04    0.00   58.59    0.00    1.01   36.36    0.00    0.00    0.00    0.00
08:54:29 AM    1    5.94    0.00   61.39    0.00    0.99   31.68    0.00    0.00    0.00    0.00
08:54:29 AM    2    0.00    0.00    0.00    0.00    0.00    2.00    0.00    0.00    0.00   98.00
08:54:29 AM    3    0.00    0.00    0.00    0.00    0.00    0.00    0.00    0.00    0.00  100.00
08:54:29 AM    4    0.00    0.00    0.00    0.00    0.00    0.00    0.00    0.00    0.00  100.00
08:54:29 AM    5    0.00    0.00    0.00    0.00    0.00    0.00    0.00    0.00    0.00  100.00
08:54:29 AM    6    0.00    0.00    0.00    0.00    1.00    2.00    0.00    0.00    0.00   97.00
08:54:29 AM    7    0.00    0.00    0.00    0.00    0.00    1.01    0.00    0.00    0.00   98.99

08:54:29 AM  CPU    %usr   %nice    %sys %iowait    %irq   %soft  %steal  %guest  %gnice   %idle
08:54:30 AM  all    1.25    0.00   15.02    0.00    0.38    9.14    0.00    0.00    0.00   74.22
08:54:30 AM    0    5.00    0.00   58.00    0.00    1.00   36.00    0.00    0.00    0.00    0.00
08:54:30 AM    1    5.05    0.00   62.63    0.00    1.01   31.31    0.00    0.00    0.00    0.00
08:54:30 AM    2    0.00    0.00    0.00    0.00    0.99    1.98    0.00    0.00    0.00   97.03
08:54:30 AM    3    0.00    0.00    0.00    0.00    0.00    0.00    0.00    0.00    0.00  100.00
08:54:30 AM    4    0.00    0.00    0.00    0.00    0.00    0.00    0.00    0.00    0.00  100.00
08:54:30 AM    5    0.00    0.00    0.00    0.00    0.00    0.00    0.00    0.00    0.00  100.00
08:54:30 AM    6    0.00    0.00    0.00    0.00    0.00    2.02    0.00    0.00    0.00   97.98
08:54:30 AM    7    0.00    0.00    0.00    0.00    0.00    2.00    0.00    0.00    0.00   98.00

08:54:30 AM  CPU    %usr   %nice    %sys %iowait    %irq   %soft  %steal  %guest  %gnice   %idle
08:54:31 AM  all    1.25    0.00   15.39    0.00    0.13    9.01    0.00    0.00    0.00   74.22
08:54:31 AM    0    4.90    0.00   58.82    0.00    0.98   35.29    0.00    0.00    0.00    0.00
08:54:31 AM    1    5.05    0.00   63.64    0.00    0.00   31.31    0.00    0.00    0.00    0.00
08:54:31 AM    2    0.00    0.00    0.00    0.00    0.00    1.01    0.00    0.00    0.00   98.99
08:54:31 AM    3    0.00    0.00    0.00    0.00    0.00    0.00    0.00    0.00    0.00  100.00
08:54:31 AM    4    0.00    0.00    0.00    0.00    0.00    0.00    0.00    0.00    0.00  100.00
08:54:31 AM    5    0.00    0.00    0.00    0.00    0.00    0.00    0.00    0.00    0.00  100.00
08:54:31 AM    6    0.00    0.00    0.00    0.00    0.00    3.00    0.00    0.00    0.00   97.00
08:54:31 AM    7    0.00    0.00    0.00    0.00    0.00    1.01    0.00    0.00    0.00   98.99

08:54:31 AM  CPU    %usr   %nice    %sys %iowait    %irq   %soft  %steal  %guest  %gnice   %idle
08:54:32 AM  all    1.25    0.00   15.11    0.00    0.25    9.24    0.00    0.00    0.00   74.16
08:54:32 AM    0    4.08    0.00   59.18    0.00    0.00   36.73    0.00    0.00    0.00    0.00
08:54:32 AM    1    5.88    0.00   61.76    0.00    0.98   31.37    0.00    0.00    0.00    0.00
08:54:32 AM    2    0.00    0.00    0.00    0.00    0.00    2.00    0.00    0.00    0.00   98.00
08:54:32 AM    3    0.00    0.00    0.00    0.00    0.00    0.00    0.00    0.00    0.00  100.00
08:54:32 AM    4    0.00    0.00    0.00    0.00    0.00    0.00    0.00    0.00    0.00  100.00
08:54:32 AM    5    0.00    0.00    0.00    0.00    0.00    0.00    0.00    0.00    0.00  100.00
08:54:32 AM    6    0.00    0.00    0.00    0.00    0.00    2.00    0.00    0.00    0.00   98.00
08:54:32 AM    7    0.00    0.00    0.00    0.00    0.99    1.98    0.00    0.00    0.00   97.03

08:54:32 AM  CPU    %usr   %nice    %sys %iowait    %irq   %soft  %steal  %guest  %gnice   %idle
08:54:33 AM  all    1.38    0.00   15.16    0.00    0.38    8.77    0.00    0.00    0.00   74.31
08:54:33 AM    0    5.00    0.00   60.00    0.00    1.00   34.00    0.00    0.00    0.00    0.00
08:54:33 AM    1    6.00    0.00   61.00    0.00    1.00   31.00    0.00    0.00    0.00    1.00
08:54:33 AM    2    0.00    0.00    0.00    0.00    0.00    2.00    0.00    0.00    0.00   98.00
08:54:33 AM    3    0.00    0.00    0.00    0.00    0.00    0.00    0.00    0.00    0.00  100.00
08:54:33 AM    4    0.00    0.00    0.00    0.00    0.00    0.00    0.00    0.00    0.00  100.00
08:54:33 AM    5    0.00    0.00    0.00    0.00    0.00    0.00    0.00    0.00    0.00  100.00
08:54:33 AM    6    0.00    0.00    0.00    0.00    1.01    2.02    0.00    0.00    0.00   96.97
08:54:33 AM    7    0.00    0.00    0.00    0.00    0.00    1.01    0.00    0.00    0.00   98.99

08:54:33 AM  CPU    %usr   %nice    %sys %iowait    %irq   %soft  %steal  %guest  %gnice   %idle
08:54:34 AM  all    1.49    0.00   15.01    0.00    0.12    9.18    0.00    0.00    0.00   74.19
08:54:34 AM    0    5.94    0.00   61.39    0.00    0.99   31.68    0.00    0.00    0.00    0.00
08:54:34 AM    1    5.94    0.00   58.42    0.00    0.00   35.64    0.00    0.00    0.00    0.00
08:54:34 AM    2    0.00    0.00    0.00    0.00    0.00    1.01    0.00    0.00    0.00   98.99
08:54:34 AM    3    0.00    0.00    0.00    0.00    0.00    0.00    0.00    0.00    0.00  100.00
08:54:34 AM    4    0.00    0.00    0.00    0.00    0.00    0.00    0.00    0.00    0.00  100.00
08:54:34 AM    5    0.00    0.00    0.00    0.00    0.00    0.00    0.00    0.00    0.00  100.00
08:54:34 AM    6    0.00    0.00    0.00    0.00    0.00    2.97    0.00    0.00    0.00   97.03
08:54:34 AM    7    0.00    0.00    0.00    0.00    0.00    1.98    0.00    0.00    0.00   98.02

Average:     CPU    %usr   %nice    %sys %iowait    %irq   %soft  %steal  %guest  %gnice   %idle
Average:     all    1.28    0.00   15.12    0.00    0.26    9.01    0.00    0.00    0.00   74.32
Average:       0    5.06    0.00   60.06    0.00    0.73   33.70    0.00    0.00    0.00    0.45
Average:       1    5.19    0.00   60.79    0.00    0.70   32.78    0.00    0.00    0.00    0.53
Average:       2    0.00    0.00    0.00    0.00    0.20    1.67    0.00    0.00    0.00   98.13
Average:       3    0.00    0.00    0.00    0.00    0.00    0.00    0.00    0.00    0.00  100.00
Average:       4    0.00    0.00    0.00    0.00    0.00    0.00    0.00    0.00    0.00  100.00
Average:       5    0.00    0.00    0.00    0.00    0.00    0.00    0.00    0.00    0.00  100.00
Average:       6    0.00    0.00    0.00    0.00    0.28    2.36    0.00    0.00    0.00   97.36
Average:       7    0.00    0.00    0.00    0.00    0.18    1.49    0.00    0.00    0.00   98.33
