Linux 7.2.0-rc1 (hp5) 	07/11/2026 	_x86_64_	(8 CPU)

09:14:53 PM  CPU    %usr   %nice    %sys %iowait    %irq   %soft  %steal  %guest  %gnice   %idle
09:14:54 PM  all    0.00    0.00    9.02    0.00    0.25   21.43    0.00    0.00    0.00   69.30
09:14:54 PM    0    0.00    0.00    0.00    0.00    0.00   30.30    0.00    0.00    0.00   69.70
09:14:54 PM    1    0.00    0.00    0.00    0.00    0.99   85.15    0.00    0.00    0.00   13.86
09:14:54 PM    2    0.00    0.00   12.24    0.00    0.00   13.27    0.00    0.00    0.00   74.49
09:14:54 PM    3    0.00    0.00    0.00    0.00    0.00    0.00    0.00    0.00    0.00  100.00
09:14:54 PM    4    0.00    0.00   10.78    0.00    0.98   11.76    0.00    0.00    0.00   76.47
09:14:54 PM    5    0.00    0.00   27.55    0.00    0.00    3.06    0.00    0.00    0.00   69.39
09:14:54 PM    6    0.00    0.00   12.12    0.00    0.00   14.14    0.00    0.00    0.00   73.74
09:14:54 PM    7    0.00    0.00    9.90    0.00    0.00   12.87    0.00    0.00    0.00   77.23

09:14:54 PM  CPU    %usr   %nice    %sys %iowait    %irq   %soft  %steal  %guest  %gnice   %idle
09:14:55 PM  all    0.00    0.00   10.89    0.00    0.25   26.61    0.00    0.00    0.00   62.25
09:14:55 PM    0    0.00    0.00    0.98    0.00    0.00   71.57    0.00    0.00    0.00   27.45
09:14:55 PM    1    0.00    0.00    0.99    0.00    0.00   92.08    0.00    0.00    0.00    6.93
09:14:55 PM    2    0.00    0.00   49.02    0.00    0.98   23.53    0.00    0.00    0.00   26.47
09:14:55 PM    3    0.00    0.00    0.00    0.00    0.00    0.00    0.00    0.00    0.00  100.00
09:14:55 PM    4    0.00    0.00    0.00    0.00    0.00    0.00    0.00    0.00    0.00  100.00
09:14:55 PM    5    0.00    0.00    8.00    0.00    0.00    0.00    0.00    0.00    0.00   92.00
09:14:55 PM    6    0.00    0.00    0.00    0.00    0.00    0.00    0.00    0.00    0.00  100.00
09:14:55 PM    7    0.00    0.00   27.45    0.00    0.98   24.51    0.00    0.00    0.00   47.06

09:14:55 PM  CPU    %usr   %nice    %sys %iowait    %irq   %soft  %steal  %guest  %gnice   %idle
09:14:56 PM  all    0.00    0.00   13.50    0.00    0.25   24.62    0.00    0.00    0.00   61.62
09:14:56 PM    0    0.00    0.00    0.00    0.00    1.00   74.00    0.00    0.00    0.00   25.00
09:14:56 PM    1    0.00    0.00    0.00    0.00    0.99   99.01    0.00    0.00    0.00    0.00
09:14:56 PM    2    0.00    0.00   20.79    0.00    0.00    0.00    0.00    0.00    0.00   79.21
09:14:56 PM    3    0.00    0.00   38.78    0.00    0.00    0.00    0.00    0.00    0.00   61.22
09:14:56 PM    4    0.00    0.00   20.00    0.00    0.00   14.00    0.00    0.00    0.00   66.00
09:14:56 PM    5    0.00    0.00   25.74    0.00    0.00    7.92    0.00    0.00    0.00   66.34
09:14:56 PM    6    0.00    0.00    0.00    0.00    0.00    0.00    0.00    0.00    0.00  100.00
09:14:56 PM    7    0.00    0.00    3.03    0.00    0.00    1.01    0.00    0.00    0.00   95.96

09:14:56 PM  CPU    %usr   %nice    %sys %iowait    %irq   %soft  %steal  %guest  %gnice   %idle
09:14:57 PM  all    0.00    0.00   12.70    0.00    0.00   25.78    0.00    0.00    0.00   61.52
09:14:57 PM    0    0.00    0.00    0.00    0.00    0.00  100.00    0.00    0.00    0.00    0.00
09:14:57 PM    1    0.00    0.00    0.00    0.00    0.00   73.74    0.00    0.00    0.00   26.26
09:14:57 PM    2    0.00    0.00   20.59    0.00    0.00    8.82    0.00    0.00    0.00   70.59
09:14:57 PM    3    0.00    0.00   14.85    0.00    0.00    6.93    0.00    0.00    0.00   78.22
09:14:57 PM    4    0.00    0.00    0.00    0.00    0.00    0.00    0.00    0.00    0.00  100.00
09:14:57 PM    5    0.00    0.00   15.84    0.00    0.00   11.88    0.00    0.00    0.00   72.28
09:14:57 PM    6    0.00    0.00   14.85    0.00    0.00    6.93    0.00    0.00    0.00   78.22
09:14:57 PM    7    0.00    0.00   35.00    0.00    0.00    0.00    0.00    0.00    0.00   65.00

09:14:57 PM  CPU    %usr   %nice    %sys %iowait    %irq   %soft  %steal  %guest  %gnice   %idle
09:14:58 PM  all    0.00    0.00   10.56    0.00    0.12   27.33    0.00    0.00    0.00   61.99
09:14:58 PM    0    0.00    0.00    0.00    0.00    0.99   75.25    0.00    0.00    0.00   23.76
09:14:58 PM    1    0.00    0.00    1.00    0.00    0.00   99.00    0.00    0.00    0.00    0.00
09:14:58 PM    2    0.00    0.00    7.00    0.00    0.00    3.00    0.00    0.00    0.00   90.00
09:14:58 PM    3    0.00    0.00   16.83    0.00    0.00   18.81    0.00    0.00    0.00   64.36
09:14:58 PM    4    0.00    0.00    5.88    0.00    0.00    1.96    0.00    0.00    0.00   92.16
09:14:58 PM    5    0.00    0.00   11.76    0.00    0.00   15.69    0.00    0.00    0.00   72.55
09:14:58 PM    6    0.00    0.00   42.42    0.00    0.00    5.05    0.00    0.00    0.00   52.53
09:14:58 PM    7    0.00    0.00    0.00    0.00    0.00    0.00    0.00    0.00    0.00  100.00

09:14:58 PM  CPU    %usr   %nice    %sys %iowait    %irq   %soft  %steal  %guest  %gnice   %idle
09:14:59 PM  all    0.00    0.00    9.64    0.00    0.38   27.66    0.00    0.00    0.00   62.33
09:14:59 PM    0    0.00    0.00    0.00    0.00    0.00   78.00    0.00    0.00    0.00   22.00
09:14:59 PM    1    0.00    0.00    0.00    0.00    0.99   72.28    0.00    0.00    0.00   26.73
09:14:59 PM    2    0.00    0.00   19.39    0.00    0.00   24.49    0.00    0.00    0.00   56.12
09:14:59 PM    3    0.00    0.00   16.67    0.00    0.98   11.76    0.00    0.00    0.00   70.59
09:14:59 PM    4    0.00    0.00    9.18    0.00    0.00   11.22    0.00    0.00    0.00   79.59
09:14:59 PM    5    0.00    0.00   10.10    0.00    1.01   13.13    0.00    0.00    0.00   75.76
09:14:59 PM    6    0.00    0.00    0.00    0.00    0.00    0.00    0.00    0.00    0.00  100.00
09:14:59 PM    7    0.00    0.00   21.78    0.00    0.00    9.90    0.00    0.00    0.00   68.32

09:14:59 PM  CPU    %usr   %nice    %sys %iowait    %irq   %soft  %steal  %guest  %gnice   %idle
09:15:00 PM  all    0.00    0.00   12.48    0.00    0.12   31.09    0.00    0.00    0.00   56.30
09:15:00 PM    0    0.00    0.00    0.99    0.00    0.99   92.08    0.00    0.00    0.00    5.94
09:15:00 PM    1    0.00    0.00    0.00    0.00    0.00  100.00    0.00    0.00    0.00    0.00
09:15:00 PM    2    0.00    0.00    1.00    0.00    0.00    2.00    0.00    0.00    0.00   97.00
09:15:00 PM    3    0.00    0.00   18.18    0.00    0.00   11.11    0.00    0.00    0.00   70.71
09:15:00 PM    4    0.00    0.00   15.53    0.00    0.00   11.65    0.00    0.00    0.00   72.82
09:15:00 PM    5    0.00    0.00    3.06    0.00    0.00    1.02    0.00    0.00    0.00   95.92
09:15:00 PM    6    0.00    0.00   49.50    0.00    0.00   24.75    0.00    0.00    0.00   25.74
09:15:00 PM    7    0.00    0.00   11.11    0.00    0.00    5.05    0.00    0.00    0.00   83.84

09:15:00 PM  CPU    %usr   %nice    %sys %iowait    %irq   %soft  %steal  %guest  %gnice   %idle
09:15:01 PM  all    0.00    0.00   11.03    0.00    0.38   29.95    0.00    0.00    0.00   58.65
09:15:01 PM    0    0.00    0.00    0.00    0.00    0.00   75.00    0.00    0.00    0.00   25.00
09:15:01 PM    1    0.00    0.00    0.00    0.00    0.99   99.01    0.00    0.00    0.00    0.00
09:15:01 PM    2    0.00    0.00   28.00    0.00    1.00   28.00    0.00    0.00    0.00   43.00
09:15:01 PM    3    0.00    0.00    0.00    0.00    0.00    0.00    0.00    0.00    0.00  100.00
09:15:01 PM    4    0.00    0.00    2.06    0.00    0.00    0.00    0.00    0.00    0.00   97.94
09:15:01 PM    5    0.00    0.00    0.00    0.00    0.00    0.00    0.00    0.00    0.00  100.00
09:15:01 PM    6    0.00    0.00   48.00    0.00    1.00   29.00    0.00    0.00    0.00   22.00
09:15:01 PM    7    0.00    0.00   10.00    0.00    0.00    7.00    0.00    0.00    0.00   83.00

09:15:01 PM  CPU    %usr   %nice    %sys %iowait    %irq   %soft  %steal  %guest  %gnice   %idle
09:15:02 PM  all    0.00    0.00   11.07    0.00    0.12   32.34    0.00    0.00    0.00   56.47
09:15:02 PM    0    0.00    0.00    0.00    0.00    0.00  100.00    0.00    0.00    0.00    0.00
09:15:02 PM    1    0.00    0.00    0.00    0.00    0.00  100.00    0.00    0.00    0.00    0.00
09:15:02 PM    2    0.00    0.00    0.00    0.00    0.00    0.00    0.00    0.00    0.00  100.00
09:15:02 PM    3    0.00    0.00   18.81    0.00    0.00   11.88    0.00    0.00    0.00   69.31
09:15:02 PM    4    0.00    0.00   29.13    0.00    0.97   24.27    0.00    0.00    0.00   45.63
09:15:02 PM    5    0.00    0.00   11.11    0.00    0.00    6.06    0.00    0.00    0.00   82.83
09:15:02 PM    6    0.00    0.00   28.71    0.00    0.00   17.82    0.00    0.00    0.00   53.47
09:15:02 PM    7    0.00    0.00    0.00    0.00    0.00    0.00    0.00    0.00    0.00  100.00

09:15:02 PM  CPU    %usr   %nice    %sys %iowait    %irq   %soft  %steal  %guest  %gnice   %idle
09:15:03 PM  all    0.00    0.00   11.96    0.00    0.25   29.35    0.00    0.00    0.00   58.45
09:15:03 PM    0    0.00    0.00    0.98    0.00    0.98   98.04    0.00    0.00    0.00    0.00
09:15:03 PM    1    0.00    0.00    0.00    0.00    0.00  100.00    0.00    0.00    0.00    0.00
09:15:03 PM    2    0.00    0.00    0.00    0.00    0.00    0.00    0.00    0.00    0.00  100.00
09:15:03 PM    3    0.00    0.00    3.92    0.00    0.00    1.96    0.00    0.00    0.00   94.12
09:15:03 PM    4    0.00    0.00   60.61    0.00    0.00   12.12    0.00    0.00    0.00   27.27
09:15:03 PM    5    0.00    0.00    5.77    0.00    0.00    5.77    0.00    0.00    0.00   88.46
09:15:03 PM    6    0.00    0.00   24.75    0.00    0.99   15.84    0.00    0.00    0.00   58.42
09:15:03 PM    7    0.00    0.00    0.97    0.00    0.00    2.91    0.00    0.00    0.00   96.12

09:15:03 PM  CPU    %usr   %nice    %sys %iowait    %irq   %soft  %steal  %guest  %gnice   %idle
09:15:04 PM  all    0.13    0.00   12.16    0.00    0.13   30.08    0.00    0.00    0.00   57.52
09:15:04 PM    0    0.00    0.00    0.00    0.00    0.00  100.00    0.00    0.00    0.00    0.00
09:15:04 PM    1    0.98    0.00    1.96    0.00    0.98   74.51    0.00    0.00    0.00   21.57
09:15:04 PM    2    0.00    0.00   17.00    0.00    0.00   15.00    0.00    0.00    0.00   68.00
09:15:04 PM    3    0.00    0.00   31.63    0.00    0.00   24.49    0.00    0.00    0.00   43.88
09:15:04 PM    4    0.00    0.00   17.65    0.00    0.00    6.86    0.00    0.00    0.00   75.49
09:15:04 PM    5    0.00    0.00    0.00    0.00    0.00    0.00    0.00    0.00    0.00  100.00
09:15:04 PM    6    0.00    0.00   12.00    0.00    0.00   10.00    0.00    0.00    0.00   78.00
09:15:04 PM    7    0.00    0.00   17.53    0.00    0.00    9.28    0.00    0.00    0.00   73.20

09:15:04 PM  CPU    %usr   %nice    %sys %iowait    %irq   %soft  %steal  %guest  %gnice   %idle
09:15:05 PM  all    0.00    0.00   11.75    0.00    0.25   30.00    0.00    0.00    0.00   58.00
09:15:05 PM    0    0.00    0.00    0.00    0.00    0.98   78.43    0.00    0.00    0.00   20.59
09:15:05 PM    1    0.00    0.00    0.00    0.00    0.00  100.00    0.00    0.00    0.00    0.00
09:15:05 PM    2    0.00    0.00   13.86    0.00    0.00   14.85    0.00    0.00    0.00   71.29
09:15:05 PM    3    0.00    0.00   13.00    0.00    1.00    1.00    0.00    0.00    0.00   85.00
09:15:05 PM    4    0.00    0.00   32.32    0.00    0.00   11.11    0.00    0.00    0.00   56.57
09:15:05 PM    5    0.00    0.00   30.93    0.00    0.00   30.93    0.00    0.00    0.00   38.14
09:15:05 PM    6    0.00    0.00    5.00    0.00    0.00    3.00    0.00    0.00    0.00   92.00
09:15:05 PM    7    0.00    0.00    0.00    0.00    0.00    0.00    0.00    0.00    0.00  100.00

09:15:05 PM  CPU    %usr   %nice    %sys %iowait    %irq   %soft  %steal  %guest  %gnice   %idle
09:15:06 PM  all    0.00    0.00   13.17    0.00    0.13   21.83    0.00    0.00    0.00   64.87
09:15:06 PM    0    0.00    0.00    1.01    0.00    0.00   98.99    0.00    0.00    0.00    0.00
09:15:06 PM    1    0.00    0.00    0.00    0.00    1.00   74.00    0.00    0.00    0.00   25.00
09:15:06 PM    2    0.00    0.00    0.00    0.00    0.00    0.00    0.00    0.00    0.00  100.00
09:15:06 PM    3    0.00    0.00   27.00    0.00    0.00    0.00    0.00    0.00    0.00   73.00
09:15:06 PM    4    0.00    0.00   40.40    0.00    0.00    1.01    0.00    0.00    0.00   58.59
09:15:06 PM    5    0.00    0.00   37.00    0.00    0.00    1.00    0.00    0.00    0.00   62.00
09:15:06 PM    6    0.00    0.00    0.00    0.00    0.00    0.00    0.00    0.00    0.00  100.00
09:15:06 PM    7    0.00    0.00    0.00    0.00    0.00    0.00    0.00    0.00    0.00  100.00

09:15:06 PM  CPU    %usr   %nice    %sys %iowait    %irq   %soft  %steal  %guest  %gnice   %idle
09:15:07 PM  all    0.00    0.00    9.59    0.00    0.50   23.91    0.00    0.00    0.00   66.00
09:15:07 PM    0    0.00    0.00    0.00    0.00    1.00   60.00    0.00    0.00    0.00   39.00
09:15:07 PM    1    0.00    0.00    0.00    0.00    0.00   59.00    0.00    0.00    0.00   41.00
09:15:07 PM    2    0.00    0.00    7.07    0.00    1.01    7.07    0.00    0.00    0.00   84.85
09:15:07 PM    3    0.00    0.00   13.86    0.00    0.00   15.84    0.00    0.00    0.00   70.30
09:15:07 PM    4    0.00    0.00   15.84    0.00    0.00   13.86    0.00    0.00    0.00   70.30
09:15:07 PM    5    0.00    0.00    9.90    0.00    0.99    6.93    0.00    0.00    0.00   82.18
09:15:07 PM    6    0.00    0.00    0.00    0.00    0.00    0.00    0.00    0.00    0.00  100.00
09:15:07 PM    7    0.00    0.00   29.70    0.00    0.99   28.71    0.00    0.00    0.00   40.59

09:15:07 PM  CPU    %usr   %nice    %sys %iowait    %irq   %soft  %steal  %guest  %gnice   %idle
09:15:08 PM  all    0.00    0.00   10.05    0.00    0.12   26.18    0.00    0.00    0.00   63.65
09:15:08 PM    0    0.00    0.00    0.00    0.00    0.00   59.41    0.00    0.00    0.00   40.59
09:15:08 PM    1    0.00    0.00    0.00    0.00    0.00   76.00    0.00    0.00    0.00   24.00
09:15:08 PM    2    0.00    0.00    5.83    0.00    0.00    7.77    0.00    0.00    0.00   86.41
09:15:08 PM    3    0.00    0.00    0.00    0.00    0.00    0.00    0.00    0.00    0.00  100.00
09:15:08 PM    4    0.00    0.00   16.16    0.00    1.01   13.13    0.00    0.00    0.00   69.70
09:15:08 PM    5    0.00    0.00    6.93    0.00    0.00   10.89    0.00    0.00    0.00   82.18
09:15:08 PM    6    0.00    0.00   32.67    0.00    0.00   27.72    0.00    0.00    0.00   39.60
09:15:08 PM    7    0.00    0.00   18.81    0.00    0.00   14.85    0.00    0.00    0.00   66.34

09:15:08 PM  CPU    %usr   %nice    %sys %iowait    %irq   %soft  %steal  %guest  %gnice   %idle
09:15:09 PM  all    0.00    0.00    9.92    0.00    0.13   29.02    0.00    0.00    0.00   60.93
09:15:09 PM    0    0.00    0.00    0.00    0.00    0.00   76.53    0.00    0.00    0.00   23.47
09:15:09 PM    1    0.00    0.00    0.00    0.00    0.00   89.00    0.00    0.00    0.00   11.00
09:15:09 PM    2    0.00    0.00    0.00    0.00    0.00    0.00    0.00    0.00    0.00  100.00
09:15:09 PM    3    0.00    0.00    8.08    0.00    0.00    8.08    0.00    0.00    0.00   83.84
09:15:09 PM    4    0.00    0.00    0.00    0.00    0.00    0.00    0.00    0.00    0.00  100.00
09:15:09 PM    5    0.00    0.00   24.75    0.00    0.00   26.73    0.00    0.00    0.00   48.51
09:15:09 PM    6    0.00    0.00   26.26    0.00    1.01   22.22    0.00    0.00    0.00   50.51
09:15:09 PM    7    0.00    0.00   20.20    0.00    0.00   10.10    0.00    0.00    0.00   69.70

09:15:09 PM  CPU    %usr   %nice    %sys %iowait    %irq   %soft  %steal  %guest  %gnice   %idle
09:15:10 PM  all    0.00    0.00   12.80    0.00    0.25   30.81    0.00    0.00    0.00   56.15
09:15:10 PM    0    0.00    0.00    0.00    0.00    0.99   99.01    0.00    0.00    0.00    0.00
09:15:10 PM    1    0.00    0.00    0.00    0.00    0.99   87.13    0.00    0.00    0.00   11.88
09:15:10 PM    2    0.00    0.00   22.45    0.00    0.00    8.16    0.00    0.00    0.00   69.39
09:15:10 PM    3    0.00    0.00    9.00    0.00    0.00   11.00    0.00    0.00    0.00   80.00
09:15:10 PM    4    0.00    0.00   22.55    0.00    0.00   11.76    0.00    0.00    0.00   65.69
09:15:10 PM    5    0.00    0.00   27.27    0.00    0.00   14.14    0.00    0.00    0.00   58.59
09:15:10 PM    6    0.00    0.00    3.92    0.00    0.00    3.92    0.00    0.00    0.00   92.16
09:15:10 PM    7    0.00    0.00   17.65    0.00    0.00   10.78    0.00    0.00    0.00   71.57

09:15:10 PM  CPU    %usr   %nice    %sys %iowait    %irq   %soft  %steal  %guest  %gnice   %idle
09:15:11 PM  all    0.13    0.00   11.53    0.00    0.13   28.20    0.00    0.00    0.00   60.03
09:15:11 PM    0    0.00    0.00    0.00    0.00    0.00  100.00    0.00    0.00    0.00    0.00
09:15:11 PM    1    1.00    0.00    2.00    0.00    0.00   82.00    0.00    0.00    0.00   15.00
09:15:11 PM    2    0.00    0.00   30.00    0.00    0.00    3.00    0.00    0.00    0.00   67.00
09:15:11 PM    3    0.00    0.00   26.47    0.00    0.00   21.57    0.00    0.00    0.00   51.96
09:15:11 PM    4    0.00    0.00    0.00    0.00    0.00    0.00    0.00    0.00    0.00  100.00
09:15:11 PM    5    0.00    0.00   13.00    0.00    1.00    9.00    0.00    0.00    0.00   77.00
09:15:11 PM    6    0.00    0.00    0.00    0.00    0.00    0.00    0.00    0.00    0.00  100.00
09:15:11 PM    7    0.00    0.00   20.41    0.00    0.00   10.20    0.00    0.00    0.00   69.39

09:15:11 PM  CPU    %usr   %nice    %sys %iowait    %irq   %soft  %steal  %guest  %gnice   %idle
09:15:12 PM  all    0.00    0.00   10.70    0.00    0.50   26.00    0.00    0.00    0.00   62.81
09:15:12 PM    0    0.00    0.00    0.00    0.00    0.99   76.24    0.00    0.00    0.00   22.77
09:15:12 PM    1    0.00    0.00    0.00    0.00    0.99   72.28    0.00    0.00    0.00   26.73
09:15:12 PM    2    0.00    0.00    6.86    0.00    0.00    0.98    0.00    0.00    0.00   92.16
09:15:12 PM    3    0.00    0.00   13.13    0.00    1.01   14.14    0.00    0.00    0.00   71.72
09:15:12 PM    4    0.00    0.00   14.29    0.00    0.00   13.27    0.00    0.00    0.00   72.45
09:15:12 PM    5    0.00    0.00   12.87    0.00    0.00    1.98    0.00    0.00    0.00   85.15
09:15:12 PM    6    0.00    0.00   23.00    0.00    0.00   17.00    0.00    0.00    0.00   60.00
09:15:12 PM    7    0.00    0.00   15.69    0.00    0.98   11.76    0.00    0.00    0.00   71.57

09:15:12 PM  CPU    %usr   %nice    %sys %iowait    %irq   %soft  %steal  %guest  %gnice   %idle
09:15:13 PM  all    0.00    0.00    8.89    0.00    0.13   27.28    0.00    0.00    0.00   63.70
09:15:13 PM    0    0.00    0.00    0.00    0.00    0.00   79.00    0.00    0.00    0.00   21.00
09:15:13 PM    1    0.00    0.00    0.00    0.00    0.00   71.72    0.00    0.00    0.00   28.28
09:15:13 PM    2    0.00    0.00   13.00    0.00    0.00   14.00    0.00    0.00    0.00   73.00
09:15:13 PM    3    0.00    0.00    0.00    0.00    0.00    0.00    0.00    0.00    0.00  100.00
09:15:13 PM    4    0.00    0.00   15.84    0.00    0.00   11.88    0.00    0.00    0.00   72.28
09:15:13 PM    5    0.00    0.00   21.43    0.00    0.00   21.43    0.00    0.00    0.00   57.14
09:15:13 PM    6    0.00    0.00   20.79    0.00    0.99   20.79    0.00    0.00    0.00   57.43
09:15:13 PM    7    0.00    0.00    0.00    0.00    0.00    0.00    0.00    0.00    0.00  100.00

09:15:13 PM  CPU    %usr   %nice    %sys %iowait    %irq   %soft  %steal  %guest  %gnice   %idle
09:15:14 PM  all    0.00    0.00   10.75    0.00    0.37   31.64    0.00    0.00    0.00   57.23
09:15:14 PM    0    0.00    0.00    0.98    0.00    0.98   87.25    0.00    0.00    0.00   10.78
09:15:14 PM    1    0.00    0.00    0.00    0.00    0.99   99.01    0.00    0.00    0.00    0.00
09:15:14 PM    2    0.00    0.00   37.25    0.00    0.98   23.53    0.00    0.00    0.00   38.24
09:15:14 PM    3    0.00    0.00    0.00    0.00    0.00    0.00    0.00    0.00    0.00  100.00
09:15:14 PM    4    0.00    0.00   17.00    0.00    0.00   11.00    0.00    0.00    0.00   72.00
09:15:14 PM    5    0.00    0.00    0.00    0.00    0.00    0.00    0.00    0.00    0.00  100.00
09:15:14 PM    6    0.00    0.00   24.51    0.00    0.00   20.59    0.00    0.00    0.00   54.90
09:15:14 PM    7    0.00    0.00    5.88    0.00    0.00   10.78    0.00    0.00    0.00   83.33

09:15:14 PM  CPU    %usr   %nice    %sys %iowait    %irq   %soft  %steal  %guest  %gnice   %idle
09:15:15 PM  all    0.00    0.00   10.96    0.00    0.13   24.81    0.00    0.00    0.00   64.11
09:15:15 PM    0    0.00    0.00    0.00    0.00    0.00   45.00    0.00    0.00    0.00   55.00
09:15:15 PM    1    0.00    0.00    1.00    0.00    0.00   79.00    0.00    0.00    0.00   20.00
09:15:15 PM    2    0.00    0.00   17.35    0.00    0.00   15.31    0.00    0.00    0.00   67.35
09:15:15 PM    3    0.00    0.00   17.65    0.00    0.00   13.73    0.00    0.00    0.00   68.63
09:15:15 PM    4    0.00    0.00   13.86    0.00    0.99   14.85    0.00    0.00    0.00   70.30
09:15:15 PM    5    0.00    0.00   15.00    0.00    0.00   15.00    0.00    0.00    0.00   70.00
09:15:15 PM    6    0.00    0.00   15.46    0.00    0.00    8.25    0.00    0.00    0.00   76.29
09:15:15 PM    7    0.00    0.00    7.29    0.00    0.00    6.25    0.00    0.00    0.00   86.46

09:15:15 PM  CPU    %usr   %nice    %sys %iowait    %irq   %soft  %steal  %guest  %gnice   %idle
09:15:16 PM  all    0.00    0.00    9.26    0.00    0.13   23.15    0.00    0.00    0.00   67.46
09:15:16 PM    0    0.00    0.00    0.00    0.00    0.00   40.82    0.00    0.00    0.00   59.18
09:15:16 PM    1    0.00    0.00    0.00    0.00    0.00   88.00    0.00    0.00    0.00   12.00
09:15:16 PM    2    0.00    0.00   24.24    0.00    0.00   29.29    0.00    0.00    0.00   46.46
09:15:16 PM    3    0.00    0.00   28.28    0.00    0.00    1.01    0.00    0.00    0.00   70.71
09:15:16 PM    4    0.00    0.00    0.00    0.00    0.00    0.00    0.00    0.00    0.00  100.00
09:15:16 PM    5    0.00    0.00   11.76    0.00    0.98   14.71    0.00    0.00    0.00   72.55
09:15:16 PM    6    0.00    0.00    9.90    0.00    0.00   11.88    0.00    0.00    0.00   78.22
09:15:16 PM    7    0.00    0.00    0.00    0.00    0.00    0.00    0.00    0.00    0.00  100.00

09:15:16 PM  CPU    %usr   %nice    %sys %iowait    %irq   %soft  %steal  %guest  %gnice   %idle
09:15:17 PM  all    0.00    0.00    8.64    0.00    0.38   22.40    0.00    0.00    0.00   68.59
09:15:17 PM    0    0.00    0.00    0.00    0.00    0.99   67.33    0.00    0.00    0.00   31.68
09:15:17 PM    1    0.00    0.00    0.00    0.00    0.00   50.51    0.00    0.00    0.00   49.49
09:15:17 PM    2    0.00    0.00   11.88    0.00    0.99   13.86    0.00    0.00    0.00   73.27
09:15:17 PM    3    0.00    0.00   16.16    0.00    0.00    7.07    0.00    0.00    0.00   76.77
09:15:17 PM    4    0.00    0.00    0.00    0.00    0.00    0.00    0.00    0.00    0.00  100.00
09:15:17 PM    5    0.00    0.00   17.17    0.00    0.00   11.11    0.00    0.00    0.00   71.72
09:15:17 PM    6    0.00    0.00   24.00    0.00    1.00   29.00    0.00    0.00    0.00   46.00
09:15:17 PM    7    0.00    0.00    0.00    0.00    0.00    0.00    0.00    0.00    0.00  100.00

09:15:17 PM  CPU    %usr   %nice    %sys %iowait    %irq   %soft  %steal  %guest  %gnice   %idle
09:15:18 PM  all    0.00    0.00   12.19    0.00    0.12   23.76    0.00    0.00    0.00   63.93
09:15:18 PM    0    0.00    0.00    0.00    0.00    0.00   68.00    0.00    0.00    0.00   32.00
09:15:18 PM    1    0.00    0.00    0.00    0.00    0.99   99.01    0.00    0.00    0.00    0.00
09:15:18 PM    2    0.00    0.00    0.00    0.00    0.00    0.00    0.00    0.00    0.00  100.00
09:15:18 PM    3    0.00    0.00   27.00    0.00    0.00    3.00    0.00    0.00    0.00   70.00
09:15:18 PM    4    0.00    0.00   15.84    0.00    0.00   11.88    0.00    0.00    0.00   72.28
09:15:18 PM    5    0.00    0.00    0.00    0.00    0.00    0.00    0.00    0.00    0.00  100.00
09:15:18 PM    6    0.00    0.00    0.00    0.00    0.00    0.00    0.00    0.00    0.00  100.00
09:15:18 PM    7    0.00    0.00   53.92    0.00    0.00    7.84    0.00    0.00    0.00   38.24

09:15:18 PM  CPU    %usr   %nice    %sys %iowait    %irq   %soft  %steal  %guest  %gnice   %idle
09:15:19 PM  all    0.00    0.00   12.34    0.00    0.12   29.55    0.00    0.00    0.00   57.98
09:15:19 PM    0    0.00    0.00    0.99    0.00    0.99   98.02    0.00    0.00    0.00    0.00
09:15:19 PM    1    0.00    0.00    0.00    0.00    0.00   78.00    0.00    0.00    0.00   22.00
09:15:19 PM    2    0.00    0.00   14.00    0.00    0.00   15.00    0.00    0.00    0.00   71.00
09:15:19 PM    3    0.00    0.00    9.90    0.00    0.00    4.95    0.00    0.00    0.00   85.15
09:15:19 PM    4    0.00    0.00    0.00    0.00    0.00    0.00    0.00    0.00    0.00  100.00
09:15:19 PM    5    0.00    0.00    0.00    0.00    0.00    0.00    0.00    0.00    0.00  100.00
09:15:19 PM    6    0.00    0.00   48.00    0.00    0.00   26.00    0.00    0.00    0.00   26.00
09:15:19 PM    7    0.00    0.00   26.26    0.00    0.00   14.14    0.00    0.00    0.00   59.60

09:15:19 PM  CPU    %usr   %nice    %sys %iowait    %irq   %soft  %steal  %guest  %gnice   %idle
09:15:20 PM  all    0.00    0.00   11.33    0.00    0.25   30.51    0.00    0.00    0.00   57.91
09:15:20 PM    0    0.00    0.00    0.00    0.00    0.00   77.00    0.00    0.00    0.00   23.00
09:15:20 PM    1    0.00    0.00    0.00    0.00    1.00   99.00    0.00    0.00    0.00    0.00
09:15:20 PM    2    0.00    0.00   16.83    0.00    0.00   14.85    0.00    0.00    0.00   68.32
09:15:20 PM    3    0.00    0.00   23.00    0.00    1.00   22.00    0.00    0.00    0.00   54.00
09:15:20 PM    4    0.00    0.00   24.24    0.00    0.00   10.10    0.00    0.00    0.00   65.66
09:15:20 PM    5    0.00    0.00   17.00    0.00    0.00   13.00    0.00    0.00    0.00   70.00
09:15:20 PM    6    0.00    0.00    9.71    0.00    0.00    8.74    0.00    0.00    0.00   81.55
09:15:20 PM    7    0.00    0.00    0.00    0.00    0.00    0.00    0.00    0.00    0.00  100.00

09:15:20 PM  CPU    %usr   %nice    %sys %iowait    %irq   %soft  %steal  %guest  %gnice   %idle
09:15:21 PM  all    0.00    0.00   10.01    0.00    0.38   29.04    0.00    0.00    0.00   60.58
09:15:21 PM    0    0.00    0.00    0.00    0.00    0.99   99.01    0.00    0.00    0.00    0.00
09:15:21 PM    1    0.00    0.00    0.00    0.00    0.00   66.00    0.00    0.00    0.00   34.00
09:15:21 PM    2    0.00    0.00   12.12    0.00    0.00   15.15    0.00    0.00    0.00   72.73
09:15:21 PM    3    0.00    0.00    0.00    0.00    0.00    0.00    0.00    0.00    0.00  100.00
09:15:21 PM    4    0.00    0.00    0.00    0.00    0.00    0.00    0.00    0.00    0.00  100.00
09:15:21 PM    5    0.00    0.00   30.00    0.00    0.00   24.00    0.00    0.00    0.00   46.00
09:15:21 PM    6    0.00    0.00   28.87    0.00    1.03   17.53    0.00    0.00    0.00   52.58
09:15:21 PM    7    0.00    0.00    9.80    0.00    0.98    9.80    0.00    0.00    0.00   79.41

09:15:21 PM  CPU    %usr   %nice    %sys %iowait    %irq   %soft  %steal  %guest  %gnice   %idle
09:15:22 PM  all    0.12    0.00    8.97    0.00    0.12   23.91    0.00    0.00    0.00   66.87
09:15:22 PM    0    0.00    0.00    0.00    0.00    0.00   73.74    0.00    0.00    0.00   26.26
09:15:22 PM    1    1.00    0.00    2.00    0.00    0.00   46.00    0.00    0.00    0.00   51.00
09:15:22 PM    2    0.00    0.00    0.00    0.00    0.00    0.00    0.00    0.00    0.00  100.00
09:15:22 PM    3    0.00    0.00   18.63    0.00    0.00   14.71    0.00    0.00    0.00   66.67
09:15:22 PM    4    0.00    0.00   25.74    0.00    0.99   26.73    0.00    0.00    0.00   46.53
09:15:22 PM    5    0.00    0.00    0.00    0.00    0.00    0.00    0.00    0.00    0.00  100.00
09:15:22 PM    6    0.00    0.00    6.93    0.00    0.00    9.90    0.00    0.00    0.00   83.17
09:15:22 PM    7    0.00    0.00   18.00    0.00    0.00   21.00    0.00    0.00    0.00   61.00

09:15:22 PM  CPU    %usr   %nice    %sys %iowait    %irq   %soft  %steal  %guest  %gnice   %idle
09:15:23 PM  all    0.00    0.00    9.30    0.00    0.25   24.12    0.00    0.00    0.00   66.33
09:15:23 PM    0    0.00    0.00    0.00    0.00    0.00   68.69    0.00    0.00    0.00   31.31
09:15:23 PM    1    0.00    0.00    0.00    0.00    0.00   52.00    0.00    0.00    0.00   48.00
09:15:23 PM    2    0.00    0.00   29.00    0.00    1.00   24.00    0.00    0.00    0.00   46.00
09:15:23 PM    3    0.00    0.00   25.51    0.00    0.00   27.55    0.00    0.00    0.00   46.94
09:15:23 PM    4    0.00    0.00    0.00    0.00    0.00    0.00    0.00    0.00    0.00  100.00
09:15:23 PM    5    0.00    0.00   13.00    0.00    1.00   13.00    0.00    0.00    0.00   73.00
09:15:23 PM    6    0.00    0.00    0.00    0.00    0.00    0.00    0.00    0.00    0.00  100.00
09:15:23 PM    7    0.00    0.00    7.07    0.00    0.00    8.08    0.00    0.00    0.00   84.85

09:15:23 PM  CPU    %usr   %nice    %sys %iowait    %irq   %soft  %steal  %guest  %gnice   %idle
09:15:24 PM  all    0.00    0.00   11.87    0.00    0.25   27.69    0.00    0.00    0.00   60.20
09:15:24 PM    0    0.00    0.00    0.00    0.00    0.99   99.01    0.00    0.00    0.00    0.00
09:15:24 PM    1    0.00    0.00    0.00    0.00    0.99   90.10    0.00    0.00    0.00    8.91
09:15:24 PM    2    0.00    0.00   26.73    0.00    0.00   15.84    0.00    0.00    0.00   57.43
09:15:24 PM    3    0.00    0.00    0.00    0.00    0.00    0.00    0.00    0.00    0.00  100.00
09:15:24 PM    4    0.00    0.00    0.00    0.00    0.00    0.00    0.00    0.00    0.00  100.00
09:15:24 PM    5    0.00    0.00   22.12    0.00    0.00   12.50    0.00    0.00    0.00   65.38
09:15:24 PM    6    0.00    0.00    0.00    0.00    0.00    0.00    0.00    0.00    0.00  100.00
09:15:24 PM    7    0.00    0.00   45.54    0.00    0.00    3.96    0.00    0.00    0.00   50.50

09:15:24 PM  CPU    %usr   %nice    %sys %iowait    %irq   %soft  %steal  %guest  %gnice   %idle
09:15:25 PM  all    0.00    0.00   11.10    0.00    0.00   28.50    0.00    0.00    0.00   60.40
09:15:25 PM    0    0.00    0.00    0.00    0.00    0.00   87.88    0.00    0.00    0.00   12.12
09:15:25 PM    1    0.00    0.00    0.00    0.00    0.00   78.79    0.00    0.00    0.00   21.21
09:15:25 PM    2    0.00    0.00   30.00    0.00    0.00   21.00    0.00    0.00    0.00   49.00
09:15:25 PM    3    0.00    0.00    0.00    0.00    0.00    0.00    0.00    0.00    0.00  100.00
09:15:25 PM    4    0.00    0.00   16.00    0.00    0.00   14.00    0.00    0.00    0.00   70.00
09:15:25 PM    5    0.00    0.00   26.04    0.00    0.00   16.67    0.00    0.00    0.00   57.29
09:15:25 PM    6    0.00    0.00   17.17    0.00    0.00   10.10    0.00    0.00    0.00   72.73
09:15:25 PM    7    0.00    0.00    0.00    0.00    0.00    0.00    0.00    0.00    0.00  100.00

09:15:25 PM  CPU    %usr   %nice    %sys %iowait    %irq   %soft  %steal  %guest  %gnice   %idle
09:15:26 PM  all    0.00    0.00   10.59    0.00    0.50   24.41    0.00    0.00    0.00   64.51
09:15:26 PM    0    0.00    0.00    0.00    0.00    0.98   19.61    0.00    0.00    0.00   79.41
09:15:26 PM    1    0.00    0.00    0.98    0.00    0.98   98.04    0.00    0.00    0.00    0.00
09:15:26 PM    2    0.00    0.00   16.00    0.00    1.00   15.00    0.00    0.00    0.00   68.00
09:15:26 PM    3    0.00    0.00   29.00    0.00    1.00   19.00    0.00    0.00    0.00   51.00
09:15:26 PM    4    0.00    0.00    0.00    0.00    0.00    0.00    0.00    0.00    0.00  100.00
09:15:26 PM    5    0.00    0.00    8.00    0.00    0.00    8.00    0.00    0.00    0.00   84.00
09:15:26 PM    6    0.00    0.00   16.00    0.00    0.00   18.00    0.00    0.00    0.00   66.00
09:15:26 PM    7    0.00    0.00   15.15    0.00    0.00   16.16    0.00    0.00    0.00   68.69

09:15:26 PM  CPU    %usr   %nice    %sys %iowait    %irq   %soft  %steal  %guest  %gnice   %idle
09:15:27 PM  all    0.12    0.00   11.01    0.00    0.25   29.46    0.00    0.00    0.00   59.16
09:15:27 PM    0    0.00    0.00    2.00    0.00    0.00   70.00    0.00    0.00    0.00   28.00
09:15:27 PM    1    1.01    0.00    1.01    0.00    0.00   97.98    0.00    0.00    0.00    0.00
09:15:27 PM    2    0.00    0.00   30.39    0.00    0.00   26.47    0.00    0.00    0.00   43.14
09:15:27 PM    3    0.00    0.00   24.00    0.00    0.00   22.00    0.00    0.00    0.00   54.00
09:15:27 PM    4    0.00    0.00    0.00    0.00    0.00    0.99    0.00    0.00    0.00   99.01
09:15:27 PM    5    0.00    0.00   11.65    0.00    0.97    7.77    0.00    0.00    0.00   79.61
09:15:27 PM    6    0.00    0.00    0.00    0.00    0.00    0.00    0.00    0.00    0.00  100.00
09:15:27 PM    7    0.00    0.00   18.45    0.00    0.97   12.62    0.00    0.00    0.00   67.96

09:15:27 PM  CPU    %usr   %nice    %sys %iowait    %irq   %soft  %steal  %guest  %gnice   %idle
09:15:28 PM  all    0.00    0.00   11.74    0.00    0.12   27.34    0.00    0.00    0.00   60.80
09:15:28 PM    0    0.00    0.00    0.00    0.00    1.00   77.00    0.00    0.00    0.00   22.00
09:15:28 PM    1    0.00    0.00    0.00    0.00    0.00  100.00    0.00    0.00    0.00    0.00
09:15:28 PM    2    0.00    0.00   19.00    0.00    0.00    6.00    0.00    0.00    0.00   75.00
09:15:28 PM    3    0.00    0.00    0.00    0.00    0.00    0.00    0.00    0.00    0.00  100.00
09:15:28 PM    4    0.00    0.00   54.55    0.00    0.00   17.17    0.00    0.00    0.00   28.28
09:15:28 PM    5    0.00    0.00    0.00    0.00    0.00    0.00    0.00    0.00    0.00  100.00
09:15:28 PM    6    0.00    0.00    0.00    0.00    0.00    0.00    0.00    0.00    0.00  100.00
09:15:28 PM    7    0.00    0.00   21.00    0.00    0.00   19.00    0.00    0.00    0.00   60.00

09:15:28 PM  CPU    %usr   %nice    %sys %iowait    %irq   %soft  %steal  %guest  %gnice   %idle
09:15:29 PM  all    0.00    0.00    9.01    0.00    0.25   25.53    0.00    0.00    0.00   65.21
09:15:29 PM    0    0.00    0.00    0.00    0.00    0.00   28.00    0.00    0.00    0.00   72.00
09:15:29 PM    1    0.00    0.00    0.00    0.00    0.99   99.01    0.00    0.00    0.00    0.00
09:15:29 PM    2    0.00    0.00    7.07    0.00    0.00    4.04    0.00    0.00    0.00   88.89
09:15:29 PM    3    0.00    0.00    0.00    0.00    0.00    0.00    0.00    0.00    0.00  100.00
09:15:29 PM    4    0.00    0.00    0.00    0.00    0.00    0.00    0.00    0.00    0.00  100.00
09:15:29 PM    5    0.00    0.00   25.25    0.00    0.00   31.31    0.00    0.00    0.00   43.43
09:15:29 PM    6    0.00    0.00   16.67    0.00    0.98   17.65    0.00    0.00    0.00   64.71
09:15:29 PM    7    0.00    0.00   23.47    0.00    0.00   23.47    0.00    0.00    0.00   53.06

09:15:29 PM  CPU    %usr   %nice    %sys %iowait    %irq   %soft  %steal  %guest  %gnice   %idle
09:15:30 PM  all    0.12    0.00   12.88    0.00    0.12   32.50    0.00    0.00    0.00   54.37
09:15:30 PM    0    0.99    0.00    1.98    0.00    0.00   97.03    0.00    0.00    0.00    0.00
09:15:30 PM    1    0.00    0.00    1.00    0.00    0.00   99.00    0.00    0.00    0.00    0.00
09:15:30 PM    2    0.00    0.00    0.00    0.00    0.00    0.00    0.00    0.00    0.00  100.00
09:15:30 PM    3    0.00    0.00   12.12    0.00    0.00    6.06    0.00    0.00    0.00   81.82
09:15:30 PM    4    0.00    0.00    0.00    0.00    0.00    0.00    0.00    0.00    0.00  100.00
09:15:30 PM    5    0.00    0.00   17.17    0.00    0.00   13.13    0.00    0.00    0.00   69.70
09:15:30 PM    6    0.00    0.00   32.32    0.00    0.00   25.25    0.00    0.00    0.00   42.42
09:15:30 PM    7    0.00    0.00   38.24    0.00    0.98   18.63    0.00    0.00    0.00   42.16

09:15:30 PM  CPU    %usr   %nice    %sys %iowait    %irq   %soft  %steal  %guest  %gnice   %idle
09:15:31 PM  all    0.00    0.00   10.67    0.00    0.37   32.01    0.00    0.00    0.00   56.95
09:15:31 PM    0    0.00    0.00    0.00    0.00    1.00   99.00    0.00    0.00    0.00    0.00
09:15:31 PM    1    0.00    0.00    0.00    0.00    1.00   97.00    0.00    0.00    0.00    2.00
09:15:31 PM    2    0.00    0.00   18.00    0.00    0.00   11.00    0.00    0.00    0.00   71.00
09:15:31 PM    3    0.00    0.00    9.90    0.00    0.00    9.90    0.00    0.00    0.00   80.20
09:15:31 PM    4    0.00    0.00   22.00    0.00    0.00   13.00    0.00    0.00    0.00   65.00
09:15:31 PM    5    0.00    0.00   16.50    0.00    0.97   11.65    0.00    0.00    0.00   70.87
09:15:31 PM    6    0.00    0.00    0.00    0.00    0.00    0.00    0.00    0.00    0.00  100.00
09:15:31 PM    7    0.00    0.00   18.63    0.00    0.00   15.69    0.00    0.00    0.00   65.69

09:15:31 PM  CPU    %usr   %nice    %sys %iowait    %irq   %soft  %steal  %guest  %gnice   %idle
09:15:32 PM  all    0.00    0.00    9.44    0.00    0.37   27.45    0.00    0.00    0.00   62.73
09:15:32 PM    0    0.00    0.00    0.00    0.00    0.00  100.00    0.00    0.00    0.00    0.00
09:15:32 PM    1    0.00    0.00    0.99    0.00    0.00   48.51    0.00    0.00    0.00   50.50
09:15:32 PM    2    0.00    0.00   19.61    0.00    0.98   10.78    0.00    0.00    0.00   68.63
09:15:32 PM    3    0.00    0.00   15.84    0.00    0.99   19.80    0.00    0.00    0.00   63.37
09:15:32 PM    4    0.00    0.00   21.36    0.00    0.97   27.18    0.00    0.00    0.00   50.49
09:15:32 PM    5    0.00    0.00   17.17    0.00    0.00   14.14    0.00    0.00    0.00   68.69
09:15:32 PM    6    0.00    0.00    0.00    0.00    0.00    0.00    0.00    0.00    0.00  100.00
09:15:32 PM    7    0.00    0.00    0.00    0.00    0.00    0.00    0.00    0.00    0.00  100.00

09:15:32 PM  CPU    %usr   %nice    %sys %iowait    %irq   %soft  %steal  %guest  %gnice   %idle
09:15:33 PM  all    0.00    0.00    9.95    0.00    0.13   25.69    0.00    0.00    0.00   64.23
09:15:33 PM    0    0.00    0.00    0.00    0.00    0.99   80.20    0.00    0.00    0.00   18.81
09:15:33 PM    1    0.00    0.00    0.00    0.00    0.00   58.59    0.00    0.00    0.00   41.41
09:15:33 PM    2    0.00    0.00   31.96    0.00    0.00   25.77    0.00    0.00    0.00   42.27
09:15:33 PM    3    0.00    0.00    4.04    0.00    0.00    5.05    0.00    0.00    0.00   90.91
09:15:33 PM    4    0.00    0.00   14.00    0.00    0.00   14.00    0.00    0.00    0.00   72.00
09:15:33 PM    5    0.00    0.00   12.87    0.00    0.00    2.97    0.00    0.00    0.00   84.16
09:15:33 PM    6    0.00    0.00    0.00    0.00    0.00    0.00    0.00    0.00    0.00  100.00
09:15:33 PM    7    0.00    0.00   17.53    0.00    0.00   18.56    0.00    0.00    0.00   63.92

09:15:33 PM  CPU    %usr   %nice    %sys %iowait    %irq   %soft  %steal  %guest  %gnice   %idle
09:15:34 PM  all    0.00    0.00    9.49    0.00    0.12   26.84    0.00    0.00    0.00   63.55
09:15:34 PM    0    0.00    0.00    0.00    0.00    0.00  100.00    0.00    0.00    0.00    0.00
09:15:34 PM    1    0.00    0.00    0.99    0.00    0.99   42.57    0.00    0.00    0.00   55.45
09:15:34 PM    2    0.00    0.00   14.00    0.00    0.00   16.00    0.00    0.00    0.00   70.00
09:15:34 PM    3    0.00    0.00   12.87    0.00    0.00   13.86    0.00    0.00    0.00   73.27
09:15:34 PM    4    0.00    0.00    0.00    0.00    0.00    0.00    0.00    0.00    0.00  100.00
09:15:34 PM    5    0.00    0.00   21.43    0.00    0.00   20.41    0.00    0.00    0.00   58.16
09:15:34 PM    6    0.00    0.00   15.00    0.00    0.00   15.00    0.00    0.00    0.00   70.00
09:15:34 PM    7    0.00    0.00   11.88    0.00    0.00    6.93    0.00    0.00    0.00   81.19

09:15:34 PM  CPU    %usr   %nice    %sys %iowait    %irq   %soft  %steal  %guest  %gnice   %idle
09:15:35 PM  all    0.00    0.00   10.24    0.00    0.37   25.97    0.00    0.00    0.00   63.42
09:15:35 PM    0    0.00    0.00    0.00    0.00    0.99   99.01    0.00    0.00    0.00    0.00
09:15:35 PM    1    0.00    0.00    0.00    0.00    0.00   46.00    0.00    0.00    0.00   54.00
09:15:35 PM    2    0.00    0.00    0.00    0.00    0.00    0.00    0.00    0.00    0.00  100.00
09:15:35 PM    3    0.00    0.00    9.09    0.00    0.00   12.12    0.00    0.00    0.00   78.79
09:15:35 PM    4    0.00    0.00    0.00    0.00    0.00    0.00    0.00    0.00    0.00  100.00
09:15:35 PM    5    0.00    0.00   11.88    0.00    0.00   13.86    0.00    0.00    0.00   74.26
09:15:35 PM    6    0.00    0.00   19.80    0.00    0.99    9.90    0.00    0.00    0.00   69.31
09:15:35 PM    7    0.00    0.00   41.41    0.00    1.01   26.26    0.00    0.00    0.00   31.31

09:15:35 PM  CPU    %usr   %nice    %sys %iowait    %irq   %soft  %steal  %guest  %gnice   %idle
09:15:36 PM  all    0.00    0.00   11.64    0.00    0.13   24.78    0.00    0.00    0.00   63.45
09:15:36 PM    0    0.00    0.00    1.00    0.00    0.00   99.00    0.00    0.00    0.00    0.00
09:15:36 PM    1    0.00    0.00    0.00    0.00    0.00   59.18    0.00    0.00    0.00   40.82
09:15:36 PM    2    0.00    0.00    0.00    0.00    0.00    0.00    0.00    0.00    0.00  100.00
09:15:36 PM    3    0.00    0.00   32.35    0.00    0.98   14.71    0.00    0.00    0.00   51.96
09:15:36 PM    4    0.00    0.00   15.31    0.00    0.00   13.27    0.00    0.00    0.00   71.43
09:15:36 PM    5    0.00    0.00    0.00    0.00    0.00    0.00    0.00    0.00    0.00  100.00
09:15:36 PM    6    0.00    0.00   38.00    0.00    0.00    5.00    0.00    0.00    0.00   57.00
09:15:36 PM    7    0.00    0.00    6.00    0.00    0.00    8.00    0.00    0.00    0.00   86.00

09:15:36 PM  CPU    %usr   %nice    %sys %iowait    %irq   %soft  %steal  %guest  %gnice   %idle
09:15:37 PM  all    0.00    0.00    9.57    0.00    0.50   26.21    0.00    0.00    0.00   63.73
09:15:37 PM    0    0.00    0.00    0.00    0.00    0.99   46.53    0.00    0.00    0.00   52.48
09:15:37 PM    1    0.00    0.00    0.00    0.00    0.99   99.01    0.00    0.00    0.00    0.00
09:15:37 PM    2    0.00    0.00   11.76    0.00    0.98   14.71    0.00    0.00    0.00   72.55
09:15:37 PM    3    0.00    0.00   30.00    0.00    0.00   16.00    0.00    0.00    0.00   54.00
09:15:37 PM    4    0.00    0.00   11.88    0.00    0.99   12.87    0.00    0.00    0.00   74.26
09:15:37 PM    5    0.00    0.00    0.00    0.00    0.00    0.00    0.00    0.00    0.00  100.00
09:15:37 PM    6    0.00    0.00    0.00    0.00    0.00    0.00    0.00    0.00    0.00  100.00
09:15:37 PM    7    0.00    0.00   23.00    0.00    0.00   20.00    0.00    0.00    0.00   57.00

09:15:37 PM  CPU    %usr   %nice    %sys %iowait    %irq   %soft  %steal  %guest  %gnice   %idle
09:15:38 PM  all    0.00    0.00   11.57    0.00    0.25   25.50    0.00    0.00    0.00   62.69
09:15:38 PM    0    0.00    0.00    0.00    0.00    0.00   82.83    0.00    0.00    0.00   17.17
09:15:38 PM    1    0.00    0.00    0.99    0.00    0.00   81.19    0.00    0.00    0.00   17.82
09:15:38 PM    2    0.00    0.00   14.00    0.00    0.00   13.00    0.00    0.00    0.00   73.00
09:15:38 PM    3    0.00    0.00    2.00    0.00    0.00    3.00    0.00    0.00    0.00   95.00
09:15:38 PM    4    0.00    0.00   12.87    0.00    0.00    2.97    0.00    0.00    0.00   84.16
09:15:38 PM    5    0.00    0.00   56.44    0.00    0.99   16.83    0.00    0.00    0.00   25.74
09:15:38 PM    6    0.00    0.00    0.00    0.00    0.00    0.00    0.00    0.00    0.00  100.00
09:15:38 PM    7    0.00    0.00    5.94    0.00    0.99    4.95    0.00    0.00    0.00   88.12

09:15:38 PM  CPU    %usr   %nice    %sys %iowait    %irq   %soft  %steal  %guest  %gnice   %idle
09:15:39 PM  all    0.00    0.00   11.32    0.00    0.00   31.59    0.00    0.00    0.00   57.09
09:15:39 PM    0    0.00    0.00    0.00    0.00    0.00  100.00    0.00    0.00    0.00    0.00
09:15:39 PM    1    0.00    0.00    0.00    0.00    0.00  100.00    0.00    0.00    0.00    0.00
09:15:39 PM    2    0.00    0.00    0.00    0.00    0.00    0.00    0.00    0.00    0.00  100.00
09:15:39 PM    3    0.00    0.00   29.00    0.00    0.00   19.00    0.00    0.00    0.00   52.00
09:15:39 PM    4    0.00    0.00   10.89    0.00    0.00    7.92    0.00    0.00    0.00   81.19
09:15:39 PM    5    0.00    0.00   11.76    0.00    0.00   11.76    0.00    0.00    0.00   76.47
09:15:39 PM    6    0.00    0.00   39.00    0.00    0.00   15.00    0.00    0.00    0.00   46.00
09:15:39 PM    7    0.00    0.00    0.00    0.00    0.00    0.00    0.00    0.00    0.00  100.00

09:15:39 PM  CPU    %usr   %nice    %sys %iowait    %irq   %soft  %steal  %guest  %gnice   %idle
09:15:40 PM  all    0.00    0.00   11.72    0.00    0.25   31.55    0.00    0.00    0.00   56.48
09:15:40 PM    0    0.00    0.00    0.00    0.00    1.00   99.00    0.00    0.00    0.00    0.00
09:15:40 PM    1    0.00    0.00    0.00    0.00    1.00   99.00    0.00    0.00    0.00    0.00
09:15:40 PM    2    0.00    0.00   27.45    0.00    0.00   17.65    0.00    0.00    0.00   54.90
09:15:40 PM    3    0.00    0.00    5.00    0.00    0.00    3.00    0.00    0.00    0.00   92.00
09:15:40 PM    4    0.00    0.00   24.00    0.00    0.00   13.00    0.00    0.00    0.00   63.00
09:15:40 PM    5    0.00    0.00    0.00    0.00    0.00    0.00    0.00    0.00    0.00  100.00
09:15:40 PM    6    0.00    0.00   18.00    0.00    0.00   11.00    0.00    0.00    0.00   71.00
09:15:40 PM    7    0.00    0.00   19.00    0.00    0.00   10.00    0.00    0.00    0.00   71.00

09:15:40 PM  CPU    %usr   %nice    %sys %iowait    %irq   %soft  %steal  %guest  %gnice   %idle
09:15:41 PM  all    0.12    0.00   11.86    0.00    0.25   32.46    0.00    0.00    0.00   55.31
09:15:41 PM    0    0.00    0.00    0.98    0.00    0.98   98.04    0.00    0.00    0.00    0.00
09:15:41 PM    1    0.98    0.00    0.98    0.00    0.00   98.04    0.00    0.00    0.00    0.00
09:15:41 PM    2    0.00    0.00   23.23    0.00    1.01   19.19    0.00    0.00    0.00   56.57
09:15:41 PM    3    0.00    0.00   22.77    0.00    0.00    9.90    0.00    0.00    0.00   67.33
09:15:41 PM    4    0.00    0.00   11.11    0.00    0.00    9.09    0.00    0.00    0.00   79.80
09:15:41 PM    5    0.00    0.00   15.46    0.00    0.00   13.40    0.00    0.00    0.00   71.13
09:15:41 PM    6    0.00    0.00    0.00    0.00    0.00    0.00    0.00    0.00    0.00  100.00
09:15:41 PM    7    0.00    0.00   20.79    0.00    0.00    8.91    0.00    0.00    0.00   70.30

09:15:41 PM  CPU    %usr   %nice    %sys %iowait    %irq   %soft  %steal  %guest  %gnice   %idle
09:15:42 PM  all    0.00    0.00   10.02    0.00    0.37   25.50    0.00    0.00    0.00   64.11
09:15:42 PM    0    0.00    0.00    0.00    0.00    0.00   74.00    0.00    0.00    0.00   26.00
09:15:42 PM    1    0.00    0.00    0.00    0.00    0.99   74.26    0.00    0.00    0.00   24.75
09:15:42 PM    2    0.00    0.00    0.00    0.00    0.00    0.00    0.00    0.00    0.00  100.00
09:15:42 PM    3    0.00    0.00   41.18    0.00    0.98   28.43    0.00    0.00    0.00   29.41
09:15:42 PM    4    0.00    0.00   26.21    0.00    0.97   16.50    0.00    0.00    0.00   56.31
09:15:42 PM    5    0.00    0.00    0.00    0.00    0.00    0.00    0.00    0.00    0.00  100.00
09:15:42 PM    6    0.00    0.00    0.00    0.00    0.00    0.00    0.00    0.00    0.00  100.00
09:15:42 PM    7    0.00    0.00   11.88    0.00    0.00   10.89    0.00    0.00    0.00   77.23

09:15:42 PM  CPU    %usr   %nice    %sys %iowait    %irq   %soft  %steal  %guest  %gnice   %idle
09:15:43 PM  all    0.00    0.00   11.04    0.00    0.00   29.23    0.00    0.00    0.00   59.72
09:15:43 PM    0    0.00    0.00    0.00    0.00    0.00   72.73    0.00    0.00    0.00   27.27
09:15:43 PM    1    0.00    0.00    0.00    0.00    0.00  100.00    0.00    0.00    0.00    0.00
09:15:43 PM    2    0.00    0.00    0.00    0.00    0.00    0.00    0.00    0.00    0.00  100.00
09:15:43 PM    3    0.00    0.00   10.20    0.00    0.00    6.12    0.00    0.00    0.00   83.67
09:15:43 PM    4    0.00    0.00   43.30    0.00    0.00   27.84    0.00    0.00    0.00   28.87
09:15:43 PM    5    0.00    0.00   16.00    0.00    0.00   15.00    0.00    0.00    0.00   69.00
09:15:43 PM    6    0.00    0.00   19.23    0.00    0.00   11.54    0.00    0.00    0.00   69.23
09:15:43 PM    7    0.00    0.00    0.00    0.00    0.00    1.01    0.00    0.00    0.00   98.99

09:15:43 PM  CPU    %usr   %nice    %sys %iowait    %irq   %soft  %steal  %guest  %gnice   %idle
09:15:44 PM  all    0.00    0.00   10.71    0.00    0.50   30.26    0.00    0.00    0.00   58.53
09:15:44 PM    0    0.00    0.00    0.00    0.00    0.99   81.19    0.00    0.00    0.00   17.82
09:15:44 PM    1    0.00    0.00    0.00    0.00    1.00   99.00    0.00    0.00    0.00    0.00
09:15:44 PM    2    0.00    0.00    0.00    0.00    0.00    0.00    0.00    0.00    0.00  100.00
09:15:44 PM    3    0.00    0.00   31.00    0.00    0.00   19.00    0.00    0.00    0.00   50.00
09:15:44 PM    4    0.00    0.00   10.00    0.00    0.00    7.00    0.00    0.00    0.00   83.00
09:15:44 PM    5    0.00    0.00    0.00    0.00    0.00    0.00    0.00    0.00    0.00  100.00
09:15:44 PM    6    0.00    0.00   13.86    0.00    0.99   11.88    0.00    0.00    0.00   73.27
09:15:44 PM    7    0.00    0.00   30.69    0.00    0.99   23.76    0.00    0.00    0.00   44.55

09:15:44 PM  CPU    %usr   %nice    %sys %iowait    %irq   %soft  %steal  %guest  %gnice   %idle
09:15:45 PM  all    0.00    0.00   12.61    0.00    0.25   30.09    0.00    0.00    0.00   57.05
09:15:45 PM    0    0.00    0.00    1.01    0.00    0.00   98.99    0.00    0.00    0.00    0.00
09:15:45 PM    1    0.00    0.00    1.01    0.00    0.00   98.99    0.00    0.00    0.00    0.00
09:15:45 PM    2    0.00    0.00    7.92    0.00    0.00    6.93    0.00    0.00    0.00   85.15
09:15:45 PM    3    0.00    0.00   22.00    0.00    1.00   13.00    0.00    0.00    0.00   64.00
09:15:45 PM    4    0.00    0.00    6.86    0.00    0.00    4.90    0.00    0.00    0.00   88.24
09:15:45 PM    5    0.00    0.00   37.86    0.00    0.97    7.77    0.00    0.00    0.00   53.40
09:15:45 PM    6    0.00    0.00    4.12    0.00    0.00    0.00    0.00    0.00    0.00   95.88
09:15:45 PM    7    0.00    0.00   19.00    0.00    0.00   12.00    0.00    0.00    0.00   69.00

09:15:45 PM  CPU    %usr   %nice    %sys %iowait    %irq   %soft  %steal  %guest  %gnice   %idle
09:15:46 PM  all    0.00    0.00   10.70    0.00    0.25   26.74    0.00    0.00    0.00   62.31
09:15:46 PM    0    0.00    0.00    0.98    0.00    0.98   98.04    0.00    0.00    0.00    0.00
09:15:46 PM    1    0.00    0.00    0.00    0.00    0.00   45.00    0.00    0.00    0.00   55.00
09:15:46 PM    2    0.00    0.00   10.78    0.00    0.00    6.86    0.00    0.00    0.00   82.35
09:15:46 PM    3    0.00    0.00   18.63    0.00    0.00    7.84    0.00    0.00    0.00   73.53
09:15:46 PM    4    0.00    0.00   29.00    0.00    1.00   29.00    0.00    0.00    0.00   41.00
09:15:46 PM    5    0.00    0.00   12.24    0.00    0.00   11.22    0.00    0.00    0.00   76.53
09:15:46 PM    6    0.00    0.00   14.00    0.00    0.00   15.00    0.00    0.00    0.00   71.00
09:15:46 PM    7    0.00    0.00    0.00    0.00    0.00    0.00    0.00    0.00    0.00  100.00

09:15:46 PM  CPU    %usr   %nice    %sys %iowait    %irq   %soft  %steal  %guest  %gnice   %idle
09:15:47 PM  all    0.00    0.00   10.75    0.00    0.12   28.88    0.00    0.00    0.00   60.25
09:15:47 PM    0    0.00    0.00    0.00    0.00    0.00   82.83    0.00    0.00    0.00   17.17
09:15:47 PM    1    0.00    0.00    0.00    0.00    1.00   81.00    0.00    0.00    0.00   18.00
09:15:47 PM    2    0.00    0.00   27.27    0.00    0.00   20.20    0.00    0.00    0.00   52.53
09:15:47 PM    3    0.00    0.00    5.00    0.00    0.00    5.00    0.00    0.00    0.00   90.00
09:15:47 PM    4    0.00    0.00   15.00    0.00    0.00   16.00    0.00    0.00    0.00   69.00
09:15:47 PM    5    0.00    0.00   23.00    0.00    0.00   16.00    0.00    0.00    0.00   61.00
09:15:47 PM    6    0.00    0.00   15.69    0.00    0.00   10.78    0.00    0.00    0.00   73.53
09:15:47 PM    7    0.00    0.00    0.00    0.00    0.00    0.00    0.00    0.00    0.00  100.00

09:15:47 PM  CPU    %usr   %nice    %sys %iowait    %irq   %soft  %steal  %guest  %gnice   %idle
09:15:48 PM  all    0.00    0.00   11.44    0.00    0.12   30.72    0.00    0.00    0.00   57.71
09:15:48 PM    0    0.00    0.00    0.98    0.00    0.98   83.33    0.00    0.00    0.00   14.71
09:15:48 PM    1    0.00    0.00    0.00    0.00    0.00  100.00    0.00    0.00    0.00    0.00
09:15:48 PM    2    0.00    0.00    6.00    0.00    0.00    7.00    0.00    0.00    0.00   87.00
09:15:48 PM    3    0.00    0.00   29.00    0.00    0.00   24.00    0.00    0.00    0.00   47.00
09:15:48 PM    4    0.00    0.00   43.00    0.00    0.00   16.00    0.00    0.00    0.00   41.00
09:15:48 PM    5    0.00    0.00    0.00    0.00    0.00    0.00    0.00    0.00    0.00  100.00
09:15:48 PM    6    0.00    0.00    0.00    0.00    0.00    0.00    0.00    0.00    0.00  100.00
09:15:48 PM    7    0.00    0.00   13.00    0.00    0.00   14.00    0.00    0.00    0.00   73.00

09:15:48 PM  CPU    %usr   %nice    %sys %iowait    %irq   %soft  %steal  %guest  %gnice   %idle
09:15:49 PM  all    0.00    0.00    9.77    0.00    0.25   26.07    0.00    0.00    0.00   63.91
09:15:49 PM    0    0.00    0.00    0.00    0.00    0.00   84.85    0.00    0.00    0.00   15.15
09:15:49 PM    1    0.00    0.00    1.00    0.00    0.00   62.00    0.00    0.00    0.00   37.00
09:15:49 PM    2    0.00    0.00   33.00    0.00    1.00   14.00    0.00    0.00    0.00   52.00
09:15:49 PM    3    0.00    0.00    9.09    0.00    1.01   11.11    0.00    0.00    0.00   78.79
09:15:49 PM    4    0.00    0.00    0.00    0.00    0.00    1.96    0.00    0.00    0.00   98.04
09:15:49 PM    5    0.00    0.00   19.19    0.00    0.00   22.22    0.00    0.00    0.00   58.59
09:15:49 PM    6    0.00    0.00    0.00    0.00    0.00    0.00    0.00    0.00    0.00  100.00
09:15:49 PM    7    0.00    0.00   16.16    0.00    0.00   13.13    0.00    0.00    0.00   70.71

09:15:49 PM  CPU    %usr   %nice    %sys %iowait    %irq   %soft  %steal  %guest  %gnice   %idle
09:15:50 PM  all    0.00    0.00   10.93    0.00    0.50   28.70    0.00    0.00    0.00   59.88
09:15:50 PM    0    0.00    0.00    0.00    0.00    0.99   75.25    0.00    0.00    0.00   23.76
09:15:50 PM    1    0.00    0.00    0.00    0.00    0.99   85.15    0.00    0.00    0.00   13.86
09:15:50 PM    2    0.00    0.00   16.16    0.00    0.00   19.19    0.00    0.00    0.00   64.65
09:15:50 PM    3    0.00    0.00   12.87    0.00    0.00    0.99    0.00    0.00    0.00   86.14
09:15:50 PM    4    0.00    0.00   18.37    0.00    1.02   11.22    0.00    0.00    0.00   69.39
09:15:50 PM    5    0.00    0.00    6.80    0.00    0.97    7.77    0.00    0.00    0.00   84.47
09:15:50 PM    6    0.00    0.00   14.00    0.00    0.00   17.00    0.00    0.00    0.00   69.00
09:15:50 PM    7    0.00    0.00   19.61    0.00    0.00   12.75    0.00    0.00    0.00   67.65

09:15:50 PM  CPU    %usr   %nice    %sys %iowait    %irq   %soft  %steal  %guest  %gnice   %idle
09:15:51 PM  all    0.00    0.00   10.36    0.00    0.12   24.72    0.00    0.00    0.00   64.79
09:15:51 PM    0    0.00    0.00    0.00    0.00    0.00  100.00    0.00    0.00    0.00    0.00
09:15:51 PM    1    0.00    0.00    0.00    0.00    0.00   47.47    0.00    0.00    0.00   52.53
09:15:51 PM    2    0.00    0.00   10.00    0.00    0.00    8.00    0.00    0.00    0.00   82.00
09:15:51 PM    3    0.00    0.00   25.00    0.00    0.00    8.00    0.00    0.00    0.00   67.00
09:15:51 PM    4    0.00    0.00   11.76    0.00    0.00   14.71    0.00    0.00    0.00   73.53
09:15:51 PM    5    0.00    0.00   22.22    0.00    0.00    7.07    0.00    0.00    0.00   70.71
09:15:51 PM    6    0.00    0.00   13.86    0.00    0.99   12.87    0.00    0.00    0.00   72.28
09:15:51 PM    7    0.00    0.00    0.00    0.00    0.00    0.00    0.00    0.00    0.00  100.00

09:15:51 PM  CPU    %usr   %nice    %sys %iowait    %irq   %soft  %steal  %guest  %gnice   %idle
09:15:52 PM  all    0.00    0.00   10.49    0.00    0.00   27.09    0.00    0.00    0.00   62.42
09:15:52 PM    0    0.00    0.00    0.00    0.00    0.00   84.00    0.00    0.00    0.00   16.00
09:15:52 PM    1    0.00    0.00    0.00    0.00    0.00   73.00    0.00    0.00    0.00   27.00
09:15:52 PM    2    0.00    0.00    4.90    0.00    0.00    4.90    0.00    0.00    0.00   90.20
09:15:52 PM    3    0.00    0.00   13.00    0.00    0.00    4.00    0.00    0.00    0.00   83.00
09:15:52 PM    4    0.00    0.00   22.22    0.00    0.00   16.16    0.00    0.00    0.00   61.62
09:15:52 PM    5    0.00    0.00   32.67    0.00    0.00   20.79    0.00    0.00    0.00   46.53
09:15:52 PM    6    0.00    0.00   11.22    0.00    0.00   14.29    0.00    0.00    0.00   74.49
09:15:52 PM    7    0.00    0.00    0.00    0.00    0.00    0.00    0.00    0.00    0.00  100.00

09:15:52 PM  CPU    %usr   %nice    %sys %iowait    %irq   %soft  %steal  %guest  %gnice   %idle
09:15:53 PM  all    0.00    0.00   12.09    0.00    0.37   30.17    0.00    0.00    0.00   57.36
09:15:53 PM    0    0.00    0.00    0.00    0.00    1.01   97.98    0.00    0.00    0.00    1.01
09:15:53 PM    1    0.00    0.00    0.00    0.00    0.99   99.01    0.00    0.00    0.00    0.00
09:15:53 PM    2    0.00    0.00   15.15    0.00    0.00   13.13    0.00    0.00    0.00   71.72
09:15:53 PM    3    0.00    0.00    9.90    0.00    0.00    6.93    0.00    0.00    0.00   83.17
09:15:53 PM    4    0.00    0.00   10.78    0.00    0.00   11.76    0.00    0.00    0.00   77.45
09:15:53 PM    5    0.00    0.00    0.00    0.00    0.00    0.00    0.00    0.00    0.00  100.00
09:15:53 PM    6    0.00    0.00   24.00    0.00    0.00    9.00    0.00    0.00    0.00   67.00
09:15:53 PM    7    0.00    0.00   37.00    0.00    1.00    4.00    0.00    0.00    0.00   58.00

Average:     CPU    %usr   %nice    %sys %iowait    %irq   %soft  %steal  %guest  %gnice   %idle
Average:     all    0.01    0.00   10.90    0.00    0.23   27.60    0.00    0.00    0.00   61.26
Average:       0    0.02    0.00    0.25    0.00    0.43   81.03    0.00    0.00    0.00   18.27
Average:       1    0.08    0.00    0.30    0.00    0.38   82.03    0.00    0.00    0.00   17.21
Average:       2    0.00    0.00   14.29    0.00    0.18   10.68    0.00    0.00    0.00   74.85
Average:       3    0.00    0.00   15.02    0.00    0.17    9.35    0.00    0.00    0.00   75.46
Average:       4    0.00    0.00   14.56    0.00    0.17    9.39    0.00    0.00    0.00   75.88
Average:       5    0.00    0.00   14.16    0.00    0.17    9.65    0.00    0.00    0.00   76.03
Average:       6    0.00    0.00   14.22    0.00    0.17    9.66    0.00    0.00    0.00   75.95
Average:       7    0.00    0.00   14.37    0.00    0.17    9.03    0.00    0.00    0.00   76.44
