Linux 7.2.0-rc1 (hp5) 	07/11/2026 	_x86_64_	(8 CPU)

09:36:26 PM  CPU    %usr   %nice    %sys %iowait    %irq   %soft  %steal  %guest  %gnice   %idle
09:36:27 PM  all    0.00    0.00   12.52    0.00    0.00   22.53    0.00    0.00    0.00   64.96
09:36:27 PM    0    0.00    0.00    0.00    0.00    0.00  100.00    0.00    0.00    0.00    0.00
09:36:27 PM    1    0.00    0.00    0.00    0.00    0.00   80.81    0.00    0.00    0.00   19.19
09:36:27 PM    2    0.00    0.00  100.00    0.00    0.00    0.00    0.00    0.00    0.00    0.00
09:36:27 PM    3    0.00    0.00    0.00    0.00    0.00    0.00    0.00    0.00    0.00  100.00
09:36:27 PM    4    0.00    0.00    0.00    0.00    0.00    0.00    0.00    0.00    0.00  100.00
09:36:27 PM    5    0.00    0.00    0.00    0.00    0.00    0.00    0.00    0.00    0.00  100.00
09:36:27 PM    6    0.00    0.00    0.00    0.00    0.00    0.00    0.00    0.00    0.00  100.00
09:36:27 PM    7    0.00    0.00    0.00    0.00    0.00    0.00    0.00    0.00    0.00  100.00

09:36:27 PM  CPU    %usr   %nice    %sys %iowait    %irq   %soft  %steal  %guest  %gnice   %idle
09:36:28 PM  all    0.00    0.00   12.56    0.00    0.00   21.14    0.00    0.00    0.00   66.29
09:36:28 PM    0    0.00    0.00    0.00    0.00    0.00  100.00    0.00    0.00    0.00    0.00
09:36:28 PM    1    0.00    0.00    0.99    0.00    0.00   69.31    0.00    0.00    0.00   29.70
09:36:28 PM    2    0.00    0.00  100.00    0.00    0.00    0.00    0.00    0.00    0.00    0.00
09:36:28 PM    3    0.00    0.00    0.00    0.00    0.00    0.00    0.00    0.00    0.00  100.00
09:36:28 PM    4    0.00    0.00    0.00    0.00    0.00    0.00    0.00    0.00    0.00  100.00
09:36:28 PM    5    0.00    0.00    0.00    0.00    0.00    0.00    0.00    0.00    0.00  100.00
09:36:28 PM    6    0.00    0.00    0.00    0.00    0.00    0.00    0.00    0.00    0.00  100.00
09:36:28 PM    7    0.00    0.00    0.00    0.00    0.00    0.00    0.00    0.00    0.00  100.00

09:36:28 PM  CPU    %usr   %nice    %sys %iowait    %irq   %soft  %steal  %guest  %gnice   %idle
09:36:29 PM  all    0.00    0.00   12.48    0.00    0.25   18.35    0.00    0.00    0.00   68.91
09:36:29 PM    0    0.00    0.00    0.00    0.00    1.00   99.00    0.00    0.00    0.00    0.00
09:36:29 PM    1    0.00    0.00    0.00    0.00    0.99   47.52    0.00    0.00    0.00   51.49
09:36:29 PM    2    0.00    0.00  100.00    0.00    0.00    0.00    0.00    0.00    0.00    0.00
09:36:29 PM    3    0.00    0.00    0.00    0.00    0.00    0.00    0.00    0.00    0.00  100.00
09:36:29 PM    4    0.00    0.00    0.00    0.00    0.00    0.00    0.00    0.00    0.00  100.00
09:36:29 PM    5    0.00    0.00    0.00    0.00    0.00    0.00    0.00    0.00    0.00  100.00
09:36:29 PM    6    0.00    0.00    0.00    0.00    0.00    0.00    0.00    0.00    0.00  100.00
09:36:29 PM    7    0.00    0.00    0.00    0.00    0.00    0.00    0.00    0.00    0.00  100.00

09:36:29 PM  CPU    %usr   %nice    %sys %iowait    %irq   %soft  %steal  %guest  %gnice   %idle
09:36:30 PM  all    0.00    0.00   12.55    0.00    0.00   18.51    0.00    0.00    0.00   68.94
09:36:30 PM    0    0.00    0.00    0.00    0.00    0.00  100.00    0.00    0.00    0.00    0.00
09:36:30 PM    1    0.00    0.00    0.00    0.00    0.00   48.00    0.00    0.00    0.00   52.00
09:36:30 PM    2    0.00    0.00  100.00    0.00    0.00    0.00    0.00    0.00    0.00    0.00
09:36:30 PM    3    0.00    0.00    0.00    0.00    0.00    0.00    0.00    0.00    0.00  100.00
09:36:30 PM    4    0.00    0.00    0.00    0.00    0.00    0.00    0.00    0.00    0.00  100.00
09:36:30 PM    5    0.00    0.00    0.00    0.00    0.00    0.00    0.00    0.00    0.00  100.00
09:36:30 PM    6    0.00    0.00    0.00    0.00    0.00    0.00    0.00    0.00    0.00  100.00
09:36:30 PM    7    0.00    0.00    0.00    0.00    0.00    0.00    0.00    0.00    0.00  100.00

09:36:30 PM  CPU    %usr   %nice    %sys %iowait    %irq   %soft  %steal  %guest  %gnice   %idle
09:36:31 PM  all    0.00    0.00   12.45    0.00    0.12   24.91    0.00    0.00    0.00   62.52
09:36:31 PM    0    0.00    0.00    0.00    0.00    0.99   99.01    0.00    0.00    0.00    0.00
09:36:31 PM    1    0.00    0.00    0.00    0.00    0.00  100.00    0.00    0.00    0.00    0.00
09:36:31 PM    2    0.00    0.00  100.00    0.00    0.00    0.00    0.00    0.00    0.00    0.00
09:36:31 PM    3    0.00    0.00    0.00    0.00    0.00    0.00    0.00    0.00    0.00  100.00
09:36:31 PM    4    0.00    0.00    0.00    0.00    0.00    0.00    0.00    0.00    0.00  100.00
09:36:31 PM    5    0.00    0.00    0.00    0.00    0.00    0.00    0.00    0.00    0.00  100.00
09:36:31 PM    6    0.00    0.00    0.00    0.00    0.00    0.00    0.00    0.00    0.00  100.00
09:36:31 PM    7    0.00    0.00    0.00    0.00    0.00    0.00    0.00    0.00    0.00  100.00

09:36:31 PM  CPU    %usr   %nice    %sys %iowait    %irq   %soft  %steal  %guest  %gnice   %idle
09:36:32 PM  all    0.00    0.00   12.83    0.00    0.00   19.12    0.00    0.00    0.00   68.05
09:36:32 PM    0    0.00    0.00    1.01    0.00    0.00   98.99    0.00    0.00    0.00    0.00
09:36:32 PM    1    0.00    0.00    1.02    0.00    0.00   55.10    0.00    0.00    0.00   43.88
09:36:32 PM    2    0.00    0.00  100.00    0.00    0.00    0.00    0.00    0.00    0.00    0.00
09:36:32 PM    3    0.00    0.00    0.00    0.00    0.00    0.00    0.00    0.00    0.00  100.00
09:36:32 PM    4    0.00    0.00    0.00    0.00    0.00    0.00    0.00    0.00    0.00  100.00
09:36:32 PM    5    0.00    0.00    0.00    0.00    0.00    0.00    0.00    0.00    0.00  100.00
09:36:32 PM    6    0.00    0.00    0.00    0.00    0.00    0.00    0.00    0.00    0.00  100.00
09:36:32 PM    7    0.00    0.00    0.00    0.00    0.00    0.00    0.00    0.00    0.00  100.00

09:36:32 PM  CPU    %usr   %nice    %sys %iowait    %irq   %soft  %steal  %guest  %gnice   %idle
09:36:33 PM  all    0.00    0.00   12.61    0.00    0.12   14.11    0.00    0.00    0.00   73.16
09:36:33 PM    0    0.00    0.00    0.00    0.00    0.00   36.00    0.00    0.00    0.00   64.00
09:36:33 PM    1    0.00    0.00    0.99    0.00    0.99   76.24    0.00    0.00    0.00   21.78
09:36:33 PM    2    0.00    0.00  100.00    0.00    0.00    0.00    0.00    0.00    0.00    0.00
09:36:33 PM    3    0.00    0.00    0.00    0.00    0.00    0.00    0.00    0.00    0.00  100.00
09:36:33 PM    4    0.00    0.00    0.00    0.00    0.00    0.00    0.00    0.00    0.00  100.00
09:36:33 PM    5    0.00    0.00    0.00    0.00    0.00    0.00    0.00    0.00    0.00  100.00
09:36:33 PM    6    0.00    0.00    0.00    0.00    0.00    0.00    0.00    0.00    0.00  100.00
09:36:33 PM    7    0.00    0.00    0.00    0.00    0.00    0.00    0.00    0.00    0.00  100.00

09:36:33 PM  CPU    %usr   %nice    %sys %iowait    %irq   %soft  %steal  %guest  %gnice   %idle
09:36:34 PM  all    0.00    0.00   12.52    0.00    0.00   15.64    0.00    0.00    0.00   71.84
09:36:34 PM    0    0.00    0.00    0.00    0.00    0.00   91.92    0.00    0.00    0.00    8.08
09:36:34 PM    1    0.00    0.00    0.00    0.00    0.00   34.00    0.00    0.00    0.00   66.00
09:36:34 PM    2    0.00    0.00  100.00    0.00    0.00    0.00    0.00    0.00    0.00    0.00
09:36:34 PM    3    0.00    0.00    0.00    0.00    0.00    0.00    0.00    0.00    0.00  100.00
09:36:34 PM    4    0.00    0.00    0.00    0.00    0.00    0.00    0.00    0.00    0.00  100.00
09:36:34 PM    5    0.00    0.00    0.00    0.00    0.00    0.00    0.00    0.00    0.00  100.00
09:36:34 PM    6    0.00    0.00    0.00    0.00    0.00    0.00    0.00    0.00    0.00  100.00
09:36:34 PM    7    0.00    0.00    0.00    0.00    0.00    0.00    0.00    0.00    0.00  100.00

09:36:34 PM  CPU    %usr   %nice    %sys %iowait    %irq   %soft  %steal  %guest  %gnice   %idle
09:36:35 PM  all    0.00    0.00   12.45    0.00    0.12   14.69    0.00    0.00    0.00   72.73
09:36:35 PM    0    0.00    0.00    0.00    0.00    0.99   82.18    0.00    0.00    0.00   16.83
09:36:35 PM    1    0.00    0.00    0.00    0.00    0.00   35.00    0.00    0.00    0.00   65.00
09:36:35 PM    2    0.00    0.00  100.00    0.00    0.00    0.00    0.00    0.00    0.00    0.00
09:36:35 PM    3    0.00    0.00    0.00    0.00    0.00    0.00    0.00    0.00    0.00  100.00
09:36:35 PM    4    0.00    0.00    0.00    0.00    0.00    0.00    0.00    0.00    0.00  100.00
09:36:35 PM    5    0.00    0.00    0.00    0.00    0.00    0.00    0.00    0.00    0.00  100.00
09:36:35 PM    6    0.00    0.00    0.00    0.00    0.00    0.00    0.00    0.00    0.00  100.00
09:36:35 PM    7    0.00    0.00    0.00    0.00    0.00    0.00    0.00    0.00    0.00  100.00

09:36:35 PM  CPU    %usr   %nice    %sys %iowait    %irq   %soft  %steal  %guest  %gnice   %idle
09:36:36 PM  all    0.00    0.00   12.58    0.00    0.00   16.94    0.00    0.00    0.00   70.49
09:36:36 PM    0    0.00    0.00    0.00    0.00    0.00   36.00    0.00    0.00    0.00   64.00
09:36:36 PM    1    0.00    0.00    0.00    0.00    0.00  100.00    0.00    0.00    0.00    0.00
09:36:36 PM    2    0.00    0.00  100.00    0.00    0.00    0.00    0.00    0.00    0.00    0.00
09:36:36 PM    3    0.00    0.00    0.00    0.00    0.00    0.00    0.00    0.00    0.00  100.00
09:36:36 PM    4    0.00    0.00    0.00    0.00    0.00    0.00    0.00    0.00    0.00  100.00
09:36:36 PM    5    0.00    0.00    0.00    0.00    0.00    0.00    0.00    0.00    0.00  100.00
09:36:36 PM    6    0.00    0.00    0.00    0.00    0.00    0.00    0.00    0.00    0.00  100.00
09:36:36 PM    7    0.00    0.00    0.00    0.00    0.00    0.00    0.00    0.00    0.00  100.00

09:36:36 PM  CPU    %usr   %nice    %sys %iowait    %irq   %soft  %steal  %guest  %gnice   %idle
09:36:37 PM  all    0.00    0.00   12.47    0.00    0.12   20.82    0.00    0.00    0.00   66.58
09:36:37 PM    0    0.00    0.00    0.00    0.00    0.00   67.00    0.00    0.00    0.00   33.00
09:36:37 PM    1    0.00    0.00    0.00    0.00    0.99   99.01    0.00    0.00    0.00    0.00
09:36:37 PM    2    0.00    0.00  100.00    0.00    0.00    0.00    0.00    0.00    0.00    0.00
09:36:37 PM    3    0.00    0.00    0.00    0.00    0.00    0.00    0.00    0.00    0.00  100.00
09:36:37 PM    4    0.00    0.00    0.00    0.00    0.00    0.00    0.00    0.00    0.00  100.00
09:36:37 PM    5    0.00    0.00    0.00    0.00    0.00    0.00    0.00    0.00    0.00  100.00
09:36:37 PM    6    0.00    0.00    0.00    0.00    0.00    0.00    0.00    0.00    0.00  100.00
09:36:37 PM    7    0.00    0.00    0.00    0.00    0.00    0.00    0.00    0.00    0.00  100.00

09:36:37 PM  CPU    %usr   %nice    %sys %iowait    %irq   %soft  %steal  %guest  %gnice   %idle
09:36:38 PM  all    0.12    0.00   12.62    0.00    0.12   14.25    0.00    0.00    0.00   72.88
09:36:38 PM    0    0.00    0.00    0.00    0.00    0.99   38.61    0.00    0.00    0.00   60.40
09:36:38 PM    1    1.00    0.00    1.00    0.00    0.00   75.00    0.00    0.00    0.00   23.00
09:36:38 PM    2    0.00    0.00  100.00    0.00    0.00    0.00    0.00    0.00    0.00    0.00
09:36:38 PM    3    0.00    0.00    0.00    0.00    0.00    0.00    0.00    0.00    0.00  100.00
09:36:38 PM    4    0.00    0.00    0.00    0.00    0.00    0.00    0.00    0.00    0.00  100.00
09:36:38 PM    5    0.00    0.00    0.00    0.00    0.00    0.00    0.00    0.00    0.00  100.00
09:36:38 PM    6    0.00    0.00    0.00    0.00    0.00    0.00    0.00    0.00    0.00  100.00
09:36:38 PM    7    0.00    0.00    0.00    0.00    0.00    0.00    0.00    0.00    0.00  100.00

09:36:38 PM  CPU    %usr   %nice    %sys %iowait    %irq   %soft  %steal  %guest  %gnice   %idle
09:36:39 PM  all    0.00    0.00   12.52    0.00    0.00   18.52    0.00    0.00    0.00   68.96
09:36:39 PM    0    0.00    0.00    0.00    0.00    0.00   93.94    0.00    0.00    0.00    6.06
09:36:39 PM    1    0.00    0.00    0.00    0.00    0.00   55.00    0.00    0.00    0.00   45.00
09:36:39 PM    2    0.00    0.00  100.00    0.00    0.00    0.00    0.00    0.00    0.00    0.00
09:36:39 PM    3    0.00    0.00    0.00    0.00    0.00    0.00    0.00    0.00    0.00  100.00
09:36:39 PM    4    0.00    0.00    0.00    0.00    0.00    0.00    0.00    0.00    0.00  100.00
09:36:39 PM    5    0.00    0.00    0.00    0.00    0.00    0.00    0.00    0.00    0.00  100.00
09:36:39 PM    6    0.00    0.00    0.00    0.00    0.00    0.00    0.00    0.00    0.00  100.00
09:36:39 PM    7    0.00    0.00    0.00    0.00    0.00    0.00    0.00    0.00    0.00  100.00

09:36:39 PM  CPU    %usr   %nice    %sys %iowait    %irq   %soft  %steal  %guest  %gnice   %idle
09:36:40 PM  all    0.00    0.00   12.45    0.00    0.00   17.19    0.00    0.00    0.00   70.36
09:36:40 PM    0    0.00    0.00    0.00    0.00    0.00  100.00    0.00    0.00    0.00    0.00
09:36:40 PM    1    0.00    0.00    0.00    0.00    0.00   38.00    0.00    0.00    0.00   62.00
09:36:40 PM    2    0.00    0.00  100.00    0.00    0.00    0.00    0.00    0.00    0.00    0.00
09:36:40 PM    3    0.00    0.00    0.00    0.00    0.00    0.00    0.00    0.00    0.00  100.00
09:36:40 PM    4    0.00    0.00    0.00    0.00    0.00    0.00    0.00    0.00    0.00  100.00
09:36:40 PM    5    0.00    0.00    0.00    0.00    0.00    0.00    0.00    0.00    0.00  100.00
09:36:40 PM    6    0.00    0.00    0.00    0.00    0.00    0.00    0.00    0.00    0.00  100.00
09:36:40 PM    7    0.00    0.00    0.00    0.00    0.00    0.00    0.00    0.00    0.00  100.00

09:36:40 PM  CPU    %usr   %nice    %sys %iowait    %irq   %soft  %steal  %guest  %gnice   %idle
09:36:41 PM  all    0.00    0.00   12.56    0.00    0.25   21.64    0.00    0.00    0.00   65.55
09:36:41 PM    0    0.00    0.00    0.00    0.00    0.99   73.27    0.00    0.00    0.00   25.74
09:36:41 PM    1    0.00    0.00    0.00    0.00    0.99   99.01    0.00    0.00    0.00    0.00
09:36:41 PM    2    0.00    0.00  100.00    0.00    0.00    0.00    0.00    0.00    0.00    0.00
09:36:41 PM    3    0.00    0.00    0.00    0.00    0.00    0.00    0.00    0.00    0.00  100.00
09:36:41 PM    4    0.00    0.00    0.00    0.00    0.00    0.00    0.00    0.00    0.00  100.00
09:36:41 PM    5    0.00    0.00    0.00    0.00    0.00    0.00    0.00    0.00    0.00  100.00
09:36:41 PM    6    0.00    0.00    0.00    0.00    0.00    0.00    0.00    0.00    0.00  100.00
09:36:41 PM    7    0.00    0.00    0.00    0.00    0.00    0.00    0.00    0.00    0.00  100.00

09:36:41 PM  CPU    %usr   %nice    %sys %iowait    %irq   %soft  %steal  %guest  %gnice   %idle
09:36:42 PM  all    0.00    0.00   12.42    0.00    0.00   19.70    0.00    0.00    0.00   67.88
09:36:42 PM    0    0.00    0.00    0.00    0.00    0.00   58.00    0.00    0.00    0.00   42.00
09:36:42 PM    1    0.00    0.00    0.00    0.00    0.00  100.00    0.00    0.00    0.00    0.00
09:36:42 PM    2    0.00    0.00  100.00    0.00    0.00    0.00    0.00    0.00    0.00    0.00
09:36:42 PM    3    0.00    0.00    0.00    0.00    0.00    0.00    0.00    0.00    0.00  100.00
09:36:42 PM    4    0.00    0.00    0.00    0.00    0.00    0.00    0.00    0.00    0.00  100.00
09:36:42 PM    5    0.00    0.00    0.00    0.00    0.00    0.00    0.00    0.00    0.00  100.00
09:36:42 PM    6    0.00    0.00    0.00    0.00    0.00    0.00    0.00    0.00    0.00  100.00
09:36:42 PM    7    0.00    0.00    0.00    0.00    0.00    0.00    0.00    0.00    0.00  100.00

09:36:42 PM  CPU    %usr   %nice    %sys %iowait    %irq   %soft  %steal  %guest  %gnice   %idle
09:36:43 PM  all    0.00    0.00   12.69    0.00    0.00   20.90    0.00    0.00    0.00   66.42
09:36:43 PM    0    0.00    0.00    0.00    0.00    0.00   68.00    0.00    0.00    0.00   32.00
09:36:43 PM    1    0.00    0.00    0.99    0.00    0.00   99.01    0.00    0.00    0.00    0.00
09:36:43 PM    2    0.00    0.00  100.00    0.00    0.00    0.00    0.00    0.00    0.00    0.00
09:36:43 PM    3    0.00    0.00    0.00    0.00    0.00    0.00    0.00    0.00    0.00  100.00
09:36:43 PM    4    0.00    0.00    0.00    0.00    0.00    0.00    0.00    0.00    0.00  100.00
09:36:43 PM    5    0.00    0.00    0.00    0.00    0.00    0.00    0.00    0.00    0.00  100.00
09:36:43 PM    6    0.00    0.00    0.00    0.00    0.00    0.00    0.00    0.00    0.00  100.00
09:36:43 PM    7    0.00    0.00    0.00    0.00    0.00    0.00    0.00    0.00    0.00  100.00

09:36:43 PM  CPU    %usr   %nice    %sys %iowait    %irq   %soft  %steal  %guest  %gnice   %idle
09:36:44 PM  all    0.12    0.00   12.67    0.00    0.25   24.47    0.00    0.00    0.00   62.48
09:36:44 PM    0    0.98    0.00    1.96    0.00    0.98   96.08    0.00    0.00    0.00    0.00
09:36:44 PM    1    0.00    0.00    0.00    0.00    1.00   99.00    0.00    0.00    0.00    0.00
09:36:44 PM    2    0.00    0.00  100.00    0.00    0.00    0.00    0.00    0.00    0.00    0.00
09:36:44 PM    3    0.00    0.00    0.00    0.00    0.00    0.00    0.00    0.00    0.00  100.00
09:36:44 PM    4    0.00    0.00    0.00    0.00    0.00    0.00    0.00    0.00    0.00  100.00
09:36:44 PM    5    0.00    0.00    0.00    0.00    0.00    0.00    0.00    0.00    0.00  100.00
09:36:44 PM    6    0.00    0.00    0.00    0.00    0.00    0.00    0.00    0.00    0.00  100.00
09:36:44 PM    7    0.00    0.00    0.00    0.00    0.00    0.00    0.00    0.00    0.00  100.00

09:36:44 PM  CPU    %usr   %nice    %sys %iowait    %irq   %soft  %steal  %guest  %gnice   %idle
09:36:45 PM  all    0.00    0.00   12.61    0.00    0.00   21.35    0.00    0.00    0.00   66.04
09:36:45 PM    0    0.00    0.00    0.00    0.00    0.00   71.72    0.00    0.00    0.00   28.28
09:36:45 PM    1    0.00    0.00    0.00    0.00    0.00  100.00    0.00    0.00    0.00    0.00
09:36:45 PM    2    0.00    0.00  100.00    0.00    0.00    0.00    0.00    0.00    0.00    0.00
09:36:45 PM    3    0.00    0.00    0.00    0.00    0.00    0.00    0.00    0.00    0.00  100.00
09:36:45 PM    4    0.00    0.00    0.00    0.00    0.00    0.00    0.00    0.00    0.00  100.00
09:36:45 PM    5    0.00    0.00    0.00    0.00    0.00    0.00    0.00    0.00    0.00  100.00
09:36:45 PM    6    0.00    0.00    0.00    0.00    0.00    0.00    0.00    0.00    0.00  100.00
09:36:45 PM    7    0.00    0.00    0.00    0.00    0.00    0.00    0.00    0.00    0.00  100.00

09:36:45 PM  CPU    %usr   %nice    %sys %iowait    %irq   %soft  %steal  %guest  %gnice   %idle
09:36:46 PM  all    0.00    0.00   12.52    0.00    0.00   23.78    0.00    0.00    0.00   63.70
09:36:46 PM    0    0.00    0.00    0.00    0.00    0.00  100.00    0.00    0.00    0.00    0.00
09:36:46 PM    1    0.00    0.00    0.00    0.00    0.00   91.00    0.00    0.00    0.00    9.00
09:36:46 PM    2    0.00    0.00  100.00    0.00    0.00    0.00    0.00    0.00    0.00    0.00
09:36:46 PM    3    0.00    0.00    0.00    0.00    0.00    0.00    0.00    0.00    0.00  100.00
09:36:46 PM    4    0.00    0.00    0.00    0.00    0.00    0.00    0.00    0.00    0.00  100.00
09:36:46 PM    5    0.00    0.00    0.00    0.00    0.00    0.00    0.00    0.00    0.00  100.00
09:36:46 PM    6    0.00    0.00    0.00    0.00    0.00    0.00    0.00    0.00    0.00  100.00
09:36:46 PM    7    0.00    0.00    0.00    0.00    0.00    0.00    0.00    0.00    0.00  100.00

09:36:46 PM  CPU    %usr   %nice    %sys %iowait    %irq   %soft  %steal  %guest  %gnice   %idle
09:36:47 PM  all    0.12    0.00   12.47    0.00    0.25   14.21    0.00    0.00    0.00   72.94
09:36:47 PM    0    0.00    0.00    0.00    0.00    0.99   33.66    0.00    0.00    0.00   65.35
09:36:47 PM    1    0.99    0.00    0.00    0.00    0.99   79.21    0.00    0.00    0.00   18.81
09:36:47 PM    2    0.00    0.00  100.00    0.00    0.00    0.00    0.00    0.00    0.00    0.00
09:36:47 PM    3    0.00    0.00    0.00    0.00    0.00    0.00    0.00    0.00    0.00  100.00
09:36:47 PM    4    0.00    0.00    0.00    0.00    0.00    0.00    0.00    0.00    0.00  100.00
09:36:47 PM    5    0.00    0.00    0.00    0.00    0.00    0.00    0.00    0.00    0.00  100.00
09:36:47 PM    6    0.00    0.00    0.00    0.00    0.00    0.00    0.00    0.00    0.00  100.00
09:36:47 PM    7    0.00    0.00    0.00    0.00    0.00    0.00    0.00    0.00    0.00  100.00

09:36:47 PM  CPU    %usr   %nice    %sys %iowait    %irq   %soft  %steal  %guest  %gnice   %idle
09:36:48 PM  all    0.00    0.00   12.45    0.00    0.00   15.44    0.00    0.00    0.00   72.10
09:36:48 PM    0    0.00    0.00    0.00    0.00    0.00   23.00    0.00    0.00    0.00   77.00
09:36:48 PM    1    0.00    0.00    0.00    0.00    0.00  100.00    0.00    0.00    0.00    0.00
09:36:48 PM    2    0.00    0.00  100.00    0.00    0.00    0.00    0.00    0.00    0.00    0.00
09:36:48 PM    3    0.00    0.00    0.00    0.00    0.00    0.00    0.00    0.00    0.00  100.00
09:36:48 PM    4    0.00    0.00    0.00    0.00    0.00    0.00    0.00    0.00    0.00  100.00
09:36:48 PM    5    0.00    0.00    0.00    0.00    0.00    0.00    0.00    0.00    0.00  100.00
09:36:48 PM    6    0.00    0.00    0.00    0.00    0.00    0.00    0.00    0.00    0.00  100.00
09:36:48 PM    7    0.00    0.00    0.00    0.00    0.00    0.00    0.00    0.00    0.00  100.00

09:36:48 PM  CPU    %usr   %nice    %sys %iowait    %irq   %soft  %steal  %guest  %gnice   %idle
09:36:49 PM  all    0.00    0.00   12.48    0.00    0.00   21.47    0.00    0.00    0.00   66.04
09:36:49 PM    0    0.00    0.00    0.00    0.00    0.00   73.00    0.00    0.00    0.00   27.00
09:36:49 PM    1    0.00    0.00    0.00    0.00    0.00  100.00    0.00    0.00    0.00    0.00
09:36:49 PM    2    0.00    0.00  100.00    0.00    0.00    0.00    0.00    0.00    0.00    0.00
09:36:49 PM    3    0.00    0.00    0.00    0.00    0.00    0.00    0.00    0.00    0.00  100.00
09:36:49 PM    4    0.00    0.00    0.00    0.00    0.00    0.00    0.00    0.00    0.00  100.00
09:36:49 PM    5    0.00    0.00    0.00    0.00    0.00    0.00    0.00    0.00    0.00  100.00
09:36:49 PM    6    0.00    0.00    0.00    0.00    0.00    0.00    0.00    0.00    0.00  100.00
09:36:49 PM    7    0.00    0.00    0.00    0.00    0.00    0.00    0.00    0.00    0.00  100.00

09:36:49 PM  CPU    %usr   %nice    %sys %iowait    %irq   %soft  %steal  %guest  %gnice   %idle
09:36:50 PM  all    0.00    0.00   12.61    0.00    0.12   22.35    0.00    0.00    0.00   64.92
09:36:50 PM    0    0.00    0.00    0.00    0.00    1.00   99.00    0.00    0.00    0.00    0.00
09:36:50 PM    1    0.00    0.00    0.99    0.00    0.00   79.21    0.00    0.00    0.00   19.80
09:36:50 PM    2    0.00    0.00  100.00    0.00    0.00    0.00    0.00    0.00    0.00    0.00
09:36:50 PM    3    0.00    0.00    0.00    0.00    0.00    0.00    0.00    0.00    0.00  100.00
09:36:50 PM    4    0.00    0.00    0.00    0.00    0.00    0.00    0.00    0.00    0.00  100.00
09:36:50 PM    5    0.00    0.00    0.00    0.00    0.00    0.00    0.00    0.00    0.00  100.00
09:36:50 PM    6    0.00    0.00    0.00    0.00    0.00    0.00    0.00    0.00    0.00  100.00
09:36:50 PM    7    0.00    0.00    0.00    0.00    0.00    0.00    0.00    0.00    0.00  100.00

09:36:50 PM  CPU    %usr   %nice    %sys %iowait    %irq   %soft  %steal  %guest  %gnice   %idle
09:36:51 PM  all    0.00    0.00   12.48    0.00    0.12   19.35    0.00    0.00    0.00   68.04
09:36:51 PM    0    0.00    0.00    0.00    0.00    0.00   99.00    0.00    0.00    0.00    1.00
09:36:51 PM    1    0.00    0.00    0.00    0.00    0.99   55.45    0.00    0.00    0.00   43.56
09:36:51 PM    2    0.00    0.00  100.00    0.00    0.00    0.00    0.00    0.00    0.00    0.00
09:36:51 PM    3    0.00    0.00    0.00    0.00    0.00    0.00    0.00    0.00    0.00  100.00
09:36:51 PM    4    0.00    0.00    0.00    0.00    0.00    0.00    0.00    0.00    0.00  100.00
09:36:51 PM    5    0.00    0.00    0.00    0.00    0.00    0.00    0.00    0.00    0.00  100.00
09:36:51 PM    6    0.00    0.00    0.00    0.00    0.00    0.00    0.00    0.00    0.00  100.00
09:36:51 PM    7    0.00    0.00    0.00    0.00    0.00    0.00    0.00    0.00    0.00  100.00

09:36:51 PM  CPU    %usr   %nice    %sys %iowait    %irq   %soft  %steal  %guest  %gnice   %idle
09:36:52 PM  all    0.12    0.00   12.81    0.00    0.00   18.41    0.00    0.00    0.00   68.66
09:36:52 PM    0    0.98    0.00    1.96    0.00    0.00   75.49    0.00    0.00    0.00   21.57
09:36:52 PM    1    0.00    0.00    0.00    0.00    0.00   71.72    0.00    0.00    0.00   28.28
09:36:52 PM    2    0.00    0.00  100.00    0.00    0.00    0.00    0.00    0.00    0.00    0.00
09:36:52 PM    3    0.00    0.00    0.00    0.00    0.00    0.00    0.00    0.00    0.00  100.00
09:36:52 PM    4    0.00    0.00    0.00    0.00    0.00    0.00    0.00    0.00    0.00  100.00
09:36:52 PM    5    0.00    0.00    0.00    0.00    0.00    0.00    0.00    0.00    0.00  100.00
09:36:52 PM    6    0.00    0.00    0.00    0.00    0.00    0.00    0.00    0.00    0.00  100.00
09:36:52 PM    7    0.00    0.00    0.00    0.00    0.00    0.00    0.00    0.00    0.00  100.00

09:36:52 PM  CPU    %usr   %nice    %sys %iowait    %irq   %soft  %steal  %guest  %gnice   %idle
09:36:53 PM  all    0.00    0.00   12.53    0.25    0.13   15.91    0.00    0.00    0.00   71.18
09:36:53 PM    0    0.00    0.00    0.00    2.02    1.01   34.34    0.00    0.00    0.00   62.63
09:36:53 PM    1    0.00    0.00    0.00    0.00    0.00   93.00    0.00    0.00    0.00    7.00
09:36:53 PM    2    0.00    0.00  100.00    0.00    0.00    0.00    0.00    0.00    0.00    0.00
09:36:53 PM    3    0.00    0.00    0.00    0.00    0.00    0.00    0.00    0.00    0.00  100.00
09:36:53 PM    4    0.00    0.00    0.00    0.00    0.00    0.00    0.00    0.00    0.00  100.00
09:36:53 PM    5    0.00    0.00    0.00    0.00    0.00    0.00    0.00    0.00    0.00  100.00
09:36:53 PM    6    0.00    0.00    0.00    0.00    0.00    0.00    0.00    0.00    0.00  100.00
09:36:53 PM    7    0.00    0.00    0.00    0.00    0.00    0.00    0.00    0.00    0.00  100.00

09:36:53 PM  CPU    %usr   %nice    %sys %iowait    %irq   %soft  %steal  %guest  %gnice   %idle
09:36:54 PM  all    0.00    0.00   12.47    0.00    0.00   12.59    0.00    0.00    0.00   74.94
09:36:54 PM    0    0.00    0.00    0.00    0.00    0.00  100.00    0.00    0.00    0.00    0.00
09:36:54 PM    1    0.00    0.00    0.00    0.00    0.00    0.99    0.00    0.00    0.00   99.01
09:36:54 PM    2    0.00    0.00  100.00    0.00    0.00    0.00    0.00    0.00    0.00    0.00
09:36:54 PM    3    0.00    0.00    0.00    0.00    0.00    0.00    0.00    0.00    0.00  100.00
09:36:54 PM    4    0.00    0.00    0.00    0.00    0.00    0.00    0.00    0.00    0.00  100.00
09:36:54 PM    5    0.00    0.00    0.00    0.00    0.00    0.00    0.00    0.00    0.00  100.00
09:36:54 PM    6    0.00    0.00    0.00    0.00    0.00    0.00    0.00    0.00    0.00  100.00
09:36:54 PM    7    0.00    0.00    0.00    0.00    0.00    0.00    0.00    0.00    0.00  100.00

09:36:54 PM  CPU    %usr   %nice    %sys %iowait    %irq   %soft  %steal  %guest  %gnice   %idle
09:36:55 PM  all    0.00    0.00   12.52    0.00    0.13   23.15    0.00    0.00    0.00   64.21
09:36:55 PM    0    0.00    0.00    0.00    0.00    0.00   86.87    0.00    0.00    0.00   13.13
09:36:55 PM    1    0.00    0.00    0.00    0.00    1.00   99.00    0.00    0.00    0.00    0.00
09:36:55 PM    2    0.00    0.00  100.00    0.00    0.00    0.00    0.00    0.00    0.00    0.00
09:36:55 PM    3    0.00    0.00    0.00    0.00    0.00    0.00    0.00    0.00    0.00  100.00
09:36:55 PM    4    0.00    0.00    0.00    0.00    0.00    0.00    0.00    0.00    0.00  100.00
09:36:55 PM    5    0.00    0.00    0.00    0.00    0.00    0.00    0.00    0.00    0.00  100.00
09:36:55 PM    6    0.00    0.00    0.00    0.00    0.00    0.00    0.00    0.00    0.00  100.00
09:36:55 PM    7    0.00    0.00    0.00    0.00    0.00    0.00    0.00    0.00    0.00  100.00

09:36:55 PM  CPU    %usr   %nice    %sys %iowait    %irq   %soft  %steal  %guest  %gnice   %idle
09:36:56 PM  all    0.00    0.00   12.42    0.00    0.12   22.98    0.00    0.00    0.00   64.47
09:36:56 PM    0    0.00    0.00    0.00    0.00    0.98   83.33    0.00    0.00    0.00   15.69
09:36:56 PM    1    0.00    0.00    0.00    0.00    0.00  100.00    0.00    0.00    0.00    0.00
09:36:56 PM    2    0.00    0.00  100.00    0.00    0.00    0.00    0.00    0.00    0.00    0.00
09:36:56 PM    3    0.00    0.00    0.00    0.00    0.00    0.00    0.00    0.00    0.00  100.00
09:36:56 PM    4    0.00    0.00    0.00    0.00    0.00    0.00    0.00    0.00    0.00  100.00
09:36:56 PM    5    0.00    0.00    0.00    0.00    0.00    0.00    0.00    0.00    0.00  100.00
09:36:56 PM    6    0.00    0.00    0.00    0.00    0.00    0.00    0.00    0.00    0.00  100.00
09:36:56 PM    7    0.00    0.00    0.00    0.00    0.00    0.00    0.00    0.00    0.00  100.00

09:36:56 PM  CPU    %usr   %nice    %sys %iowait    %irq   %soft  %steal  %guest  %gnice   %idle
09:36:57 PM  all    0.12    0.00   12.75    0.00    0.00   19.62    0.00    0.00    0.00   67.50
09:36:57 PM    0    1.00    0.00    2.00    0.00    0.00   74.00    0.00    0.00    0.00   23.00
09:36:57 PM    1    0.00    0.00    0.00    0.00    0.00   83.00    0.00    0.00    0.00   17.00
09:36:57 PM    2    0.00    0.00  100.00    0.00    0.00    0.00    0.00    0.00    0.00    0.00
09:36:57 PM    3    0.00    0.00    0.00    0.00    0.00    0.00    0.00    0.00    0.00  100.00
09:36:57 PM    4    0.00    0.00    0.00    0.00    0.00    0.00    0.00    0.00    0.00  100.00
09:36:57 PM    5    0.00    0.00    0.00    0.00    0.00    0.00    0.00    0.00    0.00  100.00
09:36:57 PM    6    0.00    0.00    0.00    0.00    0.00    0.00    0.00    0.00    0.00  100.00
09:36:57 PM    7    0.00    0.00    0.00    0.00    0.00    0.00    0.00    0.00    0.00  100.00

09:36:57 PM  CPU    %usr   %nice    %sys %iowait    %irq   %soft  %steal  %guest  %gnice   %idle
09:36:58 PM  all    0.00    0.00   12.52    0.00    0.00   12.52    0.00    0.00    0.00   74.97
09:36:58 PM    0    0.00    0.00    0.00    0.00    0.00  100.00    0.00    0.00    0.00    0.00
09:36:58 PM    1    0.00    0.00    0.00    0.00    0.00    0.00    0.00    0.00    0.00  100.00
09:36:58 PM    2    0.00    0.00  100.00    0.00    0.00    0.00    0.00    0.00    0.00    0.00
09:36:58 PM    3    0.00    0.00    0.00    0.00    0.00    0.00    0.00    0.00    0.00  100.00
09:36:58 PM    4    0.00    0.00    0.00    0.00    0.00    0.00    0.00    0.00    0.00  100.00
09:36:58 PM    5    0.00    0.00    0.00    0.00    0.00    0.00    0.00    0.00    0.00  100.00
09:36:58 PM    6    0.00    0.00    0.00    0.00    0.00    0.00    0.00    0.00    0.00  100.00
09:36:58 PM    7    0.00    0.00    0.00    0.00    0.00    0.00    0.00    0.00    0.00  100.00

09:36:58 PM  CPU    %usr   %nice    %sys %iowait    %irq   %soft  %steal  %guest  %gnice   %idle
09:36:59 PM  all    0.00    0.00   12.48    0.00    0.12   17.98    0.00    0.00    0.00   69.41
09:36:59 PM    0    0.00    0.00    0.00    0.00    1.00   99.00    0.00    0.00    0.00    0.00
09:36:59 PM    1    0.00    0.00    0.00    0.00    0.00   44.55    0.00    0.00    0.00   55.45
09:36:59 PM    2    0.00    0.00  100.00    0.00    0.00    0.00    0.00    0.00    0.00    0.00
09:36:59 PM    3    0.00    0.00    0.00    0.00    0.00    0.00    0.00    0.00    0.00  100.00
09:36:59 PM    4    0.00    0.00    0.00    0.00    0.00    0.00    0.00    0.00    0.00  100.00
09:36:59 PM    5    0.00    0.00    0.00    0.00    0.00    0.00    0.00    0.00    0.00  100.00
09:36:59 PM    6    0.00    0.00    0.00    0.00    0.00    0.00    0.00    0.00    0.00  100.00
09:36:59 PM    7    0.00    0.00    0.00    0.00    0.00    0.00    0.00    0.00    0.00  100.00

09:36:59 PM  CPU    %usr   %nice    %sys %iowait    %irq   %soft  %steal  %guest  %gnice   %idle
09:37:00 PM  all    0.00    0.00   12.56    0.00    0.12   20.40    0.00    0.00    0.00   66.92
09:37:00 PM    0    0.00    0.00    0.00    0.00    0.00  100.00    0.00    0.00    0.00    0.00
09:37:00 PM    1    0.00    0.00    0.00    0.00    0.99   63.37    0.00    0.00    0.00   35.64
09:37:00 PM    2    0.00    0.00  100.00    0.00    0.00    0.00    0.00    0.00    0.00    0.00
09:37:00 PM    3    0.00    0.00    0.00    0.00    0.00    0.00    0.00    0.00    0.00  100.00
09:37:00 PM    4    0.00    0.00    0.00    0.00    0.00    0.00    0.00    0.00    0.00  100.00
09:37:00 PM    5    0.00    0.00    0.00    0.00    0.00    0.00    0.00    0.00    0.00  100.00
09:37:00 PM    6    0.00    0.00    0.00    0.00    0.00    0.00    0.00    0.00    0.00  100.00
09:37:00 PM    7    0.00    0.00    0.00    0.00    0.00    0.00    0.00    0.00    0.00  100.00

09:37:00 PM  CPU    %usr   %nice    %sys %iowait    %irq   %soft  %steal  %guest  %gnice   %idle
09:37:01 PM  all    0.00    0.00   12.52    0.00    0.00   19.40    0.00    0.00    0.00   68.09
09:37:01 PM    0    0.00    0.00    0.00    0.00    0.00   77.78    0.00    0.00    0.00   22.22
09:37:01 PM    1    0.00    0.00    0.00    0.00    0.00   78.00    0.00    0.00    0.00   22.00
09:37:01 PM    2    0.00    0.00  100.00    0.00    0.00    0.00    0.00    0.00    0.00    0.00
09:37:01 PM    3    0.00    0.00    0.00    0.00    0.00    0.00    0.00    0.00    0.00  100.00
09:37:01 PM    4    0.00    0.00    0.00    0.00    0.00    0.00    0.00    0.00    0.00  100.00
09:37:01 PM    5    0.00    0.00    0.00    0.00    0.00    0.00    0.00    0.00    0.00  100.00
09:37:01 PM    6    0.00    0.00    0.00    0.00    0.00    0.00    0.00    0.00    0.00  100.00
09:37:01 PM    7    0.00    0.00    0.00    0.00    0.00    0.00    0.00    0.00    0.00  100.00

09:37:01 PM  CPU    %usr   %nice    %sys %iowait    %irq   %soft  %steal  %guest  %gnice   %idle
09:37:02 PM  all    0.00    0.00   12.53    0.00    0.12   22.08    0.00    0.00    0.00   65.26
09:37:02 PM    0    0.00    0.00    0.00    0.00    0.98   76.47    0.00    0.00    0.00   22.55
09:37:02 PM    1    0.00    0.00    0.99    0.00    0.00   99.01    0.00    0.00    0.00    0.00
09:37:02 PM    2    0.00    0.00  100.00    0.00    0.00    0.00    0.00    0.00    0.00    0.00
09:37:02 PM    3    0.00    0.00    0.00    0.00    0.00    0.00    0.00    0.00    0.00  100.00
09:37:02 PM    4    0.00    0.00    0.00    0.00    0.00    0.00    0.00    0.00    0.00  100.00
09:37:02 PM    5    0.00    0.00    0.00    0.00    0.00    0.00    0.00    0.00    0.00  100.00
09:37:02 PM    6    0.00    0.00    0.00    0.00    0.00    0.00    0.00    0.00    0.00  100.00
09:37:02 PM    7    0.00    0.00    0.00    0.00    0.00    0.00    0.00    0.00    0.00  100.00

09:37:02 PM  CPU    %usr   %nice    %sys %iowait    %irq   %soft  %steal  %guest  %gnice   %idle
09:37:03 PM  all    0.00    0.00   12.58    0.00    0.12   24.66    0.00    0.00    0.00   62.64
09:37:03 PM    0    0.00    0.00    0.00    0.00    0.00   99.00    0.00    0.00    0.00    1.00
09:37:03 PM    1    0.00    0.00    0.00    0.00    1.00   99.00    0.00    0.00    0.00    0.00
09:37:03 PM    2    0.00    0.00  100.00    0.00    0.00    0.00    0.00    0.00    0.00    0.00
09:37:03 PM    3    0.00    0.00    0.00    0.00    0.00    0.00    0.00    0.00    0.00  100.00
09:37:03 PM    4    0.00    0.00    0.00    0.00    0.00    0.00    0.00    0.00    0.00  100.00
09:37:03 PM    5    0.00    0.00    0.00    0.00    0.00    0.00    0.00    0.00    0.00  100.00
09:37:03 PM    6    0.00    0.00    0.00    0.00    0.00    0.00    0.00    0.00    0.00  100.00
09:37:03 PM    7    0.00    0.00    0.00    0.00    0.00    0.00    0.00    0.00    0.00  100.00

09:37:03 PM  CPU    %usr   %nice    %sys %iowait    %irq   %soft  %steal  %guest  %gnice   %idle
09:37:04 PM  all    0.00    0.00   12.77    0.00    0.13   21.53    0.00    0.00    0.00   65.58
09:37:04 PM    0    0.00    0.00    1.00    0.00    1.00   98.00    0.00    0.00    0.00    0.00
09:37:04 PM    1    0.00    0.00    1.01    0.00    0.00   74.75    0.00    0.00    0.00   24.24
09:37:04 PM    2    0.00    0.00  100.00    0.00    0.00    0.00    0.00    0.00    0.00    0.00
09:37:04 PM    3    0.00    0.00    0.00    0.00    0.00    0.00    0.00    0.00    0.00  100.00
09:37:04 PM    4    0.00    0.00    0.00    0.00    0.00    0.00    0.00    0.00    0.00  100.00
09:37:04 PM    5    0.00    0.00    0.00    0.00    0.00    0.00    0.00    0.00    0.00  100.00
09:37:04 PM    6    0.00    0.00    0.00    0.00    0.00    0.00    0.00    0.00    0.00  100.00
09:37:04 PM    7    0.00    0.00    0.00    0.00    0.00    0.00    0.00    0.00    0.00  100.00

09:37:04 PM  CPU    %usr   %nice    %sys %iowait    %irq   %soft  %steal  %guest  %gnice   %idle
09:37:05 PM  all    0.00    0.00   12.47    0.00    0.00   20.20    0.00    0.00    0.00   67.33
09:37:05 PM    0    0.00    0.00    0.00    0.00    0.00  100.00    0.00    0.00    0.00    0.00
09:37:05 PM    1    0.00    0.00    0.00    0.00    0.00   62.63    0.00    0.00    0.00   37.37
09:37:05 PM    2    0.00    0.00  100.00    0.00    0.00    0.00    0.00    0.00    0.00    0.00
09:37:05 PM    3    0.00    0.00    0.00    0.00    0.00    0.00    0.00    0.00    0.00  100.00
09:37:05 PM    4    0.00    0.00    0.00    0.00    0.00    0.00    0.00    0.00    0.00  100.00
09:37:05 PM    5    0.00    0.00    0.00    0.00    0.00    0.00    0.00    0.00    0.00  100.00
09:37:05 PM    6    0.00    0.00    0.00    0.00    0.00    0.00    0.00    0.00    0.00  100.00
09:37:05 PM    7    0.00    0.00    0.00    0.00    0.00    0.00    0.00    0.00    0.00  100.00

09:37:05 PM  CPU    %usr   %nice    %sys %iowait    %irq   %soft  %steal  %guest  %gnice   %idle
09:37:06 PM  all    0.00    0.00   12.48    0.00    0.12   24.97    0.00    0.00    0.00   62.42
09:37:06 PM    0    0.00    0.00    0.00    0.00    0.00  100.00    0.00    0.00    0.00    0.00
09:37:06 PM    1    0.00    0.00    0.00    0.00    0.99   99.01    0.00    0.00    0.00    0.00
09:37:06 PM    2    0.00    0.00  100.00    0.00    0.00    0.00    0.00    0.00    0.00    0.00
09:37:06 PM    3    0.00    0.00    0.00    0.00    0.00    0.00    0.00    0.00    0.00  100.00
09:37:06 PM    4    0.00    0.00    0.00    0.00    0.00    0.00    0.00    0.00    0.00  100.00
09:37:06 PM    5    0.00    0.00    0.00    0.00    0.00    0.00    0.00    0.00    0.00  100.00
09:37:06 PM    6    0.00    0.00    0.00    0.00    0.00    0.00    0.00    0.00    0.00  100.00
09:37:06 PM    7    0.00    0.00    0.00    0.00    0.00    0.00    0.00    0.00    0.00  100.00

09:37:06 PM  CPU    %usr   %nice    %sys %iowait    %irq   %soft  %steal  %guest  %gnice   %idle
09:37:07 PM  all    0.12    0.00   12.86    0.00    0.12   20.47    0.00    0.00    0.00   66.42
09:37:07 PM    0    0.99    0.00    0.99    0.00    0.99   73.27    0.00    0.00    0.00   23.76
09:37:07 PM    1    0.00    0.00    2.00    0.00    0.00   90.00    0.00    0.00    0.00    8.00
09:37:07 PM    2    0.00    0.00  100.00    0.00    0.00    0.00    0.00    0.00    0.00    0.00
09:37:07 PM    3    0.00    0.00    0.00    0.00    0.00    0.00    0.00    0.00    0.00  100.00
09:37:07 PM    4    0.00    0.00    0.00    0.00    0.00    0.00    0.00    0.00    0.00  100.00
09:37:07 PM    5    0.00    0.00    0.00    0.00    0.00    0.00    0.00    0.00    0.00  100.00
09:37:07 PM    6    0.00    0.00    0.00    0.00    0.00    0.00    0.00    0.00    0.00  100.00
09:37:07 PM    7    0.00    0.00    0.00    0.00    0.00    0.00    0.00    0.00    0.00  100.00

09:37:07 PM  CPU    %usr   %nice    %sys %iowait    %irq   %soft  %steal  %guest  %gnice   %idle
09:37:08 PM  all    0.12    0.00   12.50    0.00    0.12   22.28    0.00    0.00    0.00   64.98
09:37:08 PM    0    0.00    0.00    0.00    0.00    0.00  100.00    0.00    0.00    0.00    0.00
09:37:08 PM    1    0.98    0.00    0.00    0.00    0.98   78.43    0.00    0.00    0.00   19.61
09:37:08 PM    2    0.00    0.00  100.00    0.00    0.00    0.00    0.00    0.00    0.00    0.00
09:37:08 PM    3    0.00    0.00    0.00    0.00    0.00    0.00    0.00    0.00    0.00  100.00
09:37:08 PM    4    0.00    0.00    0.00    0.00    0.00    0.00    0.00    0.00    0.00  100.00
09:37:08 PM    5    0.00    0.00    0.00    0.00    0.00    0.00    0.00    0.00    0.00  100.00
09:37:08 PM    6    0.00    0.00    0.00    0.00    0.00    0.00    0.00    0.00    0.00  100.00
09:37:08 PM    7    0.00    0.00    0.00    0.00    0.00    0.00    0.00    0.00    0.00  100.00

09:37:08 PM  CPU    %usr   %nice    %sys %iowait    %irq   %soft  %steal  %guest  %gnice   %idle
09:37:09 PM  all    0.00    0.00   12.50    0.00    0.00   18.25    0.00    0.00    0.00   69.25
09:37:09 PM    0    0.00    0.00    0.00    0.00    0.00   73.00    0.00    0.00    0.00   27.00
09:37:09 PM    1    0.00    0.00    0.00    0.00    0.00   73.00    0.00    0.00    0.00   27.00
09:37:09 PM    2    0.00    0.00  100.00    0.00    0.00    0.00    0.00    0.00    0.00    0.00
09:37:09 PM    3    0.00    0.00    0.00    0.00    0.00    0.00    0.00    0.00    0.00  100.00
09:37:09 PM    4    0.00    0.00    0.00    0.00    0.00    0.00    0.00    0.00    0.00  100.00
09:37:09 PM    5    0.00    0.00    0.00    0.00    0.00    0.00    0.00    0.00    0.00  100.00
09:37:09 PM    6    0.00    0.00    0.00    0.00    0.00    0.00    0.00    0.00    0.00  100.00
09:37:09 PM    7    0.00    0.00    0.00    0.00    0.00    0.00    0.00    0.00    0.00  100.00

09:37:09 PM  CPU    %usr   %nice    %sys %iowait    %irq   %soft  %steal  %guest  %gnice   %idle
09:37:10 PM  all    0.00    0.00   12.48    0.00    0.12   24.97    0.00    0.00    0.00   62.42
09:37:10 PM    0    0.00    0.00    0.00    0.00    0.99   99.01    0.00    0.00    0.00    0.00
09:37:10 PM    1    0.00    0.00    0.00    0.00    0.00  100.00    0.00    0.00    0.00    0.00
09:37:10 PM    2    0.00    0.00  100.00    0.00    0.00    0.00    0.00    0.00    0.00    0.00
09:37:10 PM    3    0.00    0.00    0.00    0.00    0.00    0.00    0.00    0.00    0.00  100.00
09:37:10 PM    4    0.00    0.00    0.00    0.00    0.00    0.00    0.00    0.00    0.00  100.00
09:37:10 PM    5    0.00    0.00    0.00    0.00    0.00    0.00    0.00    0.00    0.00  100.00
09:37:10 PM    6    0.00    0.00    0.00    0.00    0.00    0.00    0.00    0.00    0.00  100.00
09:37:10 PM    7    0.00    0.00    0.00    0.00    0.00    0.00    0.00    0.00    0.00  100.00

09:37:10 PM  CPU    %usr   %nice    %sys %iowait    %irq   %soft  %steal  %guest  %gnice   %idle
09:37:11 PM  all    0.00    0.00   12.58    0.00    0.00   19.18    0.00    0.00    0.00   68.24
09:37:11 PM    0    0.00    0.00    0.00    0.00    0.00   79.00    0.00    0.00    0.00   21.00
09:37:11 PM    1    0.00    0.00    0.00    0.00    0.00   75.00    0.00    0.00    0.00   25.00
09:37:11 PM    2    0.00    0.00  100.00    0.00    0.00    0.00    0.00    0.00    0.00    0.00
09:37:11 PM    3    0.00    0.00    0.00    0.00    0.00    0.00    0.00    0.00    0.00  100.00
09:37:11 PM    4    0.00    0.00    0.00    0.00    0.00    0.00    0.00    0.00    0.00  100.00
09:37:11 PM    5    0.00    0.00    0.00    0.00    0.00    0.00    0.00    0.00    0.00  100.00
09:37:11 PM    6    0.00    0.00    0.00    0.00    0.00    0.00    0.00    0.00    0.00  100.00
09:37:11 PM    7    0.00    0.00    0.00    0.00    0.00    0.00    0.00    0.00    0.00  100.00

09:37:11 PM  CPU    %usr   %nice    %sys %iowait    %irq   %soft  %steal  %guest  %gnice   %idle
09:37:12 PM  all    0.00    0.00   12.42    0.00    0.25   17.76    0.00    0.00    0.00   69.57
09:37:12 PM    0    0.00    0.00    0.00    0.00    0.99   64.36    0.00    0.00    0.00   34.65
09:37:12 PM    1    0.00    0.00    0.00    0.00    0.99   77.23    0.00    0.00    0.00   21.78
09:37:12 PM    2    0.00    0.00  100.00    0.00    0.00    0.00    0.00    0.00    0.00    0.00
09:37:12 PM    3    0.00    0.00    0.00    0.00    0.00    0.00    0.00    0.00    0.00  100.00
09:37:12 PM    4    0.00    0.00    0.00    0.00    0.00    0.00    0.00    0.00    0.00  100.00
09:37:12 PM    5    0.00    0.00    0.00    0.00    0.00    0.00    0.00    0.00    0.00  100.00
09:37:12 PM    6    0.00    0.00    0.00    0.00    0.00    0.00    0.00    0.00    0.00  100.00
09:37:12 PM    7    0.00    0.00    0.00    0.00    0.00    0.00    0.00    0.00    0.00  100.00

09:37:12 PM  CPU    %usr   %nice    %sys %iowait    %irq   %soft  %steal  %guest  %gnice   %idle
09:37:13 PM  all    0.00    0.00   12.62    0.00    0.00   24.88    0.00    0.00    0.00   62.50
09:37:13 PM    0    0.00    0.00    0.00    0.00    0.00  100.00    0.00    0.00    0.00    0.00
09:37:13 PM    1    0.00    0.00    0.99    0.00    0.00   99.01    0.00    0.00    0.00    0.00
09:37:13 PM    2    0.00    0.00  100.00    0.00    0.00    0.00    0.00    0.00    0.00    0.00
09:37:13 PM    3    0.00    0.00    0.00    0.00    0.00    0.00    0.00    0.00    0.00  100.00
09:37:13 PM    4    0.00    0.00    0.00    0.00    0.00    0.00    0.00    0.00    0.00  100.00
09:37:13 PM    5    0.00    0.00    0.00    0.00    0.00    0.00    0.00    0.00    0.00  100.00
09:37:13 PM    6    0.00    0.00    0.00    0.00    0.00    0.00    0.00    0.00    0.00  100.00
09:37:13 PM    7    0.00    0.00    0.00    0.00    0.00    0.00    0.00    0.00    0.00  100.00

09:37:13 PM  CPU    %usr   %nice    %sys %iowait    %irq   %soft  %steal  %guest  %gnice   %idle
09:37:14 PM  all    0.00    0.00   12.59    0.00    0.00   20.45    0.00    0.00    0.00   66.96
09:37:14 PM    0    0.00    0.00    0.00    0.00    0.00  100.00    0.00    0.00    0.00    0.00
09:37:14 PM    1    0.00    0.00    0.00    0.00    0.00   64.65    0.00    0.00    0.00   35.35
09:37:14 PM    2    0.00    0.00  100.00    0.00    0.00    0.00    0.00    0.00    0.00    0.00
09:37:14 PM    3    0.00    0.00    0.00    0.00    0.00    0.00    0.00    0.00    0.00  100.00
09:37:14 PM    4    0.00    0.00    0.00    0.00    0.00    0.00    0.00    0.00    0.00  100.00
09:37:14 PM    5    0.00    0.00    0.00    0.00    0.00    0.00    0.00    0.00    0.00  100.00
09:37:14 PM    6    0.00    0.00    0.00    0.00    0.00    0.00    0.00    0.00    0.00  100.00
09:37:14 PM    7    0.00    0.00    0.00    0.00    0.00    0.00    0.00    0.00    0.00  100.00

09:37:14 PM  CPU    %usr   %nice    %sys %iowait    %irq   %soft  %steal  %guest  %gnice   %idle
09:37:15 PM  all    0.00    0.00   12.42    0.00    0.25   21.24    0.00    0.00    0.00   66.09
09:37:15 PM    0    0.00    0.00    0.00    0.00    0.99   99.01    0.00    0.00    0.00    0.00
09:37:15 PM    1    0.00    0.00    0.00    0.00    0.99   70.30    0.00    0.00    0.00   28.71
09:37:15 PM    2    0.00    0.00  100.00    0.00    0.00    0.00    0.00    0.00    0.00    0.00
09:37:15 PM    3    0.00    0.00    0.00    0.00    0.00    0.00    0.00    0.00    0.00  100.00
09:37:15 PM    4    0.00    0.00    0.00    0.00    0.00    0.00    0.00    0.00    0.00  100.00
09:37:15 PM    5    0.00    0.00    0.00    0.00    0.00    0.00    0.00    0.00    0.00  100.00
09:37:15 PM    6    0.00    0.00    0.00    0.00    0.00    0.00    0.00    0.00    0.00  100.00
09:37:15 PM    7    0.00    0.00    0.00    0.00    0.00    0.00    0.00    0.00    0.00  100.00

09:37:15 PM  CPU    %usr   %nice    %sys %iowait    %irq   %soft  %steal  %guest  %gnice   %idle
09:37:16 PM  all    0.00    0.00   12.53    0.00    0.00   13.78    0.00    0.00    0.00   73.68
09:37:16 PM    0    0.00    0.00    0.00    0.00    0.00   10.00    0.00    0.00    0.00   90.00
09:37:16 PM    1    0.00    0.00    0.00    0.00    0.00  100.00    0.00    0.00    0.00    0.00
09:37:16 PM    2    0.00    0.00  100.00    0.00    0.00    0.00    0.00    0.00    0.00    0.00
09:37:16 PM    3    0.00    0.00    0.00    0.00    0.00    0.00    0.00    0.00    0.00  100.00
09:37:16 PM    4    0.00    0.00    0.00    0.00    0.00    0.00    0.00    0.00    0.00  100.00
09:37:16 PM    5    0.00    0.00    0.00    0.00    0.00    0.00    0.00    0.00    0.00  100.00
09:37:16 PM    6    0.00    0.00    0.00    0.00    0.00    0.00    0.00    0.00    0.00  100.00
09:37:16 PM    7    0.00    0.00    0.00    0.00    0.00    0.00    0.00    0.00    0.00  100.00

09:37:16 PM  CPU    %usr   %nice    %sys %iowait    %irq   %soft  %steal  %guest  %gnice   %idle
09:37:17 PM  all    0.00    0.00   12.81    0.00    0.00   16.29    0.00    0.00    0.00   70.90
09:37:17 PM    0    0.00    0.00    1.00    0.00    0.00   53.00    0.00    0.00    0.00   46.00
09:37:17 PM    1    0.00    0.00    1.00    0.00    0.00   78.00    0.00    0.00    0.00   21.00
09:37:17 PM    2    0.00    0.00  100.00    0.00    0.00    0.00    0.00    0.00    0.00    0.00
09:37:17 PM    3    0.00    0.00    0.00    0.00    0.00    0.00    0.00    0.00    0.00  100.00
09:37:17 PM    4    0.00    0.00    0.00    0.00    0.00    0.00    0.00    0.00    0.00  100.00
09:37:17 PM    5    0.00    0.00    0.00    0.00    0.00    0.00    0.00    0.00    0.00  100.00
09:37:17 PM    6    0.00    0.00    0.00    0.00    0.00    0.00    0.00    0.00    0.00  100.00
09:37:17 PM    7    0.00    0.00    0.00    0.00    0.00    0.00    0.00    0.00    0.00  100.00

09:37:17 PM  CPU    %usr   %nice    %sys %iowait    %irq   %soft  %steal  %guest  %gnice   %idle
09:37:18 PM  all    0.00    0.00   12.58    0.00    0.12   19.93    0.00    0.00    0.00   67.37
09:37:18 PM    0    0.00    0.00    0.99    0.00    0.99   79.21    0.00    0.00    0.00   18.81
09:37:18 PM    1    0.00    0.00    0.00    0.00    0.00   80.00    0.00    0.00    0.00   20.00
09:37:18 PM    2    0.00    0.00  100.00    0.00    0.00    0.00    0.00    0.00    0.00    0.00
09:37:18 PM    3    0.00    0.00    0.00    0.00    0.00    0.00    0.00    0.00    0.00  100.00
09:37:18 PM    4    0.00    0.00    0.00    0.00    0.00    0.00    0.00    0.00    0.00  100.00
09:37:18 PM    5    0.00    0.00    0.00    0.00    0.00    0.00    0.00    0.00    0.00  100.00
09:37:18 PM    6    0.00    0.00    0.00    0.00    0.00    0.00    0.00    0.00    0.00  100.00
09:37:18 PM    7    0.00    0.00    0.00    0.00    0.00    0.00    0.00    0.00    0.00  100.00

09:37:18 PM  CPU    %usr   %nice    %sys %iowait    %irq   %soft  %steal  %guest  %gnice   %idle
09:37:19 PM  all    0.00    0.00   12.47    0.00    0.12   20.70    0.00    0.00    0.00   66.71
09:37:19 PM    0    0.00    0.00    0.00    0.00    0.00  100.00    0.00    0.00    0.00    0.00
09:37:19 PM    1    0.00    0.00    0.00    0.00    1.00   66.00    0.00    0.00    0.00   33.00
09:37:19 PM    2    0.00    0.00  100.00    0.00    0.00    0.00    0.00    0.00    0.00    0.00
09:37:19 PM    3    0.00    0.00    0.00    0.00    0.00    0.00    0.00    0.00    0.00  100.00
09:37:19 PM    4    0.00    0.00    0.00    0.00    0.00    0.00    0.00    0.00    0.00  100.00
09:37:19 PM    5    0.00    0.00    0.00    0.00    0.00    0.00    0.00    0.00    0.00  100.00
09:37:19 PM    6    0.00    0.00    0.00    0.00    0.00    0.00    0.00    0.00    0.00  100.00
09:37:19 PM    7    0.00    0.00    0.00    0.00    0.00    0.00    0.00    0.00    0.00  100.00

09:37:19 PM  CPU    %usr   %nice    %sys %iowait    %irq   %soft  %steal  %guest  %gnice   %idle
09:37:20 PM  all    0.00    0.00   12.58    0.00    0.00   24.28    0.00    0.00    0.00   63.14
09:37:20 PM    0    0.00    0.00    0.00    0.00    0.00  100.00    0.00    0.00    0.00    0.00
09:37:20 PM    1    0.00    0.00    0.00    0.00    0.00   95.00    0.00    0.00    0.00    5.00
09:37:20 PM    2    0.00    0.00  100.00    0.00    0.00    0.00    0.00    0.00    0.00    0.00
09:37:20 PM    3    0.00    0.00    0.00    0.00    0.00    0.00    0.00    0.00    0.00  100.00
09:37:20 PM    4    0.00    0.00    0.00    0.00    0.00    0.00    0.00    0.00    0.00  100.00
09:37:20 PM    5    0.00    0.00    0.00    0.00    0.00    0.00    0.00    0.00    0.00  100.00
09:37:20 PM    6    0.00    0.00    0.00    0.00    0.00    0.00    0.00    0.00    0.00  100.00
09:37:20 PM    7    0.00    0.00    0.00    0.00    0.00    0.00    0.00    0.00    0.00  100.00

09:37:20 PM  CPU    %usr   %nice    %sys %iowait    %irq   %soft  %steal  %guest  %gnice   %idle
09:37:21 PM  all    0.00    0.00   12.48    0.00    0.12   19.10    0.00    0.00    0.00   68.29
09:37:21 PM    0    0.00    0.00    0.00    0.00    0.99   80.20    0.00    0.00    0.00   18.81
09:37:21 PM    1    0.00    0.00    0.00    0.00    0.00   72.00    0.00    0.00    0.00   28.00
09:37:21 PM    2    0.00    0.00  100.00    0.00    0.00    0.00    0.00    0.00    0.00    0.00
09:37:21 PM    3    0.00    0.00    0.00    0.00    0.00    0.00    0.00    0.00    0.00  100.00
09:37:21 PM    4    0.00    0.00    0.00    0.00    0.00    0.00    0.00    0.00    0.00  100.00
09:37:21 PM    5    0.00    0.00    0.00    0.00    0.00    0.00    0.00    0.00    0.00  100.00
09:37:21 PM    6    0.00    0.00    0.00    0.00    0.00    0.00    0.00    0.00    0.00  100.00
09:37:21 PM    7    0.00    0.00    0.00    0.00    0.00    0.00    0.00    0.00    0.00  100.00

09:37:21 PM  CPU    %usr   %nice    %sys %iowait    %irq   %soft  %steal  %guest  %gnice   %idle
09:37:22 PM  all    0.00    0.00   12.44    0.00    0.12   15.67    0.00    0.00    0.00   71.77
09:37:22 PM    0    0.00    0.00    0.00    0.00    0.00   26.00    0.00    0.00    0.00   74.00
09:37:22 PM    1    0.00    0.00    0.00    0.00    0.99   99.01    0.00    0.00    0.00    0.00
09:37:22 PM    2    0.00    0.00  100.00    0.00    0.00    0.00    0.00    0.00    0.00    0.00
09:37:22 PM    3    0.00    0.00    0.00    0.00    0.00    0.00    0.00    0.00    0.00  100.00
09:37:22 PM    4    0.00    0.00    0.00    0.00    0.00    0.00    0.00    0.00    0.00  100.00
09:37:22 PM    5    0.00    0.00    0.00    0.00    0.00    0.00    0.00    0.00    0.00  100.00
09:37:22 PM    6    0.00    0.00    0.00    0.00    0.00    0.00    0.00    0.00    0.00  100.00
09:37:22 PM    7    0.00    0.00    0.00    0.00    0.00    0.00    0.00    0.00    0.00  100.00

09:37:22 PM  CPU    %usr   %nice    %sys %iowait    %irq   %soft  %steal  %guest  %gnice   %idle
09:37:23 PM  all    0.00    0.00   12.48    0.25    0.00   20.72    0.00    0.00    0.00   66.54
09:37:23 PM    0    0.00    0.00    0.00    2.00    0.00   66.00    0.00    0.00    0.00   32.00
09:37:23 PM    1    0.00    0.00    0.00    0.00    0.00  100.00    0.00    0.00    0.00    0.00
09:37:23 PM    2    0.00    0.00  100.00    0.00    0.00    0.00    0.00    0.00    0.00    0.00
09:37:23 PM    3    0.00    0.00    0.00    0.00    0.00    0.00    0.00    0.00    0.00  100.00
09:37:23 PM    4    0.00    0.00    0.00    0.00    0.00    0.00    0.00    0.00    0.00  100.00
09:37:23 PM    5    0.00    0.00    0.00    0.00    0.00    0.00    0.00    0.00    0.00  100.00
09:37:23 PM    6    0.00    0.00    0.00    0.00    0.00    0.00    0.00    0.00    0.00  100.00
09:37:23 PM    7    0.00    0.00    0.00    0.00    0.00    0.00    0.00    0.00    0.00  100.00

09:37:23 PM  CPU    %usr   %nice    %sys %iowait    %irq   %soft  %steal  %guest  %gnice   %idle
09:37:24 PM  all    0.00    0.00   12.55    0.00    0.12   19.88    0.00    0.00    0.00   67.45
09:37:24 PM    0    0.00    0.00    0.00    0.00    0.99   58.42    0.00    0.00    0.00   40.59
09:37:24 PM    1    0.00    0.00    0.00    0.00    0.00  100.00    0.00    0.00    0.00    0.00
09:37:24 PM    2    0.00    0.00  100.00    0.00    0.00    0.00    0.00    0.00    0.00    0.00
09:37:24 PM    3    0.00    0.00    0.00    0.00    0.00    0.00    0.00    0.00    0.00  100.00
09:37:24 PM    4    0.00    0.00    0.00    0.00    0.00    0.00    0.00    0.00    0.00  100.00
09:37:24 PM    5    0.00    0.00    0.00    0.00    0.00    0.00    0.00    0.00    0.00  100.00
09:37:24 PM    6    0.00    0.00    0.00    0.00    0.00    0.00    0.00    0.00    0.00  100.00
09:37:24 PM    7    0.00    0.00    0.00    0.00    0.00    0.00    0.00    0.00    0.00  100.00

09:37:24 PM  CPU    %usr   %nice    %sys %iowait    %irq   %soft  %steal  %guest  %gnice   %idle
09:37:25 PM  all    0.00    0.00   12.59    0.00    0.12   20.20    0.00    0.00    0.00   67.08
09:37:25 PM    0    0.00    0.00    1.00    0.00    0.00   63.00    0.00    0.00    0.00   36.00
09:37:25 PM    1    0.00    0.00    0.00    0.00    1.00   99.00    0.00    0.00    0.00    0.00
09:37:25 PM    2    0.00    0.00  100.00    0.00    0.00    0.00    0.00    0.00    0.00    0.00
09:37:25 PM    3    0.00    0.00    0.00    0.00    0.00    0.00    0.00    0.00    0.00  100.00
09:37:25 PM    4    0.00    0.00    0.00    0.00    0.00    0.00    0.00    0.00    0.00  100.00
09:37:25 PM    5    0.00    0.00    0.00    0.00    0.00    0.00    0.00    0.00    0.00  100.00
09:37:25 PM    6    0.00    0.00    0.00    0.00    0.00    0.00    0.00    0.00    0.00  100.00
09:37:25 PM    7    0.00    0.00    0.00    0.00    0.00    0.00    0.00    0.00    0.00  100.00

09:37:25 PM  CPU    %usr   %nice    %sys %iowait    %irq   %soft  %steal  %guest  %gnice   %idle
09:37:26 PM  all    0.00    0.00   12.69    0.00    0.00   16.67    0.00    0.00    0.00   70.65
09:37:26 PM    0    0.00    0.00    0.00    0.00    0.00  100.00    0.00    0.00    0.00    0.00
09:37:26 PM    1    0.00    0.00    0.98    0.00    0.00   33.33    0.00    0.00    0.00   65.69
09:37:26 PM    2    0.00    0.00  100.00    0.00    0.00    0.00    0.00    0.00    0.00    0.00
09:37:26 PM    3    0.00    0.00    0.00    0.00    0.00    0.00    0.00    0.00    0.00  100.00
09:37:26 PM    4    0.00    0.00    0.00    0.00    0.00    0.00    0.00    0.00    0.00  100.00
09:37:26 PM    5    0.00    0.00    0.00    0.00    0.00    0.00    0.00    0.00    0.00  100.00
09:37:26 PM    6    0.00    0.00    0.00    0.00    0.00    0.00    0.00    0.00    0.00  100.00
09:37:26 PM    7    0.00    0.00    0.00    0.00    0.00    0.00    0.00    0.00    0.00  100.00

Average:     CPU    %usr   %nice    %sys %iowait    %irq   %soft  %steal  %guest  %gnice   %idle
Average:     all    0.01    0.00   12.55    0.01    0.08   19.58    0.00    0.00    0.00   67.77
Average:       0    0.07    0.00    0.20    0.07    0.33   79.41    0.00    0.00    0.00   19.93
Average:       1    0.05    0.00    0.22    0.00    0.28   77.22    0.00    0.00    0.00   22.23
Average:       2    0.00    0.00  100.00    0.00    0.00    0.00    0.00    0.00    0.00    0.00
Average:       3    0.00    0.00    0.00    0.00    0.00    0.00    0.00    0.00    0.00  100.00
Average:       4    0.00    0.00    0.00    0.00    0.00    0.00    0.00    0.00    0.00  100.00
Average:       5    0.00    0.00    0.00    0.00    0.00    0.00    0.00    0.00    0.00  100.00
Average:       6    0.00    0.00    0.00    0.00    0.00    0.00    0.00    0.00    0.00  100.00
Average:       7    0.00    0.00    0.00    0.00    0.00    0.00    0.00    0.00    0.00  100.00
