Linux 6.12.87 (pi5-2) 	06/19/2026 	_aarch64_	(4 CPU)

10:03:06 PM  CPU    %usr   %nice    %sys %iowait    %irq   %soft  %steal  %guest  %gnice   %idle
10:03:07 PM  all    0.77    0.00    1.54    0.00    1.28   13.85    0.00    0.00    0.00   82.56
10:03:07 PM    0    0.00    0.00    0.00    0.00    2.04   19.39    0.00    0.00    0.00   78.57
10:03:07 PM    1    1.03    0.00    1.03    0.00    1.03   11.34    0.00    0.00    0.00   85.57
10:03:07 PM    2    2.08    0.00    3.12    0.00    1.04   17.71    0.00    0.00    0.00   76.04
10:03:07 PM    3    0.00    0.00    2.02    0.00    1.01    7.07    0.00    0.00    0.00   89.90

10:03:07 PM  CPU    %usr   %nice    %sys %iowait    %irq   %soft  %steal  %guest  %gnice   %idle
10:03:08 PM  all    1.03    0.00    3.08    0.00    1.28   18.72    0.00    0.00    0.00   75.90
10:03:08 PM    0    0.00    0.00    1.00    0.00    3.00   24.00    0.00    0.00    0.00   72.00
10:03:08 PM    1    1.05    0.00    4.21    0.00    1.05   20.00    0.00    0.00    0.00   73.68
10:03:08 PM    2    1.02    0.00    4.08    0.00    1.02   15.31    0.00    0.00    0.00   78.57
10:03:08 PM    3    2.06    0.00    3.09    0.00    0.00   15.46    0.00    0.00    0.00   79.38

10:03:08 PM  CPU    %usr   %nice    %sys %iowait    %irq   %soft  %steal  %guest  %gnice   %idle
10:03:09 PM  all    0.26    0.00    2.84    0.00    1.55   18.56    0.00    0.00    0.00   76.80
10:03:09 PM    0    0.00    0.00    0.00    0.00    3.06   23.47    0.00    0.00    0.00   73.47
10:03:09 PM    1    1.04    0.00    4.17    0.00    1.04   20.83    0.00    0.00    0.00   72.92
10:03:09 PM    2    0.00    0.00    3.03    0.00    1.01    9.09    0.00    0.00    0.00   86.87
10:03:09 PM    3    0.00    0.00    4.21    0.00    1.05   21.05    0.00    0.00    0.00   73.68

10:03:09 PM  CPU    %usr   %nice    %sys %iowait    %irq   %soft  %steal  %guest  %gnice   %idle
10:03:10 PM  all    0.77    0.00    3.58    0.00    1.53   18.67    0.00    0.00    0.00   75.45
10:03:10 PM    0    0.00    0.00    0.00    0.00    3.03   23.23    0.00    0.00    0.00   73.74
10:03:10 PM    1    1.04    0.00    4.17    0.00    1.04   18.75    0.00    0.00    0.00   75.00
10:03:10 PM    2    1.02    0.00    6.12    0.00    1.02   20.41    0.00    0.00    0.00   71.43
10:03:10 PM    3    1.02    0.00    4.08    0.00    1.02   12.24    0.00    0.00    0.00   81.63

10:03:10 PM  CPU    %usr   %nice    %sys %iowait    %irq   %soft  %steal  %guest  %gnice   %idle
10:03:11 PM  all    0.52    0.00    3.09    0.00    1.29   18.56    0.00    0.00    0.00   76.55
10:03:11 PM    0    0.00    0.00    0.00    0.00    3.00   23.00    0.00    0.00    0.00   74.00
10:03:11 PM    1    0.00    0.00    4.12    0.00    0.00   12.37    0.00    0.00    0.00   83.51
10:03:11 PM    2    1.09    0.00    5.43    0.00    1.09   26.09    0.00    0.00    0.00   66.30
10:03:11 PM    3    1.01    0.00    3.03    0.00    1.01   13.13    0.00    0.00    0.00   81.82

10:03:11 PM  CPU    %usr   %nice    %sys %iowait    %irq   %soft  %steal  %guest  %gnice   %idle
10:03:12 PM  all    0.77    0.00    3.09    0.00    1.03   18.81    0.00    0.00    0.00   76.29
10:03:12 PM    0    0.00    0.00    0.00    0.00    2.04   23.47    0.00    0.00    0.00   74.49
10:03:12 PM    1    1.02    0.00    3.06    0.00    1.02   13.27    0.00    0.00    0.00   81.63
10:03:12 PM    2    1.06    0.00    5.32    0.00    1.06   26.60    0.00    0.00    0.00   65.96
10:03:12 PM    3    1.02    0.00    4.08    0.00    0.00   12.24    0.00    0.00    0.00   82.65

10:03:12 PM  CPU    %usr   %nice    %sys %iowait    %irq   %soft  %steal  %guest  %gnice   %idle
10:03:13 PM  all    0.52    0.00    2.60    0.00    1.30   18.75    0.00    0.00    0.00   76.82
10:03:13 PM    0    0.00    0.00    0.00    0.00    3.06   22.45    0.00    0.00    0.00   74.49
10:03:13 PM    1    1.03    0.00    3.09    0.00    0.00   12.37    0.00    0.00    0.00   83.51
10:03:13 PM    2    1.10    0.00    3.30    0.00    1.10   27.47    0.00    0.00    0.00   67.03
10:03:13 PM    3    0.00    0.00    4.08    0.00    1.02   13.27    0.00    0.00    0.00   81.63

10:03:13 PM  CPU    %usr   %nice    %sys %iowait    %irq   %soft  %steal  %guest  %gnice   %idle
10:03:14 PM  all    0.51    0.00    3.33    0.00    1.28   18.46    0.00    0.00    0.00   76.41
10:03:14 PM    0    0.00    0.00    0.00    0.00    3.03   24.24    0.00    0.00    0.00   72.73
10:03:14 PM    1    0.00    0.00    3.12    0.00    1.04   15.62    0.00    0.00    0.00   80.21
10:03:14 PM    2    1.02    0.00    7.14    0.00    1.02   21.43    0.00    0.00    0.00   69.39
10:03:14 PM    3    1.03    0.00    3.09    0.00    0.00   12.37    0.00    0.00    0.00   83.51

10:03:14 PM  CPU    %usr   %nice    %sys %iowait    %irq   %soft  %steal  %guest  %gnice   %idle
10:03:15 PM  all    0.77    0.00    3.58    0.00    1.53   18.67    0.00    0.00    0.00   75.45
10:03:15 PM    0    0.00    0.00    0.00    0.00    3.03   23.23    0.00    0.00    0.00   73.74
10:03:15 PM    1    2.06    0.00    8.25    0.00    1.03   24.74    0.00    0.00    0.00   63.92
10:03:15 PM    2    1.03    0.00    2.06    0.00    1.03   13.40    0.00    0.00    0.00   82.47
10:03:15 PM    3    0.00    0.00    4.08    0.00    1.02   13.27    0.00    0.00    0.00   81.63

10:03:15 PM  CPU    %usr   %nice    %sys %iowait    %irq   %soft  %steal  %guest  %gnice   %idle
10:03:16 PM  all    0.51    0.00    3.33    0.00    1.54   18.97    0.00    0.00    0.00   75.64
10:03:16 PM    0    0.00    0.00    1.01    0.00    3.03   25.25    0.00    0.00    0.00   70.71
10:03:16 PM    1    0.00    0.00    2.06    0.00    1.03   13.40    0.00    0.00    0.00   83.51
10:03:16 PM    2    1.03    0.00    5.15    0.00    1.03   17.53    0.00    0.00    0.00   75.26
10:03:16 PM    3    1.03    0.00    5.15    0.00    1.03   19.59    0.00    0.00    0.00   73.20

10:03:16 PM  CPU    %usr   %nice    %sys %iowait    %irq   %soft  %steal  %guest  %gnice   %idle
10:03:17 PM  all    1.30    0.00    2.34    0.00    1.30   18.44    0.00    0.00    0.00   76.62
10:03:17 PM    0    0.00    0.00    0.00    0.00    3.03   23.23    0.00    0.00    0.00   73.74
10:03:17 PM    1    1.05    0.00    4.21    0.00    1.05   17.89    0.00    0.00    0.00   75.79
10:03:17 PM    2    2.08    0.00    1.04    0.00    0.00   12.50    0.00    0.00    0.00   84.38
10:03:17 PM    3    2.11    0.00    4.21    0.00    1.05   20.00    0.00    0.00    0.00   72.63

10:03:17 PM  CPU    %usr   %nice    %sys %iowait    %irq   %soft  %steal  %guest  %gnice   %idle
10:03:18 PM  all    0.77    0.00    2.32    0.00    1.55   19.07    0.00    0.00    0.00   76.29
10:03:18 PM    0    0.00    0.00    0.00    0.00    3.03   23.23    0.00    0.00    0.00   73.74
10:03:18 PM    1    2.11    0.00    5.26    0.00    1.05   26.32    0.00    0.00    0.00   65.26
10:03:18 PM    2    0.00    0.00    3.09    0.00    1.03   13.40    0.00    0.00    0.00   82.47
10:03:18 PM    3    1.03    0.00    1.03    0.00    1.03   13.40    0.00    0.00    0.00   83.51

10:03:18 PM  CPU    %usr   %nice    %sys %iowait    %irq   %soft  %steal  %guest  %gnice   %idle
10:03:19 PM  all    0.77    0.00    3.61    0.00    1.29   18.56    0.00    0.00    0.00   75.77
10:03:19 PM    0    1.00    0.00    0.00    0.00    3.00   23.00    0.00    0.00    0.00   73.00
10:03:19 PM    1    0.00    0.00    3.09    0.00    1.03   13.40    0.00    0.00    0.00   82.47
10:03:19 PM    2    2.13    0.00    6.38    0.00    1.06   25.53    0.00    0.00    0.00   64.89
10:03:19 PM    3    0.00    0.00    5.15    0.00    0.00   12.37    0.00    0.00    0.00   82.47

10:03:19 PM  CPU    %usr   %nice    %sys %iowait    %irq   %soft  %steal  %guest  %gnice   %idle
10:03:20 PM  all    1.03    0.00    2.82    0.00    1.54   18.46    0.00    0.00    0.00   76.15
10:03:20 PM    0    0.00    0.00    0.00    0.00    3.03   22.22    0.00    0.00    0.00   74.75
10:03:20 PM    1    2.13    0.00    5.32    0.00    1.06   25.53    0.00    0.00    0.00   65.96
10:03:20 PM    2    1.02    0.00    4.08    0.00    1.02   16.33    0.00    0.00    0.00   77.55
10:03:20 PM    3    1.01    0.00    2.02    0.00    1.01   10.10    0.00    0.00    0.00   85.86

10:03:20 PM  CPU    %usr   %nice    %sys %iowait    %irq   %soft  %steal  %guest  %gnice   %idle
10:03:21 PM  all    0.77    0.00    2.83    0.00    1.29   19.02    0.00    0.00    0.00   76.09
10:03:21 PM    0    0.00    0.00    0.00    0.00    3.03   23.23    0.00    0.00    0.00   73.74
10:03:21 PM    1    0.00    0.00    4.08    0.00    1.02   15.31    0.00    0.00    0.00   79.59
10:03:21 PM    2    3.16    0.00    4.21    0.00    1.05   24.21    0.00    0.00    0.00   67.37
10:03:21 PM    3    0.00    0.00    3.09    0.00    0.00   13.40    0.00    0.00    0.00   83.51

10:03:21 PM  CPU    %usr   %nice    %sys %iowait    %irq   %soft  %steal  %guest  %gnice   %idle
10:03:22 PM  all    0.78    0.00    2.60    0.00    1.04   18.75    0.00    0.00    0.00   76.82
10:03:22 PM    0    0.00    0.00    1.01    0.00    2.02   24.24    0.00    0.00    0.00   72.73
10:03:22 PM    1    1.05    0.00    2.11    0.00    0.00   12.63    0.00    0.00    0.00   84.21
10:03:22 PM    2    2.13    0.00    4.26    0.00    1.06   25.53    0.00    0.00    0.00   67.02
10:03:22 PM    3    0.00    0.00    3.12    0.00    1.04   12.50    0.00    0.00    0.00   83.33

10:03:22 PM  CPU    %usr   %nice    %sys %iowait    %irq   %soft  %steal  %guest  %gnice   %idle
10:03:23 PM  all    1.27    0.00    3.31    0.00    1.27   18.58    0.00    0.00    0.00   75.57
10:03:23 PM    0    0.00    0.00    0.00    0.00    3.03   23.23    0.00    0.00    0.00   73.74
10:03:23 PM    1    2.02    0.00    5.05    0.00    1.01   17.17    0.00    0.00    0.00   74.75
10:03:23 PM    2    2.08    0.00    4.17    0.00    1.04   20.83    0.00    0.00    0.00   71.88
10:03:23 PM    3    1.01    0.00    4.04    0.00    0.00   13.13    0.00    0.00    0.00   81.82

10:03:23 PM  CPU    %usr   %nice    %sys %iowait    %irq   %soft  %steal  %guest  %gnice   %idle
10:03:24 PM  all    0.26    0.00    3.61    0.00    1.55   18.56    0.00    0.00    0.00   76.03
10:03:24 PM    0    0.00    0.00    0.00    0.00    3.03   23.23    0.00    0.00    0.00   73.74
10:03:24 PM    1    0.00    0.00    5.43    0.00    1.09   27.17    0.00    0.00    0.00   66.30
10:03:24 PM    2    0.00    0.00    4.12    0.00    1.03   12.37    0.00    0.00    0.00   82.47
10:03:24 PM    3    1.00    0.00    5.00    0.00    1.00   12.00    0.00    0.00    0.00   81.00

10:03:24 PM  CPU    %usr   %nice    %sys %iowait    %irq   %soft  %steal  %guest  %gnice   %idle
10:03:25 PM  all    0.78    0.00    2.85    0.00    1.55   18.65    0.00    0.00    0.00   76.17
10:03:25 PM    0    0.00    0.00    0.00    0.00    3.06   23.47    0.00    0.00    0.00   73.47
10:03:25 PM    1    1.03    0.00    3.09    0.00    1.03   13.40    0.00    0.00    0.00   81.44
10:03:25 PM    2    2.08    0.00    6.25    0.00    1.04   23.96    0.00    0.00    0.00   66.67
10:03:25 PM    3    0.00    0.00    2.11    0.00    1.05   13.68    0.00    0.00    0.00   83.16

10:03:25 PM  CPU    %usr   %nice    %sys %iowait    %irq   %soft  %steal  %guest  %gnice   %idle
10:03:26 PM  all    0.26    0.00    4.08    0.00    1.28   18.62    0.00    0.00    0.00   75.77
10:03:26 PM    0    0.00    0.00    0.00    0.00    3.00   23.00    0.00    0.00    0.00   74.00
10:03:26 PM    1    1.05    0.00    6.32    0.00    1.05   26.32    0.00    0.00    0.00   65.26
10:03:26 PM    2    0.00    0.00    6.00    0.00    1.00   13.00    0.00    0.00    0.00   80.00
10:03:26 PM    3    0.00    0.00    4.12    0.00    0.00   12.37    0.00    0.00    0.00   83.51

10:03:26 PM  CPU    %usr   %nice    %sys %iowait    %irq   %soft  %steal  %guest  %gnice   %idle
10:03:27 PM  all    1.01    0.00    3.79    0.00    1.52   18.69    0.00    0.00    0.00   75.00
10:03:27 PM    0    0.00    0.00    0.00    0.00    3.03   23.23    0.00    0.00    0.00   73.74
10:03:27 PM    1    2.02    0.00    8.08    0.00    2.02   25.25    0.00    0.00    0.00   62.63
10:03:27 PM    2    1.02    0.00    3.06    0.00    0.00   13.27    0.00    0.00    0.00   82.65
10:03:27 PM    3    1.00    0.00    4.00    0.00    1.00   13.00    0.00    0.00    0.00   81.00

10:03:27 PM  CPU    %usr   %nice    %sys %iowait    %irq   %soft  %steal  %guest  %gnice   %idle
10:03:28 PM  all    0.78    0.00    2.34    0.00    1.30   18.70    0.00    0.00    0.00   76.88
10:03:28 PM    0    0.00    0.00    0.00    0.00    3.00   23.00    0.00    0.00    0.00   74.00
10:03:28 PM    1    0.00    0.00    3.16    0.00    0.00   15.79    0.00    0.00    0.00   81.05
10:03:28 PM    2    1.04    0.00    2.08    0.00    1.04   12.50    0.00    0.00    0.00   83.33
10:03:28 PM    3    2.13    0.00    4.26    0.00    1.06   23.40    0.00    0.00    0.00   69.15

10:03:28 PM  CPU    %usr   %nice    %sys %iowait    %irq   %soft  %steal  %guest  %gnice   %idle
10:03:29 PM  all    0.78    0.00    2.59    0.00    1.55   18.65    0.00    0.00    0.00   76.42
10:03:29 PM    0    0.00    0.00    0.00    0.00    3.06   23.47    0.00    0.00    0.00   73.47
10:03:29 PM    1    1.03    0.00    4.12    0.00    1.03   14.43    0.00    0.00    0.00   79.38
10:03:29 PM    2    1.02    0.00    2.04    0.00    1.02   10.20    0.00    0.00    0.00   85.71
10:03:29 PM    3    1.08    0.00    4.30    0.00    1.08   26.88    0.00    0.00    0.00   66.67

10:03:29 PM  CPU    %usr   %nice    %sys %iowait    %irq   %soft  %steal  %guest  %gnice   %idle
10:03:30 PM  all    0.77    0.00    3.57    0.00    1.53   18.62    0.00    0.00    0.00   75.51
10:03:30 PM    0    0.00    0.00    0.00    0.00    3.03   23.23    0.00    0.00    0.00   73.74
10:03:30 PM    1    1.01    0.00    6.06    0.00    1.01   17.17    0.00    0.00    0.00   74.75
10:03:30 PM    2    2.06    0.00    5.15    0.00    1.03   21.65    0.00    0.00    0.00   70.10
10:03:30 PM    3    0.00    0.00    3.09    0.00    1.03   12.37    0.00    0.00    0.00   83.51

10:03:30 PM  CPU    %usr   %nice    %sys %iowait    %irq   %soft  %steal  %guest  %gnice   %idle
10:03:31 PM  all    0.26    0.00    3.60    0.00    1.29   18.77    0.00    0.00    0.00   76.09
10:03:31 PM    0    0.00    0.00    1.01    0.00    3.03   27.27    0.00    0.00    0.00   68.69
10:03:31 PM    1    0.00    0.00    4.17    0.00    1.04   15.62    0.00    0.00    0.00   79.17
10:03:31 PM    2    0.00    0.00    6.25    0.00    0.00   19.79    0.00    0.00    0.00   73.96
10:03:31 PM    3    1.02    0.00    3.06    0.00    1.02   12.24    0.00    0.00    0.00   82.65

10:03:31 PM  CPU    %usr   %nice    %sys %iowait    %irq   %soft  %steal  %guest  %gnice   %idle
10:03:32 PM  all    0.77    0.00    2.83    0.00    1.03   18.77    0.00    0.00    0.00   76.61
10:03:32 PM    0    0.00    0.00    2.06    0.00    3.09   32.99    0.00    0.00    0.00   61.86
10:03:32 PM    1    1.00    0.00    5.00    0.00    0.00   13.00    0.00    0.00    0.00   81.00
10:03:32 PM    2    2.06    0.00    2.06    0.00    1.03   14.43    0.00    0.00    0.00   80.41
10:03:32 PM    3    0.00    0.00    2.11    0.00    0.00   14.74    0.00    0.00    0.00   83.16

10:03:32 PM  CPU    %usr   %nice    %sys %iowait    %irq   %soft  %steal  %guest  %gnice   %idle
10:03:33 PM  all    0.52    0.00    2.84    0.00    1.55   18.60    0.00    0.00    0.00   76.49
10:03:33 PM    0    0.00    0.00    0.00    0.00    3.06   22.45    0.00    0.00    0.00   74.49
10:03:33 PM    1    0.00    0.00    4.08    0.00    1.02   13.27    0.00    0.00    0.00   81.63
10:03:33 PM    2    1.05    0.00    3.16    0.00    1.05   20.00    0.00    0.00    0.00   74.74
10:03:33 PM    3    1.04    0.00    4.17    0.00    1.04   18.75    0.00    0.00    0.00   75.00

10:03:33 PM  CPU    %usr   %nice    %sys %iowait    %irq   %soft  %steal  %guest  %gnice   %idle
10:03:34 PM  all    0.52    0.00    3.09    0.00    1.29   18.81    0.00    0.00    0.00   76.29
10:03:34 PM    0    0.00    0.00    0.00    0.00    2.02   23.23    0.00    0.00    0.00   74.75
10:03:34 PM    1    1.02    0.00    3.06    0.00    1.02   12.24    0.00    0.00    0.00   82.65
10:03:34 PM    2    0.00    0.00    4.08    0.00    1.02   13.27    0.00    0.00    0.00   81.63
10:03:34 PM    3    1.08    0.00    5.38    0.00    1.08   26.88    0.00    0.00    0.00   65.59

10:03:34 PM  CPU    %usr   %nice    %sys %iowait    %irq   %soft  %steal  %guest  %gnice   %idle
10:03:35 PM  all    0.77    0.00    3.83    0.00    1.28   18.62    0.00    0.00    0.00   75.51
10:03:35 PM    0    0.00    0.00    0.00    0.00    3.03   23.23    0.00    0.00    0.00   73.74
10:03:35 PM    1    2.02    0.00    4.04    0.00    0.00   13.13    0.00    0.00    0.00   80.81
10:03:35 PM    2    0.00    0.00    4.12    0.00    0.00   12.37    0.00    0.00    0.00   83.51
10:03:35 PM    3    1.03    0.00    7.22    0.00    2.06   25.77    0.00    0.00    0.00   63.92

10:03:35 PM  CPU    %usr   %nice    %sys %iowait    %irq   %soft  %steal  %guest  %gnice   %idle
10:03:36 PM  all    1.03    0.00    2.32    0.00    1.55   18.56    0.00    0.00    0.00   76.55
10:03:36 PM    0    0.00    0.00    0.00    0.00    3.00   23.00    0.00    0.00    0.00   74.00
10:03:36 PM    1    1.02    0.00    3.06    0.00    1.02   12.24    0.00    0.00    0.00   82.65
10:03:36 PM    2    1.04    0.00    1.04    0.00    1.04   13.54    0.00    0.00    0.00   83.33
10:03:36 PM    3    2.13    0.00    5.32    0.00    1.06   25.53    0.00    0.00    0.00   65.96

10:03:36 PM  CPU    %usr   %nice    %sys %iowait    %irq   %soft  %steal  %guest  %gnice   %idle
10:03:37 PM  all    0.77    0.00    2.58    0.00    1.29   18.81    0.00    0.00    0.00   76.55
10:03:37 PM    0    0.00    0.00    1.01    0.00    3.03   25.25    0.00    0.00    0.00   70.71
10:03:37 PM    1    1.04    0.00    1.04    0.00    0.00   13.54    0.00    0.00    0.00   84.38
10:03:37 PM    2    1.02    0.00    3.06    0.00    1.02   12.24    0.00    0.00    0.00   82.65
10:03:37 PM    3    1.05    0.00    5.26    0.00    1.05   24.21    0.00    0.00    0.00   68.42

10:03:37 PM  CPU    %usr   %nice    %sys %iowait    %irq   %soft  %steal  %guest  %gnice   %idle
10:03:38 PM  all    0.77    0.00    3.61    0.00    1.29   18.56    0.00    0.00    0.00   75.77
10:03:38 PM    0    0.00    0.00    1.01    0.00    3.03   23.23    0.00    0.00    0.00   72.73
10:03:38 PM    1    1.03    0.00    3.09    0.00    1.03   12.37    0.00    0.00    0.00   82.47
10:03:38 PM    2    1.02    0.00    4.08    0.00    0.00   13.27    0.00    0.00    0.00   81.63
10:03:38 PM    3    1.06    0.00    6.38    0.00    1.06   25.53    0.00    0.00    0.00   65.96

10:03:38 PM  CPU    %usr   %nice    %sys %iowait    %irq   %soft  %steal  %guest  %gnice   %idle
10:03:39 PM  all    0.52    0.00    3.09    0.00    1.55   18.56    0.00    0.00    0.00   76.29
10:03:39 PM    0    0.00    0.00    0.00    0.00    3.03   22.22    0.00    0.00    0.00   74.75
10:03:39 PM    1    0.00    0.00    4.04    0.00    1.01   13.13    0.00    0.00    0.00   81.82
10:03:39 PM    2    0.00    0.00    3.12    0.00    1.04   12.50    0.00    0.00    0.00   83.33
10:03:39 PM    3    2.13    0.00    5.32    0.00    1.06   26.60    0.00    0.00    0.00   64.89

10:03:39 PM  CPU    %usr   %nice    %sys %iowait    %irq   %soft  %steal  %guest  %gnice   %idle
10:03:40 PM  all    0.76    0.00    4.06    0.00    1.52   18.53    0.00    0.00    0.00   75.13
10:03:40 PM    0    0.00    0.00    0.00    0.00    3.03   23.23    0.00    0.00    0.00   73.74
10:03:40 PM    1    1.04    0.00    3.12    0.00    0.00   12.50    0.00    0.00    0.00   83.33
10:03:40 PM    2    0.99    0.00    4.95    0.00    0.99   12.87    0.00    0.00    0.00   80.20
10:03:40 PM    3    1.02    0.00    8.16    0.00    2.04   25.51    0.00    0.00    0.00   63.27

10:03:40 PM  CPU    %usr   %nice    %sys %iowait    %irq   %soft  %steal  %guest  %gnice   %idle
10:03:41 PM  all    1.03    0.00    2.84    0.00    1.29   18.56    0.00    0.00    0.00   76.29
10:03:41 PM    0    0.00    0.00    1.00    0.00    3.00   24.00    0.00    0.00    0.00   72.00
10:03:41 PM    1    1.03    0.00    4.12    0.00    1.03   18.56    0.00    0.00    0.00   75.26
10:03:41 PM    2    1.03    0.00    4.12    0.00    0.00   12.37    0.00    0.00    0.00   82.47
10:03:41 PM    3    2.13    0.00    2.13    0.00    1.06   19.15    0.00    0.00    0.00   75.53

10:03:41 PM  CPU    %usr   %nice    %sys %iowait    %irq   %soft  %steal  %guest  %gnice   %idle
10:03:42 PM  all    1.03    0.00    2.84    0.00    1.29   19.07    0.00    0.00    0.00   75.77
10:03:42 PM    0    0.00    0.00    1.01    0.00    3.03   24.24    0.00    0.00    0.00   71.72
10:03:42 PM    1    1.06    0.00    5.32    0.00    1.06   25.53    0.00    0.00    0.00   67.02
10:03:42 PM    2    2.02    0.00    2.02    0.00    1.01   12.12    0.00    0.00    0.00   82.83
10:03:42 PM    3    1.04    0.00    3.12    0.00    0.00   14.58    0.00    0.00    0.00   81.25

10:03:42 PM  CPU    %usr   %nice    %sys %iowait    %irq   %soft  %steal  %guest  %gnice   %idle
10:03:43 PM  all    0.52    0.00    3.35    0.26    1.55   18.56    0.00    0.00    0.00   75.77
10:03:43 PM    0    0.00    0.00    0.00    0.00    3.00   23.00    0.00    0.00    0.00   74.00
10:03:43 PM    1    1.06    0.00    5.32    0.00    1.06   22.34    0.00    0.00    0.00   70.21
10:03:43 PM    2    1.04    0.00    4.17    1.04    1.04   17.71    0.00    0.00    0.00   75.00
10:03:43 PM    3    0.00    0.00    4.08    0.00    1.02   11.22    0.00    0.00    0.00   83.67

10:03:43 PM  CPU    %usr   %nice    %sys %iowait    %irq   %soft  %steal  %guest  %gnice   %idle
10:03:44 PM  all    1.02    0.00    3.32    0.26    1.53   18.37    0.00    0.00    0.00   75.51
10:03:44 PM    0    0.00    0.00    0.00    1.01    3.03   22.22    0.00    0.00    0.00   73.74
10:03:44 PM    1    1.02    0.00    7.14    0.00    2.04   22.45    0.00    0.00    0.00   67.35
10:03:44 PM    2    1.02    0.00    4.08    0.00    1.02   15.31    0.00    0.00    0.00   78.57
10:03:44 PM    3    2.06    0.00    2.06    0.00    0.00   13.40    0.00    0.00    0.00   82.47

10:03:44 PM  CPU    %usr   %nice    %sys %iowait    %irq   %soft  %steal  %guest  %gnice   %idle
10:03:45 PM  all    0.77    0.00    3.33    0.00    1.03   18.72    0.00    0.00    0.00   76.15
10:03:45 PM    0    0.00    0.00    0.00    0.00    2.04   23.47    0.00    0.00    0.00   74.49
10:03:45 PM    1    0.00    0.00    9.28    0.00    1.03   25.77    0.00    0.00    0.00   63.92
10:03:45 PM    2    2.04    0.00    2.04    0.00    0.00   13.27    0.00    0.00    0.00   82.65
10:03:45 PM    3    1.03    0.00    2.06    0.00    1.03   12.37    0.00    0.00    0.00   83.51

10:03:45 PM  CPU    %usr   %nice    %sys %iowait    %irq   %soft  %steal  %guest  %gnice   %idle
10:03:46 PM  all    1.28    0.00    3.32    0.00    1.53   18.62    0.00    0.00    0.00   75.26
10:03:46 PM    0    0.00    0.00    0.00    0.00    3.00   23.00    0.00    0.00    0.00   74.00
10:03:46 PM    1    3.12    0.00    6.25    0.00    1.04   26.04    0.00    0.00    0.00   63.54
10:03:46 PM    2    1.03    0.00    3.09    0.00    1.03   12.37    0.00    0.00    0.00   82.47
10:03:46 PM    3    1.01    0.00    4.04    0.00    1.01   13.13    0.00    0.00    0.00   80.81

10:03:46 PM  CPU    %usr   %nice    %sys %iowait    %irq   %soft  %steal  %guest  %gnice   %idle
10:03:47 PM  all    1.03    0.00    2.58    0.00    1.29   18.86    0.00    0.00    0.00   76.23
10:03:47 PM    0    1.01    0.00    0.00    0.00    3.03   23.23    0.00    0.00    0.00   72.73
10:03:47 PM    1    1.06    0.00    5.32    0.00    1.06   26.60    0.00    0.00    0.00   65.96
10:03:47 PM    2    1.03    0.00    2.06    0.00    0.00   11.34    0.00    0.00    0.00   85.57
10:03:47 PM    3    1.03    0.00    3.09    0.00    1.03   14.43    0.00    0.00    0.00   80.41

10:03:47 PM  CPU    %usr   %nice    %sys %iowait    %irq   %soft  %steal  %guest  %gnice   %idle
10:03:48 PM  all    0.78    0.00    2.33    0.00    1.29   18.86    0.00    0.00    0.00   76.74
10:03:48 PM    0    0.00    0.00    0.00    0.00    3.03   22.22    0.00    0.00    0.00   74.75
10:03:48 PM    1    2.15    0.00    5.38    0.00    1.08   27.96    0.00    0.00    0.00   63.44
10:03:48 PM    2    0.00    0.00    2.06    0.00    1.03   13.40    0.00    0.00    0.00   83.51
10:03:48 PM    3    1.02    0.00    2.04    0.00    0.00   12.24    0.00    0.00    0.00   84.69

10:03:48 PM  CPU    %usr   %nice    %sys %iowait    %irq   %soft  %steal  %guest  %gnice   %idle
10:03:49 PM  all    0.77    0.00    2.84    0.00    1.80   18.56    0.00    0.00    0.00   76.03
10:03:49 PM    0    0.00    0.00    0.00    0.00    3.03   23.23    0.00    0.00    0.00   73.74
10:03:49 PM    1    1.06    0.00    4.26    0.00    2.13   26.60    0.00    0.00    0.00   65.96
10:03:49 PM    2    1.03    0.00    3.09    0.00    1.03   12.37    0.00    0.00    0.00   82.47
10:03:49 PM    3    1.02    0.00    4.08    0.00    1.02   12.24    0.00    0.00    0.00   81.63

10:03:49 PM  CPU    %usr   %nice    %sys %iowait    %irq   %soft  %steal  %guest  %gnice   %idle
10:03:50 PM  all    0.77    0.00    4.10    0.00    1.03   18.72    0.00    0.00    0.00   75.38
10:03:50 PM    0    0.00    0.00    1.00    0.00    3.00   23.00    0.00    0.00    0.00   73.00
10:03:50 PM    1    1.04    0.00    4.17    0.00    0.00   15.62    0.00    0.00    0.00   79.17
10:03:50 PM    2    1.02    0.00    4.08    0.00    0.00   13.27    0.00    0.00    0.00   81.63
10:03:50 PM    3    1.04    0.00    7.29    0.00    1.04   22.92    0.00    0.00    0.00   67.71

10:03:50 PM  CPU    %usr   %nice    %sys %iowait    %irq   %soft  %steal  %guest  %gnice   %idle
10:03:51 PM  all    0.51    0.00    3.32    0.00    1.53   18.67    0.00    0.00    0.00   75.96
10:03:51 PM    0    0.00    0.00    0.00    0.00    3.00   23.00    0.00    0.00    0.00   74.00
10:03:51 PM    1    1.00    0.00    4.00    0.00    1.00   13.00    0.00    0.00    0.00   81.00
10:03:51 PM    2    0.00    0.00    4.08    0.00    1.02   12.24    0.00    0.00    0.00   82.65
10:03:51 PM    3    1.08    0.00    5.38    0.00    1.08   26.88    0.00    0.00    0.00   65.59

10:03:51 PM  CPU    %usr   %nice    %sys %iowait    %irq   %soft  %steal  %guest  %gnice   %idle
10:03:52 PM  all    0.52    0.00    2.84    0.00    1.55   18.60    0.00    0.00    0.00   76.49
10:03:52 PM    0    0.00    0.00    1.02    0.00    3.06   25.51    0.00    0.00    0.00   70.41
10:03:52 PM    1    0.00    0.00    2.08    0.00    1.04   11.46    0.00    0.00    0.00   85.42
10:03:52 PM    2    1.02    0.00    3.06    0.00    1.02   12.24    0.00    0.00    0.00   82.65
10:03:52 PM    3    1.05    0.00    5.26    0.00    1.05   25.26    0.00    0.00    0.00   67.37

10:03:52 PM  CPU    %usr   %nice    %sys %iowait    %irq   %soft  %steal  %guest  %gnice   %idle
10:03:53 PM  all    0.26    0.00    2.85    0.00    1.04   18.91    0.00    0.00    0.00   76.94
10:03:53 PM    0    0.00    0.00    0.00    0.00    3.03   25.25    0.00    0.00    0.00   71.72
10:03:53 PM    1    0.00    0.00    2.11    0.00    0.00   13.68    0.00    0.00    0.00   84.21
10:03:53 PM    2    0.00    0.00    2.11    0.00    0.00   12.63    0.00    0.00    0.00   85.26
10:03:53 PM    3    1.03    0.00    7.22    0.00    1.03   23.71    0.00    0.00    0.00   67.01

10:03:53 PM  CPU    %usr   %nice    %sys %iowait    %irq   %soft  %steal  %guest  %gnice   %idle
10:03:54 PM  all    0.51    0.00    3.33    0.00    1.54   18.46    0.00    0.00    0.00   76.15
10:03:54 PM    0    1.00    0.00    0.00    0.00    3.00   23.00    0.00    0.00    0.00   73.00
10:03:54 PM    1    0.00    0.00    5.05    0.00    1.01   12.12    0.00    0.00    0.00   81.82
10:03:54 PM    2    0.00    0.00    6.38    0.00    1.06   26.60    0.00    0.00    0.00   65.96
10:03:54 PM    3    1.03    0.00    2.06    0.00    1.03   12.37    0.00    0.00    0.00   83.51

10:03:54 PM  CPU    %usr   %nice    %sys %iowait    %irq   %soft  %steal  %guest  %gnice   %idle
10:03:55 PM  all    0.77    0.00    3.07    0.00    1.79   18.67    0.00    0.00    0.00   75.70
10:03:55 PM    0    0.00    0.00    0.00    0.00    3.03   22.22    0.00    0.00    0.00   74.75
10:03:55 PM    1    1.02    0.00    3.06    0.00    1.02   13.27    0.00    0.00    0.00   81.63
10:03:55 PM    2    2.06    0.00    6.19    0.00    2.06   25.77    0.00    0.00    0.00   63.92
10:03:55 PM    3    0.00    0.00    3.09    0.00    1.03   13.40    0.00    0.00    0.00   82.47

10:03:55 PM  CPU    %usr   %nice    %sys %iowait    %irq   %soft  %steal  %guest  %gnice   %idle
10:03:56 PM  all    0.78    0.00    2.85    0.00    0.78   18.65    0.00    0.00    0.00   76.94
10:03:56 PM    0    0.00    0.00    0.00    0.00    2.04   23.47    0.00    0.00    0.00   74.49
10:03:56 PM    1    0.00    0.00    3.09    0.00    0.00   13.40    0.00    0.00    0.00   83.51
10:03:56 PM    2    1.08    0.00    5.38    0.00    1.08   25.81    0.00    0.00    0.00   66.67
10:03:56 PM    3    2.04    0.00    3.06    0.00    0.00   12.24    0.00    0.00    0.00   82.65

10:03:56 PM  CPU    %usr   %nice    %sys %iowait    %irq   %soft  %steal  %guest  %gnice   %idle
10:03:57 PM  all    0.52    0.00    2.84    0.00    1.55   18.81    0.00    0.00    0.00   76.29
10:03:57 PM    0    0.00    0.00    0.00    0.00    3.03   23.23    0.00    0.00    0.00   73.74
10:03:57 PM    1    1.03    0.00    2.06    0.00    1.03   12.37    0.00    0.00    0.00   83.51
10:03:57 PM    2    1.05    0.00    6.32    0.00    1.05   26.32    0.00    0.00    0.00   65.26
10:03:57 PM    3    0.00    0.00    3.09    0.00    1.03   13.40    0.00    0.00    0.00   82.47

10:03:57 PM  CPU    %usr   %nice    %sys %iowait    %irq   %soft  %steal  %guest  %gnice   %idle
10:03:58 PM  all    0.51    0.00    3.60    0.00    1.03   18.77    0.00    0.00    0.00   76.09
10:03:58 PM    0    0.00    0.00    0.00    0.00    3.00   23.00    0.00    0.00    0.00   74.00
10:03:58 PM    1    0.00    0.00    4.12    0.00    0.00   13.40    0.00    0.00    0.00   82.47
10:03:58 PM    2    1.06    0.00    6.38    0.00    1.06   26.60    0.00    0.00    0.00   64.89
10:03:58 PM    3    1.02    0.00    4.08    0.00    0.00   12.24    0.00    0.00    0.00   82.65

10:03:58 PM  CPU    %usr   %nice    %sys %iowait    %irq   %soft  %steal  %guest  %gnice   %idle
10:03:59 PM  all    1.28    0.00    3.83    0.00    1.53   18.37    0.00    0.00    0.00   75.00
10:03:59 PM    0    0.00    0.00    0.00    0.00    3.06   22.45    0.00    0.00    0.00   74.49
10:03:59 PM    1    2.04    0.00    4.08    0.00    1.02   14.29    0.00    0.00    0.00   78.57
10:03:59 PM    2    2.06    0.00    7.22    0.00    1.03   23.71    0.00    0.00    0.00   65.98
10:03:59 PM    3    1.01    0.00    4.04    0.00    1.01   13.13    0.00    0.00    0.00   80.81

10:03:59 PM  CPU    %usr   %nice    %sys %iowait    %irq   %soft  %steal  %guest  %gnice   %idle
10:04:00 PM  all    0.26    0.00    3.09    0.00    1.55   18.81    0.00    0.00    0.00   76.29
10:04:00 PM    0    0.00    0.00    0.00    0.00    3.03   23.23    0.00    0.00    0.00   73.74
10:04:00 PM    1    1.06    0.00    6.38    0.00    1.06   26.60    0.00    0.00    0.00   64.89
10:04:00 PM    2    0.00    0.00    2.08    0.00    1.04   12.50    0.00    0.00    0.00   84.38
10:04:00 PM    3    0.00    0.00    4.04    0.00    1.01   13.13    0.00    0.00    0.00   81.82

10:04:00 PM  CPU    %usr   %nice    %sys %iowait    %irq   %soft  %steal  %guest  %gnice   %idle
10:04:01 PM  all    1.02    0.00    3.32    0.00    1.28   18.88    0.00    0.00    0.00   75.51
10:04:01 PM    0    0.00    0.00    0.00    0.00    3.00   23.00    0.00    0.00    0.00   74.00
10:04:01 PM    1    1.05    0.00    6.32    0.00    1.05   27.37    0.00    0.00    0.00   64.21
10:04:01 PM    2    1.98    0.00    3.96    0.00    0.99   12.87    0.00    0.00    0.00   80.20
10:04:01 PM    3    1.04    0.00    3.12    0.00    0.00   12.50    0.00    0.00    0.00   83.33

10:04:01 PM  CPU    %usr   %nice    %sys %iowait    %irq   %soft  %steal  %guest  %gnice   %idle
10:04:02 PM  all    0.51    0.00    3.08    0.00    1.54   18.72    0.00    0.00    0.00   76.15
10:04:02 PM    0    0.00    0.00    0.00    0.00    3.03   23.23    0.00    0.00    0.00   73.74
10:04:02 PM    1    2.08    0.00    5.21    0.00    2.08   26.04    0.00    0.00    0.00   64.58
10:04:02 PM    2    0.00    0.00    3.12    0.00    0.00   12.50    0.00    0.00    0.00   84.38
10:04:02 PM    3    0.00    0.00    4.04    0.00    1.01   13.13    0.00    0.00    0.00   81.82

10:04:02 PM  CPU    %usr   %nice    %sys %iowait    %irq   %soft  %steal  %guest  %gnice   %idle
10:04:03 PM  all    0.78    0.00    2.58    0.00    1.55   18.35    0.00    0.00    0.00   76.74
10:04:03 PM    0    0.00    0.00    0.00    0.00    3.03   22.22    0.00    0.00    0.00   74.75
10:04:03 PM    1    1.08    0.00    5.38    0.00    1.08   26.88    0.00    0.00    0.00   65.59
10:04:03 PM    2    2.02    0.00    3.03    0.00    1.01   12.12    0.00    0.00    0.00   81.82
10:04:03 PM    3    0.00    0.00    2.08    0.00    1.04   12.50    0.00    0.00    0.00   84.38

10:04:03 PM  CPU    %usr   %nice    %sys %iowait    %irq   %soft  %steal  %guest  %gnice   %idle
10:04:04 PM  all    0.52    0.00    2.86    0.00    1.30   18.70    0.00    0.00    0.00   76.62
10:04:04 PM    0    0.00    0.00    0.00    0.00    3.03   23.23    0.00    0.00    0.00   73.74
10:04:04 PM    1    1.06    0.00    4.26    0.00    1.06   21.28    0.00    0.00    0.00   72.34
10:04:04 PM    2    0.00    0.00    4.08    0.00    1.02   12.24    0.00    0.00    0.00   82.65
10:04:04 PM    3    1.06    0.00    3.19    0.00    0.00   18.09    0.00    0.00    0.00   77.66

10:04:04 PM  CPU    %usr   %nice    %sys %iowait    %irq   %soft  %steal  %guest  %gnice   %idle
10:04:05 PM  all    1.03    0.00    2.84    0.00    1.55   19.07    0.00    0.00    0.00   75.52
10:04:05 PM    0    0.00    0.00    1.00    0.00    3.00   23.00    0.00    0.00    0.00   73.00
10:04:05 PM    1    1.06    0.00    3.19    0.00    1.06   22.34    0.00    0.00    0.00   72.34
10:04:05 PM    2    2.06    0.00    4.12    0.00    1.03   17.53    0.00    0.00    0.00   75.26
10:04:05 PM    3    1.03    0.00    3.09    0.00    1.03   13.40    0.00    0.00    0.00   81.44

10:04:05 PM  CPU    %usr   %nice    %sys %iowait    %irq   %soft  %steal  %guest  %gnice   %idle
10:04:06 PM  all    0.51    0.00    3.34    0.00    1.29   18.77    0.00    0.00    0.00   76.09
10:04:06 PM    0    0.00    0.00    0.00    0.00    2.04   23.47    0.00    0.00    0.00   74.49
10:04:06 PM    1    1.03    0.00    3.09    0.00    1.03   12.37    0.00    0.00    0.00   82.47
10:04:06 PM    2    1.05    0.00    6.32    0.00    1.05   26.32    0.00    0.00    0.00   65.26
10:04:06 PM    3    0.00    0.00    4.04    0.00    1.01   13.13    0.00    0.00    0.00   81.82

Average:     CPU    %usr   %nice    %sys %iowait    %irq   %soft  %steal  %guest  %gnice   %idle
Average:     all    0.73    0.00    3.09    0.01    1.38   18.60    0.00    0.00    0.00   76.20
Average:       0    0.05    0.00    0.22    0.02    2.91   23.45    0.00    0.00    0.00   73.35
Average:       1    0.95    0.00    4.29    0.00    0.90   17.91    0.00    0.00    0.00   75.95
Average:       2    1.07    0.00    4.02    0.02    0.86   16.86    0.00    0.00    0.00   77.18
Average:       3    0.86    0.00    3.89    0.00    0.81   16.07    0.00    0.00    0.00   78.37
