Linux 6.12.87 (pi5-2) 	06/18/2026 	_aarch64_	(4 CPU)

07:59:34 PM  CPU    %usr   %nice    %sys %iowait    %irq   %soft  %steal  %guest  %gnice   %idle
07:59:35 PM  all    0.00    0.00    1.00    0.00    1.00    4.51    0.00    0.00    0.00   93.48
07:59:35 PM    0    0.00    0.00    0.00    0.00    3.06   18.37    0.00    0.00    0.00   78.57
07:59:35 PM    1    0.00    0.00    1.00    0.00    0.00    0.00    0.00    0.00    0.00   99.00
07:59:35 PM    2    0.00    0.00    0.00    0.00    0.00    0.00    0.00    0.00    0.00  100.00
07:59:35 PM    3    0.00    0.00    2.94    0.00    0.98    0.00    0.00    0.00    0.00   96.08

07:59:35 PM  CPU    %usr   %nice    %sys %iowait    %irq   %soft  %steal  %guest  %gnice   %idle
07:59:36 PM  all    0.00    0.00    1.75    0.00    1.25    5.76    0.00    0.00    0.00   91.23
07:59:36 PM    0    0.00    0.00    0.00    0.00    5.05   23.23    0.00    0.00    0.00   71.72
07:59:36 PM    1    0.00    0.00    2.00    0.00    0.00    0.00    0.00    0.00    0.00   98.00
07:59:36 PM    2    0.00    0.00    2.00    0.00    0.00    0.00    0.00    0.00    0.00   98.00
07:59:36 PM    3    0.00    0.00    3.00    0.00    0.00    0.00    0.00    0.00    0.00   97.00

07:59:36 PM  CPU    %usr   %nice    %sys %iowait    %irq   %soft  %steal  %guest  %gnice   %idle
07:59:37 PM  all    0.25    0.00    0.75    0.25    1.26    5.78    0.00    0.00    0.00   91.71
07:59:37 PM    0    0.00    0.00    1.00    0.00    5.00   23.00    0.00    0.00    0.00   71.00
07:59:37 PM    1    0.00    0.00    0.00    0.00    0.00    0.00    0.00    0.00    0.00  100.00
07:59:37 PM    2    1.00    0.00    0.00    1.00    0.00    0.00    0.00    0.00    0.00   98.00
07:59:37 PM    3    0.00    0.00    2.02    0.00    0.00    0.00    0.00    0.00    0.00   97.98

07:59:37 PM  CPU    %usr   %nice    %sys %iowait    %irq   %soft  %steal  %guest  %gnice   %idle
07:59:38 PM  all    0.00    0.00    1.01    0.00    1.26    6.03    0.00    0.00    0.00   91.71
07:59:38 PM    0    0.00    0.00    0.00    0.00    4.04   24.24    0.00    0.00    0.00   71.72
07:59:38 PM    1    0.00    0.00    0.00    0.00    0.00    0.00    0.00    0.00    0.00  100.00
07:59:38 PM    2    0.00    0.00    2.00    0.00    0.00    0.00    0.00    0.00    0.00   98.00
07:59:38 PM    3    0.00    0.00    1.98    0.00    0.99    0.00    0.00    0.00    0.00   97.03

07:59:38 PM  CPU    %usr   %nice    %sys %iowait    %irq   %soft  %steal  %guest  %gnice   %idle
07:59:39 PM  all    0.00    0.00    0.50    0.00    1.51    5.79    0.00    0.00    0.00   92.19
07:59:39 PM    0    0.00    0.00    0.00    0.00    5.05   23.23    0.00    0.00    0.00   71.72
07:59:39 PM    1    0.00    0.00    0.99    0.00    0.99    0.00    0.00    0.00    0.00   98.02
07:59:39 PM    2    0.00    0.00    0.00    0.00    0.00    0.00    0.00    0.00    0.00  100.00
07:59:39 PM    3    0.00    0.00    1.02    0.00    0.00    0.00    0.00    0.00    0.00   98.98

07:59:39 PM  CPU    %usr   %nice    %sys %iowait    %irq   %soft  %steal  %guest  %gnice   %idle
07:59:40 PM  all    0.00    0.00    1.26    0.76    1.51    6.05    0.00    0.00    0.00   90.43
07:59:40 PM    0    0.00    0.00    1.00    0.00    5.00   24.00    0.00    0.00    0.00   70.00
07:59:40 PM    1    0.00    0.00    1.01    0.00    0.00    0.00    0.00    0.00    0.00   98.99
07:59:40 PM    2    0.00    0.00    1.01    2.02    1.01    0.00    0.00    0.00    0.00   95.96
07:59:40 PM    3    0.00    0.00    2.02    1.01    0.00    0.00    0.00    0.00    0.00   96.97

07:59:40 PM  CPU    %usr   %nice    %sys %iowait    %irq   %soft  %steal  %guest  %gnice   %idle
07:59:41 PM  all    0.00    0.00    1.26    0.00    1.01    5.81    0.00    0.00    0.00   91.92
07:59:41 PM    0    0.00    0.00    0.00    0.00    4.12   23.71    0.00    0.00    0.00   72.16
07:59:41 PM    1    0.00    0.00    0.00    0.00    0.00    0.00    0.00    0.00    0.00  100.00
07:59:41 PM    2    0.00    0.00    2.97    0.00    0.00    0.00    0.00    0.00    0.00   97.03
07:59:41 PM    3    0.00    0.00    2.02    0.00    0.00    0.00    0.00    0.00    0.00   97.98

07:59:41 PM  CPU    %usr   %nice    %sys %iowait    %irq   %soft  %steal  %guest  %gnice   %idle
07:59:42 PM  all    0.00    0.00    0.75    0.00    1.51    5.78    0.00    0.00    0.00   91.96
07:59:42 PM    0    0.00    0.00    0.00    0.00    5.05   23.23    0.00    0.00    0.00   71.72
07:59:42 PM    1    0.00    0.00    0.00    0.00    0.00    0.00    0.00    0.00    0.00  100.00
07:59:42 PM    2    0.00    0.00    2.02    0.00    0.00    0.00    0.00    0.00    0.00   97.98
07:59:42 PM    3    0.00    0.00    1.00    0.00    1.00    0.00    0.00    0.00    0.00   98.00

07:59:42 PM  CPU    %usr   %nice    %sys %iowait    %irq   %soft  %steal  %guest  %gnice   %idle
07:59:43 PM  all    0.00    0.00    1.01    0.00    1.26    6.05    0.00    0.00    0.00   91.69
07:59:43 PM    0    0.00    0.00    0.00    0.00    5.00   24.00    0.00    0.00    0.00   71.00
07:59:43 PM    1    0.00    0.00    0.00    0.00    0.00    0.00    0.00    0.00    0.00  100.00
07:59:43 PM    2    0.00    0.00    2.02    0.00    0.00    0.00    0.00    0.00    0.00   97.98
07:59:43 PM    3    0.00    0.00    2.02    0.00    0.00    0.00    0.00    0.00    0.00   97.98

07:59:43 PM  CPU    %usr   %nice    %sys %iowait    %irq   %soft  %steal  %guest  %gnice   %idle
07:59:44 PM  all    0.75    0.00    0.75    0.00    1.25    6.00    0.00    0.00    0.00   91.25
07:59:44 PM    0    1.01    0.00    0.00    0.00    4.04   23.23    0.00    0.00    0.00   71.72
07:59:44 PM    1    0.99    0.00    0.00    0.00    0.00    0.00    0.00    0.00    0.00   99.01
07:59:44 PM    2    0.00    0.00    1.01    0.00    1.01    0.00    0.00    0.00    0.00   97.98
07:59:44 PM    3    0.99    0.00    1.98    0.00    0.00    0.99    0.00    0.00    0.00   96.04

07:59:44 PM  CPU    %usr   %nice    %sys %iowait    %irq   %soft  %steal  %guest  %gnice   %idle
07:59:45 PM  all    0.00    0.00    0.76    0.76    1.26    6.05    0.00    0.00    0.00   91.18
07:59:45 PM    0    0.00    0.00    0.00    0.00    5.00   24.00    0.00    0.00    0.00   71.00
07:59:45 PM    1    0.00    0.00    0.00    0.00    0.00    0.00    0.00    0.00    0.00  100.00
07:59:45 PM    2    0.00    0.00    1.02    3.06    0.00    0.00    0.00    0.00    0.00   95.92
07:59:45 PM    3    0.00    0.00    2.02    0.00    0.00    0.00    0.00    0.00    0.00   97.98

07:59:45 PM  CPU    %usr   %nice    %sys %iowait    %irq   %soft  %steal  %guest  %gnice   %idle
07:59:46 PM  all    0.00    0.00    0.76    0.00    1.52    5.82    0.00    0.00    0.00   91.90
07:59:46 PM    0    0.00    0.00    0.00    0.00    5.10   23.47    0.00    0.00    0.00   71.43
07:59:46 PM    1    0.00    0.00    0.00    0.00    0.00    0.00    0.00    0.00    0.00  100.00
07:59:46 PM    2    0.00    0.00    1.02    0.00    0.00    0.00    0.00    0.00    0.00   98.98
07:59:46 PM    3    0.00    0.00    2.00    0.00    1.00    0.00    0.00    0.00    0.00   97.00

07:59:46 PM  CPU    %usr   %nice    %sys %iowait    %irq   %soft  %steal  %guest  %gnice   %idle
07:59:47 PM  all    0.50    0.00    1.25    0.00    1.25    5.99    0.00    0.00    0.00   91.02
07:59:47 PM    0    0.00    0.00    1.00    0.00    4.00   24.00    0.00    0.00    0.00   71.00
07:59:47 PM    1    0.98    0.00    0.98    0.00    0.00    0.00    0.00    0.00    0.00   98.04
07:59:47 PM    2    0.99    0.00    1.98    0.00    0.99    0.00    0.00    0.00    0.00   96.04
07:59:47 PM    3    0.00    0.00    1.02    0.00    0.00    0.00    0.00    0.00    0.00   98.98

07:59:47 PM  CPU    %usr   %nice    %sys %iowait    %irq   %soft  %steal  %guest  %gnice   %idle
07:59:48 PM  all    0.00    0.00    0.76    0.00    1.26    5.81    0.00    0.00    0.00   92.17
07:59:48 PM    0    0.00    0.00    0.00    0.00    5.05   23.23    0.00    0.00    0.00   71.72
07:59:48 PM    1    0.00    0.00    0.00    0.00    0.00    0.00    0.00    0.00    0.00  100.00
07:59:48 PM    2    0.00    0.00    1.02    0.00    0.00    0.00    0.00    0.00    0.00   98.98
07:59:48 PM    3    0.00    0.00    2.00    0.00    0.00    0.00    0.00    0.00    0.00   98.00

07:59:48 PM  CPU    %usr   %nice    %sys %iowait    %irq   %soft  %steal  %guest  %gnice   %idle
07:59:49 PM  all    0.00    0.00    1.00    0.00    1.50    5.76    0.00    0.00    0.00   91.73
07:59:49 PM    0    0.00    0.00    0.00    0.00    5.05   23.23    0.00    0.00    0.00   71.72
07:59:49 PM    1    0.00    0.00    0.00    0.00    0.00    0.00    0.00    0.00    0.00  100.00
07:59:49 PM    2    0.00    0.00    2.00    0.00    0.00    0.00    0.00    0.00    0.00   98.00
07:59:49 PM    3    0.00    0.00    2.00    0.00    1.00    0.00    0.00    0.00    0.00   97.00

07:59:49 PM  CPU    %usr   %nice    %sys %iowait    %irq   %soft  %steal  %guest  %gnice   %idle
07:59:50 PM  all    0.00    0.00    0.76    0.00    1.01    6.05    0.00    0.00    0.00   92.19
07:59:50 PM    0    0.00    0.00    0.00    0.00    4.04   24.24    0.00    0.00    0.00   71.72
07:59:50 PM    1    0.00    0.00    0.00    0.00    0.00    0.00    0.00    0.00    0.00  100.00
07:59:50 PM    2    0.00    0.00    2.02    0.00    0.00    0.00    0.00    0.00    0.00   97.98
07:59:50 PM    3    0.00    0.00    1.01    0.00    0.00    0.00    0.00    0.00    0.00   98.99

07:59:50 PM  CPU    %usr   %nice    %sys %iowait    %irq   %soft  %steal  %guest  %gnice   %idle
07:59:51 PM  all    0.00    0.00    1.01    0.00    1.51    5.78    0.00    0.00    0.00   91.71
07:59:51 PM    0    0.00    0.00    0.00    0.00    5.05   23.23    0.00    0.00    0.00   71.72
07:59:51 PM    1    0.00    0.00    0.00    0.00    0.00    0.00    0.00    0.00    0.00  100.00
07:59:51 PM    2    0.00    0.00    2.00    0.00    1.00    0.00    0.00    0.00    0.00   97.00
07:59:51 PM    3    0.00    0.00    2.02    0.00    0.00    0.00    0.00    0.00    0.00   97.98

07:59:51 PM  CPU    %usr   %nice    %sys %iowait    %irq   %soft  %steal  %guest  %gnice   %idle
07:59:52 PM  all    0.00    0.00    0.00    0.00    1.27    5.82    0.00    0.00    0.00   92.91
07:59:52 PM    0    0.00    0.00    0.00    0.00    5.05   23.23    0.00    0.00    0.00   71.72
07:59:52 PM    1    0.00    0.00    0.00    0.00    0.00    0.00    0.00    0.00    0.00  100.00
07:59:52 PM    2    0.00    0.00    0.00    0.00    0.00    0.00    0.00    0.00    0.00  100.00
07:59:52 PM    3    0.00    0.00    0.00    0.00    0.00    0.00    0.00    0.00    0.00  100.00

07:59:52 PM  CPU    %usr   %nice    %sys %iowait    %irq   %soft  %steal  %guest  %gnice   %idle
07:59:53 PM  all    0.00    0.00    1.01    0.00    1.26    5.79    0.00    0.00    0.00   91.94
07:59:53 PM    0    0.00    0.00    0.00    0.00    4.08   23.47    0.00    0.00    0.00   72.45
07:59:53 PM    1    0.00    0.00    0.00    0.00    0.00    0.00    0.00    0.00    0.00  100.00
07:59:53 PM    2    0.00    0.00    2.02    0.00    0.00    0.00    0.00    0.00    0.00   97.98
07:59:53 PM    3    0.00    0.00    2.00    0.00    1.00    0.00    0.00    0.00    0.00   97.00

07:59:53 PM  CPU    %usr   %nice    %sys %iowait    %irq   %soft  %steal  %guest  %gnice   %idle
07:59:54 PM  all    0.00    0.00    1.25    0.00    1.25    6.27    0.00    0.00    0.00   91.23
07:59:54 PM    0    0.00    0.00    0.99    0.00    4.95   23.76    0.00    0.00    0.00   70.30
07:59:54 PM    1    0.00    0.00    0.00    0.00    0.00    0.00    0.00    0.00    0.00  100.00
07:59:54 PM    2    0.00    0.00    2.00    0.00    0.00    1.00    0.00    0.00    0.00   97.00
07:59:54 PM    3    0.00    0.00    2.02    0.00    0.00    0.00    0.00    0.00    0.00   97.98

07:59:54 PM  CPU    %usr   %nice    %sys %iowait    %irq   %soft  %steal  %guest  %gnice   %idle
07:59:55 PM  all    0.00    0.00    0.51    0.00    1.52    5.82    0.00    0.00    0.00   92.15
07:59:55 PM    0    0.00    0.00    0.00    0.00    5.10   23.47    0.00    0.00    0.00   71.43
07:59:55 PM    1    0.00    0.00    1.01    0.00    0.00    0.00    0.00    0.00    0.00   98.99
07:59:55 PM    2    0.00    0.00    1.01    0.00    1.01    0.00    0.00    0.00    0.00   97.98
07:59:55 PM    3    0.00    0.00    0.00    0.00    0.00    0.00    0.00    0.00    0.00  100.00

07:59:55 PM  CPU    %usr   %nice    %sys %iowait    %irq   %soft  %steal  %guest  %gnice   %idle
07:59:56 PM  all    0.00    0.00    1.25    0.00    1.00    6.00    0.00    0.00    0.00   91.75
07:59:56 PM    0    0.00    0.00    0.00    0.00    4.04   24.24    0.00    0.00    0.00   71.72
07:59:56 PM    1    0.00    0.00    1.00    0.00    0.00    0.00    0.00    0.00    0.00   99.00
07:59:56 PM    2    0.00    0.00    2.97    0.00    0.00    0.00    0.00    0.00    0.00   97.03
07:59:56 PM    3    0.00    0.00    1.00    0.00    0.00    0.00    0.00    0.00    0.00   99.00

07:59:56 PM  CPU    %usr   %nice    %sys %iowait    %irq   %soft  %steal  %guest  %gnice   %idle
07:59:57 PM  all    0.00    0.00    0.50    0.25    1.51    5.79    0.00    0.00    0.00   91.94
07:59:57 PM    0    0.00    0.00    0.00    0.00    5.05   23.23    0.00    0.00    0.00   71.72
07:59:57 PM    1    0.00    0.00    0.00    0.00    1.00    0.00    0.00    0.00    0.00   99.00
07:59:57 PM    2    0.00    0.00    1.02    0.00    0.00    0.00    0.00    0.00    0.00   98.98
07:59:57 PM    3    0.00    0.00    1.00    1.00    0.00    0.00    0.00    0.00    0.00   98.00

07:59:57 PM  CPU    %usr   %nice    %sys %iowait    %irq   %soft  %steal  %guest  %gnice   %idle
07:59:58 PM  all    0.00    0.00    0.75    0.00    1.51    6.03    0.00    0.00    0.00   91.71
07:59:58 PM    0    0.00    0.00    0.00    0.00    5.00   24.00    0.00    0.00    0.00   71.00
07:59:58 PM    1    0.00    0.00    1.01    0.00    0.00    0.00    0.00    0.00    0.00   98.99
07:59:58 PM    2    0.00    0.00    2.02    0.00    0.00    0.00    0.00    0.00    0.00   97.98
07:59:58 PM    3    0.00    0.00    0.00    0.00    1.00    0.00    0.00    0.00    0.00   99.00

07:59:58 PM  CPU    %usr   %nice    %sys %iowait    %irq   %soft  %steal  %guest  %gnice   %idle
07:59:59 PM  all    0.00    0.00    1.00    0.00    1.25    5.76    0.00    0.00    0.00   91.98
07:59:59 PM    0    0.00    0.00    0.00    0.00    4.08   23.47    0.00    0.00    0.00   72.45
07:59:59 PM    1    0.00    0.00    1.00    0.00    0.00    0.00    0.00    0.00    0.00   99.00
07:59:59 PM    2    0.00    0.00    1.98    0.00    0.99    0.00    0.00    0.00    0.00   97.03
07:59:59 PM    3    0.00    0.00    1.00    0.00    0.00    0.00    0.00    0.00    0.00   99.00

07:59:59 PM  CPU    %usr   %nice    %sys %iowait    %irq   %soft  %steal  %guest  %gnice   %idle
08:00:00 PM  all    0.00    0.00    0.76    0.00    1.27    6.08    0.00    0.00    0.00   91.90
08:00:00 PM    0    0.00    0.00    0.00    0.00    5.05   24.24    0.00    0.00    0.00   70.71
08:00:00 PM    1    0.00    0.00    1.01    0.00    0.00    0.00    0.00    0.00    0.00   98.99
08:00:00 PM    2    0.00    0.00    1.01    0.00    0.00    0.00    0.00    0.00    0.00   98.99
08:00:00 PM    3    0.00    0.00    1.02    0.00    0.00    0.00    0.00    0.00    0.00   98.98

08:00:00 PM  CPU    %usr   %nice    %sys %iowait    %irq   %soft  %steal  %guest  %gnice   %idle
08:00:01 PM  all    0.00    0.00    0.75    0.00    1.26    5.78    0.00    0.00    0.00   92.21
08:00:01 PM    0    0.00    0.00    0.00    0.00    5.05   23.23    0.00    0.00    0.00   71.72
08:00:01 PM    1    0.00    0.00    1.00    0.00    0.00    0.00    0.00    0.00    0.00   99.00
08:00:01 PM    2    0.00    0.00    1.00    0.00    0.00    0.00    0.00    0.00    0.00   99.00
08:00:01 PM    3    0.00    0.00    1.01    0.00    0.00    0.00    0.00    0.00    0.00   98.99

08:00:01 PM  CPU    %usr   %nice    %sys %iowait    %irq   %soft  %steal  %guest  %gnice   %idle
08:00:02 PM  all    0.00    0.00    1.26    0.00    1.51    6.05    0.00    0.00    0.00   91.18
08:00:02 PM    0    0.00    0.00    0.00    0.00    5.05   24.24    0.00    0.00    0.00   70.71
08:00:02 PM    1    0.00    0.00    2.02    0.00    0.00    0.00    0.00    0.00    0.00   97.98
08:00:02 PM    2    0.00    0.00    1.01    0.00    0.00    0.00    0.00    0.00    0.00   98.99
08:00:02 PM    3    0.00    0.00    2.00    0.00    1.00    0.00    0.00    0.00    0.00   97.00

08:00:02 PM  CPU    %usr   %nice    %sys %iowait    %irq   %soft  %steal  %guest  %gnice   %idle
08:00:03 PM  all    0.00    0.00    0.76    0.00    1.26    5.79    0.00    0.00    0.00   92.19
08:00:03 PM    0    0.00    0.00    0.00    0.00    4.08   23.47    0.00    0.00    0.00   72.45
08:00:03 PM    1    0.00    0.00    1.00    0.00    1.00    0.00    0.00    0.00    0.00   98.00
08:00:03 PM    2    0.00    0.00    1.01    0.00    0.00    0.00    0.00    0.00    0.00   98.99
08:00:03 PM    3    0.00    0.00    1.00    0.00    0.00    0.00    0.00    0.00    0.00   99.00

08:00:03 PM  CPU    %usr   %nice    %sys %iowait    %irq   %soft  %steal  %guest  %gnice   %idle
08:00:04 PM  all    1.00    0.50    1.75    0.00    1.50    6.23    0.00    0.00    0.00   89.03
08:00:04 PM    0    0.00    0.00    1.00    0.00    5.00   24.00    0.00    0.00    0.00   70.00
08:00:04 PM    1    2.00    0.00    2.00    0.00    0.00    1.00    0.00    0.00    0.00   95.00
08:00:04 PM    2    0.00    0.00    1.00    0.00    1.00    0.00    0.00    0.00    0.00   98.00
08:00:04 PM    3    1.98    1.98    2.97    0.00    0.00    0.00    0.00    0.00    0.00   93.07

08:00:04 PM  CPU    %usr   %nice    %sys %iowait    %irq   %soft  %steal  %guest  %gnice   %idle
08:00:05 PM  all    0.25    0.00    0.76    0.00    1.26    5.79    0.00    0.00    0.00   91.94
08:00:05 PM    0    0.00    0.00    0.00    0.00    5.05   23.23    0.00    0.00    0.00   71.72
08:00:05 PM    1    0.00    0.00    2.02    0.00    0.00    0.00    0.00    0.00    0.00   97.98
08:00:05 PM    2    1.01    0.00    1.01    0.00    0.00    0.00    0.00    0.00    0.00   97.98
08:00:05 PM    3    0.00    0.00    0.00    0.00    0.00    0.00    0.00    0.00    0.00  100.00

08:00:05 PM  CPU    %usr   %nice    %sys %iowait    %irq   %soft  %steal  %guest  %gnice   %idle
08:00:06 PM  all    0.00    0.00    1.01    0.00    1.26    6.03    0.00    0.00    0.00   91.71
08:00:06 PM    0    0.00    0.00    0.00    0.00    4.04   24.24    0.00    0.00    0.00   71.72
08:00:06 PM    1    0.00    0.00    2.00    0.00    1.00    0.00    0.00    0.00    0.00   97.00
08:00:06 PM    2    0.00    0.00    2.02    0.00    0.00    0.00    0.00    0.00    0.00   97.98
08:00:06 PM    3    0.00    0.00    0.00    0.00    0.00    0.00    0.00    0.00    0.00  100.00

08:00:06 PM  CPU    %usr   %nice    %sys %iowait    %irq   %soft  %steal  %guest  %gnice   %idle
08:00:07 PM  all    0.25    0.00    1.00    0.00    1.50    5.75    0.00    0.00    0.00   91.50
08:00:07 PM    0    0.00    0.00    0.00    0.00    5.05   23.23    0.00    0.00    0.00   71.72
08:00:07 PM    1    1.00    0.00    2.00    0.00    0.00    0.00    0.00    0.00    0.00   97.00
08:00:07 PM    2    0.00    0.00    1.98    0.00    0.99    0.00    0.00    0.00    0.00   97.03
08:00:07 PM    3    0.00    0.00    0.00    0.00    0.00    0.00    0.00    0.00    0.00  100.00

08:00:07 PM  CPU    %usr   %nice    %sys %iowait    %irq   %soft  %steal  %guest  %gnice   %idle
08:00:08 PM  all    0.25    0.00    1.01    0.00    1.26    5.81    0.00    0.00    0.00   91.67
08:00:08 PM    0    0.00    0.00    0.00    0.00    5.10   23.47    0.00    0.00    0.00   71.43
08:00:08 PM    1    1.00    0.00    2.00    0.00    0.00    0.00    0.00    0.00    0.00   97.00
08:00:08 PM    2    0.00    0.00    2.02    0.00    0.00    0.00    0.00    0.00    0.00   97.98
08:00:08 PM    3    0.00    0.00    0.00    0.00    0.00    0.00    0.00    0.00    0.00  100.00

08:00:08 PM  CPU    %usr   %nice    %sys %iowait    %irq   %soft  %steal  %guest  %gnice   %idle
08:00:09 PM  all    0.25    0.00    1.26    1.26    1.01    6.03    0.00    0.00    0.00   90.20
08:00:09 PM    0    0.00    0.00    0.00    0.00    4.04   24.24    0.00    0.00    0.00   71.72
08:00:09 PM    1    0.00    0.00    2.02    4.04    0.00    0.00    0.00    0.00    0.00   93.94
08:00:09 PM    2    0.00    0.00    3.00    1.00    0.00    0.00    0.00    0.00    0.00   96.00
08:00:09 PM    3    1.00    0.00    0.00    0.00    0.00    0.00    0.00    0.00    0.00   99.00

08:00:09 PM  CPU    %usr   %nice    %sys %iowait    %irq   %soft  %steal  %guest  %gnice   %idle
08:00:10 PM  all    0.00    0.00    1.00    0.00    1.50    5.76    0.00    0.00    0.00   91.73
08:00:10 PM    0    0.00    0.00    0.00    0.00    5.05   23.23    0.00    0.00    0.00   71.72
08:00:10 PM    1    0.00    0.00    1.98    0.00    0.99    0.00    0.00    0.00    0.00   97.03
08:00:10 PM    2    0.00    0.00    2.02    0.00    0.00    0.00    0.00    0.00    0.00   97.98
08:00:10 PM    3    0.00    0.00    0.00    0.00    0.00    0.00    0.00    0.00    0.00  100.00

08:00:10 PM  CPU    %usr   %nice    %sys %iowait    %irq   %soft  %steal  %guest  %gnice   %idle
08:00:11 PM  all    0.00    0.00    2.24    0.00    1.49    5.97    0.00    0.00    0.00   90.30
08:00:11 PM    0    0.00    0.00    0.99    0.00    4.95   23.76    0.00    0.00    0.00   70.30
08:00:11 PM    1    0.00    0.00    4.00    0.00    0.00    0.00    0.00    0.00    0.00   96.00
08:00:11 PM    2    0.00    0.00    2.97    0.00    0.99    0.00    0.00    0.00    0.00   96.04
08:00:11 PM    3    0.00    0.00    1.00    0.00    0.00    0.00    0.00    0.00    0.00   99.00

08:00:11 PM  CPU    %usr   %nice    %sys %iowait    %irq   %soft  %steal  %guest  %gnice   %idle
08:00:12 PM  all    0.00    0.00    0.51    0.00    1.02    5.85    0.00    0.00    0.00   92.62
08:00:12 PM    0    0.00    0.00    0.00    0.00    4.12   23.71    0.00    0.00    0.00   72.16
08:00:12 PM    1    0.00    0.00    1.02    0.00    0.00    0.00    0.00    0.00    0.00   98.98
08:00:12 PM    2    0.00    0.00    1.02    0.00    0.00    0.00    0.00    0.00    0.00   98.98
08:00:12 PM    3    0.00    0.00    0.00    0.00    0.00    0.00    0.00    0.00    0.00  100.00

08:00:12 PM  CPU    %usr   %nice    %sys %iowait    %irq   %soft  %steal  %guest  %gnice   %idle
08:00:13 PM  all    0.00    0.00    0.75    0.00    1.26    6.03    0.00    0.00    0.00   91.96
08:00:13 PM    0    0.00    0.00    0.00    0.00    5.00   24.00    0.00    0.00    0.00   71.00
08:00:13 PM    1    0.00    0.00    0.00    0.00    0.00    0.00    0.00    0.00    0.00  100.00
08:00:13 PM    2    0.00    0.00    3.03    0.00    0.00    0.00    0.00    0.00    0.00   96.97
08:00:13 PM    3    0.00    0.00    0.00    0.00    0.00    0.00    0.00    0.00    0.00  100.00

08:00:13 PM  CPU    %usr   %nice    %sys %iowait    %irq   %soft  %steal  %guest  %gnice   %idle
08:00:14 PM  all    0.00    0.00    0.75    0.00    1.76    5.78    0.00    0.00    0.00   91.71
08:00:14 PM    0    0.00    0.00    0.00    0.00    5.05   23.23    0.00    0.00    0.00   71.72
08:00:14 PM    1    0.00    0.00    0.00    0.00    1.01    0.00    0.00    0.00    0.00   98.99
08:00:14 PM    2    0.00    0.00    3.00    0.00    1.00    0.00    0.00    0.00    0.00   96.00
08:00:14 PM    3    0.00    0.00    0.00    0.00    0.00    0.00    0.00    0.00    0.00  100.00

08:00:14 PM  CPU    %usr   %nice    %sys %iowait    %irq   %soft  %steal  %guest  %gnice   %idle
08:00:15 PM  all    0.00    0.00    1.01    0.00    1.01    5.79    0.00    0.00    0.00   92.19
08:00:15 PM    0    0.00    0.00    0.00    0.00    4.08   23.47    0.00    0.00    0.00   72.45
08:00:15 PM    1    0.00    0.00    1.00    0.00    0.00    0.00    0.00    0.00    0.00   99.00
08:00:15 PM    2    0.00    0.00    3.03    0.00    0.00    0.00    0.00    0.00    0.00   96.97
08:00:15 PM    3    0.00    0.00    0.00    0.00    0.00    0.00    0.00    0.00    0.00  100.00

08:00:15 PM  CPU    %usr   %nice    %sys %iowait    %irq   %soft  %steal  %guest  %gnice   %idle
08:00:16 PM  all    0.00    0.00    1.00    0.00    1.25    6.02    0.00    0.00    0.00   91.73
08:00:16 PM    0    0.00    0.00    0.00    0.00    5.00   24.00    0.00    0.00    0.00   71.00
08:00:16 PM    1    0.00    0.00    1.00    0.00    0.00    0.00    0.00    0.00    0.00   99.00
08:00:16 PM    2    0.00    0.00    3.03    0.00    0.00    0.00    0.00    0.00    0.00   96.97
08:00:16 PM    3    0.00    0.00    0.00    0.00    0.00    0.00    0.00    0.00    0.00  100.00

08:00:16 PM  CPU    %usr   %nice    %sys %iowait    %irq   %soft  %steal  %guest  %gnice   %idle
08:00:17 PM  all    0.00    0.00    0.75    0.00    1.51    6.03    0.00    0.00    0.00   91.71
08:00:17 PM    0    0.00    0.00    0.00    0.00    5.05   23.23    0.00    0.00    0.00   71.72
08:00:17 PM    1    0.00    0.00    0.00    0.00    0.00    0.00    0.00    0.00    0.00  100.00
08:00:17 PM    2    0.00    0.00    2.97    0.00    0.99    0.99    0.00    0.00    0.00   95.05
08:00:17 PM    3    0.00    0.00    0.00    0.00    0.00    0.00    0.00    0.00    0.00  100.00

08:00:17 PM  CPU    %usr   %nice    %sys %iowait    %irq   %soft  %steal  %guest  %gnice   %idle
08:00:18 PM  all    0.00    0.00    1.01    0.00    1.01    6.03    0.00    0.00    0.00   91.96
08:00:18 PM    0    0.00    0.00    0.00    0.00    4.04   24.24    0.00    0.00    0.00   71.72
08:00:18 PM    1    0.00    0.00    1.00    0.00    0.00    0.00    0.00    0.00    0.00   99.00
08:00:18 PM    2    0.00    0.00    3.03    0.00    0.00    0.00    0.00    0.00    0.00   96.97
08:00:18 PM    3    0.00    0.00    0.00    0.00    0.00    0.00    0.00    0.00    0.00  100.00

08:00:18 PM  CPU    %usr   %nice    %sys %iowait    %irq   %soft  %steal  %guest  %gnice   %idle
08:00:19 PM  all    0.00    0.00    1.01    0.00    1.26    6.03    0.00    0.00    0.00   91.71
08:00:19 PM    0    0.00    0.00    0.00    0.00    5.05   24.24    0.00    0.00    0.00   70.71
08:00:19 PM    1    0.00    0.00    1.00    0.00    0.00    0.00    0.00    0.00    0.00   99.00
08:00:19 PM    2    0.00    0.00    3.03    0.00    0.00    0.00    0.00    0.00    0.00   96.97
08:00:19 PM    3    0.00    0.00    0.00    0.00    0.00    0.00    0.00    0.00    0.00  100.00

08:00:19 PM  CPU    %usr   %nice    %sys %iowait    %irq   %soft  %steal  %guest  %gnice   %idle
08:00:20 PM  all    0.00    0.00    1.00    0.00    1.75    5.76    0.00    0.00    0.00   91.48
08:00:20 PM    0    0.00    0.00    0.00    0.00    5.05   23.23    0.00    0.00    0.00   71.72
08:00:20 PM    1    0.00    0.00    1.98    0.00    0.99    0.00    0.00    0.00    0.00   97.03
08:00:20 PM    2    0.00    0.00    2.02    0.00    1.01    0.00    0.00    0.00    0.00   96.97
08:00:20 PM    3    0.00    0.00    0.00    0.00    0.00    0.00    0.00    0.00    0.00  100.00

08:00:20 PM  CPU    %usr   %nice    %sys %iowait    %irq   %soft  %steal  %guest  %gnice   %idle
08:00:21 PM  all    0.25    0.00    1.26    0.00    1.01    6.03    0.00    0.00    0.00   91.46
08:00:21 PM    0    0.00    0.00    0.00    0.00    4.04   24.24    0.00    0.00    0.00   71.72
08:00:21 PM    1    0.00    0.00    0.00    0.00    0.00    0.00    0.00    0.00    0.00  100.00
08:00:21 PM    2    0.00    0.00    5.05    0.00    0.00    0.00    0.00    0.00    0.00   94.95
08:00:21 PM    3    0.99    0.00    0.00    0.00    0.00    0.00    0.00    0.00    0.00   99.01

08:00:21 PM  CPU    %usr   %nice    %sys %iowait    %irq   %soft  %steal  %guest  %gnice   %idle
08:00:22 PM  all    0.00    0.00    0.75    0.00    1.51    5.78    0.00    0.00    0.00   91.96
08:00:22 PM    0    0.00    0.00    0.00    0.00    5.05   23.23    0.00    0.00    0.00   71.72
08:00:22 PM    1    0.00    0.00    0.00    0.00    0.00    0.00    0.00    0.00    0.00  100.00
08:00:22 PM    2    0.00    0.00    3.03    0.00    1.01    0.00    0.00    0.00    0.00   95.96
08:00:22 PM    3    0.00    0.00    0.00    0.00    0.00    0.00    0.00    0.00    0.00  100.00

08:00:22 PM  CPU    %usr   %nice    %sys %iowait    %irq   %soft  %steal  %guest  %gnice   %idle
08:00:23 PM  all    0.25    0.00    1.25    0.00    1.25    5.99    0.00    0.00    0.00   91.27
08:00:23 PM    0    0.00    0.00    0.00    0.00    5.00   24.00    0.00    0.00    0.00   71.00
08:00:23 PM    1    0.00    0.00    0.00    0.00    0.00    0.00    0.00    0.00    0.00  100.00
08:00:23 PM    2    0.99    0.00    4.95    0.00    0.00    0.00    0.00    0.00    0.00   94.06
08:00:23 PM    3    0.00    0.00    0.00    0.00    0.00    0.00    0.00    0.00    0.00  100.00

08:00:23 PM  CPU    %usr   %nice    %sys %iowait    %irq   %soft  %steal  %guest  %gnice   %idle
08:00:24 PM  all    0.00    0.00    0.76    0.00    1.27    5.82    0.00    0.00    0.00   92.15
08:00:24 PM    0    0.00    0.00    0.00    0.00    4.12   23.71    0.00    0.00    0.00   72.16
08:00:24 PM    1    0.00    0.00    0.00    0.00    0.00    0.00    0.00    0.00    0.00  100.00
08:00:24 PM    2    0.00    0.00    3.06    0.00    1.02    0.00    0.00    0.00    0.00   95.92
08:00:24 PM    3    0.00    0.00    0.00    0.00    0.00    0.00    0.00    0.00    0.00  100.00

08:00:24 PM  CPU    %usr   %nice    %sys %iowait    %irq   %soft  %steal  %guest  %gnice   %idle
08:00:25 PM  all    0.00    0.00    1.25    0.00    1.25    6.00    0.00    0.00    0.00   91.50
08:00:25 PM    0    0.00    0.00    0.00    0.00    5.00   24.00    0.00    0.00    0.00   71.00
08:00:25 PM    1    0.00    0.00    0.00    0.00    0.00    0.00    0.00    0.00    0.00  100.00
08:00:25 PM    2    0.00    0.00    5.00    0.00    0.00    0.00    0.00    0.00    0.00   95.00
08:00:25 PM    3    0.00    0.00    0.00    0.00    0.00    0.00    0.00    0.00    0.00  100.00

08:00:25 PM  CPU    %usr   %nice    %sys %iowait    %irq   %soft  %steal  %guest  %gnice   %idle
08:00:26 PM  all    0.00    0.00    1.01    0.00    1.26    5.78    0.00    0.00    0.00   91.96
08:00:26 PM    0    0.00    0.00    0.00    0.00    5.05   23.23    0.00    0.00    0.00   71.72
08:00:26 PM    1    0.00    0.00    0.00    0.00    0.00    0.00    0.00    0.00    0.00  100.00
08:00:26 PM    2    0.00    0.00    4.04    0.00    0.00    0.00    0.00    0.00    0.00   95.96
08:00:26 PM    3    0.00    0.00    0.00    0.00    0.00    0.00    0.00    0.00    0.00  100.00

08:00:26 PM  CPU    %usr   %nice    %sys %iowait    %irq   %soft  %steal  %guest  %gnice   %idle
08:00:27 PM  all    0.00    0.00    0.51    0.00    1.26    5.81    0.00    0.00    0.00   92.42
08:00:27 PM    0    0.00    0.00    0.00    0.00    4.08   23.47    0.00    0.00    0.00   72.45
08:00:27 PM    1    0.00    0.00    0.00    0.00    0.00    0.00    0.00    0.00    0.00  100.00
08:00:27 PM    2    0.00    0.00    2.02    0.00    1.01    0.00    0.00    0.00    0.00   96.97
08:00:27 PM    3    0.00    0.00    0.00    0.00    0.00    0.00    0.00    0.00    0.00  100.00

08:00:27 PM  CPU    %usr   %nice    %sys %iowait    %irq   %soft  %steal  %guest  %gnice   %idle
08:00:28 PM  all    0.00    0.00    1.25    0.00    1.25    6.00    0.00    0.00    0.00   91.50
08:00:28 PM    0    0.00    0.00    0.00    0.00    5.00   24.00    0.00    0.00    0.00   71.00
08:00:28 PM    1    0.00    0.00    0.00    0.00    0.00    0.00    0.00    0.00    0.00  100.00
08:00:28 PM    2    0.00    0.00    4.00    0.00    0.00    0.00    0.00    0.00    0.00   96.00
08:00:28 PM    3    0.00    0.00    1.00    0.00    0.00    0.00    0.00    0.00    0.00   99.00

08:00:28 PM  CPU    %usr   %nice    %sys %iowait    %irq   %soft  %steal  %guest  %gnice   %idle
08:00:29 PM  all    0.50    0.00    1.26    0.00    1.26    5.78    0.00    0.00    0.00   91.21
08:00:29 PM    0    0.00    0.00    0.00    0.00    5.05   23.23    0.00    0.00    0.00   71.72
08:00:29 PM    1    0.99    0.00    0.00    0.00    0.00    0.00    0.00    0.00    0.00   99.01
08:00:29 PM    2    1.01    0.00    4.04    0.00    0.00    0.00    0.00    0.00    0.00   94.95
08:00:29 PM    3    0.00    0.00    1.01    0.00    0.00    0.00    0.00    0.00    0.00   98.99

08:00:29 PM  CPU    %usr   %nice    %sys %iowait    %irq   %soft  %steal  %guest  %gnice   %idle
08:00:30 PM  all    0.00    0.00    1.00    0.00    1.50    6.02    0.00    0.00    0.00   91.48
08:00:30 PM    0    0.00    0.00    0.00    0.00    4.08   24.49    0.00    0.00    0.00   71.43
08:00:30 PM    1    0.00    0.00    0.00    0.00    0.00    0.00    0.00    0.00    0.00  100.00
08:00:30 PM    2    0.00    0.00    3.00    0.00    1.00    0.00    0.00    0.00    0.00   96.00
08:00:30 PM    3    0.00    0.00    0.99    0.00    0.99    0.00    0.00    0.00    0.00   98.02

08:00:30 PM  CPU    %usr   %nice    %sys %iowait    %irq   %soft  %steal  %guest  %gnice   %idle
08:00:31 PM  all    0.00    0.00    1.01    0.00    1.26    5.79    0.00    0.00    0.00   91.94
08:00:31 PM    0    0.00    0.00    0.00    0.00    5.05   23.23    0.00    0.00    0.00   71.72
08:00:31 PM    1    0.00    0.00    0.00    0.00    0.00    0.00    0.00    0.00    0.00  100.00
08:00:31 PM    2    0.00    0.00    3.03    0.00    0.00    0.00    0.00    0.00    0.00   96.97
08:00:31 PM    3    0.00    0.00    1.00    0.00    0.00    0.00    0.00    0.00    0.00   99.00

08:00:31 PM  CPU    %usr   %nice    %sys %iowait    %irq   %soft  %steal  %guest  %gnice   %idle
08:00:32 PM  all    0.00    0.00    1.00    0.00    1.50    6.00    0.00    0.00    0.00   91.50
08:00:32 PM    0    0.00    0.00    0.00    0.00    5.00   24.00    0.00    0.00    0.00   71.00
08:00:32 PM    1    0.00    0.00    0.00    0.00    0.00    0.00    0.00    0.00    0.00  100.00
08:00:32 PM    2    0.00    0.00    3.00    0.00    1.00    0.00    0.00    0.00    0.00   96.00
08:00:32 PM    3    0.00    0.00    1.00    0.00    0.00    0.00    0.00    0.00    0.00   99.00

08:00:32 PM  CPU    %usr   %nice    %sys %iowait    %irq   %soft  %steal  %guest  %gnice   %idle
08:00:33 PM  all    0.00    0.00    0.76    0.00    1.01    5.82    0.00    0.00    0.00   92.41
08:00:33 PM    0    0.00    0.00    0.00    0.00    4.08   23.47    0.00    0.00    0.00   72.45
08:00:33 PM    1    0.00    0.00    0.00    0.00    0.00    0.00    0.00    0.00    0.00  100.00
08:00:33 PM    2    0.00    0.00    2.04    0.00    0.00    0.00    0.00    0.00    0.00   97.96
08:00:33 PM    3    0.00    0.00    1.01    0.00    0.00    0.00    0.00    0.00    0.00   98.99

08:00:33 PM  CPU    %usr   %nice    %sys %iowait    %irq   %soft  %steal  %guest  %gnice   %idle
08:00:34 PM  all    0.00    0.00    0.75    0.00    1.26    5.78    0.00    0.00    0.00   92.21
08:00:34 PM    0    0.00    0.00    0.00    0.00    5.05   23.23    0.00    0.00    0.00   71.72
08:00:34 PM    1    0.00    0.00    0.00    0.00    0.00    0.00    0.00    0.00    0.00  100.00
08:00:34 PM    2    0.00    0.00    3.03    0.00    0.00    0.00    0.00    0.00    0.00   96.97
08:00:34 PM    3    0.00    0.00    0.00    0.00    0.00    0.00    0.00    0.00    0.00  100.00

Average:     CPU    %usr   %nice    %sys %iowait    %irq   %soft  %steal  %guest  %gnice   %idle
Average:     all    0.08    0.01    0.96    0.05    1.31    5.88    0.00    0.00    0.00   91.71
Average:       0    0.02    0.00    0.10    0.00    4.70   23.57    0.00    0.00    0.00   71.62
Average:       1    0.12    0.00    0.67    0.07    0.12    0.02    0.00    0.00    0.00   99.01
Average:       2    0.08    0.00    2.18    0.12    0.29    0.03    0.00    0.00    0.00   97.30
Average:       3    0.08    0.03    0.90    0.03    0.15    0.02    0.00    0.00    0.00   98.78
