Linux 7.2.0-rc1 (hp5) 	07/08/2026 	_x86_64_	(8 CPU)

09:21:36 AM  CPU    %usr   %nice    %sys %iowait    %irq   %soft  %steal  %guest  %gnice   %idle
09:21:37 AM  all    0.00    0.00   12.50    0.00    0.00   20.88    0.00    0.00    0.00   66.62
09:21:37 AM    0    0.00    0.00    0.00    0.00    0.00  100.00    0.00    0.00    0.00    0.00
09:21:37 AM    1    0.00    0.00    0.00    0.00    0.00   67.00    0.00    0.00    0.00   33.00
09:21:37 AM    2    0.00    0.00  100.00    0.00    0.00    0.00    0.00    0.00    0.00    0.00
09:21:37 AM    3    0.00    0.00    0.00    0.00    0.00    0.00    0.00    0.00    0.00  100.00
09:21:37 AM    4    0.00    0.00    0.00    0.00    0.00    0.00    0.00    0.00    0.00  100.00
09:21:37 AM    5    0.00    0.00    0.00    0.00    0.00    0.00    0.00    0.00    0.00  100.00
09:21:37 AM    6    0.00    0.00    0.00    0.00    0.00    0.00    0.00    0.00    0.00  100.00
09:21:37 AM    7    0.00    0.00    0.00    0.00    0.00    0.00    0.00    0.00    0.00  100.00

09:21:37 AM  CPU    %usr   %nice    %sys %iowait    %irq   %soft  %steal  %guest  %gnice   %idle
09:21:38 AM  all    0.00    0.00   12.50    0.00    0.00   16.62    0.00    0.00    0.00   70.88
09:21:38 AM    0    0.00    0.00    0.00    0.00    0.00   65.00    0.00    0.00    0.00   35.00
09:21:38 AM    1    0.00    0.00    0.00    0.00    0.00   68.00    0.00    0.00    0.00   32.00
09:21:38 AM    2    0.00    0.00  100.00    0.00    0.00    0.00    0.00    0.00    0.00    0.00
09:21:38 AM    3    0.00    0.00    0.00    0.00    0.00    0.00    0.00    0.00    0.00  100.00
09:21:38 AM    4    0.00    0.00    0.00    0.00    0.00    0.00    0.00    0.00    0.00  100.00
09:21:38 AM    5    0.00    0.00    0.00    0.00    0.00    0.00    0.00    0.00    0.00  100.00
09:21:38 AM    6    0.00    0.00    0.00    0.00    0.00    0.00    0.00    0.00    0.00  100.00
09:21:38 AM    7    0.00    0.00    0.00    0.00    0.00    0.00    0.00    0.00    0.00  100.00

09:21:38 AM  CPU    %usr   %nice    %sys %iowait    %irq   %soft  %steal  %guest  %gnice   %idle
09:21:39 AM  all    0.00    0.00   12.47    0.00    0.00   15.71    0.00    0.00    0.00   71.82
09:21:39 AM    0    0.00    0.00    0.00    0.00    0.00   97.00    0.00    0.00    0.00    3.00
09:21:39 AM    1    0.00    0.00    0.00    0.00    0.00   29.00    0.00    0.00    0.00   71.00
09:21:39 AM    2    0.00    0.00  100.00    0.00    0.00    0.00    0.00    0.00    0.00    0.00
09:21:39 AM    3    0.00    0.00    0.00    0.00    0.00    0.00    0.00    0.00    0.00  100.00
09:21:39 AM    4    0.00    0.00    0.00    0.00    0.00    0.00    0.00    0.00    0.00  100.00
09:21:39 AM    5    0.00    0.00    0.00    0.00    0.00    0.00    0.00    0.00    0.00  100.00
09:21:39 AM    6    0.00    0.00    0.00    0.00    0.00    0.00    0.00    0.00    0.00  100.00
09:21:39 AM    7    0.00    0.00    0.00    0.00    0.00    0.00    0.00    0.00    0.00  100.00

09:21:39 AM  CPU    %usr   %nice    %sys %iowait    %irq   %soft  %steal  %guest  %gnice   %idle
09:21:40 AM  all    0.00    0.00   12.48    0.00    0.25   19.73    0.00    0.00    0.00   67.54
09:21:40 AM    0    0.00    0.00    0.00    0.00    0.99   73.27    0.00    0.00    0.00   25.74
09:21:40 AM    1    0.00    0.00    0.00    0.00    0.99   83.17    0.00    0.00    0.00   15.84
09:21:40 AM    2    0.00    0.00  100.00    0.00    0.00    0.00    0.00    0.00    0.00    0.00
09:21:40 AM    3    0.00    0.00    0.00    0.00    0.00    0.00    0.00    0.00    0.00  100.00
09:21:40 AM    4    0.00    0.00    0.00    0.00    0.00    0.00    0.00    0.00    0.00  100.00
09:21:40 AM    5    0.00    0.00    0.00    0.00    0.00    0.00    0.00    0.00    0.00  100.00
09:21:40 AM    6    0.00    0.00    0.00    0.00    0.00    0.00    0.00    0.00    0.00  100.00
09:21:40 AM    7    0.00    0.00    0.00    0.00    0.00    0.00    0.00    0.00    0.00  100.00

09:21:40 AM  CPU    %usr   %nice    %sys %iowait    %irq   %soft  %steal  %guest  %gnice   %idle
09:21:41 AM  all    0.00    0.00   12.50    0.12    0.00   16.50    0.00    0.00    0.00   70.88
09:21:41 AM    0    0.00    0.00    0.00    1.01    0.00   62.63    0.00    0.00    0.00   36.36
09:21:41 AM    1    0.00    0.00    0.00    0.00    0.00   70.00    0.00    0.00    0.00   30.00
09:21:41 AM    2    0.00    0.00  100.00    0.00    0.00    0.00    0.00    0.00    0.00    0.00
09:21:41 AM    3    0.00    0.00    0.00    0.00    0.00    0.00    0.00    0.00    0.00  100.00
09:21:41 AM    4    0.00    0.00    0.00    0.00    0.00    0.00    0.00    0.00    0.00  100.00
09:21:41 AM    5    0.00    0.00    0.00    0.00    0.00    0.00    0.00    0.00    0.00  100.00
09:21:41 AM    6    0.00    0.00    0.00    0.00    0.00    0.00    0.00    0.00    0.00  100.00
09:21:41 AM    7    0.00    0.00    0.00    0.00    0.00    0.00    0.00    0.00    0.00  100.00

09:21:41 AM  CPU    %usr   %nice    %sys %iowait    %irq   %soft  %steal  %guest  %gnice   %idle
09:21:42 AM  all    0.13    0.00   12.77    0.00    0.00   16.02    0.00    0.00    0.00   71.09
09:21:42 AM    0    0.00    0.00    0.00    0.00    0.00   56.00    0.00    0.00    0.00   44.00
09:21:42 AM    1    1.00    0.00    2.00    0.00    0.00   72.00    0.00    0.00    0.00   25.00
09:21:42 AM    2    0.00    0.00  100.00    0.00    0.00    0.00    0.00    0.00    0.00    0.00
09:21:42 AM    3    0.00    0.00    0.00    0.00    0.00    0.00    0.00    0.00    0.00  100.00
09:21:42 AM    4    0.00    0.00    0.00    0.00    0.00    0.00    0.00    0.00    0.00  100.00
09:21:42 AM    5    0.00    0.00    0.00    0.00    0.00    0.00    0.00    0.00    0.00  100.00
09:21:42 AM    6    0.00    0.00    0.00    0.00    0.00    0.00    0.00    0.00    0.00  100.00
09:21:42 AM    7    0.00    0.00    0.00    0.00    0.00    0.00    0.00    0.00    0.00  100.00

09:21:42 AM  CPU    %usr   %nice    %sys %iowait    %irq   %soft  %steal  %guest  %gnice   %idle
09:21:43 AM  all    0.00    0.00   12.48    0.00    0.12   20.47    0.00    0.00    0.00   66.92
09:21:43 AM    0    0.00    0.00    0.00    0.00    1.00   99.00    0.00    0.00    0.00    0.00
09:21:43 AM    1    0.00    0.00    0.00    0.00    0.00   64.36    0.00    0.00    0.00   35.64
09:21:43 AM    2    0.00    0.00  100.00    0.00    0.00    0.00    0.00    0.00    0.00    0.00
09:21:43 AM    3    0.00    0.00    0.00    0.00    0.00    0.00    0.00    0.00    0.00  100.00
09:21:43 AM    4    0.00    0.00    0.00    0.00    0.00    0.00    0.00    0.00    0.00  100.00
09:21:43 AM    5    0.00    0.00    0.00    0.00    0.00    0.00    0.00    0.00    0.00  100.00
09:21:43 AM    6    0.00    0.00    0.00    0.00    0.00    0.00    0.00    0.00    0.00  100.00
09:21:43 AM    7    0.00    0.00    0.00    0.00    0.00    0.00    0.00    0.00    0.00  100.00

09:21:43 AM  CPU    %usr   %nice    %sys %iowait    %irq   %soft  %steal  %guest  %gnice   %idle
09:21:44 AM  all    0.00    0.00   12.50    0.00    0.00   15.38    0.00    0.00    0.00   72.12
09:21:44 AM    0    0.00    0.00    0.00    0.00    0.00   72.00    0.00    0.00    0.00   28.00
09:21:44 AM    1    0.00    0.00    0.00    0.00    0.00   51.00    0.00    0.00    0.00   49.00
09:21:44 AM    2    0.00    0.00  100.00    0.00    0.00    0.00    0.00    0.00    0.00    0.00
09:21:44 AM    3    0.00    0.00    0.00    0.00    0.00    0.00    0.00    0.00    0.00  100.00
09:21:44 AM    4    0.00    0.00    0.00    0.00    0.00    0.00    0.00    0.00    0.00  100.00
09:21:44 AM    5    0.00    0.00    0.00    0.00    0.00    0.00    0.00    0.00    0.00  100.00
09:21:44 AM    6    0.00    0.00    0.00    0.00    0.00    0.00    0.00    0.00    0.00  100.00
09:21:44 AM    7    0.00    0.00    0.00    0.00    0.00    0.00    0.00    0.00    0.00  100.00

09:21:44 AM  CPU    %usr   %nice    %sys %iowait    %irq   %soft  %steal  %guest  %gnice   %idle
09:21:45 AM  all    0.00    0.00   12.66    0.00    0.12   16.38    0.00    0.00    0.00   70.84
09:21:45 AM    0    0.00    0.00    0.99    0.00    0.00   68.32    0.00    0.00    0.00   30.69
09:21:45 AM    1    0.00    0.00    0.00    0.00    0.99   62.38    0.00    0.00    0.00   36.63
09:21:45 AM    2    0.00    0.00  100.00    0.00    0.00    0.00    0.00    0.00    0.00    0.00
09:21:45 AM    3    0.00    0.00    0.00    0.00    0.00    0.00    0.00    0.00    0.00  100.00
09:21:45 AM    4    0.00    0.00    0.00    0.00    0.00    0.00    0.00    0.00    0.00  100.00
09:21:45 AM    5    0.00    0.00    0.00    0.00    0.00    0.00    0.00    0.00    0.00  100.00
09:21:45 AM    6    0.00    0.00    0.00    0.00    0.00    0.00    0.00    0.00    0.00  100.00
09:21:45 AM    7    0.00    0.00    0.00    0.00    0.00    0.00    0.00    0.00    0.00  100.00

09:21:45 AM  CPU    %usr   %nice    %sys %iowait    %irq   %soft  %steal  %guest  %gnice   %idle
09:21:46 AM  all    0.00    0.00   12.50    0.00    0.12   22.62    0.00    0.00    0.00   64.75
09:21:46 AM    0    0.00    0.00    0.00    0.00    1.00   81.00    0.00    0.00    0.00   18.00
09:21:46 AM    1    0.00    0.00    0.00    0.00    0.00  100.00    0.00    0.00    0.00    0.00
09:21:46 AM    2    0.00    0.00  100.00    0.00    0.00    0.00    0.00    0.00    0.00    0.00
09:21:46 AM    3    0.00    0.00    0.00    0.00    0.00    0.00    0.00    0.00    0.00  100.00
09:21:46 AM    4    0.00    0.00    0.00    0.00    0.00    0.00    0.00    0.00    0.00  100.00
09:21:46 AM    5    0.00    0.00    0.00    0.00    0.00    0.00    0.00    0.00    0.00  100.00
09:21:46 AM    6    0.00    0.00    0.00    0.00    0.00    0.00    0.00    0.00    0.00  100.00
09:21:46 AM    7    0.00    0.00    0.00    0.00    0.00    0.00    0.00    0.00    0.00  100.00

09:21:46 AM  CPU    %usr   %nice    %sys %iowait    %irq   %soft  %steal  %guest  %gnice   %idle
09:21:47 AM  all    0.00    0.00   12.52    0.00    0.00   14.02    0.00    0.00    0.00   73.47
09:21:47 AM    0    0.00    0.00    0.00    0.00    0.00   45.00    0.00    0.00    0.00   55.00
09:21:47 AM    1    0.00    0.00    0.00    0.00    0.00   67.68    0.00    0.00    0.00   32.32
09:21:47 AM    2    0.00    0.00  100.00    0.00    0.00    0.00    0.00    0.00    0.00    0.00
09:21:47 AM    3    0.00    0.00    0.00    0.00    0.00    0.00    0.00    0.00    0.00  100.00
09:21:47 AM    4    0.00    0.00    0.00    0.00    0.00    0.00    0.00    0.00    0.00  100.00
09:21:47 AM    5    0.00    0.00    0.00    0.00    0.00    0.00    0.00    0.00    0.00  100.00
09:21:47 AM    6    0.00    0.00    0.00    0.00    0.00    0.00    0.00    0.00    0.00  100.00
09:21:47 AM    7    0.00    0.00    0.00    0.00    0.00    0.00    0.00    0.00    0.00  100.00

09:21:47 AM  CPU    %usr   %nice    %sys %iowait    %irq   %soft  %steal  %guest  %gnice   %idle
09:21:48 AM  all    0.00    0.00   12.50    0.00    0.00   21.38    0.00    0.00    0.00   66.12
09:21:48 AM    0    0.00    0.00    0.00    0.00    0.00   71.00    0.00    0.00    0.00   29.00
09:21:48 AM    1    0.00    0.00    0.00    0.00    0.00  100.00    0.00    0.00    0.00    0.00
09:21:48 AM    2    0.00    0.00  100.00    0.00    0.00    0.00    0.00    0.00    0.00    0.00
09:21:48 AM    3    0.00    0.00    0.00    0.00    0.00    0.00    0.00    0.00    0.00  100.00
09:21:48 AM    4    0.00    0.00    0.00    0.00    0.00    0.00    0.00    0.00    0.00  100.00
09:21:48 AM    5    0.00    0.00    0.00    0.00    0.00    0.00    0.00    0.00    0.00  100.00
09:21:48 AM    6    0.00    0.00    0.00    0.00    0.00    0.00    0.00    0.00    0.00  100.00
09:21:48 AM    7    0.00    0.00    0.00    0.00    0.00    0.00    0.00    0.00    0.00  100.00

09:21:48 AM  CPU    %usr   %nice    %sys %iowait    %irq   %soft  %steal  %guest  %gnice   %idle
09:21:49 AM  all    0.00    0.00   12.52    0.00    0.13   16.90    0.00    0.00    0.00   70.46
09:21:49 AM    0    0.00    0.00    0.00    0.00    0.00   56.57    0.00    0.00    0.00   43.43
09:21:49 AM    1    0.00    0.00    0.00    0.00    1.00   79.00    0.00    0.00    0.00   20.00
09:21:49 AM    2    0.00    0.00  100.00    0.00    0.00    0.00    0.00    0.00    0.00    0.00
09:21:49 AM    3    0.00    0.00    0.00    0.00    0.00    0.00    0.00    0.00    0.00  100.00
09:21:49 AM    4    0.00    0.00    0.00    0.00    0.00    0.00    0.00    0.00    0.00  100.00
09:21:49 AM    5    0.00    0.00    0.00    0.00    0.00    0.00    0.00    0.00    0.00  100.00
09:21:49 AM    6    0.00    0.00    0.00    0.00    0.00    0.00    0.00    0.00    0.00  100.00
09:21:49 AM    7    0.00    0.00    0.00    0.00    0.00    0.00    0.00    0.00    0.00  100.00

09:21:49 AM  CPU    %usr   %nice    %sys %iowait    %irq   %soft  %steal  %guest  %gnice   %idle
09:21:50 AM  all    0.12    0.00   12.58    0.00    0.12   16.69    0.00    0.00    0.00   70.49
09:21:50 AM    0    0.00    0.00    0.00    0.00    0.99   71.29    0.00    0.00    0.00   27.72
09:21:50 AM    1    0.99    0.00    0.99    0.00    0.00   61.39    0.00    0.00    0.00   36.63
09:21:50 AM    2    0.00    0.00  100.00    0.00    0.00    0.00    0.00    0.00    0.00    0.00
09:21:50 AM    3    0.00    0.00    0.00    0.00    0.00    0.00    0.00    0.00    0.00  100.00
09:21:50 AM    4    0.00    0.00    0.00    0.00    0.00    0.00    0.00    0.00    0.00  100.00
09:21:50 AM    5    0.00    0.00    0.00    0.00    0.00    0.00    0.00    0.00    0.00  100.00
09:21:50 AM    6    0.00    0.00    0.00    0.00    0.00    0.00    0.00    0.00    0.00  100.00
09:21:50 AM    7    0.00    0.00    0.00    0.00    0.00    0.00    0.00    0.00    0.00  100.00

09:21:50 AM  CPU    %usr   %nice    %sys %iowait    %irq   %soft  %steal  %guest  %gnice   %idle
09:21:51 AM  all    0.00    0.00   12.53    0.00    0.00   18.42    0.00    0.00    0.00   69.05
09:21:51 AM    0    0.00    0.00    0.00    0.00    0.00  100.00    0.00    0.00    0.00    0.00
09:21:51 AM    1    0.00    0.00    0.00    0.00    0.00   48.48    0.00    0.00    0.00   51.52
09:21:51 AM    2    0.00    0.00  100.00    0.00    0.00    0.00    0.00    0.00    0.00    0.00
09:21:51 AM    3    0.00    0.00    0.00    0.00    0.00    0.00    0.00    0.00    0.00  100.00
09:21:51 AM    4    0.00    0.00    0.00    0.00    0.00    0.00    0.00    0.00    0.00  100.00
09:21:51 AM    5    0.00    0.00    0.00    0.00    0.00    0.00    0.00    0.00    0.00  100.00
09:21:51 AM    6    0.00    0.00    0.00    0.00    0.00    0.00    0.00    0.00    0.00  100.00
09:21:51 AM    7    0.00    0.00    0.00    0.00    0.00    0.00    0.00    0.00    0.00  100.00

09:21:51 AM  CPU    %usr   %nice    %sys %iowait    %irq   %soft  %steal  %guest  %gnice   %idle
09:21:52 AM  all    0.00    0.00   12.48    0.00    0.00   18.73    0.00    0.00    0.00   68.79
09:21:52 AM    0    0.00    0.00    0.00    0.00    0.00  100.00    0.00    0.00    0.00    0.00
09:21:52 AM    1    0.00    0.00    0.00    0.00    0.00   50.00    0.00    0.00    0.00   50.00
09:21:52 AM    2    0.00    0.00  100.00    0.00    0.00    0.00    0.00    0.00    0.00    0.00
09:21:52 AM    3    0.00    0.00    0.00    0.00    0.00    0.00    0.00    0.00    0.00  100.00
09:21:52 AM    4    0.00    0.00    0.00    0.00    0.00    0.00    0.00    0.00    0.00  100.00
09:21:52 AM    5    0.00    0.00    0.00    0.00    0.00    0.00    0.00    0.00    0.00  100.00
09:21:52 AM    6    0.00    0.00    0.00    0.00    0.00    0.00    0.00    0.00    0.00  100.00
09:21:52 AM    7    0.00    0.00    0.00    0.00    0.00    0.00    0.00    0.00    0.00  100.00

09:21:52 AM  CPU    %usr   %nice    %sys %iowait    %irq   %soft  %steal  %guest  %gnice   %idle
09:21:53 AM  all    0.00    0.00   12.44    0.00    0.25   19.15    0.00    0.00    0.00   68.16
09:21:53 AM    0    0.00    0.00    0.00    0.00    0.98   59.80    0.00    0.00    0.00   39.22
09:21:53 AM    1    0.00    0.00    0.00    0.00    0.99   92.08    0.00    0.00    0.00    6.93
09:21:53 AM    2    0.00    0.00  100.00    0.00    0.00    0.00    0.00    0.00    0.00    0.00
09:21:53 AM    3    0.00    0.00    0.00    0.00    0.00    0.00    0.00    0.00    0.00  100.00
09:21:53 AM    4    0.00    0.00    0.00    0.00    0.00    0.00    0.00    0.00    0.00  100.00
09:21:53 AM    5    0.00    0.00    0.00    0.00    0.00    0.00    0.00    0.00    0.00  100.00
09:21:53 AM    6    0.00    0.00    0.00    0.00    0.00    0.00    0.00    0.00    0.00  100.00
09:21:53 AM    7    0.00    0.00    0.00    0.00    0.00    0.00    0.00    0.00    0.00  100.00

09:21:53 AM  CPU    %usr   %nice    %sys %iowait    %irq   %soft  %steal  %guest  %gnice   %idle
09:21:54 AM  all    0.00    0.00   12.69    0.00    0.00   19.03    0.00    0.00    0.00   68.28
09:21:54 AM    0    0.00    0.00    0.00    0.00    0.00   53.54    0.00    0.00    0.00   46.46
09:21:54 AM    1    0.00    0.00    0.99    0.00    0.00   99.01    0.00    0.00    0.00    0.00
09:21:54 AM    2    0.00    0.00  100.00    0.00    0.00    0.00    0.00    0.00    0.00    0.00
09:21:54 AM    3    0.00    0.00    0.00    0.00    0.00    0.00    0.00    0.00    0.00  100.00
09:21:54 AM    4    0.00    0.00    0.00    0.00    0.00    0.00    0.00    0.00    0.00  100.00
09:21:54 AM    5    0.00    0.00    0.00    0.00    0.00    0.00    0.00    0.00    0.00  100.00
09:21:54 AM    6    0.00    0.00    0.00    0.00    0.00    0.00    0.00    0.00    0.00  100.00
09:21:54 AM    7    0.00    0.00    0.00    0.00    0.00    0.00    0.00    0.00    0.00  100.00

09:21:54 AM  CPU    %usr   %nice    %sys %iowait    %irq   %soft  %steal  %guest  %gnice   %idle
09:21:55 AM  all    0.25    0.00   12.61    0.00    0.00   18.85    0.00    0.00    0.00   68.29
09:21:55 AM    0    1.98    0.00    0.99    0.00    0.00   50.50    0.00    0.00    0.00   46.53
09:21:55 AM    1    0.00    0.00    0.00    0.00    0.00  100.00    0.00    0.00    0.00    0.00
09:21:55 AM    2    0.00    0.00  100.00    0.00    0.00    0.00    0.00    0.00    0.00    0.00
09:21:55 AM    3    0.00    0.00    0.00    0.00    0.00    0.00    0.00    0.00    0.00  100.00
09:21:55 AM    4    0.00    0.00    0.00    0.00    0.00    0.00    0.00    0.00    0.00  100.00
09:21:55 AM    5    0.00    0.00    0.00    0.00    0.00    0.00    0.00    0.00    0.00  100.00
09:21:55 AM    6    0.00    0.00    0.00    0.00    0.00    0.00    0.00    0.00    0.00  100.00
09:21:55 AM    7    0.00    0.00    0.00    0.00    0.00    0.00    0.00    0.00    0.00  100.00

09:21:55 AM  CPU    %usr   %nice    %sys %iowait    %irq   %soft  %steal  %guest  %gnice   %idle
09:21:56 AM  all    0.00    0.00   12.53    0.00    0.13   21.30    0.00    0.00    0.00   66.04
09:21:56 AM    0    0.00    0.00    0.00    0.00    1.00   71.00    0.00    0.00    0.00   28.00
09:21:56 AM    1    0.00    0.00    0.00    0.00    0.00  100.00    0.00    0.00    0.00    0.00
09:21:56 AM    2    0.00    0.00  100.00    0.00    0.00    0.00    0.00    0.00    0.00    0.00
09:21:56 AM    3    0.00    0.00    0.00    0.00    0.00    0.00    0.00    0.00    0.00  100.00
09:21:56 AM    4    0.00    0.00    0.00    0.00    0.00    0.00    0.00    0.00    0.00  100.00
09:21:56 AM    5    0.00    0.00    0.00    0.00    0.00    0.00    0.00    0.00    0.00  100.00
09:21:56 AM    6    0.00    0.00    0.00    0.00    0.00    0.00    0.00    0.00    0.00  100.00
09:21:56 AM    7    0.00    0.00    0.00    0.00    0.00    0.00    0.00    0.00    0.00  100.00

09:21:56 AM  CPU    %usr   %nice    %sys %iowait    %irq   %soft  %steal  %guest  %gnice   %idle
09:21:57 AM  all    0.00    0.00   12.47    0.00    0.12   21.57    0.00    0.00    0.00   65.84
09:21:57 AM    0    0.00    0.00    0.00    0.00    0.00   73.00    0.00    0.00    0.00   27.00
09:21:57 AM    1    0.00    0.00    0.00    0.00    0.99   99.01    0.00    0.00    0.00    0.00
09:21:57 AM    2    0.00    0.00  100.00    0.00    0.00    0.00    0.00    0.00    0.00    0.00
09:21:57 AM    3    0.00    0.00    0.00    0.00    0.00    0.00    0.00    0.00    0.00  100.00
09:21:57 AM    4    0.00    0.00    0.00    0.00    0.00    0.00    0.00    0.00    0.00  100.00
09:21:57 AM    5    0.00    0.00    0.00    0.00    0.00    0.00    0.00    0.00    0.00  100.00
09:21:57 AM    6    0.00    0.00    0.00    0.00    0.00    0.00    0.00    0.00    0.00  100.00
09:21:57 AM    7    0.00    0.00    0.00    0.00    0.00    0.00    0.00    0.00    0.00  100.00

09:21:57 AM  CPU    %usr   %nice    %sys %iowait    %irq   %soft  %steal  %guest  %gnice   %idle
09:21:58 AM  all    0.00    0.00   12.48    0.00    0.00   18.98    0.00    0.00    0.00   68.54
09:21:58 AM    0    0.00    0.00    0.00    0.00    0.00   58.00    0.00    0.00    0.00   42.00
09:21:58 AM    1    0.00    0.00    0.00    0.00    0.00   93.07    0.00    0.00    0.00    6.93
09:21:58 AM    2    0.00    0.00  100.00    0.00    0.00    0.00    0.00    0.00    0.00    0.00
09:21:58 AM    3    0.00    0.00    0.00    0.00    0.00    0.00    0.00    0.00    0.00  100.00
09:21:58 AM    4    0.00    0.00    0.00    0.00    0.00    0.00    0.00    0.00    0.00  100.00
09:21:58 AM    5    0.00    0.00    0.00    0.00    0.00    0.00    0.00    0.00    0.00  100.00
09:21:58 AM    6    0.00    0.00    0.00    0.00    0.00    0.00    0.00    0.00    0.00  100.00
09:21:58 AM    7    0.00    0.00    0.00    0.00    0.00    0.00    0.00    0.00    0.00  100.00

09:21:58 AM  CPU    %usr   %nice    %sys %iowait    %irq   %soft  %steal  %guest  %gnice   %idle
09:21:59 AM  all    0.00    0.00   12.48    0.00    0.12   17.85    0.00    0.00    0.00   69.54
09:21:59 AM    0    0.00    0.00    0.00    0.00    0.99   42.57    0.00    0.00    0.00   56.44
09:21:59 AM    1    0.00    0.00    0.00    0.00    0.00  100.00    0.00    0.00    0.00    0.00
09:21:59 AM    2    0.00    0.00  100.00    0.00    0.00    0.00    0.00    0.00    0.00    0.00
09:21:59 AM    3    0.00    0.00    0.00    0.00    0.00    0.00    0.00    0.00    0.00  100.00
09:21:59 AM    4    0.00    0.00    0.00    0.00    0.00    0.00    0.00    0.00    0.00  100.00
09:21:59 AM    5    0.00    0.00    0.00    0.00    0.00    0.00    0.00    0.00    0.00  100.00
09:21:59 AM    6    0.00    0.00    0.00    0.00    0.00    0.00    0.00    0.00    0.00  100.00
09:21:59 AM    7    0.00    0.00    0.00    0.00    0.00    0.00    0.00    0.00    0.00  100.00

09:21:59 AM  CPU    %usr   %nice    %sys %iowait    %irq   %soft  %steal  %guest  %gnice   %idle
09:22:00 AM  all    0.00    0.00   12.61    0.00    0.12   19.85    0.00    0.00    0.00   67.42
09:22:00 AM    0    0.00    0.00    1.00    0.00    0.00   59.00    0.00    0.00    0.00   40.00
09:22:00 AM    1    0.00    0.00    0.00    0.00    0.99   99.01    0.00    0.00    0.00    0.00
09:22:00 AM    2    0.00    0.00  100.00    0.00    0.00    0.00    0.00    0.00    0.00    0.00
09:22:00 AM    3    0.00    0.00    0.00    0.00    0.00    0.00    0.00    0.00    0.00  100.00
09:22:00 AM    4    0.00    0.00    0.00    0.00    0.00    0.00    0.00    0.00    0.00  100.00
09:22:00 AM    5    0.00    0.00    0.00    0.00    0.00    0.00    0.00    0.00    0.00  100.00
09:22:00 AM    6    0.00    0.00    0.00    0.00    0.00    0.00    0.00    0.00    0.00  100.00
09:22:00 AM    7    0.00    0.00    0.00    0.00    0.00    0.00    0.00    0.00    0.00  100.00

09:22:00 AM  CPU    %usr   %nice    %sys %iowait    %irq   %soft  %steal  %guest  %gnice   %idle
09:22:01 AM  all    0.00    0.00   12.52    0.00    0.00   18.77    0.00    0.00    0.00   68.71
09:22:01 AM    0    0.00    0.00    0.00    0.00    0.00   85.00    0.00    0.00    0.00   15.00
09:22:01 AM    1    0.00    0.00    0.00    0.00    0.00   65.66    0.00    0.00    0.00   34.34
09:22:01 AM    2    0.00    0.00  100.00    0.00    0.00    0.00    0.00    0.00    0.00    0.00
09:22:01 AM    3    0.00    0.00    0.00    0.00    0.00    0.00    0.00    0.00    0.00  100.00
09:22:01 AM    4    0.00    0.00    0.00    0.00    0.00    0.00    0.00    0.00    0.00  100.00
09:22:01 AM    5    0.00    0.00    0.00    0.00    0.00    0.00    0.00    0.00    0.00  100.00
09:22:01 AM    6    0.00    0.00    0.00    0.00    0.00    0.00    0.00    0.00    0.00  100.00
09:22:01 AM    7    0.00    0.00    0.00    0.00    0.00    0.00    0.00    0.00    0.00  100.00

09:22:01 AM  CPU    %usr   %nice    %sys %iowait    %irq   %soft  %steal  %guest  %gnice   %idle
09:22:02 AM  all    0.00    0.00   12.47    0.00    0.12   16.46    0.00    0.00    0.00   70.95
09:22:02 AM    0    0.00    0.00    0.00    0.00    0.99   76.24    0.00    0.00    0.00   22.77
09:22:02 AM    1    0.00    0.00    0.00    0.00    0.00   54.46    0.00    0.00    0.00   45.54
09:22:02 AM    2    0.00    0.00  100.00    0.00    0.00    0.00    0.00    0.00    0.00    0.00
09:22:02 AM    3    0.00    0.00    0.00    0.00    0.00    0.00    0.00    0.00    0.00  100.00
09:22:02 AM    4    0.00    0.00    0.00    0.00    0.00    0.00    0.00    0.00    0.00  100.00
09:22:02 AM    5    0.00    0.00    0.00    0.00    0.00    0.00    0.00    0.00    0.00  100.00
09:22:02 AM    6    0.00    0.00    0.00    0.00    0.00    0.00    0.00    0.00    0.00  100.00
09:22:02 AM    7    0.00    0.00    0.00    0.00    0.00    0.00    0.00    0.00    0.00  100.00

09:22:02 AM  CPU    %usr   %nice    %sys %iowait    %irq   %soft  %steal  %guest  %gnice   %idle
09:22:03 AM  all    0.00    0.00   12.92    0.00    0.00   16.56    0.00    0.00    0.00   70.51
09:22:03 AM    0    0.00    0.00    1.02    0.00    0.00   35.71    0.00    0.00    0.00   63.27
09:22:03 AM    1    0.00    0.00    2.02    0.00    0.00   97.98    0.00    0.00    0.00    0.00
09:22:03 AM    2    0.00    0.00  100.00    0.00    0.00    0.00    0.00    0.00    0.00    0.00
09:22:03 AM    3    0.00    0.00    0.00    0.00    0.00    0.00    0.00    0.00    0.00  100.00
09:22:03 AM    4    0.00    0.00    0.00    0.00    0.00    0.00    0.00    0.00    0.00  100.00
09:22:03 AM    5    0.00    0.00    0.00    0.00    0.00    0.00    0.00    0.00    0.00  100.00
09:22:03 AM    6    0.00    0.00    0.00    0.00    0.00    0.00    0.00    0.00    0.00  100.00
09:22:03 AM    7    0.00    0.00    0.00    0.00    0.00    0.00    0.00    0.00    0.00  100.00

09:22:03 AM  CPU    %usr   %nice    %sys %iowait    %irq   %soft  %steal  %guest  %gnice   %idle
09:22:04 AM  all    0.00    0.00   12.50    0.00    0.12   19.80    0.00    0.00    0.00   67.57
09:22:04 AM    0    0.00    0.00    0.00    0.00    0.00   58.42    0.00    0.00    0.00   41.58
09:22:04 AM    1    0.00    0.00    0.00    0.00    0.98   99.02    0.00    0.00    0.00    0.00
09:22:04 AM    2    0.00    0.00  100.00    0.00    0.00    0.00    0.00    0.00    0.00    0.00
09:22:04 AM    3    0.00    0.00    0.00    0.00    0.00    0.00    0.00    0.00    0.00  100.00
09:22:04 AM    4    0.00    0.00    0.00    0.00    0.00    0.00    0.00    0.00    0.00  100.00
09:22:04 AM    5    0.00    0.00    0.00    0.00    0.00    0.00    0.00    0.00    0.00  100.00
09:22:04 AM    6    0.00    0.00    0.00    0.00    0.00    0.00    0.00    0.00    0.00  100.00
09:22:04 AM    7    0.00    0.00    0.00    0.00    0.00    0.00    0.00    0.00    0.00  100.00

09:22:04 AM  CPU    %usr   %nice    %sys %iowait    %irq   %soft  %steal  %guest  %gnice   %idle
09:22:05 AM  all    0.25    0.00   12.55    0.00    0.12   19.63    0.00    0.00    0.00   67.45
09:22:05 AM    0    0.98    0.00    0.98    0.00    0.98   97.06    0.00    0.00    0.00    0.00
09:22:05 AM    1    0.99    0.00    0.00    0.00    0.00   58.42    0.00    0.00    0.00   40.59
09:22:05 AM    2    0.00    0.00  100.00    0.00    0.00    0.00    0.00    0.00    0.00    0.00
09:22:05 AM    3    0.00    0.00    0.00    0.00    0.00    0.00    0.00    0.00    0.00  100.00
09:22:05 AM    4    0.00    0.00    0.00    0.00    0.00    0.00    0.00    0.00    0.00  100.00
09:22:05 AM    5    0.00    0.00    0.00    0.00    0.00    0.00    0.00    0.00    0.00  100.00
09:22:05 AM    6    0.00    0.00    0.00    0.00    0.00    0.00    0.00    0.00    0.00  100.00
09:22:05 AM    7    0.00    0.00    0.00    0.00    0.00    0.00    0.00    0.00    0.00  100.00

09:22:05 AM  CPU    %usr   %nice    %sys %iowait    %irq   %soft  %steal  %guest  %gnice   %idle
09:22:06 AM  all    0.00    0.00   12.69    0.00    0.00   19.72    0.00    0.00    0.00   67.59
09:22:06 AM    0    0.00    0.00    0.00    0.00    0.00   62.24    0.00    0.00    0.00   37.76
09:22:06 AM    1    0.00    0.00    1.01    0.00    0.00   96.97    0.00    0.00    0.00    2.02
09:22:06 AM    2    0.00    0.00  100.00    0.00    0.00    0.00    0.00    0.00    0.00    0.00
09:22:06 AM    3    0.00    0.00    0.00    0.00    0.00    0.00    0.00    0.00    0.00  100.00
09:22:06 AM    4    0.00    0.00    0.00    0.00    0.00    0.00    0.00    0.00    0.00  100.00
09:22:06 AM    5    0.00    0.00    0.00    0.00    0.00    0.00    0.00    0.00    0.00  100.00
09:22:06 AM    6    0.00    0.00    0.00    0.00    0.00    0.00    0.00    0.00    0.00  100.00
09:22:06 AM    7    0.00    0.00    0.00    0.00    0.00    0.00    0.00    0.00    0.00  100.00

Average:     CPU    %usr   %nice    %sys %iowait    %irq   %soft  %steal  %guest  %gnice   %idle
Average:     all    0.02    0.00   12.55    0.00    0.07   18.47    0.00    0.00    0.00   68.89
Average:       0    0.10    0.00    0.17    0.03    0.30   70.03    0.00    0.00    0.00   29.37
Average:       1    0.10    0.00    0.23    0.00    0.23   77.62    0.00    0.00    0.00   21.82
Average:       2    0.00    0.00  100.00    0.00    0.00    0.00    0.00    0.00    0.00    0.00
Average:       3    0.00    0.00    0.00    0.00    0.00    0.00    0.00    0.00    0.00  100.00
Average:       4    0.00    0.00    0.00    0.00    0.00    0.00    0.00    0.00    0.00  100.00
Average:       5    0.00    0.00    0.00    0.00    0.00    0.00    0.00    0.00    0.00  100.00
Average:       6    0.00    0.00    0.00    0.00    0.00    0.00    0.00    0.00    0.00  100.00
Average:       7    0.00    0.00    0.00    0.00    0.00    0.00    0.00    0.00    0.00  100.00
