Linux 7.2.0-rc1 (bpi-f3) 	07/10/2026 	_riscv64_	(8 CPU)

06:02:18 PM  CPU    %usr   %nice    %sys %iowait    %irq   %soft  %steal  %guest  %gnice   %idle
06:02:19 PM  all    0.00    0.00    0.00    0.00    3.00   34.50    0.00    0.00    0.00   62.50
06:02:19 PM    0    0.00    0.00    0.00    0.00   22.00   78.00    0.00    0.00    0.00    0.00
06:02:19 PM    1    0.00    0.00    0.00    0.00    1.00   99.00    0.00    0.00    0.00    0.00
06:02:19 PM    2    0.00    0.00    0.00    0.00    1.00   99.00    0.00    0.00    0.00    0.00
06:02:19 PM    3    0.00    0.00    0.00    0.00    0.00    0.00    0.00    0.00    0.00  100.00
06:02:19 PM    4    0.00    0.00    0.00    0.00    0.00    0.00    0.00    0.00    0.00  100.00
06:02:19 PM    5    0.00    0.00    0.00    0.00    0.00    0.00    0.00    0.00    0.00  100.00
06:02:19 PM    6    0.00    0.00    0.00    0.00    0.00    0.00    0.00    0.00    0.00  100.00
06:02:19 PM    7    0.00    0.00    0.00    0.00    0.00    0.00    0.00    0.00    0.00  100.00

06:02:19 PM  CPU    %usr   %nice    %sys %iowait    %irq   %soft  %steal  %guest  %gnice   %idle
06:02:20 PM  all    0.00    0.00    0.12    0.00    3.00   34.38    0.00    0.00    0.00   62.50
06:02:20 PM    0    0.00    0.00    1.00    0.00   22.00   77.00    0.00    0.00    0.00    0.00
06:02:20 PM    1    0.00    0.00    0.00    0.00    1.00   99.00    0.00    0.00    0.00    0.00
06:02:20 PM    2    0.00    0.00    0.00    0.00    1.00   99.00    0.00    0.00    0.00    0.00
06:02:20 PM    3    0.00    0.00    0.00    0.00    0.00    0.00    0.00    0.00    0.00  100.00
06:02:20 PM    4    0.00    0.00    0.00    0.00    0.00    0.00    0.00    0.00    0.00  100.00
06:02:20 PM    5    0.00    0.00    0.00    0.00    0.00    0.00    0.00    0.00    0.00  100.00
06:02:20 PM    6    0.00    0.00    0.00    0.00    0.00    0.00    0.00    0.00    0.00  100.00
06:02:20 PM    7    0.00    0.00    0.00    0.00    0.00    0.00    0.00    0.00    0.00  100.00

06:02:20 PM  CPU    %usr   %nice    %sys %iowait    %irq   %soft  %steal  %guest  %gnice   %idle
06:02:21 PM  all    0.00    0.00    0.00    0.00    3.23   34.58    0.00    0.00    0.00   62.19
06:02:21 PM    0    0.00    0.00    0.00    0.00   22.00   78.00    0.00    0.00    0.00    0.00
06:02:21 PM    1    0.00    0.00    0.00    0.00    1.00   99.00    0.00    0.00    0.00    0.00
06:02:21 PM    2    0.00    0.00    0.00    0.00    0.99   99.01    0.00    0.00    0.00    0.00
06:02:21 PM    3    0.00    0.00    0.00    0.00    0.98    0.98    0.00    0.00    0.00   98.04
06:02:21 PM    4    0.00    0.00    0.00    0.00    0.00    0.00    0.00    0.00    0.00  100.00
06:02:21 PM    5    0.00    0.00    0.00    0.00    0.00    0.00    0.00    0.00    0.00  100.00
06:02:21 PM    6    0.00    0.00    0.00    0.00    0.99    0.00    0.00    0.00    0.00   99.01
06:02:21 PM    7    0.00    0.00    0.00    0.00    0.00    0.00    0.00    0.00    0.00  100.00

06:02:21 PM  CPU    %usr   %nice    %sys %iowait    %irq   %soft  %steal  %guest  %gnice   %idle
06:02:22 PM  all    0.00    0.00    0.25    0.00    3.00   34.50    0.00    0.00    0.00   62.25
06:02:22 PM    0    0.00    0.00    2.00    0.00   22.00   76.00    0.00    0.00    0.00    0.00
06:02:22 PM    1    0.00    0.00    0.00    0.00    0.00    6.00    0.00    0.00    0.00   94.00
06:02:22 PM    2    0.00    0.00    0.00    0.00    1.00   99.00    0.00    0.00    0.00    0.00
06:02:22 PM    3    0.00    0.00    0.00    0.00    0.00    0.00    0.00    0.00    0.00  100.00
06:02:22 PM    4    0.00    0.00    0.00    0.00    0.00    0.00    0.00    0.00    0.00  100.00
06:02:22 PM    5    0.00    0.00    0.00    0.00    1.00   95.00    0.00    0.00    0.00    4.00
06:02:22 PM    6    0.00    0.00    0.00    0.00    0.00    0.00    0.00    0.00    0.00  100.00
06:02:22 PM    7    0.00    0.00    0.00    0.00    0.00    0.00    0.00    0.00    0.00  100.00

06:02:22 PM  CPU    %usr   %nice    %sys %iowait    %irq   %soft  %steal  %guest  %gnice   %idle
06:02:23 PM  all    0.12    0.00    1.37    0.00    3.11   34.33    0.00    0.00    0.00   61.07
06:02:23 PM    0    0.00    0.00    0.99    0.00   22.77   76.24    0.00    0.00    0.00    0.00
06:02:23 PM    1    0.00    0.00    0.99    0.00    0.00    0.00    0.00    0.00    0.00   99.01
06:02:23 PM    2    0.00    0.00    0.00    0.00    1.00   99.00    0.00    0.00    0.00    0.00
06:02:23 PM    3    0.00    0.00    2.00    0.00    0.00    0.00    0.00    0.00    0.00   98.00
06:02:23 PM    4    0.00    0.00    2.00    0.00    0.00    0.00    0.00    0.00    0.00   98.00
06:02:23 PM    5    0.00    0.00    0.00    0.00    0.00  100.00    0.00    0.00    0.00    0.00
06:02:23 PM    6    0.00    0.00    2.00    0.00    0.00    0.00    0.00    0.00    0.00   98.00
06:02:23 PM    7    0.98    0.00    2.94    0.00    0.98    0.00    0.00    0.00    0.00   95.10

06:02:23 PM  CPU    %usr   %nice    %sys %iowait    %irq   %soft  %steal  %guest  %gnice   %idle
06:02:24 PM  all    0.00    0.00    0.13    0.00    3.01   34.34    0.00    0.00    0.00   62.53
06:02:24 PM    0    0.00    0.00    1.01    0.00   22.22   76.77    0.00    0.00    0.00    0.00
06:02:24 PM    1    0.00    0.00    0.00    0.00    0.00    0.00    0.00    0.00    0.00  100.00
06:02:24 PM    2    0.00    0.00    0.00    0.00    1.00   99.00    0.00    0.00    0.00    0.00
06:02:24 PM    3    0.00    0.00    0.00    0.00    0.00    0.00    0.00    0.00    0.00  100.00
06:02:24 PM    4    0.00    0.00    0.00    0.00    0.00    0.00    0.00    0.00    0.00  100.00
06:02:24 PM    5    0.00    0.00    0.00    0.00    1.00   99.00    0.00    0.00    0.00    0.00
06:02:24 PM    6    0.00    0.00    0.00    0.00    0.00    0.00    0.00    0.00    0.00  100.00
06:02:24 PM    7    0.00    0.00    0.00    0.00    0.00    0.00    0.00    0.00    0.00  100.00

06:02:24 PM  CPU    %usr   %nice    %sys %iowait    %irq   %soft  %steal  %guest  %gnice   %idle
06:02:25 PM  all    0.00    0.00    0.12    0.00    2.99   34.58    0.00    0.00    0.00   62.31
06:02:25 PM    0    0.00    0.00    0.99    0.00   22.77   76.24    0.00    0.00    0.00    0.00
06:02:25 PM    1    0.00    0.00    0.00    0.00    0.00    0.99    0.00    0.00    0.00   99.01
06:02:25 PM    2    0.00    0.00    0.00    0.00    0.00  100.00    0.00    0.00    0.00    0.00
06:02:25 PM    3    0.00    0.00    0.00    0.00    0.00    0.00    0.00    0.00    0.00  100.00
06:02:25 PM    4    0.00    0.00    0.00    0.00    0.00    0.00    0.00    0.00    0.00  100.00
06:02:25 PM    5    0.00    0.00    0.00    0.00    0.99   99.01    0.00    0.00    0.00    0.00
06:02:25 PM    6    0.00    0.00    0.00    0.00    0.00    0.00    0.00    0.00    0.00  100.00
06:02:25 PM    7    0.00    0.00    0.00    0.00    0.00    0.99    0.00    0.00    0.00   99.01

06:02:25 PM  CPU    %usr   %nice    %sys %iowait    %irq   %soft  %steal  %guest  %gnice   %idle
06:02:26 PM  all    0.00    0.00    0.13    0.00    2.88   34.59    0.00    0.00    0.00   62.41
06:02:26 PM    0    0.00    0.00    1.01    0.00   22.22   76.77    0.00    0.00    0.00    0.00
06:02:26 PM    1    0.00    0.00    0.00    0.00    0.00    0.00    0.00    0.00    0.00  100.00
06:02:26 PM    2    0.00    0.00    0.00    0.00    0.99   99.01    0.00    0.00    0.00    0.00
06:02:26 PM    3    0.00    0.00    0.00    0.00    0.00   56.57    0.00    0.00    0.00   43.43
06:02:26 PM    4    0.00    0.00    0.00    0.00    0.00    0.00    0.00    0.00    0.00  100.00
06:02:26 PM    5    0.00    0.00    0.00    0.00    0.00   44.44    0.00    0.00    0.00   55.56
06:02:26 PM    6    0.00    0.00    0.00    0.00    0.00    0.00    0.00    0.00    0.00  100.00
06:02:26 PM    7    0.00    0.00    0.00    0.00    0.00    0.00    0.00    0.00    0.00  100.00

06:02:26 PM  CPU    %usr   %nice    %sys %iowait    %irq   %soft  %steal  %guest  %gnice   %idle
06:02:27 PM  all    0.00    0.00    0.13    0.00    3.00   34.42    0.00    0.00    0.00   62.45
06:02:27 PM    0    0.00    0.00    1.00    0.00   22.00   77.00    0.00    0.00    0.00    0.00
06:02:27 PM    1    0.00    0.00    0.00    0.00    0.00    0.00    0.00    0.00    0.00  100.00
06:02:27 PM    2    0.00    0.00    0.00    0.00    1.00   99.00    0.00    0.00    0.00    0.00
06:02:27 PM    3    0.00    0.00    0.00    0.00    1.00   99.00    0.00    0.00    0.00    0.00
06:02:27 PM    4    0.00    0.00    0.00    0.00    0.00    0.00    0.00    0.00    0.00  100.00
06:02:27 PM    5    0.00    0.00    0.00    0.00    0.00    0.00    0.00    0.00    0.00  100.00
06:02:27 PM    6    0.00    0.00    0.00    0.00    0.00    0.00    0.00    0.00    0.00  100.00
06:02:27 PM    7    0.00    0.00    0.00    0.00    0.00    0.00    0.00    0.00    0.00  100.00

06:02:27 PM  CPU    %usr   %nice    %sys %iowait    %irq   %soft  %steal  %guest  %gnice   %idle
06:02:28 PM  all    0.00    0.00    0.25    0.00    2.99   34.41    0.00    0.00    0.00   62.34
06:02:28 PM    0    0.00    0.00    1.98    0.00   21.78   76.24    0.00    0.00    0.00    0.00
06:02:28 PM    1    0.00    0.00    0.00    0.00    0.00    0.99    0.00    0.00    0.00   99.01
06:02:28 PM    2    0.00    0.00    0.00    0.00    1.00   99.00    0.00    0.00    0.00    0.00
06:02:28 PM    3    0.00    0.00    0.00    0.00    1.00   99.00    0.00    0.00    0.00    0.00
06:02:28 PM    4    0.00    0.00    0.00    0.00    0.00    0.00    0.00    0.00    0.00  100.00
06:02:28 PM    5    0.00    0.00    0.00    0.00    0.00    0.00    0.00    0.00    0.00  100.00
06:02:28 PM    6    0.00    0.00    0.00    0.00    0.00    0.00    0.00    0.00    0.00  100.00
06:02:28 PM    7    0.00    0.00    0.00    0.00    0.00    0.00    0.00    0.00    0.00  100.00

06:02:28 PM  CPU    %usr   %nice    %sys %iowait    %irq   %soft  %steal  %guest  %gnice   %idle
06:02:29 PM  all    0.00    0.00    0.12    0.00    3.12   34.33    0.00    0.00    0.00   62.42
06:02:29 PM    0    0.00    0.00    1.00    0.00   22.00   77.00    0.00    0.00    0.00    0.00
06:02:29 PM    1    0.00    0.00    0.00    0.00    0.00    0.00    0.00    0.00    0.00  100.00
06:02:29 PM    2    0.00    0.00    0.00    0.00    1.00   99.00    0.00    0.00    0.00    0.00
06:02:29 PM    3    0.00    0.00    0.00    0.00    1.00   99.00    0.00    0.00    0.00    0.00
06:02:29 PM    4    0.00    0.00    0.00    0.00    0.98    0.00    0.00    0.00    0.00   99.02
06:02:29 PM    5    0.00    0.00    0.00    0.00    0.00    0.00    0.00    0.00    0.00  100.00
06:02:29 PM    6    0.00    0.00    0.00    0.00    0.00    0.00    0.00    0.00    0.00  100.00
06:02:29 PM    7    0.00    0.00    0.00    0.00    0.00    0.00    0.00    0.00    0.00  100.00

06:02:29 PM  CPU    %usr   %nice    %sys %iowait    %irq   %soft  %steal  %guest  %gnice   %idle
06:02:30 PM  all    0.00    0.00    0.00    0.00    3.11   34.66    0.00    0.00    0.00   62.24
06:02:30 PM    0    0.00    0.00    0.00    0.00   22.22   77.78    0.00    0.00    0.00    0.00
06:02:30 PM    1    0.00    0.00    0.00    0.00    0.98    0.98    0.00    0.00    0.00   98.04
06:02:30 PM    2    0.00    0.00    0.00    0.00    1.00   80.00    0.00    0.00    0.00   19.00
06:02:30 PM    3    0.00    0.00    0.00    0.00    0.98   82.35    0.00    0.00    0.00   16.67
06:02:30 PM    4    0.00    0.00    0.00    0.00    0.00   20.00    0.00    0.00    0.00   80.00
06:02:30 PM    5    0.00    0.00    0.00    0.00    0.00    0.00    0.00    0.00    0.00  100.00
06:02:30 PM    6    0.00    0.00    0.00    0.00    0.00   17.00    0.00    0.00    0.00   83.00
06:02:30 PM    7    0.00    0.00    0.00    0.00    0.00    0.00    0.00    0.00    0.00  100.00

06:02:30 PM  CPU    %usr   %nice    %sys %iowait    %irq   %soft  %steal  %guest  %gnice   %idle
06:02:31 PM  all    0.00    0.00    0.13    0.00    2.88   34.46    0.00    0.00    0.00   62.53
06:02:31 PM    0    0.00    0.00    1.00    0.00   23.00   76.00    0.00    0.00    0.00    0.00
06:02:31 PM    1    0.00    0.00    0.00    0.00    0.00    0.00    0.00    0.00    0.00  100.00
06:02:31 PM    2    0.00    0.00    0.00    0.00    0.00    0.00    0.00    0.00    0.00  100.00
06:02:31 PM    3    0.00    0.00    0.00    0.00    0.00    0.00    0.00    0.00    0.00  100.00
06:02:31 PM    4    0.00    0.00    0.00    0.00    0.00  100.00    0.00    0.00    0.00    0.00
06:02:31 PM    5    0.00    0.00    0.00    0.00    0.00    0.00    0.00    0.00    0.00  100.00
06:02:31 PM    6    0.00    0.00    0.00    0.00    0.00  100.00    0.00    0.00    0.00    0.00
06:02:31 PM    7    0.00    0.00    0.00    0.00    0.00    0.00    0.00    0.00    0.00  100.00

06:02:31 PM  CPU    %usr   %nice    %sys %iowait    %irq   %soft  %steal  %guest  %gnice   %idle
06:02:32 PM  all    0.00    0.00    0.12    0.00    3.11   34.37    0.00    0.00    0.00   62.39
06:02:32 PM    0    0.00    0.00    0.99    0.00   22.77   76.24    0.00    0.00    0.00    0.00
06:02:32 PM    1    0.00    0.00    0.00    0.00    0.00    0.00    0.00    0.00    0.00  100.00
06:02:32 PM    2    0.00    0.00    0.00    0.00    0.00    0.00    0.00    0.00    0.00  100.00
06:02:32 PM    3    0.00    0.00    0.00    0.00    0.00    0.00    0.00    0.00    0.00  100.00
06:02:32 PM    4    0.00    0.00    0.00    0.00    0.99   99.01    0.00    0.00    0.00    0.00
06:02:32 PM    5    0.00    0.00    0.00    0.00    0.00    0.00    0.00    0.00    0.00  100.00
06:02:32 PM    6    0.00    0.00    0.00    0.00    1.00   99.00    0.00    0.00    0.00    0.00
06:02:32 PM    7    0.00    0.00    0.00    0.00    0.00    0.00    0.00    0.00    0.00  100.00

06:02:32 PM  CPU    %usr   %nice    %sys %iowait    %irq   %soft  %steal  %guest  %gnice   %idle
06:02:33 PM  all    0.62    0.00    1.00    0.00    3.00   34.33    0.00    0.00    0.00   61.05
06:02:33 PM    0    0.00    0.00    2.00    0.00   22.00   76.00    0.00    0.00    0.00    0.00
06:02:33 PM    1    0.99    0.00    1.98    0.00    0.00    0.99    0.00    0.00    0.00   96.04
06:02:33 PM    2    0.00    0.00    1.01    0.00    0.00    0.00    0.00    0.00    0.00   98.99
06:02:33 PM    3    4.00    0.00    3.00    0.00    0.00    0.00    0.00    0.00    0.00   93.00
06:02:33 PM    4    0.00    0.00    0.00    0.00    1.00   99.00    0.00    0.00    0.00    0.00
06:02:33 PM    5    0.00    0.00    0.00    0.00    0.00    0.00    0.00    0.00    0.00  100.00
06:02:33 PM    6    0.00    0.00    0.00    0.00    1.00   99.00    0.00    0.00    0.00    0.00
06:02:33 PM    7    0.00    0.00    0.00    0.00    0.00    0.00    0.00    0.00    0.00  100.00

06:02:33 PM  CPU    %usr   %nice    %sys %iowait    %irq   %soft  %steal  %guest  %gnice   %idle
06:02:34 PM  all    0.00    0.00    0.00    0.00    2.88   34.42    0.00    0.00    0.00   62.70
06:02:34 PM    0    0.00    0.00    0.00    0.00   23.23   76.77    0.00    0.00    0.00    0.00
06:02:34 PM    1    0.00    0.00    0.00    0.00    0.00    0.00    0.00    0.00    0.00  100.00
06:02:34 PM    2    0.00    0.00    0.00    0.00    0.00    0.00    0.00    0.00    0.00  100.00
06:02:34 PM    3    0.00    0.00    0.00    0.00    0.00    0.00    0.00    0.00    0.00  100.00
06:02:34 PM    4    0.00    0.00    0.00    0.00    0.00  100.00    0.00    0.00    0.00    0.00
06:02:34 PM    5    0.00    0.00    0.00    0.00    0.00    0.00    0.00    0.00    0.00  100.00
06:02:34 PM    6    0.00    0.00    0.00    0.00    0.00  100.00    0.00    0.00    0.00    0.00
06:02:34 PM    7    0.00    0.00    0.00    0.00    0.00    0.00    0.00    0.00    0.00  100.00

06:02:34 PM  CPU    %usr   %nice    %sys %iowait    %irq   %soft  %steal  %guest  %gnice   %idle
06:02:35 PM  all    0.00    0.00    0.25    0.00    3.11   34.62    0.00    0.00    0.00   62.02
06:02:35 PM    0    0.00    0.00    1.98    0.00   21.78   76.24    0.00    0.00    0.00    0.00
06:02:35 PM    1    0.00    0.00    0.00    0.00    1.00   77.00    0.00    0.00    0.00   22.00
06:02:35 PM    2    0.00    0.00    0.00    0.00    0.00    0.99    0.00    0.00    0.00   99.01
06:02:35 PM    3    0.00    0.00    0.00    0.00    1.00   79.00    0.00    0.00    0.00   20.00
06:02:35 PM    4    0.00    0.00    0.00    0.00    0.99   20.79    0.00    0.00    0.00   78.22
06:02:35 PM    5    0.00    0.00    0.00    0.00    0.00    0.00    0.00    0.00    0.00  100.00
06:02:35 PM    6    0.00    0.00    0.00    0.00    0.00   23.23    0.00    0.00    0.00   76.77
06:02:35 PM    7    0.00    0.00    0.00    0.00    0.00    0.00    0.00    0.00    0.00  100.00

06:02:35 PM  CPU    %usr   %nice    %sys %iowait    %irq   %soft  %steal  %guest  %gnice   %idle
06:02:36 PM  all    0.00    0.00    0.13    0.00    3.01   34.34    0.00    0.00    0.00   62.53
06:02:36 PM    0    0.00    0.00    1.01    0.00   22.22   76.77    0.00    0.00    0.00    0.00
06:02:36 PM    1    0.00    0.00    0.00    0.00    1.00   99.00    0.00    0.00    0.00    0.00
06:02:36 PM    2    0.00    0.00    0.00    0.00    0.00    0.00    0.00    0.00    0.00  100.00
06:02:36 PM    3    0.00    0.00    0.00    0.00    1.00   99.00    0.00    0.00    0.00    0.00
06:02:36 PM    4    0.00    0.00    0.00    0.00    0.00    0.00    0.00    0.00    0.00  100.00
06:02:36 PM    5    0.00    0.00    0.00    0.00    0.00    0.00    0.00    0.00    0.00  100.00
06:02:36 PM    6    0.00    0.00    0.00    0.00    0.00    0.00    0.00    0.00    0.00  100.00
06:02:36 PM    7    0.00    0.00    0.00    0.00    0.00    0.00    0.00    0.00    0.00  100.00

06:02:36 PM  CPU    %usr   %nice    %sys %iowait    %irq   %soft  %steal  %guest  %gnice   %idle
06:02:37 PM  all    0.12    0.00    0.12    0.00    3.00   34.38    0.00    0.00    0.00   62.38
06:02:37 PM    0    0.00    0.00    1.00    0.00   22.00   77.00    0.00    0.00    0.00    0.00
06:02:37 PM    1    0.00    0.00    0.00    0.00    1.00   99.00    0.00    0.00    0.00    0.00
06:02:37 PM    2    0.00    0.00    0.00    0.00    0.00    0.00    0.00    0.00    0.00  100.00
06:02:37 PM    3    0.00    0.00    0.00    0.00    1.00   99.00    0.00    0.00    0.00    0.00
06:02:37 PM    4    0.00    0.00    0.00    0.00    0.00    0.00    0.00    0.00    0.00  100.00
06:02:37 PM    5    0.99    0.00    0.00    0.00    0.00    0.00    0.00    0.00    0.00   99.01
06:02:37 PM    6    0.00    0.00    0.00    0.00    0.00    0.00    0.00    0.00    0.00  100.00
06:02:37 PM    7    0.00    0.00    0.00    0.00    0.00    0.00    0.00    0.00    0.00  100.00

06:02:37 PM  CPU    %usr   %nice    %sys %iowait    %irq   %soft  %steal  %guest  %gnice   %idle
06:02:38 PM  all    0.12    0.00    0.37    0.00    3.10   34.24    0.00    0.00    0.00   62.16
06:02:38 PM    0    0.00    0.00    1.98    0.00   21.78   76.24    0.00    0.00    0.00    0.00
06:02:38 PM    1    0.00    0.00    0.00    0.00    1.00   99.00    0.00    0.00    0.00    0.00
06:02:38 PM    2    0.00    0.00    0.97    0.00    0.97    0.97    0.00    0.00    0.00   97.09
06:02:38 PM    3    0.00    0.00    0.00    0.00    1.00   99.00    0.00    0.00    0.00    0.00
06:02:38 PM    4    0.00    0.00    0.00    0.00    0.00    0.00    0.00    0.00    0.00  100.00
06:02:38 PM    5    0.00    0.00    0.00    0.00    0.00    0.00    0.00    0.00    0.00  100.00
06:02:38 PM    6    0.00    0.00    0.00    0.00    0.00    0.00    0.00    0.00    0.00  100.00
06:02:38 PM    7    0.99    0.00    0.00    0.00    0.00    0.00    0.00    0.00    0.00   99.01

06:02:38 PM  CPU    %usr   %nice    %sys %iowait    %irq   %soft  %steal  %guest  %gnice   %idle
06:02:39 PM  all    0.87    0.00    0.75    0.00    3.00   34.71    0.00    0.00    0.00   60.67
06:02:39 PM    0    0.00    0.00    0.00    0.00   23.00   77.00    0.00    0.00    0.00    0.00
06:02:39 PM    1    0.00    0.00    0.00    0.00    0.00   63.00    0.00    0.00    0.00   37.00
06:02:39 PM    2    2.02    0.00    1.01    0.00    0.00   40.40    0.00    0.00    0.00   56.57
06:02:39 PM    3    0.00    0.00    1.00    0.00    0.00   60.00    0.00    0.00    0.00   39.00
06:02:39 PM    4    1.00    0.00    2.00    0.00    0.00   38.00    0.00    0.00    0.00   59.00
06:02:39 PM    5    1.00    0.00    0.00    0.00    0.00    0.00    0.00    0.00    0.00   99.00
06:02:39 PM    6    0.99    0.00    0.99    0.00    0.99    0.00    0.00    0.00    0.00   97.03
06:02:39 PM    7    1.98    0.00    0.99    0.00    0.00    0.00    0.00    0.00    0.00   97.03

06:02:39 PM  CPU    %usr   %nice    %sys %iowait    %irq   %soft  %steal  %guest  %gnice   %idle
06:02:40 PM  all    0.00    0.00    0.25    0.00    3.01   34.21    0.00    0.00    0.00   62.53
06:02:40 PM    0    0.00    0.00    2.02    0.00   22.22   75.76    0.00    0.00    0.00    0.00
06:02:40 PM    1    0.00    0.00    0.00    0.00    1.00    0.00    0.00    0.00    0.00   99.00
06:02:40 PM    2    0.00    0.00    0.00    0.00    1.00   99.00    0.00    0.00    0.00    0.00
06:02:40 PM    3    0.00    0.00    0.00    0.00    0.00    0.00    0.00    0.00    0.00  100.00
06:02:40 PM    4    0.00    0.00    0.00    0.00    0.00  100.00    0.00    0.00    0.00    0.00
06:02:40 PM    5    0.00    0.00    0.00    0.00    0.00    0.00    0.00    0.00    0.00  100.00
06:02:40 PM    6    0.00    0.00    0.00    0.00    0.00    0.00    0.00    0.00    0.00  100.00
06:02:40 PM    7    0.00    0.00    0.00    0.00    0.00    0.00    0.00    0.00    0.00  100.00

06:02:40 PM  CPU    %usr   %nice    %sys %iowait    %irq   %soft  %steal  %guest  %gnice   %idle
06:02:41 PM  all    0.00    0.00    0.50    0.00    2.98   34.37    0.00    0.00    0.00   62.16
06:02:41 PM    0    0.00    0.00    2.97    0.00   21.78   75.25    0.00    0.00    0.00    0.00
06:02:41 PM    1    0.00    0.00    0.00    0.00    0.00    0.99    0.00    0.00    0.00   99.01
06:02:41 PM    2    0.00    0.00    0.00    0.00    0.99   99.01    0.00    0.00    0.00    0.00
06:02:41 PM    3    0.00    0.00    0.00    0.00    0.00    0.00    0.00    0.00    0.00  100.00
06:02:41 PM    4    0.00    0.00    0.00    0.00    0.99   99.01    0.00    0.00    0.00    0.00
06:02:41 PM    5    0.00    0.00    0.00    0.00    0.00    0.00    0.00    0.00    0.00  100.00
06:02:41 PM    6    0.00    0.00    0.00    0.00    0.00    0.00    0.00    0.00    0.00  100.00
06:02:41 PM    7    0.00    0.00    0.99    0.00    0.00    0.00    0.00    0.00    0.00   99.01

06:02:41 PM  CPU    %usr   %nice    %sys %iowait    %irq   %soft  %steal  %guest  %gnice   %idle
06:02:42 PM  all    0.00    0.00    0.00    0.00    3.24   34.41    0.00    0.00    0.00   62.34
06:02:42 PM    0    0.00    0.00    0.00    0.00   23.00   77.00    0.00    0.00    0.00    0.00
06:02:42 PM    1    0.00    0.00    0.00    0.00    0.00    0.00    0.00    0.00    0.00  100.00
06:02:42 PM    2    0.00    0.00    0.00    0.00    1.00   99.00    0.00    0.00    0.00    0.00
06:02:42 PM    3    0.00    0.00    0.00    0.00    0.99    0.00    0.00    0.00    0.00   99.01
06:02:42 PM    4    0.00    0.00    0.00    0.00    0.99   99.01    0.00    0.00    0.00    0.00
06:02:42 PM    5    0.00    0.00    0.00    0.00    0.00    0.00    0.00    0.00    0.00  100.00
06:02:42 PM    6    0.00    0.00    0.00    0.00    0.00    0.00    0.00    0.00    0.00  100.00
06:02:42 PM    7    0.00    0.00    0.00    0.00    0.00    0.00    0.00    0.00    0.00  100.00

06:02:42 PM  CPU    %usr   %nice    %sys %iowait    %irq   %soft  %steal  %guest  %gnice   %idle
06:02:43 PM  all    0.00    0.00    0.25    0.00    2.88   34.46    0.00    0.00    0.00   62.41
06:02:43 PM    0    0.00    0.00    2.00    0.00   22.00   76.00    0.00    0.00    0.00    0.00
06:02:43 PM    1    0.00    0.00    0.00    0.00    0.00    0.00    0.00    0.00    0.00  100.00
06:02:43 PM    2    0.00    0.00    0.00    0.00    1.00   99.00    0.00    0.00    0.00    0.00
06:02:43 PM    3    0.00    0.00    0.00    0.00    0.00    1.00    0.00    0.00    0.00   99.00
06:02:43 PM    4    0.00    0.00    0.00    0.00    0.00  100.00    0.00    0.00    0.00    0.00
06:02:43 PM    5    0.00    0.00    0.00    0.00    0.00    0.00    0.00    0.00    0.00  100.00
06:02:43 PM    6    0.00    0.00    0.00    0.00    0.00    0.00    0.00    0.00    0.00  100.00
06:02:43 PM    7    0.00    0.00    0.00    0.00    0.00    0.00    0.00    0.00    0.00  100.00

06:02:43 PM  CPU    %usr   %nice    %sys %iowait    %irq   %soft  %steal  %guest  %gnice   %idle
06:02:44 PM  all    0.00    0.00    0.12    0.00    3.00   34.58    0.00    0.00    0.00   62.30
06:02:44 PM    0    0.00    0.00    0.99    0.00   22.77   76.24    0.00    0.00    0.00    0.00
06:02:44 PM    1    0.00    0.00    0.00    0.00    0.00    0.99    0.00    0.00    0.00   99.01
06:02:44 PM    2    0.00    0.00    0.00    0.00    0.00    0.00    0.00    0.00    0.00  100.00
06:02:44 PM    3    0.00    0.00    0.00    0.00    0.00  100.00    0.00    0.00    0.00    0.00
06:02:44 PM    4    0.00    0.00    0.00    0.00    0.00    2.00    0.00    0.00    0.00   98.00
06:02:44 PM    5    0.00    0.00    0.00    0.00    0.00    0.00    0.00    0.00    0.00  100.00
06:02:44 PM    6    0.00    0.00    0.00    0.00    0.00    0.00    0.00    0.00    0.00  100.00
06:02:44 PM    7    0.00    0.00    0.00    0.00    1.00   98.00    0.00    0.00    0.00    1.00

06:02:44 PM  CPU    %usr   %nice    %sys %iowait    %irq   %soft  %steal  %guest  %gnice   %idle
06:02:45 PM  all    0.00    0.00    0.25    0.00    2.88   34.29    0.00    0.00    0.00   62.58
06:02:45 PM    0    0.00    0.00    2.00    0.00   22.00   76.00    0.00    0.00    0.00    0.00
06:02:45 PM    1    0.00    0.00    0.00    0.00    0.00    0.00    0.00    0.00    0.00  100.00
06:02:45 PM    2    0.00    0.00    0.00    0.00    0.00    0.00    0.00    0.00    0.00  100.00
06:02:45 PM    3    0.00    0.00    0.00    0.00    1.00   99.00    0.00    0.00    0.00    0.00
06:02:45 PM    4    0.00    0.00    0.00    0.00    0.00    0.00    0.00    0.00    0.00  100.00
06:02:45 PM    5    0.00    0.00    0.00    0.00    0.00    0.00    0.00    0.00    0.00  100.00
06:02:45 PM    6    0.00    0.00    0.00    0.00    0.00    0.00    0.00    0.00    0.00  100.00
06:02:45 PM    7    0.00    0.00    0.00    0.00    0.00  100.00    0.00    0.00    0.00    0.00

06:02:45 PM  CPU    %usr   %nice    %sys %iowait    %irq   %soft  %steal  %guest  %gnice   %idle
06:02:46 PM  all    0.00    0.00    0.13    0.00    3.00   34.42    0.00    0.00    0.00   62.45
06:02:46 PM    0    0.00    0.00    1.01    0.00   22.22   76.77    0.00    0.00    0.00    0.00
06:02:46 PM    1    0.00    0.00    0.00    0.00    0.00    0.00    0.00    0.00    0.00  100.00
06:02:46 PM    2    0.00    0.00    0.00    0.00    0.00    0.00    0.00    0.00    0.00  100.00
06:02:46 PM    3    0.00    0.00    0.00    0.00    1.00   99.00    0.00    0.00    0.00    0.00
06:02:46 PM    4    0.00    0.00    0.00    0.00    0.00    0.00    0.00    0.00    0.00  100.00
06:02:46 PM    5    0.00    0.00    0.00    0.00    0.00    0.00    0.00    0.00    0.00  100.00
06:02:46 PM    6    0.00    0.00    0.00    0.00    0.00    0.00    0.00    0.00    0.00  100.00
06:02:46 PM    7    0.00    0.00    0.00    0.00    0.99   99.01    0.00    0.00    0.00    0.00

06:02:46 PM  CPU    %usr   %nice    %sys %iowait    %irq   %soft  %steal  %guest  %gnice   %idle
06:02:47 PM  all    0.00    0.00    0.12    0.00    2.99   34.45    0.00    0.00    0.00   62.44
06:02:47 PM    0    0.00    0.00    1.00    0.00   22.00   77.00    0.00    0.00    0.00    0.00
06:02:47 PM    1    0.00    0.00    0.00    0.00    0.00    0.99    0.00    0.00    0.00   99.01
06:02:47 PM    2    0.00    0.00    0.00    0.00    0.00    0.00    0.00    0.00    0.00  100.00
06:02:47 PM    3    0.00    0.00    0.00    0.00    0.99   99.01    0.00    0.00    0.00    0.00
06:02:47 PM    4    0.00    0.00    0.00    0.00    0.00    0.00    0.00    0.00    0.00  100.00
06:02:47 PM    5    0.00    0.00    0.00    0.00    0.00    0.00    0.00    0.00    0.00  100.00
06:02:47 PM    6    0.00    0.00    0.00    0.00    0.00    0.00    0.00    0.00    0.00  100.00
06:02:47 PM    7    0.00    0.00    0.00    0.00    1.00   99.00    0.00    0.00    0.00    0.00

06:02:47 PM  CPU    %usr   %nice    %sys %iowait    %irq   %soft  %steal  %guest  %gnice   %idle
06:02:48 PM  all    0.00    0.00    0.00    0.00    2.88   34.92    0.00    0.00    0.00   62.20
06:02:48 PM    0    0.00    0.00    0.00    0.00   22.22   77.78    0.00    0.00    0.00    0.00
06:02:48 PM    1    0.00    0.00    0.00    0.00    0.00    0.00    0.00    0.00    0.00  100.00
06:02:48 PM    2    0.00    0.00    0.00    0.00    0.00   62.00    0.00    0.00    0.00   38.00
06:02:48 PM    3    0.00    0.00    0.00    0.00    1.00   98.00    0.00    0.00    0.00    1.00
06:02:48 PM    4    0.00    0.00    0.00    0.00    0.00    0.00    0.00    0.00    0.00  100.00
06:02:48 PM    5    0.00    0.00    0.00    0.00    0.00    0.00    0.00    0.00    0.00  100.00
06:02:48 PM    6    0.00    0.00    0.00    0.00    0.00    0.00    0.00    0.00    0.00  100.00
06:02:48 PM    7    0.00    0.00    0.00    0.00    0.00   42.00    0.00    0.00    0.00   58.00

Average:     CPU    %usr   %nice    %sys %iowait    %irq   %soft  %steal  %guest  %gnice   %idle
Average:     all    0.06    0.00    0.24    0.00    3.01   34.45    0.00    0.00    0.00   62.23
Average:       0    0.00    0.00    1.10    0.00   22.27   76.63    0.00    0.00    0.00    0.00
Average:       1    0.03    0.00    0.10    0.00    0.30   24.88    0.00    0.00    0.00   74.69
Average:       2    0.07    0.00    0.10    0.00    0.53   55.66    0.00    0.00    0.00   43.64
Average:       3    0.13    0.00    0.20    0.00    0.47   45.61    0.00    0.00    0.00   53.60
Average:       4    0.03    0.00    0.13    0.00    0.20   29.17    0.00    0.00    0.00   70.46
Average:       5    0.07    0.00    0.00    0.00    0.10   14.57    0.00    0.00    0.00   85.26
Average:       6    0.03    0.00    0.10    0.00    0.13   14.59    0.00    0.00    0.00   85.14
Average:       7    0.13    0.00    0.17    0.00    0.13   14.59    0.00    0.00    0.00   84.97
