Linux 6.12.87 (pi5-2) 	06/16/2026 	_aarch64_	(4 CPU)

10:08:15 PM  CPU    %usr   %nice    %sys %iowait    %irq   %soft  %steal  %guest  %gnice   %idle
10:08:16 PM  all    0.25    0.00    1.01    0.00    0.76    4.28    0.00    0.00    0.00   93.70
10:08:16 PM    0    0.00    0.00    1.01    0.00    2.02   17.17    0.00    0.00    0.00   79.80
10:08:16 PM    1    0.00    0.00    1.02    0.00    0.00    0.00    0.00    0.00    0.00   98.98
10:08:16 PM    2    0.00    0.00    0.00    0.00    1.01    0.00    0.00    0.00    0.00   98.99
10:08:16 PM    3    0.99    0.00    1.98    0.00    0.00    0.00    0.00    0.00    0.00   97.03

10:08:16 PM  CPU    %usr   %nice    %sys %iowait    %irq   %soft  %steal  %guest  %gnice   %idle
10:08:17 PM  all    0.00    0.00    1.49    0.00    1.24    5.22    0.00    0.00    0.00   92.04
10:08:17 PM    0    0.00    0.00    0.00    0.00    4.04   21.21    0.00    0.00    0.00   74.75
10:08:17 PM    1    0.00    0.00    1.00    0.00    0.00    0.00    0.00    0.00    0.00   99.00
10:08:17 PM    2    0.00    0.00    1.98    0.00    0.00    0.00    0.00    0.00    0.00   98.02
10:08:17 PM    3    0.00    0.00    2.94    0.00    0.98    0.00    0.00    0.00    0.00   96.08

10:08:17 PM  CPU    %usr   %nice    %sys %iowait    %irq   %soft  %steal  %guest  %gnice   %idle
10:08:18 PM  all    0.00    0.00    1.26    0.50    1.01    5.29    0.00    0.00    0.00   91.94
10:08:18 PM    0    0.00    0.00    0.00    2.02    4.04   21.21    0.00    0.00    0.00   72.73
10:08:18 PM    1    0.00    0.00    2.00    0.00    0.00    0.00    0.00    0.00    0.00   98.00
10:08:18 PM    2    0.00    0.00    2.00    0.00    0.00    0.00    0.00    0.00    0.00   98.00
10:08:18 PM    3    0.00    0.00    1.02    0.00    0.00    0.00    0.00    0.00    0.00   98.98

10:08:18 PM  CPU    %usr   %nice    %sys %iowait    %irq   %soft  %steal  %guest  %gnice   %idle
10:08:19 PM  all    0.50    0.00    1.00    1.25    1.00    5.26    0.00    0.00    0.00   90.98
10:08:19 PM    0    0.00    0.00    0.00    2.04    4.08   21.43    0.00    0.00    0.00   72.45
10:08:19 PM    1    0.99    0.00    0.99    1.98    0.00    0.00    0.00    0.00    0.00   96.04
10:08:19 PM    2    0.00    0.00    0.00    1.01    0.00    0.00    0.00    0.00    0.00   98.99
10:08:19 PM    3    0.99    0.00    2.97    0.00    0.00    0.00    0.00    0.00    0.00   96.04

10:08:19 PM  CPU    %usr   %nice    %sys %iowait    %irq   %soft  %steal  %guest  %gnice   %idle
10:08:20 PM  all    0.00    0.00    0.76    0.00    1.01    5.54    0.00    0.00    0.00   92.70
10:08:20 PM    0    0.00    0.00    0.00    0.00    4.00   22.00    0.00    0.00    0.00   74.00
10:08:20 PM    1    0.00    0.00    0.00    0.00    0.00    0.00    0.00    0.00    0.00  100.00
10:08:20 PM    2    0.00    0.00    1.00    0.00    0.00    0.00    0.00    0.00    0.00   99.00
10:08:20 PM    3    0.00    0.00    2.02    0.00    0.00    0.00    0.00    0.00    0.00   97.98

10:08:20 PM  CPU    %usr   %nice    %sys %iowait    %irq   %soft  %steal  %guest  %gnice   %idle
10:08:21 PM  all    0.00    0.00    1.51    0.00    1.51    5.28    0.00    0.00    0.00   91.71
10:08:21 PM    0    0.00    0.00    1.01    0.00    4.04   21.21    0.00    0.00    0.00   73.74
10:08:21 PM    1    0.00    0.00    1.98    0.00    0.99    0.00    0.00    0.00    0.00   97.03
10:08:21 PM    2    0.00    0.00    2.00    0.00    0.00    0.00    0.00    0.00    0.00   98.00
10:08:21 PM    3    0.00    0.00    1.02    0.00    1.02    0.00    0.00    0.00    0.00   97.96

10:08:21 PM  CPU    %usr   %nice    %sys %iowait    %irq   %soft  %steal  %guest  %gnice   %idle
10:08:22 PM  all    0.00    0.00    1.25    0.00    1.25    5.25    0.00    0.00    0.00   92.25
10:08:22 PM    0    0.00    0.00    0.00    0.00    4.04   21.21    0.00    0.00    0.00   74.75
10:08:22 PM    1    0.00    0.00    0.00    0.00    0.00    0.00    0.00    0.00    0.00  100.00
10:08:22 PM    2    0.00    0.00    0.99    0.00    0.99    0.00    0.00    0.00    0.00   98.02
10:08:22 PM    3    0.00    0.00    3.92    0.00    0.00    0.00    0.00    0.00    0.00   96.08

10:08:22 PM  CPU    %usr   %nice    %sys %iowait    %irq   %soft  %steal  %guest  %gnice   %idle
10:08:23 PM  all    0.25    0.00    1.00    0.00    0.75    5.51    0.00    0.00    0.00   92.48
10:08:23 PM    0    0.00    0.00    0.00    0.00    3.03   22.22    0.00    0.00    0.00   74.75
10:08:23 PM    1    0.99    0.00    0.99    0.00    0.00    0.00    0.00    0.00    0.00   98.02
10:08:23 PM    2    0.00    0.00    1.00    0.00    0.00    0.00    0.00    0.00    0.00   99.00
10:08:23 PM    3    0.00    0.00    2.02    0.00    0.00    0.00    0.00    0.00    0.00   97.98

10:08:23 PM  CPU    %usr   %nice    %sys %iowait    %irq   %soft  %steal  %guest  %gnice   %idle
10:08:24 PM  all    0.00    0.00    0.51    0.76    1.02    5.34    0.00    0.00    0.00   92.37
10:08:24 PM    0    0.00    0.00    1.01    0.00    4.04   21.21    0.00    0.00    0.00   73.74
10:08:24 PM    1    0.00    0.00    0.00    3.09    0.00    0.00    0.00    0.00    0.00   96.91
10:08:24 PM    2    0.00    0.00    1.01    0.00    0.00    0.00    0.00    0.00    0.00   98.99
10:08:24 PM    3    0.00    0.00    0.00    0.00    0.00    0.00    0.00    0.00    0.00  100.00

10:08:24 PM  CPU    %usr   %nice    %sys %iowait    %irq   %soft  %steal  %guest  %gnice   %idle
10:08:25 PM  all    0.00    0.00    1.25    0.00    1.25    5.24    0.00    0.00    0.00   92.27
10:08:25 PM    0    0.00    0.00    0.00    0.00    4.04   21.21    0.00    0.00    0.00   74.75
10:08:25 PM    1    0.00    0.00    2.00    0.00    0.00    0.00    0.00    0.00    0.00   98.00
10:08:25 PM    2    0.00    0.00    1.00    0.00    0.00    0.00    0.00    0.00    0.00   99.00
10:08:25 PM    3    0.00    0.00    1.96    0.00    0.98    0.00    0.00    0.00    0.00   97.06

10:08:25 PM  CPU    %usr   %nice    %sys %iowait    %irq   %soft  %steal  %guest  %gnice   %idle
10:08:26 PM  all    0.00    0.00    0.51    0.00    1.26    5.30    0.00    0.00    0.00   92.93
10:08:26 PM    0    0.00    0.00    0.00    0.00    4.04   21.21    0.00    0.00    0.00   74.75
10:08:26 PM    1    0.00    0.00    1.01    0.00    1.01    0.00    0.00    0.00    0.00   97.98
10:08:26 PM    2    0.00    0.00    0.00    0.00    0.00    0.00    0.00    0.00    0.00  100.00
10:08:26 PM    3    0.00    0.00    1.01    0.00    0.00    0.00    0.00    0.00    0.00   98.99

10:08:26 PM  CPU    %usr   %nice    %sys %iowait    %irq   %soft  %steal  %guest  %gnice   %idle
10:08:27 PM  all    0.00    0.00    1.25    0.00    1.00    5.50    0.00    0.00    0.00   92.25
10:08:27 PM    0    0.00    0.00    0.00    0.00    4.00   22.00    0.00    0.00    0.00   74.00
10:08:27 PM    1    0.00    0.00    2.00    0.00    0.00    0.00    0.00    0.00    0.00   98.00
10:08:27 PM    2    0.00    0.00    1.98    0.00    0.00    0.00    0.00    0.00    0.00   98.02
10:08:27 PM    3    0.00    0.00    1.01    0.00    0.00    0.00    0.00    0.00    0.00   98.99

10:08:27 PM  CPU    %usr   %nice    %sys %iowait    %irq   %soft  %steal  %guest  %gnice   %idle
10:08:28 PM  all    0.00    0.00    1.50    0.00    1.25    5.26    0.00    0.00    0.00   91.98
10:08:28 PM    0    0.00    0.00    0.00    0.00    4.08   21.43    0.00    0.00    0.00   74.49
10:08:28 PM    1    0.00    0.00    1.00    0.00    0.00    0.00    0.00    0.00    0.00   99.00
10:08:28 PM    2    0.00    0.00    1.98    0.00    0.99    0.00    0.00    0.00    0.00   97.03
10:08:28 PM    3    0.00    0.00    3.00    0.00    0.00    0.00    0.00    0.00    0.00   97.00

10:08:28 PM  CPU    %usr   %nice    %sys %iowait    %irq   %soft  %steal  %guest  %gnice   %idle
10:08:29 PM  all    0.00    0.00    0.76    0.51    0.76    5.30    0.00    0.00    0.00   92.68
10:08:29 PM    0    0.00    0.00    0.00    0.00    3.06   21.43    0.00    0.00    0.00   75.51
10:08:29 PM    1    0.00    0.00    1.00    2.00    0.00    0.00    0.00    0.00    0.00   97.00
10:08:29 PM    2    0.00    0.00    1.02    0.00    0.00    0.00    0.00    0.00    0.00   98.98
10:08:29 PM    3    0.00    0.00    1.00    0.00    0.00    0.00    0.00    0.00    0.00   99.00

10:08:29 PM  CPU    %usr   %nice    %sys %iowait    %irq   %soft  %steal  %guest  %gnice   %idle
10:08:30 PM  all    0.00    0.00    0.75    0.25    1.01    5.78    0.00    0.00    0.00   92.21
10:08:30 PM    0    0.00    0.00    0.00    0.00    4.00   22.00    0.00    0.00    0.00   74.00
10:08:30 PM    1    0.00    0.00    1.01    1.01    0.00    0.00    0.00    0.00    0.00   97.98
10:08:30 PM    2    0.00    0.00    2.00    0.00    0.00    1.00    0.00    0.00    0.00   97.00
10:08:30 PM    3    0.00    0.00    0.00    0.00    0.00    0.00    0.00    0.00    0.00  100.00

10:08:30 PM  CPU    %usr   %nice    %sys %iowait    %irq   %soft  %steal  %guest  %gnice   %idle
10:08:31 PM  all    0.00    0.00    0.75    0.00    1.50    5.26    0.00    0.00    0.00   92.48
10:08:31 PM    0    0.00    0.00    0.00    0.00    4.04   21.21    0.00    0.00    0.00   74.75
10:08:31 PM    1    0.00    0.00    0.99    0.00    0.99    0.00    0.00    0.00    0.00   98.02
10:08:31 PM    2    0.00    0.00    2.00    0.00    0.00    0.00    0.00    0.00    0.00   98.00
10:08:31 PM    3    0.00    0.00    0.00    0.00    1.01    0.00    0.00    0.00    0.00   98.99

10:08:31 PM  CPU    %usr   %nice    %sys %iowait    %irq   %soft  %steal  %guest  %gnice   %idle
10:08:32 PM  all    0.00    0.00    1.25    0.00    1.25    5.25    0.00    0.00    0.00   92.25
10:08:32 PM    0    0.00    0.00    0.00    0.00    4.04   21.21    0.00    0.00    0.00   74.75
10:08:32 PM    1    0.00    0.00    1.00    0.00    0.00    0.00    0.00    0.00    0.00   99.00
10:08:32 PM    2    0.00    0.00    2.00    0.00    1.00    0.00    0.00    0.00    0.00   97.00
10:08:32 PM    3    0.00    0.00    1.98    0.00    0.00    0.00    0.00    0.00    0.00   98.02

10:08:32 PM  CPU    %usr   %nice    %sys %iowait    %irq   %soft  %steal  %guest  %gnice   %idle
10:08:33 PM  all    0.00    0.00    0.76    0.00    1.01    5.29    0.00    0.00    0.00   92.95
10:08:33 PM    0    0.00    0.00    0.00    0.00    4.04   21.21    0.00    0.00    0.00   74.75
10:08:33 PM    1    0.00    0.00    1.01    0.00    0.00    0.00    0.00    0.00    0.00   98.99
10:08:33 PM    2    0.00    0.00    2.00    0.00    0.00    0.00    0.00    0.00    0.00   98.00
10:08:33 PM    3    0.00    0.00    0.00    0.00    0.00    0.00    0.00    0.00    0.00  100.00

10:08:33 PM  CPU    %usr   %nice    %sys %iowait    %irq   %soft  %steal  %guest  %gnice   %idle
10:08:34 PM  all    0.00    0.00    1.50    0.00    1.00    5.50    0.00    0.00    0.00   92.00
10:08:34 PM    0    0.00    0.00    0.00    0.00    4.00   22.00    0.00    0.00    0.00   74.00
10:08:34 PM    1    0.00    0.00    1.98    0.00    0.00    0.00    0.00    0.00    0.00   98.02
10:08:34 PM    2    0.00    0.00    3.00    0.00    0.00    0.00    0.00    0.00    0.00   97.00
10:08:34 PM    3    0.00    0.00    1.01    0.00    0.00    0.00    0.00    0.00    0.00   98.99

10:08:34 PM  CPU    %usr   %nice    %sys %iowait    %irq   %soft  %steal  %guest  %gnice   %idle
10:08:35 PM  all    0.75    0.00    1.00    0.00    1.00    5.26    0.00    0.00    0.00   91.98
10:08:35 PM    0    1.01    0.00    1.01    0.00    4.04   21.21    0.00    0.00    0.00   72.73
10:08:35 PM    1    0.00    0.00    1.00    0.00    0.00    0.00    0.00    0.00    0.00   99.00
10:08:35 PM    2    1.00    0.00    1.00    0.00    0.00    0.00    0.00    0.00    0.00   98.00
10:08:35 PM    3    1.00    0.00    1.00    0.00    0.00    0.00    0.00    0.00    0.00   98.00

10:08:35 PM  CPU    %usr   %nice    %sys %iowait    %irq   %soft  %steal  %guest  %gnice   %idle
10:08:36 PM  all    0.00    0.00    1.00    0.00    1.25    5.26    0.00    0.00    0.00   92.48
10:08:36 PM    0    0.00    0.00    1.02    0.00    3.06   21.43    0.00    0.00    0.00   74.49
10:08:36 PM    1    0.00    0.00    1.01    0.00    0.00    0.00    0.00    0.00    0.00   98.99
10:08:36 PM    2    0.00    0.00    0.99    0.00    0.99    0.00    0.00    0.00    0.00   98.02
10:08:36 PM    3    0.00    0.00    0.99    0.00    0.99    0.00    0.00    0.00    0.00   98.02

10:08:36 PM  CPU    %usr   %nice    %sys %iowait    %irq   %soft  %steal  %guest  %gnice   %idle
10:08:37 PM  all    0.00    0.00    0.50    0.00    1.26    5.53    0.00    0.00    0.00   92.71
10:08:37 PM    0    0.00    0.00    0.00    0.00    4.00   22.00    0.00    0.00    0.00   74.00
10:08:37 PM    1    0.00    0.00    0.00    0.00    1.00    0.00    0.00    0.00    0.00   99.00
10:08:37 PM    2    0.00    0.00    0.00    0.00    0.00    0.00    0.00    0.00    0.00  100.00
10:08:37 PM    3    0.00    0.00    2.02    0.00    0.00    0.00    0.00    0.00    0.00   97.98

10:08:37 PM  CPU    %usr   %nice    %sys %iowait    %irq   %soft  %steal  %guest  %gnice   %idle
10:08:38 PM  all    0.00    0.00    0.76    0.00    1.01    5.30    0.00    0.00    0.00   92.93
10:08:38 PM    0    0.00    0.00    0.00    0.00    4.08   21.43    0.00    0.00    0.00   74.49
10:08:38 PM    1    0.00    0.00    1.01    0.00    0.00    0.00    0.00    0.00    0.00   98.99
10:08:38 PM    2    0.00    0.00    0.00    0.00    0.00    0.00    0.00    0.00    0.00  100.00
10:08:38 PM    3    0.00    0.00    2.02    0.00    0.00    0.00    0.00    0.00    0.00   97.98

10:08:38 PM  CPU    %usr   %nice    %sys %iowait    %irq   %soft  %steal  %guest  %gnice   %idle
10:08:39 PM  all    0.00    0.00    1.25    0.00    1.00    5.26    0.00    0.00    0.00   92.48
10:08:39 PM    0    0.00    0.00    0.00    0.00    4.04   21.21    0.00    0.00    0.00   74.75
10:08:39 PM    1    0.00    0.00    1.00    0.00    0.00    0.00    0.00    0.00    0.00   99.00
10:08:39 PM    2    0.00    0.00    0.00    0.00    0.00    0.00    0.00    0.00    0.00  100.00
10:08:39 PM    3    0.00    0.00    4.00    0.00    0.00    0.00    0.00    0.00    0.00   96.00

10:08:39 PM  CPU    %usr   %nice    %sys %iowait    %irq   %soft  %steal  %guest  %gnice   %idle
10:08:40 PM  all    0.00    0.00    1.75    0.00    1.25    5.49    0.00    0.00    0.00   91.52
10:08:40 PM    0    0.00    0.00    1.00    0.00    4.00   22.00    0.00    0.00    0.00   73.00
10:08:40 PM    1    0.00    0.00    2.97    0.00    0.00    0.00    0.00    0.00    0.00   97.03
10:08:40 PM    2    0.00    0.00    0.99    0.00    0.00    0.00    0.00    0.00    0.00   99.01
10:08:40 PM    3    0.00    0.00    2.02    0.00    1.01    0.00    0.00    0.00    0.00   96.97

10:08:40 PM  CPU    %usr   %nice    %sys %iowait    %irq   %soft  %steal  %guest  %gnice   %idle
10:08:41 PM  all    0.25    0.00    0.76    0.00    1.01    5.29    0.00    0.00    0.00   92.70
10:08:41 PM    0    0.00    0.00    0.00    0.00    4.04   21.21    0.00    0.00    0.00   74.75
10:08:41 PM    1    1.01    0.00    0.00    0.00    0.00    0.00    0.00    0.00    0.00   98.99
10:08:41 PM    2    0.00    0.00    0.00    0.00    0.00    0.00    0.00    0.00    0.00  100.00
10:08:41 PM    3    0.00    0.00    3.03    0.00    0.00    0.00    0.00    0.00    0.00   96.97

10:08:41 PM  CPU    %usr   %nice    %sys %iowait    %irq   %soft  %steal  %guest  %gnice   %idle
10:08:42 PM  all    0.00    0.00    1.01    0.00    0.75    5.53    0.00    0.00    0.00   92.71
10:08:42 PM    0    0.00    0.00    0.00    0.00    3.06   21.43    0.00    0.00    0.00   75.51
10:08:42 PM    1    0.00    0.00    1.96    0.00    0.00    0.98    0.00    0.00    0.00   97.06
10:08:42 PM    2    0.00    0.00    0.00    0.00    0.00    0.00    0.00    0.00    0.00  100.00
10:08:42 PM    3    0.00    0.00    2.04    0.00    0.00    0.00    0.00    0.00    0.00   97.96

10:08:42 PM  CPU    %usr   %nice    %sys %iowait    %irq   %soft  %steal  %guest  %gnice   %idle
10:08:43 PM  all    0.25    0.00    1.25    0.00    1.50    5.50    0.00    0.00    0.00   91.50
10:08:43 PM    0    0.00    0.00    0.00    0.00    4.08   21.43    0.00    0.00    0.00   74.49
10:08:43 PM    1    0.00    0.00    1.96    0.00    0.98    0.00    0.00    0.00    0.00   97.06
10:08:43 PM    2    0.00    0.00    0.00    0.00    0.00    0.00    0.00    0.00    0.00  100.00
10:08:43 PM    3    0.99    0.00    2.97    0.00    0.99    0.99    0.00    0.00    0.00   94.06

10:08:43 PM  CPU    %usr   %nice    %sys %iowait    %irq   %soft  %steal  %guest  %gnice   %idle
10:08:44 PM  all    0.00    0.00    1.50    0.00    1.00    5.50    0.00    0.00    0.00   92.00
10:08:44 PM    0    0.00    0.00    0.00    0.00    4.00   22.00    0.00    0.00    0.00   74.00
10:08:44 PM    1    0.00    0.00    2.00    0.00    0.00    0.00    0.00    0.00    0.00   98.00
10:08:44 PM    2    0.00    0.00    0.00    0.00    0.00    0.00    0.00    0.00    0.00  100.00
10:08:44 PM    3    0.00    0.00    4.00    0.00    0.00    0.00    0.00    0.00    0.00   96.00

10:08:44 PM  CPU    %usr   %nice    %sys %iowait    %irq   %soft  %steal  %guest  %gnice   %idle
10:08:45 PM  all    0.00    0.00    1.25    0.00    1.25    5.26    0.00    0.00    0.00   92.23
10:08:45 PM    0    0.00    0.00    0.00    0.00    4.04   21.21    0.00    0.00    0.00   74.75
10:08:45 PM    1    0.00    0.00    1.01    0.00    0.00    0.00    0.00    0.00    0.00   98.99
10:08:45 PM    2    0.00    0.00    0.00    0.00    0.00    0.00    0.00    0.00    0.00  100.00
10:08:45 PM    3    0.00    0.00    3.96    0.00    0.99    0.00    0.00    0.00    0.00   95.05

10:08:45 PM  CPU    %usr   %nice    %sys %iowait    %irq   %soft  %steal  %guest  %gnice   %idle
10:08:46 PM  all    0.00    0.00    0.75    0.00    1.01    5.28    0.00    0.00    0.00   92.96
10:08:46 PM    0    0.00    0.00    0.00    0.00    4.04   21.21    0.00    0.00    0.00   74.75
10:08:46 PM    1    0.00    0.00    0.00    0.00    0.00    0.00    0.00    0.00    0.00  100.00
10:08:46 PM    2    0.00    0.00    0.00    0.00    0.00    0.00    0.00    0.00    0.00  100.00
10:08:46 PM    3    0.00    0.00    3.00    0.00    0.00    0.00    0.00    0.00    0.00   97.00

10:08:46 PM  CPU    %usr   %nice    %sys %iowait    %irq   %soft  %steal  %guest  %gnice   %idle
10:08:47 PM  all    0.00    0.00    0.76    0.00    1.01    5.30    0.00    0.00    0.00   92.93
10:08:47 PM    0    0.00    0.00    0.00    0.00    4.04   21.21    0.00    0.00    0.00   74.75
10:08:47 PM    1    0.00    0.00    1.01    0.00    0.00    0.00    0.00    0.00    0.00   98.99
10:08:47 PM    2    0.00    0.00    0.00    0.00    0.00    0.00    0.00    0.00    0.00  100.00
10:08:47 PM    3    0.00    0.00    2.04    0.00    0.00    0.00    0.00    0.00    0.00   97.96

10:08:47 PM  CPU    %usr   %nice    %sys %iowait    %irq   %soft  %steal  %guest  %gnice   %idle
10:08:48 PM  all    0.00    0.00    1.00    0.00    1.00    5.51    0.00    0.00    0.00   92.48
10:08:48 PM    0    0.00    0.00    0.00    0.00    3.03   22.22    0.00    0.00    0.00   74.75
10:08:48 PM    1    0.00    0.00    1.00    0.00    0.00    0.00    0.00    0.00    0.00   99.00
10:08:48 PM    2    0.00    0.00    0.00    0.00    0.00    0.00    0.00    0.00    0.00  100.00
10:08:48 PM    3    0.00    0.00    3.00    0.00    1.00    0.00    0.00    0.00    0.00   96.00

10:08:48 PM  CPU    %usr   %nice    %sys %iowait    %irq   %soft  %steal  %guest  %gnice   %idle
10:08:49 PM  all    0.00    0.00    0.75    0.00    1.26    5.28    0.00    0.00    0.00   92.71
10:08:49 PM    0    0.00    0.00    0.00    0.00    4.04   21.21    0.00    0.00    0.00   74.75
10:08:49 PM    1    0.00    0.00    0.99    0.00    0.99    0.00    0.00    0.00    0.00   98.02
10:08:49 PM    2    0.00    0.00    0.00    0.00    0.00    0.00    0.00    0.00    0.00  100.00
10:08:49 PM    3    0.00    0.00    2.04    0.00    0.00    0.00    0.00    0.00    0.00   97.96

10:08:49 PM  CPU    %usr   %nice    %sys %iowait    %irq   %soft  %steal  %guest  %gnice   %idle
10:08:50 PM  all    0.00    0.00    0.76    0.00    1.01    5.30    0.00    0.00    0.00   92.93
10:08:50 PM    0    0.00    0.00    0.00    0.00    4.04   21.21    0.00    0.00    0.00   74.75
10:08:50 PM    1    0.00    0.00    1.01    0.00    0.00    0.00    0.00    0.00    0.00   98.99
10:08:50 PM    2    0.00    0.00    0.00    0.00    0.00    0.00    0.00    0.00    0.00  100.00
10:08:50 PM    3    0.00    0.00    2.04    0.00    0.00    0.00    0.00    0.00    0.00   97.96

10:08:50 PM  CPU    %usr   %nice    %sys %iowait    %irq   %soft  %steal  %guest  %gnice   %idle
10:08:51 PM  all    0.25    0.00    1.00    0.00    1.25    5.25    0.00    0.00    0.00   92.25
10:08:51 PM    0    0.00    0.00    0.00    0.00    4.04   21.21    0.00    0.00    0.00   74.75
10:08:51 PM    1    0.99    0.00    0.99    0.00    0.00    0.00    0.00    0.00    0.00   98.02
10:08:51 PM    2    0.00    0.00    0.00    0.00    0.00    0.00    0.00    0.00    0.00  100.00
10:08:51 PM    3    0.00    0.00    3.00    0.00    1.00    0.00    0.00    0.00    0.00   96.00

10:08:51 PM  CPU    %usr   %nice    %sys %iowait    %irq   %soft  %steal  %guest  %gnice   %idle
10:08:52 PM  all    0.00    0.00    0.76    0.00    1.01    5.29    0.00    0.00    0.00   92.95
10:08:52 PM    0    0.00    0.00    0.00    0.00    4.04   21.21    0.00    0.00    0.00   74.75
10:08:52 PM    1    0.00    0.00    0.00    0.00    0.00    0.00    0.00    0.00    0.00  100.00
10:08:52 PM    2    0.00    0.00    0.00    0.00    0.00    0.00    0.00    0.00    0.00  100.00
10:08:52 PM    3    0.00    0.00    3.03    0.00    0.00    0.00    0.00    0.00    0.00   96.97

10:08:52 PM  CPU    %usr   %nice    %sys %iowait    %irq   %soft  %steal  %guest  %gnice   %idle
10:08:53 PM  all    0.25    0.00    1.75    0.00    1.00    5.50    0.00    0.00    0.00   91.50
10:08:53 PM    0    1.00    0.00    0.00    0.00    4.00   22.00    0.00    0.00    0.00   73.00
10:08:53 PM    1    0.00    0.00    2.00    0.00    0.00    0.00    0.00    0.00    0.00   98.00
10:08:53 PM    2    0.00    0.00    1.00    0.00    0.00    0.00    0.00    0.00    0.00   99.00
10:08:53 PM    3    0.00    0.00    4.00    0.00    0.00    0.00    0.00    0.00    0.00   96.00

10:08:53 PM  CPU    %usr   %nice    %sys %iowait    %irq   %soft  %steal  %guest  %gnice   %idle
10:08:54 PM  all    0.00    0.00    1.26    0.00    1.01    5.28    0.00    0.00    0.00   92.46
10:08:54 PM    0    0.00    0.00    0.00    0.00    3.06   21.43    0.00    0.00    0.00   75.51
10:08:54 PM    1    0.00    0.00    0.00    0.00    0.00    0.00    0.00    0.00    0.00  100.00
10:08:54 PM    2    0.00    0.00    0.00    0.00    0.00    0.00    0.00    0.00    0.00  100.00
10:08:54 PM    3    0.00    0.00    4.90    0.00    0.98    0.00    0.00    0.00    0.00   94.12

10:08:54 PM  CPU    %usr   %nice    %sys %iowait    %irq   %soft  %steal  %guest  %gnice   %idle
10:08:55 PM  all    0.00    0.00    1.00    0.00    1.25    5.26    0.00    0.00    0.00   92.48
10:08:55 PM    0    0.00    0.00    0.00    0.00    4.04   21.21    0.00    0.00    0.00   74.75
10:08:55 PM    1    0.00    0.00    0.99    0.00    0.99    0.00    0.00    0.00    0.00   98.02
10:08:55 PM    2    0.00    0.00    0.00    0.00    0.00    0.00    0.00    0.00    0.00  100.00
10:08:55 PM    3    0.00    0.00    3.03    0.00    0.00    0.00    0.00    0.00    0.00   96.97

10:08:55 PM  CPU    %usr   %nice    %sys %iowait    %irq   %soft  %steal  %guest  %gnice   %idle
10:08:56 PM  all    0.00    0.00    0.75    0.00    1.01    5.53    0.00    0.00    0.00   92.71
10:08:56 PM    0    0.00    0.00    0.00    0.00    4.00   22.00    0.00    0.00    0.00   74.00
10:08:56 PM    1    0.00    0.00    1.00    0.00    0.00    0.00    0.00    0.00    0.00   99.00
10:08:56 PM    2    0.00    0.00    0.00    0.00    0.00    0.00    0.00    0.00    0.00  100.00
10:08:56 PM    3    0.00    0.00    2.04    0.00    0.00    0.00    0.00    0.00    0.00   97.96

10:08:56 PM  CPU    %usr   %nice    %sys %iowait    %irq   %soft  %steal  %guest  %gnice   %idle
10:08:57 PM  all    0.00    0.00    1.25    0.00    1.25    5.25    0.00    0.00    0.00   92.25
10:08:57 PM    0    0.00    0.00    0.00    0.00    4.04   21.21    0.00    0.00    0.00   74.75
10:08:57 PM    1    0.00    0.00    1.00    0.00    0.00    0.00    0.00    0.00    0.00   99.00
10:08:57 PM    2    0.00    0.00    0.00    0.00    0.00    0.00    0.00    0.00    0.00  100.00
10:08:57 PM    3    0.00    0.00    3.96    0.00    0.99    0.00    0.00    0.00    0.00   95.05

10:08:57 PM  CPU    %usr   %nice    %sys %iowait    %irq   %soft  %steal  %guest  %gnice   %idle
10:08:58 PM  all    0.00    0.00    0.76    0.00    1.01    5.30    0.00    0.00    0.00   92.93
10:08:58 PM    0    0.00    0.00    0.00    0.00    4.04   21.21    0.00    0.00    0.00   74.75
10:08:58 PM    1    0.00    0.00    0.00    0.00    0.00    0.00    0.00    0.00    0.00  100.00
10:08:58 PM    2    0.00    0.00    1.00    0.00    0.00    0.00    0.00    0.00    0.00   99.00
10:08:58 PM    3    0.00    0.00    2.04    0.00    0.00    0.00    0.00    0.00    0.00   97.96

10:08:58 PM  CPU    %usr   %nice    %sys %iowait    %irq   %soft  %steal  %guest  %gnice   %idle
10:08:59 PM  all    0.00    0.00    1.00    0.00    1.25    5.25    0.00    0.00    0.00   92.50
10:08:59 PM    0    0.00    0.00    0.00    0.00    4.04   21.21    0.00    0.00    0.00   74.75
10:08:59 PM    1    0.00    0.00    0.00    0.00    0.00    0.00    0.00    0.00    0.00  100.00
10:08:59 PM    2    0.00    0.00    1.00    0.00    0.00    0.00    0.00    0.00    0.00   99.00
10:08:59 PM    3    0.00    0.00    2.97    0.00    0.99    0.00    0.00    0.00    0.00   96.04

10:08:59 PM  CPU    %usr   %nice    %sys %iowait    %irq   %soft  %steal  %guest  %gnice   %idle
10:09:00 PM  all    0.50    0.00    1.26    0.00    0.75    5.53    0.00    0.00    0.00   91.96
10:09:00 PM    0    0.00    0.00    0.00    0.00    3.03   22.22    0.00    0.00    0.00   74.75
10:09:00 PM    1    0.99    0.00    0.00    0.00    0.00    0.00    0.00    0.00    0.00   99.01
10:09:00 PM    2    1.01    0.00    1.01    0.00    0.00    0.00    0.00    0.00    0.00   97.98
10:09:00 PM    3    0.00    0.00    4.04    0.00    0.00    0.00    0.00    0.00    0.00   95.96

10:09:00 PM  CPU    %usr   %nice    %sys %iowait    %irq   %soft  %steal  %guest  %gnice   %idle
10:09:01 PM  all    0.00    0.00    1.00    0.00    1.25    5.26    0.00    0.00    0.00   92.48
10:09:01 PM    0    0.00    0.00    0.00    0.00    4.04   21.21    0.00    0.00    0.00   74.75
10:09:01 PM    1    0.00    0.00    0.00    0.00    0.00    0.00    0.00    0.00    0.00  100.00
10:09:01 PM    2    0.00    0.00    0.99    0.00    0.99    0.00    0.00    0.00    0.00   98.02
10:09:01 PM    3    0.00    0.00    3.03    0.00    0.00    0.00    0.00    0.00    0.00   96.97

10:09:01 PM  CPU    %usr   %nice    %sys %iowait    %irq   %soft  %steal  %guest  %gnice   %idle
10:09:02 PM  all    0.00    0.00    0.50    0.00    1.26    5.29    0.00    0.00    0.00   92.95
10:09:02 PM    0    0.00    0.00    0.00    0.00    4.08   21.43    0.00    0.00    0.00   74.49
10:09:02 PM    1    0.00    0.00    0.00    0.00    0.00    0.00    0.00    0.00    0.00  100.00
10:09:02 PM    2    0.00    0.00    0.00    0.00    0.00    0.00    0.00    0.00    0.00  100.00
10:09:02 PM    3    0.00    0.00    2.00    0.00    1.00    0.00    0.00    0.00    0.00   97.00

10:09:02 PM  CPU    %usr   %nice    %sys %iowait    %irq   %soft  %steal  %guest  %gnice   %idle
10:09:03 PM  all    0.25    0.00    1.50    0.00    1.00    5.51    0.00    0.00    0.00   91.73
10:09:03 PM    0    0.00    0.00    1.01    0.00    4.04   22.22    0.00    0.00    0.00   72.73
10:09:03 PM    1    0.99    0.00    0.99    0.00    0.00    0.00    0.00    0.00    0.00   98.02
10:09:03 PM    2    0.00    0.00    2.00    0.00    0.00    0.00    0.00    0.00    0.00   98.00
10:09:03 PM    3    0.00    0.00    2.02    0.00    0.00    0.00    0.00    0.00    0.00   97.98

10:09:03 PM  CPU    %usr   %nice    %sys %iowait    %irq   %soft  %steal  %guest  %gnice   %idle
10:09:04 PM  all    0.00    0.00    0.51    0.00    1.01    5.32    0.00    0.00    0.00   93.16
10:09:04 PM    0    0.00    0.00    1.00    0.00    4.00   21.00    0.00    0.00    0.00   74.00
10:09:04 PM    1    0.00    0.00    1.01    0.00    0.00    0.00    0.00    0.00    0.00   98.99
10:09:04 PM    2    0.00    0.00    0.00    0.00    0.00    0.00    0.00    0.00    0.00  100.00
10:09:04 PM    3    0.00    0.00    0.00    0.00    0.00    0.00    0.00    0.00    0.00  100.00

10:09:04 PM  CPU    %usr   %nice    %sys %iowait    %irq   %soft  %steal  %guest  %gnice   %idle
10:09:05 PM  all    0.00    0.00    1.00    0.00    1.00    5.26    0.00    0.00    0.00   92.73
10:09:05 PM    0    0.00    0.00    0.00    0.00    4.04   21.21    0.00    0.00    0.00   74.75
10:09:05 PM    1    0.00    0.00    1.00    0.00    0.00    0.00    0.00    0.00    0.00   99.00
10:09:05 PM    2    0.00    0.00    1.00    0.00    0.00    0.00    0.00    0.00    0.00   99.00
10:09:05 PM    3    0.00    0.00    2.00    0.00    0.00    0.00    0.00    0.00    0.00   98.00

10:09:05 PM  CPU    %usr   %nice    %sys %iowait    %irq   %soft  %steal  %guest  %gnice   %idle
10:09:06 PM  all    0.00    0.00    1.25    0.00    1.50    5.24    0.00    0.00    0.00   92.02
10:09:06 PM    0    0.00    0.00    0.00    0.00    4.04   21.21    0.00    0.00    0.00   74.75
10:09:06 PM    1    0.00    0.00    0.99    0.00    0.99    0.00    0.00    0.00    0.00   98.02
10:09:06 PM    2    0.00    0.00    1.98    0.00    0.00    0.00    0.00    0.00    0.00   98.02
10:09:06 PM    3    0.00    0.00    2.00    0.00    1.00    0.00    0.00    0.00    0.00   97.00

10:09:06 PM  CPU    %usr   %nice    %sys %iowait    %irq   %soft  %steal  %guest  %gnice   %idle
10:09:07 PM  all    0.50    0.00    1.01    0.00    1.01    5.54    0.00    0.00    0.00   91.94
10:09:07 PM    0    0.00    0.00    0.00    0.00    3.06   22.45    0.00    0.00    0.00   74.49
10:09:07 PM    1    0.00    0.00    2.02    0.00    0.00    0.00    0.00    0.00    0.00   97.98
10:09:07 PM    2    0.99    0.00    0.99    0.00    0.99    0.00    0.00    0.00    0.00   97.03
10:09:07 PM    3    1.01    0.00    1.01    0.00    0.00    0.00    0.00    0.00    0.00   97.98

10:09:07 PM  CPU    %usr   %nice    %sys %iowait    %irq   %soft  %steal  %guest  %gnice   %idle
10:09:08 PM  all    0.00    0.00    0.75    0.00    1.01    5.28    0.00    0.00    0.00   92.96
10:09:08 PM    0    0.00    0.00    0.00    0.00    4.04   21.21    0.00    0.00    0.00   74.75
10:09:08 PM    1    0.00    0.00    2.00    0.00    0.00    0.00    0.00    0.00    0.00   98.00
10:09:08 PM    2    0.00    0.00    1.00    0.00    0.00    0.00    0.00    0.00    0.00   99.00
10:09:08 PM    3    0.00    0.00    0.00    0.00    0.00    0.00    0.00    0.00    0.00  100.00

10:09:08 PM  CPU    %usr   %nice    %sys %iowait    %irq   %soft  %steal  %guest  %gnice   %idle
10:09:09 PM  all    0.00    0.00    1.26    0.00    1.01    5.28    0.00    0.00    0.00   92.46
10:09:09 PM    0    0.00    0.00    0.00    0.00    4.04   21.21    0.00    0.00    0.00   74.75
10:09:09 PM    1    0.00    0.00    3.00    0.00    0.00    0.00    0.00    0.00    0.00   97.00
10:09:09 PM    2    0.00    0.00    1.00    0.00    0.00    0.00    0.00    0.00    0.00   99.00
10:09:09 PM    3    0.00    0.00    1.01    0.00    0.00    0.00    0.00    0.00    0.00   98.99

10:09:09 PM  CPU    %usr   %nice    %sys %iowait    %irq   %soft  %steal  %guest  %gnice   %idle
10:09:10 PM  all    0.00    0.00    1.00    0.00    1.25    5.49    0.00    0.00    0.00   92.27
10:09:10 PM    0    0.00    0.00    0.00    0.00    4.00   22.00    0.00    0.00    0.00   74.00
10:09:10 PM    1    0.00    0.00    2.94    0.00    0.98    0.00    0.00    0.00    0.00   96.08
10:09:10 PM    2    0.00    0.00    0.00    0.00    0.00    0.00    0.00    0.00    0.00  100.00
10:09:10 PM    3    0.00    0.00    1.00    0.00    0.00    0.00    0.00    0.00    0.00   99.00

10:09:10 PM  CPU    %usr   %nice    %sys %iowait    %irq   %soft  %steal  %guest  %gnice   %idle
10:09:11 PM  all    0.00    0.00    0.76    0.00    1.26    5.29    0.00    0.00    0.00   92.70
10:09:11 PM    0    0.00    0.00    0.00    0.00    4.04   21.21    0.00    0.00    0.00   74.75
10:09:11 PM    1    0.00    0.00    2.02    0.00    0.00    0.00    0.00    0.00    0.00   97.98
10:09:11 PM    2    0.00    0.00    1.01    0.00    0.00    0.00    0.00    0.00    0.00   98.99
10:09:11 PM    3    0.00    0.00    0.00    0.00    1.00    0.00    0.00    0.00    0.00   99.00

10:09:11 PM  CPU    %usr   %nice    %sys %iowait    %irq   %soft  %steal  %guest  %gnice   %idle
10:09:12 PM  all    0.00    0.00    0.51    0.00    1.01    5.32    0.00    0.00    0.00   93.16
10:09:12 PM    0    0.00    0.00    0.00    0.00    4.04   21.21    0.00    0.00    0.00   74.75
10:09:12 PM    1    0.00    0.00    1.02    0.00    0.00    0.00    0.00    0.00    0.00   98.98
10:09:12 PM    2    0.00    0.00    0.00    0.00    0.00    0.00    0.00    0.00    0.00  100.00
10:09:12 PM    3    0.00    0.00    1.01    0.00    0.00    0.00    0.00    0.00    0.00   98.99

10:09:12 PM  CPU    %usr   %nice    %sys %iowait    %irq   %soft  %steal  %guest  %gnice   %idle
10:09:13 PM  all    0.00    0.00    1.00    0.00    1.00    5.26    0.00    0.00    0.00   92.73
10:09:13 PM    0    0.00    0.00    0.00    0.00    3.06   21.43    0.00    0.00    0.00   75.51
10:09:13 PM    1    0.00    0.00    2.00    0.00    0.00    0.00    0.00    0.00    0.00   98.00
10:09:13 PM    2    0.00    0.00    0.99    0.00    0.99    0.00    0.00    0.00    0.00   98.02
10:09:13 PM    3    0.00    0.00    1.00    0.00    0.00    0.00    0.00    0.00    0.00   99.00

10:09:13 PM  CPU    %usr   %nice    %sys %iowait    %irq   %soft  %steal  %guest  %gnice   %idle
10:09:14 PM  all    0.00    0.00    0.76    0.00    1.01    5.54    0.00    0.00    0.00   92.70
10:09:14 PM    0    0.00    0.00    0.00    0.00    4.04   22.22    0.00    0.00    0.00   73.74
10:09:14 PM    1    0.00    0.00    2.00    0.00    0.00    0.00    0.00    0.00    0.00   98.00
10:09:14 PM    2    0.00    0.00    1.00    0.00    0.00    0.00    0.00    0.00    0.00   99.00
10:09:14 PM    3    0.00    0.00    0.00    0.00    0.00    0.00    0.00    0.00    0.00  100.00

10:09:14 PM  CPU    %usr   %nice    %sys %iowait    %irq   %soft  %steal  %guest  %gnice   %idle
10:09:15 PM  all    0.00    0.00    0.75    0.00    1.26    5.28    0.00    0.00    0.00   92.71
10:09:15 PM    0    0.00    0.00    0.00    0.00    4.04   21.21    0.00    0.00    0.00   74.75
10:09:15 PM    1    0.00    0.00    0.00    0.00    1.00    0.00    0.00    0.00    0.00   99.00
10:09:15 PM    2    0.00    0.00    1.01    0.00    0.00    0.00    0.00    0.00    0.00   98.99
10:09:15 PM    3    0.00    0.00    2.00    0.00    0.00    0.00    0.00    0.00    0.00   98.00

Average:     CPU    %usr   %nice    %sys %iowait    %irq   %soft  %steal  %guest  %gnice   %idle
Average:     all    0.07    0.00    1.01    0.05    1.10    5.34    0.00    0.00    0.00   92.43
Average:       0    0.03    0.00    0.13    0.07    3.86   21.41    0.00    0.00    0.00   74.49
Average:       1    0.10    0.00    1.10    0.13    0.17    0.02    0.00    0.00    0.00   98.48
Average:       2    0.05    0.00    0.78    0.02    0.13    0.02    0.00    0.00    0.00   99.00
Average:       3    0.08    0.00    2.01    0.00    0.27    0.02    0.00    0.00    0.00   97.62
