Linux 7.2.0-rc1 (bpi-f3) 	07/12/2026 	_riscv64_	(8 CPU)

05:22:39 AM  CPU    %usr   %nice    %sys %iowait    %irq   %soft  %steal  %guest  %gnice   %idle
05:22:40 AM  all    0.12    0.00    0.12    0.00    2.99   34.41    0.00    0.00    0.00   62.34
05:22:40 AM    0    0.00    0.00    0.99    0.00   22.77   76.24    0.00    0.00    0.00    0.00
05:22:40 AM    1    0.00    0.00    0.00    0.00    1.00   99.00    0.00    0.00    0.00    0.00
05:22:40 AM    2    0.00    0.00    0.00    0.00    0.00    0.00    0.00    0.00    0.00  100.00
05:22:40 AM    3    0.00    0.00    0.00    0.00    0.00  100.00    0.00    0.00    0.00    0.00
05:22:40 AM    4    0.98    0.00    0.00    0.00    0.00    0.98    0.00    0.00    0.00   98.04
05:22:40 AM    5    0.00    0.00    0.00    0.00    0.00    0.00    0.00    0.00    0.00  100.00
05:22:40 AM    6    0.00    0.00    0.00    0.00    0.00    0.00    0.00    0.00    0.00  100.00
05:22:40 AM    7    0.00    0.00    0.00    0.00    0.00    0.00    0.00    0.00    0.00  100.00

05:22:40 AM  CPU    %usr   %nice    %sys %iowait    %irq   %soft  %steal  %guest  %gnice   %idle
05:22:41 AM  all    0.00    0.00    0.00    0.00    3.00   34.50    0.00    0.00    0.00   62.50
05:22:41 AM    0    0.00    0.00    0.00    0.00   22.22   77.78    0.00    0.00    0.00    0.00
05:22:41 AM    1    0.00    0.00    0.00    0.00    1.00   99.00    0.00    0.00    0.00    0.00
05:22:41 AM    2    0.00    0.00    0.00    0.00    0.00    0.99    0.00    0.00    0.00   99.01
05:22:41 AM    3    0.00    0.00    0.00    0.00    1.00   99.00    0.00    0.00    0.00    0.00
05:22:41 AM    4    0.00    0.00    0.00    0.00    0.00    0.00    0.00    0.00    0.00  100.00
05:22:41 AM    5    0.00    0.00    0.00    0.00    0.00    0.00    0.00    0.00    0.00  100.00
05:22:41 AM    6    0.00    0.00    0.00    0.00    0.00    0.00    0.00    0.00    0.00  100.00
05:22:41 AM    7    0.00    0.00    0.00    0.00    0.00    0.00    0.00    0.00    0.00  100.00

05:22:41 AM  CPU    %usr   %nice    %sys %iowait    %irq   %soft  %steal  %guest  %gnice   %idle
05:22:42 AM  all    0.00    0.00    0.25    0.00    3.11   34.08    0.00    0.00    0.00   62.56
05:22:42 AM    0    0.00    0.00    0.99    0.00   22.77   76.24    0.00    0.00    0.00    0.00
05:22:42 AM    1    0.00    0.00    0.00    0.00    0.99   97.03    0.00    0.00    0.00    1.98
05:22:42 AM    2    0.00    0.00    0.00    0.00    0.00    0.00    0.00    0.00    0.00  100.00
05:22:42 AM    3    0.00    0.00    1.00    0.00    1.00   97.00    0.00    0.00    0.00    1.00
05:22:42 AM    4    0.00    0.00    0.00    0.00    0.00    0.00    0.00    0.00    0.00  100.00
05:22:42 AM    5    0.00    0.00    0.00    0.00    0.00    0.00    0.00    0.00    0.00  100.00
05:22:42 AM    6    0.00    0.00    0.00    0.00    0.00    1.98    0.00    0.00    0.00   98.02
05:22:42 AM    7    0.00    0.00    0.00    0.00    0.00    0.00    0.00    0.00    0.00  100.00

05:22:42 AM  CPU    %usr   %nice    %sys %iowait    %irq   %soft  %steal  %guest  %gnice   %idle
05:22:43 AM  all    0.00    0.00    0.00    0.00    4.62   11.00    0.00    0.00    0.00   84.38
05:22:43 AM    0    0.00    0.00    0.00    0.00   37.37   62.63    0.00    0.00    0.00    0.00
05:22:43 AM    1    0.00    0.00    0.00    0.00    0.00    0.00    0.00    0.00    0.00  100.00
05:22:43 AM    2    0.00    0.00    0.00    0.00    0.00    0.00    0.00    0.00    0.00  100.00
05:22:43 AM    3    0.00    0.00    0.00    0.00    0.00    0.98    0.00    0.00    0.00   99.02
05:22:43 AM    4    0.00    0.00    0.00    0.00    0.00    0.00    0.00    0.00    0.00  100.00
05:22:43 AM    5    0.00    0.00    0.00    0.00    0.00    0.00    0.00    0.00    0.00  100.00
05:22:43 AM    6    0.00    0.00    0.00    0.00    0.00   25.25    0.00    0.00    0.00   74.75
05:22:43 AM    7    0.00    0.00    0.00    0.00    0.00    0.00    0.00    0.00    0.00  100.00

05:22:43 AM  CPU    %usr   %nice    %sys %iowait    %irq   %soft  %steal  %guest  %gnice   %idle
05:22:44 AM  all    0.00    0.00    0.00    0.00    4.61   11.10    0.00    0.00    0.00   84.29
05:22:44 AM    0    0.00    0.00    0.00    0.00   37.00   63.00    0.00    0.00    0.00    0.00
05:22:44 AM    1    0.00    0.00    0.00    0.00    0.00    0.00    0.00    0.00    0.00  100.00
05:22:44 AM    2    0.00    0.00    0.00    0.00    0.00    0.00    0.00    0.00    0.00  100.00
05:22:44 AM    3    0.00    0.00    0.00    0.00    0.00    0.00    0.00    0.00    0.00  100.00
05:22:44 AM    4    0.00    0.00    0.00    0.00    0.00    0.00    0.00    0.00    0.00  100.00
05:22:44 AM    5    0.00    0.00    0.00    0.00    0.00    0.00    0.00    0.00    0.00  100.00
05:22:44 AM    6    0.00    0.00    0.00    0.00    0.00   25.74    0.00    0.00    0.00   74.26
05:22:44 AM    7    0.00    0.00    0.00    0.00    0.00    0.00    0.00    0.00    0.00  100.00

05:22:44 AM  CPU    %usr   %nice    %sys %iowait    %irq   %soft  %steal  %guest  %gnice   %idle
05:22:45 AM  all    0.00    0.00    0.12    0.00    4.74   10.86    0.00    0.00    0.00   84.27
05:22:45 AM    0    0.00    0.00    0.99    0.00   37.62   61.39    0.00    0.00    0.00    0.00
05:22:45 AM    1    0.00    0.00    0.00    0.00    0.00    0.00    0.00    0.00    0.00  100.00
05:22:45 AM    2    0.00    0.00    0.00    0.00    0.00    0.00    0.00    0.00    0.00  100.00
05:22:45 AM    3    0.00    0.00    0.00    0.00    0.00    0.00    0.00    0.00    0.00  100.00
05:22:45 AM    4    0.00    0.00    0.00    0.00    0.00    0.00    0.00    0.00    0.00  100.00
05:22:45 AM    5    0.00    0.00    0.00    0.00    0.00    0.00    0.00    0.00    0.00  100.00
05:22:45 AM    6    0.00    0.00    0.00    0.00    0.00   25.25    0.00    0.00    0.00   74.75
05:22:45 AM    7    0.00    0.00    0.00    0.00    0.00    0.00    0.00    0.00    0.00  100.00

05:22:45 AM  CPU    %usr   %nice    %sys %iowait    %irq   %soft  %steal  %guest  %gnice   %idle
05:22:46 AM  all    0.00    0.00    0.00    0.00    4.60   11.19    0.00    0.00    0.00   84.20
05:22:46 AM    0    0.00    0.00    0.00    0.00   37.00   63.00    0.00    0.00    0.00    0.00
05:22:46 AM    1    0.00    0.00    0.00    0.00    0.00    0.99    0.00    0.00    0.00   99.01
05:22:46 AM    2    0.00    0.00    0.00    0.00    0.00    0.00    0.00    0.00    0.00  100.00
05:22:46 AM    3    0.00    0.00    0.00    0.00    0.00    0.00    0.00    0.00    0.00  100.00
05:22:46 AM    4    0.00    0.00    0.00    0.00    0.00    0.00    0.00    0.00    0.00  100.00
05:22:46 AM    5    0.00    0.00    0.00    0.00    0.00    0.00    0.00    0.00    0.00  100.00
05:22:46 AM    6    0.00    0.00    0.00    0.00    0.00   26.00    0.00    0.00    0.00   74.00
05:22:46 AM    7    0.00    0.00    0.00    0.00    0.00    0.00    0.00    0.00    0.00  100.00

05:22:46 AM  CPU    %usr   %nice    %sys %iowait    %irq   %soft  %steal  %guest  %gnice   %idle
05:22:47 AM  all    0.00    0.00    0.13    0.00    3.51   25.06    0.00    0.00    0.00   71.30
05:22:47 AM    0    0.00    0.00    1.00    0.00   28.00   71.00    0.00    0.00    0.00    0.00
05:22:47 AM    1    0.00    0.00    0.00    0.00    0.00   59.60    0.00    0.00    0.00   40.40
05:22:47 AM    2    0.00    0.00    0.00    0.00    0.00    0.00    0.00    0.00    0.00  100.00
05:22:47 AM    3    0.00    0.00    0.00    0.00    0.00    0.00    0.00    0.00    0.00  100.00
05:22:47 AM    4    0.00    0.00    0.00    0.00    0.00    0.00    0.00    0.00    0.00  100.00
05:22:47 AM    5    0.00    0.00    0.00    0.00    0.00    0.00    0.00    0.00    0.00  100.00
05:22:47 AM    6    0.00    0.00    0.00    0.00    0.00   10.00    0.00    0.00    0.00   90.00
05:22:47 AM    7    0.00    0.00    0.00    0.00    0.00   60.61    0.00    0.00    0.00   39.39

05:22:47 AM  CPU    %usr   %nice    %sys %iowait    %irq   %soft  %steal  %guest  %gnice   %idle
05:22:48 AM  all    0.00    0.00    0.12    0.00    3.12   34.38    0.00    0.00    0.00   62.38
05:22:48 AM    0    0.00    0.00    1.00    0.00   23.00   76.00    0.00    0.00    0.00    0.00
05:22:48 AM    1    0.00    0.00    0.00    0.00    1.00   99.00    0.00    0.00    0.00    0.00
05:22:48 AM    2    0.00    0.00    0.00    0.00    0.00    1.00    0.00    0.00    0.00   99.00
05:22:48 AM    3    0.00    0.00    0.00    0.00    0.00    0.00    0.00    0.00    0.00  100.00
05:22:48 AM    4    0.00    0.00    0.00    0.00    0.00    0.00    0.00    0.00    0.00  100.00
05:22:48 AM    5    0.00    0.00    0.00    0.00    0.00    0.00    0.00    0.00    0.00  100.00
05:22:48 AM    6    0.00    0.00    0.00    0.00    0.00    0.00    0.00    0.00    0.00  100.00
05:22:48 AM    7    0.00    0.00    0.00    0.00    1.00   99.00    0.00    0.00    0.00    0.00

05:22:48 AM  CPU    %usr   %nice    %sys %iowait    %irq   %soft  %steal  %guest  %gnice   %idle
05:22:49 AM  all    0.00    0.00    0.12    0.00    3.11   34.41    0.00    0.00    0.00   62.36
05:22:49 AM    0    0.00    0.00    1.00    0.00   22.00   77.00    0.00    0.00    0.00    0.00
05:22:49 AM    1    0.00    0.00    0.00    0.00    0.99   99.01    0.00    0.00    0.00    0.00
05:22:49 AM    2    0.00    0.00    0.00    0.00    0.00    0.00    0.00    0.00    0.00  100.00
05:22:49 AM    3    0.00    0.00    0.00    0.00    0.98    0.00    0.00    0.00    0.00   99.02
05:22:49 AM    4    0.00    0.00    0.00    0.00    0.00    0.00    0.00    0.00    0.00  100.00
05:22:49 AM    5    0.00    0.00    0.00    0.00    0.00    0.00    0.00    0.00    0.00  100.00
05:22:49 AM    6    0.00    0.00    0.00    0.00    0.00    0.00    0.00    0.00    0.00  100.00
05:22:49 AM    7    0.00    0.00    0.00    0.00    0.99   99.01    0.00    0.00    0.00    0.00

05:22:49 AM  CPU    %usr   %nice    %sys %iowait    %irq   %soft  %steal  %guest  %gnice   %idle
05:22:50 AM  all    0.00    0.00    0.00    0.00    3.12   34.38    0.00    0.00    0.00   62.50
05:22:50 AM    0    0.00    0.00    0.00    0.00   23.00   77.00    0.00    0.00    0.00    0.00
05:22:50 AM    1    0.00    0.00    0.00    0.00    1.00   99.00    0.00    0.00    0.00    0.00
05:22:50 AM    2    0.00    0.00    0.00    0.00    1.00    0.00    0.00    0.00    0.00   99.00
05:22:50 AM    3    0.00    0.00    0.00    0.00    0.00    0.00    0.00    0.00    0.00  100.00
05:22:50 AM    4    0.00    0.00    0.00    0.00    0.00    0.00    0.00    0.00    0.00  100.00
05:22:50 AM    5    0.00    0.00    0.00    0.00    0.00    0.00    0.00    0.00    0.00  100.00
05:22:50 AM    6    0.00    0.00    0.00    0.00    0.00    0.00    0.00    0.00    0.00  100.00
05:22:50 AM    7    0.00    0.00    0.00    0.00    0.00  100.00    0.00    0.00    0.00    0.00

05:22:50 AM  CPU    %usr   %nice    %sys %iowait    %irq   %soft  %steal  %guest  %gnice   %idle
05:22:51 AM  all    0.00    0.00    0.25    0.00    3.12   34.54    0.00    0.00    0.00   62.09
05:22:51 AM    0    0.00    0.00    2.00    0.00   23.00   75.00    0.00    0.00    0.00    0.00
05:22:51 AM    1    0.00    0.00    0.00    0.00    0.00   78.79    0.00    0.00    0.00   21.21
05:22:51 AM    2    0.00    0.00    0.00    0.00    0.00    0.99    0.00    0.00    0.00   99.01
05:22:51 AM    3    0.00    0.00    0.00    0.00    0.00    0.00    0.00    0.00    0.00  100.00
05:22:51 AM    4    0.00    0.00    0.00    0.00    0.00    0.00    0.00    0.00    0.00  100.00
05:22:51 AM    5    0.00    0.00    0.00    0.00    0.99   22.77    0.00    0.00    0.00   76.24
05:22:51 AM    6    0.00    0.00    0.00    0.00    0.00   22.00    0.00    0.00    0.00   78.00
05:22:51 AM    7    0.00    0.00    0.00    0.00    0.99   77.23    0.00    0.00    0.00   21.78

05:22:51 AM  CPU    %usr   %nice    %sys %iowait    %irq   %soft  %steal  %guest  %gnice   %idle
05:22:52 AM  all    0.25    0.00    1.00    0.00    3.12   34.50    0.00    0.00    0.00   61.12
05:22:52 AM    0    0.00    0.00    1.00    0.00   23.00   76.00    0.00    0.00    0.00    0.00
05:22:52 AM    1    0.00    0.00    2.00    0.00    1.00    0.00    0.00    0.00    0.00   97.00
05:22:52 AM    2    0.00    0.00    2.00    0.00    0.00    0.00    0.00    0.00    0.00   98.00
05:22:52 AM    3    2.02    0.00    2.02    0.00    0.00    0.00    0.00    0.00    0.00   95.96
05:22:52 AM    4    0.00    0.00    1.00    0.00    0.00    0.00    0.00    0.00    0.00   99.00
05:22:52 AM    5    0.00    0.00    0.00    0.00    0.00  100.00    0.00    0.00    0.00    0.00
05:22:52 AM    6    0.00    0.00    0.00    0.00    0.99   99.01    0.00    0.00    0.00    0.00
05:22:52 AM    7    0.00    0.00    0.00    0.00    0.00    0.00    0.00    0.00    0.00  100.00

05:22:52 AM  CPU    %usr   %nice    %sys %iowait    %irq   %soft  %steal  %guest  %gnice   %idle
05:22:53 AM  all    0.00    0.00    0.00    0.12    3.12   34.33    0.00    0.00    0.00   62.42
05:22:53 AM    0    0.00    0.00    0.00    0.00   23.23   76.77    0.00    0.00    0.00    0.00
05:22:53 AM    1    0.00    0.00    0.00    0.00    0.00    1.00    0.00    0.00    0.00   99.00
05:22:53 AM    2    0.00    0.00    0.00    0.99    0.00    0.00    0.00    0.00    0.00   99.01
05:22:53 AM    3    0.00    0.00    0.00    0.00    0.00    0.00    0.00    0.00    0.00  100.00
05:22:53 AM    4    0.00    0.00    0.00    0.00    0.00    0.00    0.00    0.00    0.00  100.00
05:22:53 AM    5    0.00    0.00    0.00    0.00    1.00   99.00    0.00    0.00    0.00    0.00
05:22:53 AM    6    0.00    0.00    0.00    0.00    1.00   99.00    0.00    0.00    0.00    0.00
05:22:53 AM    7    0.00    0.00    0.00    0.00    0.00    0.00    0.00    0.00    0.00  100.00

05:22:53 AM  CPU    %usr   %nice    %sys %iowait    %irq   %soft  %steal  %guest  %gnice   %idle
05:22:54 AM  all    0.00    0.00    0.13    0.00    2.88   34.34    0.00    0.00    0.00   62.66
05:22:54 AM    0    0.00    0.00    1.00    0.00   23.00   76.00    0.00    0.00    0.00    0.00
05:22:54 AM    1    0.00    0.00    0.00    0.00    0.00    0.00    0.00    0.00    0.00  100.00
05:22:54 AM    2    0.00    0.00    0.00    0.00    0.00    0.00    0.00    0.00    0.00  100.00
05:22:54 AM    3    0.00    0.00    0.00    0.00    0.00    0.00    0.00    0.00    0.00  100.00
05:22:54 AM    4    0.00    0.00    0.00    0.00    0.00    0.00    0.00    0.00    0.00  100.00
05:22:54 AM    5    0.00    0.00    0.00    0.00    0.00  100.00    0.00    0.00    0.00    0.00
05:22:54 AM    6    0.00    0.00    0.00    0.00    0.00  100.00    0.00    0.00    0.00    0.00
05:22:54 AM    7    0.00    0.00    0.00    0.00    0.00    0.00    0.00    0.00    0.00  100.00

05:22:54 AM  CPU    %usr   %nice    %sys %iowait    %irq   %soft  %steal  %guest  %gnice   %idle
05:22:55 AM  all    0.00    0.00    0.12    0.00    3.23   34.41    0.00    0.00    0.00   62.24
05:22:55 AM    0    0.00    0.00    0.99    0.00   23.76   75.25    0.00    0.00    0.00    0.00
05:22:55 AM    1    0.00    0.00    0.00    0.00    0.00    0.99    0.00    0.00    0.00   99.01
05:22:55 AM    2    0.00    0.00    0.00    0.00    0.00    0.00    0.00    0.00    0.00  100.00
05:22:55 AM    3    0.00    0.00    0.00    0.00    0.00    0.00    0.00    0.00    0.00  100.00
05:22:55 AM    4    0.00    0.00    0.00    0.00    0.00    0.00    0.00    0.00    0.00  100.00
05:22:55 AM    5    0.00    0.00    0.00    0.00    0.99   99.01    0.00    0.00    0.00    0.00
05:22:55 AM    6    0.00    0.00    0.00    0.00    0.99   99.01    0.00    0.00    0.00    0.00
05:22:55 AM    7    0.00    0.00    0.00    0.00    0.00    0.00    0.00    0.00    0.00  100.00

05:22:55 AM  CPU    %usr   %nice    %sys %iowait    %irq   %soft  %steal  %guest  %gnice   %idle
05:22:56 AM  all    0.00    0.00    0.13    0.00    3.01   34.46    0.00    0.00    0.00   62.41
05:22:56 AM    0    0.00    0.00    1.00    0.00   23.00   76.00    0.00    0.00    0.00    0.00
05:22:56 AM    1    0.00    0.00    0.00    0.00    0.00    0.00    0.00    0.00    0.00  100.00
05:22:56 AM    2    0.00    0.00    0.00    0.00    0.00    0.00    0.00    0.00    0.00  100.00
05:22:56 AM    3    0.00    0.00    0.00    0.00    0.00    0.00    0.00    0.00    0.00  100.00
05:22:56 AM    4    0.00    0.00    0.00    0.00    0.00    0.00    0.00    0.00    0.00  100.00
05:22:56 AM    5    0.00    0.00    0.00    0.00    1.00   99.00    0.00    0.00    0.00    0.00
05:22:56 AM    6    0.00    0.00    0.00    0.00    0.00   18.18    0.00    0.00    0.00   81.82
05:22:56 AM    7    0.00    0.00    0.00    0.00    0.00   82.83    0.00    0.00    0.00   17.17

05:22:56 AM  CPU    %usr   %nice    %sys %iowait    %irq   %soft  %steal  %guest  %gnice   %idle
05:22:57 AM  all    0.00    0.00    0.25    0.00    3.00   34.12    0.00    0.00    0.00   62.62
05:22:57 AM    0    0.00    0.00    2.00    0.00   23.00   75.00    0.00    0.00    0.00    0.00
05:22:57 AM    1    0.00    0.00    0.00    0.00    0.00    0.00    0.00    0.00    0.00  100.00
05:22:57 AM    2    0.00    0.00    0.00    0.00    0.00    0.00    0.00    0.00    0.00  100.00
05:22:57 AM    3    0.00    0.00    0.00    0.00    0.00    0.00    0.00    0.00    0.00  100.00
05:22:57 AM    4    0.00    0.00    0.00    0.00    0.00    0.00    0.00    0.00    0.00  100.00
05:22:57 AM    5    0.00    0.00    0.00    0.00    0.00  100.00    0.00    0.00    0.00    0.00
05:22:57 AM    6    0.00    0.00    0.00    0.00    0.00    0.00    0.00    0.00    0.00  100.00
05:22:57 AM    7    0.00    0.00    0.00    0.00    1.00   99.00    0.00    0.00    0.00    0.00

05:22:57 AM  CPU    %usr   %nice    %sys %iowait    %irq   %soft  %steal  %guest  %gnice   %idle
05:22:58 AM  all    0.00    0.00    0.00    0.00    3.00   34.62    0.00    0.00    0.00   62.38
05:22:58 AM    0    0.00    0.00    0.00    0.00   23.23   76.77    0.00    0.00    0.00    0.00
05:22:58 AM    1    0.00    0.00    0.00    0.00    0.00    1.00    0.00    0.00    0.00   99.00
05:22:58 AM    2    0.00    0.00    0.00    0.00    0.00    0.00    0.00    0.00    0.00  100.00
05:22:58 AM    3    0.00    0.00    0.00    0.00    0.00    0.00    0.00    0.00    0.00  100.00
05:22:58 AM    4    0.00    0.00    0.00    0.00    0.00    0.00    0.00    0.00    0.00  100.00
05:22:58 AM    5    0.00    0.00    0.00    0.00    0.99   99.01    0.00    0.00    0.00    0.00
05:22:58 AM    6    0.00    0.00    0.00    0.00    0.00    0.00    0.00    0.00    0.00  100.00
05:22:58 AM    7    0.00    0.00    0.00    0.00    0.00  100.00    0.00    0.00    0.00    0.00

05:22:58 AM  CPU    %usr   %nice    %sys %iowait    %irq   %soft  %steal  %guest  %gnice   %idle
05:22:59 AM  all    0.62    0.00    0.87    0.00    3.24   34.16    0.00    0.00    0.00   61.10
05:22:59 AM    0    0.00    0.00    1.00    0.00   23.00   76.00    0.00    0.00    0.00    0.00
05:22:59 AM    1    1.98    0.00    1.98    0.00    0.99    0.00    0.00    0.00    0.00   95.05
05:22:59 AM    2    0.00    0.00    2.02    0.00    0.00    0.00    0.00    0.00    0.00   97.98
05:22:59 AM    3    3.00    0.00    1.00    0.00    0.00    0.00    0.00    0.00    0.00   96.00
05:22:59 AM    4    0.00    0.00    0.00    0.00    0.00    0.00    0.00    0.00    0.00  100.00
05:22:59 AM    5    0.00    0.00    0.00    0.00    1.00   99.00    0.00    0.00    0.00    0.00
05:22:59 AM    6    0.00    0.00    0.99    0.00    0.00    0.00    0.00    0.00    0.00   99.01
05:22:59 AM    7    0.00    0.00    0.00    0.00    1.00   99.00    0.00    0.00    0.00    0.00

05:22:59 AM  CPU    %usr   %nice    %sys %iowait    %irq   %soft  %steal  %guest  %gnice   %idle
05:23:00 AM  all    0.00    0.00    0.25    0.00    3.10   34.49    0.00    0.00    0.00   62.16
05:23:00 AM    0    0.00    0.00    0.98    0.00   23.53   75.49    0.00    0.00    0.00    0.00
05:23:00 AM    1    0.00    0.00    0.00    0.00    0.00    0.00    0.00    0.00    0.00  100.00
05:23:00 AM    2    0.00    0.00    0.00    0.00    0.00    0.00    0.00    0.00    0.00  100.00
05:23:00 AM    3    0.00    0.00    0.99    0.00    0.00    0.00    0.00    0.00    0.00   99.01
05:23:00 AM    4    0.00    0.00    0.00    0.00    0.00    0.00    0.00    0.00    0.00  100.00
05:23:00 AM    5    0.00    0.00    0.00    0.00    0.00  100.00    0.00    0.00    0.00    0.00
05:23:00 AM    6    0.00    0.00    0.00    0.00    0.98   42.16    0.00    0.00    0.00   56.86
05:23:00 AM    7    0.00    0.00    0.00    0.00    0.00   58.00    0.00    0.00    0.00   42.00

05:23:00 AM  CPU    %usr   %nice    %sys %iowait    %irq   %soft  %steal  %guest  %gnice   %idle
05:23:01 AM  all    0.00    0.00    0.13    0.00    3.00   34.29    0.00    0.00    0.00   62.58
05:23:01 AM    0    0.00    0.00    1.01    0.00   23.23   75.76    0.00    0.00    0.00    0.00
05:23:01 AM    1    0.00    0.00    0.00    0.00    0.00    0.99    0.00    0.00    0.00   99.01
05:23:01 AM    2    0.00    0.00    0.00    0.00    0.00    0.00    0.00    0.00    0.00  100.00
05:23:01 AM    3    0.00    0.00    0.00    0.00    0.00    0.00    0.00    0.00    0.00  100.00
05:23:01 AM    4    0.00    0.00    0.00    0.00    0.00    0.00    0.00    0.00    0.00  100.00
05:23:01 AM    5    0.00    0.00    0.00    0.00    1.00   99.00    0.00    0.00    0.00    0.00
05:23:01 AM    6    0.00    0.00    0.00    0.00    0.00  100.00    0.00    0.00    0.00    0.00
05:23:01 AM    7    0.00    0.00    0.00    0.00    0.00    0.00    0.00    0.00    0.00  100.00

05:23:01 AM  CPU    %usr   %nice    %sys %iowait    %irq   %soft  %steal  %guest  %gnice   %idle
05:23:02 AM  all    0.00    0.00    0.13    0.00    3.01   34.21    0.00    0.00    0.00   62.66
05:23:02 AM    0    0.00    0.00    1.01    0.00   23.23   75.76    0.00    0.00    0.00    0.00
05:23:02 AM    1    0.00    0.00    0.00    0.00    0.00    0.00    0.00    0.00    0.00  100.00
05:23:02 AM    2    0.00    0.00    0.00    0.00    0.00    0.00    0.00    0.00    0.00  100.00
05:23:02 AM    3    0.00    0.00    0.00    0.00    0.00    0.00    0.00    0.00    0.00  100.00
05:23:02 AM    4    0.00    0.00    0.00    0.00    0.00    0.00    0.00    0.00    0.00  100.00
05:23:02 AM    5    0.00    0.00    0.00    0.00    0.00  100.00    0.00    0.00    0.00    0.00
05:23:02 AM    6    0.00    0.00    0.00    0.00    1.00   99.00    0.00    0.00    0.00    0.00
05:23:02 AM    7    0.00    0.00    0.00    0.00    0.00    0.00    0.00    0.00    0.00  100.00

05:23:02 AM  CPU    %usr   %nice    %sys %iowait    %irq   %soft  %steal  %guest  %gnice   %idle
05:23:03 AM  all    0.12    0.00    0.12    0.00    3.11   34.37    0.00    0.00    0.00   62.27
05:23:03 AM    0    0.00    0.00    0.99    0.00   23.76   75.25    0.00    0.00    0.00    0.00
05:23:03 AM    1    0.00    0.00    0.00    0.00    0.00    0.00    0.00    0.00    0.00  100.00
05:23:03 AM    2    0.00    0.00    0.00    0.00    0.00    0.00    0.00    0.00    0.00  100.00
05:23:03 AM    3    0.00    0.00    0.00    0.00    0.00    0.00    0.00    0.00    0.00  100.00
05:23:03 AM    4    0.99    0.00    0.00    0.00    0.00    0.00    0.00    0.00    0.00   99.01
05:23:03 AM    5    0.00    0.00    0.00    0.00    0.99   99.01    0.00    0.00    0.00    0.00
05:23:03 AM    6    0.00    0.00    0.00    0.00    0.00  100.00    0.00    0.00    0.00    0.00
05:23:03 AM    7    0.00    0.00    0.00    0.00    0.00    0.00    0.00    0.00    0.00  100.00

05:23:03 AM  CPU    %usr   %nice    %sys %iowait    %irq   %soft  %steal  %guest  %gnice   %idle
05:23:04 AM  all    0.00    0.00    0.25    0.00    3.13   34.54    0.00    0.00    0.00   62.08
05:23:04 AM    0    0.00    0.00    1.00    0.00   23.00   76.00    0.00    0.00    0.00    0.00
05:23:04 AM    1    0.00    0.00    0.00    0.00    0.00    0.00    0.00    0.00    0.00  100.00
05:23:04 AM    2    0.00    0.00    0.00    0.00    0.00    0.00    0.00    0.00    0.00  100.00
05:23:04 AM    3    0.00    0.00    0.00    0.00    0.00    3.03    0.00    0.00    0.00   96.97
05:23:04 AM    4    0.00    0.00    1.00    0.00    0.00    3.00    0.00    0.00    0.00   96.00
05:23:04 AM    5    0.00    0.00    0.00    0.00    1.00   97.00    0.00    0.00    0.00    2.00
05:23:04 AM    6    0.00    0.00    0.00    0.00    1.00   97.00    0.00    0.00    0.00    2.00
05:23:04 AM    7    0.00    0.00    0.00    0.00    0.00    0.00    0.00    0.00    0.00  100.00

05:23:04 AM  CPU    %usr   %nice    %sys %iowait    %irq   %soft  %steal  %guest  %gnice   %idle
05:23:05 AM  all    0.00    0.00    0.12    0.00    3.11   34.45    0.00    0.00    0.00   62.31
05:23:05 AM    0    0.00    0.00    0.00    0.00   23.00   77.00    0.00    0.00    0.00    0.00
05:23:05 AM    1    0.00    0.00    0.00    0.00    0.00    0.99    0.00    0.00    0.00   99.01
05:23:05 AM    2    0.00    0.00    0.99    0.00    0.00    0.00    0.00    0.00    0.00   99.01
05:23:05 AM    3    0.00    0.00    0.00    0.00    1.00   99.00    0.00    0.00    0.00    0.00
05:23:05 AM    4    0.00    0.00    0.00    0.00    0.99   99.01    0.00    0.00    0.00    0.00
05:23:05 AM    5    0.00    0.00    0.00    0.00    0.00    0.00    0.00    0.00    0.00  100.00
05:23:05 AM    6    0.00    0.00    0.00    0.00    0.00    0.00    0.00    0.00    0.00  100.00
05:23:05 AM    7    0.00    0.00    0.00    0.00    0.00    0.00    0.00    0.00    0.00  100.00

05:23:05 AM  CPU    %usr   %nice    %sys %iowait    %irq   %soft  %steal  %guest  %gnice   %idle
05:23:06 AM  all    0.00    0.00    0.25    0.00    3.11   34.50    0.00    0.00    0.00   62.14
05:23:06 AM    0    0.00    0.00    1.00    0.00   22.00   77.00    0.00    0.00    0.00    0.00
05:23:06 AM    1    0.00    0.00    0.00    0.00    0.00    0.00    0.00    0.00    0.00  100.00
05:23:06 AM    2    0.00    0.00    0.00    0.00    0.00    0.00    0.00    0.00    0.00  100.00
05:23:06 AM    3    0.00    0.00    0.00    0.00    0.99   99.01    0.00    0.00    0.00    0.00
05:23:06 AM    4    0.00    0.00    0.00    0.00    0.99   99.01    0.00    0.00    0.00    0.00
05:23:06 AM    5    0.00    0.00    0.00    0.00    0.00    0.00    0.00    0.00    0.00  100.00
05:23:06 AM    6    0.00    0.00    0.00    0.00    0.00    0.00    0.00    0.00    0.00  100.00
05:23:06 AM    7    0.00    0.00    0.98    0.00    0.98    0.00    0.00    0.00    0.00   98.04

05:23:06 AM  CPU    %usr   %nice    %sys %iowait    %irq   %soft  %steal  %guest  %gnice   %idle
05:23:07 AM  all    0.62    0.00    0.87    0.00    2.99   34.16    0.00    0.00    0.00   61.35
05:23:07 AM    0    0.00    0.00    1.00    0.00   23.00   76.00    0.00    0.00    0.00    0.00
05:23:07 AM    1    0.00    0.00    0.00    0.00    0.00    0.00    0.00    0.00    0.00  100.00
05:23:07 AM    2    0.99    0.00    0.99    0.00    0.00    0.00    0.00    0.00    0.00   98.02
05:23:07 AM    3    0.00    0.00    0.00    0.00    1.00   99.00    0.00    0.00    0.00    0.00
05:23:07 AM    4    0.00    0.00    0.00    0.00    0.00  100.00    0.00    0.00    0.00    0.00
05:23:07 AM    5    0.99    0.00    1.98    0.00    0.00    0.00    0.00    0.00    0.00   97.03
05:23:07 AM    6    2.00    0.00    1.00    0.00    0.00    0.00    0.00    0.00    0.00   97.00
05:23:07 AM    7    0.99    0.00    1.98    0.00    0.00    0.00    0.00    0.00    0.00   97.03

05:23:07 AM  CPU    %usr   %nice    %sys %iowait    %irq   %soft  %steal  %guest  %gnice   %idle
05:23:08 AM  all    0.00    0.00    0.00    0.00    3.12   34.54    0.00    0.00    0.00   62.34
05:23:08 AM    0    0.00    0.00    0.00    0.00   22.77   77.23    0.00    0.00    0.00    0.00
05:23:08 AM    1    0.00    0.00    0.00    0.00    0.00    0.99    0.00    0.00    0.00   99.01
05:23:08 AM    2    0.00    0.00    0.00    0.00    0.00    0.00    0.00    0.00    0.00  100.00
05:23:08 AM    3    0.00    0.00    0.00    0.00    1.00   99.00    0.00    0.00    0.00    0.00
05:23:08 AM    4    0.00    0.00    0.00    0.00    1.00   99.00    0.00    0.00    0.00    0.00
05:23:08 AM    5    0.00    0.00    0.00    0.00    0.00    0.00    0.00    0.00    0.00  100.00
05:23:08 AM    6    0.00    0.00    0.00    0.00    0.00    0.00    0.00    0.00    0.00  100.00
05:23:08 AM    7    0.00    0.00    0.00    0.00    0.00    0.00    0.00    0.00    0.00  100.00

05:23:08 AM  CPU    %usr   %nice    %sys %iowait    %irq   %soft  %steal  %guest  %gnice   %idle
05:23:09 AM  all    0.00    0.00    0.12    0.00    3.00   34.62    0.00    0.00    0.00   62.25
05:23:09 AM    0    0.00    0.00    1.00    0.00   23.00   76.00    0.00    0.00    0.00    0.00
05:23:09 AM    1    0.00    0.00    0.00    0.00    0.00    0.00    0.00    0.00    0.00  100.00
05:23:09 AM    2    0.00    0.00    0.00    0.00    0.99   62.38    0.00    0.00    0.00   36.63
05:23:09 AM    3    0.00    0.00    0.00    0.00    0.00   37.00    0.00    0.00    0.00   63.00
05:23:09 AM    4    0.00    0.00    0.00    0.00    0.00   37.00    0.00    0.00    0.00   63.00
05:23:09 AM    5    0.00    0.00    0.00    0.00    0.00    0.00    0.00    0.00    0.00  100.00
05:23:09 AM    6    0.00    0.00    0.00    0.00    0.00    0.00    0.00    0.00    0.00  100.00
05:23:09 AM    7    0.00    0.00    0.00    0.00    0.00   64.00    0.00    0.00    0.00   36.00

05:23:09 AM  CPU    %usr   %nice    %sys %iowait    %irq   %soft  %steal  %guest  %gnice   %idle
05:23:10 AM  all    0.00    0.00    0.13    0.00    3.00   34.29    0.00    0.00    0.00   62.58
05:23:10 AM    0    0.00    0.00    1.01    0.00   22.22   76.77    0.00    0.00    0.00    0.00
05:23:10 AM    1    0.00    0.00    0.00    0.00    0.00    0.00    0.00    0.00    0.00  100.00
05:23:10 AM    2    0.00    0.00    0.00    0.00    1.00   99.00    0.00    0.00    0.00    0.00
05:23:10 AM    3    0.00    0.00    0.00    0.00    0.00    0.00    0.00    0.00    0.00  100.00
05:23:10 AM    4    0.00    0.00    0.00    0.00    0.00    0.00    0.00    0.00    0.00  100.00
05:23:10 AM    5    0.00    0.00    0.00    0.00    0.00    0.00    0.00    0.00    0.00  100.00
05:23:10 AM    6    0.00    0.00    0.00    0.00    0.00    0.00    0.00    0.00    0.00  100.00
05:23:10 AM    7    0.00    0.00    0.00    0.00    1.00   99.00    0.00    0.00    0.00    0.00

05:23:10 AM  CPU    %usr   %nice    %sys %iowait    %irq   %soft  %steal  %guest  %gnice   %idle
05:23:11 AM  all    0.00    0.00    0.12    0.00    2.99   34.41    0.00    0.00    0.00   62.47
05:23:11 AM    0    0.00    0.00    1.00    0.00   23.00   76.00    0.00    0.00    0.00    0.00
05:23:11 AM    1    0.00    0.00    0.00    0.00    0.00    0.00    0.00    0.00    0.00  100.00
05:23:11 AM    2    0.00    0.00    0.00    0.00    0.99   99.01    0.00    0.00    0.00    0.00
05:23:11 AM    3    0.00    0.00    0.00    0.00    0.00    0.00    0.00    0.00    0.00  100.00
05:23:11 AM    4    0.00    0.00    0.00    0.00    0.00    0.00    0.00    0.00    0.00  100.00
05:23:11 AM    5    0.00    0.00    0.00    0.00    0.00    0.00    0.00    0.00    0.00  100.00
05:23:11 AM    6    0.00    0.00    0.00    0.00    0.00    0.00    0.00    0.00    0.00  100.00
05:23:11 AM    7    0.00    0.00    0.00    0.00    0.00  100.00    0.00    0.00    0.00    0.00

05:23:11 AM  CPU    %usr   %nice    %sys %iowait    %irq   %soft  %steal  %guest  %gnice   %idle
05:23:12 AM  all    0.00    0.00    0.12    0.00    3.00   34.33    0.00    0.00    0.00   62.55
05:23:12 AM    0    0.00    0.00    1.00    0.00   23.00   76.00    0.00    0.00    0.00    0.00
05:23:12 AM    1    0.00    0.00    0.00    0.00    0.00    0.99    0.00    0.00    0.00   99.01
05:23:12 AM    2    0.00    0.00    0.00    0.00    0.00  100.00    0.00    0.00    0.00    0.00
05:23:12 AM    3    0.00    0.00    0.00    0.00    0.00    0.00    0.00    0.00    0.00  100.00
05:23:12 AM    4    0.00    0.00    0.00    0.00    0.00    0.00    0.00    0.00    0.00  100.00
05:23:12 AM    5    0.00    0.00    0.00    0.00    0.00    0.00    0.00    0.00    0.00  100.00
05:23:12 AM    6    0.00    0.00    0.00    0.00    0.00    0.00    0.00    0.00    0.00  100.00
05:23:12 AM    7    0.00    0.00    0.00    0.00    1.00   99.00    0.00    0.00    0.00    0.00

05:23:12 AM  CPU    %usr   %nice    %sys %iowait    %irq   %soft  %steal  %guest  %gnice   %idle
05:23:13 AM  all    0.00    0.00    0.00    0.00    3.12   34.91    0.00    0.00    0.00   61.97
05:23:13 AM    0    0.00    0.00    0.00    0.00   22.77   77.23    0.00    0.00    0.00    0.00
05:23:13 AM    1    0.00    0.00    0.00    0.00    0.99    0.00    0.00    0.00    0.00   99.01
05:23:13 AM    2    0.00    0.00    0.00    0.00    1.00   78.00    0.00    0.00    0.00   21.00
05:23:13 AM    3    0.00    0.00    0.00    0.00    0.00   23.00    0.00    0.00    0.00   77.00
05:23:13 AM    4    0.00    0.00    0.00    0.00    0.00   23.00    0.00    0.00    0.00   77.00
05:23:13 AM    5    0.00    0.00    0.00    0.00    0.00    0.00    0.00    0.00    0.00  100.00
05:23:13 AM    6    0.00    0.00    0.00    0.00    0.00    0.00    0.00    0.00    0.00  100.00
05:23:13 AM    7    0.00    0.00    0.00    0.00    0.00   78.00    0.00    0.00    0.00   22.00

05:23:13 AM  CPU    %usr   %nice    %sys %iowait    %irq   %soft  %steal  %guest  %gnice   %idle
05:23:14 AM  all    0.00    0.00    0.12    0.00    3.00   34.33    0.00    0.00    0.00   62.55
05:23:14 AM    0    0.00    0.00    1.01    0.00   22.22   76.77    0.00    0.00    0.00    0.00
05:23:14 AM    1    0.00    0.00    0.00    0.00    0.00    0.00    0.00    0.00    0.00  100.00
05:23:14 AM    2    0.00    0.00    0.00    0.00    0.00    0.00    0.00    0.00    0.00  100.00
05:23:14 AM    3    0.00    0.00    0.00    0.00    0.99   99.01    0.00    0.00    0.00    0.00
05:23:14 AM    4    0.00    0.00    0.00    0.00    1.00   99.00    0.00    0.00    0.00    0.00
05:23:14 AM    5    0.00    0.00    0.00    0.00    0.00    0.00    0.00    0.00    0.00  100.00
05:23:14 AM    6    0.00    0.00    0.00    0.00    0.00    0.00    0.00    0.00    0.00  100.00
05:23:14 AM    7    0.00    0.00    0.00    0.00    0.00    0.00    0.00    0.00    0.00  100.00

05:23:14 AM  CPU    %usr   %nice    %sys %iowait    %irq   %soft  %steal  %guest  %gnice   %idle
05:23:15 AM  all    0.00    0.00    0.00    0.00    3.00   34.42    0.00    0.00    0.00   62.58
05:23:15 AM    0    0.00    0.00    0.00    0.00   23.23   76.77    0.00    0.00    0.00    0.00
05:23:15 AM    1    0.00    0.00    0.00    0.00    0.00    0.00    0.00    0.00    0.00  100.00
05:23:15 AM    2    0.00    0.00    0.00    0.00    0.00    0.00    0.00    0.00    0.00  100.00
05:23:15 AM    3    0.00    0.00    0.00    0.00    1.00   99.00    0.00    0.00    0.00    0.00
05:23:15 AM    4    0.00    0.00    0.00    0.00    0.00  100.00    0.00    0.00    0.00    0.00
05:23:15 AM    5    0.00    0.00    0.00    0.00    0.00    0.00    0.00    0.00    0.00  100.00
05:23:15 AM    6    0.00    0.00    0.00    0.00    0.00    0.00    0.00    0.00    0.00  100.00
05:23:15 AM    7    0.00    0.00    0.00    0.00    0.00    0.00    0.00    0.00    0.00  100.00

05:23:15 AM  CPU    %usr   %nice    %sys %iowait    %irq   %soft  %steal  %guest  %gnice   %idle
05:23:16 AM  all    0.00    0.00    0.25    0.00    3.12   34.29    0.00    0.00    0.00   62.34
05:23:16 AM    0    0.00    0.00    1.98    0.00   22.77   75.25    0.00    0.00    0.00    0.00
05:23:16 AM    1    0.00    0.00    0.00    0.00    0.00    0.99    0.00    0.00    0.00   99.01
05:23:16 AM    2    0.00    0.00    0.00    0.00    0.00    0.00    0.00    0.00    0.00  100.00
05:23:16 AM    3    0.00    0.00    0.00    0.00    1.00   99.00    0.00    0.00    0.00    0.00
05:23:16 AM    4    0.00    0.00    0.00    0.00    1.00   99.00    0.00    0.00    0.00    0.00
05:23:16 AM    5    0.00    0.00    0.00    0.00    0.00    0.00    0.00    0.00    0.00  100.00
05:23:16 AM    6    0.00    0.00    0.00    0.00    0.00    0.00    0.00    0.00    0.00  100.00
05:23:16 AM    7    0.00    0.00    0.00    0.00    0.00    0.00    0.00    0.00    0.00  100.00

05:23:16 AM  CPU    %usr   %nice    %sys %iowait    %irq   %soft  %steal  %guest  %gnice   %idle
05:23:17 AM  all    0.00    0.00    0.12    0.00    3.12   34.29    0.00    0.00    0.00   62.47
05:23:17 AM    0    0.00    0.00    1.00    0.00   23.00   76.00    0.00    0.00    0.00    0.00
05:23:17 AM    1    0.00    0.00    0.00    0.00    0.00    0.00    0.00    0.00    0.00  100.00
05:23:17 AM    2    0.00    0.00    0.00    0.00    0.00    0.00    0.00    0.00    0.00  100.00
05:23:17 AM    3    0.00    0.00    0.00    0.00    1.00   99.00    0.00    0.00    0.00    0.00
05:23:17 AM    4    0.00    0.00    0.00    0.00    0.99   99.01    0.00    0.00    0.00    0.00
05:23:17 AM    5    0.00    0.00    0.00    0.00    0.00    0.00    0.00    0.00    0.00  100.00
05:23:17 AM    6    0.00    0.00    0.00    0.00    0.00    0.00    0.00    0.00    0.00  100.00
05:23:17 AM    7    0.00    0.00    0.00    0.00    0.00    0.00    0.00    0.00    0.00  100.00

05:23:17 AM  CPU    %usr   %nice    %sys %iowait    %irq   %soft  %steal  %guest  %gnice   %idle
05:23:18 AM  all    0.00    0.00    0.12    0.00    3.00   34.62    0.00    0.00    0.00   62.25
05:23:18 AM    0    0.00    0.00    0.99    0.00   22.77   76.24    0.00    0.00    0.00    0.00
05:23:18 AM    1    0.00    0.00    0.00    0.00    0.00    0.00    0.00    0.00    0.00  100.00
05:23:18 AM    2    0.00    0.00    0.00    0.00    0.00    0.00    0.00    0.00    0.00  100.00
05:23:18 AM    3    0.00    0.00    0.00    0.00    0.00  100.00    0.00    0.00    0.00    0.00
05:23:18 AM    4    0.00    0.00    0.00    0.00    0.00   18.00    0.00    0.00    0.00   82.00
05:23:18 AM    5    0.00    0.00    0.00    0.00    0.00    0.00    0.00    0.00    0.00  100.00
05:23:18 AM    6    0.00    0.00    0.00    0.00    0.99   82.18    0.00    0.00    0.00   16.83
05:23:18 AM    7    0.00    0.00    0.00    0.00    0.00    0.00    0.00    0.00    0.00  100.00

05:23:18 AM  CPU    %usr   %nice    %sys %iowait    %irq   %soft  %steal  %guest  %gnice   %idle
05:23:19 AM  all    0.00    0.00    0.12    0.00    3.00   34.38    0.00    0.00    0.00   62.50
05:23:19 AM    0    0.00    0.00    1.00    0.00   23.00   76.00    0.00    0.00    0.00    0.00
05:23:19 AM    1    0.00    0.00    0.00    0.00    0.00    0.00    0.00    0.00    0.00  100.00
05:23:19 AM    2    0.00    0.00    0.00    0.00    0.00    0.00    0.00    0.00    0.00  100.00
05:23:19 AM    3    0.00    0.00    0.00    0.00    1.00   99.00    0.00    0.00    0.00    0.00
05:23:19 AM    4    0.00    0.00    0.00    0.00    0.00    0.00    0.00    0.00    0.00  100.00
05:23:19 AM    5    0.00    0.00    0.00    0.00    0.00    0.00    0.00    0.00    0.00  100.00
05:23:19 AM    6    0.00    0.00    0.00    0.00    0.00  100.00    0.00    0.00    0.00    0.00
05:23:19 AM    7    0.00    0.00    0.00    0.00    0.00    0.00    0.00    0.00    0.00  100.00

05:23:19 AM  CPU    %usr   %nice    %sys %iowait    %irq   %soft  %steal  %guest  %gnice   %idle
05:23:20 AM  all    0.00    0.00    0.00    0.00    3.11   34.37    0.00    0.00    0.00   62.52
05:23:20 AM    0    0.00    0.00    0.00    0.00   23.23   76.77    0.00    0.00    0.00    0.00
05:23:20 AM    1    0.00    0.00    0.00    0.00    0.00    0.99    0.00    0.00    0.00   99.01
05:23:20 AM    2    0.00    0.00    0.00    0.00    0.00    0.00    0.00    0.00    0.00  100.00
05:23:20 AM    3    0.00    0.00    0.00    0.00    0.99   99.01    0.00    0.00    0.00    0.00
05:23:20 AM    4    0.00    0.00    0.00    0.00    0.00    0.00    0.00    0.00    0.00  100.00
05:23:20 AM    5    0.00    0.00    0.00    0.00    0.00    0.00    0.00    0.00    0.00  100.00
05:23:20 AM    6    0.00    0.00    0.00    0.00    1.00   99.00    0.00    0.00    0.00    0.00
05:23:20 AM    7    0.00    0.00    0.00    0.00    0.00    0.00    0.00    0.00    0.00  100.00

05:23:20 AM  CPU    %usr   %nice    %sys %iowait    %irq   %soft  %steal  %guest  %gnice   %idle
05:23:21 AM  all    0.00    0.00    0.13    0.00    2.88   34.46    0.00    0.00    0.00   62.53
05:23:21 AM    0    0.00    0.00    1.00    0.00   22.00   77.00    0.00    0.00    0.00    0.00
05:23:21 AM    1    0.00    0.00    0.00    0.00    0.00    0.00    0.00    0.00    0.00  100.00
05:23:21 AM    2    0.00    0.00    0.00    0.00    0.00    0.00    0.00    0.00    0.00  100.00
05:23:21 AM    3    0.00    0.00    0.00    0.00    1.00   99.00    0.00    0.00    0.00    0.00
05:23:21 AM    4    0.00    0.00    0.00    0.00    0.00    0.00    0.00    0.00    0.00  100.00
05:23:21 AM    5    0.00    0.00    0.00    0.00    0.00    0.00    0.00    0.00    0.00  100.00
05:23:21 AM    6    0.00    0.00    0.00    0.00    0.00  100.00    0.00    0.00    0.00    0.00
05:23:21 AM    7    0.00    0.00    0.00    0.00    0.00    0.00    0.00    0.00    0.00  100.00

05:23:21 AM  CPU    %usr   %nice    %sys %iowait    %irq   %soft  %steal  %guest  %gnice   %idle
05:23:22 AM  all    0.00    0.00    0.13    0.00    3.00   34.42    0.00    0.00    0.00   62.45
05:23:22 AM    0    0.00    0.00    1.00    0.00   23.00   76.00    0.00    0.00    0.00    0.00
05:23:22 AM    1    0.00    0.00    0.00    0.00    0.00    0.00    0.00    0.00    0.00  100.00
05:23:22 AM    2    0.00    0.00    0.00    0.00    0.00    0.00    0.00    0.00    0.00  100.00
05:23:22 AM    3    0.00    0.00    0.00    0.00    0.00   56.57    0.00    0.00    0.00   43.43
05:23:22 AM    4    0.00    0.00    0.00    0.00    0.00   43.43    0.00    0.00    0.00   56.57
05:23:22 AM    5    0.00    0.00    0.00    0.00    0.00    0.00    0.00    0.00    0.00  100.00
05:23:22 AM    6    0.00    0.00    0.00    0.00    0.99   99.01    0.00    0.00    0.00    0.00
05:23:22 AM    7    0.00    0.00    0.00    0.00    0.00    0.00    0.00    0.00    0.00  100.00

05:23:22 AM  CPU    %usr   %nice    %sys %iowait    %irq   %soft  %steal  %guest  %gnice   %idle
05:23:23 AM  all    0.00    0.00    0.00    0.00    3.11   34.37    0.00    0.00    0.00   62.52
05:23:23 AM    0    0.00    0.00    0.00    0.00   24.00   76.00    0.00    0.00    0.00    0.00
05:23:23 AM    1    0.00    0.00    0.00    0.00    0.00    0.99    0.00    0.00    0.00   99.01
05:23:23 AM    2    0.00    0.00    0.00    0.00    0.00    0.00    0.00    0.00    0.00  100.00
05:23:23 AM    3    0.00    0.00    0.00    0.00    0.00    0.00    0.00    0.00    0.00  100.00
05:23:23 AM    4    0.00    0.00    0.00    0.00    0.99   99.01    0.00    0.00    0.00    0.00
05:23:23 AM    5    0.00    0.00    0.00    0.00    0.00    0.00    0.00    0.00    0.00  100.00
05:23:23 AM    6    0.00    0.00    0.00    0.00    0.00  100.00    0.00    0.00    0.00    0.00
05:23:23 AM    7    0.00    0.00    0.00    0.00    0.00    0.00    0.00    0.00    0.00  100.00

05:23:23 AM  CPU    %usr   %nice    %sys %iowait    %irq   %soft  %steal  %guest  %gnice   %idle
05:23:24 AM  all    0.00    0.00    0.13    0.00    3.00   34.42    0.00    0.00    0.00   62.45
05:23:24 AM    0    0.00    0.00    1.00    0.00   23.00   76.00    0.00    0.00    0.00    0.00
05:23:24 AM    1    0.00    0.00    0.00    0.00    0.00    0.00    0.00    0.00    0.00  100.00
05:23:24 AM    2    0.00    0.00    0.00    0.00    0.00    0.00    0.00    0.00    0.00  100.00
05:23:24 AM    3    0.00    0.00    0.00    0.00    0.00    0.00    0.00    0.00    0.00  100.00
05:23:24 AM    4    0.00    0.00    0.00    0.00    0.00  100.00    0.00    0.00    0.00    0.00
05:23:24 AM    5    0.00    0.00    0.00    0.00    0.00    0.00    0.00    0.00    0.00  100.00
05:23:24 AM    6    0.00    0.00    0.00    0.00    0.99   99.01    0.00    0.00    0.00    0.00
05:23:24 AM    7    0.00    0.00    0.00    0.00    0.00    0.00    0.00    0.00    0.00  100.00

05:23:24 AM  CPU    %usr   %nice    %sys %iowait    %irq   %soft  %steal  %guest  %gnice   %idle
05:23:25 AM  all    0.00    0.00    0.12    0.00    3.25   34.21    0.00    0.00    0.00   62.42
05:23:25 AM    0    0.00    0.00    0.99    0.00   23.76   75.25    0.00    0.00    0.00    0.00
05:23:25 AM    1    0.00    0.00    0.00    0.00    0.00    0.00    0.00    0.00    0.00  100.00
05:23:25 AM    2    0.00    0.00    0.00    0.00    0.00    0.00    0.00    0.00    0.00  100.00
05:23:25 AM    3    0.00    0.00    0.00    0.00    0.00    0.00    0.00    0.00    0.00  100.00
05:23:25 AM    4    0.00    0.00    0.00    0.00    1.00   99.00    0.00    0.00    0.00    0.00
05:23:25 AM    5    0.00    0.00    0.00    0.00    0.00    0.00    0.00    0.00    0.00  100.00
05:23:25 AM    6    0.00    0.00    0.00    0.00    1.00   99.00    0.00    0.00    0.00    0.00
05:23:25 AM    7    0.00    0.00    0.00    0.00    0.00    0.00    0.00    0.00    0.00  100.00

05:23:25 AM  CPU    %usr   %nice    %sys %iowait    %irq   %soft  %steal  %guest  %gnice   %idle
05:23:26 AM  all    0.00    0.00    0.00    0.00    2.99   34.87    0.00    0.00    0.00   62.14
05:23:26 AM    0    0.00    0.00    0.00    0.00   23.00   77.00    0.00    0.00    0.00    0.00
05:23:26 AM    1    0.00    0.00    0.00    0.00    0.98    0.98    0.00    0.00    0.00   98.04
05:23:26 AM    2    0.00    0.00    0.00    0.00    0.00    4.95    0.00    0.00    0.00   95.05
05:23:26 AM    3    0.00    0.00    0.00    0.00    0.00    0.00    0.00    0.00    0.00  100.00
05:23:26 AM    4    0.00    0.00    0.00    0.00    0.00   96.00    0.00    0.00    0.00    4.00
05:23:26 AM    5    0.00    0.00    0.00    0.00    0.00    0.00    0.00    0.00    0.00  100.00
05:23:26 AM    6    0.00    0.00    0.00    0.00    0.00   96.97    0.00    0.00    0.00    3.03
05:23:26 AM    7    0.00    0.00    0.00    0.00    0.00    4.95    0.00    0.00    0.00   95.05

05:23:26 AM  CPU    %usr   %nice    %sys %iowait    %irq   %soft  %steal  %guest  %gnice   %idle
05:23:27 AM  all    0.00    0.00    0.12    0.00    3.12   34.25    0.00    0.00    0.00   62.50
05:23:27 AM    0    0.00    0.00    1.00    0.00   23.00   76.00    0.00    0.00    0.00    0.00
05:23:27 AM    1    0.00    0.00    0.00    0.00    0.00    0.00    0.00    0.00    0.00  100.00
05:23:27 AM    2    0.00    0.00    0.00    0.00    1.00   99.00    0.00    0.00    0.00    0.00
05:23:27 AM    3    0.00    0.00    0.00    0.00    0.00    0.00    0.00    0.00    0.00  100.00
05:23:27 AM    4    0.00    0.00    0.00    0.00    0.00    0.00    0.00    0.00    0.00  100.00
05:23:27 AM    5    0.00    0.00    0.00    0.00    0.00    0.00    0.00    0.00    0.00  100.00
05:23:27 AM    6    0.00    0.00    0.00    0.00    0.00    0.00    0.00    0.00    0.00  100.00
05:23:27 AM    7    0.00    0.00    0.00    0.00    1.00   99.00    0.00    0.00    0.00    0.00

05:23:27 AM  CPU    %usr   %nice    %sys %iowait    %irq   %soft  %steal  %guest  %gnice   %idle
05:23:28 AM  all    0.00    0.00    0.12    0.00    3.00   34.38    0.00    0.00    0.00   62.50
05:23:28 AM    0    0.00    0.00    1.01    0.00   22.22   76.77    0.00    0.00    0.00    0.00
05:23:28 AM    1    0.00    0.00    0.00    0.00    0.00    0.00    0.00    0.00    0.00  100.00
05:23:28 AM    2    0.00    0.00    0.00    0.00    1.00   99.00    0.00    0.00    0.00    0.00
05:23:28 AM    3    0.00    0.00    0.00    0.00    0.00    0.00    0.00    0.00    0.00  100.00
05:23:28 AM    4    0.00    0.00    0.00    0.00    0.00    0.00    0.00    0.00    0.00  100.00
05:23:28 AM    5    0.00    0.00    0.00    0.00    0.00    0.00    0.00    0.00    0.00  100.00
05:23:28 AM    6    0.00    0.00    0.00    0.00    0.00    0.00    0.00    0.00    0.00  100.00
05:23:28 AM    7    0.00    0.00    0.00    0.00    0.99   99.01    0.00    0.00    0.00    0.00

05:23:28 AM  CPU    %usr   %nice    %sys %iowait    %irq   %soft  %steal  %guest  %gnice   %idle
05:23:29 AM  all    0.00    0.00    0.00    0.00    3.00   34.46    0.00    0.00    0.00   62.55
05:23:29 AM    0    0.00    0.00    0.00    0.00   23.00   77.00    0.00    0.00    0.00    0.00
05:23:29 AM    1    0.00    0.00    0.00    0.00    0.00    0.99    0.00    0.00    0.00   99.01
05:23:29 AM    2    0.00    0.00    0.00    0.00    1.00   99.00    0.00    0.00    0.00    0.00
05:23:29 AM    3    0.00    0.00    0.00    0.00    0.00    0.00    0.00    0.00    0.00  100.00
05:23:29 AM    4    0.00    0.00    0.00    0.00    0.00    0.00    0.00    0.00    0.00  100.00
05:23:29 AM    5    0.00    0.00    0.00    0.00    0.00    0.00    0.00    0.00    0.00  100.00
05:23:29 AM    6    0.00    0.00    0.00    0.00    0.00    0.00    0.00    0.00    0.00  100.00
05:23:29 AM    7    0.00    0.00    0.00    0.00    0.00  100.00    0.00    0.00    0.00    0.00

05:23:29 AM  CPU    %usr   %nice    %sys %iowait    %irq   %soft  %steal  %guest  %gnice   %idle
05:23:30 AM  all    0.00    0.00    0.13    0.00    3.13   34.29    0.00    0.00    0.00   62.45
05:23:30 AM    0    0.00    0.00    1.00    0.00   23.00   76.00    0.00    0.00    0.00    0.00
05:23:30 AM    1    0.00    0.00    0.00    0.00    0.00    0.00    0.00    0.00    0.00  100.00
05:23:30 AM    2    0.00    0.00    0.00    0.00    1.00   99.00    0.00    0.00    0.00    0.00
05:23:30 AM    3    0.00    0.00    0.00    0.00    0.00    0.00    0.00    0.00    0.00  100.00
05:23:30 AM    4    0.00    0.00    0.00    0.00    0.00    0.00    0.00    0.00    0.00  100.00
05:23:30 AM    5    0.00    0.00    0.00    0.00    0.00    0.00    0.00    0.00    0.00  100.00
05:23:30 AM    6    0.00    0.00    0.00    0.00    0.00    0.00    0.00    0.00    0.00  100.00
05:23:30 AM    7    0.00    0.00    0.00    0.00    1.00   99.00    0.00    0.00    0.00    0.00

05:23:30 AM  CPU    %usr   %nice    %sys %iowait    %irq   %soft  %steal  %guest  %gnice   %idle
05:23:31 AM  all    0.12    0.00    0.25    0.00    3.22   34.57    0.00    0.00    0.00   61.83
05:23:31 AM    0    0.00    0.00    2.00    0.00   23.00   75.00    0.00    0.00    0.00    0.00
05:23:31 AM    1    0.00    0.00    0.00    0.00    0.00    0.00    0.00    0.00    0.00  100.00
05:23:31 AM    2    0.00    0.00    0.00    0.00    0.00   36.63    0.00    0.00    0.00   63.37
05:23:31 AM    3    0.00    0.00    0.00    0.00    0.99   64.36    0.00    0.00    0.00   34.65
05:23:31 AM    4    0.00    0.00    0.00    0.00    0.98    0.00    0.00    0.00    0.00   99.02
05:23:31 AM    5    0.99    0.00    0.00    0.00    0.00    0.00    0.00    0.00    0.00   99.01
05:23:31 AM    6    0.00    0.00    0.00    0.00    0.99   64.36    0.00    0.00    0.00   34.65
05:23:31 AM    7    0.00    0.00    0.00    0.00    0.00   36.63    0.00    0.00    0.00   63.37

05:23:31 AM  CPU    %usr   %nice    %sys %iowait    %irq   %soft  %steal  %guest  %gnice   %idle
05:23:32 AM  all    0.00    0.00    0.12    0.00    3.00   34.46    0.00    0.00    0.00   62.42
05:23:32 AM    0    0.00    0.00    0.99    0.00   22.77   76.24    0.00    0.00    0.00    0.00
05:23:32 AM    1    0.00    0.00    0.00    0.00    0.00    0.99    0.00    0.00    0.00   99.01
05:23:32 AM    2    0.00    0.00    0.00    0.00    0.00    0.00    0.00    0.00    0.00  100.00
05:23:32 AM    3    0.00    0.00    0.00    0.00    1.00   99.00    0.00    0.00    0.00    0.00
05:23:32 AM    4    0.00    0.00    0.00    0.00    0.00    0.00    0.00    0.00    0.00  100.00
05:23:32 AM    5    0.00    0.00    0.00    0.00    0.00    0.00    0.00    0.00    0.00  100.00
05:23:32 AM    6    0.00    0.00    0.00    0.00    0.00  100.00    0.00    0.00    0.00    0.00
05:23:32 AM    7    0.00    0.00    0.00    0.00    0.00    0.00    0.00    0.00    0.00  100.00

05:23:32 AM  CPU    %usr   %nice    %sys %iowait    %irq   %soft  %steal  %guest  %gnice   %idle
05:23:33 AM  all    0.00    0.00    0.13    0.00    3.00   34.42    0.00    0.00    0.00   62.45
05:23:33 AM    0    0.00    0.00    1.01    0.00   22.22   76.77    0.00    0.00    0.00    0.00
05:23:33 AM    1    0.00    0.00    0.00    0.00    0.00    0.00    0.00    0.00    0.00  100.00
05:23:33 AM    2    0.00    0.00    0.00    0.00    0.00    0.00    0.00    0.00    0.00  100.00
05:23:33 AM    3    0.00    0.00    0.00    0.00    1.00   99.00    0.00    0.00    0.00    0.00
05:23:33 AM    4    0.00    0.00    0.00    0.00    0.00    0.00    0.00    0.00    0.00  100.00
05:23:33 AM    5    0.00    0.00    0.00    0.00    0.00    0.00    0.00    0.00    0.00  100.00
05:23:33 AM    6    0.00    0.00    0.00    0.00    0.99   99.01    0.00    0.00    0.00    0.00
05:23:33 AM    7    0.00    0.00    0.00    0.00    0.00    0.00    0.00    0.00    0.00  100.00

05:23:33 AM  CPU    %usr   %nice    %sys %iowait    %irq   %soft  %steal  %guest  %gnice   %idle
05:23:34 AM  all    0.00    0.00    0.25    0.00    3.00   34.21    0.00    0.00    0.00   62.55
05:23:34 AM    0    0.00    0.00    1.00    0.00   23.00   76.00    0.00    0.00    0.00    0.00
05:23:34 AM    1    0.00    0.00    0.00    0.00    0.00    0.00    0.00    0.00    0.00  100.00
05:23:34 AM    2    0.00    0.00    0.00    0.00    0.00    0.00    0.00    0.00    0.00  100.00
05:23:34 AM    3    0.00    0.00    0.00    0.00    1.00   99.00    0.00    0.00    0.00    0.00
05:23:34 AM    4    0.00    0.00    0.99    0.00    0.00    0.00    0.00    0.00    0.00   99.01
05:23:34 AM    5    0.00    0.00    0.00    0.00    0.00    0.00    0.00    0.00    0.00  100.00
05:23:34 AM    6    0.00    0.00    0.00    0.00    0.00  100.00    0.00    0.00    0.00    0.00
05:23:34 AM    7    0.00    0.00    0.00    0.00    0.00    0.00    0.00    0.00    0.00  100.00

05:23:34 AM  CPU    %usr   %nice    %sys %iowait    %irq   %soft  %steal  %guest  %gnice   %idle
05:23:35 AM  all    0.12    0.00    0.12    0.00    2.99   34.54    0.00    0.00    0.00   62.22
05:23:35 AM    0    0.00    0.00    1.00    0.00   23.00   76.00    0.00    0.00    0.00    0.00
05:23:35 AM    1    0.00    0.00    0.00    0.00    0.00    0.00    0.00    0.00    0.00  100.00
05:23:35 AM    2    0.00    0.00    0.00    0.00    0.00    0.00    0.00    0.00    0.00  100.00
05:23:35 AM    3    0.00    0.00    0.00    0.00    0.00   76.00    0.00    0.00    0.00   24.00
05:23:35 AM    4    0.99    0.00    0.00    0.00    0.00    0.00    0.00    0.00    0.00   99.01
05:23:35 AM    5    0.00    0.00    0.00    0.00    0.00    0.00    0.00    0.00    0.00  100.00
05:23:35 AM    6    0.00    0.00    0.00    0.00    0.99   99.01    0.00    0.00    0.00    0.00
05:23:35 AM    7    0.00    0.00    0.00    0.00    0.00   25.00    0.00    0.00    0.00   75.00

05:23:35 AM  CPU    %usr   %nice    %sys %iowait    %irq   %soft  %steal  %guest  %gnice   %idle
05:23:36 AM  all    0.00    0.00    0.12    0.00    3.24   34.37    0.00    0.00    0.00   62.27
05:23:36 AM    0    0.00    0.00    1.00    0.00   23.00   76.00    0.00    0.00    0.00    0.00
05:23:36 AM    1    0.00    0.00    0.00    0.00    0.00    1.00    0.00    0.00    0.00   99.00
05:23:36 AM    2    0.00    0.00    0.00    0.00    0.98    0.00    0.00    0.00    0.00   99.02
05:23:36 AM    3    0.00    0.00    0.00    0.00    0.00    0.00    0.00    0.00    0.00  100.00
05:23:36 AM    4    0.00    0.00    0.00    0.00    0.00    0.00    0.00    0.00    0.00  100.00
05:23:36 AM    5    0.00    0.00    0.00    0.00    0.00    0.00    0.00    0.00    0.00  100.00
05:23:36 AM    6    0.00    0.00    0.00    0.00    0.99   99.01    0.00    0.00    0.00    0.00
05:23:36 AM    7    0.00    0.00    0.00    0.00    1.00   99.00    0.00    0.00    0.00    0.00

05:23:36 AM  CPU    %usr   %nice    %sys %iowait    %irq   %soft  %steal  %guest  %gnice   %idle
05:23:37 AM  all    0.00    0.00    0.12    0.12    2.99   34.37    0.00    0.00    0.00   62.39
05:23:37 AM    0    0.00    0.00    1.00    0.00   23.00   76.00    0.00    0.00    0.00    0.00
05:23:37 AM    1    0.00    0.00    0.00    0.00    0.00    0.00    0.00    0.00    0.00  100.00
05:23:37 AM    2    0.00    0.00    0.00    0.99    0.00    0.00    0.00    0.00    0.00   99.01
05:23:37 AM    3    0.00    0.00    0.00    0.00    0.00    0.00    0.00    0.00    0.00  100.00
05:23:37 AM    4    0.00    0.00    0.00    0.00    0.00    0.99    0.00    0.00    0.00   99.01
05:23:37 AM    5    0.00    0.00    0.00    0.00    0.00    0.00    0.00    0.00    0.00  100.00
05:23:37 AM    6    0.00    0.00    0.00    0.00    0.00  100.00    0.00    0.00    0.00    0.00
05:23:37 AM    7    0.00    0.00    0.00    0.00    0.99   99.01    0.00    0.00    0.00    0.00

05:23:37 AM  CPU    %usr   %nice    %sys %iowait    %irq   %soft  %steal  %guest  %gnice   %idle
05:23:38 AM  all    0.00    0.00    0.12    0.00    3.12   34.25    0.00    0.00    0.00   62.50
05:23:38 AM    0    0.00    0.00    0.99    0.00   23.76   75.25    0.00    0.00    0.00    0.00
05:23:38 AM    1    0.00    0.00    0.00    0.00    0.00    0.00    0.00    0.00    0.00  100.00
05:23:38 AM    2    0.00    0.00    0.00    0.00    0.00    0.00    0.00    0.00    0.00  100.00
05:23:38 AM    3    0.00    0.00    0.00    0.00    0.00    0.00    0.00    0.00    0.00  100.00
05:23:38 AM    4    0.00    0.00    0.00    0.00    0.00    0.00    0.00    0.00    0.00  100.00
05:23:38 AM    5    0.00    0.00    0.00    0.00    0.00    0.00    0.00    0.00    0.00  100.00
05:23:38 AM    6    0.00    0.00    0.00    0.00    1.00   99.00    0.00    0.00    0.00    0.00
05:23:38 AM    7    0.00    0.00    0.00    0.00    0.00  100.00    0.00    0.00    0.00    0.00

05:23:38 AM  CPU    %usr   %nice    %sys %iowait    %irq   %soft  %steal  %guest  %gnice   %idle
05:23:39 AM  all    0.00    0.00    0.37    0.00    3.12   34.29    0.00    0.00    0.00   62.22
05:23:39 AM    0    0.00    0.00    2.00    0.00   23.00   75.00    0.00    0.00    0.00    0.00
05:23:39 AM    1    0.00    0.00    0.00    0.00    0.00    0.00    0.00    0.00    0.00  100.00
05:23:39 AM    2    0.00    0.00    0.00    0.00    0.00    0.00    0.00    0.00    0.00  100.00
05:23:39 AM    3    0.00    0.00    0.00    0.00    0.00    0.00    0.00    0.00    0.00  100.00
05:23:39 AM    4    0.00    0.00    0.00    0.00    0.00    0.00    0.00    0.00    0.00  100.00
05:23:39 AM    5    0.00    0.00    0.99    0.00    0.00    0.00    0.00    0.00    0.00   99.01
05:23:39 AM    6    0.00    0.00    0.00    0.00    0.99   99.01    0.00    0.00    0.00    0.00
05:23:39 AM    7    0.00    0.00    0.00    0.00    0.99   99.01    0.00    0.00    0.00    0.00

Average:     CPU    %usr   %nice    %sys %iowait    %irq   %soft  %steal  %guest  %gnice   %idle
Average:     all    0.03    0.00    0.16    0.00    3.18   32.69    0.00    0.00    0.00   63.94
Average:       0    0.00    0.00    0.83    0.00   23.99   75.17    0.00    0.00    0.00    0.00
Average:       1    0.03    0.00    0.07    0.00    0.17   12.43    0.00    0.00    0.00   87.30
Average:       2    0.02    0.00    0.10    0.03    0.17   14.63    0.00    0.00    0.00   85.06
Average:       3    0.08    0.00    0.08    0.00    0.30   34.02    0.00    0.00    0.00   65.51
Average:       4    0.05    0.00    0.05    0.00    0.15   21.88    0.00    0.00    0.00   77.88
Average:       5    0.03    0.00    0.05    0.00    0.15   21.85    0.00    0.00    0.00   77.92
Average:       6    0.03    0.00    0.03    0.00    0.28   45.40    0.00    0.00    0.00   54.25
Average:       7    0.02    0.00    0.05    0.00    0.23   36.21    0.00    0.00    0.00   63.49
